[2025-05-20T22:15:27.784+0000][gc,init] CardTable entry size: 512
[2025-05-20T22:15:27.785+0000][gc     ] Using G1
[2025-05-20T22:15:27.841+0000][gc,init] Version: 21.0.4+7-LTS (release)
[2025-05-20T22:15:27.842+0000][gc,init] CPUs: 12 total, 12 available
[2025-05-20T22:15:27.851+0000][gc,init] Memory: 15597M
[2025-05-20T22:15:27.852+0000][gc,init] Large Page Support: Disabled
[2025-05-20T22:15:27.852+0000][gc,init] NUMA Support: Disabled
[2025-05-20T22:15:27.852+0000][gc,init] Compressed Oops: Enabled (32-bit)
[2025-05-20T22:15:27.853+0000][gc,init] Heap Region Size: 1M
[2025-05-20T22:15:27.853+0000][gc,init] Heap Min Capacity: 1G
[2025-05-20T22:15:27.853+0000][gc,init] Heap Initial Capacity: 1G
[2025-05-20T22:15:27.853+0000][gc,init] Heap Max Capacity: 1G
[2025-05-20T22:15:27.853+0000][gc,init] Pre-touch: Disabled
[2025-05-20T22:15:27.854+0000][gc,init] Parallel Workers: 10
[2025-05-20T22:15:27.854+0000][gc,init] Concurrent Workers: 3
[2025-05-20T22:15:27.854+0000][gc,init] Concurrent Refinement Workers: 10
[2025-05-20T22:15:27.854+0000][gc,init] Periodic GC: Disabled
[2025-05-20T22:15:27.942+0000][gc,metaspace] CDS archive(s) mapped at: [0x00007f5038000000-0x00007f5038bbe000-0x00007f503b674000), size 57098240, SharedBaseAddress: 0x00007f5038000000, ArchiveRelocationMode: 1.
[2025-05-20T22:15:27.949+0000][gc,metaspace] Compressed class space mapped at: 0x00007f503c000000-0x00007f507c000000, reserved size: 1073741824
[2025-05-20T22:15:27.949+0000][gc,metaspace] Narrow klass base: 0x00007f5038000000, Narrow klass shift: 0, Narrow klass range: 0x100000000
[2025-05-20T22:15:33.160+0000][gc,start    ] GC(0) Pause Young (Normal) (G1 Evacuation Pause)
[2025-05-20T22:15:33.191+0000][gc,task     ] GC(0) Using 10 workers of 10 for evacuation
[2025-05-20T22:15:33.268+0000][gc,phases   ] GC(0)   Pre Evacuate Collection Set: 0.4ms
[2025-05-20T22:15:33.269+0000][gc,phases   ] GC(0)   Merge Heap Roots: 0.1ms
[2025-05-20T22:15:33.269+0000][gc,phases   ] GC(0)   Evacuate Collection Set: 70.4ms
[2025-05-20T22:15:33.269+0000][gc,phases   ] GC(0)   Post Evacuate Collection Set: 3.1ms
[2025-05-20T22:15:33.269+0000][gc,phases   ] GC(0)   Other: 23.0ms
[2025-05-20T22:15:33.269+0000][gc,heap     ] GC(0) Eden regions: 51->0(44)
[2025-05-20T22:15:33.270+0000][gc,heap     ] GC(0) Survivor regions: 0->7(7)
[2025-05-20T22:15:33.271+0000][gc,heap     ] GC(0) Old regions: 1->6
[2025-05-20T22:15:33.271+0000][gc,heap     ] GC(0) Humongous regions: 1->1
[2025-05-20T22:15:33.271+0000][gc,metaspace] GC(0) Metaspace: 5695K(5888K)->5695K(5888K) NonClass: 5043K(5184K)->5043K(5184K) Class: 652K(704K)->652K(704K)
[2025-05-20T22:15:33.271+0000][gc          ] GC(0) Pause Young (Normal) (G1 Evacuation Pause) 52M->13M(1024M) 110.845ms
[2025-05-20T22:15:33.271+0000][gc,cpu      ] GC(0) User=0.08s Sys=0.03s Real=0.11s
[2025-05-20T22:15:37.418+0000][gc,start    ] GC(1) Pause Young (Normal) (G1 Evacuation Pause)
[2025-05-20T22:15:37.425+0000][gc,task     ] GC(1) Using 10 workers of 10 for evacuation
[2025-05-20T22:15:37.462+0000][gc,phases   ] GC(1)   Pre Evacuate Collection Set: 0.6ms
[2025-05-20T22:15:37.462+0000][gc,phases   ] GC(1)   Merge Heap Roots: 2.0ms
[2025-05-20T22:15:37.463+0000][gc,phases   ] GC(1)   Evacuate Collection Set: 26.9ms
[2025-05-20T22:15:37.463+0000][gc,phases   ] GC(1)   Post Evacuate Collection Set: 5.1ms
[2025-05-20T22:15:37.463+0000][gc,phases   ] GC(1)   Other: 1.7ms
[2025-05-20T22:15:37.463+0000][gc,heap     ] GC(1) Eden regions: 44->0(54)
[2025-05-20T22:15:37.464+0000][gc,heap     ] GC(1) Survivor regions: 7->3(7)
[2025-05-20T22:15:37.464+0000][gc,heap     ] GC(1) Old regions: 6->14
[2025-05-20T22:15:37.467+0000][gc,heap     ] GC(1) Humongous regions: 10->10
[2025-05-20T22:15:37.469+0000][gc,metaspace] GC(1) Metaspace: 7783K(8064K)->7783K(8064K) NonClass: 6901K(7040K)->6901K(7040K) Class: 882K(1024K)->882K(1024K)
[2025-05-20T22:15:37.471+0000][gc          ] GC(1) Pause Young (Normal) (G1 Evacuation Pause) 66M->26M(1024M) 53.017ms
[2025-05-20T22:15:37.471+0000][gc,cpu      ] GC(1) User=0.06s Sys=0.05s Real=0.06s
[2025-05-20T22:15:38.392+0000][gc,start    ] GC(2) Pause Young (Normal) (G1 Evacuation Pause)
[2025-05-20T22:15:38.392+0000][gc,task     ] GC(2) Using 10 workers of 10 for evacuation
[2025-05-20T22:15:38.405+0000][gc,phases   ] GC(2)   Pre Evacuate Collection Set: 0.6ms
[2025-05-20T22:15:38.406+0000][gc,phases   ] GC(2)   Merge Heap Roots: 0.1ms
[2025-05-20T22:15:38.406+0000][gc,phases   ] GC(2)   Evacuate Collection Set: 11.4ms
[2025-05-20T22:15:38.406+0000][gc,phases   ] GC(2)   Post Evacuate Collection Set: 0.8ms
[2025-05-20T22:15:38.408+0000][gc,phases   ] GC(2)   Other: 0.3ms
[2025-05-20T22:15:38.408+0000][gc,heap     ] GC(2) Eden regions: 59->0(609)
[2025-05-20T22:15:38.408+0000][gc,heap     ] GC(2) Survivor regions: 3->5(8)
[2025-05-20T22:15:38.408+0000][gc,heap     ] GC(2) Old regions: 14->14
[2025-05-20T22:15:38.408+0000][gc,heap     ] GC(2) Humongous regions: 10->10
[2025-05-20T22:15:38.409+0000][gc,metaspace] GC(2) Metaspace: 8984K(9280K)->8984K(9280K) NonClass: 7937K(8064K)->7937K(8064K) Class: 1047K(1216K)->1047K(1216K)
[2025-05-20T22:15:38.409+0000][gc          ] GC(2) Pause Young (Normal) (G1 Evacuation Pause) 85M->28M(1024M) 17.309ms
[2025-05-20T22:15:38.409+0000][gc,cpu      ] GC(2) User=0.03s Sys=0.01s Real=0.01s
[2025-05-20T22:16:29.639+0000][gc,heap,exit] Heap
[2025-05-20T22:16:29.639+0000][gc,heap,exit]  garbage-first heap   total 1048576K, used 438393K [0x00000000c0000000, 0x0000000100000000)
[2025-05-20T22:16:29.639+0000][gc,heap,exit]   region size 1024K, 405 young (414720K), 5 survivors (5120K)
[2025-05-20T22:16:29.639+0000][gc,heap,exit]  Metaspace       used 11116K, committed 11456K, reserved 1114112K
[2025-05-20T22:16:29.639+0000][gc,heap,exit]   class space    used 1189K, committed 1344K, reserved 1048576K
