[2025-05-20T14:47:57.295+0000][gc,init] CardTable entry size: 512
[2025-05-20T14:47:57.296+0000][gc     ] Using G1
[2025-05-20T14:47:57.330+0000][gc,init] Version: 21.0.4+7-LTS (release)
[2025-05-20T14:47:57.334+0000][gc,init] CPUs: 12 total, 12 available
[2025-05-20T14:47:57.335+0000][gc,init] Memory: 15597M
[2025-05-20T14:47:57.335+0000][gc,init] Large Page Support: Disabled
[2025-05-20T14:47:57.339+0000][gc,init] NUMA Support: Disabled
[2025-05-20T14:47:57.340+0000][gc,init] Compressed Oops: Enabled (32-bit)
[2025-05-20T14:47:57.340+0000][gc,init] Heap Region Size: 1M
[2025-05-20T14:47:57.340+0000][gc,init] Heap Min Capacity: 1G
[2025-05-20T14:47:57.340+0000][gc,init] Heap Initial Capacity: 1G
[2025-05-20T14:47:57.341+0000][gc,init] Heap Max Capacity: 1G
[2025-05-20T14:47:57.341+0000][gc,init] Pre-touch: Disabled
[2025-05-20T14:47:57.341+0000][gc,init] Parallel Workers: 10
[2025-05-20T14:47:57.341+0000][gc,init] Concurrent Workers: 3
[2025-05-20T14:47:57.341+0000][gc,init] Concurrent Refinement Workers: 10
[2025-05-20T14:47:57.341+0000][gc,init] Periodic GC: Disabled
[2025-05-20T14:47:57.424+0000][gc,metaspace] CDS archive(s) mapped at: [0x00007f53bd000000-0x00007f53bdbbe000-0x00007f53c0674000), size 57098240, SharedBaseAddress: 0x00007f53bd000000, ArchiveRelocationMode: 1.
[2025-05-20T14:47:57.425+0000][gc,metaspace] Compressed class space mapped at: 0x00007f53c1000000-0x00007f5401000000, reserved size: 1073741824
[2025-05-20T14:47:57.428+0000][gc,metaspace] Narrow klass base: 0x00007f53bd000000, Narrow klass shift: 0, Narrow klass range: 0x100000000
[2025-05-20T14:48:02.333+0000][gc,start    ] GC(0) Pause Young (Normal) (G1 Evacuation Pause)
[2025-05-20T14:48:02.347+0000][gc,task     ] GC(0) Using 10 workers of 10 for evacuation
[2025-05-20T14:48:02.378+0000][gc,phases   ] GC(0)   Pre Evacuate Collection Set: 0.3ms
[2025-05-20T14:48:02.378+0000][gc,phases   ] GC(0)   Merge Heap Roots: 0.1ms
[2025-05-20T14:48:02.378+0000][gc,phases   ] GC(0)   Evacuate Collection Set: 24.6ms
[2025-05-20T14:48:02.379+0000][gc,phases   ] GC(0)   Post Evacuate Collection Set: 5.7ms
[2025-05-20T14:48:02.379+0000][gc,phases   ] GC(0)   Other: 4.8ms
[2025-05-20T14:48:02.379+0000][gc,heap     ] GC(0) Eden regions: 51->0(44)
[2025-05-20T14:48:02.379+0000][gc,heap     ] GC(0) Survivor regions: 0->7(7)
[2025-05-20T14:48:02.379+0000][gc,heap     ] GC(0) Old regions: 1->7
[2025-05-20T14:48:02.380+0000][gc,heap     ] GC(0) Humongous regions: 1->1
[2025-05-20T14:48:02.380+0000][gc,metaspace] GC(0) Metaspace: 5668K(5824K)->5668K(5824K) NonClass: 5014K(5120K)->5014K(5120K) Class: 654K(704K)->654K(704K)
[2025-05-20T14:48:02.380+0000][gc          ] GC(0) Pause Young (Normal) (G1 Evacuation Pause) 52M->14M(1024M) 47.199ms
[2025-05-20T14:48:02.380+0000][gc,cpu      ] GC(0) User=0.07s Sys=0.01s Real=0.04s
[2025-05-20T14:48:07.100+0000][gc,start    ] GC(1) Pause Young (Normal) (G1 Evacuation Pause)
[2025-05-20T14:48:07.101+0000][gc,task     ] GC(1) Using 10 workers of 10 for evacuation
[2025-05-20T14:48:07.116+0000][gc,phases   ] GC(1)   Pre Evacuate Collection Set: 0.4ms
[2025-05-20T14:48:07.116+0000][gc,phases   ] GC(1)   Merge Heap Roots: 0.1ms
[2025-05-20T14:48:07.116+0000][gc,phases   ] GC(1)   Evacuate Collection Set: 12.9ms
[2025-05-20T14:48:07.117+0000][gc,phases   ] GC(1)   Post Evacuate Collection Set: 1.3ms
[2025-05-20T14:48:07.117+0000][gc,phases   ] GC(1)   Other: 0.3ms
[2025-05-20T14:48:07.117+0000][gc,heap     ] GC(1) Eden regions: 44->0(63)
[2025-05-20T14:48:07.117+0000][gc,heap     ] GC(1) Survivor regions: 7->3(7)
[2025-05-20T14:48:07.117+0000][gc,heap     ] GC(1) Old regions: 7->14
[2025-05-20T14:48:07.117+0000][gc,heap     ] GC(1) Humongous regions: 1->1
[2025-05-20T14:48:07.118+0000][gc,metaspace] GC(1) Metaspace: 8005K(8192K)->8005K(8192K) NonClass: 7133K(7232K)->7133K(7232K) Class: 872K(960K)->872K(960K)
[2025-05-20T14:48:07.118+0000][gc          ] GC(1) Pause Young (Normal) (G1 Evacuation Pause) 58M->17M(1024M) 17.402ms
[2025-05-20T14:48:07.118+0000][gc,cpu      ] GC(1) User=0.04s Sys=0.01s Real=0.02s
[2025-05-20T14:48:07.605+0000][gc,start    ] GC(2) Pause Young (Normal) (G1 Evacuation Pause)
[2025-05-20T14:48:07.605+0000][gc,task     ] GC(2) Using 10 workers of 10 for evacuation
[2025-05-20T14:48:07.614+0000][gc,phases   ] GC(2)   Pre Evacuate Collection Set: 0.5ms
[2025-05-20T14:48:07.614+0000][gc,phases   ] GC(2)   Merge Heap Roots: 0.1ms
[2025-05-20T14:48:07.614+0000][gc,phases   ] GC(2)   Evacuate Collection Set: 6.3ms
[2025-05-20T14:48:07.614+0000][gc,phases   ] GC(2)   Post Evacuate Collection Set: 1.0ms
[2025-05-20T14:48:07.615+0000][gc,phases   ] GC(2)   Other: 0.4ms
[2025-05-20T14:48:07.615+0000][gc,heap     ] GC(2) Eden regions: 67->0(347)
[2025-05-20T14:48:07.615+0000][gc,heap     ] GC(2) Survivor regions: 3->5(9)
[2025-05-20T14:48:07.615+0000][gc,heap     ] GC(2) Old regions: 14->14
[2025-05-20T14:48:07.615+0000][gc,heap     ] GC(2) Humongous regions: 1->1
[2025-05-20T14:48:07.615+0000][gc,metaspace] GC(2) Metaspace: 8497K(8768K)->8497K(8768K) NonClass: 7560K(7680K)->7560K(7680K) Class: 936K(1088K)->936K(1088K)
[2025-05-20T14:48:07.616+0000][gc          ] GC(2) Pause Young (Normal) (G1 Evacuation Pause) 84M->18M(1024M) 10.759ms
[2025-05-20T14:48:07.616+0000][gc,cpu      ] GC(2) User=0.04s Sys=0.01s Real=0.01s
[2025-05-20T14:48:24.800+0000][gc,start    ] GC(3) Pause Young (Normal) (G1 Evacuation Pause)
[2025-05-20T14:48:24.801+0000][gc,task     ] GC(3) Using 10 workers of 10 for evacuation
[2025-05-20T14:48:24.809+0000][gc,phases   ] GC(3)   Pre Evacuate Collection Set: 0.4ms
[2025-05-20T14:48:24.809+0000][gc,phases   ] GC(3)   Merge Heap Roots: 0.2ms
[2025-05-20T14:48:24.809+0000][gc,phases   ] GC(3)   Evacuate Collection Set: 6.1ms
[2025-05-20T14:48:24.810+0000][gc,phases   ] GC(3)   Post Evacuate Collection Set: 1.2ms
[2025-05-20T14:48:24.810+0000][gc,phases   ] GC(3)   Other: 0.5ms
[2025-05-20T14:48:24.810+0000][gc,heap     ] GC(3) Eden regions: 361->0(492)
[2025-05-20T14:48:24.810+0000][gc,heap     ] GC(3) Survivor regions: 5->5(46)
[2025-05-20T14:48:24.810+0000][gc,heap     ] GC(3) Old regions: 14->14
[2025-05-20T14:48:24.810+0000][gc,heap     ] GC(3) Humongous regions: 1->1
[2025-05-20T14:48:24.811+0000][gc,metaspace] GC(3) Metaspace: 10107K(10432K)->10107K(10432K) NonClass: 9000K(9152K)->9000K(9152K) Class: 1107K(1280K)->1107K(1280K)
[2025-05-20T14:48:24.811+0000][gc          ] GC(3) Pause Young (Normal) (G1 Evacuation Pause) 379M->18M(1024M) 10.573ms
[2025-05-20T14:48:24.811+0000][gc,cpu      ] GC(3) User=0.00s Sys=0.05s Real=0.01s
[2025-05-20T14:48:45.068+0000][gc,start    ] GC(4) Pause Young (Normal) (G1 Evacuation Pause)
[2025-05-20T14:48:45.068+0000][gc,task     ] GC(4) Using 10 workers of 10 for evacuation
[2025-05-20T14:48:45.075+0000][gc,phases   ] GC(4)   Pre Evacuate Collection Set: 0.4ms
[2025-05-20T14:48:45.075+0000][gc,phases   ] GC(4)   Merge Heap Roots: 0.2ms
[2025-05-20T14:48:45.075+0000][gc,phases   ] GC(4)   Evacuate Collection Set: 4.9ms
[2025-05-20T14:48:45.075+0000][gc,phases   ] GC(4)   Post Evacuate Collection Set: 0.8ms
[2025-05-20T14:48:45.075+0000][gc,phases   ] GC(4)   Other: 0.3ms
[2025-05-20T14:48:45.075+0000][gc,heap     ] GC(4) Eden regions: 495->0(609)
[2025-05-20T14:48:45.076+0000][gc,heap     ] GC(4) Survivor regions: 5->5(63)
[2025-05-20T14:48:45.076+0000][gc,heap     ] GC(4) Old regions: 14->14
[2025-05-20T14:48:45.076+0000][gc,heap     ] GC(4) Humongous regions: 1->1
[2025-05-20T14:48:45.076+0000][gc,metaspace] GC(4) Metaspace: 10359K(10688K)->10359K(10688K) NonClass: 9248K(9408K)->9248K(9408K) Class: 1111K(1280K)->1111K(1280K)
[2025-05-20T14:48:45.076+0000][gc          ] GC(4) Pause Young (Normal) (G1 Evacuation Pause) 513M->18M(1024M) 8.418ms
[2025-05-20T14:48:45.076+0000][gc,cpu      ] GC(4) User=0.00s Sys=0.04s Real=0.01s
[2025-05-20T14:49:07.168+0000][gc,start    ] GC(5) Pause Young (Normal) (G1 Evacuation Pause)
[2025-05-20T14:49:07.168+0000][gc,task     ] GC(5) Using 10 workers of 10 for evacuation
[2025-05-20T14:49:07.176+0000][gc,phases   ] GC(5)   Pre Evacuate Collection Set: 0.3ms
[2025-05-20T14:49:07.177+0000][gc,phases   ] GC(5)   Merge Heap Roots: 0.2ms
[2025-05-20T14:49:07.177+0000][gc,phases   ] GC(5)   Evacuate Collection Set: 6.4ms
[2025-05-20T14:49:07.177+0000][gc,phases   ] GC(5)   Post Evacuate Collection Set: 0.9ms
[2025-05-20T14:49:07.177+0000][gc,phases   ] GC(5)   Other: 0.3ms
[2025-05-20T14:49:07.177+0000][gc,heap     ] GC(5) Eden regions: 609->0(607)
[2025-05-20T14:49:07.178+0000][gc,heap     ] GC(5) Survivor regions: 5->7(77)
[2025-05-20T14:49:07.178+0000][gc,heap     ] GC(5) Old regions: 14->14
[2025-05-20T14:49:07.178+0000][gc,heap     ] GC(5) Humongous regions: 1->1
[2025-05-20T14:49:07.178+0000][gc,metaspace] GC(5) Metaspace: 10696K(11008K)->10696K(11008K) NonClass: 9575K(9728K)->9575K(9728K) Class: 1120K(1280K)->1120K(1280K)
[2025-05-20T14:49:07.178+0000][gc          ] GC(5) Pause Young (Normal) (G1 Evacuation Pause) 627M->20M(1024M) 10.370ms
[2025-05-20T14:49:07.178+0000][gc,cpu      ] GC(5) User=0.00s Sys=0.05s Real=0.01s
[2025-05-20T14:49:30.562+0000][gc,start    ] GC(6) Pause Young (Normal) (G1 Evacuation Pause)
[2025-05-20T14:49:30.562+0000][gc,task     ] GC(6) Using 10 workers of 10 for evacuation
[2025-05-20T14:49:30.566+0000][gc,phases   ] GC(6)   Pre Evacuate Collection Set: 0.3ms
[2025-05-20T14:49:30.566+0000][gc,phases   ] GC(6)   Merge Heap Roots: 0.2ms
[2025-05-20T14:49:30.567+0000][gc,phases   ] GC(6)   Evacuate Collection Set: 2.2ms
[2025-05-20T14:49:30.567+0000][gc,phases   ] GC(6)   Post Evacuate Collection Set: 0.9ms
[2025-05-20T14:49:30.567+0000][gc,phases   ] GC(6)   Other: 0.3ms
[2025-05-20T14:49:30.567+0000][gc,heap     ] GC(6) Eden regions: 607->0(609)
[2025-05-20T14:49:30.567+0000][gc,heap     ] GC(6) Survivor regions: 7->5(77)
[2025-05-20T14:49:30.567+0000][gc,heap     ] GC(6) Old regions: 14->14
[2025-05-20T14:49:30.567+0000][gc,heap     ] GC(6) Humongous regions: 1->1
[2025-05-20T14:49:30.568+0000][gc,metaspace] GC(6) Metaspace: 10745K(11072K)->10745K(11072K) NonClass: 9624K(9792K)->9624K(9792K) Class: 1120K(1280K)->1120K(1280K)
[2025-05-20T14:49:30.568+0000][gc          ] GC(6) Pause Young (Normal) (G1 Evacuation Pause) 627M->18M(1024M) 5.741ms
[2025-05-20T14:49:30.568+0000][gc,cpu      ] GC(6) User=0.01s Sys=0.01s Real=0.00s
[2025-05-20T14:49:56.502+0000][gc,start    ] GC(7) Pause Young (Normal) (G1 Evacuation Pause)
[2025-05-20T14:49:56.502+0000][gc,task     ] GC(7) Using 10 workers of 10 for evacuation
[2025-05-20T14:49:56.506+0000][gc,phases   ] GC(7)   Pre Evacuate Collection Set: 0.3ms
[2025-05-20T14:49:56.506+0000][gc,phases   ] GC(7)   Merge Heap Roots: 0.2ms
[2025-05-20T14:49:56.506+0000][gc,phases   ] GC(7)   Evacuate Collection Set: 2.1ms
[2025-05-20T14:49:56.507+0000][gc,phases   ] GC(7)   Post Evacuate Collection Set: 0.9ms
[2025-05-20T14:49:56.507+0000][gc,phases   ] GC(7)   Other: 0.3ms
[2025-05-20T14:49:56.507+0000][gc,heap     ] GC(7) Eden regions: 609->0(609)
[2025-05-20T14:49:56.507+0000][gc,heap     ] GC(7) Survivor regions: 5->5(77)
[2025-05-20T14:49:56.507+0000][gc,heap     ] GC(7) Old regions: 14->14
[2025-05-20T14:49:56.507+0000][gc,heap     ] GC(7) Humongous regions: 1->1
[2025-05-20T14:49:56.507+0000][gc,metaspace] GC(7) Metaspace: 10836K(11264K)->10836K(11264K) NonClass: 9713K(9920K)->9713K(9920K) Class: 1123K(1344K)->1123K(1344K)
[2025-05-20T14:49:56.507+0000][gc          ] GC(7) Pause Young (Normal) (G1 Evacuation Pause) 627M->19M(1024M) 5.421ms
[2025-05-20T14:49:56.508+0000][gc,cpu      ] GC(7) User=0.01s Sys=0.01s Real=0.00s
[2025-05-20T14:50:17.230+0000][gc,start    ] GC(8) Pause Young (Normal) (G1 Evacuation Pause)
[2025-05-20T14:50:17.230+0000][gc,task     ] GC(8) Using 10 workers of 10 for evacuation
[2025-05-20T14:50:17.235+0000][gc,phases   ] GC(8)   Pre Evacuate Collection Set: 0.3ms
[2025-05-20T14:50:17.235+0000][gc,phases   ] GC(8)   Merge Heap Roots: 0.2ms
[2025-05-20T14:50:17.235+0000][gc,phases   ] GC(8)   Evacuate Collection Set: 3.0ms
[2025-05-20T14:50:17.235+0000][gc,phases   ] GC(8)   Post Evacuate Collection Set: 1.0ms
[2025-05-20T14:50:17.236+0000][gc,phases   ] GC(8)   Other: 0.2ms
[2025-05-20T14:50:17.236+0000][gc,heap     ] GC(8) Eden regions: 609->0(607)
[2025-05-20T14:50:17.236+0000][gc,heap     ] GC(8) Survivor regions: 5->7(77)
[2025-05-20T14:50:17.236+0000][gc,heap     ] GC(8) Old regions: 14->14
[2025-05-20T14:50:17.236+0000][gc,heap     ] GC(8) Humongous regions: 1->1
[2025-05-20T14:50:17.236+0000][gc,metaspace] GC(8) Metaspace: 11026K(11392K)->11026K(11392K) NonClass: 9902K(10048K)->9902K(10048K) Class: 1124K(1344K)->1124K(1344K)
[2025-05-20T14:50:17.236+0000][gc          ] GC(8) Pause Young (Normal) (G1 Evacuation Pause) 628M->21M(1024M) 6.269ms
[2025-05-20T14:50:17.236+0000][gc,cpu      ] GC(8) User=0.02s Sys=0.01s Real=0.00s
[2025-05-20T14:50:43.397+0000][gc,start    ] GC(9) Pause Young (Normal) (G1 Evacuation Pause)
[2025-05-20T14:50:43.397+0000][gc,task     ] GC(9) Using 10 workers of 10 for evacuation
[2025-05-20T14:50:43.401+0000][gc,phases   ] GC(9)   Pre Evacuate Collection Set: 0.3ms
[2025-05-20T14:50:43.401+0000][gc,phases   ] GC(9)   Merge Heap Roots: 0.2ms
[2025-05-20T14:50:43.402+0000][gc,phases   ] GC(9)   Evacuate Collection Set: 2.1ms
[2025-05-20T14:50:43.402+0000][gc,phases   ] GC(9)   Post Evacuate Collection Set: 0.9ms
[2025-05-20T14:50:43.402+0000][gc,phases   ] GC(9)   Other: 0.2ms
[2025-05-20T14:50:43.402+0000][gc,heap     ] GC(9) Eden regions: 607->0(609)
[2025-05-20T14:50:43.402+0000][gc,heap     ] GC(9) Survivor regions: 7->5(77)
[2025-05-20T14:50:43.402+0000][gc,heap     ] GC(9) Old regions: 14->14
[2025-05-20T14:50:43.402+0000][gc,heap     ] GC(9) Humongous regions: 1->1
[2025-05-20T14:50:43.402+0000][gc,metaspace] GC(9) Metaspace: 11080K(11456K)->11080K(11456K) NonClass: 9947K(10112K)->9947K(10112K) Class: 1132K(1344K)->1132K(1344K)
[2025-05-20T14:50:43.402+0000][gc          ] GC(9) Pause Young (Normal) (G1 Evacuation Pause) 628M->19M(1024M) 5.279ms
[2025-05-20T14:50:43.403+0000][gc,cpu      ] GC(9) User=0.01s Sys=0.01s Real=0.00s
[2025-05-20T14:51:07.061+0000][gc,start    ] GC(10) Pause Young (Normal) (G1 Evacuation Pause)
[2025-05-20T14:51:07.062+0000][gc,task     ] GC(10) Using 10 workers of 10 for evacuation
[2025-05-20T14:51:07.066+0000][gc,phases   ] GC(10)   Pre Evacuate Collection Set: 0.3ms
[2025-05-20T14:51:07.066+0000][gc,phases   ] GC(10)   Merge Heap Roots: 0.2ms
[2025-05-20T14:51:07.066+0000][gc,phases   ] GC(10)   Evacuate Collection Set: 2.7ms
[2025-05-20T14:51:07.067+0000][gc,phases   ] GC(10)   Post Evacuate Collection Set: 1.1ms
[2025-05-20T14:51:07.067+0000][gc,phases   ] GC(10)   Other: 0.3ms
[2025-05-20T14:51:07.067+0000][gc,heap     ] GC(10) Eden regions: 609->0(608)
[2025-05-20T14:51:07.067+0000][gc,heap     ] GC(10) Survivor regions: 5->6(77)
[2025-05-20T14:51:07.067+0000][gc,heap     ] GC(10) Old regions: 14->14
[2025-05-20T14:51:07.067+0000][gc,heap     ] GC(10) Humongous regions: 1->1
[2025-05-20T14:51:07.068+0000][gc,metaspace] GC(10) Metaspace: 11108K(11456K)->11108K(11456K) NonClass: 9976K(10112K)->9976K(10112K) Class: 1132K(1344K)->1132K(1344K)
[2025-05-20T14:51:07.068+0000][gc          ] GC(10) Pause Young (Normal) (G1 Evacuation Pause) 628M->20M(1024M) 6.539ms
[2025-05-20T14:51:07.068+0000][gc,cpu      ] GC(10) User=0.02s Sys=0.01s Real=0.01s
[2025-05-20T14:51:30.161+0000][gc,start    ] GC(11) Pause Young (Normal) (G1 Evacuation Pause)
[2025-05-20T14:51:30.161+0000][gc,task     ] GC(11) Using 10 workers of 10 for evacuation
[2025-05-20T14:51:30.166+0000][gc,phases   ] GC(11)   Pre Evacuate Collection Set: 0.3ms
[2025-05-20T14:51:30.166+0000][gc,phases   ] GC(11)   Merge Heap Roots: 0.2ms
[2025-05-20T14:51:30.166+0000][gc,phases   ] GC(11)   Evacuate Collection Set: 2.9ms
[2025-05-20T14:51:30.166+0000][gc,phases   ] GC(11)   Post Evacuate Collection Set: 1.0ms
[2025-05-20T14:51:30.166+0000][gc,phases   ] GC(11)   Other: 0.3ms
[2025-05-20T14:51:30.166+0000][gc,heap     ] GC(11) Eden regions: 608->0(609)
[2025-05-20T14:51:30.167+0000][gc,heap     ] GC(11) Survivor regions: 6->5(77)
[2025-05-20T14:51:30.167+0000][gc,heap     ] GC(11) Old regions: 14->14
[2025-05-20T14:51:30.167+0000][gc,heap     ] GC(11) Humongous regions: 1->1
[2025-05-20T14:51:30.167+0000][gc,metaspace] GC(11) Metaspace: 11200K(11584K)->11200K(11584K) NonClass: 10068K(10240K)->10068K(10240K) Class: 1132K(1344K)->1132K(1344K)
[2025-05-20T14:51:30.167+0000][gc          ] GC(11) Pause Young (Normal) (G1 Evacuation Pause) 628M->19M(1024M) 6.577ms
[2025-05-20T14:51:30.167+0000][gc,cpu      ] GC(11) User=0.02s Sys=0.01s Real=0.01s
[2025-05-20T14:51:56.684+0000][gc,start    ] GC(12) Pause Young (Normal) (G1 Evacuation Pause)
[2025-05-20T14:51:56.684+0000][gc,task     ] GC(12) Using 10 workers of 10 for evacuation
[2025-05-20T14:51:56.688+0000][gc,phases   ] GC(12)   Pre Evacuate Collection Set: 0.3ms
[2025-05-20T14:51:56.688+0000][gc,phases   ] GC(12)   Merge Heap Roots: 0.2ms
[2025-05-20T14:51:56.688+0000][gc,phases   ] GC(12)   Evacuate Collection Set: 2.1ms
[2025-05-20T14:51:56.688+0000][gc,phases   ] GC(12)   Post Evacuate Collection Set: 0.9ms
[2025-05-20T14:51:56.688+0000][gc,phases   ] GC(12)   Other: 0.3ms
[2025-05-20T14:51:56.688+0000][gc,heap     ] GC(12) Eden regions: 609->0(609)
[2025-05-20T14:51:56.688+0000][gc,heap     ] GC(12) Survivor regions: 5->5(77)
[2025-05-20T14:51:56.689+0000][gc,heap     ] GC(12) Old regions: 14->14
[2025-05-20T14:51:56.689+0000][gc,heap     ] GC(12) Humongous regions: 1->1
[2025-05-20T14:51:56.689+0000][gc,metaspace] GC(12) Metaspace: 11206K(11584K)->11206K(11584K) NonClass: 10074K(10240K)->10074K(10240K) Class: 1132K(1344K)->1132K(1344K)
[2025-05-20T14:51:56.689+0000][gc          ] GC(12) Pause Young (Normal) (G1 Evacuation Pause) 628M->19M(1024M) 5.278ms
[2025-05-20T14:51:56.689+0000][gc,cpu      ] GC(12) User=0.02s Sys=0.00s Real=0.01s
[2025-05-20T14:52:17.746+0000][gc,start    ] GC(13) Pause Young (Normal) (G1 Evacuation Pause)
[2025-05-20T14:52:17.746+0000][gc,task     ] GC(13) Using 10 workers of 10 for evacuation
[2025-05-20T14:52:17.751+0000][gc,phases   ] GC(13)   Pre Evacuate Collection Set: 0.3ms
[2025-05-20T14:52:17.751+0000][gc,phases   ] GC(13)   Merge Heap Roots: 0.2ms
[2025-05-20T14:52:17.751+0000][gc,phases   ] GC(13)   Evacuate Collection Set: 2.8ms
[2025-05-20T14:52:17.751+0000][gc,phases   ] GC(13)   Post Evacuate Collection Set: 0.9ms
[2025-05-20T14:52:17.752+0000][gc,phases   ] GC(13)   Other: 0.3ms
[2025-05-20T14:52:17.752+0000][gc,heap     ] GC(13) Eden regions: 609->0(608)
[2025-05-20T14:52:17.752+0000][gc,heap     ] GC(13) Survivor regions: 5->6(77)
[2025-05-20T14:52:17.752+0000][gc,heap     ] GC(13) Old regions: 14->14
[2025-05-20T14:52:17.752+0000][gc,heap     ] GC(13) Humongous regions: 1->1
[2025-05-20T14:52:17.752+0000][gc,metaspace] GC(13) Metaspace: 11318K(11712K)->11318K(11712K) NonClass: 10184K(10368K)->10184K(10368K) Class: 1133K(1344K)->1133K(1344K)
[2025-05-20T14:52:17.752+0000][gc          ] GC(13) Pause Young (Normal) (G1 Evacuation Pause) 628M->19M(1024M) 6.128ms
[2025-05-20T14:52:17.752+0000][gc,cpu      ] GC(13) User=0.01s Sys=0.01s Real=0.01s
[2025-05-20T14:52:44.104+0000][gc,start    ] GC(14) Pause Young (Normal) (G1 Evacuation Pause)
[2025-05-20T14:52:44.105+0000][gc,task     ] GC(14) Using 10 workers of 10 for evacuation
[2025-05-20T14:52:44.108+0000][gc,phases   ] GC(14)   Pre Evacuate Collection Set: 0.3ms
[2025-05-20T14:52:44.109+0000][gc,phases   ] GC(14)   Merge Heap Roots: 0.2ms
[2025-05-20T14:52:44.109+0000][gc,phases   ] GC(14)   Evacuate Collection Set: 2.2ms
[2025-05-20T14:52:44.109+0000][gc,phases   ] GC(14)   Post Evacuate Collection Set: 0.9ms
[2025-05-20T14:52:44.109+0000][gc,phases   ] GC(14)   Other: 0.2ms
[2025-05-20T14:52:44.109+0000][gc,heap     ] GC(14) Eden regions: 608->0(609)
[2025-05-20T14:52:44.109+0000][gc,heap     ] GC(14) Survivor regions: 6->5(77)
[2025-05-20T14:52:44.109+0000][gc,heap     ] GC(14) Old regions: 14->14
[2025-05-20T14:52:44.110+0000][gc,heap     ] GC(14) Humongous regions: 1->1
[2025-05-20T14:52:44.110+0000][gc,metaspace] GC(14) Metaspace: 11357K(11712K)->11357K(11712K) NonClass: 10223K(10368K)->10223K(10368K) Class: 1133K(1344K)->1133K(1344K)
[2025-05-20T14:52:44.110+0000][gc          ] GC(14) Pause Young (Normal) (G1 Evacuation Pause) 627M->19M(1024M) 5.590ms
[2025-05-20T14:52:44.110+0000][gc,cpu      ] GC(14) User=0.01s Sys=0.02s Real=0.00s
[2025-05-20T14:53:07.089+0000][gc,start    ] GC(15) Pause Young (Normal) (G1 Evacuation Pause)
[2025-05-20T14:53:07.090+0000][gc,task     ] GC(15) Using 10 workers of 10 for evacuation
[2025-05-20T14:53:07.094+0000][gc,phases   ] GC(15)   Pre Evacuate Collection Set: 0.4ms
[2025-05-20T14:53:07.094+0000][gc,phases   ] GC(15)   Merge Heap Roots: 0.2ms
[2025-05-20T14:53:07.095+0000][gc,phases   ] GC(15)   Evacuate Collection Set: 2.9ms
[2025-05-20T14:53:07.095+0000][gc,phases   ] GC(15)   Post Evacuate Collection Set: 0.9ms
[2025-05-20T14:53:07.095+0000][gc,phases   ] GC(15)   Other: 0.3ms
[2025-05-20T14:53:07.095+0000][gc,heap     ] GC(15) Eden regions: 609->0(607)
[2025-05-20T14:53:07.095+0000][gc,heap     ] GC(15) Survivor regions: 5->7(77)
[2025-05-20T14:53:07.095+0000][gc,heap     ] GC(15) Old regions: 14->14
[2025-05-20T14:53:07.095+0000][gc,heap     ] GC(15) Humongous regions: 1->1
[2025-05-20T14:53:07.095+0000][gc,metaspace] GC(15) Metaspace: 11368K(11776K)->11368K(11776K) NonClass: 10234K(10432K)->10234K(10432K) Class: 1133K(1344K)->1133K(1344K)
[2025-05-20T14:53:07.096+0000][gc          ] GC(15) Pause Young (Normal) (G1 Evacuation Pause) 628M->20M(1024M) 6.246ms
[2025-05-20T14:53:07.096+0000][gc,cpu      ] GC(15) User=0.03s Sys=0.00s Real=0.01s
[2025-05-20T14:53:29.730+0000][gc,start    ] GC(16) Pause Young (Normal) (G1 Evacuation Pause)
[2025-05-20T14:53:29.731+0000][gc,task     ] GC(16) Using 10 workers of 10 for evacuation
[2025-05-20T14:53:29.744+0000][gc,phases   ] GC(16)   Pre Evacuate Collection Set: 0.5ms
[2025-05-20T14:53:29.744+0000][gc,phases   ] GC(16)   Merge Heap Roots: 0.3ms
[2025-05-20T14:53:29.744+0000][gc,phases   ] GC(16)   Evacuate Collection Set: 10.8ms
[2025-05-20T14:53:29.745+0000][gc,phases   ] GC(16)   Post Evacuate Collection Set: 0.9ms
[2025-05-20T14:53:29.745+0000][gc,phases   ] GC(16)   Other: 0.6ms
[2025-05-20T14:53:29.745+0000][gc,heap     ] GC(16) Eden regions: 607->0(609)
[2025-05-20T14:53:29.745+0000][gc,heap     ] GC(16) Survivor regions: 7->5(77)
[2025-05-20T14:53:29.745+0000][gc,heap     ] GC(16) Old regions: 14->15
[2025-05-20T14:53:29.745+0000][gc,heap     ] GC(16) Humongous regions: 1->1
[2025-05-20T14:53:29.745+0000][gc,metaspace] GC(16) Metaspace: 11403K(11840K)->11403K(11840K) NonClass: 10267K(10496K)->10267K(10496K) Class: 1135K(1344K)->1135K(1344K)
[2025-05-20T14:53:29.746+0000][gc          ] GC(16) Pause Young (Normal) (G1 Evacuation Pause) 627M->19M(1024M) 15.225ms
[2025-05-20T14:53:29.746+0000][gc,cpu      ] GC(16) User=0.02s Sys=0.01s Real=0.01s
[2025-05-20T14:53:55.609+0000][gc,start    ] GC(17) Pause Young (Normal) (G1 Evacuation Pause)
[2025-05-20T14:53:55.610+0000][gc,task     ] GC(17) Using 10 workers of 10 for evacuation
[2025-05-20T14:53:55.613+0000][gc,phases   ] GC(17)   Pre Evacuate Collection Set: 0.3ms
[2025-05-20T14:53:55.613+0000][gc,phases   ] GC(17)   Merge Heap Roots: 0.1ms
[2025-05-20T14:53:55.613+0000][gc,phases   ] GC(17)   Evacuate Collection Set: 1.8ms
[2025-05-20T14:53:55.613+0000][gc,phases   ] GC(17)   Post Evacuate Collection Set: 0.8ms
[2025-05-20T14:53:55.614+0000][gc,phases   ] GC(17)   Other: 0.2ms
[2025-05-20T14:53:55.614+0000][gc,heap     ] GC(17) Eden regions: 609->0(610)
[2025-05-20T14:53:55.614+0000][gc,heap     ] GC(17) Survivor regions: 5->4(77)
[2025-05-20T14:53:55.614+0000][gc,heap     ] GC(17) Old regions: 15->16
[2025-05-20T14:53:55.614+0000][gc,heap     ] GC(17) Humongous regions: 1->1
[2025-05-20T14:53:55.614+0000][gc,metaspace] GC(17) Metaspace: 11406K(11840K)->11406K(11840K) NonClass: 10271K(10496K)->10271K(10496K) Class: 1135K(1344K)->1135K(1344K)
[2025-05-20T14:53:55.614+0000][gc          ] GC(17) Pause Young (Normal) (G1 Evacuation Pause) 628M->19M(1024M) 5.065ms
[2025-05-20T14:53:55.615+0000][gc,cpu      ] GC(17) User=0.01s Sys=0.01s Real=0.00s
[2025-05-20T14:54:17.267+0000][gc,start    ] GC(18) Pause Young (Normal) (G1 Evacuation Pause)
[2025-05-20T14:54:17.267+0000][gc,task     ] GC(18) Using 10 workers of 10 for evacuation
[2025-05-20T14:54:17.273+0000][gc,phases   ] GC(18)   Pre Evacuate Collection Set: 0.3ms
[2025-05-20T14:54:17.273+0000][gc,phases   ] GC(18)   Merge Heap Roots: 0.3ms
[2025-05-20T14:54:17.273+0000][gc,phases   ] GC(18)   Evacuate Collection Set: 3.5ms
[2025-05-20T14:54:17.273+0000][gc,phases   ] GC(18)   Post Evacuate Collection Set: 1.1ms
[2025-05-20T14:54:17.273+0000][gc,phases   ] GC(18)   Other: 0.3ms
[2025-05-20T14:54:17.273+0000][gc,heap     ] GC(18) Eden regions: 610->0(610)
[2025-05-20T14:54:17.274+0000][gc,heap     ] GC(18) Survivor regions: 4->4(77)
[2025-05-20T14:54:17.274+0000][gc,heap     ] GC(18) Old regions: 16->17
[2025-05-20T14:54:17.274+0000][gc,heap     ] GC(18) Humongous regions: 1->1
[2025-05-20T14:54:17.274+0000][gc,metaspace] GC(18) Metaspace: 11416K(11840K)->11416K(11840K) NonClass: 10280K(10496K)->10280K(10496K) Class: 1135K(1344K)->1135K(1344K)
[2025-05-20T14:54:17.274+0000][gc          ] GC(18) Pause Young (Normal) (G1 Evacuation Pause) 629M->21M(1024M) 7.368ms
[2025-05-20T14:54:17.274+0000][gc,cpu      ] GC(18) User=0.01s Sys=0.02s Real=0.01s
[2025-05-20T14:54:43.159+0000][gc,start    ] GC(19) Pause Young (Normal) (G1 Evacuation Pause)
[2025-05-20T14:54:43.159+0000][gc,task     ] GC(19) Using 10 workers of 10 for evacuation
[2025-05-20T14:54:43.162+0000][gc,phases   ] GC(19)   Pre Evacuate Collection Set: 0.3ms
[2025-05-20T14:54:43.163+0000][gc,phases   ] GC(19)   Merge Heap Roots: 0.2ms
[2025-05-20T14:54:43.163+0000][gc,phases   ] GC(19)   Evacuate Collection Set: 1.3ms
[2025-05-20T14:54:43.163+0000][gc,phases   ] GC(19)   Post Evacuate Collection Set: 1.1ms
[2025-05-20T14:54:43.163+0000][gc,phases   ] GC(19)   Other: 0.3ms
[2025-05-20T14:54:43.163+0000][gc,heap     ] GC(19) Eden regions: 610->0(612)
[2025-05-20T14:54:43.163+0000][gc,heap     ] GC(19) Survivor regions: 4->2(77)
[2025-05-20T14:54:43.163+0000][gc,heap     ] GC(19) Old regions: 17->17
[2025-05-20T14:54:43.164+0000][gc,heap     ] GC(19) Humongous regions: 1->1
[2025-05-20T14:54:43.164+0000][gc,metaspace] GC(19) Metaspace: 11437K(11840K)->11437K(11840K) NonClass: 10301K(10496K)->10301K(10496K) Class: 1135K(1344K)->1135K(1344K)
[2025-05-20T14:54:43.164+0000][gc          ] GC(19) Pause Young (Normal) (G1 Evacuation Pause) 631M->19M(1024M) 5.192ms
[2025-05-20T14:54:43.164+0000][gc,cpu      ] GC(19) User=0.01s Sys=0.01s Real=0.00s
[2025-05-20T14:55:07.118+0000][gc,start    ] GC(20) Pause Young (Normal) (G1 Evacuation Pause)
[2025-05-20T14:55:07.119+0000][gc,task     ] GC(20) Using 10 workers of 10 for evacuation
[2025-05-20T14:55:07.122+0000][gc,phases   ] GC(20)   Pre Evacuate Collection Set: 0.3ms
[2025-05-20T14:55:07.122+0000][gc,phases   ] GC(20)   Merge Heap Roots: 0.2ms
[2025-05-20T14:55:07.122+0000][gc,phases   ] GC(20)   Evacuate Collection Set: 1.7ms
[2025-05-20T14:55:07.122+0000][gc,phases   ] GC(20)   Post Evacuate Collection Set: 0.8ms
[2025-05-20T14:55:07.123+0000][gc,phases   ] GC(20)   Other: 0.3ms
[2025-05-20T14:55:07.123+0000][gc,heap     ] GC(20) Eden regions: 612->0(610)
[2025-05-20T14:55:07.123+0000][gc,heap     ] GC(20) Survivor regions: 2->4(77)
[2025-05-20T14:55:07.123+0000][gc,heap     ] GC(20) Old regions: 17->17
[2025-05-20T14:55:07.123+0000][gc,heap     ] GC(20) Humongous regions: 1->1
[2025-05-20T14:55:07.123+0000][gc,metaspace] GC(20) Metaspace: 11472K(11840K)->11472K(11840K) NonClass: 10333K(10496K)->10333K(10496K) Class: 1139K(1344K)->1139K(1344K)
[2025-05-20T14:55:07.124+0000][gc          ] GC(20) Pause Young (Normal) (G1 Evacuation Pause) 631M->21M(1024M) 5.275ms
[2025-05-20T14:55:07.124+0000][gc,cpu      ] GC(20) User=0.00s Sys=0.01s Real=0.00s
[2025-05-20T14:55:17.120+0000][gc,heap,exit] Heap
[2025-05-20T14:55:17.120+0000][gc,heap,exit]  garbage-first heap   total 1048576K, used 180185K [0x00000000c0000000, 0x0000000100000000)
[2025-05-20T14:55:17.121+0000][gc,heap,exit]   region size 1024K, 159 young (162816K), 4 survivors (4096K)
[2025-05-20T14:55:17.121+0000][gc,heap,exit]  Metaspace       used 11782K, committed 12160K, reserved 1114112K
[2025-05-20T14:55:17.121+0000][gc,heap,exit]   class space    used 1207K, committed 1408K, reserved 1048576K
