[2025-05-21T12:15:20.801+0000][gc,init] CardTable entry size: 512
[2025-05-21T12:15:20.802+0000][gc     ] Using G1
[2025-05-21T12:15:20.820+0000][gc,init] Version: 21.0.4+7-LTS (release)
[2025-05-21T12:15:20.822+0000][gc,init] CPUs: 12 total, 12 available
[2025-05-21T12:15:20.822+0000][gc,init] Memory: 15597M
[2025-05-21T12:15:20.823+0000][gc,init] Large Page Support: Disabled
[2025-05-21T12:15:20.823+0000][gc,init] NUMA Support: Disabled
[2025-05-21T12:15:20.824+0000][gc,init] Compressed Oops: Enabled (32-bit)
[2025-05-21T12:15:20.825+0000][gc,init] Heap Region Size: 1M
[2025-05-21T12:15:20.826+0000][gc,init] Heap Min Capacity: 1G
[2025-05-21T12:15:20.826+0000][gc,init] Heap Initial Capacity: 1G
[2025-05-21T12:15:20.827+0000][gc,init] Heap Max Capacity: 1G
[2025-05-21T12:15:20.827+0000][gc,init] Pre-touch: Disabled
[2025-05-21T12:15:20.828+0000][gc,init] Parallel Workers: 10
[2025-05-21T12:15:20.830+0000][gc,init] Concurrent Workers: 3
[2025-05-21T12:15:20.831+0000][gc,init] Concurrent Refinement Workers: 10
[2025-05-21T12:15:20.832+0000][gc,init] Periodic GC: Disabled
[2025-05-21T12:15:20.890+0000][gc,metaspace] CDS archive(s) mapped at: [0x00007f6853000000-0x00007f6853bbe000-0x00007f6856674000), size 57098240, SharedBaseAddress: 0x00007f6853000000, ArchiveRelocationMode: 1.
[2025-05-21T12:15:20.890+0000][gc,metaspace] Compressed class space mapped at: 0x00007f6857000000-0x00007f6897000000, reserved size: 1073741824
[2025-05-21T12:15:20.890+0000][gc,metaspace] Narrow klass base: 0x00007f6853000000, Narrow klass shift: 0, Narrow klass range: 0x100000000
[2025-05-21T12:15:27.501+0000][gc,start    ] GC(0) Pause Young (Normal) (G1 Evacuation Pause)
[2025-05-21T12:15:27.546+0000][gc,task     ] GC(0) Using 10 workers of 10 for evacuation
[2025-05-21T12:15:27.659+0000][gc,phases   ] GC(0)   Pre Evacuate Collection Set: 0.3ms
[2025-05-21T12:15:27.669+0000][gc,phases   ] GC(0)   Merge Heap Roots: 0.1ms
[2025-05-21T12:15:27.683+0000][gc,phases   ] GC(0)   Evacuate Collection Set: 88.5ms
[2025-05-21T12:15:27.701+0000][gc,phases   ] GC(0)   Post Evacuate Collection Set: 17.5ms
[2025-05-21T12:15:27.717+0000][gc,phases   ] GC(0)   Other: 45.9ms
[2025-05-21T12:15:27.720+0000][gc,heap     ] GC(0) Eden regions: 51->0(44)
[2025-05-21T12:15:27.725+0000][gc,heap     ] GC(0) Survivor regions: 0->7(7)
[2025-05-21T12:15:27.726+0000][gc,heap     ] GC(0) Old regions: 1->6
[2025-05-21T12:15:27.726+0000][gc,heap     ] GC(0) Humongous regions: 2->2
[2025-05-21T12:15:27.726+0000][gc,metaspace] GC(0) Metaspace: 5837K(6016K)->5837K(6016K) NonClass: 5175K(5248K)->5175K(5248K) Class: 662K(768K)->662K(768K)
[2025-05-21T12:15:27.726+0000][gc          ] GC(0) Pause Young (Normal) (G1 Evacuation Pause) 53M->14M(1024M) 225.145ms
[2025-05-21T12:15:27.726+0000][gc,cpu      ] GC(0) User=0.08s Sys=0.04s Real=0.22s
[2025-05-21T12:15:29.696+0000][gc,start    ] GC(1) Pause Young (Normal) (G1 Evacuation Pause)
[2025-05-21T12:15:29.701+0000][gc,task     ] GC(1) Using 10 workers of 10 for evacuation
[2025-05-21T12:15:29.758+0000][gc,phases   ] GC(1)   Pre Evacuate Collection Set: 0.4ms
[2025-05-21T12:15:29.761+0000][gc,phases   ] GC(1)   Merge Heap Roots: 0.1ms
[2025-05-21T12:15:29.762+0000][gc,phases   ] GC(1)   Evacuate Collection Set: 51.5ms
[2025-05-21T12:15:29.762+0000][gc,phases   ] GC(1)   Post Evacuate Collection Set: 2.3ms
[2025-05-21T12:15:29.763+0000][gc,phases   ] GC(1)   Other: 3.1ms
[2025-05-21T12:15:29.763+0000][gc,heap     ] GC(1) Eden regions: 44->0(54)
[2025-05-21T12:15:29.763+0000][gc,heap     ] GC(1) Survivor regions: 7->4(7)
[2025-05-21T12:15:29.763+0000][gc,heap     ] GC(1) Old regions: 6->13
[2025-05-21T12:15:29.763+0000][gc,heap     ] GC(1) Humongous regions: 2->2
[2025-05-21T12:15:29.763+0000][gc,metaspace] GC(1) Metaspace: 7334K(7616K)->7334K(7616K) NonClass: 6465K(6592K)->6465K(6592K) Class: 869K(1024K)->869K(1024K)
[2025-05-21T12:15:29.764+0000][gc          ] GC(1) Pause Young (Normal) (G1 Evacuation Pause) 58M->18M(1024M) 67.633ms
[2025-05-21T12:15:29.764+0000][gc,cpu      ] GC(1) User=0.08s Sys=0.02s Real=0.07s
[2025-05-21T12:15:30.799+0000][gc,start    ] GC(2) Pause Young (Normal) (G1 Evacuation Pause)
[2025-05-21T12:15:30.800+0000][gc,task     ] GC(2) Using 10 workers of 10 for evacuation
[2025-05-21T12:15:30.830+0000][gc,phases   ] GC(2)   Pre Evacuate Collection Set: 1.1ms
[2025-05-21T12:15:30.831+0000][gc,phases   ] GC(2)   Merge Heap Roots: 0.1ms
[2025-05-21T12:15:30.832+0000][gc,phases   ] GC(2)   Evacuate Collection Set: 20.6ms
[2025-05-21T12:15:30.834+0000][gc,phases   ] GC(2)   Post Evacuate Collection Set: 8.3ms
[2025-05-21T12:15:30.834+0000][gc,phases   ] GC(2)   Other: 0.3ms
[2025-05-21T12:15:30.834+0000][gc,heap     ] GC(2) Eden regions: 58->0(263)
[2025-05-21T12:15:30.834+0000][gc,heap     ] GC(2) Survivor regions: 4->6(8)
[2025-05-21T12:15:30.835+0000][gc,heap     ] GC(2) Old regions: 13->13
[2025-05-21T12:15:30.835+0000][gc,heap     ] GC(2) Humongous regions: 4->3
[2025-05-21T12:15:30.835+0000][gc,metaspace] GC(2) Metaspace: 8799K(9088K)->8799K(9088K) NonClass: 7758K(7872K)->7758K(7872K) Class: 1041K(1216K)->1041K(1216K)
[2025-05-21T12:15:30.835+0000][gc          ] GC(2) Pause Young (Normal) (G1 Evacuation Pause) 78M->20M(1024M) 36.098ms
[2025-05-21T12:15:30.836+0000][gc,cpu      ] GC(2) User=0.05s Sys=0.00s Real=0.04s
[2025-05-21T12:15:57.209+0000][gc,start    ] GC(3) Pause Young (Normal) (G1 Evacuation Pause)
[2025-05-21T12:15:57.210+0000][gc,task     ] GC(3) Using 10 workers of 10 for evacuation
[2025-05-21T12:15:57.219+0000][gc,phases   ] GC(3)   Pre Evacuate Collection Set: 0.4ms
[2025-05-21T12:15:57.219+0000][gc,phases   ] GC(3)   Merge Heap Roots: 0.2ms
[2025-05-21T12:15:57.219+0000][gc,phases   ] GC(3)   Evacuate Collection Set: 7.4ms
[2025-05-21T12:15:57.219+0000][gc,phases   ] GC(3)   Post Evacuate Collection Set: 0.9ms
[2025-05-21T12:15:57.220+0000][gc,phases   ] GC(3)   Other: 0.4ms
[2025-05-21T12:15:57.220+0000][gc,heap     ] GC(3) Eden regions: 270->0(606)
[2025-05-21T12:15:57.220+0000][gc,heap     ] GC(3) Survivor regions: 6->8(35)
[2025-05-21T12:15:57.220+0000][gc,heap     ] GC(3) Old regions: 13->13
[2025-05-21T12:15:57.220+0000][gc,heap     ] GC(3) Humongous regions: 3->2
[2025-05-21T12:15:57.221+0000][gc,metaspace] GC(3) Metaspace: 9921K(10240K)->9921K(10240K) NonClass: 8826K(8960K)->8826K(8960K) Class: 1095K(1280K)->1095K(1280K)
[2025-05-21T12:15:57.221+0000][gc          ] GC(3) Pause Young (Normal) (G1 Evacuation Pause) 290M->22M(1024M) 11.721ms
[2025-05-21T12:15:57.221+0000][gc,cpu      ] GC(3) User=0.05s Sys=0.02s Real=0.02s
[2025-05-21T12:17:07.098+0000][gc,start    ] GC(4) Pause Young (Normal) (G1 Evacuation Pause)
[2025-05-21T12:17:07.099+0000][gc,task     ] GC(4) Using 10 workers of 10 for evacuation
[2025-05-21T12:17:07.106+0000][gc,phases   ] GC(4)   Pre Evacuate Collection Set: 0.3ms
[2025-05-21T12:17:07.106+0000][gc,phases   ] GC(4)   Merge Heap Roots: 0.2ms
[2025-05-21T12:17:07.106+0000][gc,phases   ] GC(4)   Evacuate Collection Set: 5.6ms
[2025-05-21T12:17:07.107+0000][gc,phases   ] GC(4)   Post Evacuate Collection Set: 1.1ms
[2025-05-21T12:17:07.107+0000][gc,phases   ] GC(4)   Other: 0.3ms
[2025-05-21T12:17:07.107+0000][gc,heap     ] GC(4) Eden regions: 606->0(605)
[2025-05-21T12:17:07.107+0000][gc,heap     ] GC(4) Survivor regions: 8->9(77)
[2025-05-21T12:17:07.107+0000][gc,heap     ] GC(4) Old regions: 13->13
[2025-05-21T12:17:07.107+0000][gc,heap     ] GC(4) Humongous regions: 2->2
[2025-05-21T12:17:07.107+0000][gc,metaspace] GC(4) Metaspace: 10484K(10880K)->10484K(10880K) NonClass: 9373K(9536K)->9373K(9536K) Class: 1110K(1344K)->1110K(1344K)
[2025-05-21T12:17:07.107+0000][gc          ] GC(4) Pause Young (Normal) (G1 Evacuation Pause) 628M->22M(1024M) 9.148ms
[2025-05-21T12:17:07.108+0000][gc,cpu      ] GC(4) User=0.03s Sys=0.02s Real=0.01s
[2025-05-21T12:18:16.996+0000][gc,start    ] GC(5) Pause Young (Normal) (G1 Evacuation Pause)
[2025-05-21T12:18:16.997+0000][gc,task     ] GC(5) Using 10 workers of 10 for evacuation
[2025-05-21T12:18:17.001+0000][gc,phases   ] GC(5)   Pre Evacuate Collection Set: 0.6ms
[2025-05-21T12:18:17.001+0000][gc,phases   ] GC(5)   Merge Heap Roots: 0.2ms
[2025-05-21T12:18:17.001+0000][gc,phases   ] GC(5)   Evacuate Collection Set: 2.4ms
[2025-05-21T12:18:17.002+0000][gc,phases   ] GC(5)   Post Evacuate Collection Set: 1.1ms
[2025-05-21T12:18:17.002+0000][gc,phases   ] GC(5)   Other: 0.3ms
[2025-05-21T12:18:17.002+0000][gc,heap     ] GC(5) Eden regions: 605->0(607)
[2025-05-21T12:18:17.002+0000][gc,heap     ] GC(5) Survivor regions: 9->7(77)
[2025-05-21T12:18:17.002+0000][gc,heap     ] GC(5) Old regions: 13->13
[2025-05-21T12:18:17.002+0000][gc,heap     ] GC(5) Humongous regions: 2->2
[2025-05-21T12:18:17.002+0000][gc,metaspace] GC(5) Metaspace: 10782K(11200K)->10782K(11200K) NonClass: 9662K(9856K)->9662K(9856K) Class: 1119K(1344K)->1119K(1344K)
[2025-05-21T12:18:17.003+0000][gc          ] GC(5) Pause Young (Normal) (G1 Evacuation Pause) 627M->21M(1024M) 6.437ms
[2025-05-21T12:18:17.003+0000][gc,cpu      ] GC(5) User=0.02s Sys=0.00s Real=0.00s
[2025-05-21T12:19:26.915+0000][gc,start    ] GC(6) Pause Young (Normal) (G1 Evacuation Pause)
[2025-05-21T12:19:26.915+0000][gc,task     ] GC(6) Using 10 workers of 10 for evacuation
[2025-05-21T12:19:26.919+0000][gc,phases   ] GC(6)   Pre Evacuate Collection Set: 0.3ms
[2025-05-21T12:19:26.919+0000][gc,phases   ] GC(6)   Merge Heap Roots: 0.2ms
[2025-05-21T12:19:26.919+0000][gc,phases   ] GC(6)   Evacuate Collection Set: 2.0ms
[2025-05-21T12:19:26.919+0000][gc,phases   ] GC(6)   Post Evacuate Collection Set: 0.9ms
[2025-05-21T12:19:26.919+0000][gc,phases   ] GC(6)   Other: 0.3ms
[2025-05-21T12:19:26.919+0000][gc,heap     ] GC(6) Eden regions: 607->0(606)
[2025-05-21T12:19:26.920+0000][gc,heap     ] GC(6) Survivor regions: 7->8(77)
[2025-05-21T12:19:26.920+0000][gc,heap     ] GC(6) Old regions: 13->13
[2025-05-21T12:19:26.920+0000][gc,heap     ] GC(6) Humongous regions: 2->2
[2025-05-21T12:19:26.920+0000][gc,metaspace] GC(6) Metaspace: 10916K(11328K)->10916K(11328K) NonClass: 9796K(9984K)->9796K(9984K) Class: 1119K(1344K)->1119K(1344K)
[2025-05-21T12:19:26.920+0000][gc          ] GC(6) Pause Young (Normal) (G1 Evacuation Pause) 628M->21M(1024M) 5.409ms
[2025-05-21T12:19:26.920+0000][gc,cpu      ] GC(6) User=0.01s Sys=0.00s Real=0.00s
[2025-05-21T12:20:27.159+0000][gc,start    ] GC(7) Pause Young (Normal) (G1 Evacuation Pause)
[2025-05-21T12:20:27.160+0000][gc,task     ] GC(7) Using 10 workers of 10 for evacuation
[2025-05-21T12:20:27.164+0000][gc,phases   ] GC(7)   Pre Evacuate Collection Set: 0.4ms
[2025-05-21T12:20:27.164+0000][gc,phases   ] GC(7)   Merge Heap Roots: 0.2ms
[2025-05-21T12:20:27.164+0000][gc,phases   ] GC(7)   Evacuate Collection Set: 2.5ms
[2025-05-21T12:20:27.165+0000][gc,phases   ] GC(7)   Post Evacuate Collection Set: 1.0ms
[2025-05-21T12:20:27.165+0000][gc,phases   ] GC(7)   Other: 0.2ms
[2025-05-21T12:20:27.165+0000][gc,heap     ] GC(7) Eden regions: 606->0(605)
[2025-05-21T12:20:27.165+0000][gc,heap     ] GC(7) Survivor regions: 8->9(77)
[2025-05-21T12:20:27.165+0000][gc,heap     ] GC(7) Old regions: 13->13
[2025-05-21T12:20:27.165+0000][gc,heap     ] GC(7) Humongous regions: 2->2
[2025-05-21T12:20:27.165+0000][gc,metaspace] GC(7) Metaspace: 11048K(11456K)->11048K(11456K) NonClass: 9927K(10112K)->9927K(10112K) Class: 1121K(1344K)->1121K(1344K)
[2025-05-21T12:20:27.165+0000][gc          ] GC(7) Pause Young (Normal) (G1 Evacuation Pause) 627M->22M(1024M) 5.995ms
[2025-05-21T12:20:27.166+0000][gc,cpu      ] GC(7) User=0.02s Sys=0.00s Real=0.01s
[2025-05-21T12:21:37.091+0000][gc,start    ] GC(8) Pause Young (Normal) (G1 Evacuation Pause)
[2025-05-21T12:21:37.091+0000][gc,task     ] GC(8) Using 10 workers of 10 for evacuation
[2025-05-21T12:21:37.096+0000][gc,phases   ] GC(8)   Pre Evacuate Collection Set: 0.3ms
[2025-05-21T12:21:37.096+0000][gc,phases   ] GC(8)   Merge Heap Roots: 0.2ms
[2025-05-21T12:21:37.096+0000][gc,phases   ] GC(8)   Evacuate Collection Set: 2.8ms
[2025-05-21T12:21:37.096+0000][gc,phases   ] GC(8)   Post Evacuate Collection Set: 1.1ms
[2025-05-21T12:21:37.096+0000][gc,phases   ] GC(8)   Other: 0.3ms
[2025-05-21T12:21:37.096+0000][gc,heap     ] GC(8) Eden regions: 605->0(606)
[2025-05-21T12:21:37.096+0000][gc,heap     ] GC(8) Survivor regions: 9->8(77)
[2025-05-21T12:21:37.097+0000][gc,heap     ] GC(8) Old regions: 13->13
[2025-05-21T12:21:37.097+0000][gc,heap     ] GC(8) Humongous regions: 2->2
[2025-05-21T12:21:37.097+0000][gc,metaspace] GC(8) Metaspace: 11098K(11456K)->11098K(11456K) NonClass: 9974K(10112K)->9974K(10112K) Class: 1123K(1344K)->1123K(1344K)
[2025-05-21T12:21:37.097+0000][gc          ] GC(8) Pause Young (Normal) (G1 Evacuation Pause) 627M->22M(1024M) 6.325ms
[2025-05-21T12:21:37.097+0000][gc,cpu      ] GC(8) User=0.02s Sys=0.00s Real=0.00s
[2025-05-21T12:22:47.042+0000][gc,start    ] GC(9) Pause Young (Normal) (G1 Evacuation Pause)
[2025-05-21T12:22:47.042+0000][gc,task     ] GC(9) Using 10 workers of 10 for evacuation
[2025-05-21T12:22:47.047+0000][gc,phases   ] GC(9)   Pre Evacuate Collection Set: 0.4ms
[2025-05-21T12:22:47.047+0000][gc,phases   ] GC(9)   Merge Heap Roots: 0.2ms
[2025-05-21T12:22:47.047+0000][gc,phases   ] GC(9)   Evacuate Collection Set: 2.5ms
[2025-05-21T12:22:47.047+0000][gc,phases   ] GC(9)   Post Evacuate Collection Set: 0.9ms
[2025-05-21T12:22:47.047+0000][gc,phases   ] GC(9)   Other: 0.4ms
[2025-05-21T12:22:47.047+0000][gc,heap     ] GC(9) Eden regions: 606->0(606)
[2025-05-21T12:22:47.047+0000][gc,heap     ] GC(9) Survivor regions: 8->8(77)
[2025-05-21T12:22:47.048+0000][gc,heap     ] GC(9) Old regions: 13->13
[2025-05-21T12:22:47.048+0000][gc,heap     ] GC(9) Humongous regions: 2->2
[2025-05-21T12:22:47.048+0000][gc,metaspace] GC(9) Metaspace: 11156K(11584K)->11156K(11584K) NonClass: 10029K(10240K)->10029K(10240K) Class: 1127K(1344K)->1127K(1344K)
[2025-05-21T12:22:47.048+0000][gc          ] GC(9) Pause Young (Normal) (G1 Evacuation Pause) 628M->22M(1024M) 6.071ms
[2025-05-21T12:22:47.048+0000][gc,cpu      ] GC(9) User=0.02s Sys=0.01s Real=0.01s
[2025-05-21T12:23:56.984+0000][gc,start    ] GC(10) Pause Young (Normal) (G1 Evacuation Pause)
[2025-05-21T12:23:56.984+0000][gc,task     ] GC(10) Using 10 workers of 10 for evacuation
[2025-05-21T12:23:56.989+0000][gc,phases   ] GC(10)   Pre Evacuate Collection Set: 0.3ms
[2025-05-21T12:23:56.989+0000][gc,phases   ] GC(10)   Merge Heap Roots: 0.2ms
[2025-05-21T12:23:56.989+0000][gc,phases   ] GC(10)   Evacuate Collection Set: 2.3ms
[2025-05-21T12:23:56.989+0000][gc,phases   ] GC(10)   Post Evacuate Collection Set: 1.1ms
[2025-05-21T12:23:56.989+0000][gc,phases   ] GC(10)   Other: 0.2ms
[2025-05-21T12:23:56.990+0000][gc,heap     ] GC(10) Eden regions: 606->0(606)
[2025-05-21T12:23:56.990+0000][gc,heap     ] GC(10) Survivor regions: 8->8(77)
[2025-05-21T12:23:56.990+0000][gc,heap     ] GC(10) Old regions: 13->13
[2025-05-21T12:23:56.990+0000][gc,heap     ] GC(10) Humongous regions: 2->2
[2025-05-21T12:23:56.990+0000][gc,metaspace] GC(10) Metaspace: 11193K(11584K)->11193K(11584K) NonClass: 10066K(10240K)->10066K(10240K) Class: 1127K(1344K)->1127K(1344K)
[2025-05-21T12:23:56.990+0000][gc          ] GC(10) Pause Young (Normal) (G1 Evacuation Pause) 628M->22M(1024M) 6.314ms
[2025-05-21T12:23:56.991+0000][gc,cpu      ] GC(10) User=0.02s Sys=0.00s Real=0.01s
[2025-05-21T12:25:06.914+0000][gc,start    ] GC(11) Pause Young (Normal) (G1 Evacuation Pause)
[2025-05-21T12:25:06.914+0000][gc,task     ] GC(11) Using 10 workers of 10 for evacuation
[2025-05-21T12:25:06.919+0000][gc,phases   ] GC(11)   Pre Evacuate Collection Set: 0.3ms
[2025-05-21T12:25:06.919+0000][gc,phases   ] GC(11)   Merge Heap Roots: 0.3ms
[2025-05-21T12:25:06.919+0000][gc,phases   ] GC(11)   Evacuate Collection Set: 2.5ms
[2025-05-21T12:25:06.919+0000][gc,phases   ] GC(11)   Post Evacuate Collection Set: 1.0ms
[2025-05-21T12:25:06.920+0000][gc,phases   ] GC(11)   Other: 0.3ms
[2025-05-21T12:25:06.920+0000][gc,heap     ] GC(11) Eden regions: 606->0(607)
[2025-05-21T12:25:06.920+0000][gc,heap     ] GC(11) Survivor regions: 8->7(77)
[2025-05-21T12:25:06.920+0000][gc,heap     ] GC(11) Old regions: 13->13
[2025-05-21T12:25:06.920+0000][gc,heap     ] GC(11) Humongous regions: 2->2
[2025-05-21T12:25:06.920+0000][gc,metaspace] GC(11) Metaspace: 11217K(11584K)->11217K(11584K) NonClass: 10089K(10240K)->10089K(10240K) Class: 1127K(1344K)->1127K(1344K)
[2025-05-21T12:25:06.920+0000][gc          ] GC(11) Pause Young (Normal) (G1 Evacuation Pause) 628M->21M(1024M) 6.394ms
[2025-05-21T12:25:06.921+0000][gc,cpu      ] GC(11) User=0.02s Sys=0.00s Real=0.00s
[2025-05-21T12:26:07.172+0000][gc,start    ] GC(12) Pause Young (Normal) (G1 Evacuation Pause)
[2025-05-21T12:26:07.173+0000][gc,task     ] GC(12) Using 10 workers of 10 for evacuation
[2025-05-21T12:26:07.177+0000][gc,phases   ] GC(12)   Pre Evacuate Collection Set: 0.4ms
[2025-05-21T12:26:07.178+0000][gc,phases   ] GC(12)   Merge Heap Roots: 0.2ms
[2025-05-21T12:26:07.178+0000][gc,phases   ] GC(12)   Evacuate Collection Set: 2.8ms
[2025-05-21T12:26:07.178+0000][gc,phases   ] GC(12)   Post Evacuate Collection Set: 1.0ms
[2025-05-21T12:26:07.178+0000][gc,phases   ] GC(12)   Other: 0.3ms
[2025-05-21T12:26:07.178+0000][gc,heap     ] GC(12) Eden regions: 607->0(605)
[2025-05-21T12:26:07.178+0000][gc,heap     ] GC(12) Survivor regions: 7->9(77)
[2025-05-21T12:26:07.179+0000][gc,heap     ] GC(12) Old regions: 13->13
[2025-05-21T12:26:07.179+0000][gc,heap     ] GC(12) Humongous regions: 2->2
[2025-05-21T12:26:07.179+0000][gc,metaspace] GC(12) Metaspace: 11302K(11712K)->11302K(11712K) NonClass: 10170K(10368K)->10170K(10368K) Class: 1131K(1344K)->1131K(1344K)
[2025-05-21T12:26:07.179+0000][gc          ] GC(12) Pause Young (Normal) (G1 Evacuation Pause) 628M->23M(1024M) 6.462ms
[2025-05-21T12:26:07.179+0000][gc,cpu      ] GC(12) User=0.02s Sys=0.01s Real=0.00s
[2025-05-21T12:27:17.104+0000][gc,start    ] GC(13) Pause Young (Normal) (G1 Evacuation Pause)
[2025-05-21T12:27:17.104+0000][gc,task     ] GC(13) Using 10 workers of 10 for evacuation
[2025-05-21T12:27:17.109+0000][gc,phases   ] GC(13)   Pre Evacuate Collection Set: 0.4ms
[2025-05-21T12:27:17.109+0000][gc,phases   ] GC(13)   Merge Heap Roots: 0.2ms
[2025-05-21T12:27:17.110+0000][gc,phases   ] GC(13)   Evacuate Collection Set: 3.0ms
[2025-05-21T12:27:17.110+0000][gc,phases   ] GC(13)   Post Evacuate Collection Set: 1.3ms
[2025-05-21T12:27:17.110+0000][gc,phases   ] GC(13)   Other: 0.4ms
[2025-05-21T12:27:17.110+0000][gc,heap     ] GC(13) Eden regions: 605->0(605)
[2025-05-21T12:27:17.110+0000][gc,heap     ] GC(13) Survivor regions: 9->9(77)
[2025-05-21T12:27:17.110+0000][gc,heap     ] GC(13) Old regions: 13->13
[2025-05-21T12:27:17.110+0000][gc,heap     ] GC(13) Humongous regions: 2->2
[2025-05-21T12:27:17.110+0000][gc,metaspace] GC(13) Metaspace: 11304K(11712K)->11304K(11712K) NonClass: 10172K(10368K)->10172K(10368K) Class: 1131K(1344K)->1131K(1344K)
[2025-05-21T12:27:17.111+0000][gc          ] GC(13) Pause Young (Normal) (G1 Evacuation Pause) 628M->22M(1024M) 7.056ms
[2025-05-21T12:27:17.111+0000][gc,cpu      ] GC(13) User=0.03s Sys=0.02s Real=0.01s
[2025-05-21T12:28:27.043+0000][gc,start    ] GC(14) Pause Young (Normal) (G1 Evacuation Pause)
[2025-05-21T12:28:27.044+0000][gc,task     ] GC(14) Using 10 workers of 10 for evacuation
[2025-05-21T12:28:27.048+0000][gc,phases   ] GC(14)   Pre Evacuate Collection Set: 0.3ms
[2025-05-21T12:28:27.048+0000][gc,phases   ] GC(14)   Merge Heap Roots: 0.2ms
[2025-05-21T12:28:27.049+0000][gc,phases   ] GC(14)   Evacuate Collection Set: 2.8ms
[2025-05-21T12:28:27.049+0000][gc,phases   ] GC(14)   Post Evacuate Collection Set: 1.0ms
[2025-05-21T12:28:27.049+0000][gc,phases   ] GC(14)   Other: 0.4ms
[2025-05-21T12:28:27.049+0000][gc,heap     ] GC(14) Eden regions: 605->0(606)
[2025-05-21T12:28:27.049+0000][gc,heap     ] GC(14) Survivor regions: 9->8(77)
[2025-05-21T12:28:27.049+0000][gc,heap     ] GC(14) Old regions: 13->13
[2025-05-21T12:28:27.049+0000][gc,heap     ] GC(14) Humongous regions: 2->2
[2025-05-21T12:28:27.050+0000][gc,metaspace] GC(14) Metaspace: 11322K(11712K)->11322K(11712K) NonClass: 10190K(10368K)->10190K(10368K) Class: 1131K(1344K)->1131K(1344K)
[2025-05-21T12:28:27.050+0000][gc          ] GC(14) Pause Young (Normal) (G1 Evacuation Pause) 627M->22M(1024M) 6.614ms
[2025-05-21T12:28:27.050+0000][gc,cpu      ] GC(14) User=0.03s Sys=0.00s Real=0.01s
[2025-05-21T12:29:37.000+0000][gc,start    ] GC(15) Pause Young (Normal) (G1 Evacuation Pause)
[2025-05-21T12:29:37.000+0000][gc,task     ] GC(15) Using 10 workers of 10 for evacuation
[2025-05-21T12:29:37.004+0000][gc,phases   ] GC(15)   Pre Evacuate Collection Set: 0.4ms
[2025-05-21T12:29:37.005+0000][gc,phases   ] GC(15)   Merge Heap Roots: 0.2ms
[2025-05-21T12:29:37.005+0000][gc,phases   ] GC(15)   Evacuate Collection Set: 2.4ms
[2025-05-21T12:29:37.005+0000][gc,phases   ] GC(15)   Post Evacuate Collection Set: 0.9ms
[2025-05-21T12:29:37.005+0000][gc,phases   ] GC(15)   Other: 0.3ms
[2025-05-21T12:29:37.005+0000][gc,heap     ] GC(15) Eden regions: 606->0(606)
[2025-05-21T12:29:37.005+0000][gc,heap     ] GC(15) Survivor regions: 8->8(77)
[2025-05-21T12:29:37.005+0000][gc,heap     ] GC(15) Old regions: 13->13
[2025-05-21T12:29:37.005+0000][gc,heap     ] GC(15) Humongous regions: 2->2
[2025-05-21T12:29:37.006+0000][gc,metaspace] GC(15) Metaspace: 11361K(11776K)->11361K(11776K) NonClass: 10228K(10432K)->10228K(10432K) Class: 1132K(1344K)->1132K(1344K)
[2025-05-21T12:29:37.006+0000][gc          ] GC(15) Pause Young (Normal) (G1 Evacuation Pause) 628M->22M(1024M) 5.698ms
[2025-05-21T12:29:37.006+0000][gc,cpu      ] GC(15) User=0.02s Sys=0.01s Real=0.01s
[2025-05-21T12:30:47.033+0000][gc,start    ] GC(16) Pause Young (Normal) (G1 Evacuation Pause)
[2025-05-21T12:30:47.034+0000][gc,task     ] GC(16) Using 10 workers of 10 for evacuation
[2025-05-21T12:30:47.050+0000][gc,phases   ] GC(16)   Pre Evacuate Collection Set: 0.4ms
[2025-05-21T12:30:47.050+0000][gc,phases   ] GC(16)   Merge Heap Roots: 4.6ms
[2025-05-21T12:30:47.051+0000][gc,phases   ] GC(16)   Evacuate Collection Set: 7.3ms
[2025-05-21T12:30:47.052+0000][gc,phases   ] GC(16)   Post Evacuate Collection Set: 2.8ms
[2025-05-21T12:30:47.052+0000][gc,phases   ] GC(16)   Other: 1.1ms
[2025-05-21T12:30:47.053+0000][gc,heap     ] GC(16) Eden regions: 606->0(609)
[2025-05-21T12:30:47.053+0000][gc,heap     ] GC(16) Survivor regions: 8->5(77)
[2025-05-21T12:30:47.053+0000][gc,heap     ] GC(16) Old regions: 13->16
[2025-05-21T12:30:47.054+0000][gc,heap     ] GC(16) Humongous regions: 2->2
[2025-05-21T12:30:47.054+0000][gc,metaspace] GC(16) Metaspace: 11384K(11776K)->11384K(11776K) NonClass: 10252K(10432K)->10252K(10432K) Class: 1132K(1344K)->1132K(1344K)
[2025-05-21T12:30:47.054+0000][gc          ] GC(16) Pause Young (Normal) (G1 Evacuation Pause) 628M->22M(1024M) 20.683ms
[2025-05-21T12:30:47.054+0000][gc,cpu      ] GC(16) User=0.03s Sys=0.01s Real=0.02s
[2025-05-21T12:31:56.910+0000][gc,start    ] GC(17) Pause Young (Normal) (G1 Evacuation Pause)
[2025-05-21T12:31:56.910+0000][gc,task     ] GC(17) Using 10 workers of 10 for evacuation
[2025-05-21T12:31:56.919+0000][gc,phases   ] GC(17)   Pre Evacuate Collection Set: 0.3ms
[2025-05-21T12:31:56.920+0000][gc,phases   ] GC(17)   Merge Heap Roots: 0.2ms
[2025-05-21T12:31:56.920+0000][gc,phases   ] GC(17)   Evacuate Collection Set: 7.1ms
[2025-05-21T12:31:56.920+0000][gc,phases   ] GC(17)   Post Evacuate Collection Set: 1.6ms
[2025-05-21T12:31:56.920+0000][gc,phases   ] GC(17)   Other: 0.3ms
[2025-05-21T12:31:56.920+0000][gc,heap     ] GC(17) Eden regions: 609->0(612)
[2025-05-21T12:31:56.920+0000][gc,heap     ] GC(17) Survivor regions: 5->2(77)
[2025-05-21T12:31:56.921+0000][gc,heap     ] GC(17) Old regions: 16->18
[2025-05-21T12:31:56.922+0000][gc,heap     ] GC(17) Humongous regions: 2->2
[2025-05-21T12:31:56.923+0000][gc,metaspace] GC(17) Metaspace: 11421K(11776K)->11421K(11776K) NonClass: 10289K(10432K)->10289K(10432K) Class: 1132K(1344K)->1132K(1344K)
[2025-05-21T12:31:56.923+0000][gc          ] GC(17) Pause Young (Normal) (G1 Evacuation Pause) 631M->21M(1024M) 13.843ms
[2025-05-21T12:31:56.924+0000][gc,cpu      ] GC(17) User=0.02s Sys=0.03s Real=0.01s
[2025-05-21T12:32:57.328+0000][gc,start    ] GC(18) Pause Young (Normal) (G1 Evacuation Pause)
[2025-05-21T12:32:57.329+0000][gc,task     ] GC(18) Using 10 workers of 10 for evacuation
[2025-05-21T12:32:57.332+0000][gc,phases   ] GC(18)   Pre Evacuate Collection Set: 0.3ms
[2025-05-21T12:32:57.333+0000][gc,phases   ] GC(18)   Merge Heap Roots: 0.2ms
[2025-05-21T12:32:57.333+0000][gc,phases   ] GC(18)   Evacuate Collection Set: 1.9ms
[2025-05-21T12:32:57.333+0000][gc,phases   ] GC(18)   Post Evacuate Collection Set: 1.1ms
[2025-05-21T12:32:57.333+0000][gc,phases   ] GC(18)   Other: 0.3ms
[2025-05-21T12:32:57.333+0000][gc,heap     ] GC(18) Eden regions: 612->0(611)
[2025-05-21T12:32:57.333+0000][gc,heap     ] GC(18) Survivor regions: 2->3(77)
[2025-05-21T12:32:57.333+0000][gc,heap     ] GC(18) Old regions: 18->19
[2025-05-21T12:32:57.334+0000][gc,heap     ] GC(18) Humongous regions: 2->2
[2025-05-21T12:32:57.334+0000][gc,metaspace] GC(18) Metaspace: 11472K(11904K)->11472K(11904K) NonClass: 10340K(10560K)->10340K(10560K) Class: 1132K(1344K)->1132K(1344K)
[2025-05-21T12:32:57.334+0000][gc          ] GC(18) Pause Young (Normal) (G1 Evacuation Pause) 633M->23M(1024M) 5.655ms
[2025-05-21T12:32:57.334+0000][gc,cpu      ] GC(18) User=0.01s Sys=0.01s Real=0.01s
[2025-05-21T12:34:07.406+0000][gc,start    ] GC(19) Pause Young (Normal) (G1 Evacuation Pause)
[2025-05-21T12:34:07.407+0000][gc,task     ] GC(19) Using 10 workers of 10 for evacuation
[2025-05-21T12:34:07.411+0000][gc,phases   ] GC(19)   Pre Evacuate Collection Set: 0.3ms
[2025-05-21T12:34:07.412+0000][gc,phases   ] GC(19)   Merge Heap Roots: 0.2ms
[2025-05-21T12:34:07.412+0000][gc,phases   ] GC(19)   Evacuate Collection Set: 2.7ms
[2025-05-21T12:34:07.412+0000][gc,phases   ] GC(19)   Post Evacuate Collection Set: 0.9ms
[2025-05-21T12:34:07.412+0000][gc,phases   ] GC(19)   Other: 0.3ms
[2025-05-21T12:34:07.412+0000][gc,heap     ] GC(19) Eden regions: 611->0(611)
[2025-05-21T12:34:07.412+0000][gc,heap     ] GC(19) Survivor regions: 3->3(77)
[2025-05-21T12:34:07.413+0000][gc,heap     ] GC(19) Old regions: 19->20
[2025-05-21T12:34:07.413+0000][gc,heap     ] GC(19) Humongous regions: 2->2
[2025-05-21T12:34:07.413+0000][gc,metaspace] GC(19) Metaspace: 11480K(11904K)->11480K(11904K) NonClass: 10347K(10560K)->10347K(10560K) Class: 1132K(1344K)->1132K(1344K)
[2025-05-21T12:34:07.413+0000][gc          ] GC(19) Pause Young (Normal) (G1 Evacuation Pause) 634M->23M(1024M) 6.820ms
[2025-05-21T12:34:07.414+0000][gc,cpu      ] GC(19) User=0.00s Sys=0.01s Real=0.01s
[2025-05-21T12:35:17.208+0000][gc,start    ] GC(20) Pause Young (Normal) (G1 Evacuation Pause)
[2025-05-21T12:35:17.208+0000][gc,task     ] GC(20) Using 10 workers of 10 for evacuation
[2025-05-21T12:35:17.211+0000][gc,phases   ] GC(20)   Pre Evacuate Collection Set: 0.3ms
[2025-05-21T12:35:17.211+0000][gc,phases   ] GC(20)   Merge Heap Roots: 0.2ms
[2025-05-21T12:35:17.212+0000][gc,phases   ] GC(20)   Evacuate Collection Set: 1.2ms
[2025-05-21T12:35:17.212+0000][gc,phases   ] GC(20)   Post Evacuate Collection Set: 0.9ms
[2025-05-21T12:35:17.212+0000][gc,phases   ] GC(20)   Other: 0.3ms
[2025-05-21T12:35:17.212+0000][gc,heap     ] GC(20) Eden regions: 611->0(611)
[2025-05-21T12:35:17.213+0000][gc,heap     ] GC(20) Survivor regions: 3->3(77)
[2025-05-21T12:35:17.213+0000][gc,heap     ] GC(20) Old regions: 20->20
[2025-05-21T12:35:17.213+0000][gc,heap     ] GC(20) Humongous regions: 2->2
[2025-05-21T12:35:17.213+0000][gc,metaspace] GC(20) Metaspace: 11486K(11904K)->11486K(11904K) NonClass: 10354K(10560K)->10354K(10560K) Class: 1132K(1344K)->1132K(1344K)
[2025-05-21T12:35:17.213+0000][gc          ] GC(20) Pause Young (Normal) (G1 Evacuation Pause) 634M->23M(1024M) 5.306ms
[2025-05-21T12:35:17.214+0000][gc,cpu      ] GC(20) User=0.01s Sys=0.00s Real=0.00s
[2025-05-21T12:36:27.113+0000][gc,start    ] GC(21) Pause Young (Normal) (G1 Evacuation Pause)
[2025-05-21T12:36:27.113+0000][gc,task     ] GC(21) Using 10 workers of 10 for evacuation
[2025-05-21T12:36:27.117+0000][gc,phases   ] GC(21)   Pre Evacuate Collection Set: 0.7ms
[2025-05-21T12:36:27.118+0000][gc,phases   ] GC(21)   Merge Heap Roots: 0.5ms
[2025-05-21T12:36:27.118+0000][gc,phases   ] GC(21)   Evacuate Collection Set: 1.8ms
[2025-05-21T12:36:27.119+0000][gc,phases   ] GC(21)   Post Evacuate Collection Set: 1.1ms
[2025-05-21T12:36:27.119+0000][gc,phases   ] GC(21)   Other: 0.4ms
[2025-05-21T12:36:27.119+0000][gc,heap     ] GC(21) Eden regions: 611->0(612)
[2025-05-21T12:36:27.119+0000][gc,heap     ] GC(21) Survivor regions: 3->2(77)
[2025-05-21T12:36:27.119+0000][gc,heap     ] GC(21) Old regions: 20->20
[2025-05-21T12:36:27.120+0000][gc,heap     ] GC(21) Humongous regions: 2->2
[2025-05-21T12:36:27.120+0000][gc,metaspace] GC(21) Metaspace: 11541K(11904K)->11541K(11904K) NonClass: 10407K(10560K)->10407K(10560K) Class: 1133K(1344K)->1133K(1344K)
[2025-05-21T12:36:27.120+0000][gc          ] GC(21) Pause Young (Normal) (G1 Evacuation Pause) 634M->22M(1024M) 7.277ms
[2025-05-21T12:36:27.120+0000][gc,cpu      ] GC(21) User=0.02s Sys=0.00s Real=0.00s
[2025-05-21T12:37:37.042+0000][gc,start    ] GC(22) Pause Young (Normal) (G1 Evacuation Pause)
[2025-05-21T12:37:37.043+0000][gc,task     ] GC(22) Using 10 workers of 10 for evacuation
[2025-05-21T12:37:37.046+0000][gc,phases   ] GC(22)   Pre Evacuate Collection Set: 0.3ms
[2025-05-21T12:37:37.046+0000][gc,phases   ] GC(22)   Merge Heap Roots: 0.2ms
[2025-05-21T12:37:37.046+0000][gc,phases   ] GC(22)   Evacuate Collection Set: 1.5ms
[2025-05-21T12:37:37.047+0000][gc,phases   ] GC(22)   Post Evacuate Collection Set: 0.9ms
[2025-05-21T12:37:37.047+0000][gc,phases   ] GC(22)   Other: 0.3ms
[2025-05-21T12:37:37.047+0000][gc,heap     ] GC(22) Eden regions: 612->0(612)
[2025-05-21T12:37:37.047+0000][gc,heap     ] GC(22) Survivor regions: 2->2(77)
[2025-05-21T12:37:37.047+0000][gc,heap     ] GC(22) Old regions: 20->20
[2025-05-21T12:37:37.047+0000][gc,heap     ] GC(22) Humongous regions: 2->2
[2025-05-21T12:37:37.047+0000][gc,metaspace] GC(22) Metaspace: 11780K(12224K)->11780K(12224K) NonClass: 10611K(10816K)->10611K(10816K) Class: 1168K(1408K)->1168K(1408K)
[2025-05-21T12:37:37.048+0000][gc          ] GC(22) Pause Young (Normal) (G1 Evacuation Pause) 634M->23M(1024M) 5.175ms
[2025-05-21T12:37:37.048+0000][gc,cpu      ] GC(22) User=0.02s Sys=0.00s Real=0.00s
[2025-05-21T12:38:47.066+0000][gc,start    ] GC(23) Pause Young (Normal) (G1 Evacuation Pause)
[2025-05-21T12:38:47.067+0000][gc,task     ] GC(23) Using 10 workers of 10 for evacuation
[2025-05-21T12:38:47.075+0000][gc,phases   ] GC(23)   Pre Evacuate Collection Set: 0.6ms
[2025-05-21T12:38:47.075+0000][gc,phases   ] GC(23)   Merge Heap Roots: 0.6ms
[2025-05-21T12:38:47.076+0000][gc,phases   ] GC(23)   Evacuate Collection Set: 4.2ms
[2025-05-21T12:38:47.076+0000][gc,phases   ] GC(23)   Post Evacuate Collection Set: 2.5ms
[2025-05-21T12:38:47.077+0000][gc,phases   ] GC(23)   Other: 0.4ms
[2025-05-21T12:38:47.077+0000][gc,heap     ] GC(23) Eden regions: 612->0(612)
[2025-05-21T12:38:47.077+0000][gc,heap     ] GC(23) Survivor regions: 2->2(77)
[2025-05-21T12:38:47.077+0000][gc,heap     ] GC(23) Old regions: 20->20
[2025-05-21T12:38:47.078+0000][gc,heap     ] GC(23) Humongous regions: 2->2
[2025-05-21T12:38:47.078+0000][gc,metaspace] GC(23) Metaspace: 11784K(12224K)->11784K(12224K) NonClass: 10615K(10816K)->10615K(10816K) Class: 1168K(1408K)->1168K(1408K)
[2025-05-21T12:38:47.078+0000][gc          ] GC(23) Pause Young (Normal) (G1 Evacuation Pause) 635M->22M(1024M) 11.874ms
[2025-05-21T12:38:47.078+0000][gc,cpu      ] GC(23) User=0.02s Sys=0.00s Real=0.01s
[2025-05-21T12:39:56.953+0000][gc,start    ] GC(24) Pause Young (Normal) (G1 Evacuation Pause)
[2025-05-21T12:39:56.954+0000][gc,task     ] GC(24) Using 10 workers of 10 for evacuation
[2025-05-21T12:39:56.956+0000][gc,phases   ] GC(24)   Pre Evacuate Collection Set: 0.3ms
[2025-05-21T12:39:56.957+0000][gc,phases   ] GC(24)   Merge Heap Roots: 0.2ms
[2025-05-21T12:39:56.957+0000][gc,phases   ] GC(24)   Evacuate Collection Set: 1.0ms
[2025-05-21T12:39:56.957+0000][gc,phases   ] GC(24)   Post Evacuate Collection Set: 0.9ms
[2025-05-21T12:39:56.957+0000][gc,phases   ] GC(24)   Other: 0.3ms
[2025-05-21T12:39:56.957+0000][gc,heap     ] GC(24) Eden regions: 612->0(612)
[2025-05-21T12:39:56.958+0000][gc,heap     ] GC(24) Survivor regions: 2->2(77)
[2025-05-21T12:39:56.958+0000][gc,heap     ] GC(24) Old regions: 20->20
[2025-05-21T12:39:56.958+0000][gc,heap     ] GC(24) Humongous regions: 2->2
[2025-05-21T12:39:56.958+0000][gc,metaspace] GC(24) Metaspace: 11791K(12224K)->11791K(12224K) NonClass: 10622K(10816K)->10622K(10816K) Class: 1168K(1408K)->1168K(1408K)
[2025-05-21T12:39:56.958+0000][gc          ] GC(24) Pause Young (Normal) (G1 Evacuation Pause) 634M->22M(1024M) 4.815ms
[2025-05-21T12:39:56.958+0000][gc,cpu      ] GC(24) User=0.01s Sys=0.00s Real=0.00s
[2025-05-21T12:41:06.921+0000][gc,start    ] GC(25) Pause Young (Normal) (G1 Evacuation Pause)
[2025-05-21T12:41:06.922+0000][gc,task     ] GC(25) Using 10 workers of 10 for evacuation
[2025-05-21T12:41:06.924+0000][gc,phases   ] GC(25)   Pre Evacuate Collection Set: 0.3ms
[2025-05-21T12:41:06.924+0000][gc,phases   ] GC(25)   Merge Heap Roots: 0.2ms
[2025-05-21T12:41:06.925+0000][gc,phases   ] GC(25)   Evacuate Collection Set: 0.8ms
[2025-05-21T12:41:06.925+0000][gc,phases   ] GC(25)   Post Evacuate Collection Set: 0.9ms
[2025-05-21T12:41:06.925+0000][gc,phases   ] GC(25)   Other: 0.3ms
[2025-05-21T12:41:06.925+0000][gc,heap     ] GC(25) Eden regions: 612->0(613)
[2025-05-21T12:41:06.925+0000][gc,heap     ] GC(25) Survivor regions: 2->1(77)
[2025-05-21T12:41:06.925+0000][gc,heap     ] GC(25) Old regions: 20->20
[2025-05-21T12:41:06.926+0000][gc,heap     ] GC(25) Humongous regions: 2->2
[2025-05-21T12:41:06.926+0000][gc,metaspace] GC(25) Metaspace: 11792K(12224K)->11792K(12224K) NonClass: 10623K(10816K)->10623K(10816K) Class: 1168K(1408K)->1168K(1408K)
[2025-05-21T12:41:06.926+0000][gc          ] GC(25) Pause Young (Normal) (G1 Evacuation Pause) 634M->22M(1024M) 4.538ms
[2025-05-21T12:41:06.926+0000][gc,cpu      ] GC(25) User=0.00s Sys=0.00s Real=0.00s
[2025-05-21T12:42:16.883+0000][gc,start    ] GC(26) Pause Young (Normal) (G1 Evacuation Pause)
[2025-05-21T12:42:16.883+0000][gc,task     ] GC(26) Using 10 workers of 10 for evacuation
[2025-05-21T12:42:16.886+0000][gc,phases   ] GC(26)   Pre Evacuate Collection Set: 0.3ms
[2025-05-21T12:42:16.886+0000][gc,phases   ] GC(26)   Merge Heap Roots: 0.2ms
[2025-05-21T12:42:16.887+0000][gc,phases   ] GC(26)   Evacuate Collection Set: 1.1ms
[2025-05-21T12:42:16.887+0000][gc,phases   ] GC(26)   Post Evacuate Collection Set: 1.3ms
[2025-05-21T12:42:16.887+0000][gc,phases   ] GC(26)   Other: 0.3ms
[2025-05-21T12:42:16.887+0000][gc,heap     ] GC(26) Eden regions: 613->0(613)
[2025-05-21T12:42:16.887+0000][gc,heap     ] GC(26) Survivor regions: 1->1(77)
[2025-05-21T12:42:16.887+0000][gc,heap     ] GC(26) Old regions: 20->20
[2025-05-21T12:42:16.887+0000][gc,heap     ] GC(26) Humongous regions: 2->2
[2025-05-21T12:42:16.887+0000][gc,metaspace] GC(26) Metaspace: 11804K(12288K)->11804K(12288K) NonClass: 10635K(10880K)->10635K(10880K) Class: 1168K(1408K)->1168K(1408K)
[2025-05-21T12:42:16.888+0000][gc          ] GC(26) Pause Young (Normal) (G1 Evacuation Pause) 635M->22M(1024M) 4.801ms
[2025-05-21T12:42:16.888+0000][gc,cpu      ] GC(26) User=0.02s Sys=0.00s Real=0.01s
[2025-05-21T12:43:26.845+0000][gc,start    ] GC(27) Pause Young (Normal) (G1 Evacuation Pause)
[2025-05-21T12:43:26.845+0000][gc,task     ] GC(27) Using 10 workers of 10 for evacuation
[2025-05-21T12:43:26.848+0000][gc,phases   ] GC(27)   Pre Evacuate Collection Set: 0.3ms
[2025-05-21T12:43:26.848+0000][gc,phases   ] GC(27)   Merge Heap Roots: 0.2ms
[2025-05-21T12:43:26.848+0000][gc,phases   ] GC(27)   Evacuate Collection Set: 0.9ms
[2025-05-21T12:43:26.848+0000][gc,phases   ] GC(27)   Post Evacuate Collection Set: 0.9ms
[2025-05-21T12:43:26.848+0000][gc,phases   ] GC(27)   Other: 0.3ms
[2025-05-21T12:43:26.848+0000][gc,heap     ] GC(27) Eden regions: 613->0(613)
[2025-05-21T12:43:26.849+0000][gc,heap     ] GC(27) Survivor regions: 1->1(77)
[2025-05-21T12:43:26.849+0000][gc,heap     ] GC(27) Old regions: 20->20
[2025-05-21T12:43:26.849+0000][gc,heap     ] GC(27) Humongous regions: 2->2
[2025-05-21T12:43:26.849+0000][gc,metaspace] GC(27) Metaspace: 11808K(12288K)->11808K(12288K) NonClass: 10639K(10880K)->10639K(10880K) Class: 1168K(1408K)->1168K(1408K)
[2025-05-21T12:43:26.849+0000][gc          ] GC(27) Pause Young (Normal) (G1 Evacuation Pause) 635M->21M(1024M) 4.425ms
[2025-05-21T12:43:26.850+0000][gc,cpu      ] GC(27) User=0.01s Sys=0.00s Real=0.00s
[2025-05-21T12:44:27.159+0000][gc,start    ] GC(28) Pause Young (Normal) (G1 Evacuation Pause)
[2025-05-21T12:44:27.159+0000][gc,task     ] GC(28) Using 10 workers of 10 for evacuation
[2025-05-21T12:44:27.162+0000][gc,phases   ] GC(28)   Pre Evacuate Collection Set: 0.3ms
[2025-05-21T12:44:27.162+0000][gc,phases   ] GC(28)   Merge Heap Roots: 0.2ms
[2025-05-21T12:44:27.162+0000][gc,phases   ] GC(28)   Evacuate Collection Set: 1.1ms
[2025-05-21T12:44:27.162+0000][gc,phases   ] GC(28)   Post Evacuate Collection Set: 0.8ms
[2025-05-21T12:44:27.162+0000][gc,phases   ] GC(28)   Other: 0.2ms
[2025-05-21T12:44:27.163+0000][gc,heap     ] GC(28) Eden regions: 613->0(611)
[2025-05-21T12:44:27.163+0000][gc,heap     ] GC(28) Survivor regions: 1->3(77)
[2025-05-21T12:44:27.163+0000][gc,heap     ] GC(28) Old regions: 20->20
[2025-05-21T12:44:27.163+0000][gc,heap     ] GC(28) Humongous regions: 2->2
[2025-05-21T12:44:27.163+0000][gc,metaspace] GC(28) Metaspace: 11833K(12288K)->11833K(12288K) NonClass: 10664K(10880K)->10664K(10880K) Class: 1168K(1408K)->1168K(1408K)
[2025-05-21T12:44:27.163+0000][gc          ] GC(28) Pause Young (Normal) (G1 Evacuation Pause) 634M->23M(1024M) 4.448ms
[2025-05-21T12:44:27.164+0000][gc,cpu      ] GC(28) User=0.01s Sys=0.00s Real=0.00s
[2025-05-21T12:45:37.196+0000][gc,start    ] GC(29) Pause Young (Normal) (G1 Evacuation Pause)
[2025-05-21T12:45:37.197+0000][gc,task     ] GC(29) Using 10 workers of 10 for evacuation
[2025-05-21T12:45:37.200+0000][gc,phases   ] GC(29)   Pre Evacuate Collection Set: 0.4ms
[2025-05-21T12:45:37.200+0000][gc,phases   ] GC(29)   Merge Heap Roots: 0.2ms
[2025-05-21T12:45:37.201+0000][gc,phases   ] GC(29)   Evacuate Collection Set: 1.2ms
[2025-05-21T12:45:37.201+0000][gc,phases   ] GC(29)   Post Evacuate Collection Set: 0.9ms
[2025-05-21T12:45:37.201+0000][gc,phases   ] GC(29)   Other: 0.3ms
[2025-05-21T12:45:37.202+0000][gc,heap     ] GC(29) Eden regions: 611->0(612)
[2025-05-21T12:45:37.202+0000][gc,heap     ] GC(29) Survivor regions: 3->2(77)
[2025-05-21T12:45:37.202+0000][gc,heap     ] GC(29) Old regions: 20->20
[2025-05-21T12:45:37.202+0000][gc,heap     ] GC(29) Humongous regions: 2->2
[2025-05-21T12:45:37.202+0000][gc,metaspace] GC(29) Metaspace: 11838K(12288K)->11838K(12288K) NonClass: 10669K(10880K)->10669K(10880K) Class: 1168K(1408K)->1168K(1408K)
[2025-05-21T12:45:37.203+0000][gc          ] GC(29) Pause Young (Normal) (G1 Evacuation Pause) 634M->23M(1024M) 6.130ms
[2025-05-21T12:45:37.203+0000][gc,cpu      ] GC(29) User=0.01s Sys=0.00s Real=0.01s
[2025-05-21T12:46:47.101+0000][gc,start    ] GC(30) Pause Young (Normal) (G1 Evacuation Pause)
[2025-05-21T12:46:47.101+0000][gc,task     ] GC(30) Using 10 workers of 10 for evacuation
[2025-05-21T12:46:47.105+0000][gc,phases   ] GC(30)   Pre Evacuate Collection Set: 0.3ms
[2025-05-21T12:46:47.105+0000][gc,phases   ] GC(30)   Merge Heap Roots: 0.2ms
[2025-05-21T12:46:47.105+0000][gc,phases   ] GC(30)   Evacuate Collection Set: 1.1ms
[2025-05-21T12:46:47.105+0000][gc,phases   ] GC(30)   Post Evacuate Collection Set: 1.6ms
[2025-05-21T12:46:47.105+0000][gc,phases   ] GC(30)   Other: 0.3ms
[2025-05-21T12:46:47.106+0000][gc,heap     ] GC(30) Eden regions: 612->0(612)
[2025-05-21T12:46:47.106+0000][gc,heap     ] GC(30) Survivor regions: 2->2(77)
[2025-05-21T12:46:47.106+0000][gc,heap     ] GC(30) Old regions: 20->20
[2025-05-21T12:46:47.106+0000][gc,heap     ] GC(30) Humongous regions: 2->2
[2025-05-21T12:46:47.106+0000][gc,metaspace] GC(30) Metaspace: 11843K(12288K)->11843K(12288K) NonClass: 10674K(10880K)->10674K(10880K) Class: 1168K(1408K)->1168K(1408K)
[2025-05-21T12:46:47.106+0000][gc          ] GC(30) Pause Young (Normal) (G1 Evacuation Pause) 635M->23M(1024M) 5.179ms
[2025-05-21T12:46:47.106+0000][gc,cpu      ] GC(30) User=0.01s Sys=0.00s Real=0.01s
[2025-05-21T12:48:00.707+0000][gc,heap,exit] Heap
[2025-05-21T12:48:00.708+0000][gc,heap,exit]  garbage-first heap   total 1048576K, used 600299K [0x00000000c0000000, 0x0000000100000000)
[2025-05-21T12:48:00.708+0000][gc,heap,exit]   region size 1024K, 565 young (578560K), 2 survivors (2048K)
[2025-05-21T12:48:00.708+0000][gc,heap,exit]  Metaspace       used 12200K, committed 12608K, reserved 1114112K
[2025-05-21T12:48:00.708+0000][gc,heap,exit]   class space    used 1240K, committed 1472K, reserved 1048576K
