[2025-05-24T13:06:26.783+0000][gc,init] CardTable entry size: 512
[2025-05-24T13:06:26.783+0000][gc     ] Using G1
[2025-05-24T13:06:26.805+0000][gc,init] Version: 21.0.4+7-LTS (release)
[2025-05-24T13:06:26.805+0000][gc,init] CPUs: 12 total, 12 available
[2025-05-24T13:06:26.806+0000][gc,init] Memory: 15597M
[2025-05-24T13:06:26.806+0000][gc,init] Large Page Support: Disabled
[2025-05-24T13:06:26.806+0000][gc,init] NUMA Support: Disabled
[2025-05-24T13:06:26.806+0000][gc,init] Compressed Oops: Enabled (32-bit)
[2025-05-24T13:06:26.807+0000][gc,init] Heap Region Size: 1M
[2025-05-24T13:06:26.807+0000][gc,init] Heap Min Capacity: 1G
[2025-05-24T13:06:26.807+0000][gc,init] Heap Initial Capacity: 1G
[2025-05-24T13:06:26.807+0000][gc,init] Heap Max Capacity: 1G
[2025-05-24T13:06:26.808+0000][gc,init] Pre-touch: Disabled
[2025-05-24T13:06:26.808+0000][gc,init] Parallel Workers: 10
[2025-05-24T13:06:26.808+0000][gc,init] Concurrent Workers: 3
[2025-05-24T13:06:26.808+0000][gc,init] Concurrent Refinement Workers: 10
[2025-05-24T13:06:26.808+0000][gc,init] Periodic GC: Disabled
[2025-05-24T13:06:26.874+0000][gc,metaspace] CDS archive(s) mapped at: [0x00007f7724000000-0x00007f7724bbe000-0x00007f7727674000), size 57098240, SharedBaseAddress: 0x00007f7724000000, ArchiveRelocationMode: 1.
[2025-05-24T13:06:26.879+0000][gc,metaspace] Compressed class space mapped at: 0x00007f7728000000-0x00007f7768000000, reserved size: 1073741824
[2025-05-24T13:06:26.879+0000][gc,metaspace] Narrow klass base: 0x00007f7724000000, Narrow klass shift: 0, Narrow klass range: 0x100000000
[2025-05-24T13:06:31.893+0000][gc,start    ] GC(0) Pause Young (Normal) (G1 Evacuation Pause)
[2025-05-24T13:06:31.960+0000][gc,task     ] GC(0) Using 10 workers of 10 for evacuation
[2025-05-24T13:06:32.058+0000][gc,phases   ] GC(0)   Pre Evacuate Collection Set: 0.3ms
[2025-05-24T13:06:32.061+0000][gc,phases   ] GC(0)   Merge Heap Roots: 0.2ms
[2025-05-24T13:06:32.062+0000][gc,phases   ] GC(0)   Evacuate Collection Set: 79.2ms
[2025-05-24T13:06:32.064+0000][gc,phases   ] GC(0)   Post Evacuate Collection Set: 7.6ms
[2025-05-24T13:06:32.064+0000][gc,phases   ] GC(0)   Other: 76.1ms
[2025-05-24T13:06:32.065+0000][gc,heap     ] GC(0) Eden regions: 51->0(44)
[2025-05-24T13:06:32.065+0000][gc,heap     ] GC(0) Survivor regions: 0->7(7)
[2025-05-24T13:06:32.065+0000][gc,heap     ] GC(0) Old regions: 1->7
[2025-05-24T13:06:32.065+0000][gc,heap     ] GC(0) Humongous regions: 1->1
[2025-05-24T13:06:32.065+0000][gc,metaspace] GC(0) Metaspace: 5674K(5952K)->5674K(5952K) NonClass: 5015K(5184K)->5015K(5184K) Class: 658K(768K)->658K(768K)
[2025-05-24T13:06:32.066+0000][gc          ] GC(0) Pause Young (Normal) (G1 Evacuation Pause) 52M->14M(1024M) 172.865ms
[2025-05-24T13:06:32.066+0000][gc,cpu      ] GC(0) User=0.08s Sys=0.01s Real=0.17s
[2025-05-24T13:06:35.334+0000][gc,start    ] GC(1) Pause Young (Normal) (G1 Evacuation Pause)
[2025-05-24T13:06:35.334+0000][gc,task     ] GC(1) Using 10 workers of 10 for evacuation
[2025-05-24T13:06:35.380+0000][gc,phases   ] GC(1)   Pre Evacuate Collection Set: 3.5ms
[2025-05-24T13:06:35.381+0000][gc,phases   ] GC(1)   Merge Heap Roots: 0.4ms
[2025-05-24T13:06:35.381+0000][gc,phases   ] GC(1)   Evacuate Collection Set: 37.1ms
[2025-05-24T13:06:35.381+0000][gc,phases   ] GC(1)   Post Evacuate Collection Set: 4.4ms
[2025-05-24T13:06:35.381+0000][gc,phases   ] GC(1)   Other: 0.4ms
[2025-05-24T13:06:35.382+0000][gc,heap     ] GC(1) Eden regions: 44->0(55)
[2025-05-24T13:06:35.382+0000][gc,heap     ] GC(1) Survivor regions: 7->3(7)
[2025-05-24T13:06:35.382+0000][gc,heap     ] GC(1) Old regions: 7->14
[2025-05-24T13:06:35.382+0000][gc,heap     ] GC(1) Humongous regions: 10->10
[2025-05-24T13:06:35.382+0000][gc,metaspace] GC(1) Metaspace: 7902K(8192K)->7902K(8192K) NonClass: 7013K(7168K)->7013K(7168K) Class: 888K(1024K)->888K(1024K)
[2025-05-24T13:06:35.383+0000][gc          ] GC(1) Pause Young (Normal) (G1 Evacuation Pause) 67M->26M(1024M) 49.008ms
[2025-05-24T13:06:35.383+0000][gc,cpu      ] GC(1) User=0.05s Sys=0.00s Real=0.05s
[2025-05-24T13:06:37.011+0000][gc,start    ] GC(2) Pause Young (Normal) (G1 Evacuation Pause)
[2025-05-24T13:06:37.011+0000][gc,task     ] GC(2) Using 10 workers of 10 for evacuation
[2025-05-24T13:06:37.025+0000][gc,phases   ] GC(2)   Pre Evacuate Collection Set: 0.4ms
[2025-05-24T13:06:37.025+0000][gc,phases   ] GC(2)   Merge Heap Roots: 0.1ms
[2025-05-24T13:06:37.026+0000][gc,phases   ] GC(2)   Evacuate Collection Set: 11.9ms
[2025-05-24T13:06:37.026+0000][gc,phases   ] GC(2)   Post Evacuate Collection Set: 1.1ms
[2025-05-24T13:06:37.026+0000][gc,phases   ] GC(2)   Other: 0.4ms
[2025-05-24T13:06:37.026+0000][gc,heap     ] GC(2) Eden regions: 62->0(306)
[2025-05-24T13:06:37.027+0000][gc,heap     ] GC(2) Survivor regions: 3->5(9)
[2025-05-24T13:06:37.027+0000][gc,heap     ] GC(2) Old regions: 14->14
[2025-05-24T13:06:37.027+0000][gc,heap     ] GC(2) Humongous regions: 10->10
[2025-05-24T13:06:37.028+0000][gc,metaspace] GC(2) Metaspace: 9236K(9600K)->9236K(9600K) NonClass: 8181K(8384K)->8181K(8384K) Class: 1054K(1216K)->1054K(1216K)
[2025-05-24T13:06:37.028+0000][gc          ] GC(2) Pause Young (Normal) (G1 Evacuation Pause) 88M->28M(1024M) 16.876ms
[2025-05-24T13:06:37.028+0000][gc,cpu      ] GC(2) User=0.02s Sys=0.00s Real=0.01s
[2025-05-24T13:07:14.733+0000][gc,start    ] GC(3) Pause Young (Normal) (G1 Evacuation Pause)
[2025-05-24T13:07:14.733+0000][gc,task     ] GC(3) Using 10 workers of 10 for evacuation
[2025-05-24T13:07:14.743+0000][gc,phases   ] GC(3)   Pre Evacuate Collection Set: 0.5ms
[2025-05-24T13:07:14.744+0000][gc,phases   ] GC(3)   Merge Heap Roots: 0.4ms
[2025-05-24T13:07:14.744+0000][gc,phases   ] GC(3)   Evacuate Collection Set: 7.1ms
[2025-05-24T13:07:14.744+0000][gc,phases   ] GC(3)   Post Evacuate Collection Set: 1.2ms
[2025-05-24T13:07:14.745+0000][gc,phases   ] GC(3)   Other: 0.6ms
[2025-05-24T13:07:14.745+0000][gc,heap     ] GC(3) Eden regions: 330->0(608)
[2025-05-24T13:07:14.745+0000][gc,heap     ] GC(3) Survivor regions: 5->6(42)
[2025-05-24T13:07:14.745+0000][gc,heap     ] GC(3) Old regions: 14->14
[2025-05-24T13:07:14.746+0000][gc,heap     ] GC(3) Humongous regions: 10->10
[2025-05-24T13:07:14.746+0000][gc,metaspace] GC(3) Metaspace: 10708K(11072K)->10708K(11072K) NonClass: 9599K(9792K)->9599K(9792K) Class: 1108K(1280K)->1108K(1280K)
[2025-05-24T13:07:14.746+0000][gc          ] GC(3) Pause Young (Normal) (G1 Evacuation Pause) 358M->28M(1024M) 13.632ms
[2025-05-24T13:07:14.747+0000][gc,cpu      ] GC(3) User=0.01s Sys=0.03s Real=0.02s
[2025-05-24T13:08:14.895+0000][gc,start    ] GC(4) Pause Young (Normal) (G1 Evacuation Pause)
[2025-05-24T13:08:14.895+0000][gc,task     ] GC(4) Using 10 workers of 10 for evacuation
[2025-05-24T13:08:14.908+0000][gc,phases   ] GC(4)   Pre Evacuate Collection Set: 0.5ms
[2025-05-24T13:08:14.908+0000][gc,phases   ] GC(4)   Merge Heap Roots: 0.3ms
[2025-05-24T13:08:14.908+0000][gc,phases   ] GC(4)   Evacuate Collection Set: 9.5ms
[2025-05-24T13:08:14.908+0000][gc,phases   ] GC(4)   Post Evacuate Collection Set: 1.8ms
[2025-05-24T13:08:14.909+0000][gc,phases   ] GC(4)   Other: 0.5ms
[2025-05-24T13:08:14.909+0000][gc,heap     ] GC(4) Eden regions: 608->0(607)
[2025-05-24T13:08:14.909+0000][gc,heap     ] GC(4) Survivor regions: 6->7(77)
[2025-05-24T13:08:14.909+0000][gc,heap     ] GC(4) Old regions: 14->14
[2025-05-24T13:08:14.910+0000][gc,heap     ] GC(4) Humongous regions: 10->10
[2025-05-24T13:08:14.910+0000][gc,metaspace] GC(4) Metaspace: 11038K(11392K)->11038K(11392K) NonClass: 9921K(10112K)->9921K(10112K) Class: 1117K(1280K)->1117K(1280K)
[2025-05-24T13:08:14.910+0000][gc          ] GC(4) Pause Young (Normal) (G1 Evacuation Pause) 636M->29M(1024M) 15.734ms
[2025-05-24T13:08:14.911+0000][gc,cpu      ] GC(4) User=0.04s Sys=0.02s Real=0.02s
[2025-05-24T13:09:14.878+0000][gc,start    ] GC(5) Pause Young (Normal) (G1 Evacuation Pause)
[2025-05-24T13:09:14.878+0000][gc,task     ] GC(5) Using 10 workers of 10 for evacuation
[2025-05-24T13:09:14.883+0000][gc,phases   ] GC(5)   Pre Evacuate Collection Set: 0.3ms
[2025-05-24T13:09:14.883+0000][gc,phases   ] GC(5)   Merge Heap Roots: 0.2ms
[2025-05-24T13:09:14.883+0000][gc,phases   ] GC(5)   Evacuate Collection Set: 2.6ms
[2025-05-24T13:09:14.883+0000][gc,phases   ] GC(5)   Post Evacuate Collection Set: 1.1ms
[2025-05-24T13:09:14.883+0000][gc,phases   ] GC(5)   Other: 0.4ms
[2025-05-24T13:09:14.884+0000][gc,heap     ] GC(5) Eden regions: 607->0(607)
[2025-05-24T13:09:14.884+0000][gc,heap     ] GC(5) Survivor regions: 7->7(77)
[2025-05-24T13:09:14.884+0000][gc,heap     ] GC(5) Old regions: 14->14
[2025-05-24T13:09:14.884+0000][gc,heap     ] GC(5) Humongous regions: 10->10
[2025-05-24T13:09:14.884+0000][gc,metaspace] GC(5) Metaspace: 11280K(11648K)->11280K(11648K) NonClass: 10154K(10304K)->10154K(10304K) Class: 1126K(1344K)->1126K(1344K)
[2025-05-24T13:09:14.884+0000][gc          ] GC(5) Pause Young (Normal) (G1 Evacuation Pause) 636M->29M(1024M) 6.885ms
[2025-05-24T13:09:14.885+0000][gc,cpu      ] GC(5) User=0.02s Sys=0.01s Real=0.01s
[2025-05-24T13:10:14.926+0000][gc,start    ] GC(6) Pause Young (Normal) (G1 Evacuation Pause)
[2025-05-24T13:10:14.927+0000][gc,task     ] GC(6) Using 10 workers of 10 for evacuation
[2025-05-24T13:10:14.933+0000][gc,phases   ] GC(6)   Pre Evacuate Collection Set: 0.7ms
[2025-05-24T13:10:14.934+0000][gc,phases   ] GC(6)   Merge Heap Roots: 0.4ms
[2025-05-24T13:10:14.934+0000][gc,phases   ] GC(6)   Evacuate Collection Set: 3.5ms
[2025-05-24T13:10:14.934+0000][gc,phases   ] GC(6)   Post Evacuate Collection Set: 1.3ms
[2025-05-24T13:10:14.934+0000][gc,phases   ] GC(6)   Other: 0.6ms
[2025-05-24T13:10:14.934+0000][gc,heap     ] GC(6) Eden regions: 607->0(607)
[2025-05-24T13:10:14.934+0000][gc,heap     ] GC(6) Survivor regions: 7->7(77)
[2025-05-24T13:10:14.934+0000][gc,heap     ] GC(6) Old regions: 14->14
[2025-05-24T13:10:14.934+0000][gc,heap     ] GC(6) Humongous regions: 10->10
[2025-05-24T13:10:14.935+0000][gc,metaspace] GC(6) Metaspace: 11406K(11776K)->11406K(11776K) NonClass: 10279K(10432K)->10279K(10432K) Class: 1126K(1344K)->1126K(1344K)
[2025-05-24T13:10:14.935+0000][gc          ] GC(6) Pause Young (Normal) (G1 Evacuation Pause) 636M->30M(1024M) 8.580ms
[2025-05-24T13:10:14.935+0000][gc,cpu      ] GC(6) User=0.02s Sys=0.01s Real=0.01s
[2025-05-24T13:11:15.042+0000][gc,start    ] GC(7) Pause Young (Normal) (G1 Evacuation Pause)
[2025-05-24T13:11:15.043+0000][gc,task     ] GC(7) Using 10 workers of 10 for evacuation
[2025-05-24T13:11:15.052+0000][gc,phases   ] GC(7)   Pre Evacuate Collection Set: 0.7ms
[2025-05-24T13:11:15.052+0000][gc,phases   ] GC(7)   Merge Heap Roots: 0.3ms
[2025-05-24T13:11:15.052+0000][gc,phases   ] GC(7)   Evacuate Collection Set: 5.9ms
[2025-05-24T13:11:15.052+0000][gc,phases   ] GC(7)   Post Evacuate Collection Set: 1.3ms
[2025-05-24T13:11:15.053+0000][gc,phases   ] GC(7)   Other: 0.6ms
[2025-05-24T13:11:15.053+0000][gc,heap     ] GC(7) Eden regions: 607->0(605)
[2025-05-24T13:11:15.053+0000][gc,heap     ] GC(7) Survivor regions: 7->9(77)
[2025-05-24T13:11:15.053+0000][gc,heap     ] GC(7) Old regions: 14->14
[2025-05-24T13:11:15.053+0000][gc,heap     ] GC(7) Humongous regions: 10->10
[2025-05-24T13:11:15.053+0000][gc,metaspace] GC(7) Metaspace: 11566K(11968K)->11566K(11968K) NonClass: 10438K(10624K)->10438K(10624K) Class: 1128K(1344K)->1128K(1344K)
[2025-05-24T13:11:15.054+0000][gc          ] GC(7) Pause Young (Normal) (G1 Evacuation Pause) 637M->31M(1024M) 11.178ms
[2025-05-24T13:11:15.054+0000][gc,cpu      ] GC(7) User=0.04s Sys=0.01s Real=0.01s
[2025-05-24T13:12:24.667+0000][gc,start    ] GC(8) Pause Young (Normal) (G1 Evacuation Pause)
[2025-05-24T13:12:24.667+0000][gc,task     ] GC(8) Using 10 workers of 10 for evacuation
[2025-05-24T13:12:24.676+0000][gc,phases   ] GC(8)   Pre Evacuate Collection Set: 0.4ms
[2025-05-24T13:12:24.676+0000][gc,phases   ] GC(8)   Merge Heap Roots: 0.3ms
[2025-05-24T13:12:24.676+0000][gc,phases   ] GC(8)   Evacuate Collection Set: 5.4ms
[2025-05-24T13:12:24.677+0000][gc,phases   ] GC(8)   Post Evacuate Collection Set: 1.7ms
[2025-05-24T13:12:24.677+0000][gc,phases   ] GC(8)   Other: 0.4ms
[2025-05-24T13:12:24.677+0000][gc,heap     ] GC(8) Eden regions: 605->0(608)
[2025-05-24T13:12:24.678+0000][gc,heap     ] GC(8) Survivor regions: 9->6(77)
[2025-05-24T13:12:24.678+0000][gc,heap     ] GC(8) Old regions: 14->14
[2025-05-24T13:12:24.678+0000][gc,heap     ] GC(8) Humongous regions: 10->10
[2025-05-24T13:12:24.678+0000][gc,metaspace] GC(8) Metaspace: 11626K(12032K)->11626K(12032K) NonClass: 10494K(10688K)->10494K(10688K) Class: 1132K(1344K)->1132K(1344K)
[2025-05-24T13:12:24.679+0000][gc          ] GC(8) Pause Young (Normal) (G1 Evacuation Pause) 636M->29M(1024M) 11.622ms
[2025-05-24T13:12:24.679+0000][gc,cpu      ] GC(8) User=0.03s Sys=0.00s Real=0.02s
[2025-05-24T13:13:24.809+0000][gc,start    ] GC(9) Pause Young (Normal) (G1 Evacuation Pause)
[2025-05-24T13:13:24.809+0000][gc,task     ] GC(9) Using 10 workers of 10 for evacuation
[2025-05-24T13:13:24.818+0000][gc,phases   ] GC(9)   Pre Evacuate Collection Set: 0.5ms
[2025-05-24T13:13:24.819+0000][gc,phases   ] GC(9)   Merge Heap Roots: 0.3ms
[2025-05-24T13:13:24.819+0000][gc,phases   ] GC(9)   Evacuate Collection Set: 6.0ms
[2025-05-24T13:13:24.819+0000][gc,phases   ] GC(9)   Post Evacuate Collection Set: 1.6ms
[2025-05-24T13:13:24.820+0000][gc,phases   ] GC(9)   Other: 0.7ms
[2025-05-24T13:13:24.820+0000][gc,heap     ] GC(9) Eden regions: 608->0(607)
[2025-05-24T13:13:24.821+0000][gc,heap     ] GC(9) Survivor regions: 6->7(77)
[2025-05-24T13:13:24.821+0000][gc,heap     ] GC(9) Old regions: 14->14
[2025-05-24T13:13:24.821+0000][gc,heap     ] GC(9) Humongous regions: 10->10
[2025-05-24T13:13:24.821+0000][gc,metaspace] GC(9) Metaspace: 11657K(12032K)->11657K(12032K) NonClass: 10524K(10688K)->10524K(10688K) Class: 1132K(1344K)->1132K(1344K)
[2025-05-24T13:13:24.821+0000][gc          ] GC(9) Pause Young (Normal) (G1 Evacuation Pause) 637M->29M(1024M) 12.987ms
[2025-05-24T13:13:24.822+0000][gc,cpu      ] GC(9) User=0.04s Sys=0.00s Real=0.01s
[2025-05-24T13:14:24.842+0000][gc,start    ] GC(10) Pause Young (Normal) (G1 Evacuation Pause)
[2025-05-24T13:14:24.843+0000][gc,task     ] GC(10) Using 10 workers of 10 for evacuation
[2025-05-24T13:14:24.849+0000][gc,phases   ] GC(10)   Pre Evacuate Collection Set: 0.4ms
[2025-05-24T13:14:24.849+0000][gc,phases   ] GC(10)   Merge Heap Roots: 0.3ms
[2025-05-24T13:14:24.849+0000][gc,phases   ] GC(10)   Evacuate Collection Set: 3.5ms
[2025-05-24T13:14:24.850+0000][gc,phases   ] GC(10)   Post Evacuate Collection Set: 1.7ms
[2025-05-24T13:14:24.850+0000][gc,phases   ] GC(10)   Other: 0.3ms
[2025-05-24T13:14:24.850+0000][gc,heap     ] GC(10) Eden regions: 607->0(606)
[2025-05-24T13:14:24.850+0000][gc,heap     ] GC(10) Survivor regions: 7->8(77)
[2025-05-24T13:14:24.850+0000][gc,heap     ] GC(10) Old regions: 14->14
[2025-05-24T13:14:24.850+0000][gc,heap     ] GC(10) Humongous regions: 10->10
[2025-05-24T13:14:24.850+0000][gc,metaspace] GC(10) Metaspace: 11849K(12224K)->11849K(12224K) NonClass: 10690K(10880K)->10690K(10880K) Class: 1159K(1344K)->1159K(1344K)
[2025-05-24T13:14:24.851+0000][gc          ] GC(10) Pause Young (Normal) (G1 Evacuation Pause) 636M->30M(1024M) 8.283ms
[2025-05-24T13:14:24.851+0000][gc,cpu      ] GC(10) User=0.03s Sys=0.00s Real=0.00s
[2025-05-24T13:15:24.898+0000][gc,start    ] GC(11) Pause Young (Normal) (G1 Evacuation Pause)
[2025-05-24T13:15:24.898+0000][gc,task     ] GC(11) Using 10 workers of 10 for evacuation
[2025-05-24T13:15:24.905+0000][gc,phases   ] GC(11)   Pre Evacuate Collection Set: 0.5ms
[2025-05-24T13:15:24.905+0000][gc,phases   ] GC(11)   Merge Heap Roots: 0.2ms
[2025-05-24T13:15:24.905+0000][gc,phases   ] GC(11)   Evacuate Collection Set: 4.2ms
[2025-05-24T13:15:24.905+0000][gc,phases   ] GC(11)   Post Evacuate Collection Set: 1.3ms
[2025-05-24T13:15:24.905+0000][gc,phases   ] GC(11)   Other: 0.4ms
[2025-05-24T13:15:24.906+0000][gc,heap     ] GC(11) Eden regions: 606->0(606)
[2025-05-24T13:15:24.906+0000][gc,heap     ] GC(11) Survivor regions: 8->8(77)
[2025-05-24T13:15:24.906+0000][gc,heap     ] GC(11) Old regions: 14->14
[2025-05-24T13:15:24.906+0000][gc,heap     ] GC(11) Humongous regions: 10->10
[2025-05-24T13:15:24.906+0000][gc,metaspace] GC(11) Metaspace: 11893K(12224K)->11893K(12224K) NonClass: 10733K(10880K)->10733K(10880K) Class: 1159K(1344K)->1159K(1344K)
[2025-05-24T13:15:24.907+0000][gc          ] GC(11) Pause Young (Normal) (G1 Evacuation Pause) 636M->31M(1024M) 8.826ms
[2025-05-24T13:15:24.907+0000][gc,cpu      ] GC(11) User=0.02s Sys=0.01s Real=0.01s
[2025-05-24T13:16:24.975+0000][gc,start    ] GC(12) Pause Young (Normal) (G1 Evacuation Pause)
[2025-05-24T13:16:24.976+0000][gc,task     ] GC(12) Using 10 workers of 10 for evacuation
[2025-05-24T13:16:24.981+0000][gc,phases   ] GC(12)   Pre Evacuate Collection Set: 0.3ms
[2025-05-24T13:16:24.981+0000][gc,phases   ] GC(12)   Merge Heap Roots: 0.2ms
[2025-05-24T13:16:24.981+0000][gc,phases   ] GC(12)   Evacuate Collection Set: 3.1ms
[2025-05-24T13:16:24.981+0000][gc,phases   ] GC(12)   Post Evacuate Collection Set: 1.1ms
[2025-05-24T13:16:24.981+0000][gc,phases   ] GC(12)   Other: 0.3ms
[2025-05-24T13:16:24.981+0000][gc,heap     ] GC(12) Eden regions: 606->0(606)
[2025-05-24T13:16:24.982+0000][gc,heap     ] GC(12) Survivor regions: 8->8(77)
[2025-05-24T13:16:24.982+0000][gc,heap     ] GC(12) Old regions: 14->14
[2025-05-24T13:16:24.982+0000][gc,heap     ] GC(12) Humongous regions: 10->10
[2025-05-24T13:16:24.982+0000][gc,metaspace] GC(12) Metaspace: 11904K(12224K)->11904K(12224K) NonClass: 10745K(10880K)->10745K(10880K) Class: 1159K(1344K)->1159K(1344K)
[2025-05-24T13:16:24.982+0000][gc          ] GC(12) Pause Young (Normal) (G1 Evacuation Pause) 637M->31M(1024M) 7.064ms
[2025-05-24T13:16:24.982+0000][gc,cpu      ] GC(12) User=0.03s Sys=0.00s Real=0.01s
[2025-05-24T13:17:34.607+0000][gc,start    ] GC(13) Pause Young (Normal) (G1 Evacuation Pause)
[2025-05-24T13:17:34.608+0000][gc,task     ] GC(13) Using 10 workers of 10 for evacuation
[2025-05-24T13:17:34.616+0000][gc,phases   ] GC(13)   Pre Evacuate Collection Set: 0.8ms
[2025-05-24T13:17:34.616+0000][gc,phases   ] GC(13)   Merge Heap Roots: 0.3ms
[2025-05-24T13:17:34.616+0000][gc,phases   ] GC(13)   Evacuate Collection Set: 4.8ms
[2025-05-24T13:17:34.616+0000][gc,phases   ] GC(13)   Post Evacuate Collection Set: 1.6ms
[2025-05-24T13:17:34.617+0000][gc,phases   ] GC(13)   Other: 0.4ms
[2025-05-24T13:17:34.617+0000][gc,heap     ] GC(13) Eden regions: 606->0(607)
[2025-05-24T13:17:34.617+0000][gc,heap     ] GC(13) Survivor regions: 8->7(77)
[2025-05-24T13:17:34.617+0000][gc,heap     ] GC(13) Old regions: 14->14
[2025-05-24T13:17:34.617+0000][gc,heap     ] GC(13) Humongous regions: 10->10
[2025-05-24T13:17:34.618+0000][gc,metaspace] GC(13) Metaspace: 11999K(12352K)->11999K(12352K) NonClass: 10835K(11008K)->10835K(11008K) Class: 1164K(1344K)->1164K(1344K)
[2025-05-24T13:17:34.618+0000][gc          ] GC(13) Pause Young (Normal) (G1 Evacuation Pause) 637M->29M(1024M) 10.250ms
[2025-05-24T13:17:34.618+0000][gc,cpu      ] GC(13) User=0.05s Sys=0.00s Real=0.01s
[2025-05-24T13:18:34.755+0000][gc,start    ] GC(14) Pause Young (Normal) (G1 Evacuation Pause)
[2025-05-24T13:18:34.755+0000][gc,task     ] GC(14) Using 10 workers of 10 for evacuation
[2025-05-24T13:18:34.763+0000][gc,phases   ] GC(14)   Pre Evacuate Collection Set: 0.5ms
[2025-05-24T13:18:34.763+0000][gc,phases   ] GC(14)   Merge Heap Roots: 0.2ms
[2025-05-24T13:18:34.764+0000][gc,phases   ] GC(14)   Evacuate Collection Set: 4.9ms
[2025-05-24T13:18:34.764+0000][gc,phases   ] GC(14)   Post Evacuate Collection Set: 1.7ms
[2025-05-24T13:18:34.764+0000][gc,phases   ] GC(14)   Other: 0.4ms
[2025-05-24T13:18:34.765+0000][gc,heap     ] GC(14) Eden regions: 607->0(607)
[2025-05-24T13:18:34.765+0000][gc,heap     ] GC(14) Survivor regions: 7->7(77)
[2025-05-24T13:18:34.765+0000][gc,heap     ] GC(14) Old regions: 14->14
[2025-05-24T13:18:34.765+0000][gc,heap     ] GC(14) Humongous regions: 10->10
[2025-05-24T13:18:34.766+0000][gc,metaspace] GC(14) Metaspace: 12006K(12352K)->12006K(12352K) NonClass: 10842K(11008K)->10842K(11008K) Class: 1164K(1344K)->1164K(1344K)
[2025-05-24T13:18:34.766+0000][gc          ] GC(14) Pause Young (Normal) (G1 Evacuation Pause) 636M->30M(1024M) 11.076ms
[2025-05-24T13:18:34.766+0000][gc,cpu      ] GC(14) User=0.04s Sys=0.00s Real=0.01s
[2025-05-24T13:19:01.096+0000][gc,heap,exit] Heap
[2025-05-24T13:19:01.096+0000][gc,heap,exit]  garbage-first heap   total 1048576K, used 220171K [0x00000000c0000000, 0x0000000100000000)
[2025-05-24T13:19:01.096+0000][gc,heap,exit]   region size 1024K, 193 young (197632K), 7 survivors (7168K)
[2025-05-24T13:19:01.097+0000][gc,heap,exit]  Metaspace       used 12350K, committed 12736K, reserved 1114112K
[2025-05-24T13:19:01.097+0000][gc,heap,exit]   class space    used 1239K, committed 1408K, reserved 1048576K
