[2025-05-20T14:45:17.730+0000][gc,init] CardTable entry size: 512
[2025-05-20T14:45:17.731+0000][gc     ] Using G1
[2025-05-20T14:45:17.751+0000][gc,init] Version: 21.0.4+7-LTS (release)
[2025-05-20T14:45:17.752+0000][gc,init] CPUs: 12 total, 12 available
[2025-05-20T14:45:17.752+0000][gc,init] Memory: 15597M
[2025-05-20T14:45:17.756+0000][gc,init] Large Page Support: Disabled
[2025-05-20T14:45:17.757+0000][gc,init] NUMA Support: Disabled
[2025-05-20T14:45:17.757+0000][gc,init] Compressed Oops: Enabled (32-bit)
[2025-05-20T14:45:17.758+0000][gc,init] Heap Region Size: 1M
[2025-05-20T14:45:17.758+0000][gc,init] Heap Min Capacity: 1G
[2025-05-20T14:45:17.758+0000][gc,init] Heap Initial Capacity: 1G
[2025-05-20T14:45:17.758+0000][gc,init] Heap Max Capacity: 1G
[2025-05-20T14:45:17.759+0000][gc,init] Pre-touch: Disabled
[2025-05-20T14:45:17.759+0000][gc,init] Parallel Workers: 10
[2025-05-20T14:45:17.759+0000][gc,init] Concurrent Workers: 3
[2025-05-20T14:45:17.759+0000][gc,init] Concurrent Refinement Workers: 10
[2025-05-20T14:45:17.759+0000][gc,init] Periodic GC: Disabled
[2025-05-20T14:45:17.852+0000][gc,metaspace] CDS archive(s) mapped at: [0x00007f3df5000000-0x00007f3df5bbe000-0x00007f3df8674000), size 57098240, SharedBaseAddress: 0x00007f3df5000000, ArchiveRelocationMode: 1.
[2025-05-20T14:45:17.855+0000][gc,metaspace] Compressed class space mapped at: 0x00007f3df9000000-0x00007f3e39000000, reserved size: 1073741824
[2025-05-20T14:45:17.870+0000][gc,metaspace] Narrow klass base: 0x00007f3df5000000, Narrow klass shift: 0, Narrow klass range: 0x100000000
[2025-05-20T14:45:21.210+0000][gc,start    ] GC(0) Pause Young (Normal) (G1 Evacuation Pause)
[2025-05-20T14:45:21.234+0000][gc,task     ] GC(0) Using 10 workers of 10 for evacuation
[2025-05-20T14:45:21.294+0000][gc,phases   ] GC(0)   Pre Evacuate Collection Set: 0.3ms
[2025-05-20T14:45:21.297+0000][gc,phases   ] GC(0)   Merge Heap Roots: 0.1ms
[2025-05-20T14:45:21.299+0000][gc,phases   ] GC(0)   Evacuate Collection Set: 56.0ms
[2025-05-20T14:45:21.301+0000][gc,phases   ] GC(0)   Post Evacuate Collection Set: 3.9ms
[2025-05-20T14:45:21.304+0000][gc,phases   ] GC(0)   Other: 20.8ms
[2025-05-20T14:45:21.306+0000][gc,heap     ] GC(0) Eden regions: 51->0(44)
[2025-05-20T14:45:21.307+0000][gc,heap     ] GC(0) Survivor regions: 0->7(7)
[2025-05-20T14:45:21.308+0000][gc,heap     ] GC(0) Old regions: 1->7
[2025-05-20T14:45:21.309+0000][gc,heap     ] GC(0) Humongous regions: 1->1
[2025-05-20T14:45:21.309+0000][gc,metaspace] GC(0) Metaspace: 5729K(5952K)->5729K(5952K) NonClass: 5059K(5184K)->5059K(5184K) Class: 670K(768K)->670K(768K)
[2025-05-20T14:45:21.310+0000][gc          ] GC(0) Pause Young (Normal) (G1 Evacuation Pause) 52M->14M(1024M) 99.515ms
[2025-05-20T14:45:21.310+0000][gc,cpu      ] GC(0) User=0.06s Sys=0.04s Real=0.10s
[2025-05-20T14:45:27.003+0000][gc,start    ] GC(1) Pause Young (Normal) (G1 Evacuation Pause)
[2025-05-20T14:45:27.003+0000][gc,task     ] GC(1) Using 10 workers of 10 for evacuation
[2025-05-20T14:45:27.016+0000][gc,phases   ] GC(1)   Pre Evacuate Collection Set: 0.3ms
[2025-05-20T14:45:27.016+0000][gc,phases   ] GC(1)   Merge Heap Roots: 0.1ms
[2025-05-20T14:45:27.016+0000][gc,phases   ] GC(1)   Evacuate Collection Set: 9.9ms
[2025-05-20T14:45:27.016+0000][gc,phases   ] GC(1)   Post Evacuate Collection Set: 1.4ms
[2025-05-20T14:45:27.016+0000][gc,phases   ] GC(1)   Other: 0.6ms
[2025-05-20T14:45:27.017+0000][gc,heap     ] GC(1) Eden regions: 44->0(59)
[2025-05-20T14:45:27.017+0000][gc,heap     ] GC(1) Survivor regions: 7->3(7)
[2025-05-20T14:45:27.017+0000][gc,heap     ] GC(1) Old regions: 7->14
[2025-05-20T14:45:27.017+0000][gc,heap     ] GC(1) Humongous regions: 1->1
[2025-05-20T14:45:27.017+0000][gc,metaspace] GC(1) Metaspace: 7895K(8128K)->7895K(8128K) NonClass: 7013K(7104K)->7013K(7104K) Class: 882K(1024K)->882K(1024K)
[2025-05-20T14:45:27.017+0000][gc          ] GC(1) Pause Young (Normal) (G1 Evacuation Pause) 58M->16M(1024M) 14.252ms
[2025-05-20T14:45:27.017+0000][gc,cpu      ] GC(1) User=0.03s Sys=0.01s Real=0.01s
[2025-05-20T14:45:27.483+0000][gc,start    ] GC(2) Pause Young (Normal) (G1 Evacuation Pause)
[2025-05-20T14:45:27.484+0000][gc,task     ] GC(2) Using 10 workers of 10 for evacuation
[2025-05-20T14:45:27.493+0000][gc,phases   ] GC(2)   Pre Evacuate Collection Set: 0.7ms
[2025-05-20T14:45:27.493+0000][gc,phases   ] GC(2)   Merge Heap Roots: 0.2ms
[2025-05-20T14:45:27.493+0000][gc,phases   ] GC(2)   Evacuate Collection Set: 6.6ms
[2025-05-20T14:45:27.493+0000][gc,phases   ] GC(2)   Post Evacuate Collection Set: 0.9ms
[2025-05-20T14:45:27.493+0000][gc,phases   ] GC(2)   Other: 0.4ms
[2025-05-20T14:45:27.494+0000][gc,heap     ] GC(2) Eden regions: 67->0(234)
[2025-05-20T14:45:27.494+0000][gc,heap     ] GC(2) Survivor regions: 3->5(9)
[2025-05-20T14:45:27.494+0000][gc,heap     ] GC(2) Old regions: 14->14
[2025-05-20T14:45:27.494+0000][gc,heap     ] GC(2) Humongous regions: 1->1
[2025-05-20T14:45:27.494+0000][gc,metaspace] GC(2) Metaspace: 8403K(8704K)->8403K(8704K) NonClass: 7463K(7616K)->7463K(7616K) Class: 940K(1088K)->940K(1088K)
[2025-05-20T14:45:27.494+0000][gc          ] GC(2) Pause Young (Normal) (G1 Evacuation Pause) 83M->18M(1024M) 10.972ms
[2025-05-20T14:45:27.494+0000][gc,cpu      ] GC(2) User=0.04s Sys=0.04s Real=0.01s
[2025-05-20T14:45:37.329+0000][gc,start    ] GC(3) Pause Young (Normal) (G1 Evacuation Pause)
[2025-05-20T14:45:37.329+0000][gc,task     ] GC(3) Using 10 workers of 10 for evacuation
[2025-05-20T14:45:37.336+0000][gc,phases   ] GC(3)   Pre Evacuate Collection Set: 0.3ms
[2025-05-20T14:45:37.336+0000][gc,phases   ] GC(3)   Merge Heap Roots: 0.3ms
[2025-05-20T14:45:37.337+0000][gc,phases   ] GC(3)   Evacuate Collection Set: 5.2ms
[2025-05-20T14:45:37.337+0000][gc,phases   ] GC(3)   Post Evacuate Collection Set: 0.9ms
[2025-05-20T14:45:37.337+0000][gc,phases   ] GC(3)   Other: 0.4ms
[2025-05-20T14:45:37.337+0000][gc,heap     ] GC(3) Eden regions: 251->0(607)
[2025-05-20T14:45:37.337+0000][gc,heap     ] GC(3) Survivor regions: 5->7(32)
[2025-05-20T14:45:37.337+0000][gc,heap     ] GC(3) Old regions: 14->14
[2025-05-20T14:45:37.338+0000][gc,heap     ] GC(3) Humongous regions: 1->1
[2025-05-20T14:45:37.338+0000][gc,metaspace] GC(3) Metaspace: 10006K(10432K)->10006K(10432K) NonClass: 8887K(9088K)->8887K(9088K) Class: 1118K(1344K)->1118K(1344K)
[2025-05-20T14:45:37.338+0000][gc          ] GC(3) Pause Young (Normal) (G1 Evacuation Pause) 269M->20M(1024M) 9.343ms
[2025-05-20T14:45:37.338+0000][gc,cpu      ] GC(3) User=0.04s Sys=0.01s Real=0.00s
[2025-05-20T14:46:01.786+0000][gc,start    ] GC(4) Pause Young (Normal) (G1 Evacuation Pause)
[2025-05-20T14:46:01.786+0000][gc,task     ] GC(4) Using 10 workers of 10 for evacuation
[2025-05-20T14:46:01.792+0000][gc,phases   ] GC(4)   Pre Evacuate Collection Set: 0.7ms
[2025-05-20T14:46:01.792+0000][gc,phases   ] GC(4)   Merge Heap Roots: 0.2ms
[2025-05-20T14:46:01.793+0000][gc,phases   ] GC(4)   Evacuate Collection Set: 3.3ms
[2025-05-20T14:46:01.793+0000][gc,phases   ] GC(4)   Post Evacuate Collection Set: 1.2ms
[2025-05-20T14:46:01.793+0000][gc,phases   ] GC(4)   Other: 0.4ms
[2025-05-20T14:46:01.793+0000][gc,heap     ] GC(4) Eden regions: 607->0(609)
[2025-05-20T14:46:01.793+0000][gc,heap     ] GC(4) Survivor regions: 7->5(77)
[2025-05-20T14:46:01.793+0000][gc,heap     ] GC(4) Old regions: 14->14
[2025-05-20T14:46:01.794+0000][gc,heap     ] GC(4) Humongous regions: 1->1
[2025-05-20T14:46:01.794+0000][gc,metaspace] GC(4) Metaspace: 10391K(10752K)->10391K(10752K) NonClass: 9267K(9408K)->9267K(9408K) Class: 1123K(1344K)->1123K(1344K)
[2025-05-20T14:46:01.794+0000][gc          ] GC(4) Pause Young (Normal) (G1 Evacuation Pause) 627M->19M(1024M) 7.761ms
[2025-05-20T14:46:01.794+0000][gc,cpu      ] GC(4) User=0.03s Sys=0.01s Real=0.01s
[2025-05-20T14:46:26.979+0000][gc,start    ] GC(5) Pause Young (Normal) (G1 Evacuation Pause)
[2025-05-20T14:46:26.979+0000][gc,task     ] GC(5) Using 10 workers of 10 for evacuation
[2025-05-20T14:46:26.984+0000][gc,phases   ] GC(5)   Pre Evacuate Collection Set: 0.6ms
[2025-05-20T14:46:26.984+0000][gc,phases   ] GC(5)   Merge Heap Roots: 0.2ms
[2025-05-20T14:46:26.984+0000][gc,phases   ] GC(5)   Evacuate Collection Set: 2.6ms
[2025-05-20T14:46:26.984+0000][gc,phases   ] GC(5)   Post Evacuate Collection Set: 1.1ms
[2025-05-20T14:46:26.985+0000][gc,phases   ] GC(5)   Other: 0.3ms
[2025-05-20T14:46:26.985+0000][gc,heap     ] GC(5) Eden regions: 609->0(608)
[2025-05-20T14:46:26.985+0000][gc,heap     ] GC(5) Survivor regions: 5->6(77)
[2025-05-20T14:46:26.985+0000][gc,heap     ] GC(5) Old regions: 14->14
[2025-05-20T14:46:26.985+0000][gc,heap     ] GC(5) Humongous regions: 1->1
[2025-05-20T14:46:26.985+0000][gc,metaspace] GC(5) Metaspace: 10645K(11008K)->10645K(11008K) NonClass: 9516K(9664K)->9516K(9664K) Class: 1129K(1344K)->1129K(1344K)
[2025-05-20T14:46:26.985+0000][gc          ] GC(5) Pause Young (Normal) (G1 Evacuation Pause) 628M->19M(1024M) 6.865ms
[2025-05-20T14:46:26.986+0000][gc,cpu      ] GC(5) User=0.02s Sys=0.02s Real=0.00s
[2025-05-20T14:46:48.491+0000][gc,start    ] GC(6) Pause Young (Normal) (G1 Evacuation Pause)
[2025-05-20T14:46:48.492+0000][gc,task     ] GC(6) Using 10 workers of 10 for evacuation
[2025-05-20T14:46:48.495+0000][gc,phases   ] GC(6)   Pre Evacuate Collection Set: 0.6ms
[2025-05-20T14:46:48.496+0000][gc,phases   ] GC(6)   Merge Heap Roots: 0.2ms
[2025-05-20T14:46:48.496+0000][gc,phases   ] GC(6)   Evacuate Collection Set: 1.9ms
[2025-05-20T14:46:48.496+0000][gc,phases   ] GC(6)   Post Evacuate Collection Set: 0.9ms
[2025-05-20T14:46:48.496+0000][gc,phases   ] GC(6)   Other: 0.3ms
[2025-05-20T14:46:48.496+0000][gc,heap     ] GC(6) Eden regions: 608->0(609)
[2025-05-20T14:46:48.496+0000][gc,heap     ] GC(6) Survivor regions: 6->5(77)
[2025-05-20T14:46:48.496+0000][gc,heap     ] GC(6) Old regions: 14->14
[2025-05-20T14:46:48.497+0000][gc,heap     ] GC(6) Humongous regions: 1->1
[2025-05-20T14:46:48.497+0000][gc,metaspace] GC(6) Metaspace: 10721K(11072K)->10721K(11072K) NonClass: 9589K(9728K)->9589K(9728K) Class: 1131K(1344K)->1131K(1344K)
[2025-05-20T14:46:48.497+0000][gc          ] GC(6) Pause Young (Normal) (G1 Evacuation Pause) 627M->19M(1024M) 5.585ms
[2025-05-20T14:46:48.497+0000][gc,cpu      ] GC(6) User=0.02s Sys=0.01s Real=0.01s
[2025-05-20T14:47:14.677+0000][gc,start    ] GC(7) Pause Young (Normal) (G1 Evacuation Pause)
[2025-05-20T14:47:14.678+0000][gc,task     ] GC(7) Using 10 workers of 10 for evacuation
[2025-05-20T14:47:14.682+0000][gc,phases   ] GC(7)   Pre Evacuate Collection Set: 0.6ms
[2025-05-20T14:47:14.682+0000][gc,phases   ] GC(7)   Merge Heap Roots: 0.2ms
[2025-05-20T14:47:14.683+0000][gc,phases   ] GC(7)   Evacuate Collection Set: 2.3ms
[2025-05-20T14:47:14.683+0000][gc,phases   ] GC(7)   Post Evacuate Collection Set: 1.0ms
[2025-05-20T14:47:14.683+0000][gc,phases   ] GC(7)   Other: 0.3ms
[2025-05-20T14:47:14.683+0000][gc,heap     ] GC(7) Eden regions: 609->0(609)
[2025-05-20T14:47:14.683+0000][gc,heap     ] GC(7) Survivor regions: 5->5(77)
[2025-05-20T14:47:14.683+0000][gc,heap     ] GC(7) Old regions: 14->14
[2025-05-20T14:47:14.683+0000][gc,heap     ] GC(7) Humongous regions: 1->1
[2025-05-20T14:47:14.684+0000][gc,metaspace] GC(7) Metaspace: 10826K(11200K)->10826K(11200K) NonClass: 9691K(9856K)->9691K(9856K) Class: 1134K(1344K)->1134K(1344K)
[2025-05-20T14:47:14.684+0000][gc          ] GC(7) Pause Young (Normal) (G1 Evacuation Pause) 628M->18M(1024M) 6.268ms
[2025-05-20T14:47:14.684+0000][gc,cpu      ] GC(7) User=0.01s Sys=0.02s Real=0.00s
[2025-05-20T14:47:22.257+0000][gc,heap,exit] Heap
[2025-05-20T14:47:22.257+0000][gc,heap,exit]  garbage-first heap   total 1048576K, used 44978K [0x00000000c0000000, 0x0000000100000000)
[2025-05-20T14:47:22.257+0000][gc,heap,exit]   region size 1024K, 21 young (21504K), 5 survivors (5120K)
[2025-05-20T14:47:22.257+0000][gc,heap,exit]  Metaspace       used 11222K, committed 11584K, reserved 1114112K
[2025-05-20T14:47:22.258+0000][gc,heap,exit]   class space    used 1210K, committed 1408K, reserved 1048576K
