[2025-05-20T23:12:48.696+0000][gc,init] CardTable entry size: 512
[2025-05-20T23:12:48.697+0000][gc     ] Using G1
[2025-05-20T23:12:48.713+0000][gc,init] Version: 21.0.4+7-LTS (release)
[2025-05-20T23:12:48.714+0000][gc,init] CPUs: 12 total, 12 available
[2025-05-20T23:12:48.714+0000][gc,init] Memory: 15597M
[2025-05-20T23:12:48.714+0000][gc,init] Large Page Support: Disabled
[2025-05-20T23:12:48.714+0000][gc,init] NUMA Support: Disabled
[2025-05-20T23:12:48.714+0000][gc,init] Compressed Oops: Enabled (32-bit)
[2025-05-20T23:12:48.715+0000][gc,init] Heap Region Size: 1M
[2025-05-20T23:12:48.715+0000][gc,init] Heap Min Capacity: 1G
[2025-05-20T23:12:48.715+0000][gc,init] Heap Initial Capacity: 1G
[2025-05-20T23:12:48.715+0000][gc,init] Heap Max Capacity: 1G
[2025-05-20T23:12:48.715+0000][gc,init] Pre-touch: Disabled
[2025-05-20T23:12:48.716+0000][gc,init] Parallel Workers: 10
[2025-05-20T23:12:48.716+0000][gc,init] Concurrent Workers: 3
[2025-05-20T23:12:48.716+0000][gc,init] Concurrent Refinement Workers: 10
[2025-05-20T23:12:48.717+0000][gc,init] Periodic GC: Disabled
[2025-05-20T23:12:48.777+0000][gc,metaspace] CDS archive(s) mapped at: [0x00007f5e43000000-0x00007f5e43bbe000-0x00007f5e46674000), size 57098240, SharedBaseAddress: 0x00007f5e43000000, ArchiveRelocationMode: 1.
[2025-05-20T23:12:48.777+0000][gc,metaspace] Compressed class space mapped at: 0x00007f5e47000000-0x00007f5e87000000, reserved size: 1073741824
[2025-05-20T23:12:48.778+0000][gc,metaspace] Narrow klass base: 0x00007f5e43000000, Narrow klass shift: 0, Narrow klass range: 0x100000000
[2025-05-20T23:12:55.848+0000][gc,start    ] GC(0) Pause Young (Normal) (G1 Evacuation Pause)
[2025-05-20T23:12:55.865+0000][gc,task     ] GC(0) Using 10 workers of 10 for evacuation
[2025-05-20T23:12:55.922+0000][gc,phases   ] GC(0)   Pre Evacuate Collection Set: 0.4ms
[2025-05-20T23:12:55.934+0000][gc,phases   ] GC(0)   Merge Heap Roots: 0.1ms
[2025-05-20T23:12:55.934+0000][gc,phases   ] GC(0)   Evacuate Collection Set: 33.9ms
[2025-05-20T23:12:55.934+0000][gc,phases   ] GC(0)   Post Evacuate Collection Set: 22.1ms
[2025-05-20T23:12:55.935+0000][gc,phases   ] GC(0)   Other: 17.2ms
[2025-05-20T23:12:55.935+0000][gc,heap     ] GC(0) Eden regions: 51->0(44)
[2025-05-20T23:12:55.935+0000][gc,heap     ] GC(0) Survivor regions: 0->7(7)
[2025-05-20T23:12:55.935+0000][gc,heap     ] GC(0) Old regions: 1->6
[2025-05-20T23:12:55.935+0000][gc,heap     ] GC(0) Humongous regions: 1->1
[2025-05-20T23:12:55.936+0000][gc,metaspace] GC(0) Metaspace: 5665K(5824K)->5665K(5824K) NonClass: 5019K(5120K)->5019K(5120K) Class: 646K(704K)->646K(704K)
[2025-05-20T23:12:55.936+0000][gc          ] GC(0) Pause Young (Normal) (G1 Evacuation Pause) 52M->13M(1024M) 87.619ms
[2025-05-20T23:12:55.936+0000][gc,cpu      ] GC(0) User=0.05s Sys=0.04s Real=0.09s
[2025-05-20T23:12:57.987+0000][gc,start    ] GC(1) Pause Young (Normal) (G1 Evacuation Pause)
[2025-05-20T23:12:57.988+0000][gc,task     ] GC(1) Using 10 workers of 10 for evacuation
[2025-05-20T23:12:58.043+0000][gc,phases   ] GC(1)   Pre Evacuate Collection Set: 0.4ms
[2025-05-20T23:12:58.045+0000][gc,phases   ] GC(1)   Merge Heap Roots: 0.2ms
[2025-05-20T23:12:58.048+0000][gc,phases   ] GC(1)   Evacuate Collection Set: 52.3ms
[2025-05-20T23:12:58.050+0000][gc,phases   ] GC(1)   Post Evacuate Collection Set: 1.2ms
[2025-05-20T23:12:58.051+0000][gc,phases   ] GC(1)   Other: 0.5ms
[2025-05-20T23:12:58.053+0000][gc,heap     ] GC(1) Eden regions: 44->0(58)
[2025-05-20T23:12:58.053+0000][gc,heap     ] GC(1) Survivor regions: 7->3(7)
[2025-05-20T23:12:58.054+0000][gc,heap     ] GC(1) Old regions: 6->14
[2025-05-20T23:12:58.054+0000][gc,heap     ] GC(1) Humongous regions: 10->10
[2025-05-20T23:12:58.055+0000][gc,metaspace] GC(1) Metaspace: 7783K(8064K)->7783K(8064K) NonClass: 6896K(7040K)->6896K(7040K) Class: 887K(1024K)->887K(1024K)
[2025-05-20T23:12:58.059+0000][gc          ] GC(1) Pause Young (Normal) (G1 Evacuation Pause) 66M->26M(1024M) 72.054ms
[2025-05-20T23:12:58.060+0000][gc,cpu      ] GC(1) User=0.03s Sys=0.02s Real=0.07s
[2025-05-20T23:12:59.852+0000][gc,start    ] GC(2) Pause Young (Normal) (G1 Evacuation Pause)
[2025-05-20T23:12:59.852+0000][gc,task     ] GC(2) Using 10 workers of 10 for evacuation
[2025-05-20T23:12:59.868+0000][gc,phases   ] GC(2)   Pre Evacuate Collection Set: 0.3ms
[2025-05-20T23:12:59.868+0000][gc,phases   ] GC(2)   Merge Heap Roots: 0.1ms
[2025-05-20T23:12:59.868+0000][gc,phases   ] GC(2)   Evacuate Collection Set: 13.9ms
[2025-05-20T23:12:59.869+0000][gc,phases   ] GC(2)   Post Evacuate Collection Set: 0.9ms
[2025-05-20T23:12:59.870+0000][gc,phases   ] GC(2)   Other: 0.3ms
[2025-05-20T23:12:59.870+0000][gc,heap     ] GC(2) Eden regions: 63->0(315)
[2025-05-20T23:12:59.870+0000][gc,heap     ] GC(2) Survivor regions: 3->6(9)
[2025-05-20T23:12:59.870+0000][gc,heap     ] GC(2) Old regions: 14->14
[2025-05-20T23:12:59.870+0000][gc,heap     ] GC(2) Humongous regions: 10->10
[2025-05-20T23:12:59.871+0000][gc,metaspace] GC(2) Metaspace: 9182K(9536K)->9182K(9536K) NonClass: 8130K(8320K)->8130K(8320K) Class: 1052K(1216K)->1052K(1216K)
[2025-05-20T23:12:59.871+0000][gc          ] GC(2) Pause Young (Normal) (G1 Evacuation Pause) 89M->28M(1024M) 19.177ms
[2025-05-20T23:12:59.871+0000][gc,cpu      ] GC(2) User=0.01s Sys=0.02s Real=0.02s
[2025-05-20T23:13:37.035+0000][gc,start    ] GC(3) Pause Young (Normal) (G1 Evacuation Pause)
[2025-05-20T23:13:37.036+0000][gc,task     ] GC(3) Using 10 workers of 10 for evacuation
[2025-05-20T23:13:37.044+0000][gc,phases   ] GC(3)   Pre Evacuate Collection Set: 0.5ms
[2025-05-20T23:13:37.044+0000][gc,phases   ] GC(3)   Merge Heap Roots: 0.2ms
[2025-05-20T23:13:37.044+0000][gc,phases   ] GC(3)   Evacuate Collection Set: 4.6ms
[2025-05-20T23:13:37.045+0000][gc,phases   ] GC(3)   Post Evacuate Collection Set: 2.5ms
[2025-05-20T23:13:37.045+0000][gc,phases   ] GC(3)   Other: 0.5ms
[2025-05-20T23:13:37.045+0000][gc,heap     ] GC(3) Eden regions: 332->0(608)
[2025-05-20T23:13:37.045+0000][gc,heap     ] GC(3) Survivor regions: 6->6(43)
[2025-05-20T23:13:37.045+0000][gc,heap     ] GC(3) Old regions: 14->14
[2025-05-20T23:13:37.046+0000][gc,heap     ] GC(3) Humongous regions: 10->10
[2025-05-20T23:13:37.046+0000][gc,metaspace] GC(3) Metaspace: 10685K(11072K)->10685K(11072K) NonClass: 9579K(9792K)->9579K(9792K) Class: 1106K(1280K)->1106K(1280K)
[2025-05-20T23:13:37.046+0000][gc          ] GC(3) Pause Young (Normal) (G1 Evacuation Pause) 360M->28M(1024M) 11.232ms
[2025-05-20T23:13:37.046+0000][gc,cpu      ] GC(3) User=0.05s Sys=0.01s Real=0.01s
[2025-05-20T23:14:37.186+0000][gc,start    ] GC(4) Pause Young (Normal) (G1 Evacuation Pause)
[2025-05-20T23:14:37.186+0000][gc,task     ] GC(4) Using 10 workers of 10 for evacuation
[2025-05-20T23:14:37.194+0000][gc,phases   ] GC(4)   Pre Evacuate Collection Set: 0.4ms
[2025-05-20T23:14:37.194+0000][gc,phases   ] GC(4)   Merge Heap Roots: 0.3ms
[2025-05-20T23:14:37.194+0000][gc,phases   ] GC(4)   Evacuate Collection Set: 5.4ms
[2025-05-20T23:14:37.194+0000][gc,phases   ] GC(4)   Post Evacuate Collection Set: 1.2ms
[2025-05-20T23:14:37.194+0000][gc,phases   ] GC(4)   Other: 0.3ms
[2025-05-20T23:14:37.194+0000][gc,heap     ] GC(4) Eden regions: 608->0(607)
[2025-05-20T23:14:37.194+0000][gc,heap     ] GC(4) Survivor regions: 6->7(77)
[2025-05-20T23:14:37.195+0000][gc,heap     ] GC(4) Old regions: 14->14
[2025-05-20T23:14:37.195+0000][gc,heap     ] GC(4) Humongous regions: 10->10
[2025-05-20T23:14:37.195+0000][gc,metaspace] GC(4) Metaspace: 11065K(11456K)->11065K(11456K) NonClass: 9949K(10112K)->9949K(10112K) Class: 1116K(1344K)->1116K(1344K)
[2025-05-20T23:14:37.195+0000][gc          ] GC(4) Pause Young (Normal) (G1 Evacuation Pause) 636M->30M(1024M) 9.152ms
[2025-05-20T23:14:37.195+0000][gc,cpu      ] GC(4) User=0.02s Sys=0.03s Real=0.01s
[2025-05-20T23:15:46.947+0000][gc,start    ] GC(5) Pause Young (Normal) (G1 Evacuation Pause)
[2025-05-20T23:15:46.948+0000][gc,task     ] GC(5) Using 10 workers of 10 for evacuation
[2025-05-20T23:15:46.952+0000][gc,phases   ] GC(5)   Pre Evacuate Collection Set: 0.4ms
[2025-05-20T23:15:46.953+0000][gc,phases   ] GC(5)   Merge Heap Roots: 0.3ms
[2025-05-20T23:15:46.953+0000][gc,phases   ] GC(5)   Evacuate Collection Set: 2.6ms
[2025-05-20T23:15:46.953+0000][gc,phases   ] GC(5)   Post Evacuate Collection Set: 1.0ms
[2025-05-20T23:15:46.953+0000][gc,phases   ] GC(5)   Other: 0.4ms
[2025-05-20T23:15:46.953+0000][gc,heap     ] GC(5) Eden regions: 607->0(608)
[2025-05-20T23:15:46.953+0000][gc,heap     ] GC(5) Survivor regions: 7->6(77)
[2025-05-20T23:15:46.954+0000][gc,heap     ] GC(5) Old regions: 14->14
[2025-05-20T23:15:46.954+0000][gc,heap     ] GC(5) Humongous regions: 10->10
[2025-05-20T23:15:46.954+0000][gc,metaspace] GC(5) Metaspace: 11283K(11648K)->11283K(11648K) NonClass: 10156K(10304K)->10156K(10304K) Class: 1126K(1344K)->1126K(1344K)
[2025-05-20T23:15:46.954+0000][gc          ] GC(5) Pause Young (Normal) (G1 Evacuation Pause) 637M->29M(1024M) 6.766ms
[2025-05-20T23:15:46.954+0000][gc,cpu      ] GC(5) User=0.02s Sys=0.00s Real=0.00s
[2025-05-20T23:16:47.056+0000][gc,start    ] GC(6) Pause Young (Normal) (G1 Evacuation Pause)
[2025-05-20T23:16:47.056+0000][gc,task     ] GC(6) Using 10 workers of 10 for evacuation
[2025-05-20T23:16:47.061+0000][gc,phases   ] GC(6)   Pre Evacuate Collection Set: 0.4ms
[2025-05-20T23:16:47.061+0000][gc,phases   ] GC(6)   Merge Heap Roots: 0.2ms
[2025-05-20T23:16:47.061+0000][gc,phases   ] GC(6)   Evacuate Collection Set: 2.4ms
[2025-05-20T23:16:47.061+0000][gc,phases   ] GC(6)   Post Evacuate Collection Set: 0.9ms
[2025-05-20T23:16:47.061+0000][gc,phases   ] GC(6)   Other: 0.3ms
[2025-05-20T23:16:47.061+0000][gc,heap     ] GC(6) Eden regions: 608->0(607)
[2025-05-20T23:16:47.062+0000][gc,heap     ] GC(6) Survivor regions: 6->7(77)
[2025-05-20T23:16:47.062+0000][gc,heap     ] GC(6) Old regions: 14->14
[2025-05-20T23:16:47.062+0000][gc,heap     ] GC(6) Humongous regions: 10->10
[2025-05-20T23:16:47.062+0000][gc,metaspace] GC(6) Metaspace: 11418K(11840K)->11418K(11840K) NonClass: 10291K(10496K)->10291K(10496K) Class: 1126K(1344K)->1126K(1344K)
[2025-05-20T23:16:47.062+0000][gc          ] GC(6) Pause Young (Normal) (G1 Evacuation Pause) 637M->30M(1024M) 6.113ms
[2025-05-20T23:16:47.062+0000][gc,cpu      ] GC(6) User=0.03s Sys=0.00s Real=0.00s
[2025-05-20T23:17:47.175+0000][gc,start    ] GC(7) Pause Young (Normal) (G1 Evacuation Pause)
[2025-05-20T23:17:47.176+0000][gc,task     ] GC(7) Using 10 workers of 10 for evacuation
[2025-05-20T23:17:47.182+0000][gc,phases   ] GC(7)   Pre Evacuate Collection Set: 0.4ms
[2025-05-20T23:17:47.182+0000][gc,phases   ] GC(7)   Merge Heap Roots: 0.3ms
[2025-05-20T23:17:47.182+0000][gc,phases   ] GC(7)   Evacuate Collection Set: 4.0ms
[2025-05-20T23:17:47.182+0000][gc,phases   ] GC(7)   Post Evacuate Collection Set: 1.2ms
[2025-05-20T23:17:47.183+0000][gc,phases   ] GC(7)   Other: 0.3ms
[2025-05-20T23:17:47.183+0000][gc,heap     ] GC(7) Eden regions: 607->0(606)
[2025-05-20T23:17:47.183+0000][gc,heap     ] GC(7) Survivor regions: 7->8(77)
[2025-05-20T23:17:47.183+0000][gc,heap     ] GC(7) Old regions: 14->14
[2025-05-20T23:17:47.183+0000][gc,heap     ] GC(7) Humongous regions: 10->10
[2025-05-20T23:17:47.183+0000][gc,metaspace] GC(7) Metaspace: 11577K(11968K)->11577K(11968K) NonClass: 10448K(10624K)->10448K(10624K) Class: 1128K(1344K)->1128K(1344K)
[2025-05-20T23:17:47.183+0000][gc          ] GC(7) Pause Young (Normal) (G1 Evacuation Pause) 637M->31M(1024M) 8.042ms
[2025-05-20T23:17:47.183+0000][gc,cpu      ] GC(7) User=0.03s Sys=0.01s Real=0.01s
[2025-05-20T23:18:56.988+0000][gc,start    ] GC(8) Pause Young (Normal) (G1 Evacuation Pause)
[2025-05-20T23:18:56.988+0000][gc,task     ] GC(8) Using 10 workers of 10 for evacuation
[2025-05-20T23:18:56.993+0000][gc,phases   ] GC(8)   Pre Evacuate Collection Set: 0.4ms
[2025-05-20T23:18:56.993+0000][gc,phases   ] GC(8)   Merge Heap Roots: 0.3ms
[2025-05-20T23:18:56.993+0000][gc,phases   ] GC(8)   Evacuate Collection Set: 2.3ms
[2025-05-20T23:18:56.993+0000][gc,phases   ] GC(8)   Post Evacuate Collection Set: 0.9ms
[2025-05-20T23:18:56.993+0000][gc,phases   ] GC(8)   Other: 0.4ms
[2025-05-20T23:18:56.993+0000][gc,heap     ] GC(8) Eden regions: 606->0(607)
[2025-05-20T23:18:56.993+0000][gc,heap     ] GC(8) Survivor regions: 8->7(77)
[2025-05-20T23:18:56.994+0000][gc,heap     ] GC(8) Old regions: 14->14
[2025-05-20T23:18:56.994+0000][gc,heap     ] GC(8) Humongous regions: 10->10
[2025-05-20T23:18:56.994+0000][gc,metaspace] GC(8) Metaspace: 11626K(12032K)->11626K(12032K) NonClass: 10494K(10688K)->10494K(10688K) Class: 1132K(1344K)->1132K(1344K)
[2025-05-20T23:18:56.994+0000][gc          ] GC(8) Pause Young (Normal) (G1 Evacuation Pause) 637M->29M(1024M) 6.075ms
[2025-05-20T23:18:56.994+0000][gc,cpu      ] GC(8) User=0.02s Sys=0.00s Real=0.01s
[2025-05-20T23:19:57.155+0000][gc,start    ] GC(9) Pause Young (Normal) (G1 Evacuation Pause)
[2025-05-20T23:19:57.156+0000][gc,task     ] GC(9) Using 10 workers of 10 for evacuation
[2025-05-20T23:19:57.161+0000][gc,phases   ] GC(9)   Pre Evacuate Collection Set: 0.4ms
[2025-05-20T23:19:57.161+0000][gc,phases   ] GC(9)   Merge Heap Roots: 0.3ms
[2025-05-20T23:19:57.161+0000][gc,phases   ] GC(9)   Evacuate Collection Set: 2.7ms
[2025-05-20T23:19:57.161+0000][gc,phases   ] GC(9)   Post Evacuate Collection Set: 1.1ms
[2025-05-20T23:19:57.161+0000][gc,phases   ] GC(9)   Other: 0.3ms
[2025-05-20T23:19:57.161+0000][gc,heap     ] GC(9) Eden regions: 607->0(607)
[2025-05-20T23:19:57.162+0000][gc,heap     ] GC(9) Survivor regions: 7->7(77)
[2025-05-20T23:19:57.162+0000][gc,heap     ] GC(9) Old regions: 14->14
[2025-05-20T23:19:57.162+0000][gc,heap     ] GC(9) Humongous regions: 10->10
[2025-05-20T23:19:57.162+0000][gc,metaspace] GC(9) Metaspace: 11683K(12032K)->11683K(12032K) NonClass: 10548K(10688K)->10548K(10688K) Class: 1135K(1344K)->1135K(1344K)
[2025-05-20T23:19:57.162+0000][gc          ] GC(9) Pause Young (Normal) (G1 Evacuation Pause) 636M->30M(1024M) 6.838ms
[2025-05-20T23:19:57.162+0000][gc,cpu      ] GC(9) User=0.02s Sys=0.00s Real=0.01s
[2025-05-20T23:21:06.925+0000][gc,start    ] GC(10) Pause Young (Normal) (G1 Evacuation Pause)
[2025-05-20T23:21:06.926+0000][gc,task     ] GC(10) Using 10 workers of 10 for evacuation
[2025-05-20T23:21:06.930+0000][gc,phases   ] GC(10)   Pre Evacuate Collection Set: 0.4ms
[2025-05-20T23:21:06.930+0000][gc,phases   ] GC(10)   Merge Heap Roots: 0.3ms
[2025-05-20T23:21:06.931+0000][gc,phases   ] GC(10)   Evacuate Collection Set: 2.4ms
[2025-05-20T23:21:06.931+0000][gc,phases   ] GC(10)   Post Evacuate Collection Set: 1.1ms
[2025-05-20T23:21:06.931+0000][gc,phases   ] GC(10)   Other: 0.4ms
[2025-05-20T23:21:06.931+0000][gc,heap     ] GC(10) Eden regions: 607->0(607)
[2025-05-20T23:21:06.931+0000][gc,heap     ] GC(10) Survivor regions: 7->7(77)
[2025-05-20T23:21:06.931+0000][gc,heap     ] GC(10) Old regions: 14->14
[2025-05-20T23:21:06.931+0000][gc,heap     ] GC(10) Humongous regions: 10->10
[2025-05-20T23:21:06.932+0000][gc,metaspace] GC(10) Metaspace: 11732K(12096K)->11732K(12096K) NonClass: 10596K(10752K)->10596K(10752K) Class: 1136K(1344K)->1136K(1344K)
[2025-05-20T23:21:06.932+0000][gc          ] GC(10) Pause Young (Normal) (G1 Evacuation Pause) 637M->29M(1024M) 6.639ms
[2025-05-20T23:21:06.932+0000][gc,cpu      ] GC(10) User=0.02s Sys=0.00s Real=0.00s
[2025-05-20T23:22:07.065+0000][gc,start    ] GC(11) Pause Young (Normal) (G1 Evacuation Pause)
[2025-05-20T23:22:07.066+0000][gc,task     ] GC(11) Using 10 workers of 10 for evacuation
[2025-05-20T23:22:07.070+0000][gc,phases   ] GC(11)   Pre Evacuate Collection Set: 0.3ms
[2025-05-20T23:22:07.071+0000][gc,phases   ] GC(11)   Merge Heap Roots: 0.2ms
[2025-05-20T23:22:07.071+0000][gc,phases   ] GC(11)   Evacuate Collection Set: 2.7ms
[2025-05-20T23:22:07.071+0000][gc,phases   ] GC(11)   Post Evacuate Collection Set: 1.1ms
[2025-05-20T23:22:07.071+0000][gc,phases   ] GC(11)   Other: 0.3ms
[2025-05-20T23:22:07.071+0000][gc,heap     ] GC(11) Eden regions: 607->0(606)
[2025-05-20T23:22:07.071+0000][gc,heap     ] GC(11) Survivor regions: 7->8(77)
[2025-05-20T23:22:07.071+0000][gc,heap     ] GC(11) Old regions: 14->14
[2025-05-20T23:22:07.072+0000][gc,heap     ] GC(11) Humongous regions: 10->10
[2025-05-20T23:22:07.072+0000][gc,metaspace] GC(11) Metaspace: 11765K(12160K)->11765K(12160K) NonClass: 10629K(10816K)->10629K(10816K) Class: 1136K(1344K)->1136K(1344K)
[2025-05-20T23:22:07.072+0000][gc          ] GC(11) Pause Young (Normal) (G1 Evacuation Pause) 636M->30M(1024M) 6.497ms
[2025-05-20T23:22:07.072+0000][gc,cpu      ] GC(11) User=0.03s Sys=0.00s Real=0.01s
[2025-05-20T23:23:16.433+0000][gc,start    ] GC(12) Pause Young (Normal) (G1 Evacuation Pause)
[2025-05-20T23:23:16.434+0000][gc,task     ] GC(12) Using 10 workers of 10 for evacuation
[2025-05-20T23:23:16.438+0000][gc,phases   ] GC(12)   Pre Evacuate Collection Set: 0.3ms
[2025-05-20T23:23:16.438+0000][gc,phases   ] GC(12)   Merge Heap Roots: 0.2ms
[2025-05-20T23:23:16.438+0000][gc,phases   ] GC(12)   Evacuate Collection Set: 2.3ms
[2025-05-20T23:23:16.438+0000][gc,phases   ] GC(12)   Post Evacuate Collection Set: 0.9ms
[2025-05-20T23:23:16.438+0000][gc,phases   ] GC(12)   Other: 0.3ms
[2025-05-20T23:23:16.438+0000][gc,heap     ] GC(12) Eden regions: 606->0(608)
[2025-05-20T23:23:16.438+0000][gc,heap     ] GC(12) Survivor regions: 8->6(77)
[2025-05-20T23:23:16.439+0000][gc,heap     ] GC(12) Old regions: 14->14
[2025-05-20T23:23:16.439+0000][gc,heap     ] GC(12) Humongous regions: 10->10
[2025-05-20T23:23:16.439+0000][gc,metaspace] GC(12) Metaspace: 11799K(12160K)->11799K(12160K) NonClass: 10662K(10816K)->10662K(10816K) Class: 1136K(1344K)->1136K(1344K)
[2025-05-20T23:23:16.439+0000][gc          ] GC(12) Pause Young (Normal) (G1 Evacuation Pause) 636M->29M(1024M) 5.830ms
[2025-05-20T23:23:16.439+0000][gc,cpu      ] GC(12) User=0.01s Sys=0.01s Real=0.01s
[2025-05-20T23:24:17.010+0000][gc,start    ] GC(13) Pause Young (Normal) (G1 Evacuation Pause)
[2025-05-20T23:24:17.011+0000][gc,task     ] GC(13) Using 10 workers of 10 for evacuation
[2025-05-20T23:24:17.015+0000][gc,phases   ] GC(13)   Pre Evacuate Collection Set: 0.3ms
[2025-05-20T23:24:17.015+0000][gc,phases   ] GC(13)   Merge Heap Roots: 0.2ms
[2025-05-20T23:24:17.015+0000][gc,phases   ] GC(13)   Evacuate Collection Set: 2.5ms
[2025-05-20T23:24:17.015+0000][gc,phases   ] GC(13)   Post Evacuate Collection Set: 0.9ms
[2025-05-20T23:24:17.015+0000][gc,phases   ] GC(13)   Other: 0.3ms
[2025-05-20T23:24:17.016+0000][gc,heap     ] GC(13) Eden regions: 608->0(607)
[2025-05-20T23:24:17.016+0000][gc,heap     ] GC(13) Survivor regions: 6->7(77)
[2025-05-20T23:24:17.016+0000][gc,heap     ] GC(13) Old regions: 14->14
[2025-05-20T23:24:17.016+0000][gc,heap     ] GC(13) Humongous regions: 10->10
[2025-05-20T23:24:17.016+0000][gc,metaspace] GC(13) Metaspace: 11866K(12224K)->11866K(12224K) NonClass: 10725K(10880K)->10725K(10880K) Class: 1141K(1344K)->1141K(1344K)
[2025-05-20T23:24:17.016+0000][gc          ] GC(13) Pause Young (Normal) (G1 Evacuation Pause) 637M->30M(1024M) 5.880ms
[2025-05-20T23:24:17.016+0000][gc,cpu      ] GC(13) User=0.01s Sys=0.01s Real=0.01s
[2025-05-20T23:25:17.139+0000][gc,start    ] GC(14) Pause Young (Normal) (G1 Evacuation Pause)
[2025-05-20T23:25:17.139+0000][gc,task     ] GC(14) Using 10 workers of 10 for evacuation
[2025-05-20T23:25:17.144+0000][gc,phases   ] GC(14)   Pre Evacuate Collection Set: 0.4ms
[2025-05-20T23:25:17.145+0000][gc,phases   ] GC(14)   Merge Heap Roots: 0.2ms
[2025-05-20T23:25:17.145+0000][gc,phases   ] GC(14)   Evacuate Collection Set: 2.8ms
[2025-05-20T23:25:17.145+0000][gc,phases   ] GC(14)   Post Evacuate Collection Set: 1.1ms
[2025-05-20T23:25:17.145+0000][gc,phases   ] GC(14)   Other: 0.4ms
[2025-05-20T23:25:17.145+0000][gc,heap     ] GC(14) Eden regions: 607->0(606)
[2025-05-20T23:25:17.145+0000][gc,heap     ] GC(14) Survivor regions: 7->8(77)
[2025-05-20T23:25:17.145+0000][gc,heap     ] GC(14) Old regions: 14->14
[2025-05-20T23:25:17.145+0000][gc,heap     ] GC(14) Humongous regions: 10->10
[2025-05-20T23:25:17.146+0000][gc,metaspace] GC(14) Metaspace: 11877K(12288K)->11877K(12288K) NonClass: 10736K(10944K)->10736K(10944K) Class: 1141K(1344K)->1141K(1344K)
[2025-05-20T23:25:17.146+0000][gc          ] GC(14) Pause Young (Normal) (G1 Evacuation Pause) 637M->31M(1024M) 6.792ms
[2025-05-20T23:25:17.146+0000][gc,cpu      ] GC(14) User=0.02s Sys=0.00s Real=0.01s
[2025-05-20T23:26:26.962+0000][gc,start    ] GC(15) Pause Young (Normal) (G1 Evacuation Pause)
[2025-05-20T23:26:26.962+0000][gc,task     ] GC(15) Using 10 workers of 10 for evacuation
[2025-05-20T23:26:26.967+0000][gc,phases   ] GC(15)   Pre Evacuate Collection Set: 0.4ms
[2025-05-20T23:26:26.967+0000][gc,phases   ] GC(15)   Merge Heap Roots: 0.3ms
[2025-05-20T23:26:26.967+0000][gc,phases   ] GC(15)   Evacuate Collection Set: 2.4ms
[2025-05-20T23:26:26.968+0000][gc,phases   ] GC(15)   Post Evacuate Collection Set: 1.2ms
[2025-05-20T23:26:26.968+0000][gc,phases   ] GC(15)   Other: 0.3ms
[2025-05-20T23:26:26.968+0000][gc,heap     ] GC(15) Eden regions: 606->0(607)
[2025-05-20T23:26:26.968+0000][gc,heap     ] GC(15) Survivor regions: 8->7(77)
[2025-05-20T23:26:26.968+0000][gc,heap     ] GC(15) Old regions: 14->14
[2025-05-20T23:26:26.968+0000][gc,heap     ] GC(15) Humongous regions: 10->10
[2025-05-20T23:26:26.968+0000][gc,metaspace] GC(15) Metaspace: 11900K(12288K)->11900K(12288K) NonClass: 10758K(10944K)->10758K(10944K) Class: 1141K(1344K)->1141K(1344K)
[2025-05-20T23:26:26.969+0000][gc          ] GC(15) Pause Young (Normal) (G1 Evacuation Pause) 637M->30M(1024M) 6.601ms
[2025-05-20T23:26:26.969+0000][gc,cpu      ] GC(15) User=0.02s Sys=0.01s Real=0.00s
[2025-05-20T23:27:27.107+0000][gc,start    ] GC(16) Pause Young (Normal) (G1 Evacuation Pause)
[2025-05-20T23:27:27.107+0000][gc,task     ] GC(16) Using 10 workers of 10 for evacuation
[2025-05-20T23:27:27.113+0000][gc,phases   ] GC(16)   Pre Evacuate Collection Set: 0.3ms
[2025-05-20T23:27:27.113+0000][gc,phases   ] GC(16)   Merge Heap Roots: 0.2ms
[2025-05-20T23:27:27.113+0000][gc,phases   ] GC(16)   Evacuate Collection Set: 3.8ms
[2025-05-20T23:27:27.113+0000][gc,phases   ] GC(16)   Post Evacuate Collection Set: 1.0ms
[2025-05-20T23:27:27.113+0000][gc,phases   ] GC(16)   Other: 0.3ms
[2025-05-20T23:27:27.114+0000][gc,heap     ] GC(16) Eden regions: 607->0(607)
[2025-05-20T23:27:27.114+0000][gc,heap     ] GC(16) Survivor regions: 7->7(77)
[2025-05-20T23:27:27.114+0000][gc,heap     ] GC(16) Old regions: 14->16
[2025-05-20T23:27:27.114+0000][gc,heap     ] GC(16) Humongous regions: 10->10
[2025-05-20T23:27:27.114+0000][gc,metaspace] GC(16) Metaspace: 11945K(12288K)->11945K(12288K) NonClass: 10803K(10944K)->10803K(10944K) Class: 1141K(1344K)->1141K(1344K)
[2025-05-20T23:27:27.114+0000][gc          ] GC(16) Pause Young (Normal) (G1 Evacuation Pause) 637M->31M(1024M) 7.476ms
[2025-05-20T23:27:27.114+0000][gc,cpu      ] GC(16) User=0.02s Sys=0.01s Real=0.00s
[2025-05-20T23:28:36.905+0000][gc,start    ] GC(17) Pause Young (Normal) (G1 Evacuation Pause)
[2025-05-20T23:28:36.905+0000][gc,task     ] GC(17) Using 10 workers of 10 for evacuation
[2025-05-20T23:28:36.909+0000][gc,phases   ] GC(17)   Pre Evacuate Collection Set: 0.3ms
[2025-05-20T23:28:36.909+0000][gc,phases   ] GC(17)   Merge Heap Roots: 0.2ms
[2025-05-20T23:28:36.909+0000][gc,phases   ] GC(17)   Evacuate Collection Set: 2.3ms
[2025-05-20T23:28:36.909+0000][gc,phases   ] GC(17)   Post Evacuate Collection Set: 0.9ms
[2025-05-20T23:28:36.910+0000][gc,phases   ] GC(17)   Other: 0.3ms
[2025-05-20T23:28:36.910+0000][gc,heap     ] GC(17) Eden regions: 607->0(610)
[2025-05-20T23:28:36.910+0000][gc,heap     ] GC(17) Survivor regions: 7->4(77)
[2025-05-20T23:28:36.910+0000][gc,heap     ] GC(17) Old regions: 16->17
[2025-05-20T23:28:36.910+0000][gc,heap     ] GC(17) Humongous regions: 10->10
[2025-05-20T23:28:36.910+0000][gc,metaspace] GC(17) Metaspace: 11955K(12288K)->11955K(12288K) NonClass: 10813K(10944K)->10813K(10944K) Class: 1141K(1344K)->1141K(1344K)
[2025-05-20T23:28:36.910+0000][gc          ] GC(17) Pause Young (Normal) (G1 Evacuation Pause) 638M->30M(1024M) 5.919ms
[2025-05-20T23:28:36.911+0000][gc,cpu      ] GC(17) User=0.02s Sys=0.00s Real=0.00s
[2025-05-20T23:29:37.042+0000][gc,start    ] GC(18) Pause Young (Normal) (G1 Evacuation Pause)
[2025-05-20T23:29:37.043+0000][gc,task     ] GC(18) Using 10 workers of 10 for evacuation
[2025-05-20T23:29:37.047+0000][gc,phases   ] GC(18)   Pre Evacuate Collection Set: 0.3ms
[2025-05-20T23:29:37.047+0000][gc,phases   ] GC(18)   Merge Heap Roots: 0.2ms
[2025-05-20T23:29:37.047+0000][gc,phases   ] GC(18)   Evacuate Collection Set: 2.2ms
[2025-05-20T23:29:37.047+0000][gc,phases   ] GC(18)   Post Evacuate Collection Set: 1.0ms
[2025-05-20T23:29:37.047+0000][gc,phases   ] GC(18)   Other: 0.4ms
[2025-05-20T23:29:37.048+0000][gc,heap     ] GC(18) Eden regions: 610->0(609)
[2025-05-20T23:29:37.048+0000][gc,heap     ] GC(18) Survivor regions: 4->5(77)
[2025-05-20T23:29:37.048+0000][gc,heap     ] GC(18) Old regions: 17->18
[2025-05-20T23:29:37.048+0000][gc,heap     ] GC(18) Humongous regions: 10->10
[2025-05-20T23:29:37.048+0000][gc,metaspace] GC(18) Metaspace: 11985K(12352K)->11985K(12352K) NonClass: 10843K(11008K)->10843K(11008K) Class: 1141K(1344K)->1141K(1344K)
[2025-05-20T23:29:37.048+0000][gc          ] GC(18) Pause Young (Normal) (G1 Evacuation Pause) 640M->31M(1024M) 6.101ms
[2025-05-20T23:29:37.048+0000][gc,cpu      ] GC(18) User=0.02s Sys=0.01s Real=0.00s
[2025-05-20T23:30:46.877+0000][gc,start    ] GC(19) Pause Young (Normal) (G1 Evacuation Pause)
[2025-05-20T23:30:46.877+0000][gc,task     ] GC(19) Using 10 workers of 10 for evacuation
[2025-05-20T23:30:46.881+0000][gc,phases   ] GC(19)   Pre Evacuate Collection Set: 0.4ms
[2025-05-20T23:30:46.881+0000][gc,phases   ] GC(19)   Merge Heap Roots: 0.3ms
[2025-05-20T23:30:46.882+0000][gc,phases   ] GC(19)   Evacuate Collection Set: 1.9ms
[2025-05-20T23:30:46.882+0000][gc,phases   ] GC(19)   Post Evacuate Collection Set: 1.2ms
[2025-05-20T23:30:46.882+0000][gc,phases   ] GC(19)   Other: 0.3ms
[2025-05-20T23:30:46.882+0000][gc,heap     ] GC(19) Eden regions: 609->0(610)
[2025-05-20T23:30:46.882+0000][gc,heap     ] GC(19) Survivor regions: 5->4(77)
[2025-05-20T23:30:46.882+0000][gc,heap     ] GC(19) Old regions: 18->18
[2025-05-20T23:30:46.882+0000][gc,heap     ] GC(19) Humongous regions: 10->10
[2025-05-20T23:30:46.882+0000][gc,metaspace] GC(19) Metaspace: 12038K(12416K)->12038K(12416K) NonClass: 10896K(11072K)->10896K(11072K) Class: 1142K(1344K)->1142K(1344K)
[2025-05-20T23:30:46.883+0000][gc          ] GC(19) Pause Young (Normal) (G1 Evacuation Pause) 640M->30M(1024M) 5.849ms
[2025-05-20T23:30:46.883+0000][gc,cpu      ] GC(19) User=0.03s Sys=0.00s Real=0.01s
[2025-05-20T23:31:47.102+0000][gc,start    ] GC(20) Pause Young (Normal) (G1 Evacuation Pause)
[2025-05-20T23:31:47.102+0000][gc,task     ] GC(20) Using 10 workers of 10 for evacuation
[2025-05-20T23:31:47.108+0000][gc,phases   ] GC(20)   Pre Evacuate Collection Set: 0.2ms
[2025-05-20T23:31:47.109+0000][gc,phases   ] GC(20)   Merge Heap Roots: 0.1ms
[2025-05-20T23:31:47.109+0000][gc,phases   ] GC(20)   Evacuate Collection Set: 5.0ms
[2025-05-20T23:31:47.109+0000][gc,phases   ] GC(20)   Post Evacuate Collection Set: 0.7ms
[2025-05-20T23:31:47.109+0000][gc,phases   ] GC(20)   Other: 0.3ms
[2025-05-20T23:31:47.109+0000][gc,heap     ] GC(20) Eden regions: 610->0(609)
[2025-05-20T23:31:47.109+0000][gc,heap     ] GC(20) Survivor regions: 4->5(77)
[2025-05-20T23:31:47.110+0000][gc,heap     ] GC(20) Old regions: 18->18
[2025-05-20T23:31:47.110+0000][gc,heap     ] GC(20) Humongous regions: 10->10
[2025-05-20T23:31:47.110+0000][gc,metaspace] GC(20) Metaspace: 12039K(12416K)->12039K(12416K) NonClass: 10897K(11072K)->10897K(11072K) Class: 1142K(1344K)->1142K(1344K)
[2025-05-20T23:31:47.110+0000][gc          ] GC(20) Pause Young (Normal) (G1 Evacuation Pause) 640M->31M(1024M) 8.465ms
[2025-05-20T23:31:47.110+0000][gc,cpu      ] GC(20) User=0.02s Sys=0.00s Real=0.01s
[2025-05-20T23:32:47.259+0000][gc,start    ] GC(21) Pause Young (Normal) (G1 Evacuation Pause)
[2025-05-20T23:32:47.259+0000][gc,task     ] GC(21) Using 10 workers of 10 for evacuation
[2025-05-20T23:32:47.264+0000][gc,phases   ] GC(21)   Pre Evacuate Collection Set: 0.4ms
[2025-05-20T23:32:47.264+0000][gc,phases   ] GC(21)   Merge Heap Roots: 0.3ms
[2025-05-20T23:32:47.264+0000][gc,phases   ] GC(21)   Evacuate Collection Set: 2.2ms
[2025-05-20T23:32:47.265+0000][gc,phases   ] GC(21)   Post Evacuate Collection Set: 1.2ms
[2025-05-20T23:32:47.265+0000][gc,phases   ] GC(21)   Other: 0.4ms
[2025-05-20T23:32:47.265+0000][gc,heap     ] GC(21) Eden regions: 609->0(608)
[2025-05-20T23:32:47.265+0000][gc,heap     ] GC(21) Survivor regions: 5->6(77)
[2025-05-20T23:32:47.265+0000][gc,heap     ] GC(21) Old regions: 18->18
[2025-05-20T23:32:47.265+0000][gc,heap     ] GC(21) Humongous regions: 10->10
[2025-05-20T23:32:47.266+0000][gc,metaspace] GC(21) Metaspace: 12111K(12480K)->12111K(12480K) NonClass: 10962K(11136K)->10962K(11136K) Class: 1148K(1344K)->1148K(1344K)
[2025-05-20T23:32:47.266+0000][gc          ] GC(21) Pause Young (Normal) (G1 Evacuation Pause) 640M->32M(1024M) 6.918ms
[2025-05-20T23:32:47.266+0000][gc,cpu      ] GC(21) User=0.01s Sys=0.01s Real=0.01s
[2025-05-20T23:33:56.990+0000][gc,start    ] GC(22) Pause Young (Normal) (G1 Evacuation Pause)
[2025-05-20T23:33:56.991+0000][gc,task     ] GC(22) Using 10 workers of 10 for evacuation
[2025-05-20T23:33:56.995+0000][gc,phases   ] GC(22)   Pre Evacuate Collection Set: 0.4ms
[2025-05-20T23:33:56.995+0000][gc,phases   ] GC(22)   Merge Heap Roots: 0.3ms
[2025-05-20T23:33:56.995+0000][gc,phases   ] GC(22)   Evacuate Collection Set: 1.9ms
[2025-05-20T23:33:56.996+0000][gc,phases   ] GC(22)   Post Evacuate Collection Set: 1.1ms
[2025-05-20T23:33:56.996+0000][gc,phases   ] GC(22)   Other: 0.5ms
[2025-05-20T23:33:56.996+0000][gc,heap     ] GC(22) Eden regions: 608->0(609)
[2025-05-20T23:33:56.996+0000][gc,heap     ] GC(22) Survivor regions: 6->5(77)
[2025-05-20T23:33:56.996+0000][gc,heap     ] GC(22) Old regions: 18->18
[2025-05-20T23:33:56.996+0000][gc,heap     ] GC(22) Humongous regions: 10->10
[2025-05-20T23:33:56.996+0000][gc,metaspace] GC(22) Metaspace: 12134K(12544K)->12134K(12544K) NonClass: 10985K(11200K)->10985K(11200K) Class: 1148K(1344K)->1148K(1344K)
[2025-05-20T23:33:56.997+0000][gc          ] GC(22) Pause Young (Normal) (G1 Evacuation Pause) 640M->31M(1024M) 6.249ms
[2025-05-20T23:33:56.997+0000][gc,cpu      ] GC(22) User=0.02s Sys=0.00s Real=0.01s
[2025-05-20T23:34:57.127+0000][gc,start    ] GC(23) Pause Young (Normal) (G1 Evacuation Pause)
[2025-05-20T23:34:57.127+0000][gc,task     ] GC(23) Using 10 workers of 10 for evacuation
[2025-05-20T23:34:57.131+0000][gc,phases   ] GC(23)   Pre Evacuate Collection Set: 0.3ms
[2025-05-20T23:34:57.131+0000][gc,phases   ] GC(23)   Merge Heap Roots: 0.2ms
[2025-05-20T23:34:57.132+0000][gc,phases   ] GC(23)   Evacuate Collection Set: 2.0ms
[2025-05-20T23:34:57.132+0000][gc,phases   ] GC(23)   Post Evacuate Collection Set: 1.0ms
[2025-05-20T23:34:57.132+0000][gc,phases   ] GC(23)   Other: 0.3ms
[2025-05-20T23:34:57.132+0000][gc,heap     ] GC(23) Eden regions: 609->0(609)
[2025-05-20T23:34:57.132+0000][gc,heap     ] GC(23) Survivor regions: 5->5(77)
[2025-05-20T23:34:57.132+0000][gc,heap     ] GC(23) Old regions: 18->18
[2025-05-20T23:34:57.132+0000][gc,heap     ] GC(23) Humongous regions: 10->10
[2025-05-20T23:34:57.133+0000][gc,metaspace] GC(23) Metaspace: 12364K(12736K)->12364K(12736K) NonClass: 11179K(11328K)->11179K(11328K) Class: 1184K(1408K)->1184K(1408K)
[2025-05-20T23:34:57.133+0000][gc          ] GC(23) Pause Young (Normal) (G1 Evacuation Pause) 640M->32M(1024M) 5.763ms
[2025-05-20T23:34:57.133+0000][gc,cpu      ] GC(23) User=0.02s Sys=0.00s Real=0.01s
[2025-05-20T23:36:06.913+0000][gc,start    ] GC(24) Pause Young (Normal) (G1 Evacuation Pause)
[2025-05-20T23:36:06.913+0000][gc,task     ] GC(24) Using 10 workers of 10 for evacuation
[2025-05-20T23:36:06.917+0000][gc,phases   ] GC(24)   Pre Evacuate Collection Set: 0.3ms
[2025-05-20T23:36:06.917+0000][gc,phases   ] GC(24)   Merge Heap Roots: 0.2ms
[2025-05-20T23:36:06.917+0000][gc,phases   ] GC(24)   Evacuate Collection Set: 1.9ms
[2025-05-20T23:36:06.918+0000][gc,phases   ] GC(24)   Post Evacuate Collection Set: 1.0ms
[2025-05-20T23:36:06.918+0000][gc,phases   ] GC(24)   Other: 0.4ms
[2025-05-20T23:36:06.918+0000][gc,heap     ] GC(24) Eden regions: 609->0(610)
[2025-05-20T23:36:06.918+0000][gc,heap     ] GC(24) Survivor regions: 5->4(77)
[2025-05-20T23:36:06.918+0000][gc,heap     ] GC(24) Old regions: 18->18
[2025-05-20T23:36:06.918+0000][gc,heap     ] GC(24) Humongous regions: 10->10
[2025-05-20T23:36:06.918+0000][gc,metaspace] GC(24) Metaspace: 12371K(12800K)->12371K(12800K) NonClass: 11187K(11392K)->11187K(11392K) Class: 1184K(1408K)->1184K(1408K)
[2025-05-20T23:36:06.919+0000][gc          ] GC(24) Pause Young (Normal) (G1 Evacuation Pause) 641M->31M(1024M) 5.881ms
[2025-05-20T23:36:06.919+0000][gc,cpu      ] GC(24) User=0.02s Sys=0.00s Real=0.01s
[2025-05-20T23:37:07.044+0000][gc,start    ] GC(25) Pause Young (Normal) (G1 Evacuation Pause)
[2025-05-20T23:37:07.045+0000][gc,task     ] GC(25) Using 10 workers of 10 for evacuation
[2025-05-20T23:37:07.048+0000][gc,phases   ] GC(25)   Pre Evacuate Collection Set: 0.5ms
[2025-05-20T23:37:07.048+0000][gc,phases   ] GC(25)   Merge Heap Roots: 0.2ms
[2025-05-20T23:37:07.049+0000][gc,phases   ] GC(25)   Evacuate Collection Set: 1.7ms
[2025-05-20T23:37:07.049+0000][gc,phases   ] GC(25)   Post Evacuate Collection Set: 0.8ms
[2025-05-20T23:37:07.049+0000][gc,phases   ] GC(25)   Other: 0.4ms
[2025-05-20T23:37:07.049+0000][gc,heap     ] GC(25) Eden regions: 610->0(609)
[2025-05-20T23:37:07.049+0000][gc,heap     ] GC(25) Survivor regions: 4->5(77)
[2025-05-20T23:37:07.049+0000][gc,heap     ] GC(25) Old regions: 18->18
[2025-05-20T23:37:07.049+0000][gc,heap     ] GC(25) Humongous regions: 10->10
[2025-05-20T23:37:07.049+0000][gc,metaspace] GC(25) Metaspace: 12371K(12800K)->12371K(12800K) NonClass: 11187K(11392K)->11187K(11392K) Class: 1184K(1408K)->1184K(1408K)
[2025-05-20T23:37:07.050+0000][gc          ] GC(25) Pause Young (Normal) (G1 Evacuation Pause) 641M->32M(1024M) 5.399ms
[2025-05-20T23:37:07.050+0000][gc,cpu      ] GC(25) User=0.02s Sys=0.00s Real=0.00s
[2025-05-20T23:38:16.881+0000][gc,start    ] GC(26) Pause Young (Normal) (G1 Evacuation Pause)
[2025-05-20T23:38:16.883+0000][gc,task     ] GC(26) Using 10 workers of 10 for evacuation
[2025-05-20T23:38:16.896+0000][gc,phases   ] GC(26)   Pre Evacuate Collection Set: 0.8ms
[2025-05-20T23:38:16.897+0000][gc,phases   ] GC(26)   Merge Heap Roots: 0.2ms
[2025-05-20T23:38:16.898+0000][gc,phases   ] GC(26)   Evacuate Collection Set: 8.3ms
[2025-05-20T23:38:16.898+0000][gc,phases   ] GC(26)   Post Evacuate Collection Set: 2.7ms
[2025-05-20T23:38:16.899+0000][gc,phases   ] GC(26)   Other: 0.8ms
[2025-05-20T23:38:16.899+0000][gc,heap     ] GC(26) Eden regions: 609->0(610)
[2025-05-20T23:38:16.899+0000][gc,heap     ] GC(26) Survivor regions: 5->4(77)
[2025-05-20T23:38:16.904+0000][gc,heap     ] GC(26) Old regions: 18->18
[2025-05-20T23:38:16.906+0000][gc,heap     ] GC(26) Humongous regions: 10->10
[2025-05-20T23:38:16.908+0000][gc,metaspace] GC(26) Metaspace: 12383K(12800K)->12383K(12800K) NonClass: 11197K(11392K)->11197K(11392K) Class: 1185K(1408K)->1185K(1408K)
[2025-05-20T23:38:16.912+0000][gc          ] GC(26) Pause Young (Normal) (G1 Evacuation Pause) 641M->31M(1024M) 30.719ms
[2025-05-20T23:38:16.912+0000][gc,cpu      ] GC(26) User=0.02s Sys=0.02s Real=0.04s
[2025-05-20T23:39:17.218+0000][gc,start    ] GC(27) Pause Young (Normal) (G1 Evacuation Pause)
[2025-05-20T23:39:17.218+0000][gc,task     ] GC(27) Using 10 workers of 10 for evacuation
[2025-05-20T23:39:17.223+0000][gc,phases   ] GC(27)   Pre Evacuate Collection Set: 0.4ms
[2025-05-20T23:39:17.226+0000][gc,phases   ] GC(27)   Merge Heap Roots: 0.2ms
[2025-05-20T23:39:17.227+0000][gc,phases   ] GC(27)   Evacuate Collection Set: 2.2ms
[2025-05-20T23:39:17.228+0000][gc,phases   ] GC(27)   Post Evacuate Collection Set: 1.2ms
[2025-05-20T23:39:17.228+0000][gc,phases   ] GC(27)   Other: 0.9ms
[2025-05-20T23:39:17.232+0000][gc,heap     ] GC(27) Eden regions: 610->0(609)
[2025-05-20T23:39:17.233+0000][gc,heap     ] GC(27) Survivor regions: 4->5(77)
[2025-05-20T23:39:17.241+0000][gc,heap     ] GC(27) Old regions: 18->18
[2025-05-20T23:39:17.246+0000][gc,heap     ] GC(27) Humongous regions: 10->10
[2025-05-20T23:39:17.247+0000][gc,metaspace] GC(27) Metaspace: 12392K(12800K)->12392K(12800K) NonClass: 11206K(11392K)->11206K(11392K) Class: 1185K(1408K)->1185K(1408K)
[2025-05-20T23:39:17.248+0000][gc          ] GC(27) Pause Young (Normal) (G1 Evacuation Pause) 641M->32M(1024M) 29.822ms
[2025-05-20T23:39:17.248+0000][gc,cpu      ] GC(27) User=0.02s Sys=0.01s Real=0.03s
[2025-05-20T23:40:17.626+0000][gc,start    ] GC(28) Pause Young (Normal) (G1 Evacuation Pause)
[2025-05-20T23:40:17.626+0000][gc,task     ] GC(28) Using 10 workers of 10 for evacuation
[2025-05-20T23:40:17.633+0000][gc,phases   ] GC(28)   Pre Evacuate Collection Set: 1.0ms
[2025-05-20T23:40:17.636+0000][gc,phases   ] GC(28)   Merge Heap Roots: 0.4ms
[2025-05-20T23:40:17.636+0000][gc,phases   ] GC(28)   Evacuate Collection Set: 2.8ms
[2025-05-20T23:40:17.637+0000][gc,phases   ] GC(28)   Post Evacuate Collection Set: 1.7ms
[2025-05-20T23:40:17.638+0000][gc,phases   ] GC(28)   Other: 0.6ms
[2025-05-20T23:40:17.638+0000][gc,heap     ] GC(28) Eden regions: 609->0(608)
[2025-05-20T23:40:17.639+0000][gc,heap     ] GC(28) Survivor regions: 5->6(77)
[2025-05-20T23:40:17.639+0000][gc,heap     ] GC(28) Old regions: 18->19
[2025-05-20T23:40:17.640+0000][gc,heap     ] GC(28) Humongous regions: 10->10
[2025-05-20T23:40:17.641+0000][gc,metaspace] GC(28) Metaspace: 12403K(12864K)->12403K(12864K) NonClass: 11217K(11456K)->11217K(11456K) Class: 1185K(1408K)->1185K(1408K)
[2025-05-20T23:40:17.641+0000][gc          ] GC(28) Pause Young (Normal) (G1 Evacuation Pause) 641M->33M(1024M) 15.824ms
[2025-05-20T23:40:17.642+0000][gc,cpu      ] GC(28) User=0.03s Sys=0.01s Real=0.01s
[2025-05-20T23:41:27.012+0000][gc,start    ] GC(29) Pause Young (Normal) (G1 Evacuation Pause)
[2025-05-20T23:41:27.013+0000][gc,task     ] GC(29) Using 10 workers of 10 for evacuation
[2025-05-20T23:41:27.022+0000][gc,phases   ] GC(29)   Pre Evacuate Collection Set: 0.8ms
[2025-05-20T23:41:27.023+0000][gc,phases   ] GC(29)   Merge Heap Roots: 0.4ms
[2025-05-20T23:41:27.023+0000][gc,phases   ] GC(29)   Evacuate Collection Set: 4.1ms
[2025-05-20T23:41:27.024+0000][gc,phases   ] GC(29)   Post Evacuate Collection Set: 3.4ms
[2025-05-20T23:41:27.024+0000][gc,phases   ] GC(29)   Other: 1.1ms
[2025-05-20T23:41:27.025+0000][gc,heap     ] GC(29) Eden regions: 608->0(610)
[2025-05-20T23:41:27.025+0000][gc,heap     ] GC(29) Survivor regions: 6->4(77)
[2025-05-20T23:41:27.026+0000][gc,heap     ] GC(29) Old regions: 19->19
[2025-05-20T23:41:27.027+0000][gc,heap     ] GC(29) Humongous regions: 10->10
[2025-05-20T23:41:27.027+0000][gc,metaspace] GC(29) Metaspace: 12426K(12864K)->12426K(12864K) NonClass: 11240K(11456K)->11240K(11456K) Class: 1185K(1408K)->1185K(1408K)
[2025-05-20T23:41:27.028+0000][gc          ] GC(29) Pause Young (Normal) (G1 Evacuation Pause) 641M->32M(1024M) 16.129ms
[2025-05-20T23:41:27.028+0000][gc,cpu      ] GC(29) User=0.02s Sys=0.02s Real=0.01s
[2025-05-20T23:42:27.302+0000][gc,start    ] GC(30) Pause Young (Normal) (G1 Evacuation Pause)
[2025-05-20T23:42:27.303+0000][gc,task     ] GC(30) Using 10 workers of 10 for evacuation
[2025-05-20T23:42:27.314+0000][gc,phases   ] GC(30)   Pre Evacuate Collection Set: 1.1ms
[2025-05-20T23:42:27.315+0000][gc,phases   ] GC(30)   Merge Heap Roots: 0.7ms
[2025-05-20T23:42:27.316+0000][gc,phases   ] GC(30)   Evacuate Collection Set: 5.8ms
[2025-05-20T23:42:27.319+0000][gc,phases   ] GC(30)   Post Evacuate Collection Set: 2.2ms
[2025-05-20T23:42:27.320+0000][gc,phases   ] GC(30)   Other: 1.1ms
[2025-05-20T23:42:27.321+0000][gc,heap     ] GC(30) Eden regions: 610->0(609)
[2025-05-20T23:42:27.322+0000][gc,heap     ] GC(30) Survivor regions: 4->5(77)
[2025-05-20T23:42:27.322+0000][gc,heap     ] GC(30) Old regions: 19->19
[2025-05-20T23:42:27.323+0000][gc,heap     ] GC(30) Humongous regions: 10->10
[2025-05-20T23:42:27.324+0000][gc,metaspace] GC(30) Metaspace: 12427K(12864K)->12427K(12864K) NonClass: 11242K(11456K)->11242K(11456K) Class: 1185K(1408K)->1185K(1408K)
[2025-05-20T23:42:27.326+0000][gc          ] GC(30) Pause Young (Normal) (G1 Evacuation Pause) 642M->32M(1024M) 24.051ms
[2025-05-20T23:42:27.327+0000][gc,cpu      ] GC(30) User=0.04s Sys=0.00s Real=0.02s
[2025-05-20T23:43:36.843+0000][gc,start    ] GC(31) Pause Young (Normal) (G1 Evacuation Pause)
[2025-05-20T23:43:36.843+0000][gc,task     ] GC(31) Using 10 workers of 10 for evacuation
[2025-05-20T23:43:36.847+0000][gc,phases   ] GC(31)   Pre Evacuate Collection Set: 0.3ms
[2025-05-20T23:43:36.847+0000][gc,phases   ] GC(31)   Merge Heap Roots: 0.2ms
[2025-05-20T23:43:36.847+0000][gc,phases   ] GC(31)   Evacuate Collection Set: 1.6ms
[2025-05-20T23:43:36.847+0000][gc,phases   ] GC(31)   Post Evacuate Collection Set: 0.9ms
[2025-05-20T23:43:36.848+0000][gc,phases   ] GC(31)   Other: 0.3ms
[2025-05-20T23:43:36.848+0000][gc,heap     ] GC(31) Eden regions: 609->0(610)
[2025-05-20T23:43:36.848+0000][gc,heap     ] GC(31) Survivor regions: 5->4(77)
[2025-05-20T23:43:36.848+0000][gc,heap     ] GC(31) Old regions: 19->19
[2025-05-20T23:43:36.849+0000][gc,heap     ] GC(31) Humongous regions: 10->10
[2025-05-20T23:43:36.849+0000][gc,metaspace] GC(31) Metaspace: 12433K(12864K)->12433K(12864K) NonClass: 11248K(11456K)->11248K(11456K) Class: 1185K(1408K)->1185K(1408K)
[2025-05-20T23:43:36.849+0000][gc          ] GC(31) Pause Young (Normal) (G1 Evacuation Pause) 641M->31M(1024M) 6.192ms
[2025-05-20T23:43:36.849+0000][gc,cpu      ] GC(31) User=0.02s Sys=0.00s Real=0.01s
[2025-05-20T23:44:36.998+0000][gc,start    ] GC(32) Pause Young (Normal) (G1 Evacuation Pause)
[2025-05-20T23:44:36.999+0000][gc,task     ] GC(32) Using 10 workers of 10 for evacuation
[2025-05-20T23:44:37.003+0000][gc,phases   ] GC(32)   Pre Evacuate Collection Set: 0.3ms
[2025-05-20T23:44:37.004+0000][gc,phases   ] GC(32)   Merge Heap Roots: 0.2ms
[2025-05-20T23:44:37.004+0000][gc,phases   ] GC(32)   Evacuate Collection Set: 2.7ms
[2025-05-20T23:44:37.004+0000][gc,phases   ] GC(32)   Post Evacuate Collection Set: 1.1ms
[2025-05-20T23:44:37.004+0000][gc,phases   ] GC(32)   Other: 0.2ms
[2025-05-20T23:44:37.004+0000][gc,heap     ] GC(32) Eden regions: 610->0(609)
[2025-05-20T23:44:37.004+0000][gc,heap     ] GC(32) Survivor regions: 4->5(77)
[2025-05-20T23:44:37.005+0000][gc,heap     ] GC(32) Old regions: 19->19
[2025-05-20T23:44:37.005+0000][gc,heap     ] GC(32) Humongous regions: 10->10
[2025-05-20T23:44:37.005+0000][gc,metaspace] GC(32) Metaspace: 12443K(12864K)->12443K(12864K) NonClass: 11257K(11456K)->11257K(11456K) Class: 1185K(1408K)->1185K(1408K)
[2025-05-20T23:44:37.005+0000][gc          ] GC(32) Pause Young (Normal) (G1 Evacuation Pause) 641M->32M(1024M) 6.755ms
[2025-05-20T23:44:37.005+0000][gc,cpu      ] GC(32) User=0.02s Sys=0.00s Real=0.01s
[2025-05-20T23:45:37.123+0000][gc,start    ] GC(33) Pause Young (Normal) (G1 Evacuation Pause)
[2025-05-20T23:45:37.123+0000][gc,task     ] GC(33) Using 10 workers of 10 for evacuation
[2025-05-20T23:45:37.127+0000][gc,phases   ] GC(33)   Pre Evacuate Collection Set: 0.3ms
[2025-05-20T23:45:37.127+0000][gc,phases   ] GC(33)   Merge Heap Roots: 0.2ms
[2025-05-20T23:45:37.127+0000][gc,phases   ] GC(33)   Evacuate Collection Set: 1.9ms
[2025-05-20T23:45:37.128+0000][gc,phases   ] GC(33)   Post Evacuate Collection Set: 1.0ms
[2025-05-20T23:45:37.128+0000][gc,phases   ] GC(33)   Other: 0.3ms
[2025-05-20T23:45:37.128+0000][gc,heap     ] GC(33) Eden regions: 609->0(608)
[2025-05-20T23:45:37.128+0000][gc,heap     ] GC(33) Survivor regions: 5->6(77)
[2025-05-20T23:45:37.128+0000][gc,heap     ] GC(33) Old regions: 19->19
[2025-05-20T23:45:37.129+0000][gc,heap     ] GC(33) Humongous regions: 10->10
[2025-05-20T23:45:37.129+0000][gc,metaspace] GC(33) Metaspace: 12483K(12864K)->12483K(12864K) NonClass: 11297K(11456K)->11297K(11456K) Class: 1185K(1408K)->1185K(1408K)
[2025-05-20T23:45:37.129+0000][gc          ] GC(33) Pause Young (Normal) (G1 Evacuation Pause) 641M->33M(1024M) 6.232ms
[2025-05-20T23:45:37.130+0000][gc,cpu      ] GC(33) User=0.02s Sys=0.00s Real=0.01s
[2025-05-20T23:46:46.933+0000][gc,start    ] GC(34) Pause Young (Normal) (G1 Evacuation Pause)
[2025-05-20T23:46:46.933+0000][gc,task     ] GC(34) Using 10 workers of 10 for evacuation
[2025-05-20T23:46:46.938+0000][gc,phases   ] GC(34)   Pre Evacuate Collection Set: 0.3ms
[2025-05-20T23:46:46.938+0000][gc,phases   ] GC(34)   Merge Heap Roots: 0.3ms
[2025-05-20T23:46:46.938+0000][gc,phases   ] GC(34)   Evacuate Collection Set: 2.0ms
[2025-05-20T23:46:46.938+0000][gc,phases   ] GC(34)   Post Evacuate Collection Set: 1.2ms
[2025-05-20T23:46:46.939+0000][gc,phases   ] GC(34)   Other: 0.3ms
[2025-05-20T23:46:46.939+0000][gc,heap     ] GC(34) Eden regions: 608->0(610)
[2025-05-20T23:46:46.939+0000][gc,heap     ] GC(34) Survivor regions: 6->4(77)
[2025-05-20T23:46:46.939+0000][gc,heap     ] GC(34) Old regions: 19->19
[2025-05-20T23:46:46.939+0000][gc,heap     ] GC(34) Humongous regions: 10->10
[2025-05-20T23:46:46.940+0000][gc,metaspace] GC(34) Metaspace: 12496K(12864K)->12496K(12864K) NonClass: 11310K(11456K)->11310K(11456K) Class: 1185K(1408K)->1185K(1408K)
[2025-05-20T23:46:46.940+0000][gc          ] GC(34) Pause Young (Normal) (G1 Evacuation Pause) 641M->32M(1024M) 6.694ms
[2025-05-20T23:46:46.940+0000][gc,cpu      ] GC(34) User=0.01s Sys=0.01s Real=0.01s
[2025-05-20T23:47:47.055+0000][gc,start    ] GC(35) Pause Young (Normal) (G1 Evacuation Pause)
[2025-05-20T23:47:47.055+0000][gc,task     ] GC(35) Using 10 workers of 10 for evacuation
[2025-05-20T23:47:47.060+0000][gc,phases   ] GC(35)   Pre Evacuate Collection Set: 0.6ms
[2025-05-20T23:47:47.060+0000][gc,phases   ] GC(35)   Merge Heap Roots: 0.3ms
[2025-05-20T23:47:47.060+0000][gc,phases   ] GC(35)   Evacuate Collection Set: 2.3ms
[2025-05-20T23:47:47.060+0000][gc,phases   ] GC(35)   Post Evacuate Collection Set: 1.0ms
[2025-05-20T23:47:47.060+0000][gc,phases   ] GC(35)   Other: 0.3ms
[2025-05-20T23:47:47.061+0000][gc,heap     ] GC(35) Eden regions: 610->0(609)
[2025-05-20T23:47:47.061+0000][gc,heap     ] GC(35) Survivor regions: 4->5(77)
[2025-05-20T23:47:47.061+0000][gc,heap     ] GC(35) Old regions: 19->19
[2025-05-20T23:47:47.061+0000][gc,heap     ] GC(35) Humongous regions: 10->10
[2025-05-20T23:47:47.061+0000][gc,metaspace] GC(35) Metaspace: 12527K(12992K)->12527K(12992K) NonClass: 11341K(11584K)->11341K(11584K) Class: 1185K(1408K)->1185K(1408K)
[2025-05-20T23:47:47.062+0000][gc          ] GC(35) Pause Young (Normal) (G1 Evacuation Pause) 642M->33M(1024M) 6.854ms
[2025-05-20T23:47:47.062+0000][gc,cpu      ] GC(35) User=0.02s Sys=0.00s Real=0.00s
[2025-05-20T23:48:56.825+0000][gc,start    ] GC(36) Pause Young (Normal) (G1 Evacuation Pause)
[2025-05-20T23:48:56.825+0000][gc,task     ] GC(36) Using 10 workers of 10 for evacuation
[2025-05-20T23:48:56.828+0000][gc,phases   ] GC(36)   Pre Evacuate Collection Set: 0.4ms
[2025-05-20T23:48:56.829+0000][gc,phases   ] GC(36)   Merge Heap Roots: 0.2ms
[2025-05-20T23:48:56.829+0000][gc,phases   ] GC(36)   Evacuate Collection Set: 1.7ms
[2025-05-20T23:48:56.829+0000][gc,phases   ] GC(36)   Post Evacuate Collection Set: 0.9ms
[2025-05-20T23:48:56.829+0000][gc,phases   ] GC(36)   Other: 0.3ms
[2025-05-20T23:48:56.829+0000][gc,heap     ] GC(36) Eden regions: 609->0(610)
[2025-05-20T23:48:56.829+0000][gc,heap     ] GC(36) Survivor regions: 5->4(77)
[2025-05-20T23:48:56.829+0000][gc,heap     ] GC(36) Old regions: 19->19
[2025-05-20T23:48:56.829+0000][gc,heap     ] GC(36) Humongous regions: 10->10
[2025-05-20T23:48:56.830+0000][gc,metaspace] GC(36) Metaspace: 12529K(12992K)->12529K(12992K) NonClass: 11344K(11584K)->11344K(11584K) Class: 1185K(1408K)->1185K(1408K)
[2025-05-20T23:48:56.830+0000][gc          ] GC(36) Pause Young (Normal) (G1 Evacuation Pause) 642M->32M(1024M) 5.077ms
[2025-05-20T23:48:56.830+0000][gc,cpu      ] GC(36) User=0.02s Sys=0.00s Real=0.00s
[2025-05-20T23:49:56.956+0000][gc,start    ] GC(37) Pause Young (Normal) (G1 Evacuation Pause)
[2025-05-20T23:49:56.956+0000][gc,task     ] GC(37) Using 10 workers of 10 for evacuation
[2025-05-20T23:49:56.961+0000][gc,phases   ] GC(37)   Pre Evacuate Collection Set: 0.3ms
[2025-05-20T23:49:56.961+0000][gc,phases   ] GC(37)   Merge Heap Roots: 0.2ms
[2025-05-20T23:49:56.961+0000][gc,phases   ] GC(37)   Evacuate Collection Set: 2.8ms
[2025-05-20T23:49:56.961+0000][gc,phases   ] GC(37)   Post Evacuate Collection Set: 1.1ms
[2025-05-20T23:49:56.961+0000][gc,phases   ] GC(37)   Other: 0.3ms
[2025-05-20T23:49:56.962+0000][gc,heap     ] GC(37) Eden regions: 610->0(609)
[2025-05-20T23:49:56.962+0000][gc,heap     ] GC(37) Survivor regions: 4->5(77)
[2025-05-20T23:49:56.962+0000][gc,heap     ] GC(37) Old regions: 19->20
[2025-05-20T23:49:56.962+0000][gc,heap     ] GC(37) Humongous regions: 10->10
[2025-05-20T23:49:56.962+0000][gc,metaspace] GC(37) Metaspace: 12539K(12992K)->12539K(12992K) NonClass: 11354K(11584K)->11354K(11584K) Class: 1185K(1408K)->1185K(1408K)
[2025-05-20T23:49:56.962+0000][gc          ] GC(37) Pause Young (Normal) (G1 Evacuation Pause) 642M->33M(1024M) 6.483ms
[2025-05-20T23:49:56.962+0000][gc,cpu      ] GC(37) User=0.00s Sys=0.03s Real=0.01s
[2025-05-20T23:50:57.079+0000][gc,start    ] GC(38) Pause Young (Normal) (G1 Evacuation Pause)
[2025-05-20T23:50:57.080+0000][gc,task     ] GC(38) Using 10 workers of 10 for evacuation
[2025-05-20T23:50:57.083+0000][gc,phases   ] GC(38)   Pre Evacuate Collection Set: 0.4ms
[2025-05-20T23:50:57.084+0000][gc,phases   ] GC(38)   Merge Heap Roots: 0.3ms
[2025-05-20T23:50:57.084+0000][gc,phases   ] GC(38)   Evacuate Collection Set: 1.9ms
[2025-05-20T23:50:57.084+0000][gc,phases   ] GC(38)   Post Evacuate Collection Set: 0.9ms
[2025-05-20T23:50:57.084+0000][gc,phases   ] GC(38)   Other: 0.2ms
[2025-05-20T23:50:57.084+0000][gc,heap     ] GC(38) Eden regions: 609->0(608)
[2025-05-20T23:50:57.084+0000][gc,heap     ] GC(38) Survivor regions: 5->6(77)
[2025-05-20T23:50:57.085+0000][gc,heap     ] GC(38) Old regions: 20->20
[2025-05-20T23:50:57.085+0000][gc,heap     ] GC(38) Humongous regions: 10->10
[2025-05-20T23:50:57.085+0000][gc,metaspace] GC(38) Metaspace: 12543K(12992K)->12543K(12992K) NonClass: 11358K(11584K)->11358K(11584K) Class: 1185K(1408K)->1185K(1408K)
[2025-05-20T23:50:57.085+0000][gc          ] GC(38) Pause Young (Normal) (G1 Evacuation Pause) 642M->34M(1024M) 5.608ms
[2025-05-20T23:50:57.085+0000][gc,cpu      ] GC(38) User=0.01s Sys=0.00s Real=0.00s
[2025-05-20T23:52:06.889+0000][gc,start    ] GC(39) Pause Young (Normal) (G1 Evacuation Pause)
[2025-05-20T23:52:06.890+0000][gc,task     ] GC(39) Using 10 workers of 10 for evacuation
[2025-05-20T23:52:06.893+0000][gc,phases   ] GC(39)   Pre Evacuate Collection Set: 0.4ms
[2025-05-20T23:52:06.894+0000][gc,phases   ] GC(39)   Merge Heap Roots: 0.3ms
[2025-05-20T23:52:06.894+0000][gc,phases   ] GC(39)   Evacuate Collection Set: 1.7ms
[2025-05-20T23:52:06.894+0000][gc,phases   ] GC(39)   Post Evacuate Collection Set: 0.9ms
[2025-05-20T23:52:06.894+0000][gc,phases   ] GC(39)   Other: 0.3ms
[2025-05-20T23:52:06.894+0000][gc,heap     ] GC(39) Eden regions: 608->0(610)
[2025-05-20T23:52:06.894+0000][gc,heap     ] GC(39) Survivor regions: 6->4(77)
[2025-05-20T23:52:06.894+0000][gc,heap     ] GC(39) Old regions: 20->20
[2025-05-20T23:52:06.894+0000][gc,heap     ] GC(39) Humongous regions: 10->10
[2025-05-20T23:52:06.895+0000][gc,metaspace] GC(39) Metaspace: 12564K(12992K)->12564K(12992K) NonClass: 11378K(11584K)->11378K(11584K) Class: 1185K(1408K)->1185K(1408K)
[2025-05-20T23:52:06.895+0000][gc          ] GC(39) Pause Young (Normal) (G1 Evacuation Pause) 642M->33M(1024M) 5.357ms
[2025-05-20T23:52:06.895+0000][gc,cpu      ] GC(39) User=0.01s Sys=0.01s Real=0.01s
[2025-05-20T23:53:07.021+0000][gc,start    ] GC(40) Pause Young (Normal) (G1 Evacuation Pause)
[2025-05-20T23:53:07.021+0000][gc,task     ] GC(40) Using 10 workers of 10 for evacuation
[2025-05-20T23:53:07.025+0000][gc,phases   ] GC(40)   Pre Evacuate Collection Set: 0.3ms
[2025-05-20T23:53:07.025+0000][gc,phases   ] GC(40)   Merge Heap Roots: 0.2ms
[2025-05-20T23:53:07.025+0000][gc,phases   ] GC(40)   Evacuate Collection Set: 1.9ms
[2025-05-20T23:53:07.025+0000][gc,phases   ] GC(40)   Post Evacuate Collection Set: 0.9ms
[2025-05-20T23:53:07.025+0000][gc,phases   ] GC(40)   Other: 0.3ms
[2025-05-20T23:53:07.025+0000][gc,heap     ] GC(40) Eden regions: 610->0(609)
[2025-05-20T23:53:07.026+0000][gc,heap     ] GC(40) Survivor regions: 4->5(77)
[2025-05-20T23:53:07.026+0000][gc,heap     ] GC(40) Old regions: 20->20
[2025-05-20T23:53:07.026+0000][gc,heap     ] GC(40) Humongous regions: 10->10
[2025-05-20T23:53:07.026+0000][gc,metaspace] GC(40) Metaspace: 12569K(12992K)->12569K(12992K) NonClass: 11383K(11584K)->11383K(11584K) Class: 1185K(1408K)->1185K(1408K)
[2025-05-20T23:53:07.026+0000][gc          ] GC(40) Pause Young (Normal) (G1 Evacuation Pause) 643M->34M(1024M) 5.765ms
[2025-05-20T23:53:07.027+0000][gc,cpu      ] GC(40) User=0.02s Sys=0.00s Real=0.01s
[2025-05-20T23:53:53.279+0000][gc,heap,exit] Heap
[2025-05-20T23:53:53.280+0000][gc,heap,exit]  garbage-first heap   total 1048576K, used 367185K [0x00000000c0000000, 0x0000000100000000)
[2025-05-20T23:53:53.280+0000][gc,heap,exit]   region size 1024K, 330 young (337920K), 5 survivors (5120K)
[2025-05-20T23:53:53.280+0000][gc,heap,exit]  Metaspace       used 12935K, committed 13376K, reserved 1114112K
[2025-05-20T23:53:53.280+0000][gc,heap,exit]   class space    used 1262K, committed 1472K, reserved 1048576K
