[2025-05-24T13:19:19.272+0000][gc,init] CardTable entry size: 512
[2025-05-24T13:19:19.280+0000][gc     ] Using G1
[2025-05-24T13:19:19.303+0000][gc,init] Version: 21.0.4+7-LTS (release)
[2025-05-24T13:19:19.304+0000][gc,init] CPUs: 12 total, 12 available
[2025-05-24T13:19:19.304+0000][gc,init] Memory: 15597M
[2025-05-24T13:19:19.304+0000][gc,init] Large Page Support: Disabled
[2025-05-24T13:19:19.304+0000][gc,init] NUMA Support: Disabled
[2025-05-24T13:19:19.305+0000][gc,init] Compressed Oops: Enabled (32-bit)
[2025-05-24T13:19:19.316+0000][gc,init] Heap Region Size: 1M
[2025-05-24T13:19:19.317+0000][gc,init] Heap Min Capacity: 1G
[2025-05-24T13:19:19.317+0000][gc,init] Heap Initial Capacity: 1G
[2025-05-24T13:19:19.319+0000][gc,init] Heap Max Capacity: 1G
[2025-05-24T13:19:19.320+0000][gc,init] Pre-touch: Disabled
[2025-05-24T13:19:19.320+0000][gc,init] Parallel Workers: 10
[2025-05-24T13:19:19.322+0000][gc,init] Concurrent Workers: 3
[2025-05-24T13:19:19.329+0000][gc,init] Concurrent Refinement Workers: 10
[2025-05-24T13:19:19.329+0000][gc,init] Periodic GC: Disabled
[2025-05-24T13:19:19.490+0000][gc,metaspace] CDS archive(s) mapped at: [0x00007f3bb1000000-0x00007f3bb1bbe000-0x00007f3bb4674000), size 57098240, SharedBaseAddress: 0x00007f3bb1000000, ArchiveRelocationMode: 1.
[2025-05-24T13:19:19.507+0000][gc,metaspace] Compressed class space mapped at: 0x00007f3bb5000000-0x00007f3bf5000000, reserved size: 1073741824
[2025-05-24T13:19:19.507+0000][gc,metaspace] Narrow klass base: 0x00007f3bb1000000, Narrow klass shift: 0, Narrow klass range: 0x100000000
[2025-05-24T13:19:25.018+0000][gc,start    ] GC(0) Pause Young (Normal) (G1 Evacuation Pause)
[2025-05-24T13:19:25.023+0000][gc,task     ] GC(0) Using 10 workers of 10 for evacuation
[2025-05-24T13:19:25.079+0000][gc,phases   ] GC(0)   Pre Evacuate Collection Set: 1.2ms
[2025-05-24T13:19:25.080+0000][gc,phases   ] GC(0)   Merge Heap Roots: 0.3ms
[2025-05-24T13:19:25.081+0000][gc,phases   ] GC(0)   Evacuate Collection Set: 50.6ms
[2025-05-24T13:19:25.081+0000][gc,phases   ] GC(0)   Post Evacuate Collection Set: 3.0ms
[2025-05-24T13:19:25.081+0000][gc,phases   ] GC(0)   Other: 5.1ms
[2025-05-24T13:19:25.081+0000][gc,heap     ] GC(0) Eden regions: 51->0(44)
[2025-05-24T13:19:25.082+0000][gc,heap     ] GC(0) Survivor regions: 0->7(7)
[2025-05-24T13:19:25.082+0000][gc,heap     ] GC(0) Old regions: 1->6
[2025-05-24T13:19:25.082+0000][gc,heap     ] GC(0) Humongous regions: 1->1
[2025-05-24T13:19:25.083+0000][gc,metaspace] GC(0) Metaspace: 5465K(5632K)->5465K(5632K) NonClass: 4822K(4928K)->4822K(4928K) Class: 642K(704K)->642K(704K)
[2025-05-24T13:19:25.083+0000][gc          ] GC(0) Pause Young (Normal) (G1 Evacuation Pause) 52M->13M(1024M) 64.352ms
[2025-05-24T13:19:25.083+0000][gc,cpu      ] GC(0) User=0.08s Sys=0.02s Real=0.06s
[2025-05-24T13:19:27.260+0000][gc,start    ] GC(1) Pause Young (Normal) (G1 Evacuation Pause)
[2025-05-24T13:19:27.261+0000][gc,task     ] GC(1) Using 10 workers of 10 for evacuation
[2025-05-24T13:19:27.270+0000][gc,phases   ] GC(1)   Pre Evacuate Collection Set: 0.4ms
[2025-05-24T13:19:27.270+0000][gc,phases   ] GC(1)   Merge Heap Roots: 0.2ms
[2025-05-24T13:19:27.270+0000][gc,phases   ] GC(1)   Evacuate Collection Set: 6.5ms
[2025-05-24T13:19:27.270+0000][gc,phases   ] GC(1)   Post Evacuate Collection Set: 1.4ms
[2025-05-24T13:19:27.271+0000][gc,phases   ] GC(1)   Other: 0.5ms
[2025-05-24T13:19:27.271+0000][gc,heap     ] GC(1) Eden regions: 44->0(60)
[2025-05-24T13:19:27.271+0000][gc,heap     ] GC(1) Survivor regions: 7->3(7)
[2025-05-24T13:19:27.271+0000][gc,heap     ] GC(1) Old regions: 6->14
[2025-05-24T13:19:27.271+0000][gc,heap     ] GC(1) Humongous regions: 10->10
[2025-05-24T13:19:27.272+0000][gc,metaspace] GC(1) Metaspace: 7373K(7616K)->7373K(7616K) NonClass: 6511K(6656K)->6511K(6656K) Class: 862K(960K)->862K(960K)
[2025-05-24T13:19:27.272+0000][gc          ] GC(1) Pause Young (Normal) (G1 Evacuation Pause) 66M->25M(1024M) 11.310ms
[2025-05-24T13:19:27.272+0000][gc,cpu      ] GC(1) User=0.05s Sys=0.01s Real=0.01s
[2025-05-24T13:19:27.737+0000][gc,start    ] GC(2) Pause Young (Normal) (G1 Evacuation Pause)
[2025-05-24T13:19:27.737+0000][gc,task     ] GC(2) Using 10 workers of 10 for evacuation
[2025-05-24T13:19:27.748+0000][gc,phases   ] GC(2)   Pre Evacuate Collection Set: 0.4ms
[2025-05-24T13:19:27.748+0000][gc,phases   ] GC(2)   Merge Heap Roots: 0.2ms
[2025-05-24T13:19:27.748+0000][gc,phases   ] GC(2)   Evacuate Collection Set: 8.3ms
[2025-05-24T13:19:27.749+0000][gc,phases   ] GC(2)   Post Evacuate Collection Set: 1.1ms
[2025-05-24T13:19:27.749+0000][gc,phases   ] GC(2)   Other: 0.5ms
[2025-05-24T13:19:27.749+0000][gc,heap     ] GC(2) Eden regions: 66->0(449)
[2025-05-24T13:19:27.749+0000][gc,heap     ] GC(2) Survivor regions: 3->6(9)
[2025-05-24T13:19:27.749+0000][gc,heap     ] GC(2) Old regions: 14->14
[2025-05-24T13:19:27.750+0000][gc,heap     ] GC(2) Humongous regions: 10->10
[2025-05-24T13:19:27.750+0000][gc,metaspace] GC(2) Metaspace: 8593K(8832K)->8593K(8832K) NonClass: 7566K(7680K)->7566K(7680K) Class: 1027K(1152K)->1027K(1152K)
[2025-05-24T13:19:27.750+0000][gc          ] GC(2) Pause Young (Normal) (G1 Evacuation Pause) 91M->28M(1024M) 13.297ms
[2025-05-24T13:19:27.750+0000][gc,cpu      ] GC(2) User=0.04s Sys=0.01s Real=0.01s
[2025-05-24T13:20:17.375+0000][gc,start    ] GC(3) Pause Young (Normal) (G1 Evacuation Pause)
[2025-05-24T13:20:17.375+0000][gc,task     ] GC(3) Using 10 workers of 10 for evacuation
[2025-05-24T13:20:17.387+0000][gc,phases   ] GC(3)   Pre Evacuate Collection Set: 0.5ms
[2025-05-24T13:20:17.387+0000][gc,phases   ] GC(3)   Merge Heap Roots: 0.3ms
[2025-05-24T13:20:17.387+0000][gc,phases   ] GC(3)   Evacuate Collection Set: 9.2ms
[2025-05-24T13:20:17.387+0000][gc,phases   ] GC(3)   Post Evacuate Collection Set: 1.2ms
[2025-05-24T13:20:17.388+0000][gc,phases   ] GC(3)   Other: 0.5ms
[2025-05-24T13:20:17.388+0000][gc,heap     ] GC(3) Eden regions: 479->0(607)
[2025-05-24T13:20:17.388+0000][gc,heap     ] GC(3) Survivor regions: 6->7(61)
[2025-05-24T13:20:17.388+0000][gc,heap     ] GC(3) Old regions: 14->14
[2025-05-24T13:20:17.388+0000][gc,heap     ] GC(3) Humongous regions: 10->10
[2025-05-24T13:20:17.388+0000][gc,metaspace] GC(3) Metaspace: 10376K(10752K)->10376K(10752K) NonClass: 9292K(9472K)->9292K(9472K) Class: 1084K(1280K)->1084K(1280K)
[2025-05-24T13:20:17.389+0000][gc          ] GC(3) Pause Young (Normal) (G1 Evacuation Pause) 507M->30M(1024M) 14.003ms
[2025-05-24T13:20:17.389+0000][gc,cpu      ] GC(3) User=0.03s Sys=0.04s Real=0.01s
[2025-05-24T13:21:26.978+0000][gc,start    ] GC(4) Pause Young (Normal) (G1 Evacuation Pause)
[2025-05-24T13:21:26.978+0000][gc,task     ] GC(4) Using 10 workers of 10 for evacuation
[2025-05-24T13:21:26.986+0000][gc,phases   ] GC(4)   Pre Evacuate Collection Set: 0.4ms
[2025-05-24T13:21:26.986+0000][gc,phases   ] GC(4)   Merge Heap Roots: 0.2ms
[2025-05-24T13:21:26.986+0000][gc,phases   ] GC(4)   Evacuate Collection Set: 5.0ms
[2025-05-24T13:21:26.986+0000][gc,phases   ] GC(4)   Post Evacuate Collection Set: 1.2ms
[2025-05-24T13:21:26.986+0000][gc,phases   ] GC(4)   Other: 0.4ms
[2025-05-24T13:21:26.987+0000][gc,heap     ] GC(4) Eden regions: 607->0(608)
[2025-05-24T13:21:26.987+0000][gc,heap     ] GC(4) Survivor regions: 7->6(77)
[2025-05-24T13:21:26.987+0000][gc,heap     ] GC(4) Old regions: 14->14
[2025-05-24T13:21:26.987+0000][gc,heap     ] GC(4) Humongous regions: 10->10
[2025-05-24T13:21:26.987+0000][gc,metaspace] GC(4) Metaspace: 10891K(11264K)->10891K(11264K) NonClass: 9782K(9920K)->9782K(9920K) Class: 1108K(1344K)->1108K(1344K)
[2025-05-24T13:21:26.987+0000][gc          ] GC(4) Pause Young (Normal) (G1 Evacuation Pause) 637M->28M(1024M) 9.378ms
[2025-05-24T13:21:26.988+0000][gc,cpu      ] GC(4) User=0.03s Sys=0.00s Real=0.01s
[2025-05-24T13:22:27.072+0000][gc,start    ] GC(5) Pause Young (Normal) (G1 Evacuation Pause)
[2025-05-24T13:22:27.072+0000][gc,task     ] GC(5) Using 10 workers of 10 for evacuation
[2025-05-24T13:22:27.077+0000][gc,phases   ] GC(5)   Pre Evacuate Collection Set: 0.4ms
[2025-05-24T13:22:27.078+0000][gc,phases   ] GC(5)   Merge Heap Roots: 0.3ms
[2025-05-24T13:22:27.078+0000][gc,phases   ] GC(5)   Evacuate Collection Set: 2.8ms
[2025-05-24T13:22:27.078+0000][gc,phases   ] GC(5)   Post Evacuate Collection Set: 1.4ms
[2025-05-24T13:22:27.078+0000][gc,phases   ] GC(5)   Other: 0.3ms
[2025-05-24T13:22:27.079+0000][gc,heap     ] GC(5) Eden regions: 608->0(608)
[2025-05-24T13:22:27.079+0000][gc,heap     ] GC(5) Survivor regions: 6->6(77)
[2025-05-24T13:22:27.079+0000][gc,heap     ] GC(5) Old regions: 14->14
[2025-05-24T13:22:27.079+0000][gc,heap     ] GC(5) Humongous regions: 10->10
[2025-05-24T13:22:27.080+0000][gc,metaspace] GC(5) Metaspace: 11149K(11520K)->11149K(11520K) NonClass: 10028K(10176K)->10028K(10176K) Class: 1120K(1344K)->1120K(1344K)
[2025-05-24T13:22:27.080+0000][gc          ] GC(5) Pause Young (Normal) (G1 Evacuation Pause) 636M->28M(1024M) 8.076ms
[2025-05-24T13:22:27.080+0000][gc,cpu      ] GC(5) User=0.02s Sys=0.01s Real=0.01s
[2025-05-24T13:23:27.192+0000][gc,start    ] GC(6) Pause Young (Normal) (G1 Evacuation Pause)
[2025-05-24T13:23:27.192+0000][gc,task     ] GC(6) Using 10 workers of 10 for evacuation
[2025-05-24T13:23:27.198+0000][gc,phases   ] GC(6)   Pre Evacuate Collection Set: 0.4ms
[2025-05-24T13:23:27.198+0000][gc,phases   ] GC(6)   Merge Heap Roots: 0.3ms
[2025-05-24T13:23:27.198+0000][gc,phases   ] GC(6)   Evacuate Collection Set: 3.5ms
[2025-05-24T13:23:27.198+0000][gc,phases   ] GC(6)   Post Evacuate Collection Set: 1.3ms
[2025-05-24T13:23:27.198+0000][gc,phases   ] GC(6)   Other: 0.3ms
[2025-05-24T13:23:27.199+0000][gc,heap     ] GC(6) Eden regions: 608->0(607)
[2025-05-24T13:23:27.199+0000][gc,heap     ] GC(6) Survivor regions: 6->7(77)
[2025-05-24T13:23:27.199+0000][gc,heap     ] GC(6) Old regions: 14->14
[2025-05-24T13:23:27.199+0000][gc,heap     ] GC(6) Humongous regions: 10->10
[2025-05-24T13:23:27.199+0000][gc,metaspace] GC(6) Metaspace: 11289K(11712K)->11289K(11712K) NonClass: 10168K(10368K)->10168K(10368K) Class: 1120K(1344K)->1120K(1344K)
[2025-05-24T13:23:27.200+0000][gc          ] GC(6) Pause Young (Normal) (G1 Evacuation Pause) 636M->29M(1024M) 8.016ms
[2025-05-24T13:23:27.200+0000][gc,cpu      ] GC(6) User=0.04s Sys=0.00s Real=0.01s
[2025-05-24T13:24:27.196+0000][gc,start    ] GC(7) Pause Young (Normal) (G1 Evacuation Pause)
[2025-05-24T13:24:27.196+0000][gc,task     ] GC(7) Using 10 workers of 10 for evacuation
[2025-05-24T13:24:27.201+0000][gc,phases   ] GC(7)   Pre Evacuate Collection Set: 0.4ms
[2025-05-24T13:24:27.202+0000][gc,phases   ] GC(7)   Merge Heap Roots: 0.2ms
[2025-05-24T13:24:27.202+0000][gc,phases   ] GC(7)   Evacuate Collection Set: 2.8ms
[2025-05-24T13:24:27.202+0000][gc,phases   ] GC(7)   Post Evacuate Collection Set: 1.2ms
[2025-05-24T13:24:27.202+0000][gc,phases   ] GC(7)   Other: 0.3ms
[2025-05-24T13:24:27.202+0000][gc,heap     ] GC(7) Eden regions: 607->0(607)
[2025-05-24T13:24:27.202+0000][gc,heap     ] GC(7) Survivor regions: 7->7(77)
[2025-05-24T13:24:27.203+0000][gc,heap     ] GC(7) Old regions: 14->14
[2025-05-24T13:24:27.203+0000][gc,heap     ] GC(7) Humongous regions: 10->10
[2025-05-24T13:24:27.203+0000][gc,metaspace] GC(7) Metaspace: 11453K(11840K)->11453K(11840K) NonClass: 10330K(10496K)->10330K(10496K) Class: 1122K(1344K)->1122K(1344K)
[2025-05-24T13:24:27.203+0000][gc          ] GC(7) Pause Young (Normal) (G1 Evacuation Pause) 636M->30M(1024M) 6.955ms
[2025-05-24T13:24:27.203+0000][gc,cpu      ] GC(7) User=0.02s Sys=0.01s Real=0.01s
[2025-05-24T13:25:27.304+0000][gc,start    ] GC(8) Pause Young (Normal) (G1 Evacuation Pause)
[2025-05-24T13:25:27.305+0000][gc,task     ] GC(8) Using 10 workers of 10 for evacuation
[2025-05-24T13:25:27.314+0000][gc,phases   ] GC(8)   Pre Evacuate Collection Set: 0.4ms
[2025-05-24T13:25:27.314+0000][gc,phases   ] GC(8)   Merge Heap Roots: 0.2ms
[2025-05-24T13:25:27.314+0000][gc,phases   ] GC(8)   Evacuate Collection Set: 6.6ms
[2025-05-24T13:25:27.314+0000][gc,phases   ] GC(8)   Post Evacuate Collection Set: 1.4ms
[2025-05-24T13:25:27.314+0000][gc,phases   ] GC(8)   Other: 0.3ms
[2025-05-24T13:25:27.315+0000][gc,heap     ] GC(8) Eden regions: 607->0(606)
[2025-05-24T13:25:27.315+0000][gc,heap     ] GC(8) Survivor regions: 7->8(77)
[2025-05-24T13:25:27.315+0000][gc,heap     ] GC(8) Old regions: 14->14
[2025-05-24T13:25:27.315+0000][gc,heap     ] GC(8) Humongous regions: 10->10
[2025-05-24T13:25:27.316+0000][gc,metaspace] GC(8) Metaspace: 11541K(11904K)->11541K(11904K) NonClass: 10415K(10560K)->10415K(10560K) Class: 1125K(1344K)->1125K(1344K)
[2025-05-24T13:25:27.316+0000][gc          ] GC(8) Pause Young (Normal) (G1 Evacuation Pause) 637M->30M(1024M) 11.785ms
[2025-05-24T13:25:27.316+0000][gc,cpu      ] GC(8) User=0.06s Sys=0.00s Real=0.01s
[2025-05-24T13:26:31.576+0000][gc,start    ] GC(9) Pause Young (Normal) (G1 Evacuation Pause)
[2025-05-24T13:26:31.576+0000][gc,task     ] GC(9) Using 10 workers of 10 for evacuation
[2025-05-24T13:26:31.584+0000][gc,phases   ] GC(9)   Pre Evacuate Collection Set: 0.5ms
[2025-05-24T13:26:31.584+0000][gc,phases   ] GC(9)   Merge Heap Roots: 0.3ms
[2025-05-24T13:26:31.585+0000][gc,phases   ] GC(9)   Evacuate Collection Set: 4.1ms
[2025-05-24T13:26:31.585+0000][gc,phases   ] GC(9)   Post Evacuate Collection Set: 2.0ms
[2025-05-24T13:26:31.585+0000][gc,phases   ] GC(9)   Other: 0.8ms
[2025-05-24T13:26:31.585+0000][gc,heap     ] GC(9) Eden regions: 606->0(608)
[2025-05-24T13:26:31.586+0000][gc,heap     ] GC(9) Survivor regions: 8->6(77)
[2025-05-24T13:26:31.586+0000][gc,heap     ] GC(9) Old regions: 14->14
[2025-05-24T13:26:31.586+0000][gc,heap     ] GC(9) Humongous regions: 10->10
[2025-05-24T13:26:31.586+0000][gc,metaspace] GC(9) Metaspace: 11596K(11968K)->11596K(11968K) NonClass: 10467K(10624K)->10467K(10624K) Class: 1128K(1344K)->1128K(1344K)
[2025-05-24T13:26:31.587+0000][gc          ] GC(9) Pause Young (Normal) (G1 Evacuation Pause) 636M->29M(1024M) 10.495ms
[2025-05-24T13:26:31.587+0000][gc,cpu      ] GC(9) User=0.02s Sys=0.02s Real=0.01s
[2025-05-24T13:27:37.056+0000][gc,start    ] GC(10) Pause Young (Normal) (G1 Evacuation Pause)
[2025-05-24T13:27:37.056+0000][gc,task     ] GC(10) Using 10 workers of 10 for evacuation
[2025-05-24T13:27:37.065+0000][gc,phases   ] GC(10)   Pre Evacuate Collection Set: 0.5ms
[2025-05-24T13:27:37.065+0000][gc,phases   ] GC(10)   Merge Heap Roots: 0.3ms
[2025-05-24T13:27:37.066+0000][gc,phases   ] GC(10)   Evacuate Collection Set: 5.9ms
[2025-05-24T13:27:37.066+0000][gc,phases   ] GC(10)   Post Evacuate Collection Set: 1.6ms
[2025-05-24T13:27:37.066+0000][gc,phases   ] GC(10)   Other: 0.4ms
[2025-05-24T13:27:37.066+0000][gc,heap     ] GC(10) Eden regions: 608->0(607)
[2025-05-24T13:27:37.067+0000][gc,heap     ] GC(10) Survivor regions: 6->7(77)
[2025-05-24T13:27:37.067+0000][gc,heap     ] GC(10) Old regions: 14->14
[2025-05-24T13:27:37.067+0000][gc,heap     ] GC(10) Humongous regions: 10->10
[2025-05-24T13:27:37.067+0000][gc,metaspace] GC(10) Metaspace: 11623K(12032K)->11623K(12032K) NonClass: 10493K(10688K)->10493K(10688K) Class: 1129K(1344K)->1129K(1344K)
[2025-05-24T13:27:37.068+0000][gc          ] GC(10) Pause Young (Normal) (G1 Evacuation Pause) 637M->29M(1024M) 11.954ms
[2025-05-24T13:27:37.068+0000][gc,cpu      ] GC(10) User=0.03s Sys=0.00s Real=0.01s
[2025-05-24T13:28:37.128+0000][gc,start    ] GC(11) Pause Young (Normal) (G1 Evacuation Pause)
[2025-05-24T13:28:37.128+0000][gc,task     ] GC(11) Using 10 workers of 10 for evacuation
[2025-05-24T13:28:37.134+0000][gc,phases   ] GC(11)   Pre Evacuate Collection Set: 0.4ms
[2025-05-24T13:28:37.135+0000][gc,phases   ] GC(11)   Merge Heap Roots: 0.4ms
[2025-05-24T13:28:37.135+0000][gc,phases   ] GC(11)   Evacuate Collection Set: 3.8ms
[2025-05-24T13:28:37.135+0000][gc,phases   ] GC(11)   Post Evacuate Collection Set: 1.3ms
[2025-05-24T13:28:37.135+0000][gc,phases   ] GC(11)   Other: 0.4ms
[2025-05-24T13:28:37.136+0000][gc,heap     ] GC(11) Eden regions: 607->0(607)
[2025-05-24T13:28:37.136+0000][gc,heap     ] GC(11) Survivor regions: 7->7(77)
[2025-05-24T13:28:37.136+0000][gc,heap     ] GC(11) Old regions: 14->14
[2025-05-24T13:28:37.136+0000][gc,heap     ] GC(11) Humongous regions: 10->10
[2025-05-24T13:28:37.136+0000][gc,metaspace] GC(11) Metaspace: 11669K(12096K)->11669K(12096K) NonClass: 10539K(10752K)->10539K(10752K) Class: 1129K(1344K)->1129K(1344K)
[2025-05-24T13:28:37.137+0000][gc          ] GC(11) Pause Young (Normal) (G1 Evacuation Pause) 636M->29M(1024M) 8.957ms
[2025-05-24T13:28:37.137+0000][gc,cpu      ] GC(11) User=0.03s Sys=0.00s Real=0.00s
[2025-05-24T13:29:37.299+0000][gc,start    ] GC(12) Pause Young (Normal) (G1 Evacuation Pause)
[2025-05-24T13:29:37.299+0000][gc,task     ] GC(12) Using 10 workers of 10 for evacuation
[2025-05-24T13:29:37.313+0000][gc,phases   ] GC(12)   Pre Evacuate Collection Set: 0.7ms
[2025-05-24T13:29:37.314+0000][gc,phases   ] GC(12)   Merge Heap Roots: 0.2ms
[2025-05-24T13:29:37.315+0000][gc,phases   ] GC(12)   Evacuate Collection Set: 11.0ms
[2025-05-24T13:29:37.315+0000][gc,phases   ] GC(12)   Post Evacuate Collection Set: 1.7ms
[2025-05-24T13:29:37.315+0000][gc,phases   ] GC(12)   Other: 0.4ms
[2025-05-24T13:29:37.316+0000][gc,heap     ] GC(12) Eden regions: 607->0(606)
[2025-05-24T13:29:37.316+0000][gc,heap     ] GC(12) Survivor regions: 7->8(77)
[2025-05-24T13:29:37.316+0000][gc,heap     ] GC(12) Old regions: 14->14
[2025-05-24T13:29:37.316+0000][gc,heap     ] GC(12) Humongous regions: 10->10
[2025-05-24T13:29:37.316+0000][gc,metaspace] GC(12) Metaspace: 11707K(12096K)->11707K(12096K) NonClass: 10574K(10752K)->10574K(10752K) Class: 1132K(1344K)->1132K(1344K)
[2025-05-24T13:29:37.317+0000][gc          ] GC(12) Pause Young (Normal) (G1 Evacuation Pause) 636M->30M(1024M) 17.608ms
[2025-05-24T13:29:37.317+0000][gc,cpu      ] GC(12) User=0.04s Sys=0.00s Real=0.02s
[2025-05-24T13:30:37.295+0000][gc,start    ] GC(13) Pause Young (Normal) (G1 Evacuation Pause)
[2025-05-24T13:30:37.296+0000][gc,task     ] GC(13) Using 10 workers of 10 for evacuation
[2025-05-24T13:30:37.303+0000][gc,phases   ] GC(13)   Pre Evacuate Collection Set: 0.6ms
[2025-05-24T13:30:37.304+0000][gc,phases   ] GC(13)   Merge Heap Roots: 0.3ms
[2025-05-24T13:30:37.304+0000][gc,phases   ] GC(13)   Evacuate Collection Set: 4.4ms
[2025-05-24T13:30:37.304+0000][gc,phases   ] GC(13)   Post Evacuate Collection Set: 1.7ms
[2025-05-24T13:30:37.305+0000][gc,phases   ] GC(13)   Other: 0.6ms
[2025-05-24T13:30:37.305+0000][gc,heap     ] GC(13) Eden regions: 606->0(606)
[2025-05-24T13:30:37.305+0000][gc,heap     ] GC(13) Survivor regions: 8->8(77)
[2025-05-24T13:30:37.305+0000][gc,heap     ] GC(13) Old regions: 14->14
[2025-05-24T13:30:37.305+0000][gc,heap     ] GC(13) Humongous regions: 10->10
[2025-05-24T13:30:37.306+0000][gc,metaspace] GC(13) Metaspace: 11775K(12160K)->11775K(12160K) NonClass: 10637K(10816K)->10637K(10816K) Class: 1137K(1344K)->1137K(1344K)
[2025-05-24T13:30:37.306+0000][gc          ] GC(13) Pause Young (Normal) (G1 Evacuation Pause) 636M->30M(1024M) 10.434ms
[2025-05-24T13:30:37.306+0000][gc,cpu      ] GC(13) User=0.04s Sys=0.01s Real=0.01s
[2025-05-24T13:31:37.376+0000][gc,start    ] GC(14) Pause Young (Normal) (G1 Evacuation Pause)
[2025-05-24T13:31:37.376+0000][gc,task     ] GC(14) Using 10 workers of 10 for evacuation
[2025-05-24T13:31:37.382+0000][gc,phases   ] GC(14)   Pre Evacuate Collection Set: 0.5ms
[2025-05-24T13:31:37.383+0000][gc,phases   ] GC(14)   Merge Heap Roots: 0.3ms
[2025-05-24T13:31:37.383+0000][gc,phases   ] GC(14)   Evacuate Collection Set: 3.8ms
[2025-05-24T13:31:37.383+0000][gc,phases   ] GC(14)   Post Evacuate Collection Set: 1.4ms
[2025-05-24T13:31:37.383+0000][gc,phases   ] GC(14)   Other: 0.5ms
[2025-05-24T13:31:37.384+0000][gc,heap     ] GC(14) Eden regions: 606->0(605)
[2025-05-24T13:31:37.384+0000][gc,heap     ] GC(14) Survivor regions: 8->9(77)
[2025-05-24T13:31:37.384+0000][gc,heap     ] GC(14) Old regions: 14->14
[2025-05-24T13:31:37.384+0000][gc,heap     ] GC(14) Humongous regions: 10->10
[2025-05-24T13:31:37.385+0000][gc,metaspace] GC(14) Metaspace: 11794K(12160K)->11794K(12160K) NonClass: 10657K(10816K)->10657K(10816K) Class: 1137K(1344K)->1137K(1344K)
[2025-05-24T13:31:37.385+0000][gc          ] GC(14) Pause Young (Normal) (G1 Evacuation Pause) 636M->31M(1024M) 9.300ms
[2025-05-24T13:31:37.385+0000][gc,cpu      ] GC(14) User=0.04s Sys=0.00s Real=0.01s
[2025-05-24T13:32:46.984+0000][gc,start    ] GC(15) Pause Young (Normal) (G1 Evacuation Pause)
[2025-05-24T13:32:46.985+0000][gc,task     ] GC(15) Using 10 workers of 10 for evacuation
[2025-05-24T13:32:46.993+0000][gc,phases   ] GC(15)   Pre Evacuate Collection Set: 1.3ms
[2025-05-24T13:32:46.994+0000][gc,phases   ] GC(15)   Merge Heap Roots: 0.3ms
[2025-05-24T13:32:46.994+0000][gc,phases   ] GC(15)   Evacuate Collection Set: 5.0ms
[2025-05-24T13:32:46.994+0000][gc,phases   ] GC(15)   Post Evacuate Collection Set: 1.6ms
[2025-05-24T13:32:46.995+0000][gc,phases   ] GC(15)   Other: 0.7ms
[2025-05-24T13:32:46.995+0000][gc,heap     ] GC(15) Eden regions: 605->0(607)
[2025-05-24T13:32:46.995+0000][gc,heap     ] GC(15) Survivor regions: 9->7(77)
[2025-05-24T13:32:46.995+0000][gc,heap     ] GC(15) Old regions: 14->14
[2025-05-24T13:32:46.996+0000][gc,heap     ] GC(15) Humongous regions: 10->10
[2025-05-24T13:32:46.999+0000][gc,metaspace] GC(15) Metaspace: 11815K(12160K)->11815K(12160K) NonClass: 10678K(10816K)->10678K(10816K) Class: 1137K(1344K)->1137K(1344K)
[2025-05-24T13:32:47.001+0000][gc          ] GC(15) Pause Young (Normal) (G1 Evacuation Pause) 636M->29M(1024M) 16.899ms
[2025-05-24T13:32:47.001+0000][gc,cpu      ] GC(15) User=0.05s Sys=0.01s Real=0.02s
[2025-05-24T13:33:47.144+0000][gc,start    ] GC(16) Pause Young (Normal) (G1 Evacuation Pause)
[2025-05-24T13:33:47.144+0000][gc,task     ] GC(16) Using 10 workers of 10 for evacuation
[2025-05-24T13:33:47.181+0000][gc,phases   ] GC(16)   Pre Evacuate Collection Set: 0.4ms
[2025-05-24T13:33:47.184+0000][gc,phases   ] GC(16)   Merge Heap Roots: 0.2ms
[2025-05-24T13:33:47.184+0000][gc,phases   ] GC(16)   Evacuate Collection Set: 32.8ms
[2025-05-24T13:33:47.185+0000][gc,phases   ] GC(16)   Post Evacuate Collection Set: 3.5ms
[2025-05-24T13:33:47.185+0000][gc,phases   ] GC(16)   Other: 0.3ms
[2025-05-24T13:33:47.185+0000][gc,heap     ] GC(16) Eden regions: 607->0(609)
[2025-05-24T13:33:47.185+0000][gc,heap     ] GC(16) Survivor regions: 7->5(77)
[2025-05-24T13:33:47.185+0000][gc,heap     ] GC(16) Old regions: 14->15
[2025-05-24T13:33:47.185+0000][gc,heap     ] GC(16) Humongous regions: 10->10
[2025-05-24T13:33:47.186+0000][gc,metaspace] GC(16) Metaspace: 11872K(12224K)->11872K(12224K) NonClass: 10735K(10880K)->10735K(10880K) Class: 1137K(1344K)->1137K(1344K)
[2025-05-24T13:33:47.186+0000][gc          ] GC(16) Pause Young (Normal) (G1 Evacuation Pause) 636M->29M(1024M) 42.181ms
[2025-05-24T13:33:47.186+0000][gc,cpu      ] GC(16) User=0.04s Sys=0.01s Real=0.04s
[2025-05-24T13:34:47.124+0000][gc,start    ] GC(17) Pause Young (Normal) (G1 Evacuation Pause)
[2025-05-24T13:34:47.125+0000][gc,task     ] GC(17) Using 10 workers of 10 for evacuation
[2025-05-24T13:34:47.132+0000][gc,phases   ] GC(17)   Pre Evacuate Collection Set: 0.5ms
[2025-05-24T13:34:47.132+0000][gc,phases   ] GC(17)   Merge Heap Roots: 0.2ms
[2025-05-24T13:34:47.132+0000][gc,phases   ] GC(17)   Evacuate Collection Set: 4.5ms
[2025-05-24T13:34:47.132+0000][gc,phases   ] GC(17)   Post Evacuate Collection Set: 1.2ms
[2025-05-24T13:34:47.133+0000][gc,phases   ] GC(17)   Other: 0.3ms
[2025-05-24T13:34:47.133+0000][gc,heap     ] GC(17) Eden regions: 609->0(609)
[2025-05-24T13:34:47.133+0000][gc,heap     ] GC(17) Survivor regions: 5->5(77)
[2025-05-24T13:34:47.133+0000][gc,heap     ] GC(17) Old regions: 15->17
[2025-05-24T13:34:47.133+0000][gc,heap     ] GC(17) Humongous regions: 10->10
[2025-05-24T13:34:47.133+0000][gc,metaspace] GC(17) Metaspace: 11875K(12224K)->11875K(12224K) NonClass: 10737K(10880K)->10737K(10880K) Class: 1137K(1344K)->1137K(1344K)
[2025-05-24T13:34:47.134+0000][gc          ] GC(17) Pause Young (Normal) (G1 Evacuation Pause) 638M->30M(1024M) 9.389ms
[2025-05-24T13:34:47.134+0000][gc,cpu      ] GC(17) User=0.01s Sys=0.04s Real=0.01s
[2025-05-24T13:35:47.269+0000][gc,start    ] GC(18) Pause Young (Normal) (G1 Evacuation Pause)
[2025-05-24T13:35:47.270+0000][gc,task     ] GC(18) Using 10 workers of 10 for evacuation
[2025-05-24T13:35:47.275+0000][gc,phases   ] GC(18)   Pre Evacuate Collection Set: 0.5ms
[2025-05-24T13:35:47.275+0000][gc,phases   ] GC(18)   Merge Heap Roots: 0.2ms
[2025-05-24T13:35:47.275+0000][gc,phases   ] GC(18)   Evacuate Collection Set: 2.8ms
[2025-05-24T13:35:47.275+0000][gc,phases   ] GC(18)   Post Evacuate Collection Set: 1.3ms
[2025-05-24T13:35:47.276+0000][gc,phases   ] GC(18)   Other: 0.3ms
[2025-05-24T13:35:47.276+0000][gc,heap     ] GC(18) Eden regions: 609->0(610)
[2025-05-24T13:35:47.276+0000][gc,heap     ] GC(18) Survivor regions: 5->4(77)
[2025-05-24T13:35:47.276+0000][gc,heap     ] GC(18) Old regions: 17->17
[2025-05-24T13:35:47.277+0000][gc,heap     ] GC(18) Humongous regions: 10->10
[2025-05-24T13:35:47.277+0000][gc,metaspace] GC(18) Metaspace: 11903K(12288K)->11903K(12288K) NonClass: 10766K(10944K)->10766K(10944K) Class: 1137K(1344K)->1137K(1344K)
[2025-05-24T13:35:47.277+0000][gc          ] GC(18) Pause Young (Normal) (G1 Evacuation Pause) 639M->30M(1024M) 7.551ms
[2025-05-24T13:35:47.277+0000][gc,cpu      ] GC(18) User=0.03s Sys=0.00s Real=0.01s
[2025-05-24T13:36:47.362+0000][gc,start    ] GC(19) Pause Young (Normal) (G1 Evacuation Pause)
[2025-05-24T13:36:47.362+0000][gc,task     ] GC(19) Using 10 workers of 10 for evacuation
[2025-05-24T13:36:47.367+0000][gc,phases   ] GC(19)   Pre Evacuate Collection Set: 0.5ms
[2025-05-24T13:36:47.367+0000][gc,phases   ] GC(19)   Merge Heap Roots: 0.2ms
[2025-05-24T13:36:47.367+0000][gc,phases   ] GC(19)   Evacuate Collection Set: 2.3ms
[2025-05-24T13:36:47.368+0000][gc,phases   ] GC(19)   Post Evacuate Collection Set: 1.2ms
[2025-05-24T13:36:47.368+0000][gc,phases   ] GC(19)   Other: 0.3ms
[2025-05-24T13:36:47.368+0000][gc,heap     ] GC(19) Eden regions: 610->0(609)
[2025-05-24T13:36:47.368+0000][gc,heap     ] GC(19) Survivor regions: 4->5(77)
[2025-05-24T13:36:47.368+0000][gc,heap     ] GC(19) Old regions: 17->17
[2025-05-24T13:36:47.369+0000][gc,heap     ] GC(19) Humongous regions: 10->10
[2025-05-24T13:36:47.369+0000][gc,metaspace] GC(19) Metaspace: 11954K(12352K)->11954K(12352K) NonClass: 10816K(11008K)->10816K(11008K) Class: 1138K(1344K)->1138K(1344K)
[2025-05-24T13:36:47.369+0000][gc          ] GC(19) Pause Young (Normal) (G1 Evacuation Pause) 640M->31M(1024M) 6.971ms
[2025-05-24T13:36:47.369+0000][gc,cpu      ] GC(19) User=0.02s Sys=0.00s Real=0.00s
[2025-05-24T13:37:56.953+0000][gc,start    ] GC(20) Pause Young (Normal) (G1 Evacuation Pause)
[2025-05-24T13:37:56.954+0000][gc,task     ] GC(20) Using 10 workers of 10 for evacuation
[2025-05-24T13:37:56.960+0000][gc,phases   ] GC(20)   Pre Evacuate Collection Set: 0.6ms
[2025-05-24T13:37:56.960+0000][gc,phases   ] GC(20)   Merge Heap Roots: 0.3ms
[2025-05-24T13:37:56.961+0000][gc,phases   ] GC(20)   Evacuate Collection Set: 4.0ms
[2025-05-24T13:37:56.961+0000][gc,phases   ] GC(20)   Post Evacuate Collection Set: 1.3ms
[2025-05-24T13:37:56.961+0000][gc,phases   ] GC(20)   Other: 0.3ms
[2025-05-24T13:37:56.961+0000][gc,heap     ] GC(20) Eden regions: 609->0(611)
[2025-05-24T13:37:56.961+0000][gc,heap     ] GC(20) Survivor regions: 5->3(77)
[2025-05-24T13:37:56.961+0000][gc,heap     ] GC(20) Old regions: 17->18
[2025-05-24T13:37:56.962+0000][gc,heap     ] GC(20) Humongous regions: 10->10
[2025-05-24T13:37:56.962+0000][gc,metaspace] GC(20) Metaspace: 11979K(12352K)->11979K(12352K) NonClass: 10841K(11008K)->10841K(11008K) Class: 1138K(1344K)->1138K(1344K)
[2025-05-24T13:37:56.962+0000][gc          ] GC(20) Pause Young (Normal) (G1 Evacuation Pause) 640M->29M(1024M) 8.930ms
[2025-05-24T13:37:56.962+0000][gc,cpu      ] GC(20) User=0.01s Sys=0.02s Real=0.01s
[2025-05-24T13:38:57.087+0000][gc,start    ] GC(21) Pause Young (Normal) (G1 Evacuation Pause)
[2025-05-24T13:38:57.087+0000][gc,task     ] GC(21) Using 10 workers of 10 for evacuation
[2025-05-24T13:38:57.092+0000][gc,phases   ] GC(21)   Pre Evacuate Collection Set: 0.7ms
[2025-05-24T13:38:57.092+0000][gc,phases   ] GC(21)   Merge Heap Roots: 0.3ms
[2025-05-24T13:38:57.092+0000][gc,phases   ] GC(21)   Evacuate Collection Set: 2.2ms
[2025-05-24T13:38:57.092+0000][gc,phases   ] GC(21)   Post Evacuate Collection Set: 1.2ms
[2025-05-24T13:38:57.093+0000][gc,phases   ] GC(21)   Other: 0.3ms
[2025-05-24T13:38:57.093+0000][gc,heap     ] GC(21) Eden regions: 611->0(610)
[2025-05-24T13:38:57.093+0000][gc,heap     ] GC(21) Survivor regions: 3->4(77)
[2025-05-24T13:38:57.093+0000][gc,heap     ] GC(21) Old regions: 18->18
[2025-05-24T13:38:57.093+0000][gc,heap     ] GC(21) Humongous regions: 10->10
[2025-05-24T13:38:57.093+0000][gc,metaspace] GC(21) Metaspace: 11991K(12352K)->11991K(12352K) NonClass: 10852K(11008K)->10852K(11008K) Class: 1138K(1344K)->1138K(1344K)
[2025-05-24T13:38:57.094+0000][gc          ] GC(21) Pause Young (Normal) (G1 Evacuation Pause) 640M->30M(1024M) 7.218ms
[2025-05-24T13:38:57.094+0000][gc,cpu      ] GC(21) User=0.03s Sys=0.00s Real=0.01s
[2025-05-24T13:39:57.206+0000][gc,start    ] GC(22) Pause Young (Normal) (G1 Evacuation Pause)
[2025-05-24T13:39:57.206+0000][gc,task     ] GC(22) Using 10 workers of 10 for evacuation
[2025-05-24T13:39:57.212+0000][gc,phases   ] GC(22)   Pre Evacuate Collection Set: 1.0ms
[2025-05-24T13:39:57.212+0000][gc,phases   ] GC(22)   Merge Heap Roots: 0.4ms
[2025-05-24T13:39:57.213+0000][gc,phases   ] GC(22)   Evacuate Collection Set: 2.6ms
[2025-05-24T13:39:57.213+0000][gc,phases   ] GC(22)   Post Evacuate Collection Set: 1.5ms
[2025-05-24T13:39:57.213+0000][gc,phases   ] GC(22)   Other: 0.4ms
[2025-05-24T13:39:57.213+0000][gc,heap     ] GC(22) Eden regions: 610->0(610)
[2025-05-24T13:39:57.213+0000][gc,heap     ] GC(22) Survivor regions: 4->4(77)
[2025-05-24T13:39:57.213+0000][gc,heap     ] GC(22) Old regions: 18->18
[2025-05-24T13:39:57.214+0000][gc,heap     ] GC(22) Humongous regions: 10->10
[2025-05-24T13:39:57.214+0000][gc,metaspace] GC(22) Metaspace: 12025K(12352K)->12025K(12352K) NonClass: 10887K(11008K)->10887K(11008K) Class: 1138K(1344K)->1138K(1344K)
[2025-05-24T13:39:57.214+0000][gc          ] GC(22) Pause Young (Normal) (G1 Evacuation Pause) 640M->31M(1024M) 8.132ms
[2025-05-24T13:39:57.214+0000][gc,cpu      ] GC(22) User=0.02s Sys=0.01s Real=0.01s
[2025-05-24T13:40:57.319+0000][gc,start    ] GC(23) Pause Young (Normal) (G1 Evacuation Pause)
[2025-05-24T13:40:57.319+0000][gc,task     ] GC(23) Using 10 workers of 10 for evacuation
[2025-05-24T13:40:57.326+0000][gc,phases   ] GC(23)   Pre Evacuate Collection Set: 0.7ms
[2025-05-24T13:40:57.326+0000][gc,phases   ] GC(23)   Merge Heap Roots: 0.3ms
[2025-05-24T13:40:57.326+0000][gc,phases   ] GC(23)   Evacuate Collection Set: 2.9ms
[2025-05-24T13:40:57.327+0000][gc,phases   ] GC(23)   Post Evacuate Collection Set: 2.3ms
[2025-05-24T13:40:57.327+0000][gc,phases   ] GC(23)   Other: 0.4ms
[2025-05-24T13:40:57.327+0000][gc,heap     ] GC(23) Eden regions: 610->0(609)
[2025-05-24T13:40:57.327+0000][gc,heap     ] GC(23) Survivor regions: 4->5(77)
[2025-05-24T13:40:57.327+0000][gc,heap     ] GC(23) Old regions: 18->18
[2025-05-24T13:40:57.328+0000][gc,heap     ] GC(23) Humongous regions: 10->10
[2025-05-24T13:40:57.328+0000][gc,metaspace] GC(23) Metaspace: 12293K(12800K)->12293K(12800K) NonClass: 11119K(11328K)->11119K(11328K) Class: 1173K(1472K)->1173K(1472K)
[2025-05-24T13:40:57.328+0000][gc          ] GC(23) Pause Young (Normal) (G1 Evacuation Pause) 641M->31M(1024M) 9.251ms
[2025-05-24T13:40:57.328+0000][gc,cpu      ] GC(23) User=0.03s Sys=0.01s Real=0.01s
[2025-05-24T13:42:06.881+0000][gc,start    ] GC(24) Pause Young (Normal) (G1 Evacuation Pause)
[2025-05-24T13:42:06.881+0000][gc,task     ] GC(24) Using 10 workers of 10 for evacuation
[2025-05-24T13:42:06.885+0000][gc,phases   ] GC(24)   Pre Evacuate Collection Set: 0.3ms
[2025-05-24T13:42:06.885+0000][gc,phases   ] GC(24)   Merge Heap Roots: 0.2ms
[2025-05-24T13:42:06.885+0000][gc,phases   ] GC(24)   Evacuate Collection Set: 1.7ms
[2025-05-24T13:42:06.885+0000][gc,phases   ] GC(24)   Post Evacuate Collection Set: 1.1ms
[2025-05-24T13:42:06.885+0000][gc,phases   ] GC(24)   Other: 0.4ms
[2025-05-24T13:42:06.886+0000][gc,heap     ] GC(24) Eden regions: 609->0(610)
[2025-05-24T13:42:06.886+0000][gc,heap     ] GC(24) Survivor regions: 5->4(77)
[2025-05-24T13:42:06.886+0000][gc,heap     ] GC(24) Old regions: 18->18
[2025-05-24T13:42:06.886+0000][gc,heap     ] GC(24) Humongous regions: 10->10
[2025-05-24T13:42:06.887+0000][gc,metaspace] GC(24) Metaspace: 12300K(12800K)->12300K(12800K) NonClass: 11127K(11328K)->11127K(11328K) Class: 1173K(1472K)->1173K(1472K)
[2025-05-24T13:42:06.887+0000][gc          ] GC(24) Pause Young (Normal) (G1 Evacuation Pause) 640M->30M(1024M) 6.292ms
[2025-05-24T13:42:06.887+0000][gc,cpu      ] GC(24) User=0.02s Sys=0.00s Real=0.00s
[2025-05-24T13:43:07.015+0000][gc,start    ] GC(25) Pause Young (Normal) (G1 Evacuation Pause)
[2025-05-24T13:43:07.015+0000][gc,task     ] GC(25) Using 10 workers of 10 for evacuation
[2025-05-24T13:43:07.020+0000][gc,phases   ] GC(25)   Pre Evacuate Collection Set: 0.5ms
[2025-05-24T13:43:07.020+0000][gc,phases   ] GC(25)   Merge Heap Roots: 0.3ms
[2025-05-24T13:43:07.020+0000][gc,phases   ] GC(25)   Evacuate Collection Set: 1.8ms
[2025-05-24T13:43:07.021+0000][gc,phases   ] GC(25)   Post Evacuate Collection Set: 1.5ms
[2025-05-24T13:43:07.021+0000][gc,phases   ] GC(25)   Other: 0.4ms
[2025-05-24T13:43:07.021+0000][gc,heap     ] GC(25) Eden regions: 610->0(610)
[2025-05-24T13:43:07.021+0000][gc,heap     ] GC(25) Survivor regions: 4->4(77)
[2025-05-24T13:43:07.021+0000][gc,heap     ] GC(25) Old regions: 18->18
[2025-05-24T13:43:07.022+0000][gc,heap     ] GC(25) Humongous regions: 10->10
[2025-05-24T13:43:07.022+0000][gc,metaspace] GC(25) Metaspace: 12301K(12800K)->12301K(12800K) NonClass: 11127K(11328K)->11127K(11328K) Class: 1173K(1472K)->1173K(1472K)
[2025-05-24T13:43:07.022+0000][gc          ] GC(25) Pause Young (Normal) (G1 Evacuation Pause) 640M->30M(1024M) 7.230ms
[2025-05-24T13:43:07.022+0000][gc,cpu      ] GC(25) User=0.02s Sys=0.00s Real=0.00s
[2025-05-24T13:44:07.098+0000][gc,start    ] GC(26) Pause Young (Normal) (G1 Evacuation Pause)
[2025-05-24T13:44:07.098+0000][gc,task     ] GC(26) Using 10 workers of 10 for evacuation
[2025-05-24T13:44:07.102+0000][gc,phases   ] GC(26)   Pre Evacuate Collection Set: 0.3ms
[2025-05-24T13:44:07.102+0000][gc,phases   ] GC(26)   Merge Heap Roots: 0.2ms
[2025-05-24T13:44:07.103+0000][gc,phases   ] GC(26)   Evacuate Collection Set: 2.0ms
[2025-05-24T13:44:07.103+0000][gc,phases   ] GC(26)   Post Evacuate Collection Set: 1.0ms
[2025-05-24T13:44:07.103+0000][gc,phases   ] GC(26)   Other: 0.5ms
[2025-05-24T13:44:07.103+0000][gc,heap     ] GC(26) Eden regions: 610->0(610)
[2025-05-24T13:44:07.104+0000][gc,heap     ] GC(26) Survivor regions: 4->4(77)
[2025-05-24T13:44:07.104+0000][gc,heap     ] GC(26) Old regions: 18->18
[2025-05-24T13:44:07.104+0000][gc,heap     ] GC(26) Humongous regions: 10->10
[2025-05-24T13:44:07.104+0000][gc,metaspace] GC(26) Metaspace: 12303K(12800K)->12303K(12800K) NonClass: 11129K(11328K)->11129K(11328K) Class: 1173K(1472K)->1173K(1472K)
[2025-05-24T13:44:07.104+0000][gc          ] GC(26) Pause Young (Normal) (G1 Evacuation Pause) 640M->30M(1024M) 6.693ms
[2025-05-24T13:44:07.105+0000][gc,cpu      ] GC(26) User=0.02s Sys=0.00s Real=0.01s
[2025-05-24T13:45:07.280+0000][gc,start    ] GC(27) Pause Young (Normal) (G1 Evacuation Pause)
[2025-05-24T13:45:07.280+0000][gc,task     ] GC(27) Using 10 workers of 10 for evacuation
[2025-05-24T13:45:07.287+0000][gc,phases   ] GC(27)   Pre Evacuate Collection Set: 1.2ms
[2025-05-24T13:45:07.288+0000][gc,phases   ] GC(27)   Merge Heap Roots: 0.3ms
[2025-05-24T13:45:07.288+0000][gc,phases   ] GC(27)   Evacuate Collection Set: 3.0ms
[2025-05-24T13:45:07.288+0000][gc,phases   ] GC(27)   Post Evacuate Collection Set: 2.3ms
[2025-05-24T13:45:07.289+0000][gc,phases   ] GC(27)   Other: 0.4ms
[2025-05-24T13:45:07.289+0000][gc,heap     ] GC(27) Eden regions: 610->0(610)
[2025-05-24T13:45:07.290+0000][gc,heap     ] GC(27) Survivor regions: 4->4(77)
[2025-05-24T13:45:07.290+0000][gc,heap     ] GC(27) Old regions: 18->18
[2025-05-24T13:45:07.290+0000][gc,heap     ] GC(27) Humongous regions: 10->10
[2025-05-24T13:45:07.290+0000][gc,metaspace] GC(27) Metaspace: 12303K(12800K)->12303K(12800K) NonClass: 11130K(11328K)->11130K(11328K) Class: 1173K(1472K)->1173K(1472K)
[2025-05-24T13:45:07.291+0000][gc          ] GC(27) Pause Young (Normal) (G1 Evacuation Pause) 640M->31M(1024M) 11.030ms
[2025-05-24T13:45:07.291+0000][gc,cpu      ] GC(27) User=0.03s Sys=0.00s Real=0.01s
[2025-05-24T13:46:07.404+0000][gc,start    ] GC(28) Pause Young (Normal) (G1 Evacuation Pause)
[2025-05-24T13:46:07.404+0000][gc,task     ] GC(28) Using 10 workers of 10 for evacuation
[2025-05-24T13:46:07.409+0000][gc,phases   ] GC(28)   Pre Evacuate Collection Set: 0.7ms
[2025-05-24T13:46:07.409+0000][gc,phases   ] GC(28)   Merge Heap Roots: 0.3ms
[2025-05-24T13:46:07.410+0000][gc,phases   ] GC(28)   Evacuate Collection Set: 2.1ms
[2025-05-24T13:46:07.410+0000][gc,phases   ] GC(28)   Post Evacuate Collection Set: 1.4ms
[2025-05-24T13:46:07.410+0000][gc,phases   ] GC(28)   Other: 0.4ms
[2025-05-24T13:46:07.410+0000][gc,heap     ] GC(28) Eden regions: 610->0(609)
[2025-05-24T13:46:07.411+0000][gc,heap     ] GC(28) Survivor regions: 4->5(77)
[2025-05-24T13:46:07.411+0000][gc,heap     ] GC(28) Old regions: 18->18
[2025-05-24T13:46:07.411+0000][gc,heap     ] GC(28) Humongous regions: 10->10
[2025-05-24T13:46:07.411+0000][gc,metaspace] GC(28) Metaspace: 12315K(12800K)->12315K(12800K) NonClass: 11142K(11328K)->11142K(11328K) Class: 1173K(1472K)->1173K(1472K)
[2025-05-24T13:46:07.411+0000][gc          ] GC(28) Pause Young (Normal) (G1 Evacuation Pause) 641M->32M(1024M) 7.583ms
[2025-05-24T13:46:07.412+0000][gc,cpu      ] GC(28) User=0.03s Sys=0.00s Real=0.00s
[2025-05-24T13:47:16.899+0000][gc,start    ] GC(29) Pause Young (Normal) (G1 Evacuation Pause)
[2025-05-24T13:47:16.900+0000][gc,task     ] GC(29) Using 10 workers of 10 for evacuation
[2025-05-24T13:47:16.904+0000][gc,phases   ] GC(29)   Pre Evacuate Collection Set: 0.6ms
[2025-05-24T13:47:16.904+0000][gc,phases   ] GC(29)   Merge Heap Roots: 0.2ms
[2025-05-24T13:47:16.905+0000][gc,phases   ] GC(29)   Evacuate Collection Set: 1.7ms
[2025-05-24T13:47:16.905+0000][gc,phases   ] GC(29)   Post Evacuate Collection Set: 1.3ms
[2025-05-24T13:47:16.905+0000][gc,phases   ] GC(29)   Other: 0.5ms
[2025-05-24T13:47:16.905+0000][gc,heap     ] GC(29) Eden regions: 609->0(611)
[2025-05-24T13:47:16.905+0000][gc,heap     ] GC(29) Survivor regions: 5->3(77)
[2025-05-24T13:47:16.906+0000][gc,heap     ] GC(29) Old regions: 18->18
[2025-05-24T13:47:16.906+0000][gc,heap     ] GC(29) Humongous regions: 10->10
[2025-05-24T13:47:16.906+0000][gc,metaspace] GC(29) Metaspace: 12322K(12800K)->12322K(12800K) NonClass: 11148K(11328K)->11148K(11328K) Class: 1173K(1472K)->1173K(1472K)
[2025-05-24T13:47:16.906+0000][gc          ] GC(29) Pause Young (Normal) (G1 Evacuation Pause) 641M->30M(1024M) 6.766ms
[2025-05-24T13:47:16.906+0000][gc,cpu      ] GC(29) User=0.01s Sys=0.00s Real=0.00s
[2025-05-24T13:48:17.040+0000][gc,start    ] GC(30) Pause Young (Normal) (G1 Evacuation Pause)
[2025-05-24T13:48:17.041+0000][gc,task     ] GC(30) Using 10 workers of 10 for evacuation
[2025-05-24T13:48:17.046+0000][gc,phases   ] GC(30)   Pre Evacuate Collection Set: 0.7ms
[2025-05-24T13:48:17.046+0000][gc,phases   ] GC(30)   Merge Heap Roots: 0.3ms
[2025-05-24T13:48:17.047+0000][gc,phases   ] GC(30)   Evacuate Collection Set: 1.8ms
[2025-05-24T13:48:17.047+0000][gc,phases   ] GC(30)   Post Evacuate Collection Set: 1.9ms
[2025-05-24T13:48:17.047+0000][gc,phases   ] GC(30)   Other: 0.5ms
[2025-05-24T13:48:17.047+0000][gc,heap     ] GC(30) Eden regions: 611->0(610)
[2025-05-24T13:48:17.048+0000][gc,heap     ] GC(30) Survivor regions: 3->4(77)
[2025-05-24T13:48:17.048+0000][gc,heap     ] GC(30) Old regions: 18->18
[2025-05-24T13:48:17.048+0000][gc,heap     ] GC(30) Humongous regions: 10->10
[2025-05-24T13:48:17.048+0000][gc,metaspace] GC(30) Metaspace: 12339K(12864K)->12339K(12864K) NonClass: 11166K(11392K)->11166K(11392K) Class: 1173K(1472K)->1173K(1472K)
[2025-05-24T13:48:17.049+0000][gc          ] GC(30) Pause Young (Normal) (G1 Evacuation Pause) 641M->31M(1024M) 8.286ms
[2025-05-24T13:48:17.049+0000][gc,cpu      ] GC(30) User=0.02s Sys=0.01s Real=0.01s
[2025-05-24T13:49:17.168+0000][gc,start    ] GC(31) Pause Young (Normal) (G1 Evacuation Pause)
[2025-05-24T13:49:17.168+0000][gc,task     ] GC(31) Using 10 workers of 10 for evacuation
[2025-05-24T13:49:17.173+0000][gc,phases   ] GC(31)   Pre Evacuate Collection Set: 0.6ms
[2025-05-24T13:49:17.173+0000][gc,phases   ] GC(31)   Merge Heap Roots: 0.3ms
[2025-05-24T13:49:17.173+0000][gc,phases   ] GC(31)   Evacuate Collection Set: 2.0ms
[2025-05-24T13:49:17.173+0000][gc,phases   ] GC(31)   Post Evacuate Collection Set: 1.5ms
[2025-05-24T13:49:17.174+0000][gc,phases   ] GC(31)   Other: 0.4ms
[2025-05-24T13:49:17.174+0000][gc,heap     ] GC(31) Eden regions: 610->0(609)
[2025-05-24T13:49:17.174+0000][gc,heap     ] GC(31) Survivor regions: 4->5(77)
[2025-05-24T13:49:17.174+0000][gc,heap     ] GC(31) Old regions: 18->18
[2025-05-24T13:49:17.174+0000][gc,heap     ] GC(31) Humongous regions: 10->10
[2025-05-24T13:49:17.175+0000][gc,metaspace] GC(31) Metaspace: 12344K(12864K)->12344K(12864K) NonClass: 11170K(11392K)->11170K(11392K) Class: 1173K(1472K)->1173K(1472K)
[2025-05-24T13:49:17.175+0000][gc          ] GC(31) Pause Young (Normal) (G1 Evacuation Pause) 641M->31M(1024M) 7.102ms
[2025-05-24T13:49:17.175+0000][gc,cpu      ] GC(31) User=0.01s Sys=0.01s Real=0.01s
[2025-05-24T13:50:17.339+0000][gc,start    ] GC(32) Pause Young (Normal) (G1 Evacuation Pause)
[2025-05-24T13:50:17.339+0000][gc,task     ] GC(32) Using 10 workers of 10 for evacuation
[2025-05-24T13:50:17.344+0000][gc,phases   ] GC(32)   Pre Evacuate Collection Set: 0.7ms
[2025-05-24T13:50:17.344+0000][gc,phases   ] GC(32)   Merge Heap Roots: 0.2ms
[2025-05-24T13:50:17.344+0000][gc,phases   ] GC(32)   Evacuate Collection Set: 1.9ms
[2025-05-24T13:50:17.345+0000][gc,phases   ] GC(32)   Post Evacuate Collection Set: 1.6ms
[2025-05-24T13:50:17.345+0000][gc,phases   ] GC(32)   Other: 0.4ms
[2025-05-24T13:50:17.345+0000][gc,heap     ] GC(32) Eden regions: 609->0(609)
[2025-05-24T13:50:17.345+0000][gc,heap     ] GC(32) Survivor regions: 5->5(77)
[2025-05-24T13:50:17.345+0000][gc,heap     ] GC(32) Old regions: 18->18
[2025-05-24T13:50:17.346+0000][gc,heap     ] GC(32) Humongous regions: 10->10
[2025-05-24T13:50:17.346+0000][gc,metaspace] GC(32) Metaspace: 12347K(12864K)->12347K(12864K) NonClass: 11173K(11392K)->11173K(11392K) Class: 1173K(1472K)->1173K(1472K)
[2025-05-24T13:50:17.346+0000][gc          ] GC(32) Pause Young (Normal) (G1 Evacuation Pause) 640M->32M(1024M) 7.560ms
[2025-05-24T13:50:17.346+0000][gc,cpu      ] GC(32) User=0.02s Sys=0.01s Real=0.00s
[2025-05-24T13:51:17.264+0000][gc,start    ] GC(33) Pause Young (Normal) (G1 Evacuation Pause)
[2025-05-24T13:51:17.264+0000][gc,task     ] GC(33) Using 10 workers of 10 for evacuation
[2025-05-24T13:51:17.269+0000][gc,phases   ] GC(33)   Pre Evacuate Collection Set: 0.7ms
[2025-05-24T13:51:17.269+0000][gc,phases   ] GC(33)   Merge Heap Roots: 0.3ms
[2025-05-24T13:51:17.269+0000][gc,phases   ] GC(33)   Evacuate Collection Set: 2.6ms
[2025-05-24T13:51:17.270+0000][gc,phases   ] GC(33)   Post Evacuate Collection Set: 1.4ms
[2025-05-24T13:51:17.270+0000][gc,phases   ] GC(33)   Other: 0.4ms
[2025-05-24T13:51:17.270+0000][gc,heap     ] GC(33) Eden regions: 609->0(608)
[2025-05-24T13:51:17.270+0000][gc,heap     ] GC(33) Survivor regions: 5->6(77)
[2025-05-24T13:51:17.271+0000][gc,heap     ] GC(33) Old regions: 18->18
[2025-05-24T13:51:17.271+0000][gc,heap     ] GC(33) Humongous regions: 10->10
[2025-05-24T13:51:17.271+0000][gc,metaspace] GC(33) Metaspace: 12384K(12864K)->12384K(12864K) NonClass: 11210K(11392K)->11210K(11392K) Class: 1173K(1472K)->1173K(1472K)
[2025-05-24T13:51:17.271+0000][gc          ] GC(33) Pause Young (Normal) (G1 Evacuation Pause) 641M->33M(1024M) 7.923ms
[2025-05-24T13:51:17.272+0000][gc,cpu      ] GC(33) User=0.02s Sys=0.01s Real=0.00s
[2025-05-24T13:52:26.888+0000][gc,start    ] GC(34) Pause Young (Normal) (G1 Evacuation Pause)
[2025-05-24T13:52:26.888+0000][gc,task     ] GC(34) Using 10 workers of 10 for evacuation
[2025-05-24T13:52:26.892+0000][gc,phases   ] GC(34)   Pre Evacuate Collection Set: 0.5ms
[2025-05-24T13:52:26.892+0000][gc,phases   ] GC(34)   Merge Heap Roots: 0.2ms
[2025-05-24T13:52:26.892+0000][gc,phases   ] GC(34)   Evacuate Collection Set: 1.5ms
[2025-05-24T13:52:26.893+0000][gc,phases   ] GC(34)   Post Evacuate Collection Set: 1.0ms
[2025-05-24T13:52:26.893+0000][gc,phases   ] GC(34)   Other: 0.5ms
[2025-05-24T13:52:26.893+0000][gc,heap     ] GC(34) Eden regions: 608->0(610)
[2025-05-24T13:52:26.893+0000][gc,heap     ] GC(34) Survivor regions: 6->4(77)
[2025-05-24T13:52:26.893+0000][gc,heap     ] GC(34) Old regions: 18->18
[2025-05-24T13:52:26.893+0000][gc,heap     ] GC(34) Humongous regions: 10->10
[2025-05-24T13:52:26.894+0000][gc,metaspace] GC(34) Metaspace: 12393K(12864K)->12393K(12864K) NonClass: 11219K(11392K)->11219K(11392K) Class: 1173K(1472K)->1173K(1472K)
[2025-05-24T13:52:26.894+0000][gc          ] GC(34) Pause Young (Normal) (G1 Evacuation Pause) 641M->31M(1024M) 5.767ms
[2025-05-24T13:52:26.894+0000][gc,cpu      ] GC(34) User=0.01s Sys=0.01s Real=0.01s
[2025-05-24T13:53:26.951+0000][gc,start    ] GC(35) Pause Young (Normal) (G1 Evacuation Pause)
[2025-05-24T13:53:26.951+0000][gc,task     ] GC(35) Using 10 workers of 10 for evacuation
[2025-05-24T13:53:26.955+0000][gc,phases   ] GC(35)   Pre Evacuate Collection Set: 1.1ms
[2025-05-24T13:53:26.956+0000][gc,phases   ] GC(35)   Merge Heap Roots: 0.2ms
[2025-05-24T13:53:26.956+0000][gc,phases   ] GC(35)   Evacuate Collection Set: 1.6ms
[2025-05-24T13:53:26.956+0000][gc,phases   ] GC(35)   Post Evacuate Collection Set: 1.0ms
[2025-05-24T13:53:26.956+0000][gc,phases   ] GC(35)   Other: 0.3ms
[2025-05-24T13:53:26.956+0000][gc,heap     ] GC(35) Eden regions: 610->0(610)
[2025-05-24T13:53:26.956+0000][gc,heap     ] GC(35) Survivor regions: 4->4(77)
[2025-05-24T13:53:26.956+0000][gc,heap     ] GC(35) Old regions: 18->18
[2025-05-24T13:53:26.957+0000][gc,heap     ] GC(35) Humongous regions: 10->10
[2025-05-24T13:53:26.957+0000][gc,metaspace] GC(35) Metaspace: 12432K(12992K)->12432K(12992K) NonClass: 11258K(11520K)->11258K(11520K) Class: 1173K(1472K)->1173K(1472K)
[2025-05-24T13:53:26.957+0000][gc          ] GC(35) Pause Young (Normal) (G1 Evacuation Pause) 641M->31M(1024M) 6.022ms
[2025-05-24T13:53:26.957+0000][gc,cpu      ] GC(35) User=0.01s Sys=0.01s Real=0.01s
[2025-05-24T13:54:27.019+0000][gc,start    ] GC(36) Pause Young (Normal) (G1 Evacuation Pause)
[2025-05-24T13:54:27.019+0000][gc,task     ] GC(36) Using 10 workers of 10 for evacuation
[2025-05-24T13:54:27.022+0000][gc,phases   ] GC(36)   Pre Evacuate Collection Set: 0.3ms
[2025-05-24T13:54:27.022+0000][gc,phases   ] GC(36)   Merge Heap Roots: 0.2ms
[2025-05-24T13:54:27.023+0000][gc,phases   ] GC(36)   Evacuate Collection Set: 1.8ms
[2025-05-24T13:54:27.023+0000][gc,phases   ] GC(36)   Post Evacuate Collection Set: 0.8ms
[2025-05-24T13:54:27.023+0000][gc,phases   ] GC(36)   Other: 0.3ms
[2025-05-24T13:54:27.023+0000][gc,heap     ] GC(36) Eden regions: 610->0(609)
[2025-05-24T13:54:27.023+0000][gc,heap     ] GC(36) Survivor regions: 4->5(77)
[2025-05-24T13:54:27.023+0000][gc,heap     ] GC(36) Old regions: 18->18
[2025-05-24T13:54:27.024+0000][gc,heap     ] GC(36) Humongous regions: 10->10
[2025-05-24T13:54:27.024+0000][gc,metaspace] GC(36) Metaspace: 12435K(12992K)->12435K(12992K) NonClass: 11262K(11520K)->11262K(11520K) Class: 1173K(1472K)->1173K(1472K)
[2025-05-24T13:54:27.024+0000][gc          ] GC(36) Pause Young (Normal) (G1 Evacuation Pause) 641M->32M(1024M) 5.433ms
[2025-05-24T13:54:27.024+0000][gc,cpu      ] GC(36) User=0.00s Sys=0.01s Real=0.01s
[2025-05-24T13:55:27.073+0000][gc,start    ] GC(37) Pause Young (Normal) (G1 Evacuation Pause)
[2025-05-24T13:55:27.073+0000][gc,task     ] GC(37) Using 10 workers of 10 for evacuation
[2025-05-24T13:55:27.077+0000][gc,phases   ] GC(37)   Pre Evacuate Collection Set: 0.4ms
[2025-05-24T13:55:27.077+0000][gc,phases   ] GC(37)   Merge Heap Roots: 0.2ms
[2025-05-24T13:55:27.077+0000][gc,phases   ] GC(37)   Evacuate Collection Set: 1.7ms
[2025-05-24T13:55:27.077+0000][gc,phases   ] GC(37)   Post Evacuate Collection Set: 0.9ms
[2025-05-24T13:55:27.077+0000][gc,phases   ] GC(37)   Other: 0.3ms
[2025-05-24T13:55:27.078+0000][gc,heap     ] GC(37) Eden regions: 609->0(609)
[2025-05-24T13:55:27.078+0000][gc,heap     ] GC(37) Survivor regions: 5->5(77)
[2025-05-24T13:55:27.078+0000][gc,heap     ] GC(37) Old regions: 18->19
[2025-05-24T13:55:27.078+0000][gc,heap     ] GC(37) Humongous regions: 10->10
[2025-05-24T13:55:27.078+0000][gc,metaspace] GC(37) Metaspace: 12441K(12992K)->12441K(12992K) NonClass: 11268K(11520K)->11268K(11520K) Class: 1173K(1472K)->1173K(1472K)
[2025-05-24T13:55:27.078+0000][gc          ] GC(37) Pause Young (Normal) (G1 Evacuation Pause) 641M->32M(1024M) 5.375ms
[2025-05-24T13:55:27.079+0000][gc,cpu      ] GC(37) User=0.01s Sys=0.00s Real=0.01s
[2025-05-24T13:56:27.137+0000][gc,start    ] GC(38) Pause Young (Normal) (G1 Evacuation Pause)
[2025-05-24T13:56:27.137+0000][gc,task     ] GC(38) Using 10 workers of 10 for evacuation
[2025-05-24T13:56:27.140+0000][gc,phases   ] GC(38)   Pre Evacuate Collection Set: 0.3ms
[2025-05-24T13:56:27.141+0000][gc,phases   ] GC(38)   Merge Heap Roots: 0.2ms
[2025-05-24T13:56:27.141+0000][gc,phases   ] GC(38)   Evacuate Collection Set: 1.8ms
[2025-05-24T13:56:27.141+0000][gc,phases   ] GC(38)   Post Evacuate Collection Set: 0.9ms
[2025-05-24T13:56:27.141+0000][gc,phases   ] GC(38)   Other: 0.3ms
[2025-05-24T13:56:27.141+0000][gc,heap     ] GC(38) Eden regions: 609->0(608)
[2025-05-24T13:56:27.141+0000][gc,heap     ] GC(38) Survivor regions: 5->6(77)
[2025-05-24T13:56:27.142+0000][gc,heap     ] GC(38) Old regions: 19->19
[2025-05-24T13:56:27.142+0000][gc,heap     ] GC(38) Humongous regions: 10->10
[2025-05-24T13:56:27.142+0000][gc,metaspace] GC(38) Metaspace: 12457K(12992K)->12457K(12992K) NonClass: 11283K(11520K)->11283K(11520K) Class: 1173K(1472K)->1173K(1472K)
[2025-05-24T13:56:27.142+0000][gc          ] GC(38) Pause Young (Normal) (G1 Evacuation Pause) 641M->33M(1024M) 5.439ms
[2025-05-24T13:56:27.142+0000][gc,cpu      ] GC(38) User=0.02s Sys=0.00s Real=0.00s
[2025-05-24T13:57:36.867+0000][gc,start    ] GC(39) Pause Young (Normal) (G1 Evacuation Pause)
[2025-05-24T13:57:36.867+0000][gc,task     ] GC(39) Using 10 workers of 10 for evacuation
[2025-05-24T13:57:36.871+0000][gc,phases   ] GC(39)   Pre Evacuate Collection Set: 0.4ms
[2025-05-24T13:57:36.871+0000][gc,phases   ] GC(39)   Merge Heap Roots: 0.2ms
[2025-05-24T13:57:36.871+0000][gc,phases   ] GC(39)   Evacuate Collection Set: 1.8ms
[2025-05-24T13:57:36.871+0000][gc,phases   ] GC(39)   Post Evacuate Collection Set: 0.9ms
[2025-05-24T13:57:36.872+0000][gc,phases   ] GC(39)   Other: 0.3ms
[2025-05-24T13:57:36.872+0000][gc,heap     ] GC(39) Eden regions: 608->0(610)
[2025-05-24T13:57:36.872+0000][gc,heap     ] GC(39) Survivor regions: 6->4(77)
[2025-05-24T13:57:36.872+0000][gc,heap     ] GC(39) Old regions: 19->19
[2025-05-24T13:57:36.872+0000][gc,heap     ] GC(39) Humongous regions: 10->10
[2025-05-24T13:57:36.872+0000][gc,metaspace] GC(39) Metaspace: 12465K(12992K)->12465K(12992K) NonClass: 11291K(11520K)->11291K(11520K) Class: 1173K(1472K)->1173K(1472K)
[2025-05-24T13:57:36.872+0000][gc          ] GC(39) Pause Young (Normal) (G1 Evacuation Pause) 641M->32M(1024M) 5.861ms
[2025-05-24T13:57:36.873+0000][gc,cpu      ] GC(39) User=0.01s Sys=0.00s Real=0.01s
[2025-05-24T13:58:36.938+0000][gc,start    ] GC(40) Pause Young (Normal) (G1 Evacuation Pause)
[2025-05-24T13:58:36.938+0000][gc,task     ] GC(40) Using 10 workers of 10 for evacuation
[2025-05-24T13:58:36.942+0000][gc,phases   ] GC(40)   Pre Evacuate Collection Set: 0.5ms
[2025-05-24T13:58:36.942+0000][gc,phases   ] GC(40)   Merge Heap Roots: 0.2ms
[2025-05-24T13:58:36.942+0000][gc,phases   ] GC(40)   Evacuate Collection Set: 1.8ms
[2025-05-24T13:58:36.942+0000][gc,phases   ] GC(40)   Post Evacuate Collection Set: 0.9ms
[2025-05-24T13:58:36.942+0000][gc,phases   ] GC(40)   Other: 0.3ms
[2025-05-24T13:58:36.943+0000][gc,heap     ] GC(40) Eden regions: 610->0(609)
[2025-05-24T13:58:36.943+0000][gc,heap     ] GC(40) Survivor regions: 4->5(77)
[2025-05-24T13:58:36.943+0000][gc,heap     ] GC(40) Old regions: 19->19
[2025-05-24T13:58:36.943+0000][gc,heap     ] GC(40) Humongous regions: 10->10
[2025-05-24T13:58:36.943+0000][gc,metaspace] GC(40) Metaspace: 12479K(12992K)->12479K(12992K) NonClass: 11305K(11520K)->11305K(11520K) Class: 1173K(1472K)->1173K(1472K)
[2025-05-24T13:58:36.943+0000][gc          ] GC(40) Pause Young (Normal) (G1 Evacuation Pause) 642M->32M(1024M) 5.628ms
[2025-05-24T13:58:36.943+0000][gc,cpu      ] GC(40) User=0.02s Sys=0.01s Real=0.01s
[2025-05-24T13:59:36.989+0000][gc,start    ] GC(41) Pause Young (Normal) (G1 Evacuation Pause)
[2025-05-24T13:59:36.990+0000][gc,task     ] GC(41) Using 10 workers of 10 for evacuation
[2025-05-24T13:59:36.993+0000][gc,phases   ] GC(41)   Pre Evacuate Collection Set: 0.4ms
[2025-05-24T13:59:36.993+0000][gc,phases   ] GC(41)   Merge Heap Roots: 0.2ms
[2025-05-24T13:59:36.993+0000][gc,phases   ] GC(41)   Evacuate Collection Set: 1.6ms
[2025-05-24T13:59:36.993+0000][gc,phases   ] GC(41)   Post Evacuate Collection Set: 0.9ms
[2025-05-24T13:59:36.993+0000][gc,phases   ] GC(41)   Other: 0.3ms
[2025-05-24T13:59:36.994+0000][gc,heap     ] GC(41) Eden regions: 609->0(609)
[2025-05-24T13:59:36.994+0000][gc,heap     ] GC(41) Survivor regions: 5->5(77)
[2025-05-24T13:59:36.994+0000][gc,heap     ] GC(41) Old regions: 19->19
[2025-05-24T13:59:36.994+0000][gc,heap     ] GC(41) Humongous regions: 10->10
[2025-05-24T13:59:36.994+0000][gc,metaspace] GC(41) Metaspace: 12482K(12992K)->12482K(12992K) NonClass: 11308K(11520K)->11308K(11520K) Class: 1173K(1472K)->1173K(1472K)
[2025-05-24T13:59:36.994+0000][gc          ] GC(41) Pause Young (Normal) (G1 Evacuation Pause) 641M->32M(1024M) 4.904ms
[2025-05-24T13:59:36.994+0000][gc,cpu      ] GC(41) User=0.02s Sys=0.00s Real=0.00s
