[2025-05-20T14:55:34.977+0000][gc,init] CardTable entry size: 512
[2025-05-20T14:55:34.977+0000][gc     ] Using G1
[2025-05-20T14:55:35.033+0000][gc,init] Version: 21.0.4+7-LTS (release)
[2025-05-20T14:55:35.034+0000][gc,init] CPUs: 12 total, 12 available
[2025-05-20T14:55:35.034+0000][gc,init] Memory: 15597M
[2025-05-20T14:55:35.034+0000][gc,init] Large Page Support: Disabled
[2025-05-20T14:55:35.040+0000][gc,init] NUMA Support: Disabled
[2025-05-20T14:55:35.049+0000][gc,init] Compressed Oops: Enabled (32-bit)
[2025-05-20T14:55:35.049+0000][gc,init] Heap Region Size: 1M
[2025-05-20T14:55:35.050+0000][gc,init] Heap Min Capacity: 1G
[2025-05-20T14:55:35.050+0000][gc,init] Heap Initial Capacity: 1G
[2025-05-20T14:55:35.050+0000][gc,init] Heap Max Capacity: 1G
[2025-05-20T14:55:35.050+0000][gc,init] Pre-touch: Disabled
[2025-05-20T14:55:35.050+0000][gc,init] Parallel Workers: 10
[2025-05-20T14:55:35.050+0000][gc,init] Concurrent Workers: 3
[2025-05-20T14:55:35.051+0000][gc,init] Concurrent Refinement Workers: 10
[2025-05-20T14:55:35.051+0000][gc,init] Periodic GC: Disabled
[2025-05-20T14:55:35.133+0000][gc,metaspace] CDS archive(s) mapped at: [0x00007f9af7000000-0x00007f9af7bbe000-0x00007f9afa674000), size 57098240, SharedBaseAddress: 0x00007f9af7000000, ArchiveRelocationMode: 1.
[2025-05-20T14:55:35.143+0000][gc,metaspace] Compressed class space mapped at: 0x00007f9afb000000-0x00007f9b3b000000, reserved size: 1073741824
[2025-05-20T14:55:35.145+0000][gc,metaspace] Narrow klass base: 0x00007f9af7000000, Narrow klass shift: 0, Narrow klass range: 0x100000000
[2025-05-20T14:55:40.158+0000][gc,start    ] GC(0) Pause Young (Normal) (G1 Evacuation Pause)
[2025-05-20T14:55:40.167+0000][gc,task     ] GC(0) Using 10 workers of 10 for evacuation
[2025-05-20T14:55:40.210+0000][gc,phases   ] GC(0)   Pre Evacuate Collection Set: 0.4ms
[2025-05-20T14:55:40.210+0000][gc,phases   ] GC(0)   Merge Heap Roots: 0.1ms
[2025-05-20T14:55:40.211+0000][gc,phases   ] GC(0)   Evacuate Collection Set: 36.7ms
[2025-05-20T14:55:40.211+0000][gc,phases   ] GC(0)   Post Evacuate Collection Set: 1.5ms
[2025-05-20T14:55:40.211+0000][gc,phases   ] GC(0)   Other: 13.4ms
[2025-05-20T14:55:40.212+0000][gc,heap     ] GC(0) Eden regions: 51->0(44)
[2025-05-20T14:55:40.212+0000][gc,heap     ] GC(0) Survivor regions: 0->7(7)
[2025-05-20T14:55:40.212+0000][gc,heap     ] GC(0) Old regions: 1->6
[2025-05-20T14:55:40.214+0000][gc,heap     ] GC(0) Humongous regions: 1->1
[2025-05-20T14:55:40.214+0000][gc,metaspace] GC(0) Metaspace: 5689K(5888K)->5689K(5888K) NonClass: 5043K(5184K)->5043K(5184K) Class: 646K(704K)->646K(704K)
[2025-05-20T14:55:40.214+0000][gc          ] GC(0) Pause Young (Normal) (G1 Evacuation Pause) 52M->13M(1024M) 56.806ms
[2025-05-20T14:55:40.215+0000][gc,cpu      ] GC(0) User=0.07s Sys=0.04s Real=0.06s
[2025-05-20T14:55:45.462+0000][gc,start    ] GC(1) Pause Young (Normal) (G1 Evacuation Pause)
[2025-05-20T14:55:45.462+0000][gc,task     ] GC(1) Using 10 workers of 10 for evacuation
[2025-05-20T14:55:45.474+0000][gc,phases   ] GC(1)   Pre Evacuate Collection Set: 0.3ms
[2025-05-20T14:55:45.474+0000][gc,phases   ] GC(1)   Merge Heap Roots: 0.1ms
[2025-05-20T14:55:45.475+0000][gc,phases   ] GC(1)   Evacuate Collection Set: 10.2ms
[2025-05-20T14:55:45.475+0000][gc,phases   ] GC(1)   Post Evacuate Collection Set: 1.2ms
[2025-05-20T14:55:45.475+0000][gc,phases   ] GC(1)   Other: 0.3ms
[2025-05-20T14:55:45.475+0000][gc,heap     ] GC(1) Eden regions: 44->0(63)
[2025-05-20T14:55:45.475+0000][gc,heap     ] GC(1) Survivor regions: 7->3(7)
[2025-05-20T14:55:45.475+0000][gc,heap     ] GC(1) Old regions: 6->14
[2025-05-20T14:55:45.475+0000][gc,heap     ] GC(1) Humongous regions: 10->10
[2025-05-20T14:55:45.476+0000][gc,metaspace] GC(1) Metaspace: 7421K(7680K)->7421K(7680K) NonClass: 6640K(6784K)->6640K(6784K) Class: 780K(896K)->780K(896K)
[2025-05-20T14:55:45.476+0000][gc          ] GC(1) Pause Young (Normal) (G1 Evacuation Pause) 66M->25M(1024M) 14.016ms
[2025-05-20T14:55:45.476+0000][gc,cpu      ] GC(1) User=0.02s Sys=0.00s Real=0.02s
[2025-05-20T14:55:47.706+0000][gc,start    ] GC(2) Pause Young (Normal) (G1 Evacuation Pause)
[2025-05-20T14:55:47.706+0000][gc,task     ] GC(2) Using 10 workers of 10 for evacuation
[2025-05-20T14:55:47.717+0000][gc,phases   ] GC(2)   Pre Evacuate Collection Set: 0.4ms
[2025-05-20T14:55:47.717+0000][gc,phases   ] GC(2)   Merge Heap Roots: 0.1ms
[2025-05-20T14:55:47.717+0000][gc,phases   ] GC(2)   Evacuate Collection Set: 8.4ms
[2025-05-20T14:55:47.718+0000][gc,phases   ] GC(2)   Post Evacuate Collection Set: 1.9ms
[2025-05-20T14:55:47.718+0000][gc,phases   ] GC(2)   Other: 0.3ms
[2025-05-20T14:55:47.718+0000][gc,heap     ] GC(2) Eden regions: 72->0(437)
[2025-05-20T14:55:47.718+0000][gc,heap     ] GC(2) Survivor regions: 3->5(10)
[2025-05-20T14:55:47.718+0000][gc,heap     ] GC(2) Old regions: 14->14
[2025-05-20T14:55:47.719+0000][gc,heap     ] GC(2) Humongous regions: 10->10
[2025-05-20T14:55:47.719+0000][gc,metaspace] GC(2) Metaspace: 8381K(8640K)->8381K(8640K) NonClass: 7493K(7616K)->7493K(7616K) Class: 887K(1024K)->887K(1024K)
[2025-05-20T14:55:47.719+0000][gc          ] GC(2) Pause Young (Normal) (G1 Evacuation Pause) 97M->28M(1024M) 13.400ms
[2025-05-20T14:55:47.719+0000][gc,cpu      ] GC(2) User=0.03s Sys=0.00s Real=0.01s
[2025-05-20T14:56:08.291+0000][gc,heap,exit] Heap
[2025-05-20T14:56:08.291+0000][gc,heap,exit]  garbage-first heap   total 1048576K, used 306089K [0x00000000c0000000, 0x0000000100000000)
[2025-05-20T14:56:08.291+0000][gc,heap,exit]   region size 1024K, 276 young (282624K), 5 survivors (5120K)
[2025-05-20T14:56:08.291+0000][gc,heap,exit]  Metaspace       used 10505K, committed 10880K, reserved 1114112K
[2025-05-20T14:56:08.292+0000][gc,heap,exit]   class space    used 1176K, committed 1344K, reserved 1048576K
