[2025-05-21T12:15:20.713+0000][gc,init] CardTable entry size: 512
[2025-05-21T12:15:20.714+0000][gc     ] Using G1
[2025-05-21T12:15:20.730+0000][gc,init] Version: 21.0.4+7-LTS (release)
[2025-05-21T12:15:20.730+0000][gc,init] CPUs: 12 total, 12 available
[2025-05-21T12:15:20.731+0000][gc,init] Memory: 15597M
[2025-05-21T12:15:20.731+0000][gc,init] Large Page Support: Disabled
[2025-05-21T12:15:20.731+0000][gc,init] NUMA Support: Disabled
[2025-05-21T12:15:20.732+0000][gc,init] Compressed Oops: Enabled (32-bit)
[2025-05-21T12:15:20.732+0000][gc,init] Heap Region Size: 1M
[2025-05-21T12:15:20.733+0000][gc,init] Heap Min Capacity: 1G
[2025-05-21T12:15:20.733+0000][gc,init] Heap Initial Capacity: 1G
[2025-05-21T12:15:20.734+0000][gc,init] Heap Max Capacity: 1G
[2025-05-21T12:15:20.734+0000][gc,init] Pre-touch: Disabled
[2025-05-21T12:15:20.735+0000][gc,init] Parallel Workers: 10
[2025-05-21T12:15:20.736+0000][gc,init] Concurrent Workers: 3
[2025-05-21T12:15:20.741+0000][gc,init] Concurrent Refinement Workers: 10
[2025-05-21T12:15:20.742+0000][gc,init] Periodic GC: Disabled
[2025-05-21T12:15:20.821+0000][gc,metaspace] CDS archive(s) mapped at: [0x00007f2d5e000000-0x00007f2d5ebbe000-0x00007f2d61674000), size 57098240, SharedBaseAddress: 0x00007f2d5e000000, ArchiveRelocationMode: 1.
[2025-05-21T12:15:20.822+0000][gc,metaspace] Compressed class space mapped at: 0x00007f2d62000000-0x00007f2da2000000, reserved size: 1073741824
[2025-05-21T12:15:20.822+0000][gc,metaspace] Narrow klass base: 0x00007f2d5e000000, Narrow klass shift: 0, Narrow klass range: 0x100000000
[2025-05-21T12:15:26.705+0000][gc,start    ] GC(0) Pause Young (Normal) (G1 Evacuation Pause)
[2025-05-21T12:15:26.707+0000][gc,task     ] GC(0) Using 10 workers of 10 for evacuation
[2025-05-21T12:15:26.922+0000][gc,mmu      ] GC(0) MMU target violated: 201.0ms (200.0ms/201.0ms)
[2025-05-21T12:15:26.928+0000][gc,phases   ] GC(0)   Pre Evacuate Collection Set: 0.4ms
[2025-05-21T12:15:26.929+0000][gc,phases   ] GC(0)   Merge Heap Roots: 0.2ms
[2025-05-21T12:15:26.933+0000][gc,phases   ] GC(0)   Evacuate Collection Set: 171.0ms
[2025-05-21T12:15:26.934+0000][gc,phases   ] GC(0)   Post Evacuate Collection Set: 41.1ms
[2025-05-21T12:15:26.937+0000][gc,phases   ] GC(0)   Other: 10.3ms
[2025-05-21T12:15:26.937+0000][gc,heap     ] GC(0) Eden regions: 51->0(44)
[2025-05-21T12:15:26.955+0000][gc,heap     ] GC(0) Survivor regions: 0->7(7)
[2025-05-21T12:15:26.959+0000][gc,heap     ] GC(0) Old regions: 1->5
[2025-05-21T12:15:26.962+0000][gc,heap     ] GC(0) Humongous regions: 2->2
[2025-05-21T12:15:26.968+0000][gc,metaspace] GC(0) Metaspace: 5512K(5696K)->5512K(5696K) NonClass: 4867K(4992K)->4867K(4992K) Class: 645K(704K)->645K(704K)
[2025-05-21T12:15:26.969+0000][gc          ] GC(0) Pause Young (Normal) (G1 Evacuation Pause) 53M->13M(1024M) 263.922ms
[2025-05-21T12:15:26.972+0000][gc,cpu      ] GC(0) User=0.07s Sys=0.03s Real=0.27s
[2025-05-21T12:15:30.461+0000][gc,start    ] GC(1) Pause Young (Normal) (G1 Evacuation Pause)
[2025-05-21T12:15:30.471+0000][gc,task     ] GC(1) Using 10 workers of 10 for evacuation
[2025-05-21T12:15:30.591+0000][gc,phases   ] GC(1)   Pre Evacuate Collection Set: 0.4ms
[2025-05-21T12:15:30.601+0000][gc,phases   ] GC(1)   Merge Heap Roots: 0.1ms
[2025-05-21T12:15:30.611+0000][gc,phases   ] GC(1)   Evacuate Collection Set: 96.9ms
[2025-05-21T12:15:30.621+0000][gc,phases   ] GC(1)   Post Evacuate Collection Set: 18.9ms
[2025-05-21T12:15:30.631+0000][gc,phases   ] GC(1)   Other: 3.9ms
[2025-05-21T12:15:30.635+0000][gc,heap     ] GC(1) Eden regions: 44->0(47)
[2025-05-21T12:15:30.635+0000][gc,heap     ] GC(1) Survivor regions: 7->6(7)
[2025-05-21T12:15:30.635+0000][gc,heap     ] GC(1) Old regions: 5->13
[2025-05-21T12:15:30.635+0000][gc,heap     ] GC(1) Humongous regions: 3->2
[2025-05-21T12:15:30.635+0000][gc,metaspace] GC(1) Metaspace: 7631K(7872K)->7631K(7872K) NonClass: 6730K(6848K)->6730K(6848K) Class: 900K(1024K)->900K(1024K)
[2025-05-21T12:15:30.636+0000][gc          ] GC(1) Pause Young (Normal) (G1 Evacuation Pause) 58M->19M(1024M) 174.878ms
[2025-05-21T12:15:30.636+0000][gc,cpu      ] GC(1) User=0.08s Sys=0.03s Real=0.17s
[2025-05-21T12:15:31.578+0000][gc,start    ] GC(2) Pause Young (Normal) (G1 Evacuation Pause)
[2025-05-21T12:15:31.578+0000][gc,task     ] GC(2) Using 10 workers of 10 for evacuation
[2025-05-21T12:15:31.620+0000][gc,phases   ] GC(2)   Pre Evacuate Collection Set: 0.4ms
[2025-05-21T12:15:31.620+0000][gc,phases   ] GC(2)   Merge Heap Roots: 0.1ms
[2025-05-21T12:15:31.620+0000][gc,phases   ] GC(2)   Evacuate Collection Set: 37.5ms
[2025-05-21T12:15:31.620+0000][gc,phases   ] GC(2)   Post Evacuate Collection Set: 3.0ms
[2025-05-21T12:15:31.621+0000][gc,phases   ] GC(2)   Other: 0.3ms
[2025-05-21T12:15:31.621+0000][gc,heap     ] GC(2) Eden regions: 51->0(135)
[2025-05-21T12:15:31.621+0000][gc,heap     ] GC(2) Survivor regions: 6->2(8)
[2025-05-21T12:15:31.622+0000][gc,heap     ] GC(2) Old regions: 13->18
[2025-05-21T12:15:31.622+0000][gc,heap     ] GC(2) Humongous regions: 2->2
[2025-05-21T12:15:31.622+0000][gc,metaspace] GC(2) Metaspace: 8201K(8448K)->8201K(8448K) NonClass: 7235K(7360K)->7235K(7360K) Class: 965K(1088K)->965K(1088K)
[2025-05-21T12:15:31.622+0000][gc          ] GC(2) Pause Young (Normal) (G1 Evacuation Pause) 70M->21M(1024M) 44.461ms
[2025-05-21T12:15:31.622+0000][gc,cpu      ] GC(2) User=0.03s Sys=0.02s Real=0.05s
[2025-05-21T12:15:39.322+0000][gc,start    ] GC(3) Pause Young (Normal) (G1 Evacuation Pause)
[2025-05-21T12:15:39.322+0000][gc,task     ] GC(3) Using 10 workers of 10 for evacuation
[2025-05-21T12:15:39.339+0000][gc,phases   ] GC(3)   Pre Evacuate Collection Set: 0.4ms
[2025-05-21T12:15:39.339+0000][gc,phases   ] GC(3)   Merge Heap Roots: 0.2ms
[2025-05-21T12:15:39.339+0000][gc,phases   ] GC(3)   Evacuate Collection Set: 14.4ms
[2025-05-21T12:15:39.339+0000][gc,phases   ] GC(3)   Post Evacuate Collection Set: 1.5ms
[2025-05-21T12:15:39.339+0000][gc,phases   ] GC(3)   Other: 0.3ms
[2025-05-21T12:15:39.340+0000][gc,heap     ] GC(3) Eden regions: 135->0(328)
[2025-05-21T12:15:39.340+0000][gc,heap     ] GC(3) Survivor regions: 2->10(18)
[2025-05-21T12:15:39.340+0000][gc,heap     ] GC(3) Old regions: 18->18
[2025-05-21T12:15:39.340+0000][gc,heap     ] GC(3) Humongous regions: 138->131
[2025-05-21T12:15:39.340+0000][gc,metaspace] GC(3) Metaspace: 12701K(13120K)->12701K(13120K) NonClass: 10995K(11200K)->10995K(11200K) Class: 1705K(1920K)->1705K(1920K)
[2025-05-21T12:15:39.340+0000][gc          ] GC(3) Pause Young (Normal) (G1 Evacuation Pause) 292M->157M(1024M) 18.556ms
[2025-05-21T12:15:39.340+0000][gc,cpu      ] GC(3) User=0.05s Sys=0.03s Real=0.01s
[2025-05-21T12:15:59.368+0000][gc,start    ] GC(4) Pause Young (Normal) (G1 Evacuation Pause)
[2025-05-21T12:15:59.368+0000][gc,task     ] GC(4) Using 10 workers of 10 for evacuation
[2025-05-21T12:15:59.380+0000][gc,phases   ] GC(4)   Pre Evacuate Collection Set: 0.3ms
[2025-05-21T12:15:59.380+0000][gc,phases   ] GC(4)   Merge Heap Roots: 0.2ms
[2025-05-21T12:15:59.380+0000][gc,phases   ] GC(4)   Evacuate Collection Set: 9.6ms
[2025-05-21T12:15:59.380+0000][gc,phases   ] GC(4)   Post Evacuate Collection Set: 1.3ms
[2025-05-21T12:15:59.380+0000][gc,phases   ] GC(4)   Other: 0.3ms
[2025-05-21T12:15:59.381+0000][gc,heap     ] GC(4) Eden regions: 322->0(602)
[2025-05-21T12:15:59.381+0000][gc,heap     ] GC(4) Survivor regions: 10->12(42)
[2025-05-21T12:15:59.381+0000][gc,heap     ] GC(4) Old regions: 18->18
[2025-05-21T12:15:59.381+0000][gc,heap     ] GC(4) Humongous regions: 132->131
[2025-05-21T12:15:59.381+0000][gc,metaspace] GC(4) Metaspace: 13243K(13632K)->13243K(13632K) NonClass: 11500K(11712K)->11500K(11712K) Class: 1743K(1920K)->1743K(1920K)
[2025-05-21T12:15:59.381+0000][gc          ] GC(4) Pause Young (Normal) (G1 Evacuation Pause) 480M->160M(1024M) 13.663ms
[2025-05-21T12:15:59.381+0000][gc,cpu      ] GC(4) User=0.05s Sys=0.02s Real=0.02s
[2025-05-21T12:16:39.330+0000][gc,start    ] GC(5) Pause Young (Normal) (G1 Evacuation Pause)
[2025-05-21T12:16:39.330+0000][gc,task     ] GC(5) Using 10 workers of 10 for evacuation
[2025-05-21T12:16:39.341+0000][gc,phases   ] GC(5)   Pre Evacuate Collection Set: 0.4ms
[2025-05-21T12:16:39.342+0000][gc,phases   ] GC(5)   Merge Heap Roots: 0.2ms
[2025-05-21T12:16:39.342+0000][gc,phases   ] GC(5)   Evacuate Collection Set: 9.1ms
[2025-05-21T12:16:39.342+0000][gc,phases   ] GC(5)   Post Evacuate Collection Set: 1.2ms
[2025-05-21T12:16:39.342+0000][gc,phases   ] GC(5)   Other: 0.3ms
[2025-05-21T12:16:39.342+0000][gc,heap     ] GC(5) Eden regions: 602->0(598)
[2025-05-21T12:16:39.342+0000][gc,heap     ] GC(5) Survivor regions: 12->16(77)
[2025-05-21T12:16:39.342+0000][gc,heap     ] GC(5) Old regions: 18->18
[2025-05-21T12:16:39.342+0000][gc,heap     ] GC(5) Humongous regions: 131->131
[2025-05-21T12:16:39.342+0000][gc,metaspace] GC(5) Metaspace: 13881K(14272K)->13881K(14272K) NonClass: 12101K(12288K)->12101K(12288K) Class: 1779K(1984K)->1779K(1984K)
[2025-05-21T12:16:39.343+0000][gc          ] GC(5) Pause Young (Normal) (G1 Evacuation Pause) 762M->163M(1024M) 12.773ms
[2025-05-21T12:16:39.343+0000][gc,cpu      ] GC(5) User=0.05s Sys=0.03s Real=0.01s
[2025-05-21T12:17:19.271+0000][gc,start    ] GC(6) Pause Young (Normal) (G1 Evacuation Pause)
[2025-05-21T12:17:19.271+0000][gc,task     ] GC(6) Using 10 workers of 10 for evacuation
[2025-05-21T12:17:19.278+0000][gc,phases   ] GC(6)   Pre Evacuate Collection Set: 0.3ms
[2025-05-21T12:17:19.278+0000][gc,phases   ] GC(6)   Merge Heap Roots: 0.2ms
[2025-05-21T12:17:19.278+0000][gc,phases   ] GC(6)   Evacuate Collection Set: 4.2ms
[2025-05-21T12:17:19.278+0000][gc,phases   ] GC(6)   Post Evacuate Collection Set: 1.5ms
[2025-05-21T12:17:19.279+0000][gc,phases   ] GC(6)   Other: 0.3ms
[2025-05-21T12:17:19.279+0000][gc,heap     ] GC(6) Eden regions: 598->0(597)
[2025-05-21T12:17:19.279+0000][gc,heap     ] GC(6) Survivor regions: 16->17(77)
[2025-05-21T12:17:19.279+0000][gc,heap     ] GC(6) Old regions: 18->18
[2025-05-21T12:17:19.279+0000][gc,heap     ] GC(6) Humongous regions: 131->131
[2025-05-21T12:17:19.279+0000][gc,metaspace] GC(6) Metaspace: 14253K(14656K)->14253K(14656K) NonClass: 12470K(12672K)->12470K(12672K) Class: 1782K(1984K)->1782K(1984K)
[2025-05-21T12:17:19.279+0000][gc          ] GC(6) Pause Young (Normal) (G1 Evacuation Pause) 761M->165M(1024M) 8.381ms
[2025-05-21T12:17:19.280+0000][gc,cpu      ] GC(6) User=0.04s Sys=0.01s Real=0.01s
[2025-05-21T12:17:53.858+0000][gc,start    ] GC(7) Pause Young (Normal) (G1 Evacuation Pause)
[2025-05-21T12:17:53.859+0000][gc,task     ] GC(7) Using 10 workers of 10 for evacuation
[2025-05-21T12:17:53.868+0000][gc,phases   ] GC(7)   Pre Evacuate Collection Set: 0.3ms
[2025-05-21T12:17:53.868+0000][gc,phases   ] GC(7)   Merge Heap Roots: 0.2ms
[2025-05-21T12:17:53.868+0000][gc,phases   ] GC(7)   Evacuate Collection Set: 7.1ms
[2025-05-21T12:17:53.868+0000][gc,phases   ] GC(7)   Post Evacuate Collection Set: 1.4ms
[2025-05-21T12:17:53.869+0000][gc,phases   ] GC(7)   Other: 0.3ms
[2025-05-21T12:17:53.869+0000][gc,heap     ] GC(7) Eden regions: 597->0(594)
[2025-05-21T12:17:53.869+0000][gc,heap     ] GC(7) Survivor regions: 17->20(77)
[2025-05-21T12:17:53.869+0000][gc,heap     ] GC(7) Old regions: 18->18
[2025-05-21T12:17:53.869+0000][gc,heap     ] GC(7) Humongous regions: 131->131
[2025-05-21T12:17:53.869+0000][gc,metaspace] GC(7) Metaspace: 14439K(14848K)->14439K(14848K) NonClass: 12656K(12864K)->12656K(12864K) Class: 1783K(1984K)->1783K(1984K)
[2025-05-21T12:17:53.869+0000][gc          ] GC(7) Pause Young (Normal) (G1 Evacuation Pause) 762M->167M(1024M) 11.061ms
[2025-05-21T12:17:53.869+0000][gc,cpu      ] GC(7) User=0.06s Sys=0.00s Real=0.01s
[2025-05-21T12:18:29.702+0000][gc,start    ] GC(8) Pause Young (Normal) (G1 Evacuation Pause)
[2025-05-21T12:18:29.703+0000][gc,task     ] GC(8) Using 10 workers of 10 for evacuation
[2025-05-21T12:18:29.708+0000][gc,phases   ] GC(8)   Pre Evacuate Collection Set: 0.3ms
[2025-05-21T12:18:29.709+0000][gc,phases   ] GC(8)   Merge Heap Roots: 0.2ms
[2025-05-21T12:18:29.709+0000][gc,phases   ] GC(8)   Evacuate Collection Set: 3.8ms
[2025-05-21T12:18:29.709+0000][gc,phases   ] GC(8)   Post Evacuate Collection Set: 1.2ms
[2025-05-21T12:18:29.709+0000][gc,phases   ] GC(8)   Other: 0.3ms
[2025-05-21T12:18:29.709+0000][gc,heap     ] GC(8) Eden regions: 594->0(598)
[2025-05-21T12:18:29.709+0000][gc,heap     ] GC(8) Survivor regions: 20->16(77)
[2025-05-21T12:18:29.709+0000][gc,heap     ] GC(8) Old regions: 18->18
[2025-05-21T12:18:29.710+0000][gc,heap     ] GC(8) Humongous regions: 131->131
[2025-05-21T12:18:29.710+0000][gc,metaspace] GC(8) Metaspace: 14568K(14976K)->14568K(14976K) NonClass: 12774K(12992K)->12774K(12992K) Class: 1794K(1984K)->1794K(1984K)
[2025-05-21T12:18:29.710+0000][gc          ] GC(8) Pause Young (Normal) (G1 Evacuation Pause) 761M->163M(1024M) 7.500ms
[2025-05-21T12:18:29.710+0000][gc,cpu      ] GC(8) User=0.03s Sys=0.01s Real=0.01s
[2025-05-21T12:19:09.681+0000][gc,start    ] GC(9) Pause Young (Normal) (G1 Evacuation Pause)
[2025-05-21T12:19:09.681+0000][gc,task     ] GC(9) Using 10 workers of 10 for evacuation
[2025-05-21T12:19:09.688+0000][gc,phases   ] GC(9)   Pre Evacuate Collection Set: 0.4ms
[2025-05-21T12:19:09.688+0000][gc,phases   ] GC(9)   Merge Heap Roots: 0.3ms
[2025-05-21T12:19:09.688+0000][gc,phases   ] GC(9)   Evacuate Collection Set: 4.6ms
[2025-05-21T12:19:09.688+0000][gc,phases   ] GC(9)   Post Evacuate Collection Set: 1.2ms
[2025-05-21T12:19:09.689+0000][gc,phases   ] GC(9)   Other: 0.3ms
[2025-05-21T12:19:09.689+0000][gc,heap     ] GC(9) Eden regions: 598->0(597)
[2025-05-21T12:19:09.689+0000][gc,heap     ] GC(9) Survivor regions: 16->17(77)
[2025-05-21T12:19:09.689+0000][gc,heap     ] GC(9) Old regions: 18->18
[2025-05-21T12:19:09.689+0000][gc,heap     ] GC(9) Humongous regions: 131->131
[2025-05-21T12:19:09.689+0000][gc,metaspace] GC(9) Metaspace: 14680K(15040K)->14680K(15040K) NonClass: 12886K(13056K)->12886K(13056K) Class: 1794K(1984K)->1794K(1984K)
[2025-05-21T12:19:09.689+0000][gc          ] GC(9) Pause Young (Normal) (G1 Evacuation Pause) 761M->164M(1024M) 8.482ms
[2025-05-21T12:19:09.689+0000][gc,cpu      ] GC(9) User=0.04s Sys=0.00s Real=0.01s
[2025-05-21T12:19:49.685+0000][gc,start    ] GC(10) Pause Young (Normal) (G1 Evacuation Pause)
[2025-05-21T12:19:49.685+0000][gc,task     ] GC(10) Using 10 workers of 10 for evacuation
[2025-05-21T12:19:49.693+0000][gc,phases   ] GC(10)   Pre Evacuate Collection Set: 0.3ms
[2025-05-21T12:19:49.693+0000][gc,phases   ] GC(10)   Merge Heap Roots: 0.2ms
[2025-05-21T12:19:49.694+0000][gc,phases   ] GC(10)   Evacuate Collection Set: 6.0ms
[2025-05-21T12:19:49.694+0000][gc,phases   ] GC(10)   Post Evacuate Collection Set: 1.4ms
[2025-05-21T12:19:49.694+0000][gc,phases   ] GC(10)   Other: 0.3ms
[2025-05-21T12:19:49.694+0000][gc,heap     ] GC(10) Eden regions: 597->0(596)
[2025-05-21T12:19:49.694+0000][gc,heap     ] GC(10) Survivor regions: 17->18(77)
[2025-05-21T12:19:49.694+0000][gc,heap     ] GC(10) Old regions: 18->18
[2025-05-21T12:19:49.695+0000][gc,heap     ] GC(10) Humongous regions: 131->131
[2025-05-21T12:19:49.695+0000][gc,metaspace] GC(10) Metaspace: 14748K(15168K)->14748K(15168K) NonClass: 12953K(13184K)->12953K(13184K) Class: 1795K(1984K)->1795K(1984K)
[2025-05-21T12:19:49.695+0000][gc          ] GC(10) Pause Young (Normal) (G1 Evacuation Pause) 761M->166M(1024M) 10.161ms
[2025-05-21T12:19:49.695+0000][gc,cpu      ] GC(10) User=0.05s Sys=0.01s Real=0.01s
[2025-05-21T12:20:29.581+0000][gc,start    ] GC(11) Pause Young (Normal) (G1 Evacuation Pause)
[2025-05-21T12:20:29.581+0000][gc,task     ] GC(11) Using 10 workers of 10 for evacuation
[2025-05-21T12:20:29.588+0000][gc,phases   ] GC(11)   Pre Evacuate Collection Set: 0.3ms
[2025-05-21T12:20:29.588+0000][gc,phases   ] GC(11)   Merge Heap Roots: 0.2ms
[2025-05-21T12:20:29.589+0000][gc,phases   ] GC(11)   Evacuate Collection Set: 4.9ms
[2025-05-21T12:20:29.589+0000][gc,phases   ] GC(11)   Post Evacuate Collection Set: 1.3ms
[2025-05-21T12:20:29.589+0000][gc,phases   ] GC(11)   Other: 0.3ms
[2025-05-21T12:20:29.589+0000][gc,heap     ] GC(11) Eden regions: 596->0(593)
[2025-05-21T12:20:29.589+0000][gc,heap     ] GC(11) Survivor regions: 18->21(77)
[2025-05-21T12:20:29.589+0000][gc,heap     ] GC(11) Old regions: 18->18
[2025-05-21T12:20:29.589+0000][gc,heap     ] GC(11) Humongous regions: 131->131
[2025-05-21T12:20:29.589+0000][gc,metaspace] GC(11) Metaspace: 14793K(15168K)->14793K(15168K) NonClass: 12997K(13184K)->12997K(13184K) Class: 1796K(1984K)->1796K(1984K)
[2025-05-21T12:20:29.590+0000][gc          ] GC(11) Pause Young (Normal) (G1 Evacuation Pause) 762M->169M(1024M) 8.765ms
[2025-05-21T12:20:29.590+0000][gc,cpu      ] GC(11) User=0.02s Sys=0.03s Real=0.01s
[2025-05-21T12:21:09.500+0000][gc,start    ] GC(12) Pause Young (Normal) (G1 Evacuation Pause)
[2025-05-21T12:21:09.500+0000][gc,task     ] GC(12) Using 10 workers of 10 for evacuation
[2025-05-21T12:21:09.507+0000][gc,phases   ] GC(12)   Pre Evacuate Collection Set: 0.4ms
[2025-05-21T12:21:09.507+0000][gc,phases   ] GC(12)   Merge Heap Roots: 0.2ms
[2025-05-21T12:21:09.508+0000][gc,phases   ] GC(12)   Evacuate Collection Set: 5.1ms
[2025-05-21T12:21:09.508+0000][gc,phases   ] GC(12)   Post Evacuate Collection Set: 1.1ms
[2025-05-21T12:21:09.508+0000][gc,phases   ] GC(12)   Other: 0.3ms
[2025-05-21T12:21:09.509+0000][gc,heap     ] GC(12) Eden regions: 593->0(593)
[2025-05-21T12:21:09.509+0000][gc,heap     ] GC(12) Survivor regions: 21->21(77)
[2025-05-21T12:21:09.509+0000][gc,heap     ] GC(12) Old regions: 18->18
[2025-05-21T12:21:09.509+0000][gc,heap     ] GC(12) Humongous regions: 132->131
[2025-05-21T12:21:09.509+0000][gc,metaspace] GC(12) Metaspace: 15352K(15808K)->15352K(15808K) NonClass: 13473K(13696K)->13473K(13696K) Class: 1879K(2112K)->1879K(2112K)
[2025-05-21T12:21:09.509+0000][gc          ] GC(12) Pause Young (Normal) (G1 Evacuation Pause) 763M->169M(1024M) 9.563ms
[2025-05-21T12:21:09.509+0000][gc,cpu      ] GC(12) User=0.04s Sys=0.02s Real=0.01s
[2025-05-21T12:21:49.450+0000][gc,start    ] GC(13) Pause Young (Normal) (G1 Evacuation Pause)
[2025-05-21T12:21:49.451+0000][gc,task     ] GC(13) Using 10 workers of 10 for evacuation
[2025-05-21T12:21:49.456+0000][gc,phases   ] GC(13)   Pre Evacuate Collection Set: 0.4ms
[2025-05-21T12:21:49.457+0000][gc,phases   ] GC(13)   Merge Heap Roots: 0.2ms
[2025-05-21T12:21:49.457+0000][gc,phases   ] GC(13)   Evacuate Collection Set: 3.7ms
[2025-05-21T12:21:49.457+0000][gc,phases   ] GC(13)   Post Evacuate Collection Set: 1.1ms
[2025-05-21T12:21:49.457+0000][gc,phases   ] GC(13)   Other: 0.3ms
[2025-05-21T12:21:49.457+0000][gc,heap     ] GC(13) Eden regions: 593->0(600)
[2025-05-21T12:21:49.457+0000][gc,heap     ] GC(13) Survivor regions: 21->14(77)
[2025-05-21T12:21:49.457+0000][gc,heap     ] GC(13) Old regions: 18->18
[2025-05-21T12:21:49.458+0000][gc,heap     ] GC(13) Humongous regions: 131->131
[2025-05-21T12:21:49.458+0000][gc,metaspace] GC(13) Metaspace: 15419K(15872K)->15419K(15872K) NonClass: 13540K(13760K)->13540K(13760K) Class: 1879K(2112K)->1879K(2112K)
[2025-05-21T12:21:49.458+0000][gc          ] GC(13) Pause Young (Normal) (G1 Evacuation Pause) 762M->162M(1024M) 7.475ms
[2025-05-21T12:21:49.458+0000][gc,cpu      ] GC(13) User=0.03s Sys=0.00s Real=0.00s
[2025-05-21T12:22:29.399+0000][gc,start    ] GC(14) Pause Young (Normal) (G1 Evacuation Pause)
[2025-05-21T12:22:29.400+0000][gc,task     ] GC(14) Using 10 workers of 10 for evacuation
[2025-05-21T12:22:29.405+0000][gc,phases   ] GC(14)   Pre Evacuate Collection Set: 0.3ms
[2025-05-21T12:22:29.406+0000][gc,phases   ] GC(14)   Merge Heap Roots: 0.2ms
[2025-05-21T12:22:29.406+0000][gc,phases   ] GC(14)   Evacuate Collection Set: 4.0ms
[2025-05-21T12:22:29.406+0000][gc,phases   ] GC(14)   Post Evacuate Collection Set: 1.1ms
[2025-05-21T12:22:29.406+0000][gc,phases   ] GC(14)   Other: 0.3ms
[2025-05-21T12:22:29.406+0000][gc,heap     ] GC(14) Eden regions: 600->0(599)
[2025-05-21T12:22:29.406+0000][gc,heap     ] GC(14) Survivor regions: 14->15(77)
[2025-05-21T12:22:29.406+0000][gc,heap     ] GC(14) Old regions: 18->18
[2025-05-21T12:22:29.407+0000][gc,heap     ] GC(14) Humongous regions: 131->131
[2025-05-21T12:22:29.407+0000][gc,metaspace] GC(14) Metaspace: 15462K(15872K)->15462K(15872K) NonClass: 13583K(13760K)->13583K(13760K) Class: 1879K(2112K)->1879K(2112K)
[2025-05-21T12:22:29.407+0000][gc          ] GC(14) Pause Young (Normal) (G1 Evacuation Pause) 762M->162M(1024M) 7.535ms
[2025-05-21T12:22:29.407+0000][gc,cpu      ] GC(14) User=0.03s Sys=0.00s Real=0.00s
[2025-05-21T12:23:09.375+0000][gc,start    ] GC(15) Pause Young (Normal) (G1 Evacuation Pause)
[2025-05-21T12:23:09.375+0000][gc,task     ] GC(15) Using 10 workers of 10 for evacuation
[2025-05-21T12:23:09.381+0000][gc,phases   ] GC(15)   Pre Evacuate Collection Set: 0.3ms
[2025-05-21T12:23:09.382+0000][gc,phases   ] GC(15)   Merge Heap Roots: 0.2ms
[2025-05-21T12:23:09.382+0000][gc,phases   ] GC(15)   Evacuate Collection Set: 4.2ms
[2025-05-21T12:23:09.382+0000][gc,phases   ] GC(15)   Post Evacuate Collection Set: 1.3ms
[2025-05-21T12:23:09.382+0000][gc,phases   ] GC(15)   Other: 0.3ms
[2025-05-21T12:23:09.382+0000][gc,heap     ] GC(15) Eden regions: 599->0(599)
[2025-05-21T12:23:09.382+0000][gc,heap     ] GC(15) Survivor regions: 15->15(77)
[2025-05-21T12:23:09.383+0000][gc,heap     ] GC(15) Old regions: 18->18
[2025-05-21T12:23:09.383+0000][gc,heap     ] GC(15) Humongous regions: 131->131
[2025-05-21T12:23:09.383+0000][gc,metaspace] GC(15) Metaspace: 15531K(16000K)->15531K(16000K) NonClass: 13648K(13888K)->13648K(13888K) Class: 1882K(2112K)->1882K(2112K)
[2025-05-21T12:23:09.383+0000][gc          ] GC(15) Pause Young (Normal) (G1 Evacuation Pause) 761M->162M(1024M) 8.387ms
[2025-05-21T12:23:09.383+0000][gc,cpu      ] GC(15) User=0.04s Sys=0.00s Real=0.01s
[2025-05-21T12:23:49.348+0000][gc,start    ] GC(16) Pause Young (Normal) (G1 Evacuation Pause)
[2025-05-21T12:23:49.348+0000][gc,task     ] GC(16) Using 10 workers of 10 for evacuation
[2025-05-21T12:23:49.354+0000][gc,phases   ] GC(16)   Pre Evacuate Collection Set: 0.3ms
[2025-05-21T12:23:49.355+0000][gc,phases   ] GC(16)   Merge Heap Roots: 0.2ms
[2025-05-21T12:23:49.355+0000][gc,phases   ] GC(16)   Evacuate Collection Set: 4.4ms
[2025-05-21T12:23:49.355+0000][gc,phases   ] GC(16)   Post Evacuate Collection Set: 1.1ms
[2025-05-21T12:23:49.355+0000][gc,phases   ] GC(16)   Other: 0.2ms
[2025-05-21T12:23:49.355+0000][gc,heap     ] GC(16) Eden regions: 599->0(598)
[2025-05-21T12:23:49.355+0000][gc,heap     ] GC(16) Survivor regions: 15->16(77)
[2025-05-21T12:23:49.356+0000][gc,heap     ] GC(16) Old regions: 18->18
[2025-05-21T12:23:49.356+0000][gc,heap     ] GC(16) Humongous regions: 131->131
[2025-05-21T12:23:49.356+0000][gc,metaspace] GC(16) Metaspace: 15552K(16000K)->15552K(16000K) NonClass: 13669K(13888K)->13669K(13888K) Class: 1882K(2112K)->1882K(2112K)
[2025-05-21T12:23:49.356+0000][gc          ] GC(16) Pause Young (Normal) (G1 Evacuation Pause) 761M->163M(1024M) 8.170ms
[2025-05-21T12:23:49.356+0000][gc,cpu      ] GC(16) User=0.03s Sys=0.01s Real=0.01s
[2025-05-21T12:24:29.321+0000][gc,start    ] GC(17) Pause Young (Normal) (G1 Evacuation Pause)
[2025-05-21T12:24:29.321+0000][gc,task     ] GC(17) Using 10 workers of 10 for evacuation
[2025-05-21T12:24:29.328+0000][gc,phases   ] GC(17)   Pre Evacuate Collection Set: 0.4ms
[2025-05-21T12:24:29.328+0000][gc,phases   ] GC(17)   Merge Heap Roots: 0.2ms
[2025-05-21T12:24:29.328+0000][gc,phases   ] GC(17)   Evacuate Collection Set: 4.6ms
[2025-05-21T12:24:29.328+0000][gc,phases   ] GC(17)   Post Evacuate Collection Set: 1.3ms
[2025-05-21T12:24:29.329+0000][gc,phases   ] GC(17)   Other: 0.3ms
[2025-05-21T12:24:29.329+0000][gc,heap     ] GC(17) Eden regions: 598->0(599)
[2025-05-21T12:24:29.329+0000][gc,heap     ] GC(17) Survivor regions: 16->15(77)
[2025-05-21T12:24:29.329+0000][gc,heap     ] GC(17) Old regions: 18->20
[2025-05-21T12:24:29.329+0000][gc,heap     ] GC(17) Humongous regions: 131->131
[2025-05-21T12:24:29.329+0000][gc,metaspace] GC(17) Metaspace: 15591K(16000K)->15591K(16000K) NonClass: 13708K(13888K)->13708K(13888K) Class: 1882K(2112K)->1882K(2112K)
[2025-05-21T12:24:29.330+0000][gc          ] GC(17) Pause Young (Normal) (G1 Evacuation Pause) 761M->164M(1024M) 8.778ms
[2025-05-21T12:24:29.330+0000][gc,cpu      ] GC(17) User=0.04s Sys=0.00s Real=0.01s
[2025-05-21T12:25:09.292+0000][gc,start    ] GC(18) Pause Young (Normal) (G1 Evacuation Pause)
[2025-05-21T12:25:09.292+0000][gc,task     ] GC(18) Using 10 workers of 10 for evacuation
[2025-05-21T12:25:09.299+0000][gc,phases   ] GC(18)   Pre Evacuate Collection Set: 0.4ms
[2025-05-21T12:25:09.300+0000][gc,phases   ] GC(18)   Merge Heap Roots: 0.2ms
[2025-05-21T12:25:09.300+0000][gc,phases   ] GC(18)   Evacuate Collection Set: 4.8ms
[2025-05-21T12:25:09.300+0000][gc,phases   ] GC(18)   Post Evacuate Collection Set: 1.3ms
[2025-05-21T12:25:09.300+0000][gc,phases   ] GC(18)   Other: 0.3ms
[2025-05-21T12:25:09.300+0000][gc,heap     ] GC(18) Eden regions: 599->0(605)
[2025-05-21T12:25:09.300+0000][gc,heap     ] GC(18) Survivor regions: 15->9(77)
[2025-05-21T12:25:09.300+0000][gc,heap     ] GC(18) Old regions: 20->26
[2025-05-21T12:25:09.301+0000][gc,heap     ] GC(18) Humongous regions: 131->131
[2025-05-21T12:25:09.301+0000][gc,metaspace] GC(18) Metaspace: 15628K(16064K)->15628K(16064K) NonClass: 13745K(13952K)->13745K(13952K) Class: 1882K(2112K)->1882K(2112K)
[2025-05-21T12:25:09.301+0000][gc          ] GC(18) Pause Young (Normal) (G1 Evacuation Pause) 763M->165M(1024M) 8.897ms
[2025-05-21T12:25:09.301+0000][gc,cpu      ] GC(18) User=0.04s Sys=0.00s Real=0.01s
[2025-05-21T12:25:49.292+0000][gc,start    ] GC(19) Pause Young (Normal) (G1 Evacuation Pause)
[2025-05-21T12:25:49.293+0000][gc,task     ] GC(19) Using 10 workers of 10 for evacuation
[2025-05-21T12:25:49.298+0000][gc,phases   ] GC(19)   Pre Evacuate Collection Set: 0.4ms
[2025-05-21T12:25:49.298+0000][gc,phases   ] GC(19)   Merge Heap Roots: 0.2ms
[2025-05-21T12:25:49.298+0000][gc,phases   ] GC(19)   Evacuate Collection Set: 2.8ms
[2025-05-21T12:25:49.298+0000][gc,phases   ] GC(19)   Post Evacuate Collection Set: 1.1ms
[2025-05-21T12:25:49.298+0000][gc,phases   ] GC(19)   Other: 0.3ms
[2025-05-21T12:25:49.299+0000][gc,heap     ] GC(19) Eden regions: 605->0(610)
[2025-05-21T12:25:49.299+0000][gc,heap     ] GC(19) Survivor regions: 9->4(77)
[2025-05-21T12:25:49.299+0000][gc,heap     ] GC(19) Old regions: 26->27
[2025-05-21T12:25:49.299+0000][gc,heap     ] GC(19) Humongous regions: 131->131
[2025-05-21T12:25:49.299+0000][gc,metaspace] GC(19) Metaspace: 15651K(16064K)->15651K(16064K) NonClass: 13767K(13952K)->13767K(13952K) Class: 1884K(2112K)->1884K(2112K)
[2025-05-21T12:25:49.299+0000][gc          ] GC(19) Pause Young (Normal) (G1 Evacuation Pause) 770M->161M(1024M) 7.056ms
[2025-05-21T12:25:49.300+0000][gc,cpu      ] GC(19) User=0.03s Sys=0.01s Real=0.00s
[2025-05-21T12:26:29.311+0000][gc,start    ] GC(20) Pause Young (Normal) (G1 Evacuation Pause)
[2025-05-21T12:26:29.311+0000][gc,task     ] GC(20) Using 10 workers of 10 for evacuation
[2025-05-21T12:26:29.315+0000][gc,phases   ] GC(20)   Pre Evacuate Collection Set: 0.4ms
[2025-05-21T12:26:29.316+0000][gc,phases   ] GC(20)   Merge Heap Roots: 0.2ms
[2025-05-21T12:26:29.316+0000][gc,phases   ] GC(20)   Evacuate Collection Set: 2.0ms
[2025-05-21T12:26:29.316+0000][gc,phases   ] GC(20)   Post Evacuate Collection Set: 1.1ms
[2025-05-21T12:26:29.316+0000][gc,phases   ] GC(20)   Other: 0.4ms
[2025-05-21T12:26:29.316+0000][gc,heap     ] GC(20) Eden regions: 610->0(610)
[2025-05-21T12:26:29.316+0000][gc,heap     ] GC(20) Survivor regions: 4->4(77)
[2025-05-21T12:26:29.317+0000][gc,heap     ] GC(20) Old regions: 27->28
[2025-05-21T12:26:29.317+0000][gc,heap     ] GC(20) Humongous regions: 131->131
[2025-05-21T12:26:29.317+0000][gc,metaspace] GC(20) Metaspace: 15708K(16128K)->15708K(16128K) NonClass: 13819K(14016K)->13819K(14016K) Class: 1888K(2112K)->1888K(2112K)
[2025-05-21T12:26:29.317+0000][gc          ] GC(20) Pause Young (Normal) (G1 Evacuation Pause) 771M->162M(1024M) 6.294ms
[2025-05-21T12:26:29.317+0000][gc,cpu      ] GC(20) User=0.02s Sys=0.00s Real=0.00s
[2025-05-21T12:27:09.351+0000][gc,start    ] GC(21) Pause Young (Normal) (G1 Evacuation Pause)
[2025-05-21T12:27:09.352+0000][gc,task     ] GC(21) Using 10 workers of 10 for evacuation
[2025-05-21T12:27:09.356+0000][gc,phases   ] GC(21)   Pre Evacuate Collection Set: 0.5ms
[2025-05-21T12:27:09.356+0000][gc,phases   ] GC(21)   Merge Heap Roots: 0.3ms
[2025-05-21T12:27:09.356+0000][gc,phases   ] GC(21)   Evacuate Collection Set: 2.0ms
[2025-05-21T12:27:09.357+0000][gc,phases   ] GC(21)   Post Evacuate Collection Set: 1.1ms
[2025-05-21T12:27:09.357+0000][gc,phases   ] GC(21)   Other: 0.3ms
[2025-05-21T12:27:09.357+0000][gc,heap     ] GC(21) Eden regions: 610->0(609)
[2025-05-21T12:27:09.357+0000][gc,heap     ] GC(21) Survivor regions: 4->5(77)
[2025-05-21T12:27:09.357+0000][gc,heap     ] GC(21) Old regions: 28->28
[2025-05-21T12:27:09.357+0000][gc,heap     ] GC(21) Humongous regions: 131->131
[2025-05-21T12:27:09.358+0000][gc,metaspace] GC(21) Metaspace: 15709K(16128K)->15709K(16128K) NonClass: 13820K(14016K)->13820K(14016K) Class: 1888K(2112K)->1888K(2112K)
[2025-05-21T12:27:09.358+0000][gc          ] GC(21) Pause Young (Normal) (G1 Evacuation Pause) 772M->163M(1024M) 6.698ms
[2025-05-21T12:27:09.358+0000][gc,cpu      ] GC(21) User=0.02s Sys=0.00s Real=0.00s
[2025-05-21T12:27:49.338+0000][gc,start    ] GC(22) Pause Young (Normal) (G1 Evacuation Pause)
[2025-05-21T12:27:49.339+0000][gc,task     ] GC(22) Using 10 workers of 10 for evacuation
[2025-05-21T12:27:49.342+0000][gc,phases   ] GC(22)   Pre Evacuate Collection Set: 0.4ms
[2025-05-21T12:27:49.343+0000][gc,phases   ] GC(22)   Merge Heap Roots: 0.2ms
[2025-05-21T12:27:49.343+0000][gc,phases   ] GC(22)   Evacuate Collection Set: 2.1ms
[2025-05-21T12:27:49.343+0000][gc,phases   ] GC(22)   Post Evacuate Collection Set: 1.0ms
[2025-05-21T12:27:49.343+0000][gc,phases   ] GC(22)   Other: 0.3ms
[2025-05-21T12:27:49.343+0000][gc,heap     ] GC(22) Eden regions: 609->0(608)
[2025-05-21T12:27:49.343+0000][gc,heap     ] GC(22) Survivor regions: 5->6(77)
[2025-05-21T12:27:49.344+0000][gc,heap     ] GC(22) Old regions: 28->28
[2025-05-21T12:27:49.344+0000][gc,heap     ] GC(22) Humongous regions: 131->131
[2025-05-21T12:27:49.344+0000][gc,metaspace] GC(22) Metaspace: 15718K(16128K)->15718K(16128K) NonClass: 13829K(14016K)->13829K(14016K) Class: 1888K(2112K)->1888K(2112K)
[2025-05-21T12:27:49.344+0000][gc          ] GC(22) Pause Young (Normal) (G1 Evacuation Pause) 772M->164M(1024M) 5.778ms
[2025-05-21T12:27:49.344+0000][gc,cpu      ] GC(22) User=0.03s Sys=0.00s Real=0.00s
[2025-05-21T12:28:29.341+0000][gc,start    ] GC(23) Pause Young (Normal) (G1 Evacuation Pause)
[2025-05-21T12:28:29.342+0000][gc,task     ] GC(23) Using 10 workers of 10 for evacuation
[2025-05-21T12:28:29.348+0000][gc,phases   ] GC(23)   Pre Evacuate Collection Set: 0.5ms
[2025-05-21T12:28:29.348+0000][gc,phases   ] GC(23)   Merge Heap Roots: 0.9ms
[2025-05-21T12:28:29.348+0000][gc,phases   ] GC(23)   Evacuate Collection Set: 2.8ms
[2025-05-21T12:28:29.348+0000][gc,phases   ] GC(23)   Post Evacuate Collection Set: 1.2ms
[2025-05-21T12:28:29.349+0000][gc,phases   ] GC(23)   Other: 0.4ms
[2025-05-21T12:28:29.349+0000][gc,heap     ] GC(23) Eden regions: 608->0(607)
[2025-05-21T12:28:29.349+0000][gc,heap     ] GC(23) Survivor regions: 6->7(77)
[2025-05-21T12:28:29.349+0000][gc,heap     ] GC(23) Old regions: 28->28
[2025-05-21T12:28:29.349+0000][gc,heap     ] GC(23) Humongous regions: 131->131
[2025-05-21T12:28:29.349+0000][gc,metaspace] GC(23) Metaspace: 15736K(16128K)->15736K(16128K) NonClass: 13847K(14016K)->13847K(14016K) Class: 1888K(2112K)->1888K(2112K)
[2025-05-21T12:28:29.350+0000][gc          ] GC(23) Pause Young (Normal) (G1 Evacuation Pause) 772M->165M(1024M) 8.287ms
[2025-05-21T12:28:29.350+0000][gc,cpu      ] GC(23) User=0.02s Sys=0.00s Real=0.01s
[2025-05-21T12:29:09.361+0000][gc,start    ] GC(24) Pause Young (Normal) (G1 Evacuation Pause)
[2025-05-21T12:29:09.361+0000][gc,task     ] GC(24) Using 10 workers of 10 for evacuation
[2025-05-21T12:29:09.366+0000][gc,phases   ] GC(24)   Pre Evacuate Collection Set: 0.4ms
[2025-05-21T12:29:09.367+0000][gc,phases   ] GC(24)   Merge Heap Roots: 0.2ms
[2025-05-21T12:29:09.367+0000][gc,phases   ] GC(24)   Evacuate Collection Set: 2.9ms
[2025-05-21T12:29:09.367+0000][gc,phases   ] GC(24)   Post Evacuate Collection Set: 1.2ms
[2025-05-21T12:29:09.367+0000][gc,phases   ] GC(24)   Other: 0.3ms
[2025-05-21T12:29:09.367+0000][gc,heap     ] GC(24) Eden regions: 607->0(605)
[2025-05-21T12:29:09.367+0000][gc,heap     ] GC(24) Survivor regions: 7->9(77)
[2025-05-21T12:29:09.367+0000][gc,heap     ] GC(24) Old regions: 28->28
[2025-05-21T12:29:09.368+0000][gc,heap     ] GC(24) Humongous regions: 131->131
[2025-05-21T12:29:09.368+0000][gc,metaspace] GC(24) Metaspace: 15760K(16192K)->15760K(16192K) NonClass: 13872K(14080K)->13872K(14080K) Class: 1888K(2112K)->1888K(2112K)
[2025-05-21T12:29:09.368+0000][gc          ] GC(24) Pause Young (Normal) (G1 Evacuation Pause) 772M->166M(1024M) 7.037ms
[2025-05-21T12:29:09.368+0000][gc,cpu      ] GC(24) User=0.03s Sys=0.00s Real=0.01s
[2025-05-21T12:29:49.372+0000][gc,start    ] GC(25) Pause Young (Normal) (G1 Evacuation Pause)
[2025-05-21T12:29:49.372+0000][gc,task     ] GC(25) Using 10 workers of 10 for evacuation
[2025-05-21T12:29:49.377+0000][gc,phases   ] GC(25)   Pre Evacuate Collection Set: 0.4ms
[2025-05-21T12:29:49.378+0000][gc,phases   ] GC(25)   Merge Heap Roots: 0.2ms
[2025-05-21T12:29:49.378+0000][gc,phases   ] GC(25)   Evacuate Collection Set: 3.4ms
[2025-05-21T12:29:49.378+0000][gc,phases   ] GC(25)   Post Evacuate Collection Set: 1.1ms
[2025-05-21T12:29:49.378+0000][gc,phases   ] GC(25)   Other: 0.3ms
[2025-05-21T12:29:49.378+0000][gc,heap     ] GC(25) Eden regions: 605->0(604)
[2025-05-21T12:29:49.378+0000][gc,heap     ] GC(25) Survivor regions: 9->10(77)
[2025-05-21T12:29:49.378+0000][gc,heap     ] GC(25) Old regions: 28->28
[2025-05-21T12:29:49.379+0000][gc,heap     ] GC(25) Humongous regions: 131->131
[2025-05-21T12:29:49.379+0000][gc,metaspace] GC(25) Metaspace: 15794K(16192K)->15794K(16192K) NonClass: 13905K(14080K)->13905K(14080K) Class: 1888K(2112K)->1888K(2112K)
[2025-05-21T12:29:49.379+0000][gc          ] GC(25) Pause Young (Normal) (G1 Evacuation Pause) 771M->167M(1024M) 7.476ms
[2025-05-21T12:29:49.379+0000][gc,cpu      ] GC(25) User=0.02s Sys=0.00s Real=0.00s
[2025-05-21T12:30:13.315+0000][gc,start    ] GC(26) Pause Young (Normal) (G1 Evacuation Pause)
[2025-05-21T12:30:13.316+0000][gc,task     ] GC(26) Using 10 workers of 10 for evacuation
[2025-05-21T12:30:13.322+0000][gc,phases   ] GC(26)   Pre Evacuate Collection Set: 0.3ms
[2025-05-21T12:30:13.322+0000][gc,phases   ] GC(26)   Merge Heap Roots: 0.2ms
[2025-05-21T12:30:13.322+0000][gc,phases   ] GC(26)   Evacuate Collection Set: 4.0ms
[2025-05-21T12:30:13.322+0000][gc,phases   ] GC(26)   Post Evacuate Collection Set: 1.3ms
[2025-05-21T12:30:13.322+0000][gc,phases   ] GC(26)   Other: 0.3ms
[2025-05-21T12:30:13.323+0000][gc,heap     ] GC(26) Eden regions: 604->0(605)
[2025-05-21T12:30:13.323+0000][gc,heap     ] GC(26) Survivor regions: 10->9(77)
[2025-05-21T12:30:13.323+0000][gc,heap     ] GC(26) Old regions: 28->28
[2025-05-21T12:30:13.323+0000][gc,heap     ] GC(26) Humongous regions: 132->131
[2025-05-21T12:30:13.323+0000][gc,metaspace] GC(26) Metaspace: 16386K(16768K)->16386K(16768K) NonClass: 14465K(14656K)->14465K(14656K) Class: 1921K(2112K)->1921K(2112K)
[2025-05-21T12:30:13.323+0000][gc          ] GC(26) Pause Young (Normal) (G1 Evacuation Pause) 772M->167M(1024M) 8.079ms
[2025-05-21T12:30:13.324+0000][gc,cpu      ] GC(26) User=0.05s Sys=0.00s Real=0.01s
[2025-05-21T12:30:39.260+0000][gc,start    ] GC(27) Pause Young (Normal) (G1 Evacuation Pause)
[2025-05-21T12:30:39.261+0000][gc,task     ] GC(27) Using 10 workers of 10 for evacuation
[2025-05-21T12:30:39.267+0000][gc,phases   ] GC(27)   Pre Evacuate Collection Set: 0.4ms
[2025-05-21T12:30:39.267+0000][gc,phases   ] GC(27)   Merge Heap Roots: 0.2ms
[2025-05-21T12:30:39.267+0000][gc,phases   ] GC(27)   Evacuate Collection Set: 4.1ms
[2025-05-21T12:30:39.267+0000][gc,phases   ] GC(27)   Post Evacuate Collection Set: 1.1ms
[2025-05-21T12:30:39.267+0000][gc,phases   ] GC(27)   Other: 0.3ms
[2025-05-21T12:30:39.268+0000][gc,heap     ] GC(27) Eden regions: 605->0(604)
[2025-05-21T12:30:39.268+0000][gc,heap     ] GC(27) Survivor regions: 9->10(77)
[2025-05-21T12:30:39.268+0000][gc,heap     ] GC(27) Old regions: 28->29
[2025-05-21T12:30:39.268+0000][gc,heap     ] GC(27) Humongous regions: 131->131
[2025-05-21T12:30:39.268+0000][gc,metaspace] GC(27) Metaspace: 16402K(16768K)->16402K(16768K) NonClass: 14481K(14656K)->14481K(14656K) Class: 1921K(2112K)->1921K(2112K)
[2025-05-21T12:30:39.268+0000][gc          ] GC(27) Pause Young (Normal) (G1 Evacuation Pause) 772M->169M(1024M) 8.140ms
[2025-05-21T12:30:39.269+0000][gc,cpu      ] GC(27) User=0.03s Sys=0.00s Real=0.00s
[2025-05-21T12:30:59.590+0000][gc,start    ] GC(28) Pause Young (Normal) (G1 Evacuation Pause)
[2025-05-21T12:30:59.590+0000][gc,task     ] GC(28) Using 10 workers of 10 for evacuation
[2025-05-21T12:30:59.596+0000][gc,phases   ] GC(28)   Pre Evacuate Collection Set: 0.3ms
[2025-05-21T12:30:59.596+0000][gc,phases   ] GC(28)   Merge Heap Roots: 0.2ms
[2025-05-21T12:30:59.597+0000][gc,phases   ] GC(28)   Evacuate Collection Set: 4.2ms
[2025-05-21T12:30:59.597+0000][gc,phases   ] GC(28)   Post Evacuate Collection Set: 1.2ms
[2025-05-21T12:30:59.597+0000][gc,phases   ] GC(28)   Other: 0.3ms
[2025-05-21T12:30:59.597+0000][gc,heap     ] GC(28) Eden regions: 604->0(601)
[2025-05-21T12:30:59.597+0000][gc,heap     ] GC(28) Survivor regions: 10->13(77)
[2025-05-21T12:30:59.597+0000][gc,heap     ] GC(28) Old regions: 29->29
[2025-05-21T12:30:59.598+0000][gc,heap     ] GC(28) Humongous regions: 131->131
[2025-05-21T12:30:59.598+0000][gc,metaspace] GC(28) Metaspace: 16406K(16768K)->16406K(16768K) NonClass: 14484K(14656K)->14484K(14656K) Class: 1922K(2112K)->1922K(2112K)
[2025-05-21T12:30:59.598+0000][gc          ] GC(28) Pause Young (Normal) (G1 Evacuation Pause) 773M->172M(1024M) 8.591ms
[2025-05-21T12:30:59.598+0000][gc,cpu      ] GC(28) User=0.04s Sys=0.01s Real=0.01s
[2025-05-21T12:31:20.838+0000][gc,start    ] GC(29) Pause Young (Normal) (G1 Evacuation Pause)
[2025-05-21T12:31:20.838+0000][gc,task     ] GC(29) Using 10 workers of 10 for evacuation
[2025-05-21T12:31:20.844+0000][gc,phases   ] GC(29)   Pre Evacuate Collection Set: 0.3ms
[2025-05-21T12:31:20.844+0000][gc,phases   ] GC(29)   Merge Heap Roots: 0.2ms
[2025-05-21T12:31:20.845+0000][gc,phases   ] GC(29)   Evacuate Collection Set: 4.1ms
[2025-05-21T12:31:20.845+0000][gc,phases   ] GC(29)   Post Evacuate Collection Set: 1.0ms
[2025-05-21T12:31:20.845+0000][gc,phases   ] GC(29)   Other: 0.2ms
[2025-05-21T12:31:20.845+0000][gc,heap     ] GC(29) Eden regions: 601->0(600)
[2025-05-21T12:31:20.845+0000][gc,heap     ] GC(29) Survivor regions: 13->14(77)
[2025-05-21T12:31:20.845+0000][gc,heap     ] GC(29) Old regions: 29->29
[2025-05-21T12:31:20.845+0000][gc,heap     ] GC(29) Humongous regions: 131->131
[2025-05-21T12:31:20.845+0000][gc,metaspace] GC(29) Metaspace: 16423K(16832K)->16423K(16832K) NonClass: 14500K(14720K)->14500K(14720K) Class: 1922K(2112K)->1922K(2112K)
[2025-05-21T12:31:20.846+0000][gc          ] GC(29) Pause Young (Normal) (G1 Evacuation Pause) 773M->172M(1024M) 7.557ms
[2025-05-21T12:31:20.846+0000][gc,cpu      ] GC(29) User=0.03s Sys=0.01s Real=0.00s
[2025-05-21T12:31:47.597+0000][gc,start    ] GC(30) Pause Young (Normal) (G1 Evacuation Pause)
[2025-05-21T12:31:47.598+0000][gc,task     ] GC(30) Using 10 workers of 10 for evacuation
[2025-05-21T12:31:47.604+0000][gc,phases   ] GC(30)   Pre Evacuate Collection Set: 0.4ms
[2025-05-21T12:31:47.604+0000][gc,phases   ] GC(30)   Merge Heap Roots: 0.2ms
[2025-05-21T12:31:47.604+0000][gc,phases   ] GC(30)   Evacuate Collection Set: 4.0ms
[2025-05-21T12:31:47.604+0000][gc,phases   ] GC(30)   Post Evacuate Collection Set: 1.1ms
[2025-05-21T12:31:47.604+0000][gc,phases   ] GC(30)   Other: 0.3ms
[2025-05-21T12:31:47.605+0000][gc,heap     ] GC(30) Eden regions: 600->0(600)
[2025-05-21T12:31:47.605+0000][gc,heap     ] GC(30) Survivor regions: 14->14(77)
[2025-05-21T12:31:47.605+0000][gc,heap     ] GC(30) Old regions: 29->29
[2025-05-21T12:31:47.605+0000][gc,heap     ] GC(30) Humongous regions: 131->131
[2025-05-21T12:31:47.605+0000][gc,metaspace] GC(30) Metaspace: 16426K(16832K)->16426K(16832K) NonClass: 14503K(14720K)->14503K(14720K) Class: 1922K(2112K)->1922K(2112K)
[2025-05-21T12:31:47.605+0000][gc          ] GC(30) Pause Young (Normal) (G1 Evacuation Pause) 772M->172M(1024M) 7.956ms
[2025-05-21T12:31:47.606+0000][gc,cpu      ] GC(30) User=0.03s Sys=0.01s Real=0.01s
[2025-05-21T12:32:09.416+0000][gc,start    ] GC(31) Pause Young (Normal) (G1 Evacuation Pause)
[2025-05-21T12:32:09.416+0000][gc,task     ] GC(31) Using 10 workers of 10 for evacuation
[2025-05-21T12:32:09.423+0000][gc,phases   ] GC(31)   Pre Evacuate Collection Set: 0.3ms
[2025-05-21T12:32:09.423+0000][gc,phases   ] GC(31)   Merge Heap Roots: 0.2ms
[2025-05-21T12:32:09.423+0000][gc,phases   ] GC(31)   Evacuate Collection Set: 5.0ms
[2025-05-21T12:32:09.423+0000][gc,phases   ] GC(31)   Post Evacuate Collection Set: 1.1ms
[2025-05-21T12:32:09.423+0000][gc,phases   ] GC(31)   Other: 0.2ms
[2025-05-21T12:32:09.423+0000][gc,heap     ] GC(31) Eden regions: 600->0(596)
[2025-05-21T12:32:09.424+0000][gc,heap     ] GC(31) Survivor regions: 14->18(77)
[2025-05-21T12:32:09.424+0000][gc,heap     ] GC(31) Old regions: 29->29
[2025-05-21T12:32:09.424+0000][gc,heap     ] GC(31) Humongous regions: 131->131
[2025-05-21T12:32:09.424+0000][gc,metaspace] GC(31) Metaspace: 16430K(16832K)->16430K(16832K) NonClass: 14507K(14720K)->14507K(14720K) Class: 1922K(2112K)->1922K(2112K)
[2025-05-21T12:32:09.424+0000][gc          ] GC(31) Pause Young (Normal) (G1 Evacuation Pause) 772M->177M(1024M) 8.636ms
[2025-05-21T12:32:09.424+0000][gc,cpu      ] GC(31) User=0.04s Sys=0.00s Real=0.00s
[2025-05-21T12:32:30.083+0000][gc,start    ] GC(32) Pause Young (Normal) (G1 Evacuation Pause)
[2025-05-21T12:32:30.084+0000][gc,task     ] GC(32) Using 10 workers of 10 for evacuation
[2025-05-21T12:32:30.092+0000][gc,phases   ] GC(32)   Pre Evacuate Collection Set: 0.3ms
[2025-05-21T12:32:30.092+0000][gc,phases   ] GC(32)   Merge Heap Roots: 0.2ms
[2025-05-21T12:32:30.093+0000][gc,phases   ] GC(32)   Evacuate Collection Set: 6.2ms
[2025-05-21T12:32:30.093+0000][gc,phases   ] GC(32)   Post Evacuate Collection Set: 1.4ms
[2025-05-21T12:32:30.093+0000][gc,phases   ] GC(32)   Other: 0.3ms
[2025-05-21T12:32:30.093+0000][gc,heap     ] GC(32) Eden regions: 596->0(597)
[2025-05-21T12:32:30.093+0000][gc,heap     ] GC(32) Survivor regions: 18->17(77)
[2025-05-21T12:32:30.093+0000][gc,heap     ] GC(32) Old regions: 29->29
[2025-05-21T12:32:30.094+0000][gc,heap     ] GC(32) Humongous regions: 131->131
[2025-05-21T12:32:30.094+0000][gc,metaspace] GC(32) Metaspace: 16463K(16832K)->16463K(16832K) NonClass: 14540K(14720K)->14540K(14720K) Class: 1922K(2112K)->1922K(2112K)
[2025-05-21T12:32:30.094+0000][gc          ] GC(32) Pause Young (Normal) (G1 Evacuation Pause) 773M->176M(1024M) 10.658ms
[2025-05-21T12:32:30.094+0000][gc,cpu      ] GC(32) User=0.06s Sys=0.01s Real=0.02s
[2025-05-21T12:32:57.713+0000][gc,start    ] GC(33) Pause Young (Normal) (G1 Evacuation Pause)
[2025-05-21T12:32:57.713+0000][gc,task     ] GC(33) Using 10 workers of 10 for evacuation
[2025-05-21T12:32:57.719+0000][gc,phases   ] GC(33)   Pre Evacuate Collection Set: 0.3ms
[2025-05-21T12:32:57.720+0000][gc,phases   ] GC(33)   Merge Heap Roots: 0.2ms
[2025-05-21T12:32:57.720+0000][gc,phases   ] GC(33)   Evacuate Collection Set: 4.5ms
[2025-05-21T12:32:57.720+0000][gc,phases   ] GC(33)   Post Evacuate Collection Set: 1.1ms
[2025-05-21T12:32:57.720+0000][gc,phases   ] GC(33)   Other: 0.2ms
[2025-05-21T12:32:57.720+0000][gc,heap     ] GC(33) Eden regions: 597->0(598)
[2025-05-21T12:32:57.720+0000][gc,heap     ] GC(33) Survivor regions: 17->16(77)
[2025-05-21T12:32:57.720+0000][gc,heap     ] GC(33) Old regions: 29->29
[2025-05-21T12:32:57.721+0000][gc,heap     ] GC(33) Humongous regions: 131->131
[2025-05-21T12:32:57.721+0000][gc,metaspace] GC(33) Metaspace: 16484K(16832K)->16484K(16832K) NonClass: 14561K(14720K)->14561K(14720K) Class: 1923K(2112K)->1923K(2112K)
[2025-05-21T12:32:57.721+0000][gc          ] GC(33) Pause Young (Normal) (G1 Evacuation Pause) 773M->175M(1024M) 8.060ms
[2025-05-21T12:32:57.721+0000][gc,cpu      ] GC(33) User=0.04s Sys=0.00s Real=0.00s
[2025-05-21T12:33:19.471+0000][gc,start    ] GC(34) Pause Young (Normal) (G1 Evacuation Pause)
[2025-05-21T12:33:19.471+0000][gc,task     ] GC(34) Using 10 workers of 10 for evacuation
[2025-05-21T12:33:19.479+0000][gc,phases   ] GC(34)   Pre Evacuate Collection Set: 0.3ms
[2025-05-21T12:33:19.479+0000][gc,phases   ] GC(34)   Merge Heap Roots: 0.3ms
[2025-05-21T12:33:19.480+0000][gc,phases   ] GC(34)   Evacuate Collection Set: 5.7ms
[2025-05-21T12:33:19.480+0000][gc,phases   ] GC(34)   Post Evacuate Collection Set: 1.2ms
[2025-05-21T12:33:19.480+0000][gc,phases   ] GC(34)   Other: 0.3ms
[2025-05-21T12:33:19.480+0000][gc,heap     ] GC(34) Eden regions: 598->0(594)
[2025-05-21T12:33:19.480+0000][gc,heap     ] GC(34) Survivor regions: 16->20(77)
[2025-05-21T12:33:19.480+0000][gc,heap     ] GC(34) Old regions: 29->29
[2025-05-21T12:33:19.481+0000][gc,heap     ] GC(34) Humongous regions: 131->131
[2025-05-21T12:33:19.481+0000][gc,metaspace] GC(34) Metaspace: 16515K(16896K)->16515K(16896K) NonClass: 14591K(14784K)->14591K(14784K) Class: 1923K(2112K)->1923K(2112K)
[2025-05-21T12:33:19.481+0000][gc          ] GC(34) Pause Young (Normal) (G1 Evacuation Pause) 773M->179M(1024M) 9.873ms
[2025-05-21T12:33:19.481+0000][gc,cpu      ] GC(34) User=0.05s Sys=0.01s Real=0.01s
[2025-05-21T12:33:39.801+0000][gc,start    ] GC(35) Pause Young (Normal) (G1 Evacuation Pause)
[2025-05-21T12:33:39.802+0000][gc,task     ] GC(35) Using 10 workers of 10 for evacuation
[2025-05-21T12:33:39.811+0000][gc,phases   ] GC(35)   Pre Evacuate Collection Set: 0.5ms
[2025-05-21T12:33:39.811+0000][gc,phases   ] GC(35)   Merge Heap Roots: 0.2ms
[2025-05-21T12:33:39.811+0000][gc,phases   ] GC(35)   Evacuate Collection Set: 6.6ms
[2025-05-21T12:33:39.811+0000][gc,phases   ] GC(35)   Post Evacuate Collection Set: 1.3ms
[2025-05-21T12:33:39.811+0000][gc,phases   ] GC(35)   Other: 0.3ms
[2025-05-21T12:33:39.812+0000][gc,heap     ] GC(35) Eden regions: 594->0(591)
[2025-05-21T12:33:39.812+0000][gc,heap     ] GC(35) Survivor regions: 20->23(77)
[2025-05-21T12:33:39.812+0000][gc,heap     ] GC(35) Old regions: 29->29
[2025-05-21T12:33:39.812+0000][gc,heap     ] GC(35) Humongous regions: 131->131
[2025-05-21T12:33:39.812+0000][gc,metaspace] GC(35) Metaspace: 16516K(16896K)->16516K(16896K) NonClass: 14592K(14784K)->14592K(14784K) Class: 1923K(2112K)->1923K(2112K)
[2025-05-21T12:33:39.812+0000][gc          ] GC(35) Pause Young (Normal) (G1 Evacuation Pause) 773M->182M(1024M) 10.926ms
[2025-05-21T12:33:39.813+0000][gc,cpu      ] GC(35) User=0.05s Sys=0.01s Real=0.01s
[2025-05-21T12:33:59.746+0000][gc,start    ] GC(36) Pause Young (Concurrent Start) (CodeCache GC Threshold)
[2025-05-21T12:33:59.746+0000][gc,task     ] GC(36) Using 10 workers of 10 for evacuation
[2025-05-21T12:33:59.756+0000][gc,phases   ] GC(36)   Pre Evacuate Collection Set: 0.4ms
[2025-05-21T12:33:59.756+0000][gc,phases   ] GC(36)   Merge Heap Roots: 0.3ms
[2025-05-21T12:33:59.756+0000][gc,phases   ] GC(36)   Evacuate Collection Set: 7.0ms
[2025-05-21T12:33:59.756+0000][gc,phases   ] GC(36)   Post Evacuate Collection Set: 1.2ms
[2025-05-21T12:33:59.756+0000][gc,phases   ] GC(36)   Other: 0.3ms
[2025-05-21T12:33:59.757+0000][gc,heap     ] GC(36) Eden regions: 512->0(590)
[2025-05-21T12:33:59.757+0000][gc,heap     ] GC(36) Survivor regions: 23->24(77)
[2025-05-21T12:33:59.757+0000][gc,heap     ] GC(36) Old regions: 29->30
[2025-05-21T12:33:59.757+0000][gc,heap     ] GC(36) Humongous regions: 131->131
[2025-05-21T12:33:59.757+0000][gc,metaspace] GC(36) Metaspace: 16520K(16896K)->16520K(16896K) NonClass: 14596K(14784K)->14596K(14784K) Class: 1923K(2112K)->1923K(2112K)
[2025-05-21T12:33:59.758+0000][gc          ] GC(36) Pause Young (Concurrent Start) (CodeCache GC Threshold) 693M->183M(1024M) 11.497ms
[2025-05-21T12:33:59.758+0000][gc,cpu      ] GC(36) User=0.07s Sys=0.00s Real=0.01s
[2025-05-21T12:33:59.758+0000][gc          ] GC(37) Concurrent Mark Cycle
[2025-05-21T12:33:59.758+0000][gc,marking  ] GC(37) Concurrent Scan Root Regions
[2025-05-21T12:33:59.764+0000][gc,marking  ] GC(37) Concurrent Scan Root Regions 5.420ms
[2025-05-21T12:33:59.764+0000][gc,marking  ] GC(37) Concurrent Mark
[2025-05-21T12:33:59.764+0000][gc,marking  ] GC(37) Concurrent Mark From Roots
[2025-05-21T12:33:59.764+0000][gc,task     ] GC(37) Using 3 workers of 3 for marking
[2025-05-21T12:33:59.779+0000][gc,marking  ] GC(37) Concurrent Mark From Roots 14.739ms
[2025-05-21T12:33:59.779+0000][gc,marking  ] GC(37) Concurrent Preclean
[2025-05-21T12:33:59.780+0000][gc,marking  ] GC(37) Concurrent Preclean 0.508ms
[2025-05-21T12:33:59.780+0000][gc,start    ] GC(37) Pause Remark
[2025-05-21T12:33:59.788+0000][gc          ] GC(37) Pause Remark 190M->190M(1024M) 7.997ms
[2025-05-21T12:33:59.788+0000][gc,cpu      ] GC(37) User=0.06s Sys=0.00s Real=0.00s
[2025-05-21T12:33:59.788+0000][gc,marking  ] GC(37) Concurrent Mark 24.519ms
[2025-05-21T12:33:59.789+0000][gc,marking  ] GC(37) Concurrent Rebuild Remembered Sets and Scrub Regions
[2025-05-21T12:33:59.795+0000][gc,marking  ] GC(37) Concurrent Rebuild Remembered Sets and Scrub Regions 6.334ms
[2025-05-21T12:33:59.795+0000][gc,start    ] GC(37) Pause Cleanup
[2025-05-21T12:33:59.796+0000][gc          ] GC(37) Pause Cleanup 192M->192M(1024M) 0.416ms
[2025-05-21T12:33:59.796+0000][gc,cpu      ] GC(37) User=0.00s Sys=0.00s Real=0.00s
[2025-05-21T12:33:59.796+0000][gc,marking  ] GC(37) Concurrent Clear Claimed Marks
[2025-05-21T12:33:59.796+0000][gc,marking  ] GC(37) Concurrent Clear Claimed Marks 0.161ms
[2025-05-21T12:33:59.796+0000][gc,marking  ] GC(37) Concurrent Cleanup for Next Mark
[2025-05-21T12:33:59.798+0000][gc,marking  ] GC(37) Concurrent Cleanup for Next Mark 1.573ms
[2025-05-21T12:33:59.798+0000][gc          ] GC(37) Concurrent Mark Cycle 40.510ms
[2025-05-21T12:34:22.139+0000][gc,start    ] GC(38) Pause Young (Prepare Mixed) (G1 Evacuation Pause)
[2025-05-21T12:34:22.139+0000][gc,task     ] GC(38) Using 10 workers of 10 for evacuation
[2025-05-21T12:34:22.147+0000][gc,phases   ] GC(38)   Pre Evacuate Collection Set: 0.4ms
[2025-05-21T12:34:22.147+0000][gc,phases   ] GC(38)   Merge Heap Roots: 0.2ms
[2025-05-21T12:34:22.147+0000][gc,phases   ] GC(38)   Evacuate Collection Set: 5.5ms
[2025-05-21T12:34:22.147+0000][gc,phases   ] GC(38)   Post Evacuate Collection Set: 1.2ms
[2025-05-21T12:34:22.148+0000][gc,phases   ] GC(38)   Other: 0.4ms
[2025-05-21T12:34:22.148+0000][gc,heap     ] GC(38) Eden regions: 590->0(596)
[2025-05-21T12:34:22.148+0000][gc,heap     ] GC(38) Survivor regions: 24->18(77)
[2025-05-21T12:34:22.148+0000][gc,heap     ] GC(38) Old regions: 30->30
[2025-05-21T12:34:22.148+0000][gc,heap     ] GC(38) Humongous regions: 131->131
[2025-05-21T12:34:22.148+0000][gc,metaspace] GC(38) Metaspace: 16403K(16896K)->16403K(16896K) NonClass: 14511K(14784K)->14511K(14784K) Class: 1891K(2112K)->1891K(2112K)
[2025-05-21T12:34:22.149+0000][gc          ] GC(38) Pause Young (Prepare Mixed) (G1 Evacuation Pause) 773M->178M(1024M) 9.659ms
[2025-05-21T12:34:22.149+0000][gc,cpu      ] GC(38) User=0.05s Sys=0.01s Real=0.01s
[2025-05-21T12:34:48.708+0000][gc,start    ] GC(39) Pause Young (Mixed) (G1 Evacuation Pause)
[2025-05-21T12:34:48.708+0000][gc,task     ] GC(39) Using 10 workers of 10 for evacuation
[2025-05-21T12:34:48.715+0000][gc,phases   ] GC(39)   Pre Evacuate Collection Set: 0.3ms
[2025-05-21T12:34:48.715+0000][gc,phases   ] GC(39)   Merge Heap Roots: 0.3ms
[2025-05-21T12:34:48.715+0000][gc,phases   ] GC(39)   Evacuate Collection Set: 5.3ms
[2025-05-21T12:34:48.716+0000][gc,phases   ] GC(39)   Post Evacuate Collection Set: 1.1ms
[2025-05-21T12:34:48.716+0000][gc,phases   ] GC(39)   Other: 0.3ms
[2025-05-21T12:34:48.716+0000][gc,heap     ] GC(39) Eden regions: 596->0(596)
[2025-05-21T12:34:48.716+0000][gc,heap     ] GC(39) Survivor regions: 18->18(77)
[2025-05-21T12:34:48.716+0000][gc,heap     ] GC(39) Old regions: 30->28
[2025-05-21T12:34:48.716+0000][gc,heap     ] GC(39) Humongous regions: 131->131
[2025-05-21T12:34:48.716+0000][gc,metaspace] GC(39) Metaspace: 16403K(16896K)->16403K(16896K) NonClass: 14511K(14784K)->14511K(14784K) Class: 1891K(2112K)->1891K(2112K)
[2025-05-21T12:34:48.717+0000][gc          ] GC(39) Pause Young (Mixed) (G1 Evacuation Pause) 774M->175M(1024M) 9.468ms
[2025-05-21T12:34:48.717+0000][gc,cpu      ] GC(39) User=0.05s Sys=0.00s Real=0.01s
[2025-05-21T12:35:09.495+0000][gc,start    ] GC(40) Pause Young (Normal) (G1 Evacuation Pause)
[2025-05-21T12:35:09.495+0000][gc,task     ] GC(40) Using 10 workers of 10 for evacuation
[2025-05-21T12:35:09.503+0000][gc,phases   ] GC(40)   Pre Evacuate Collection Set: 0.3ms
[2025-05-21T12:35:09.504+0000][gc,phases   ] GC(40)   Merge Heap Roots: 0.2ms
[2025-05-21T12:35:09.504+0000][gc,phases   ] GC(40)   Evacuate Collection Set: 6.4ms
[2025-05-21T12:35:09.504+0000][gc,phases   ] GC(40)   Post Evacuate Collection Set: 1.2ms
[2025-05-21T12:35:09.504+0000][gc,phases   ] GC(40)   Other: 0.3ms
[2025-05-21T12:35:09.504+0000][gc,heap     ] GC(40) Eden regions: 596->0(594)
[2025-05-21T12:35:09.504+0000][gc,heap     ] GC(40) Survivor regions: 18->20(77)
[2025-05-21T12:35:09.504+0000][gc,heap     ] GC(40) Old regions: 28->28
[2025-05-21T12:35:09.505+0000][gc,heap     ] GC(40) Humongous regions: 131->131
[2025-05-21T12:35:09.505+0000][gc,metaspace] GC(40) Metaspace: 16403K(16896K)->16403K(16896K) NonClass: 14511K(14784K)->14511K(14784K) Class: 1891K(2112K)->1891K(2112K)
[2025-05-21T12:35:09.505+0000][gc          ] GC(40) Pause Young (Normal) (G1 Evacuation Pause) 771M->178M(1024M) 10.219ms
[2025-05-21T12:35:09.505+0000][gc,cpu      ] GC(40) User=0.06s Sys=0.00s Real=0.01s
[2025-05-21T12:35:29.807+0000][gc,start    ] GC(41) Pause Young (Normal) (G1 Evacuation Pause)
[2025-05-21T12:35:29.807+0000][gc,task     ] GC(41) Using 10 workers of 10 for evacuation
[2025-05-21T12:35:29.816+0000][gc,phases   ] GC(41)   Pre Evacuate Collection Set: 0.3ms
[2025-05-21T12:35:29.816+0000][gc,phases   ] GC(41)   Merge Heap Roots: 0.2ms
[2025-05-21T12:35:29.817+0000][gc,phases   ] GC(41)   Evacuate Collection Set: 7.5ms
[2025-05-21T12:35:29.817+0000][gc,phases   ] GC(41)   Post Evacuate Collection Set: 1.2ms
[2025-05-21T12:35:29.817+0000][gc,phases   ] GC(41)   Other: 0.2ms
[2025-05-21T12:35:29.817+0000][gc,heap     ] GC(41) Eden regions: 594->0(591)
[2025-05-21T12:35:29.817+0000][gc,heap     ] GC(41) Survivor regions: 20->23(77)
[2025-05-21T12:35:29.818+0000][gc,heap     ] GC(41) Old regions: 28->28
[2025-05-21T12:35:29.818+0000][gc,heap     ] GC(41) Humongous regions: 131->131
[2025-05-21T12:35:29.818+0000][gc,metaspace] GC(41) Metaspace: 16403K(16896K)->16403K(16896K) NonClass: 14511K(14784K)->14511K(14784K) Class: 1891K(2112K)->1891K(2112K)
[2025-05-21T12:35:29.818+0000][gc          ] GC(41) Pause Young (Normal) (G1 Evacuation Pause) 772M->181M(1024M) 11.527ms
[2025-05-21T12:35:29.818+0000][gc,cpu      ] GC(41) User=0.06s Sys=0.01s Real=0.01s
[2025-05-21T12:35:53.520+0000][gc,start    ] GC(42) Pause Young (Normal) (G1 Evacuation Pause)
[2025-05-21T12:35:53.521+0000][gc,task     ] GC(42) Using 10 workers of 10 for evacuation
[2025-05-21T12:35:53.532+0000][gc,phases   ] GC(42)   Pre Evacuate Collection Set: 0.3ms
[2025-05-21T12:35:53.533+0000][gc,phases   ] GC(42)   Merge Heap Roots: 0.2ms
[2025-05-21T12:35:53.533+0000][gc,phases   ] GC(42)   Evacuate Collection Set: 9.5ms
[2025-05-21T12:35:53.533+0000][gc,phases   ] GC(42)   Post Evacuate Collection Set: 1.1ms
[2025-05-21T12:35:53.534+0000][gc,phases   ] GC(42)   Other: 0.3ms
[2025-05-21T12:35:53.534+0000][gc,heap     ] GC(42) Eden regions: 591->0(593)
[2025-05-21T12:35:53.534+0000][gc,heap     ] GC(42) Survivor regions: 23->21(77)
[2025-05-21T12:35:53.534+0000][gc,heap     ] GC(42) Old regions: 28->31
[2025-05-21T12:35:53.534+0000][gc,heap     ] GC(42) Humongous regions: 131->131
[2025-05-21T12:35:53.535+0000][gc,metaspace] GC(42) Metaspace: 16403K(16896K)->16403K(16896K) NonClass: 14511K(14784K)->14511K(14784K) Class: 1891K(2112K)->1891K(2112K)
[2025-05-21T12:35:53.535+0000][gc          ] GC(42) Pause Young (Normal) (G1 Evacuation Pause) 772M->182M(1024M) 14.419ms
[2025-05-21T12:35:53.535+0000][gc,cpu      ] GC(42) User=0.10s Sys=0.00s Real=0.02s
[2025-05-21T12:36:19.214+0000][gc,start    ] GC(43) Pause Young (Normal) (G1 Evacuation Pause)
[2025-05-21T12:36:19.215+0000][gc,task     ] GC(43) Using 10 workers of 10 for evacuation
[2025-05-21T12:36:19.232+0000][gc,phases   ] GC(43)   Pre Evacuate Collection Set: 0.4ms
[2025-05-21T12:36:19.233+0000][gc,phases   ] GC(43)   Merge Heap Roots: 0.2ms
[2025-05-21T12:36:19.235+0000][gc,phases   ] GC(43)   Evacuate Collection Set: 12.1ms
[2025-05-21T12:36:19.236+0000][gc,phases   ] GC(43)   Post Evacuate Collection Set: 4.1ms
[2025-05-21T12:36:19.236+0000][gc,phases   ] GC(43)   Other: 0.4ms
[2025-05-21T12:36:19.237+0000][gc,heap     ] GC(43) Eden regions: 593->0(597)
[2025-05-21T12:36:19.238+0000][gc,heap     ] GC(43) Survivor regions: 21->17(77)
[2025-05-21T12:36:19.238+0000][gc,heap     ] GC(43) Old regions: 31->34
[2025-05-21T12:36:19.238+0000][gc,heap     ] GC(43) Humongous regions: 131->131
[2025-05-21T12:36:19.238+0000][gc,metaspace] GC(43) Metaspace: 16403K(16896K)->16403K(16896K) NonClass: 14511K(14784K)->14511K(14784K) Class: 1891K(2112K)->1891K(2112K)
[2025-05-21T12:36:19.239+0000][gc          ] GC(43) Pause Young (Normal) (G1 Evacuation Pause) 775M->181M(1024M) 24.214ms
[2025-05-21T12:36:19.239+0000][gc,cpu      ] GC(43) User=0.06s Sys=0.04s Real=0.02s
[2025-05-21T12:36:39.551+0000][gc,start    ] GC(44) Pause Young (Normal) (G1 Evacuation Pause)
[2025-05-21T12:36:39.551+0000][gc,task     ] GC(44) Using 10 workers of 10 for evacuation
[2025-05-21T12:36:39.561+0000][gc,phases   ] GC(44)   Pre Evacuate Collection Set: 0.3ms
[2025-05-21T12:36:39.561+0000][gc,phases   ] GC(44)   Merge Heap Roots: 0.2ms
[2025-05-21T12:36:39.561+0000][gc,phases   ] GC(44)   Evacuate Collection Set: 7.0ms
[2025-05-21T12:36:39.561+0000][gc,phases   ] GC(44)   Post Evacuate Collection Set: 1.3ms
[2025-05-21T12:36:39.561+0000][gc,phases   ] GC(44)   Other: 0.3ms
[2025-05-21T12:36:39.562+0000][gc,heap     ] GC(44) Eden regions: 597->0(595)
[2025-05-21T12:36:39.562+0000][gc,heap     ] GC(44) Survivor regions: 17->19(77)
[2025-05-21T12:36:39.562+0000][gc,heap     ] GC(44) Old regions: 34->35
[2025-05-21T12:36:39.562+0000][gc,heap     ] GC(44) Humongous regions: 131->131
[2025-05-21T12:36:39.562+0000][gc,metaspace] GC(44) Metaspace: 16532K(16960K)->16532K(16960K) NonClass: 14621K(14848K)->14621K(14848K) Class: 1911K(2112K)->1911K(2112K)
[2025-05-21T12:36:39.563+0000][gc          ] GC(44) Pause Young (Normal) (G1 Evacuation Pause) 778M->184M(1024M) 11.431ms
[2025-05-21T12:36:39.563+0000][gc,cpu      ] GC(44) User=0.06s Sys=0.01s Real=0.02s
[2025-05-21T12:36:59.977+0000][gc,start    ] GC(45) Pause Young (Normal) (G1 Evacuation Pause)
[2025-05-21T12:36:59.978+0000][gc,task     ] GC(45) Using 10 workers of 10 for evacuation
[2025-05-21T12:36:59.990+0000][gc,phases   ] GC(45)   Pre Evacuate Collection Set: 0.5ms
[2025-05-21T12:36:59.991+0000][gc,phases   ] GC(45)   Merge Heap Roots: 0.3ms
[2025-05-21T12:36:59.991+0000][gc,phases   ] GC(45)   Evacuate Collection Set: 9.2ms
[2025-05-21T12:36:59.991+0000][gc,phases   ] GC(45)   Post Evacuate Collection Set: 1.7ms
[2025-05-21T12:36:59.991+0000][gc,phases   ] GC(45)   Other: 0.6ms
[2025-05-21T12:36:59.992+0000][gc,heap     ] GC(45) Eden regions: 595->0(593)
[2025-05-21T12:36:59.992+0000][gc,heap     ] GC(45) Survivor regions: 19->21(77)
[2025-05-21T12:36:59.992+0000][gc,heap     ] GC(45) Old regions: 35->36
[2025-05-21T12:36:59.992+0000][gc,heap     ] GC(45) Humongous regions: 131->131
[2025-05-21T12:36:59.992+0000][gc,metaspace] GC(45) Metaspace: 16639K(17088K)->16639K(17088K) NonClass: 14712K(14912K)->14712K(14912K) Class: 1927K(2176K)->1927K(2176K)
[2025-05-21T12:36:59.993+0000][gc          ] GC(45) Pause Young (Normal) (G1 Evacuation Pause) 779M->187M(1024M) 15.716ms
[2025-05-21T12:36:59.993+0000][gc,cpu      ] GC(45) User=0.08s Sys=0.01s Real=0.02s
[2025-05-21T12:37:26.400+0000][gc,start    ] GC(46) Pause Young (Normal) (G1 Evacuation Pause)
[2025-05-21T12:37:26.400+0000][gc,task     ] GC(46) Using 10 workers of 10 for evacuation
[2025-05-21T12:37:26.408+0000][gc,phases   ] GC(46)   Pre Evacuate Collection Set: 0.4ms
[2025-05-21T12:37:26.409+0000][gc,phases   ] GC(46)   Merge Heap Roots: 0.2ms
[2025-05-21T12:37:26.409+0000][gc,phases   ] GC(46)   Evacuate Collection Set: 6.7ms
[2025-05-21T12:37:26.409+0000][gc,phases   ] GC(46)   Post Evacuate Collection Set: 1.0ms
[2025-05-21T12:37:26.409+0000][gc,phases   ] GC(46)   Other: 0.3ms
[2025-05-21T12:37:26.409+0000][gc,heap     ] GC(46) Eden regions: 593->0(598)
[2025-05-21T12:37:26.410+0000][gc,heap     ] GC(46) Survivor regions: 21->16(77)
[2025-05-21T12:37:26.410+0000][gc,heap     ] GC(46) Old regions: 36->37
[2025-05-21T12:37:26.410+0000][gc,heap     ] GC(46) Humongous regions: 131->131
[2025-05-21T12:37:26.410+0000][gc,metaspace] GC(46) Metaspace: 16639K(17088K)->16639K(17088K) NonClass: 14712K(14912K)->14712K(14912K) Class: 1927K(2176K)->1927K(2176K)
[2025-05-21T12:37:26.410+0000][gc          ] GC(46) Pause Young (Normal) (G1 Evacuation Pause) 780M->183M(1024M) 10.489ms
[2025-05-21T12:37:26.410+0000][gc,cpu      ] GC(46) User=0.05s Sys=0.01s Real=0.01s
[2025-05-21T12:37:49.445+0000][gc,start    ] GC(47) Pause Young (Normal) (G1 Evacuation Pause)
[2025-05-21T12:37:49.445+0000][gc,task     ] GC(47) Using 10 workers of 10 for evacuation
[2025-05-21T12:37:49.453+0000][gc,phases   ] GC(47)   Pre Evacuate Collection Set: 0.4ms
[2025-05-21T12:37:49.453+0000][gc,phases   ] GC(47)   Merge Heap Roots: 0.4ms
[2025-05-21T12:37:49.453+0000][gc,phases   ] GC(47)   Evacuate Collection Set: 5.6ms
[2025-05-21T12:37:49.454+0000][gc,phases   ] GC(47)   Post Evacuate Collection Set: 1.1ms
[2025-05-21T12:37:49.454+0000][gc,phases   ] GC(47)   Other: 0.3ms
[2025-05-21T12:37:49.454+0000][gc,heap     ] GC(47) Eden regions: 598->0(595)
[2025-05-21T12:37:49.454+0000][gc,heap     ] GC(47) Survivor regions: 16->19(77)
[2025-05-21T12:37:49.454+0000][gc,heap     ] GC(47) Old regions: 37->38
[2025-05-21T12:37:49.454+0000][gc,heap     ] GC(47) Humongous regions: 131->131
[2025-05-21T12:37:49.455+0000][gc,metaspace] GC(47) Metaspace: 16639K(17088K)->16639K(17088K) NonClass: 14712K(14912K)->14712K(14912K) Class: 1927K(2176K)->1927K(2176K)
[2025-05-21T12:37:49.455+0000][gc          ] GC(47) Pause Young (Normal) (G1 Evacuation Pause) 781M->187M(1024M) 10.101ms
[2025-05-21T12:37:49.455+0000][gc,cpu      ] GC(47) User=0.05s Sys=0.00s Real=0.01s
[2025-05-21T12:38:09.817+0000][gc,start    ] GC(48) Pause Young (Normal) (G1 Evacuation Pause)
[2025-05-21T12:38:09.817+0000][gc,task     ] GC(48) Using 10 workers of 10 for evacuation
[2025-05-21T12:38:09.827+0000][gc,phases   ] GC(48)   Pre Evacuate Collection Set: 0.3ms
[2025-05-21T12:38:09.827+0000][gc,phases   ] GC(48)   Merge Heap Roots: 0.2ms
[2025-05-21T12:38:09.827+0000][gc,phases   ] GC(48)   Evacuate Collection Set: 7.6ms
[2025-05-21T12:38:09.828+0000][gc,phases   ] GC(48)   Post Evacuate Collection Set: 1.2ms
[2025-05-21T12:38:09.828+0000][gc,phases   ] GC(48)   Other: 0.3ms
[2025-05-21T12:38:09.828+0000][gc,heap     ] GC(48) Eden regions: 595->0(594)
[2025-05-21T12:38:09.828+0000][gc,heap     ] GC(48) Survivor regions: 19->20(77)
[2025-05-21T12:38:09.828+0000][gc,heap     ] GC(48) Old regions: 38->39
[2025-05-21T12:38:09.829+0000][gc,heap     ] GC(48) Humongous regions: 131->131
[2025-05-21T12:38:09.829+0000][gc,metaspace] GC(48) Metaspace: 16642K(17088K)->16642K(17088K) NonClass: 14715K(14912K)->14715K(14912K) Class: 1927K(2176K)->1927K(2176K)
[2025-05-21T12:38:09.829+0000][gc          ] GC(48) Pause Young (Normal) (G1 Evacuation Pause) 782M->189M(1024M) 12.015ms
[2025-05-21T12:38:09.829+0000][gc,cpu      ] GC(48) User=0.06s Sys=0.02s Real=0.02s
[2025-05-21T12:38:34.296+0000][gc,start    ] GC(49) Pause Young (Normal) (G1 Evacuation Pause)
[2025-05-21T12:38:34.296+0000][gc,task     ] GC(49) Using 10 workers of 10 for evacuation
[2025-05-21T12:38:34.302+0000][gc,phases   ] GC(49)   Pre Evacuate Collection Set: 0.3ms
[2025-05-21T12:38:34.303+0000][gc,phases   ] GC(49)   Merge Heap Roots: 0.2ms
[2025-05-21T12:38:34.303+0000][gc,phases   ] GC(49)   Evacuate Collection Set: 4.1ms
[2025-05-21T12:38:34.303+0000][gc,phases   ] GC(49)   Post Evacuate Collection Set: 1.1ms
[2025-05-21T12:38:34.303+0000][gc,phases   ] GC(49)   Other: 0.3ms
[2025-05-21T12:38:34.303+0000][gc,heap     ] GC(49) Eden regions: 594->0(600)
[2025-05-21T12:38:34.304+0000][gc,heap     ] GC(49) Survivor regions: 20->14(77)
[2025-05-21T12:38:34.304+0000][gc,heap     ] GC(49) Old regions: 39->40
[2025-05-21T12:38:34.304+0000][gc,heap     ] GC(49) Humongous regions: 131->131
[2025-05-21T12:38:34.304+0000][gc,metaspace] GC(49) Metaspace: 16642K(17088K)->16642K(17088K) NonClass: 14715K(14912K)->14715K(14912K) Class: 1927K(2176K)->1927K(2176K)
[2025-05-21T12:38:34.304+0000][gc          ] GC(49) Pause Young (Normal) (G1 Evacuation Pause) 783M->184M(1024M) 8.003ms
[2025-05-21T12:38:34.304+0000][gc,cpu      ] GC(49) User=0.04s Sys=0.00s Real=0.01s
[2025-05-21T12:38:59.331+0000][gc,start    ] GC(50) Pause Young (Normal) (G1 Evacuation Pause)
[2025-05-21T12:38:59.332+0000][gc,task     ] GC(50) Using 10 workers of 10 for evacuation
[2025-05-21T12:38:59.340+0000][gc,phases   ] GC(50)   Pre Evacuate Collection Set: 0.3ms
[2025-05-21T12:38:59.341+0000][gc,phases   ] GC(50)   Merge Heap Roots: 0.2ms
[2025-05-21T12:38:59.341+0000][gc,phases   ] GC(50)   Evacuate Collection Set: 7.0ms
[2025-05-21T12:38:59.341+0000][gc,phases   ] GC(50)   Post Evacuate Collection Set: 0.9ms
[2025-05-21T12:38:59.341+0000][gc,phases   ] GC(50)   Other: 0.3ms
[2025-05-21T12:38:59.341+0000][gc,heap     ] GC(50) Eden regions: 600->0(596)
[2025-05-21T12:38:59.341+0000][gc,heap     ] GC(50) Survivor regions: 14->18(77)
[2025-05-21T12:38:59.342+0000][gc,heap     ] GC(50) Old regions: 40->41
[2025-05-21T12:38:59.342+0000][gc,heap     ] GC(50) Humongous regions: 131->131
[2025-05-21T12:38:59.342+0000][gc,metaspace] GC(50) Metaspace: 16642K(17088K)->16642K(17088K) NonClass: 14715K(14912K)->14715K(14912K) Class: 1927K(2176K)->1927K(2176K)
[2025-05-21T12:38:59.342+0000][gc          ] GC(50) Pause Young (Normal) (G1 Evacuation Pause) 784M->189M(1024M) 10.742ms
[2025-05-21T12:38:59.342+0000][gc,cpu      ] GC(50) User=0.07s Sys=0.00s Real=0.01s
[2025-05-21T12:39:19.668+0000][gc,start    ] GC(51) Pause Young (Normal) (G1 Evacuation Pause)
[2025-05-21T12:39:19.668+0000][gc,task     ] GC(51) Using 10 workers of 10 for evacuation
[2025-05-21T12:39:19.677+0000][gc,phases   ] GC(51)   Pre Evacuate Collection Set: 0.4ms
[2025-05-21T12:39:19.678+0000][gc,phases   ] GC(51)   Merge Heap Roots: 0.2ms
[2025-05-21T12:39:19.678+0000][gc,phases   ] GC(51)   Evacuate Collection Set: 6.8ms
[2025-05-21T12:39:19.678+0000][gc,phases   ] GC(51)   Post Evacuate Collection Set: 1.5ms
[2025-05-21T12:39:19.678+0000][gc,phases   ] GC(51)   Other: 0.5ms
[2025-05-21T12:39:19.679+0000][gc,heap     ] GC(51) Eden regions: 596->0(595)
[2025-05-21T12:39:19.679+0000][gc,heap     ] GC(51) Survivor regions: 18->19(77)
[2025-05-21T12:39:19.679+0000][gc,heap     ] GC(51) Old regions: 41->41
[2025-05-21T12:39:19.679+0000][gc,heap     ] GC(51) Humongous regions: 131->131
[2025-05-21T12:39:19.679+0000][gc,metaspace] GC(51) Metaspace: 16643K(17088K)->16643K(17088K) NonClass: 14716K(14912K)->14716K(14912K) Class: 1927K(2176K)->1927K(2176K)
[2025-05-21T12:39:19.680+0000][gc          ] GC(51) Pause Young (Normal) (G1 Evacuation Pause) 785M->190M(1024M) 12.127ms
[2025-05-21T12:39:19.680+0000][gc,cpu      ] GC(51) User=0.05s Sys=0.00s Real=0.01s
[2025-05-21T12:39:42.587+0000][gc,start    ] GC(52) Pause Young (Normal) (G1 Evacuation Pause)
[2025-05-21T12:39:42.587+0000][gc,task     ] GC(52) Using 10 workers of 10 for evacuation
[2025-05-21T12:39:42.593+0000][gc,phases   ] GC(52)   Pre Evacuate Collection Set: 0.3ms
[2025-05-21T12:39:42.593+0000][gc,phases   ] GC(52)   Merge Heap Roots: 0.2ms
[2025-05-21T12:39:42.593+0000][gc,phases   ] GC(52)   Evacuate Collection Set: 3.8ms
[2025-05-21T12:39:42.594+0000][gc,phases   ] GC(52)   Post Evacuate Collection Set: 1.1ms
[2025-05-21T12:39:42.594+0000][gc,phases   ] GC(52)   Other: 0.3ms
[2025-05-21T12:39:42.594+0000][gc,heap     ] GC(52) Eden regions: 595->0(600)
[2025-05-21T12:39:42.594+0000][gc,heap     ] GC(52) Survivor regions: 19->14(77)
[2025-05-21T12:39:42.594+0000][gc,heap     ] GC(52) Old regions: 41->42
[2025-05-21T12:39:42.594+0000][gc,heap     ] GC(52) Humongous regions: 131->131
[2025-05-21T12:39:42.595+0000][gc,metaspace] GC(52) Metaspace: 16643K(17088K)->16643K(17088K) NonClass: 14716K(14912K)->14716K(14912K) Class: 1927K(2176K)->1927K(2176K)
[2025-05-21T12:39:42.595+0000][gc          ] GC(52) Pause Young (Normal) (G1 Evacuation Pause) 785M->185M(1024M) 7.814ms
[2025-05-21T12:39:42.595+0000][gc,cpu      ] GC(52) User=0.03s Sys=0.01s Real=0.01s
[2025-05-21T12:40:09.242+0000][gc,start    ] GC(53) Pause Young (Normal) (G1 Evacuation Pause)
[2025-05-21T12:40:09.242+0000][gc,task     ] GC(53) Using 10 workers of 10 for evacuation
[2025-05-21T12:40:09.253+0000][gc,phases   ] GC(53)   Pre Evacuate Collection Set: 0.3ms
[2025-05-21T12:40:09.253+0000][gc,phases   ] GC(53)   Merge Heap Roots: 0.3ms
[2025-05-21T12:40:09.253+0000][gc,phases   ] GC(53)   Evacuate Collection Set: 8.4ms
[2025-05-21T12:40:09.254+0000][gc,phases   ] GC(53)   Post Evacuate Collection Set: 1.3ms
[2025-05-21T12:40:09.254+0000][gc,phases   ] GC(53)   Other: 0.3ms
[2025-05-21T12:40:09.254+0000][gc,heap     ] GC(53) Eden regions: 600->0(596)
[2025-05-21T12:40:09.255+0000][gc,heap     ] GC(53) Survivor regions: 14->18(77)
[2025-05-21T12:40:09.255+0000][gc,heap     ] GC(53) Old regions: 42->43
[2025-05-21T12:40:09.256+0000][gc,heap     ] GC(53) Humongous regions: 131->131
[2025-05-21T12:40:09.257+0000][gc,metaspace] GC(53) Metaspace: 16651K(17088K)->16651K(17088K) NonClass: 14724K(14912K)->14724K(14912K) Class: 1927K(2176K)->1927K(2176K)
[2025-05-21T12:40:09.257+0000][gc          ] GC(53) Pause Young (Normal) (G1 Evacuation Pause) 785M->191M(1024M) 14.958ms
[2025-05-21T12:40:09.257+0000][gc,cpu      ] GC(53) User=0.06s Sys=0.01s Real=0.02s
[2025-05-21T12:40:29.566+0000][gc,start    ] GC(54) Pause Young (Normal) (G1 Evacuation Pause)
[2025-05-21T12:40:29.566+0000][gc,task     ] GC(54) Using 10 workers of 10 for evacuation
[2025-05-21T12:40:29.574+0000][gc,phases   ] GC(54)   Pre Evacuate Collection Set: 0.3ms
[2025-05-21T12:40:29.574+0000][gc,phases   ] GC(54)   Merge Heap Roots: 0.2ms
[2025-05-21T12:40:29.575+0000][gc,phases   ] GC(54)   Evacuate Collection Set: 6.4ms
[2025-05-21T12:40:29.575+0000][gc,phases   ] GC(54)   Post Evacuate Collection Set: 1.0ms
[2025-05-21T12:40:29.575+0000][gc,phases   ] GC(54)   Other: 0.3ms
[2025-05-21T12:40:29.575+0000][gc,heap     ] GC(54) Eden regions: 596->0(594)
[2025-05-21T12:40:29.575+0000][gc,heap     ] GC(54) Survivor regions: 18->20(77)
[2025-05-21T12:40:29.575+0000][gc,heap     ] GC(54) Old regions: 43->44
[2025-05-21T12:40:29.576+0000][gc,heap     ] GC(54) Humongous regions: 131->131
[2025-05-21T12:40:29.576+0000][gc,metaspace] GC(54) Metaspace: 16651K(17088K)->16651K(17088K) NonClass: 14724K(14912K)->14724K(14912K) Class: 1927K(2176K)->1927K(2176K)
[2025-05-21T12:40:29.576+0000][gc          ] GC(54) Pause Young (Normal) (G1 Evacuation Pause) 787M->193M(1024M) 10.344ms
[2025-05-21T12:40:29.576+0000][gc,cpu      ] GC(54) User=0.07s Sys=0.00s Real=0.01s
[2025-05-21T12:40:50.547+0000][gc,start    ] GC(55) Pause Young (Normal) (G1 Evacuation Pause)
[2025-05-21T12:40:50.547+0000][gc,task     ] GC(55) Using 10 workers of 10 for evacuation
[2025-05-21T12:40:50.557+0000][gc,phases   ] GC(55)   Pre Evacuate Collection Set: 0.3ms
[2025-05-21T12:40:50.557+0000][gc,phases   ] GC(55)   Merge Heap Roots: 0.3ms
[2025-05-21T12:40:50.557+0000][gc,phases   ] GC(55)   Evacuate Collection Set: 7.2ms
[2025-05-21T12:40:50.557+0000][gc,phases   ] GC(55)   Post Evacuate Collection Set: 1.2ms
[2025-05-21T12:40:50.557+0000][gc,phases   ] GC(55)   Other: 0.3ms
[2025-05-21T12:40:50.558+0000][gc,heap     ] GC(55) Eden regions: 594->0(595)
[2025-05-21T12:40:50.558+0000][gc,heap     ] GC(55) Survivor regions: 20->19(77)
[2025-05-21T12:40:50.558+0000][gc,heap     ] GC(55) Old regions: 44->45
[2025-05-21T12:40:50.558+0000][gc,heap     ] GC(55) Humongous regions: 131->131
[2025-05-21T12:40:50.558+0000][gc,metaspace] GC(55) Metaspace: 16657K(17088K)->16657K(17088K) NonClass: 14730K(14912K)->14730K(14912K) Class: 1927K(2176K)->1927K(2176K)
[2025-05-21T12:40:50.558+0000][gc          ] GC(55) Pause Young (Normal) (G1 Evacuation Pause) 787M->193M(1024M) 11.240ms
[2025-05-21T12:40:50.558+0000][gc,cpu      ] GC(55) User=0.06s Sys=0.00s Real=0.01s
[2025-05-21T12:41:17.904+0000][gc,start    ] GC(56) Pause Young (Normal) (G1 Evacuation Pause)
[2025-05-21T12:41:17.904+0000][gc,task     ] GC(56) Using 10 workers of 10 for evacuation
[2025-05-21T12:41:17.912+0000][gc,phases   ] GC(56)   Pre Evacuate Collection Set: 0.3ms
[2025-05-21T12:41:17.912+0000][gc,phases   ] GC(56)   Merge Heap Roots: 0.2ms
[2025-05-21T12:41:17.912+0000][gc,phases   ] GC(56)   Evacuate Collection Set: 5.8ms
[2025-05-21T12:41:17.913+0000][gc,phases   ] GC(56)   Post Evacuate Collection Set: 1.2ms
[2025-05-21T12:41:17.913+0000][gc,phases   ] GC(56)   Other: 0.3ms
[2025-05-21T12:41:17.913+0000][gc,heap     ] GC(56) Eden regions: 595->0(596)
[2025-05-21T12:41:17.913+0000][gc,heap     ] GC(56) Survivor regions: 19->18(77)
[2025-05-21T12:41:17.913+0000][gc,heap     ] GC(56) Old regions: 45->45
[2025-05-21T12:41:17.913+0000][gc,heap     ] GC(56) Humongous regions: 131->131
[2025-05-21T12:41:17.914+0000][gc,metaspace] GC(56) Metaspace: 16673K(17152K)->16673K(17152K) NonClass: 14746K(14976K)->14746K(14976K) Class: 1927K(2176K)->1927K(2176K)
[2025-05-21T12:41:17.914+0000][gc          ] GC(56) Pause Young (Normal) (G1 Evacuation Pause) 788M->193M(1024M) 9.689ms
[2025-05-21T12:41:17.914+0000][gc,cpu      ] GC(56) User=0.06s Sys=0.00s Real=0.01s
[2025-05-21T12:41:39.452+0000][gc,start    ] GC(57) Pause Young (Normal) (G1 Evacuation Pause)
[2025-05-21T12:41:39.453+0000][gc,task     ] GC(57) Using 10 workers of 10 for evacuation
[2025-05-21T12:41:39.461+0000][gc,phases   ] GC(57)   Pre Evacuate Collection Set: 0.4ms
[2025-05-21T12:41:39.461+0000][gc,phases   ] GC(57)   Merge Heap Roots: 0.3ms
[2025-05-21T12:41:39.461+0000][gc,phases   ] GC(57)   Evacuate Collection Set: 6.2ms
[2025-05-21T12:41:39.461+0000][gc,phases   ] GC(57)   Post Evacuate Collection Set: 1.1ms
[2025-05-21T12:41:39.462+0000][gc,phases   ] GC(57)   Other: 0.4ms
[2025-05-21T12:41:39.462+0000][gc,heap     ] GC(57) Eden regions: 596->0(594)
[2025-05-21T12:41:39.462+0000][gc,heap     ] GC(57) Survivor regions: 18->20(77)
[2025-05-21T12:41:39.462+0000][gc,heap     ] GC(57) Old regions: 45->46
[2025-05-21T12:41:39.462+0000][gc,heap     ] GC(57) Humongous regions: 131->131
[2025-05-21T12:41:39.462+0000][gc,metaspace] GC(57) Metaspace: 16673K(17152K)->16673K(17152K) NonClass: 14746K(14976K)->14746K(14976K) Class: 1927K(2176K)->1927K(2176K)
[2025-05-21T12:41:39.463+0000][gc          ] GC(57) Pause Young (Normal) (G1 Evacuation Pause) 789M->196M(1024M) 10.410ms
[2025-05-21T12:41:39.463+0000][gc,cpu      ] GC(57) User=0.07s Sys=0.00s Real=0.01s
[2025-05-21T12:41:59.864+0000][gc,start    ] GC(58) Pause Young (Normal) (G1 Evacuation Pause)
[2025-05-21T12:41:59.864+0000][gc,task     ] GC(58) Using 10 workers of 10 for evacuation
[2025-05-21T12:41:59.875+0000][gc,phases   ] GC(58)   Pre Evacuate Collection Set: 0.4ms
[2025-05-21T12:41:59.875+0000][gc,phases   ] GC(58)   Merge Heap Roots: 0.2ms
[2025-05-21T12:41:59.875+0000][gc,phases   ] GC(58)   Evacuate Collection Set: 8.8ms
[2025-05-21T12:41:59.875+0000][gc,phases   ] GC(58)   Post Evacuate Collection Set: 1.1ms
[2025-05-21T12:41:59.876+0000][gc,phases   ] GC(58)   Other: 0.3ms
[2025-05-21T12:41:59.876+0000][gc,heap     ] GC(58) Eden regions: 594->0(592)
[2025-05-21T12:41:59.876+0000][gc,heap     ] GC(58) Survivor regions: 20->22(77)
[2025-05-21T12:41:59.876+0000][gc,heap     ] GC(58) Old regions: 46->47
[2025-05-21T12:41:59.876+0000][gc,heap     ] GC(58) Humongous regions: 131->131
[2025-05-21T12:41:59.876+0000][gc,metaspace] GC(58) Metaspace: 16684K(17152K)->16684K(17152K) NonClass: 14757K(14976K)->14757K(14976K) Class: 1927K(2176K)->1927K(2176K)
[2025-05-21T12:41:59.877+0000][gc          ] GC(58) Pause Young (Normal) (G1 Evacuation Pause) 790M->199M(1024M) 12.836ms
[2025-05-21T12:41:59.877+0000][gc,cpu      ] GC(58) User=0.08s Sys=0.00s Real=0.02s
[2025-05-21T12:42:25.167+0000][gc,start    ] GC(59) Pause Young (Normal) (G1 Evacuation Pause)
[2025-05-21T12:42:25.168+0000][gc,task     ] GC(59) Using 10 workers of 10 for evacuation
[2025-05-21T12:42:25.175+0000][gc,phases   ] GC(59)   Pre Evacuate Collection Set: 0.4ms
[2025-05-21T12:42:25.176+0000][gc,phases   ] GC(59)   Merge Heap Roots: 0.2ms
[2025-05-21T12:42:25.176+0000][gc,phases   ] GC(59)   Evacuate Collection Set: 6.0ms
[2025-05-21T12:42:25.177+0000][gc,phases   ] GC(59)   Post Evacuate Collection Set: 1.1ms
[2025-05-21T12:42:25.177+0000][gc,phases   ] GC(59)   Other: 0.3ms
[2025-05-21T12:42:25.177+0000][gc,heap     ] GC(59) Eden regions: 592->0(597)
[2025-05-21T12:42:25.177+0000][gc,heap     ] GC(59) Survivor regions: 22->17(77)
[2025-05-21T12:42:25.177+0000][gc,heap     ] GC(59) Old regions: 47->48
[2025-05-21T12:42:25.178+0000][gc,heap     ] GC(59) Humongous regions: 131->131
[2025-05-21T12:42:25.178+0000][gc,metaspace] GC(59) Metaspace: 16688K(17152K)->16688K(17152K) NonClass: 14760K(14976K)->14760K(14976K) Class: 1927K(2176K)->1927K(2176K)
[2025-05-21T12:42:25.178+0000][gc          ] GC(59) Pause Young (Normal) (G1 Evacuation Pause) 791M->194M(1024M) 10.711ms
[2025-05-21T12:42:25.178+0000][gc,cpu      ] GC(59) User=0.04s Sys=0.02s Real=0.01s
[2025-05-21T12:42:49.334+0000][gc,start    ] GC(60) Pause Young (Normal) (G1 Evacuation Pause)
[2025-05-21T12:42:49.334+0000][gc,task     ] GC(60) Using 10 workers of 10 for evacuation
[2025-05-21T12:42:49.344+0000][gc,phases   ] GC(60)   Pre Evacuate Collection Set: 0.4ms
[2025-05-21T12:42:49.344+0000][gc,phases   ] GC(60)   Merge Heap Roots: 0.2ms
[2025-05-21T12:42:49.345+0000][gc,phases   ] GC(60)   Evacuate Collection Set: 7.6ms
[2025-05-21T12:42:49.345+0000][gc,phases   ] GC(60)   Post Evacuate Collection Set: 1.2ms
[2025-05-21T12:42:49.345+0000][gc,phases   ] GC(60)   Other: 0.4ms
[2025-05-21T12:42:49.345+0000][gc,heap     ] GC(60) Eden regions: 597->0(594)
[2025-05-21T12:42:49.345+0000][gc,heap     ] GC(60) Survivor regions: 17->20(77)
[2025-05-21T12:42:49.345+0000][gc,heap     ] GC(60) Old regions: 48->49
[2025-05-21T12:42:49.346+0000][gc,heap     ] GC(60) Humongous regions: 131->131
[2025-05-21T12:42:49.346+0000][gc,metaspace] GC(60) Metaspace: 16688K(17152K)->16688K(17152K) NonClass: 14760K(14976K)->14760K(14976K) Class: 1927K(2176K)->1927K(2176K)
[2025-05-21T12:42:49.346+0000][gc          ] GC(60) Pause Young (Normal) (G1 Evacuation Pause) 791M->199M(1024M) 12.040ms
[2025-05-21T12:42:49.346+0000][gc,cpu      ] GC(60) User=0.08s Sys=0.00s Real=0.01s
[2025-05-21T12:43:09.692+0000][gc,start    ] GC(61) Pause Young (Normal) (G1 Evacuation Pause)
[2025-05-21T12:43:09.692+0000][gc,task     ] GC(61) Using 10 workers of 10 for evacuation
[2025-05-21T12:43:09.701+0000][gc,phases   ] GC(61)   Pre Evacuate Collection Set: 0.5ms
[2025-05-21T12:43:09.701+0000][gc,phases   ] GC(61)   Merge Heap Roots: 0.2ms
[2025-05-21T12:43:09.701+0000][gc,phases   ] GC(61)   Evacuate Collection Set: 6.7ms
[2025-05-21T12:43:09.702+0000][gc,phases   ] GC(61)   Post Evacuate Collection Set: 1.0ms
[2025-05-21T12:43:09.702+0000][gc,phases   ] GC(61)   Other: 0.3ms
[2025-05-21T12:43:09.702+0000][gc,heap     ] GC(61) Eden regions: 594->0(593)
[2025-05-21T12:43:09.702+0000][gc,heap     ] GC(61) Survivor regions: 20->21(77)
[2025-05-21T12:43:09.702+0000][gc,heap     ] GC(61) Old regions: 49->50
[2025-05-21T12:43:09.702+0000][gc,heap     ] GC(61) Humongous regions: 131->131
[2025-05-21T12:43:09.702+0000][gc,metaspace] GC(61) Metaspace: 16688K(17152K)->16688K(17152K) NonClass: 14760K(14976K)->14760K(14976K) Class: 1927K(2176K)->1927K(2176K)
[2025-05-21T12:43:09.703+0000][gc          ] GC(61) Pause Young (Normal) (G1 Evacuation Pause) 793M->201M(1024M) 10.613ms
[2025-05-21T12:43:09.703+0000][gc,cpu      ] GC(61) User=0.07s Sys=0.00s Real=0.01s
[2025-05-21T12:43:32.869+0000][gc,start    ] GC(62) Pause Young (Normal) (G1 Evacuation Pause)
[2025-05-21T12:43:32.869+0000][gc,task     ] GC(62) Using 10 workers of 10 for evacuation
[2025-05-21T12:43:32.876+0000][gc,phases   ] GC(62)   Pre Evacuate Collection Set: 0.4ms
[2025-05-21T12:43:32.876+0000][gc,phases   ] GC(62)   Merge Heap Roots: 0.2ms
[2025-05-21T12:43:32.876+0000][gc,phases   ] GC(62)   Evacuate Collection Set: 4.5ms
[2025-05-21T12:43:32.876+0000][gc,phases   ] GC(62)   Post Evacuate Collection Set: 1.0ms
[2025-05-21T12:43:32.877+0000][gc,phases   ] GC(62)   Other: 0.3ms
[2025-05-21T12:43:32.877+0000][gc,heap     ] GC(62) Eden regions: 593->0(599)
[2025-05-21T12:43:32.877+0000][gc,heap     ] GC(62) Survivor regions: 21->15(77)
[2025-05-21T12:43:32.877+0000][gc,heap     ] GC(62) Old regions: 50->50
[2025-05-21T12:43:32.877+0000][gc,heap     ] GC(62) Humongous regions: 131->131
[2025-05-21T12:43:32.877+0000][gc,metaspace] GC(62) Metaspace: 16692K(17152K)->16692K(17152K) NonClass: 14765K(14976K)->14765K(14976K) Class: 1927K(2176K)->1927K(2176K)
[2025-05-21T12:43:32.878+0000][gc          ] GC(62) Pause Young (Normal) (G1 Evacuation Pause) 794M->195M(1024M) 8.460ms
[2025-05-21T12:43:32.878+0000][gc,cpu      ] GC(62) User=0.04s Sys=0.00s Real=0.01s
[2025-05-21T12:43:59.226+0000][gc,start    ] GC(63) Pause Young (Normal) (G1 Evacuation Pause)
[2025-05-21T12:43:59.226+0000][gc,task     ] GC(63) Using 10 workers of 10 for evacuation
[2025-05-21T12:43:59.236+0000][gc,phases   ] GC(63)   Pre Evacuate Collection Set: 0.3ms
[2025-05-21T12:43:59.236+0000][gc,phases   ] GC(63)   Merge Heap Roots: 0.2ms
[2025-05-21T12:43:59.236+0000][gc,phases   ] GC(63)   Evacuate Collection Set: 8.0ms
[2025-05-21T12:43:59.237+0000][gc,phases   ] GC(63)   Post Evacuate Collection Set: 1.2ms
[2025-05-21T12:43:59.237+0000][gc,phases   ] GC(63)   Other: 0.4ms
[2025-05-21T12:43:59.237+0000][gc,heap     ] GC(63) Eden regions: 599->0(594)
[2025-05-21T12:43:59.237+0000][gc,heap     ] GC(63) Survivor regions: 15->20(77)
[2025-05-21T12:43:59.237+0000][gc,heap     ] GC(63) Old regions: 50->51
[2025-05-21T12:43:59.237+0000][gc,heap     ] GC(63) Humongous regions: 131->131
[2025-05-21T12:43:59.237+0000][gc,metaspace] GC(63) Metaspace: 16712K(17152K)->16712K(17152K) NonClass: 14785K(14976K)->14785K(14976K) Class: 1927K(2176K)->1927K(2176K)
[2025-05-21T12:43:59.238+0000][gc          ] GC(63) Pause Young (Normal) (G1 Evacuation Pause) 794M->201M(1024M) 12.128ms
[2025-05-21T12:43:59.238+0000][gc,cpu      ] GC(63) User=0.08s Sys=0.00s Real=0.01s
[2025-05-21T12:44:19.549+0000][gc,start    ] GC(64) Pause Young (Normal) (G1 Evacuation Pause)
[2025-05-21T12:44:19.550+0000][gc,task     ] GC(64) Using 10 workers of 10 for evacuation
[2025-05-21T12:44:19.558+0000][gc,phases   ] GC(64)   Pre Evacuate Collection Set: 0.3ms
[2025-05-21T12:44:19.558+0000][gc,phases   ] GC(64)   Merge Heap Roots: 0.2ms
[2025-05-21T12:44:19.558+0000][gc,phases   ] GC(64)   Evacuate Collection Set: 6.4ms
[2025-05-21T12:44:19.559+0000][gc,phases   ] GC(64)   Post Evacuate Collection Set: 1.1ms
[2025-05-21T12:44:19.559+0000][gc,phases   ] GC(64)   Other: 0.3ms
[2025-05-21T12:44:19.559+0000][gc,heap     ] GC(64) Eden regions: 594->0(593)
[2025-05-21T12:44:19.560+0000][gc,heap     ] GC(64) Survivor regions: 20->21(77)
[2025-05-21T12:44:19.560+0000][gc,heap     ] GC(64) Old regions: 51->52
[2025-05-21T12:44:19.560+0000][gc,heap     ] GC(64) Humongous regions: 131->131
[2025-05-21T12:44:19.560+0000][gc,metaspace] GC(64) Metaspace: 16713K(17152K)->16713K(17152K) NonClass: 14785K(14976K)->14785K(14976K) Class: 1927K(2176K)->1927K(2176K)
[2025-05-21T12:44:19.560+0000][gc          ] GC(64) Pause Young (Normal) (G1 Evacuation Pause) 795M->202M(1024M) 10.881ms
[2025-05-21T12:44:19.560+0000][gc,cpu      ] GC(64) User=0.05s Sys=0.01s Real=0.01s
[2025-05-21T12:44:40.123+0000][gc,start    ] GC(65) Pause Young (Normal) (G1 Evacuation Pause)
[2025-05-21T12:44:40.124+0000][gc,task     ] GC(65) Using 10 workers of 10 for evacuation
[2025-05-21T12:44:40.132+0000][gc,phases   ] GC(65)   Pre Evacuate Collection Set: 0.4ms
[2025-05-21T12:44:40.133+0000][gc,phases   ] GC(65)   Merge Heap Roots: 0.2ms
[2025-05-21T12:44:40.133+0000][gc,phases   ] GC(65)   Evacuate Collection Set: 6.6ms
[2025-05-21T12:44:40.133+0000][gc,phases   ] GC(65)   Post Evacuate Collection Set: 1.2ms
[2025-05-21T12:44:40.133+0000][gc,phases   ] GC(65)   Other: 0.3ms
[2025-05-21T12:44:40.133+0000][gc,heap     ] GC(65) Eden regions: 593->0(600)
[2025-05-21T12:44:40.133+0000][gc,heap     ] GC(65) Survivor regions: 21->14(77)
[2025-05-21T12:44:40.134+0000][gc,heap     ] GC(65) Old regions: 52->53
[2025-05-21T12:44:40.134+0000][gc,heap     ] GC(65) Humongous regions: 131->131
[2025-05-21T12:44:40.134+0000][gc,metaspace] GC(65) Metaspace: 16714K(17152K)->16714K(17152K) NonClass: 14787K(14976K)->14787K(14976K) Class: 1927K(2176K)->1927K(2176K)
[2025-05-21T12:44:40.134+0000][gc          ] GC(65) Pause Young (Normal) (G1 Evacuation Pause) 795M->197M(1024M) 10.827ms
[2025-05-21T12:44:40.134+0000][gc,cpu      ] GC(65) User=0.05s Sys=0.00s Real=0.01s
[2025-05-21T12:45:07.280+0000][gc,start    ] GC(66) Pause Young (Normal) (G1 Evacuation Pause)
[2025-05-21T12:45:07.281+0000][gc,task     ] GC(66) Using 10 workers of 10 for evacuation
[2025-05-21T12:45:07.290+0000][gc,phases   ] GC(66)   Pre Evacuate Collection Set: 0.4ms
[2025-05-21T12:45:07.290+0000][gc,phases   ] GC(66)   Merge Heap Roots: 0.2ms
[2025-05-21T12:45:07.290+0000][gc,phases   ] GC(66)   Evacuate Collection Set: 7.1ms
[2025-05-21T12:45:07.291+0000][gc,phases   ] GC(66)   Post Evacuate Collection Set: 1.2ms
[2025-05-21T12:45:07.291+0000][gc,phases   ] GC(66)   Other: 0.3ms
[2025-05-21T12:45:07.291+0000][gc,heap     ] GC(66) Eden regions: 600->0(595)
[2025-05-21T12:45:07.291+0000][gc,heap     ] GC(66) Survivor regions: 14->19(77)
[2025-05-21T12:45:07.291+0000][gc,heap     ] GC(66) Old regions: 53->54
[2025-05-21T12:45:07.291+0000][gc,heap     ] GC(66) Humongous regions: 131->131
[2025-05-21T12:45:07.291+0000][gc,metaspace] GC(66) Metaspace: 16714K(17152K)->16714K(17152K) NonClass: 14787K(14976K)->14787K(14976K) Class: 1927K(2176K)->1927K(2176K)
[2025-05-21T12:45:07.292+0000][gc          ] GC(66) Pause Young (Normal) (G1 Evacuation Pause) 797M->202M(1024M) 11.163ms
[2025-05-21T12:45:07.292+0000][gc,cpu      ] GC(66) User=0.06s Sys=0.02s Real=0.01s
[2025-05-21T12:45:29.381+0000][gc,start    ] GC(67) Pause Young (Normal) (G1 Evacuation Pause)
[2025-05-21T12:45:29.381+0000][gc,task     ] GC(67) Using 10 workers of 10 for evacuation
[2025-05-21T12:45:29.390+0000][gc,phases   ] GC(67)   Pre Evacuate Collection Set: 0.3ms
[2025-05-21T12:45:29.390+0000][gc,phases   ] GC(67)   Merge Heap Roots: 0.2ms
[2025-05-21T12:45:29.390+0000][gc,phases   ] GC(67)   Evacuate Collection Set: 6.7ms
[2025-05-21T12:45:29.390+0000][gc,phases   ] GC(67)   Post Evacuate Collection Set: 1.1ms
[2025-05-21T12:45:29.390+0000][gc,phases   ] GC(67)   Other: 0.2ms
[2025-05-21T12:45:29.391+0000][gc,heap     ] GC(67) Eden regions: 595->0(599)
[2025-05-21T12:45:29.391+0000][gc,heap     ] GC(67) Survivor regions: 19->15(77)
[2025-05-21T12:45:29.391+0000][gc,heap     ] GC(67) Old regions: 54->55
[2025-05-21T12:45:29.391+0000][gc,heap     ] GC(67) Humongous regions: 131->131
[2025-05-21T12:45:29.391+0000][gc,metaspace] GC(67) Metaspace: 16718K(17152K)->16718K(17152K) NonClass: 14790K(14976K)->14790K(14976K) Class: 1927K(2176K)->1927K(2176K)
[2025-05-21T12:45:29.391+0000][gc          ] GC(67) Pause Young (Normal) (G1 Evacuation Pause) 797M->200M(1024M) 10.548ms
[2025-05-21T12:45:29.392+0000][gc,cpu      ] GC(67) User=0.05s Sys=0.01s Real=0.01s
[2025-05-21T12:45:49.726+0000][gc,start    ] GC(68) Pause Young (Normal) (G1 Evacuation Pause)
[2025-05-21T12:45:49.727+0000][gc,task     ] GC(68) Using 10 workers of 10 for evacuation
[2025-05-21T12:45:49.742+0000][gc,phases   ] GC(68)   Pre Evacuate Collection Set: 0.4ms
[2025-05-21T12:45:49.743+0000][gc,phases   ] GC(68)   Merge Heap Roots: 0.2ms
[2025-05-21T12:45:49.743+0000][gc,phases   ] GC(68)   Evacuate Collection Set: 12.6ms
[2025-05-21T12:45:49.743+0000][gc,phases   ] GC(68)   Post Evacuate Collection Set: 2.2ms
[2025-05-21T12:45:49.744+0000][gc,phases   ] GC(68)   Other: 0.4ms
[2025-05-21T12:45:49.744+0000][gc,heap     ] GC(68) Eden regions: 599->0(596)
[2025-05-21T12:45:49.744+0000][gc,heap     ] GC(68) Survivor regions: 15->18(77)
[2025-05-21T12:45:49.745+0000][gc,heap     ] GC(68) Old regions: 55->56
[2025-05-21T12:45:49.745+0000][gc,heap     ] GC(68) Humongous regions: 131->131
[2025-05-21T12:45:49.745+0000][gc,metaspace] GC(68) Metaspace: 16725K(17152K)->16725K(17152K) NonClass: 14797K(14976K)->14797K(14976K) Class: 1927K(2176K)->1927K(2176K)
[2025-05-21T12:45:49.745+0000][gc          ] GC(68) Pause Young (Normal) (G1 Evacuation Pause) 799M->204M(1024M) 19.023ms
[2025-05-21T12:45:49.747+0000][gc,cpu      ] GC(68) User=0.08s Sys=0.00s Real=0.02s
[2025-05-21T12:46:13.171+0000][gc,start    ] GC(69) Pause Young (Normal) (G1 Evacuation Pause)
[2025-05-21T12:46:13.171+0000][gc,task     ] GC(69) Using 10 workers of 10 for evacuation
[2025-05-21T12:46:13.182+0000][gc,phases   ] GC(69)   Pre Evacuate Collection Set: 0.4ms
[2025-05-21T12:46:13.182+0000][gc,phases   ] GC(69)   Merge Heap Roots: 0.2ms
[2025-05-21T12:46:13.182+0000][gc,phases   ] GC(69)   Evacuate Collection Set: 8.1ms
[2025-05-21T12:46:13.182+0000][gc,phases   ] GC(69)   Post Evacuate Collection Set: 1.1ms
[2025-05-21T12:46:13.182+0000][gc,phases   ] GC(69)   Other: 0.3ms
[2025-05-21T12:46:13.182+0000][gc,heap     ] GC(69) Eden regions: 596->0(596)
[2025-05-21T12:46:13.183+0000][gc,heap     ] GC(69) Survivor regions: 18->18(77)
[2025-05-21T12:46:13.183+0000][gc,heap     ] GC(69) Old regions: 56->57
[2025-05-21T12:46:13.183+0000][gc,heap     ] GC(69) Humongous regions: 131->131
[2025-05-21T12:46:13.183+0000][gc,metaspace] GC(69) Metaspace: 16727K(17152K)->16727K(17152K) NonClass: 14799K(14976K)->14799K(14976K) Class: 1927K(2176K)->1927K(2176K)
[2025-05-21T12:46:13.183+0000][gc          ] GC(69) Pause Young (Normal) (G1 Evacuation Pause) 800M->204M(1024M) 12.159ms
[2025-05-21T12:46:13.183+0000][gc,cpu      ] GC(69) User=0.08s Sys=0.01s Real=0.01s
[2025-05-21T12:46:39.249+0000][gc,start    ] GC(70) Pause Young (Normal) (G1 Evacuation Pause)
[2025-05-21T12:46:39.249+0000][gc,task     ] GC(70) Using 10 workers of 10 for evacuation
[2025-05-21T12:46:39.259+0000][gc,phases   ] GC(70)   Pre Evacuate Collection Set: 0.4ms
[2025-05-21T12:46:39.260+0000][gc,phases   ] GC(70)   Merge Heap Roots: 0.2ms
[2025-05-21T12:46:39.260+0000][gc,phases   ] GC(70)   Evacuate Collection Set: 7.4ms
[2025-05-21T12:46:39.260+0000][gc,phases   ] GC(70)   Post Evacuate Collection Set: 1.5ms
[2025-05-21T12:46:39.260+0000][gc,phases   ] GC(70)   Other: 0.3ms
[2025-05-21T12:46:39.260+0000][gc,heap     ] GC(70) Eden regions: 596->0(597)
[2025-05-21T12:46:39.260+0000][gc,heap     ] GC(70) Survivor regions: 18->17(77)
[2025-05-21T12:46:39.260+0000][gc,heap     ] GC(70) Old regions: 57->57
[2025-05-21T12:46:39.261+0000][gc,heap     ] GC(70) Humongous regions: 131->131
[2025-05-21T12:46:39.261+0000][gc,metaspace] GC(70) Metaspace: 16731K(17152K)->16731K(17152K) NonClass: 14803K(14976K)->14803K(14976K) Class: 1927K(2176K)->1927K(2176K)
[2025-05-21T12:46:39.261+0000][gc          ] GC(70) Pause Young (Normal) (G1 Evacuation Pause) 800M->204M(1024M) 11.879ms
[2025-05-21T12:46:39.261+0000][gc,cpu      ] GC(70) User=0.08s Sys=0.00s Real=0.01s
[2025-05-21T12:46:59.507+0000][gc,start    ] GC(71) Pause Young (Normal) (G1 Evacuation Pause)
[2025-05-21T12:46:59.508+0000][gc,task     ] GC(71) Using 10 workers of 10 for evacuation
[2025-05-21T12:46:59.516+0000][gc,phases   ] GC(71)   Pre Evacuate Collection Set: 0.4ms
[2025-05-21T12:46:59.516+0000][gc,phases   ] GC(71)   Merge Heap Roots: 0.2ms
[2025-05-21T12:46:59.517+0000][gc,phases   ] GC(71)   Evacuate Collection Set: 6.7ms
[2025-05-21T12:46:59.517+0000][gc,phases   ] GC(71)   Post Evacuate Collection Set: 1.1ms
[2025-05-21T12:46:59.517+0000][gc,phases   ] GC(71)   Other: 0.2ms
[2025-05-21T12:46:59.517+0000][gc,heap     ] GC(71) Eden regions: 597->0(595)
[2025-05-21T12:46:59.517+0000][gc,heap     ] GC(71) Survivor regions: 17->19(77)
[2025-05-21T12:46:59.517+0000][gc,heap     ] GC(71) Old regions: 57->58
[2025-05-21T12:46:59.518+0000][gc,heap     ] GC(71) Humongous regions: 131->131
[2025-05-21T12:46:59.518+0000][gc,metaspace] GC(71) Metaspace: 16737K(17152K)->16737K(17152K) NonClass: 14810K(14976K)->14810K(14976K) Class: 1927K(2176K)->1927K(2176K)
[2025-05-21T12:46:59.518+0000][gc          ] GC(71) Pause Young (Normal) (G1 Evacuation Pause) 801M->207M(1024M) 10.599ms
[2025-05-21T12:46:59.518+0000][gc,cpu      ] GC(71) User=0.07s Sys=0.00s Real=0.01s
[2025-05-21T12:47:19.845+0000][gc,start    ] GC(72) Pause Young (Normal) (G1 Evacuation Pause)
[2025-05-21T12:47:19.845+0000][gc,task     ] GC(72) Using 10 workers of 10 for evacuation
[2025-05-21T12:47:19.855+0000][gc,phases   ] GC(72)   Pre Evacuate Collection Set: 0.4ms
[2025-05-21T12:47:19.855+0000][gc,phases   ] GC(72)   Merge Heap Roots: 0.2ms
[2025-05-21T12:47:19.856+0000][gc,phases   ] GC(72)   Evacuate Collection Set: 8.2ms
[2025-05-21T12:47:19.856+0000][gc,phases   ] GC(72)   Post Evacuate Collection Set: 1.1ms
[2025-05-21T12:47:19.856+0000][gc,phases   ] GC(72)   Other: 0.3ms
[2025-05-21T12:47:19.856+0000][gc,heap     ] GC(72) Eden regions: 595->0(593)
[2025-05-21T12:47:19.856+0000][gc,heap     ] GC(72) Survivor regions: 19->21(77)
[2025-05-21T12:47:19.856+0000][gc,heap     ] GC(72) Old regions: 58->59
[2025-05-21T12:47:19.857+0000][gc,heap     ] GC(72) Humongous regions: 131->131
[2025-05-21T12:47:19.857+0000][gc,metaspace] GC(72) Metaspace: 16772K(17152K)->16772K(17152K) NonClass: 14844K(14976K)->14844K(14976K) Class: 1927K(2176K)->1927K(2176K)
[2025-05-21T12:47:19.857+0000][gc          ] GC(72) Pause Young (Normal) (G1 Evacuation Pause) 802M->210M(1024M) 12.285ms
[2025-05-21T12:47:19.857+0000][gc,cpu      ] GC(72) User=0.08s Sys=0.00s Real=0.01s
[2025-05-21T12:47:45.266+0000][gc,start    ] GC(73) Pause Young (Normal) (G1 Evacuation Pause)
[2025-05-21T12:47:45.267+0000][gc,task     ] GC(73) Using 10 workers of 10 for evacuation
[2025-05-21T12:47:45.274+0000][gc,phases   ] GC(73)   Pre Evacuate Collection Set: 0.4ms
[2025-05-21T12:47:45.274+0000][gc,phases   ] GC(73)   Merge Heap Roots: 0.2ms
[2025-05-21T12:47:45.274+0000][gc,phases   ] GC(73)   Evacuate Collection Set: 5.1ms
[2025-05-21T12:47:45.274+0000][gc,phases   ] GC(73)   Post Evacuate Collection Set: 1.1ms
[2025-05-21T12:47:45.274+0000][gc,phases   ] GC(73)   Other: 0.2ms
[2025-05-21T12:47:45.275+0000][gc,heap     ] GC(73) Eden regions: 593->0(598)
[2025-05-21T12:47:45.275+0000][gc,heap     ] GC(73) Survivor regions: 21->16(77)
[2025-05-21T12:47:45.275+0000][gc,heap     ] GC(73) Old regions: 59->60
[2025-05-21T12:47:45.275+0000][gc,heap     ] GC(73) Humongous regions: 131->131
[2025-05-21T12:47:45.275+0000][gc,metaspace] GC(73) Metaspace: 16783K(17152K)->16783K(17152K) NonClass: 14856K(14976K)->14856K(14976K) Class: 1927K(2176K)->1927K(2176K)
[2025-05-21T12:47:45.275+0000][gc          ] GC(73) Pause Young (Normal) (G1 Evacuation Pause) 803M->206M(1024M) 8.846ms
[2025-05-21T12:47:45.275+0000][gc,cpu      ] GC(73) User=0.05s Sys=0.00s Real=0.01s
[2025-05-21T12:47:58.903+0000][gc,heap,exit] Heap
[2025-05-21T12:47:58.904+0000][gc,heap,exit]  garbage-first heap   total 1048576K, used 511516K [0x00000000c0000000, 0x0000000100000000)
[2025-05-21T12:47:58.904+0000][gc,heap,exit]   region size 1024K, 309 young (316416K), 16 survivors (16384K)
[2025-05-21T12:47:58.904+0000][gc,heap,exit]  Metaspace       used 17506K, committed 17856K, reserved 1114112K
[2025-05-21T12:47:58.904+0000][gc,heap,exit]   class space    used 2096K, committed 2304K, reserved 1048576K
