[2025-05-24T01:07:52.081+0000][gc,init] CardTable entry size: 512
[2025-05-24T01:07:52.084+0000][gc     ] Using G1
[2025-05-24T01:07:52.095+0000][gc,init] Version: 21.0.4+7-LTS (release)
[2025-05-24T01:07:52.102+0000][gc,init] CPUs: 12 total, 12 available
[2025-05-24T01:07:52.102+0000][gc,init] Memory: 15597M
[2025-05-24T01:07:52.104+0000][gc,init] Large Page Support: Disabled
[2025-05-24T01:07:52.104+0000][gc,init] NUMA Support: Disabled
[2025-05-24T01:07:52.104+0000][gc,init] Compressed Oops: Enabled (32-bit)
[2025-05-24T01:07:52.105+0000][gc,init] Heap Region Size: 1M
[2025-05-24T01:07:52.108+0000][gc,init] Heap Min Capacity: 1G
[2025-05-24T01:07:52.109+0000][gc,init] Heap Initial Capacity: 1G
[2025-05-24T01:07:52.112+0000][gc,init] Heap Max Capacity: 1G
[2025-05-24T01:07:52.112+0000][gc,init] Pre-touch: Disabled
[2025-05-24T01:07:52.112+0000][gc,init] Parallel Workers: 10
[2025-05-24T01:07:52.112+0000][gc,init] Concurrent Workers: 3
[2025-05-24T01:07:52.112+0000][gc,init] Concurrent Refinement Workers: 10
[2025-05-24T01:07:52.113+0000][gc,init] Periodic GC: Disabled
[2025-05-24T01:07:52.180+0000][gc,metaspace] CDS archive(s) mapped at: [0x00007f95c2000000-0x00007f95c2bbe000-0x00007f95c5674000), size 57098240, SharedBaseAddress: 0x00007f95c2000000, ArchiveRelocationMode: 1.
[2025-05-24T01:07:52.191+0000][gc,metaspace] Compressed class space mapped at: 0x00007f95c6000000-0x00007f9606000000, reserved size: 1073741824
[2025-05-24T01:07:52.192+0000][gc,metaspace] Narrow klass base: 0x00007f95c2000000, Narrow klass shift: 0, Narrow klass range: 0x100000000
[2025-05-24T01:07:56.434+0000][gc,start    ] GC(0) Pause Young (Normal) (G1 Evacuation Pause)
[2025-05-24T01:07:56.442+0000][gc,task     ] GC(0) Using 10 workers of 10 for evacuation
[2025-05-24T01:07:56.491+0000][gc,phases   ] GC(0)   Pre Evacuate Collection Set: 0.3ms
[2025-05-24T01:07:56.492+0000][gc,phases   ] GC(0)   Merge Heap Roots: 0.1ms
[2025-05-24T01:07:56.492+0000][gc,phases   ] GC(0)   Evacuate Collection Set: 46.5ms
[2025-05-24T01:07:56.492+0000][gc,phases   ] GC(0)   Post Evacuate Collection Set: 1.8ms
[2025-05-24T01:07:56.492+0000][gc,phases   ] GC(0)   Other: 8.5ms
[2025-05-24T01:07:56.493+0000][gc,heap     ] GC(0) Eden regions: 51->0(45)
[2025-05-24T01:07:56.493+0000][gc,heap     ] GC(0) Survivor regions: 0->7(7)
[2025-05-24T01:07:56.493+0000][gc,heap     ] GC(0) Old regions: 1->5
[2025-05-24T01:07:56.493+0000][gc,heap     ] GC(0) Humongous regions: 1->1
[2025-05-24T01:07:56.493+0000][gc,metaspace] GC(0) Metaspace: 5784K(6080K)->5784K(6080K) NonClass: 5081K(5248K)->5081K(5248K) Class: 703K(832K)->703K(832K)
[2025-05-24T01:07:56.494+0000][gc          ] GC(0) Pause Young (Normal) (G1 Evacuation Pause) 52M->12M(1024M) 60.000ms
[2025-05-24T01:07:56.494+0000][gc,cpu      ] GC(0) User=0.07s Sys=0.03s Real=0.06s
[2025-05-24T01:08:04.810+0000][gc,start    ] GC(1) Pause Young (Normal) (G1 Evacuation Pause)
[2025-05-24T01:08:04.811+0000][gc,task     ] GC(1) Using 10 workers of 10 for evacuation
[2025-05-24T01:08:04.831+0000][gc,phases   ] GC(1)   Pre Evacuate Collection Set: 0.5ms
[2025-05-24T01:08:04.832+0000][gc,phases   ] GC(1)   Merge Heap Roots: 0.2ms
[2025-05-24T01:08:04.836+0000][gc,phases   ] GC(1)   Evacuate Collection Set: 17.7ms
[2025-05-24T01:08:04.837+0000][gc,phases   ] GC(1)   Post Evacuate Collection Set: 1.8ms
[2025-05-24T01:08:04.837+0000][gc,phases   ] GC(1)   Other: 0.4ms
[2025-05-24T01:08:04.837+0000][gc,heap     ] GC(1) Eden regions: 45->0(47)
[2025-05-24T01:08:04.837+0000][gc,heap     ] GC(1) Survivor regions: 7->7(7)
[2025-05-24T01:08:04.838+0000][gc,heap     ] GC(1) Old regions: 5->13
[2025-05-24T01:08:04.838+0000][gc,heap     ] GC(1) Humongous regions: 130->130
[2025-05-24T01:08:04.838+0000][gc,metaspace] GC(1) Metaspace: 10029K(10368K)->10029K(10368K) NonClass: 8682K(8896K)->8682K(8896K) Class: 1347K(1472K)->1347K(1472K)
[2025-05-24T01:08:04.838+0000][gc          ] GC(1) Pause Young (Normal) (G1 Evacuation Pause) 186M->149M(1024M) 27.848ms
[2025-05-24T01:08:04.838+0000][gc,cpu      ] GC(1) User=0.08s Sys=0.00s Real=0.02s
[2025-05-24T01:08:06.034+0000][gc,start    ] GC(2) Pause Young (Normal) (G1 Evacuation Pause)
[2025-05-24T01:08:06.034+0000][gc,task     ] GC(2) Using 10 workers of 10 for evacuation
[2025-05-24T01:08:06.043+0000][gc,phases   ] GC(2)   Pre Evacuate Collection Set: 0.3ms
[2025-05-24T01:08:06.044+0000][gc,phases   ] GC(2)   Merge Heap Roots: 0.1ms
[2025-05-24T01:08:06.044+0000][gc,phases   ] GC(2)   Evacuate Collection Set: 7.9ms
[2025-05-24T01:08:06.044+0000][gc,phases   ] GC(2)   Post Evacuate Collection Set: 0.9ms
[2025-05-24T01:08:06.044+0000][gc,phases   ] GC(2)   Other: 0.3ms
[2025-05-24T01:08:06.044+0000][gc,heap     ] GC(2) Eden regions: 47->0(122)
[2025-05-24T01:08:06.044+0000][gc,heap     ] GC(2) Survivor regions: 7->3(7)
[2025-05-24T01:08:06.045+0000][gc,heap     ] GC(2) Old regions: 13->20
[2025-05-24T01:08:06.045+0000][gc,heap     ] GC(2) Humongous regions: 130->130
[2025-05-24T01:08:06.045+0000][gc,metaspace] GC(2) Metaspace: 10840K(11200K)->10840K(11200K) NonClass: 9402K(9600K)->9402K(9600K) Class: 1437K(1600K)->1437K(1600K)
[2025-05-24T01:08:06.045+0000][gc          ] GC(2) Pause Young (Normal) (G1 Evacuation Pause) 196M->152M(1024M) 11.735ms
[2025-05-24T01:08:06.045+0000][gc,cpu      ] GC(2) User=0.06s Sys=0.00s Real=0.01s
[2025-05-24T01:08:14.145+0000][gc,start    ] GC(3) Pause Young (Normal) (G1 Evacuation Pause)
[2025-05-24T01:08:14.146+0000][gc,task     ] GC(3) Using 10 workers of 10 for evacuation
[2025-05-24T01:08:14.155+0000][gc,phases   ] GC(3)   Pre Evacuate Collection Set: 0.3ms
[2025-05-24T01:08:14.155+0000][gc,phases   ] GC(3)   Merge Heap Roots: 0.3ms
[2025-05-24T01:08:14.155+0000][gc,phases   ] GC(3)   Evacuate Collection Set: 5.7ms
[2025-05-24T01:08:14.155+0000][gc,phases   ] GC(3)   Post Evacuate Collection Set: 2.3ms
[2025-05-24T01:08:14.156+0000][gc,phases   ] GC(3)   Other: 0.3ms
[2025-05-24T01:08:14.156+0000][gc,heap     ] GC(3) Eden regions: 123->0(539)
[2025-05-24T01:08:14.156+0000][gc,heap     ] GC(3) Survivor regions: 3->3(16)
[2025-05-24T01:08:14.156+0000][gc,heap     ] GC(3) Old regions: 20->20
[2025-05-24T01:08:14.157+0000][gc,heap     ] GC(3) Humongous regions: 131->130
[2025-05-24T01:08:14.157+0000][gc,metaspace] GC(3) Metaspace: 11720K(12096K)->11720K(12096K) NonClass: 10185K(10368K)->10185K(10368K) Class: 1535K(1728K)->1535K(1728K)
[2025-05-24T01:08:14.157+0000][gc          ] GC(3) Pause Young (Normal) (G1 Evacuation Pause) 276M->152M(1024M) 11.919ms
[2025-05-24T01:08:14.158+0000][gc,cpu      ] GC(3) User=0.00s Sys=0.03s Real=0.01s
[2025-05-24T01:08:22.174+0000][gc,heap,exit] Heap
[2025-05-24T01:08:22.174+0000][gc,heap,exit]  garbage-first heap   total 1048576K, used 326012K [0x00000000c0000000, 0x0000000100000000)
[2025-05-24T01:08:22.174+0000][gc,heap,exit]   region size 1024K, 169 young (173056K), 3 survivors (3072K)
[2025-05-24T01:08:22.175+0000][gc,heap,exit]  Metaspace       used 12785K, committed 13120K, reserved 1114112K
[2025-05-24T01:08:22.175+0000][gc,heap,exit]   class space    used 1728K, committed 1920K, reserved 1048576K
