[2025-05-24T00:28:26.256+0000][gc,init] CardTable entry size: 512
[2025-05-24T00:28:26.257+0000][gc     ] Using G1
[2025-05-24T00:28:26.267+0000][gc,init] Version: 21.0.4+7-LTS (release)
[2025-05-24T00:28:26.269+0000][gc,init] CPUs: 12 total, 12 available
[2025-05-24T00:28:26.269+0000][gc,init] Memory: 15597M
[2025-05-24T00:28:26.270+0000][gc,init] Large Page Support: Disabled
[2025-05-24T00:28:26.270+0000][gc,init] NUMA Support: Disabled
[2025-05-24T00:28:26.270+0000][gc,init] Compressed Oops: Enabled (32-bit)
[2025-05-24T00:28:26.271+0000][gc,init] Heap Region Size: 1M
[2025-05-24T00:28:26.271+0000][gc,init] Heap Min Capacity: 1G
[2025-05-24T00:28:26.271+0000][gc,init] Heap Initial Capacity: 1G
[2025-05-24T00:28:26.272+0000][gc,init] Heap Max Capacity: 1G
[2025-05-24T00:28:26.272+0000][gc,init] Pre-touch: Disabled
[2025-05-24T00:28:26.273+0000][gc,init] Parallel Workers: 10
[2025-05-24T00:28:26.273+0000][gc,init] Concurrent Workers: 3
[2025-05-24T00:28:26.273+0000][gc,init] Concurrent Refinement Workers: 10
[2025-05-24T00:28:26.275+0000][gc,init] Periodic GC: Disabled
[2025-05-24T00:28:26.361+0000][gc,metaspace] CDS archive(s) mapped at: [0x00007f9f05000000-0x00007f9f05bbe000-0x00007f9f08674000), size 57098240, SharedBaseAddress: 0x00007f9f05000000, ArchiveRelocationMode: 1.
[2025-05-24T00:28:26.361+0000][gc,metaspace] Compressed class space mapped at: 0x00007f9f09000000-0x00007f9f49000000, reserved size: 1073741824
[2025-05-24T00:28:26.362+0000][gc,metaspace] Narrow klass base: 0x00007f9f05000000, Narrow klass shift: 0, Narrow klass range: 0x100000000
[2025-05-24T00:28:30.402+0000][gc,start    ] GC(0) Pause Young (Normal) (G1 Evacuation Pause)
[2025-05-24T00:28:30.404+0000][gc,task     ] GC(0) Using 10 workers of 10 for evacuation
[2025-05-24T00:28:30.437+0000][gc,phases   ] GC(0)   Pre Evacuate Collection Set: 0.3ms
[2025-05-24T00:28:30.438+0000][gc,phases   ] GC(0)   Merge Heap Roots: 0.1ms
[2025-05-24T00:28:30.440+0000][gc,phases   ] GC(0)   Evacuate Collection Set: 29.8ms
[2025-05-24T00:28:30.440+0000][gc,phases   ] GC(0)   Post Evacuate Collection Set: 3.0ms
[2025-05-24T00:28:30.441+0000][gc,phases   ] GC(0)   Other: 1.6ms
[2025-05-24T00:28:30.441+0000][gc,heap     ] GC(0) Eden regions: 51->0(44)
[2025-05-24T00:28:30.442+0000][gc,heap     ] GC(0) Survivor regions: 0->7(7)
[2025-05-24T00:28:30.442+0000][gc,heap     ] GC(0) Old regions: 1->7
[2025-05-24T00:28:30.442+0000][gc,heap     ] GC(0) Humongous regions: 1->1
[2025-05-24T00:28:30.443+0000][gc,metaspace] GC(0) Metaspace: 5626K(5824K)->5626K(5824K) NonClass: 4975K(5120K)->4975K(5120K) Class: 650K(704K)->650K(704K)
[2025-05-24T00:28:30.443+0000][gc          ] GC(0) Pause Young (Normal) (G1 Evacuation Pause) 52M->14M(1024M) 41.939ms
[2025-05-24T00:28:30.443+0000][gc,cpu      ] GC(0) User=0.10s Sys=0.01s Real=0.04s
[2025-05-24T00:28:35.150+0000][gc,start    ] GC(1) Pause Young (Normal) (G1 Evacuation Pause)
[2025-05-24T00:28:35.151+0000][gc,task     ] GC(1) Using 10 workers of 10 for evacuation
[2025-05-24T00:28:35.161+0000][gc,phases   ] GC(1)   Pre Evacuate Collection Set: 0.4ms
[2025-05-24T00:28:35.161+0000][gc,phases   ] GC(1)   Merge Heap Roots: 0.1ms
[2025-05-24T00:28:35.161+0000][gc,phases   ] GC(1)   Evacuate Collection Set: 8.0ms
[2025-05-24T00:28:35.161+0000][gc,phases   ] GC(1)   Post Evacuate Collection Set: 1.1ms
[2025-05-24T00:28:35.162+0000][gc,phases   ] GC(1)   Other: 0.4ms
[2025-05-24T00:28:35.162+0000][gc,heap     ] GC(1) Eden regions: 44->0(47)
[2025-05-24T00:28:35.162+0000][gc,heap     ] GC(1) Survivor regions: 7->5(7)
[2025-05-24T00:28:35.162+0000][gc,heap     ] GC(1) Old regions: 7->15
[2025-05-24T00:28:35.163+0000][gc,heap     ] GC(1) Humongous regions: 130->130
[2025-05-24T00:28:35.163+0000][gc,metaspace] GC(1) Metaspace: 7801K(8000K)->7801K(8000K) NonClass: 6808K(6912K)->6808K(6912K) Class: 993K(1088K)->993K(1088K)
[2025-05-24T00:28:35.163+0000][gc          ] GC(1) Pause Young (Normal) (G1 Evacuation Pause) 187M->148M(1024M) 12.889ms
[2025-05-24T00:28:35.163+0000][gc,cpu      ] GC(1) User=0.04s Sys=0.01s Real=0.01s
[2025-05-24T00:28:35.568+0000][gc,start    ] GC(2) Pause Young (Normal) (G1 Evacuation Pause)
[2025-05-24T00:28:35.569+0000][gc,task     ] GC(2) Using 10 workers of 10 for evacuation
[2025-05-24T00:28:35.578+0000][gc,phases   ] GC(2)   Pre Evacuate Collection Set: 0.4ms
[2025-05-24T00:28:35.578+0000][gc,phases   ] GC(2)   Merge Heap Roots: 0.2ms
[2025-05-24T00:28:35.578+0000][gc,phases   ] GC(2)   Evacuate Collection Set: 7.2ms
[2025-05-24T00:28:35.578+0000][gc,phases   ] GC(2)   Post Evacuate Collection Set: 0.9ms
[2025-05-24T00:28:35.578+0000][gc,phases   ] GC(2)   Other: 0.3ms
[2025-05-24T00:28:35.579+0000][gc,heap     ] GC(2) Eden regions: 53->0(413)
[2025-05-24T00:28:35.579+0000][gc,heap     ] GC(2) Survivor regions: 5->6(8)
[2025-05-24T00:28:35.579+0000][gc,heap     ] GC(2) Old regions: 15->15
[2025-05-24T00:28:35.579+0000][gc,heap     ] GC(2) Humongous regions: 130->130
[2025-05-24T00:28:35.579+0000][gc,metaspace] GC(2) Metaspace: 8009K(8256K)->8009K(8256K) NonClass: 6975K(7104K)->6975K(7104K) Class: 1033K(1152K)->1033K(1152K)
[2025-05-24T00:28:35.580+0000][gc          ] GC(2) Pause Young (Normal) (G1 Evacuation Pause) 201M->150M(1024M) 11.283ms
[2025-05-24T00:28:35.580+0000][gc,cpu      ] GC(2) User=0.04s Sys=0.00s Real=0.01s
[2025-05-24T00:29:05.131+0000][gc,start    ] GC(3) Pause Young (Normal) (G1 Evacuation Pause)
[2025-05-24T00:29:05.132+0000][gc,task     ] GC(3) Using 10 workers of 10 for evacuation
[2025-05-24T00:29:05.150+0000][gc,phases   ] GC(3)   Pre Evacuate Collection Set: 0.6ms
[2025-05-24T00:29:05.151+0000][gc,phases   ] GC(3)   Merge Heap Roots: 0.3ms
[2025-05-24T00:29:05.151+0000][gc,phases   ] GC(3)   Evacuate Collection Set: 14.8ms
[2025-05-24T00:29:05.152+0000][gc,phases   ] GC(3)   Post Evacuate Collection Set: 2.4ms
[2025-05-24T00:29:05.152+0000][gc,phases   ] GC(3)   Other: 0.6ms
[2025-05-24T00:29:05.152+0000][gc,heap     ] GC(3) Eden regions: 459->0(603)
[2025-05-24T00:29:05.152+0000][gc,heap     ] GC(3) Survivor regions: 6->11(59)
[2025-05-24T00:29:05.153+0000][gc,heap     ] GC(3) Old regions: 15->15
[2025-05-24T00:29:05.153+0000][gc,heap     ] GC(3) Humongous regions: 132->130
[2025-05-24T00:29:05.153+0000][gc,metaspace] GC(3) Metaspace: 13036K(13440K)->13036K(13440K) NonClass: 11285K(11456K)->11285K(11456K) Class: 1751K(1984K)->1751K(1984K)
[2025-05-24T00:29:05.154+0000][gc          ] GC(3) Pause Young (Normal) (G1 Evacuation Pause) 611M->154M(1024M) 22.274ms
[2025-05-24T00:29:05.154+0000][gc,cpu      ] GC(3) User=0.09s Sys=0.02s Real=0.02s
[2025-05-24T00:29:44.986+0000][gc,start    ] GC(4) Pause Young (Normal) (G1 Evacuation Pause)
[2025-05-24T00:29:44.987+0000][gc,task     ] GC(4) Using 10 workers of 10 for evacuation
[2025-05-24T00:29:45.005+0000][gc,phases   ] GC(4)   Pre Evacuate Collection Set: 0.5ms
[2025-05-24T00:29:45.006+0000][gc,phases   ] GC(4)   Merge Heap Roots: 0.3ms
[2025-05-24T00:29:45.006+0000][gc,phases   ] GC(4)   Evacuate Collection Set: 15.1ms
[2025-05-24T00:29:45.006+0000][gc,phases   ] GC(4)   Post Evacuate Collection Set: 2.1ms
[2025-05-24T00:29:45.006+0000][gc,phases   ] GC(4)   Other: 0.6ms
[2025-05-24T00:29:45.006+0000][gc,heap     ] GC(4) Eden regions: 603->0(602)
[2025-05-24T00:29:45.007+0000][gc,heap     ] GC(4) Survivor regions: 11->12(77)
[2025-05-24T00:29:45.007+0000][gc,heap     ] GC(4) Old regions: 15->15
[2025-05-24T00:29:45.007+0000][gc,heap     ] GC(4) Humongous regions: 130->130
[2025-05-24T00:29:45.008+0000][gc,metaspace] GC(4) Metaspace: 13621K(14016K)->13621K(14016K) NonClass: 11863K(12032K)->11863K(12032K) Class: 1757K(1984K)->1757K(1984K)
[2025-05-24T00:29:45.008+0000][gc          ] GC(4) Pause Young (Normal) (G1 Evacuation Pause) 757M->155M(1024M) 21.994ms
[2025-05-24T00:29:45.008+0000][gc,cpu      ] GC(4) User=0.08s Sys=0.01s Real=0.02s
[2025-05-24T00:30:24.795+0000][gc,start    ] GC(5) Pause Young (Normal) (G1 Evacuation Pause)
[2025-05-24T00:30:24.798+0000][gc,task     ] GC(5) Using 10 workers of 10 for evacuation
[2025-05-24T00:30:24.808+0000][gc,phases   ] GC(5)   Pre Evacuate Collection Set: 0.7ms
[2025-05-24T00:30:24.808+0000][gc,phases   ] GC(5)   Merge Heap Roots: 0.3ms
[2025-05-24T00:30:24.809+0000][gc,phases   ] GC(5)   Evacuate Collection Set: 6.5ms
[2025-05-24T00:30:24.809+0000][gc,phases   ] GC(5)   Post Evacuate Collection Set: 2.1ms
[2025-05-24T00:30:24.809+0000][gc,phases   ] GC(5)   Other: 0.5ms
[2025-05-24T00:30:24.809+0000][gc,heap     ] GC(5) Eden regions: 602->0(602)
[2025-05-24T00:30:24.810+0000][gc,heap     ] GC(5) Survivor regions: 12->12(77)
[2025-05-24T00:30:24.810+0000][gc,heap     ] GC(5) Old regions: 15->15
[2025-05-24T00:30:24.810+0000][gc,heap     ] GC(5) Humongous regions: 130->130
[2025-05-24T00:30:24.810+0000][gc,metaspace] GC(5) Metaspace: 14072K(14464K)->14072K(14464K) NonClass: 12310K(12480K)->12310K(12480K) Class: 1761K(1984K)->1761K(1984K)
[2025-05-24T00:30:24.811+0000][gc          ] GC(5) Pause Young (Normal) (G1 Evacuation Pause) 757M->156M(1024M) 16.247ms
[2025-05-24T00:30:24.812+0000][gc,cpu      ] GC(5) User=0.06s Sys=0.00s Real=0.01s
[2025-05-24T00:30:55.174+0000][gc,start    ] GC(6) Pause Young (Normal) (G1 Evacuation Pause)
[2025-05-24T00:30:55.174+0000][gc,task     ] GC(6) Using 10 workers of 10 for evacuation
[2025-05-24T00:30:55.182+0000][gc,phases   ] GC(6)   Pre Evacuate Collection Set: 0.4ms
[2025-05-24T00:30:55.182+0000][gc,phases   ] GC(6)   Merge Heap Roots: 0.2ms
[2025-05-24T00:30:55.182+0000][gc,phases   ] GC(6)   Evacuate Collection Set: 5.0ms
[2025-05-24T00:30:55.183+0000][gc,phases   ] GC(6)   Post Evacuate Collection Set: 1.9ms
[2025-05-24T00:30:55.183+0000][gc,phases   ] GC(6)   Other: 0.3ms
[2025-05-24T00:30:55.183+0000][gc,heap     ] GC(6) Eden regions: 602->0(601)
[2025-05-24T00:30:55.183+0000][gc,heap     ] GC(6) Survivor regions: 12->13(77)
[2025-05-24T00:30:55.183+0000][gc,heap     ] GC(6) Old regions: 15->15
[2025-05-24T00:30:55.184+0000][gc,heap     ] GC(6) Humongous regions: 130->130
[2025-05-24T00:30:55.184+0000][gc,metaspace] GC(6) Metaspace: 14737K(15104K)->14737K(15104K) NonClass: 12956K(13120K)->12956K(13120K) Class: 1781K(1984K)->1781K(1984K)
[2025-05-24T00:30:55.184+0000][gc          ] GC(6) Pause Young (Normal) (G1 Evacuation Pause) 758M->157M(1024M) 10.068ms
[2025-05-24T00:30:55.184+0000][gc,cpu      ] GC(6) User=0.04s Sys=0.01s Real=0.01s
[2025-05-24T00:31:25.288+0000][gc,start    ] GC(7) Pause Young (Normal) (G1 Evacuation Pause)
[2025-05-24T00:31:25.289+0000][gc,task     ] GC(7) Using 10 workers of 10 for evacuation
[2025-05-24T00:31:25.306+0000][gc,phases   ] GC(7)   Pre Evacuate Collection Set: 0.9ms
[2025-05-24T00:31:25.306+0000][gc,phases   ] GC(7)   Merge Heap Roots: 0.4ms
[2025-05-24T00:31:25.306+0000][gc,phases   ] GC(7)   Evacuate Collection Set: 13.2ms
[2025-05-24T00:31:25.307+0000][gc,phases   ] GC(7)   Post Evacuate Collection Set: 2.2ms
[2025-05-24T00:31:25.307+0000][gc,phases   ] GC(7)   Other: 0.5ms
[2025-05-24T00:31:25.307+0000][gc,heap     ] GC(7) Eden regions: 601->0(598)
[2025-05-24T00:31:25.307+0000][gc,heap     ] GC(7) Survivor regions: 13->16(77)
[2025-05-24T00:31:25.307+0000][gc,heap     ] GC(7) Old regions: 15->15
[2025-05-24T00:31:25.307+0000][gc,heap     ] GC(7) Humongous regions: 131->130
[2025-05-24T00:31:25.308+0000][gc,metaspace] GC(7) Metaspace: 15225K(15616K)->15225K(15616K) NonClass: 13430K(13632K)->13430K(13632K) Class: 1795K(1984K)->1795K(1984K)
[2025-05-24T00:31:25.308+0000][gc          ] GC(7) Pause Young (Normal) (G1 Evacuation Pause) 759M->160M(1024M) 19.513ms
[2025-05-24T00:31:25.308+0000][gc,cpu      ] GC(7) User=0.04s Sys=0.09s Real=0.02s
[2025-05-24T00:31:55.299+0000][gc,start    ] GC(8) Pause Young (Normal) (G1 Evacuation Pause)
[2025-05-24T00:31:55.300+0000][gc,task     ] GC(8) Using 10 workers of 10 for evacuation
[2025-05-24T00:31:55.311+0000][gc,phases   ] GC(8)   Pre Evacuate Collection Set: 0.6ms
[2025-05-24T00:31:55.312+0000][gc,phases   ] GC(8)   Merge Heap Roots: 0.3ms
[2025-05-24T00:31:55.312+0000][gc,phases   ] GC(8)   Evacuate Collection Set: 8.1ms
[2025-05-24T00:31:55.312+0000][gc,phases   ] GC(8)   Post Evacuate Collection Set: 2.3ms
[2025-05-24T00:31:55.312+0000][gc,phases   ] GC(8)   Other: 0.5ms
[2025-05-24T00:31:55.313+0000][gc,heap     ] GC(8) Eden regions: 598->0(597)
[2025-05-24T00:31:55.313+0000][gc,heap     ] GC(8) Survivor regions: 16->17(77)
[2025-05-24T00:31:55.313+0000][gc,heap     ] GC(8) Old regions: 15->15
[2025-05-24T00:31:55.313+0000][gc,heap     ] GC(8) Humongous regions: 130->130
[2025-05-24T00:31:55.314+0000][gc,metaspace] GC(8) Metaspace: 15462K(15872K)->15462K(15872K) NonClass: 13665K(13824K)->13665K(13824K) Class: 1796K(2048K)->1796K(2048K)
[2025-05-24T00:31:55.314+0000][gc          ] GC(8) Pause Young (Normal) (G1 Evacuation Pause) 758M->160M(1024M) 14.563ms
[2025-05-24T00:31:55.314+0000][gc,cpu      ] GC(8) User=0.07s Sys=0.01s Real=0.01s
[2025-05-24T00:32:34.885+0000][gc,start    ] GC(9) Pause Young (Normal) (G1 Evacuation Pause)
[2025-05-24T00:32:34.885+0000][gc,task     ] GC(9) Using 10 workers of 10 for evacuation
[2025-05-24T00:32:34.896+0000][gc,phases   ] GC(9)   Pre Evacuate Collection Set: 0.5ms
[2025-05-24T00:32:34.896+0000][gc,phases   ] GC(9)   Merge Heap Roots: 0.2ms
[2025-05-24T00:32:34.896+0000][gc,phases   ] GC(9)   Evacuate Collection Set: 7.6ms
[2025-05-24T00:32:34.896+0000][gc,phases   ] GC(9)   Post Evacuate Collection Set: 1.8ms
[2025-05-24T00:32:34.897+0000][gc,phases   ] GC(9)   Other: 0.3ms
[2025-05-24T00:32:34.897+0000][gc,heap     ] GC(9) Eden regions: 597->0(598)
[2025-05-24T00:32:34.897+0000][gc,heap     ] GC(9) Survivor regions: 17->16(77)
[2025-05-24T00:32:34.897+0000][gc,heap     ] GC(9) Old regions: 15->15
[2025-05-24T00:32:34.897+0000][gc,heap     ] GC(9) Humongous regions: 130->130
[2025-05-24T00:32:34.897+0000][gc,metaspace] GC(9) Metaspace: 15536K(16000K)->15536K(16000K) NonClass: 13738K(13952K)->13738K(13952K) Class: 1797K(2048K)->1797K(2048K)
[2025-05-24T00:32:34.897+0000][gc          ] GC(9) Pause Young (Normal) (G1 Evacuation Pause) 757M->160M(1024M) 12.403ms
[2025-05-24T00:32:34.898+0000][gc,cpu      ] GC(9) User=0.05s Sys=0.02s Real=0.01s
[2025-05-24T00:33:05.695+0000][gc,start    ] GC(10) Pause Young (Normal) (G1 Evacuation Pause)
[2025-05-24T00:33:05.695+0000][gc,task     ] GC(10) Using 10 workers of 10 for evacuation
[2025-05-24T00:33:05.710+0000][gc,phases   ] GC(10)   Pre Evacuate Collection Set: 0.6ms
[2025-05-24T00:33:05.710+0000][gc,phases   ] GC(10)   Merge Heap Roots: 0.3ms
[2025-05-24T00:33:05.711+0000][gc,phases   ] GC(10)   Evacuate Collection Set: 11.8ms
[2025-05-24T00:33:05.711+0000][gc,phases   ] GC(10)   Post Evacuate Collection Set: 1.7ms
[2025-05-24T00:33:05.711+0000][gc,phases   ] GC(10)   Other: 0.4ms
[2025-05-24T00:33:05.711+0000][gc,heap     ] GC(10) Eden regions: 598->0(594)
[2025-05-24T00:33:05.712+0000][gc,heap     ] GC(10) Survivor regions: 16->20(77)
[2025-05-24T00:33:05.712+0000][gc,heap     ] GC(10) Old regions: 15->15
[2025-05-24T00:33:05.712+0000][gc,heap     ] GC(10) Humongous regions: 130->130
[2025-05-24T00:33:05.712+0000][gc,metaspace] GC(10) Metaspace: 15612K(16064K)->15612K(16064K) NonClass: 13812K(14016K)->13812K(14016K) Class: 1799K(2048K)->1799K(2048K)
[2025-05-24T00:33:05.713+0000][gc          ] GC(10) Pause Young (Normal) (G1 Evacuation Pause) 758M->164M(1024M) 17.568ms
[2025-05-24T00:33:05.713+0000][gc,cpu      ] GC(10) User=0.11s Sys=0.00s Real=0.01s
[2025-05-24T00:33:45.176+0000][gc,start    ] GC(11) Pause Young (Normal) (G1 Evacuation Pause)
[2025-05-24T00:33:45.176+0000][gc,task     ] GC(11) Using 10 workers of 10 for evacuation
[2025-05-24T00:33:45.190+0000][gc,phases   ] GC(11)   Pre Evacuate Collection Set: 0.5ms
[2025-05-24T00:33:45.190+0000][gc,phases   ] GC(11)   Merge Heap Roots: 0.3ms
[2025-05-24T00:33:45.190+0000][gc,phases   ] GC(11)   Evacuate Collection Set: 9.7ms
[2025-05-24T00:33:45.190+0000][gc,phases   ] GC(11)   Post Evacuate Collection Set: 2.3ms
[2025-05-24T00:33:45.190+0000][gc,phases   ] GC(11)   Other: 0.4ms
[2025-05-24T00:33:45.191+0000][gc,heap     ] GC(11) Eden regions: 594->0(600)
[2025-05-24T00:33:45.191+0000][gc,heap     ] GC(11) Survivor regions: 20->14(77)
[2025-05-24T00:33:45.191+0000][gc,heap     ] GC(11) Old regions: 15->15
[2025-05-24T00:33:45.191+0000][gc,heap     ] GC(11) Humongous regions: 130->130
[2025-05-24T00:33:45.191+0000][gc,metaspace] GC(11) Metaspace: 15650K(16064K)->15650K(16064K) NonClass: 13849K(14016K)->13849K(14016K) Class: 1801K(2048K)->1801K(2048K)
[2025-05-24T00:33:45.192+0000][gc          ] GC(11) Pause Young (Normal) (G1 Evacuation Pause) 758M->158M(1024M) 15.866ms
[2025-05-24T00:33:45.192+0000][gc,cpu      ] GC(11) User=0.07s Sys=0.00s Real=0.02s
[2025-05-24T00:34:24.724+0000][gc,start    ] GC(12) Pause Young (Normal) (G1 Evacuation Pause)
[2025-05-24T00:34:24.724+0000][gc,task     ] GC(12) Using 10 workers of 10 for evacuation
[2025-05-24T00:34:24.742+0000][gc,phases   ] GC(12)   Pre Evacuate Collection Set: 1.6ms
[2025-05-24T00:34:24.742+0000][gc,phases   ] GC(12)   Merge Heap Roots: 0.4ms
[2025-05-24T00:34:24.743+0000][gc,phases   ] GC(12)   Evacuate Collection Set: 12.5ms
[2025-05-24T00:34:24.743+0000][gc,phases   ] GC(12)   Post Evacuate Collection Set: 2.6ms
[2025-05-24T00:34:24.744+0000][gc,phases   ] GC(12)   Other: 0.4ms
[2025-05-24T00:34:24.744+0000][gc,heap     ] GC(12) Eden regions: 600->0(600)
[2025-05-24T00:34:24.745+0000][gc,heap     ] GC(12) Survivor regions: 14->14(77)
[2025-05-24T00:34:24.745+0000][gc,heap     ] GC(12) Old regions: 15->15
[2025-05-24T00:34:24.746+0000][gc,heap     ] GC(12) Humongous regions: 130->130
[2025-05-24T00:34:24.746+0000][gc,metaspace] GC(12) Metaspace: 15718K(16128K)->15718K(16128K) NonClass: 13909K(14080K)->13909K(14080K) Class: 1808K(2048K)->1808K(2048K)
[2025-05-24T00:34:24.747+0000][gc          ] GC(12) Pause Young (Normal) (G1 Evacuation Pause) 758M->157M(1024M) 22.680ms
[2025-05-24T00:34:24.747+0000][gc,cpu      ] GC(12) User=0.11s Sys=0.00s Real=0.02s
[2025-05-24T00:34:55.141+0000][gc,start    ] GC(13) Pause Young (Normal) (G1 Evacuation Pause)
[2025-05-24T00:34:55.141+0000][gc,task     ] GC(13) Using 10 workers of 10 for evacuation
[2025-05-24T00:34:55.152+0000][gc,phases   ] GC(13)   Pre Evacuate Collection Set: 0.5ms
[2025-05-24T00:34:55.152+0000][gc,phases   ] GC(13)   Merge Heap Roots: 0.3ms
[2025-05-24T00:34:55.152+0000][gc,phases   ] GC(13)   Evacuate Collection Set: 7.4ms
[2025-05-24T00:34:55.152+0000][gc,phases   ] GC(13)   Post Evacuate Collection Set: 2.1ms
[2025-05-24T00:34:55.153+0000][gc,phases   ] GC(13)   Other: 0.4ms
[2025-05-24T00:34:55.153+0000][gc,heap     ] GC(13) Eden regions: 600->0(597)
[2025-05-24T00:34:55.153+0000][gc,heap     ] GC(13) Survivor regions: 14->17(77)
[2025-05-24T00:34:55.153+0000][gc,heap     ] GC(13) Old regions: 15->15
[2025-05-24T00:34:55.153+0000][gc,heap     ] GC(13) Humongous regions: 131->130
[2025-05-24T00:34:55.154+0000][gc,metaspace] GC(13) Metaspace: 16058K(16512K)->16058K(16512K) NonClass: 14183K(14400K)->14183K(14400K) Class: 1874K(2112K)->1874K(2112K)
[2025-05-24T00:34:55.154+0000][gc          ] GC(13) Pause Young (Normal) (G1 Evacuation Pause) 758M->161M(1024M) 13.239ms
[2025-05-24T00:34:55.154+0000][gc,cpu      ] GC(13) User=0.07s Sys=0.00s Real=0.01s
[2025-05-24T00:35:34.804+0000][gc,start    ] GC(14) Pause Young (Normal) (G1 Evacuation Pause)
[2025-05-24T00:35:34.805+0000][gc,task     ] GC(14) Using 10 workers of 10 for evacuation
[2025-05-24T00:35:34.814+0000][gc,phases   ] GC(14)   Pre Evacuate Collection Set: 0.5ms
[2025-05-24T00:35:34.814+0000][gc,phases   ] GC(14)   Merge Heap Roots: 0.2ms
[2025-05-24T00:35:34.814+0000][gc,phases   ] GC(14)   Evacuate Collection Set: 6.5ms
[2025-05-24T00:35:34.814+0000][gc,phases   ] GC(14)   Post Evacuate Collection Set: 1.4ms
[2025-05-24T00:35:34.814+0000][gc,phases   ] GC(14)   Other: 0.3ms
[2025-05-24T00:35:34.815+0000][gc,heap     ] GC(14) Eden regions: 597->0(598)
[2025-05-24T00:35:34.815+0000][gc,heap     ] GC(14) Survivor regions: 17->16(77)
[2025-05-24T00:35:34.815+0000][gc,heap     ] GC(14) Old regions: 15->15
[2025-05-24T00:35:34.815+0000][gc,heap     ] GC(14) Humongous regions: 130->130
[2025-05-24T00:35:34.815+0000][gc,metaspace] GC(14) Metaspace: 16182K(16576K)->16182K(16576K) NonClass: 14286K(14464K)->14286K(14464K) Class: 1895K(2112K)->1895K(2112K)
[2025-05-24T00:35:34.815+0000][gc          ] GC(14) Pause Young (Normal) (G1 Evacuation Pause) 758M->160M(1024M) 11.060ms
[2025-05-24T00:35:34.816+0000][gc,cpu      ] GC(14) User=0.04s Sys=0.01s Real=0.02s
[2025-05-24T00:36:05.275+0000][gc,start    ] GC(15) Pause Young (Normal) (G1 Evacuation Pause)
[2025-05-24T00:36:05.275+0000][gc,task     ] GC(15) Using 10 workers of 10 for evacuation
[2025-05-24T00:36:05.285+0000][gc,phases   ] GC(15)   Pre Evacuate Collection Set: 0.5ms
[2025-05-24T00:36:05.286+0000][gc,phases   ] GC(15)   Merge Heap Roots: 0.2ms
[2025-05-24T00:36:05.286+0000][gc,phases   ] GC(15)   Evacuate Collection Set: 7.1ms
[2025-05-24T00:36:05.286+0000][gc,phases   ] GC(15)   Post Evacuate Collection Set: 1.8ms
[2025-05-24T00:36:05.286+0000][gc,phases   ] GC(15)   Other: 0.4ms
[2025-05-24T00:36:05.286+0000][gc,heap     ] GC(15) Eden regions: 598->0(595)
[2025-05-24T00:36:05.286+0000][gc,heap     ] GC(15) Survivor regions: 16->19(77)
[2025-05-24T00:36:05.286+0000][gc,heap     ] GC(15) Old regions: 15->15
[2025-05-24T00:36:05.287+0000][gc,heap     ] GC(15) Humongous regions: 130->130
[2025-05-24T00:36:05.287+0000][gc,metaspace] GC(15) Metaspace: 16262K(16640K)->16262K(16640K) NonClass: 14363K(14528K)->14363K(14528K) Class: 1899K(2112K)->1899K(2112K)
[2025-05-24T00:36:05.287+0000][gc          ] GC(15) Pause Young (Normal) (G1 Evacuation Pause) 758M->163M(1024M) 12.059ms
[2025-05-24T00:36:05.287+0000][gc,cpu      ] GC(15) User=0.06s Sys=0.01s Real=0.01s
[2025-05-24T00:36:44.999+0000][gc,start    ] GC(16) Pause Young (Normal) (G1 Evacuation Pause)
[2025-05-24T00:36:44.999+0000][gc,task     ] GC(16) Using 10 workers of 10 for evacuation
[2025-05-24T00:36:45.013+0000][gc,phases   ] GC(16)   Pre Evacuate Collection Set: 0.5ms
[2025-05-24T00:36:45.013+0000][gc,phases   ] GC(16)   Merge Heap Roots: 0.3ms
[2025-05-24T00:36:45.014+0000][gc,phases   ] GC(16)   Evacuate Collection Set: 10.3ms
[2025-05-24T00:36:45.014+0000][gc,phases   ] GC(16)   Post Evacuate Collection Set: 2.3ms
[2025-05-24T00:36:45.014+0000][gc,phases   ] GC(16)   Other: 0.4ms
[2025-05-24T00:36:45.014+0000][gc,heap     ] GC(16) Eden regions: 595->0(602)
[2025-05-24T00:36:45.015+0000][gc,heap     ] GC(16) Survivor regions: 19->12(77)
[2025-05-24T00:36:45.015+0000][gc,heap     ] GC(16) Old regions: 15->18
[2025-05-24T00:36:45.015+0000][gc,heap     ] GC(16) Humongous regions: 130->130
[2025-05-24T00:36:45.015+0000][gc,metaspace] GC(16) Metaspace: 16333K(16768K)->16333K(16768K) NonClass: 14431K(14656K)->14431K(14656K) Class: 1902K(2112K)->1902K(2112K)
[2025-05-24T00:36:45.016+0000][gc          ] GC(16) Pause Young (Normal) (G1 Evacuation Pause) 758M->159M(1024M) 16.462ms
[2025-05-24T00:36:45.016+0000][gc,cpu      ] GC(16) User=0.09s Sys=0.01s Real=0.02s
[2025-05-24T00:37:15.376+0000][gc,start    ] GC(17) Pause Young (Normal) (G1 Evacuation Pause)
[2025-05-24T00:37:15.377+0000][gc,task     ] GC(17) Using 10 workers of 10 for evacuation
[2025-05-24T00:37:15.387+0000][gc,phases   ] GC(17)   Pre Evacuate Collection Set: 0.4ms
[2025-05-24T00:37:15.387+0000][gc,phases   ] GC(17)   Merge Heap Roots: 0.2ms
[2025-05-24T00:37:15.387+0000][gc,phases   ] GC(17)   Evacuate Collection Set: 7.7ms
[2025-05-24T00:37:15.388+0000][gc,phases   ] GC(17)   Post Evacuate Collection Set: 1.9ms
[2025-05-24T00:37:15.388+0000][gc,phases   ] GC(17)   Other: 0.4ms
[2025-05-24T00:37:15.388+0000][gc,heap     ] GC(17) Eden regions: 602->0(600)
[2025-05-24T00:37:15.388+0000][gc,heap     ] GC(17) Survivor regions: 12->14(77)
[2025-05-24T00:37:15.388+0000][gc,heap     ] GC(17) Old regions: 18->19
[2025-05-24T00:37:15.389+0000][gc,heap     ] GC(17) Humongous regions: 131->130
[2025-05-24T00:37:15.389+0000][gc,metaspace] GC(17) Metaspace: 16397K(16768K)->16397K(16768K) NonClass: 14495K(14656K)->14495K(14656K) Class: 1902K(2112K)->1902K(2112K)
[2025-05-24T00:37:15.389+0000][gc          ] GC(17) Pause Young (Normal) (G1 Evacuation Pause) 762M->162M(1024M) 12.787ms
[2025-05-24T00:37:15.389+0000][gc,cpu      ] GC(17) User=0.07s Sys=0.00s Real=0.01s
[2025-05-24T00:37:55.216+0000][gc,start    ] GC(18) Pause Young (Normal) (G1 Evacuation Pause)
[2025-05-24T00:37:55.216+0000][gc,task     ] GC(18) Using 10 workers of 10 for evacuation
[2025-05-24T00:37:55.230+0000][gc,phases   ] GC(18)   Pre Evacuate Collection Set: 0.7ms
[2025-05-24T00:37:55.230+0000][gc,phases   ] GC(18)   Merge Heap Roots: 0.3ms
[2025-05-24T00:37:55.230+0000][gc,phases   ] GC(18)   Evacuate Collection Set: 10.0ms
[2025-05-24T00:37:55.230+0000][gc,phases   ] GC(18)   Post Evacuate Collection Set: 1.8ms
[2025-05-24T00:37:55.231+0000][gc,phases   ] GC(18)   Other: 0.4ms
[2025-05-24T00:37:55.231+0000][gc,heap     ] GC(18) Eden regions: 600->0(605)
[2025-05-24T00:37:55.231+0000][gc,heap     ] GC(18) Survivor regions: 14->9(77)
[2025-05-24T00:37:55.232+0000][gc,heap     ] GC(18) Old regions: 19->23
[2025-05-24T00:37:55.232+0000][gc,heap     ] GC(18) Humongous regions: 130->130
[2025-05-24T00:37:55.232+0000][gc,metaspace] GC(18) Metaspace: 16420K(16768K)->16420K(16768K) NonClass: 14517K(14656K)->14517K(14656K) Class: 1902K(2112K)->1902K(2112K)
[2025-05-24T00:37:55.232+0000][gc          ] GC(18) Pause Young (Normal) (G1 Evacuation Pause) 762M->161M(1024M) 16.221ms
[2025-05-24T00:37:55.232+0000][gc,cpu      ] GC(18) User=0.09s Sys=0.01s Real=0.02s
[2025-05-24T00:38:34.931+0000][gc,start    ] GC(19) Pause Young (Normal) (G1 Evacuation Pause)
[2025-05-24T00:38:34.931+0000][gc,task     ] GC(19) Using 10 workers of 10 for evacuation
[2025-05-24T00:38:34.944+0000][gc,phases   ] GC(19)   Pre Evacuate Collection Set: 1.4ms
[2025-05-24T00:38:34.944+0000][gc,phases   ] GC(19)   Merge Heap Roots: 0.3ms
[2025-05-24T00:38:34.944+0000][gc,phases   ] GC(19)   Evacuate Collection Set: 8.7ms
[2025-05-24T00:38:34.944+0000][gc,phases   ] GC(19)   Post Evacuate Collection Set: 1.6ms
[2025-05-24T00:38:34.944+0000][gc,phases   ] GC(19)   Other: 0.4ms
[2025-05-24T00:38:34.945+0000][gc,heap     ] GC(19) Eden regions: 605->0(605)
[2025-05-24T00:38:34.945+0000][gc,heap     ] GC(19) Survivor regions: 9->9(77)
[2025-05-24T00:38:34.945+0000][gc,heap     ] GC(19) Old regions: 23->24
[2025-05-24T00:38:34.945+0000][gc,heap     ] GC(19) Humongous regions: 130->130
[2025-05-24T00:38:34.945+0000][gc,metaspace] GC(19) Metaspace: 16439K(16832K)->16439K(16832K) NonClass: 14534K(14720K)->14534K(14720K) Class: 1904K(2112K)->1904K(2112K)
[2025-05-24T00:38:34.945+0000][gc          ] GC(19) Pause Young (Normal) (G1 Evacuation Pause) 766M->162M(1024M) 14.499ms
[2025-05-24T00:38:34.946+0000][gc,cpu      ] GC(19) User=0.05s Sys=0.02s Real=0.01s
[2025-05-24T00:39:05.416+0000][gc,start    ] GC(20) Pause Young (Normal) (G1 Evacuation Pause)
[2025-05-24T00:39:05.416+0000][gc,task     ] GC(20) Using 10 workers of 10 for evacuation
[2025-05-24T00:39:05.423+0000][gc,phases   ] GC(20)   Pre Evacuate Collection Set: 0.5ms
[2025-05-24T00:39:05.423+0000][gc,phases   ] GC(20)   Merge Heap Roots: 0.2ms
[2025-05-24T00:39:05.423+0000][gc,phases   ] GC(20)   Evacuate Collection Set: 3.7ms
[2025-05-24T00:39:05.423+0000][gc,phases   ] GC(20)   Post Evacuate Collection Set: 1.4ms
[2025-05-24T00:39:05.424+0000][gc,phases   ] GC(20)   Other: 0.4ms
[2025-05-24T00:39:05.424+0000][gc,heap     ] GC(20) Eden regions: 605->0(605)
[2025-05-24T00:39:05.424+0000][gc,heap     ] GC(20) Survivor regions: 9->9(77)
[2025-05-24T00:39:05.424+0000][gc,heap     ] GC(20) Old regions: 24->24
[2025-05-24T00:39:05.425+0000][gc,heap     ] GC(20) Humongous regions: 130->130
[2025-05-24T00:39:05.425+0000][gc,metaspace] GC(20) Metaspace: 16523K(16960K)->16523K(16960K) NonClass: 14613K(14784K)->14613K(14784K) Class: 1910K(2176K)->1910K(2176K)
[2025-05-24T00:39:05.425+0000][gc          ] GC(20) Pause Young (Normal) (G1 Evacuation Pause) 767M->161M(1024M) 9.243ms
[2025-05-24T00:39:05.425+0000][gc,cpu      ] GC(20) User=0.02s Sys=0.02s Real=0.01s
[2025-05-24T00:39:45.426+0000][gc,start    ] GC(21) Pause Young (Normal) (G1 Evacuation Pause)
[2025-05-24T00:39:45.426+0000][gc,task     ] GC(21) Using 10 workers of 10 for evacuation
[2025-05-24T00:39:45.432+0000][gc,phases   ] GC(21)   Pre Evacuate Collection Set: 0.4ms
[2025-05-24T00:39:45.432+0000][gc,phases   ] GC(21)   Merge Heap Roots: 0.2ms
[2025-05-24T00:39:45.433+0000][gc,phases   ] GC(21)   Evacuate Collection Set: 3.2ms
[2025-05-24T00:39:45.433+0000][gc,phases   ] GC(21)   Post Evacuate Collection Set: 1.3ms
[2025-05-24T00:39:45.433+0000][gc,phases   ] GC(21)   Other: 0.5ms
[2025-05-24T00:39:45.433+0000][gc,heap     ] GC(21) Eden regions: 605->0(606)
[2025-05-24T00:39:45.434+0000][gc,heap     ] GC(21) Survivor regions: 9->8(77)
[2025-05-24T00:39:45.434+0000][gc,heap     ] GC(21) Old regions: 24->24
[2025-05-24T00:39:45.434+0000][gc,heap     ] GC(21) Humongous regions: 130->130
[2025-05-24T00:39:45.434+0000][gc,metaspace] GC(21) Metaspace: 16539K(16960K)->16539K(16960K) NonClass: 14629K(14784K)->14629K(14784K) Class: 1910K(2176K)->1910K(2176K)
[2025-05-24T00:39:45.435+0000][gc          ] GC(21) Pause Young (Normal) (G1 Evacuation Pause) 766M->161M(1024M) 8.570ms
[2025-05-24T00:39:45.435+0000][gc,cpu      ] GC(21) User=0.02s Sys=0.00s Real=0.01s
[2025-05-24T00:40:25.026+0000][gc,start    ] GC(22) Pause Young (Normal) (G1 Evacuation Pause)
[2025-05-24T00:40:25.026+0000][gc,task     ] GC(22) Using 10 workers of 10 for evacuation
[2025-05-24T00:40:25.032+0000][gc,phases   ] GC(22)   Pre Evacuate Collection Set: 0.5ms
[2025-05-24T00:40:25.033+0000][gc,phases   ] GC(22)   Merge Heap Roots: 0.3ms
[2025-05-24T00:40:25.033+0000][gc,phases   ] GC(22)   Evacuate Collection Set: 4.4ms
[2025-05-24T00:40:25.033+0000][gc,phases   ] GC(22)   Post Evacuate Collection Set: 1.1ms
[2025-05-24T00:40:25.033+0000][gc,phases   ] GC(22)   Other: 0.3ms
[2025-05-24T00:40:25.033+0000][gc,heap     ] GC(22) Eden regions: 606->0(606)
[2025-05-24T00:40:25.034+0000][gc,heap     ] GC(22) Survivor regions: 8->8(77)
[2025-05-24T00:40:25.034+0000][gc,heap     ] GC(22) Old regions: 24->25
[2025-05-24T00:40:25.034+0000][gc,heap     ] GC(22) Humongous regions: 130->130
[2025-05-24T00:40:25.034+0000][gc,metaspace] GC(22) Metaspace: 16553K(16960K)->16553K(16960K) NonClass: 14643K(14784K)->14643K(14784K) Class: 1910K(2176K)->1910K(2176K)
[2025-05-24T00:40:25.034+0000][gc          ] GC(22) Pause Young (Normal) (G1 Evacuation Pause) 767M->161M(1024M) 8.694ms
[2025-05-24T00:40:25.034+0000][gc,cpu      ] GC(22) User=0.03s Sys=0.01s Real=0.01s
[2025-05-24T00:40:55.675+0000][gc,start    ] GC(23) Pause Young (Normal) (G1 Evacuation Pause)
[2025-05-24T00:40:55.676+0000][gc,task     ] GC(23) Using 10 workers of 10 for evacuation
[2025-05-24T00:40:55.687+0000][gc,phases   ] GC(23)   Pre Evacuate Collection Set: 0.6ms
[2025-05-24T00:40:55.687+0000][gc,phases   ] GC(23)   Merge Heap Roots: 0.3ms
[2025-05-24T00:40:55.688+0000][gc,phases   ] GC(23)   Evacuate Collection Set: 7.8ms
[2025-05-24T00:40:55.688+0000][gc,phases   ] GC(23)   Post Evacuate Collection Set: 2.0ms
[2025-05-24T00:40:55.688+0000][gc,phases   ] GC(23)   Other: 0.4ms
[2025-05-24T00:40:55.689+0000][gc,heap     ] GC(23) Eden regions: 606->0(603)
[2025-05-24T00:40:55.689+0000][gc,heap     ] GC(23) Survivor regions: 8->11(77)
[2025-05-24T00:40:55.689+0000][gc,heap     ] GC(23) Old regions: 25->25
[2025-05-24T00:40:55.689+0000][gc,heap     ] GC(23) Humongous regions: 130->130
[2025-05-24T00:40:55.689+0000][gc,metaspace] GC(23) Metaspace: 16562K(17024K)->16562K(17024K) NonClass: 14652K(14848K)->14652K(14848K) Class: 1910K(2176K)->1910K(2176K)
[2025-05-24T00:40:55.690+0000][gc          ] GC(23) Pause Young (Normal) (G1 Evacuation Pause) 767M->165M(1024M) 14.258ms
[2025-05-24T00:40:55.690+0000][gc,cpu      ] GC(23) User=0.06s Sys=0.00s Real=0.01s
[2025-05-24T00:41:35.002+0000][gc,start    ] GC(24) Pause Young (Normal) (G1 Evacuation Pause)
[2025-05-24T00:41:35.003+0000][gc,task     ] GC(24) Using 10 workers of 10 for evacuation
[2025-05-24T00:41:35.010+0000][gc,phases   ] GC(24)   Pre Evacuate Collection Set: 0.4ms
[2025-05-24T00:41:35.010+0000][gc,phases   ] GC(24)   Merge Heap Roots: 0.3ms
[2025-05-24T00:41:35.010+0000][gc,phases   ] GC(24)   Evacuate Collection Set: 4.4ms
[2025-05-24T00:41:35.010+0000][gc,phases   ] GC(24)   Post Evacuate Collection Set: 1.4ms
[2025-05-24T00:41:35.010+0000][gc,phases   ] GC(24)   Other: 0.3ms
[2025-05-24T00:41:35.011+0000][gc,heap     ] GC(24) Eden regions: 603->0(604)
[2025-05-24T00:41:35.011+0000][gc,heap     ] GC(24) Survivor regions: 11->10(77)
[2025-05-24T00:41:35.011+0000][gc,heap     ] GC(24) Old regions: 25->25
[2025-05-24T00:41:35.011+0000][gc,heap     ] GC(24) Humongous regions: 130->130
[2025-05-24T00:41:35.011+0000][gc,metaspace] GC(24) Metaspace: 16620K(17088K)->16620K(17088K) NonClass: 14710K(14912K)->14710K(14912K) Class: 1910K(2176K)->1910K(2176K)
[2025-05-24T00:41:35.012+0000][gc          ] GC(24) Pause Young (Normal) (G1 Evacuation Pause) 768M->164M(1024M) 9.108ms
[2025-05-24T00:41:35.012+0000][gc,cpu      ] GC(24) User=0.03s Sys=0.01s Real=0.01s
[2025-05-24T00:42:14.863+0000][gc,start    ] GC(25) Pause Young (Normal) (G1 Evacuation Pause)
[2025-05-24T00:42:14.864+0000][gc,task     ] GC(25) Using 10 workers of 10 for evacuation
[2025-05-24T00:42:14.877+0000][gc,phases   ] GC(25)   Pre Evacuate Collection Set: 0.5ms
[2025-05-24T00:42:14.878+0000][gc,phases   ] GC(25)   Merge Heap Roots: 0.3ms
[2025-05-24T00:42:14.879+0000][gc,phases   ] GC(25)   Evacuate Collection Set: 9.4ms
[2025-05-24T00:42:14.880+0000][gc,phases   ] GC(25)   Post Evacuate Collection Set: 2.0ms
[2025-05-24T00:42:14.880+0000][gc,phases   ] GC(25)   Other: 0.6ms
[2025-05-24T00:42:14.881+0000][gc,heap     ] GC(25) Eden regions: 604->0(607)
[2025-05-24T00:42:14.882+0000][gc,heap     ] GC(25) Survivor regions: 10->7(77)
[2025-05-24T00:42:14.883+0000][gc,heap     ] GC(25) Old regions: 25->25
[2025-05-24T00:42:14.883+0000][gc,heap     ] GC(25) Humongous regions: 130->130
[2025-05-24T00:42:14.883+0000][gc,metaspace] GC(25) Metaspace: 16641K(17088K)->16641K(17088K) NonClass: 14731K(14912K)->14731K(14912K) Class: 1910K(2176K)->1910K(2176K)
[2025-05-24T00:42:14.884+0000][gc          ] GC(25) Pause Young (Normal) (G1 Evacuation Pause) 768M->161M(1024M) 20.263ms
[2025-05-24T00:42:14.884+0000][gc,cpu      ] GC(25) User=0.05s Sys=0.00s Real=0.02s
[2025-05-24T00:42:39.597+0000][gc,start    ] GC(26) Pause Young (Concurrent Start) (CodeCache GC Threshold)
[2025-05-24T00:42:39.597+0000][gc,task     ] GC(26) Using 10 workers of 10 for evacuation
[2025-05-24T00:42:39.604+0000][gc,phases   ] GC(26)   Pre Evacuate Collection Set: 0.4ms
[2025-05-24T00:42:39.605+0000][gc,phases   ] GC(26)   Merge Heap Roots: 0.2ms
[2025-05-24T00:42:39.605+0000][gc,phases   ] GC(26)   Evacuate Collection Set: 5.0ms
[2025-05-24T00:42:39.605+0000][gc,phases   ] GC(26)   Post Evacuate Collection Set: 1.1ms
[2025-05-24T00:42:39.605+0000][gc,phases   ] GC(26)   Other: 0.4ms
[2025-05-24T00:42:39.605+0000][gc,heap     ] GC(26) Eden regions: 465->0(608)
[2025-05-24T00:42:39.605+0000][gc,heap     ] GC(26) Survivor regions: 7->6(77)
[2025-05-24T00:42:39.605+0000][gc,heap     ] GC(26) Old regions: 25->26
[2025-05-24T00:42:39.606+0000][gc,heap     ] GC(26) Humongous regions: 130->130
[2025-05-24T00:42:39.606+0000][gc,metaspace] GC(26) Metaspace: 16655K(17088K)->16655K(17088K) NonClass: 14745K(14912K)->14745K(14912K) Class: 1910K(2176K)->1910K(2176K)
[2025-05-24T00:42:39.606+0000][gc          ] GC(26) Pause Young (Concurrent Start) (CodeCache GC Threshold) 626M->161M(1024M) 9.214ms
[2025-05-24T00:42:39.606+0000][gc,cpu      ] GC(26) User=0.03s Sys=0.01s Real=0.01s
[2025-05-24T00:42:39.606+0000][gc          ] GC(27) Concurrent Mark Cycle
[2025-05-24T00:42:39.606+0000][gc,marking  ] GC(27) Concurrent Scan Root Regions
[2025-05-24T00:42:39.609+0000][gc,marking  ] GC(27) Concurrent Scan Root Regions 2.410ms
[2025-05-24T00:42:39.609+0000][gc,marking  ] GC(27) Concurrent Mark
[2025-05-24T00:42:39.609+0000][gc,marking  ] GC(27) Concurrent Mark From Roots
[2025-05-24T00:42:39.609+0000][gc,task     ] GC(27) Using 3 workers of 3 for marking
[2025-05-24T00:42:39.623+0000][gc,marking  ] GC(27) Concurrent Mark From Roots 13.385ms
[2025-05-24T00:42:39.623+0000][gc,marking  ] GC(27) Concurrent Preclean
[2025-05-24T00:42:39.623+0000][gc,marking  ] GC(27) Concurrent Preclean 0.323ms
[2025-05-24T00:42:39.624+0000][gc,start    ] GC(27) Pause Remark
[2025-05-24T00:42:39.634+0000][gc          ] GC(27) Pause Remark 161M->161M(1024M) 10.004ms
[2025-05-24T00:42:39.634+0000][gc,cpu      ] GC(27) User=0.05s Sys=0.00s Real=0.01s
[2025-05-24T00:42:39.634+0000][gc,marking  ] GC(27) Concurrent Mark 25.167ms
[2025-05-24T00:42:39.634+0000][gc,marking  ] GC(27) Concurrent Rebuild Remembered Sets and Scrub Regions
[2025-05-24T00:42:39.639+0000][gc,marking  ] GC(27) Concurrent Rebuild Remembered Sets and Scrub Regions 4.973ms
[2025-05-24T00:42:39.640+0000][gc,start    ] GC(27) Pause Cleanup
[2025-05-24T00:42:39.640+0000][gc          ] GC(27) Pause Cleanup 161M->161M(1024M) 0.523ms
[2025-05-24T00:42:39.641+0000][gc,cpu      ] GC(27) User=0.00s Sys=0.00s Real=0.00s
[2025-05-24T00:42:39.641+0000][gc,marking  ] GC(27) Concurrent Clear Claimed Marks
[2025-05-24T00:42:39.641+0000][gc,marking  ] GC(27) Concurrent Clear Claimed Marks 0.205ms
[2025-05-24T00:42:39.641+0000][gc,marking  ] GC(27) Concurrent Cleanup for Next Mark
[2025-05-24T00:42:39.646+0000][gc,marking  ] GC(27) Concurrent Cleanup for Next Mark 4.550ms
[2025-05-24T00:42:39.646+0000][gc          ] GC(27) Concurrent Mark Cycle 39.970ms
[2025-05-24T00:43:15.134+0000][gc,start    ] GC(28) Pause Young (Prepare Mixed) (G1 Evacuation Pause)
[2025-05-24T00:43:15.134+0000][gc,task     ] GC(28) Using 10 workers of 10 for evacuation
[2025-05-24T00:43:15.141+0000][gc,phases   ] GC(28)   Pre Evacuate Collection Set: 0.5ms
[2025-05-24T00:43:15.141+0000][gc,phases   ] GC(28)   Merge Heap Roots: 0.4ms
[2025-05-24T00:43:15.142+0000][gc,phases   ] GC(28)   Evacuate Collection Set: 4.2ms
[2025-05-24T00:43:15.142+0000][gc,phases   ] GC(28)   Post Evacuate Collection Set: 1.4ms
[2025-05-24T00:43:15.142+0000][gc,phases   ] GC(28)   Other: 0.4ms
[2025-05-24T00:43:15.143+0000][gc,heap     ] GC(28) Eden regions: 608->0(604)
[2025-05-24T00:43:15.143+0000][gc,heap     ] GC(28) Survivor regions: 6->10(77)
[2025-05-24T00:43:15.143+0000][gc,heap     ] GC(28) Old regions: 26->26
[2025-05-24T00:43:15.143+0000][gc,heap     ] GC(28) Humongous regions: 130->130
[2025-05-24T00:43:15.143+0000][gc,metaspace] GC(28) Metaspace: 16686K(17152K)->16686K(17152K) NonClass: 14778K(14976K)->14778K(14976K) Class: 1908K(2176K)->1908K(2176K)
[2025-05-24T00:43:15.144+0000][gc          ] GC(28) Pause Young (Prepare Mixed) (G1 Evacuation Pause) 769M->164M(1024M) 9.840ms
[2025-05-24T00:43:15.144+0000][gc,cpu      ] GC(28) User=0.04s Sys=0.01s Real=0.01s
[2025-05-24T00:43:54.831+0000][gc,start    ] GC(29) Pause Young (Mixed) (G1 Evacuation Pause)
[2025-05-24T00:43:54.831+0000][gc,task     ] GC(29) Using 10 workers of 10 for evacuation
[2025-05-24T00:43:54.839+0000][gc,phases   ] GC(29)   Pre Evacuate Collection Set: 0.4ms
[2025-05-24T00:43:54.839+0000][gc,phases   ] GC(29)   Merge Heap Roots: 0.3ms
[2025-05-24T00:43:54.839+0000][gc,phases   ] GC(29)   Evacuate Collection Set: 5.1ms
[2025-05-24T00:43:54.839+0000][gc,phases   ] GC(29)   Post Evacuate Collection Set: 1.4ms
[2025-05-24T00:43:54.840+0000][gc,phases   ] GC(29)   Other: 0.3ms
[2025-05-24T00:43:54.840+0000][gc,heap     ] GC(29) Eden regions: 604->0(605)
[2025-05-24T00:43:54.840+0000][gc,heap     ] GC(29) Survivor regions: 10->9(77)
[2025-05-24T00:43:54.840+0000][gc,heap     ] GC(29) Old regions: 26->25
[2025-05-24T00:43:54.840+0000][gc,heap     ] GC(29) Humongous regions: 130->130
[2025-05-24T00:43:54.840+0000][gc,metaspace] GC(29) Metaspace: 16686K(17152K)->16686K(17152K) NonClass: 14778K(14976K)->14778K(14976K) Class: 1908K(2176K)->1908K(2176K)
[2025-05-24T00:43:54.841+0000][gc          ] GC(29) Pause Young (Mixed) (G1 Evacuation Pause) 768M->163M(1024M) 9.843ms
[2025-05-24T00:43:54.841+0000][gc,cpu      ] GC(29) User=0.04s Sys=0.01s Real=0.01s
[2025-05-24T00:44:25.499+0000][gc,start    ] GC(30) Pause Young (Normal) (G1 Evacuation Pause)
[2025-05-24T00:44:25.500+0000][gc,task     ] GC(30) Using 10 workers of 10 for evacuation
[2025-05-24T00:44:25.512+0000][gc,phases   ] GC(30)   Pre Evacuate Collection Set: 0.7ms
[2025-05-24T00:44:25.512+0000][gc,phases   ] GC(30)   Merge Heap Roots: 0.3ms
[2025-05-24T00:44:25.513+0000][gc,phases   ] GC(30)   Evacuate Collection Set: 9.1ms
[2025-05-24T00:44:25.513+0000][gc,phases   ] GC(30)   Post Evacuate Collection Set: 1.7ms
[2025-05-24T00:44:25.513+0000][gc,phases   ] GC(30)   Other: 0.5ms
[2025-05-24T00:44:25.514+0000][gc,heap     ] GC(30) Eden regions: 605->0(601)
[2025-05-24T00:44:25.514+0000][gc,heap     ] GC(30) Survivor regions: 9->13(77)
[2025-05-24T00:44:25.514+0000][gc,heap     ] GC(30) Old regions: 25->25
[2025-05-24T00:44:25.514+0000][gc,heap     ] GC(30) Humongous regions: 130->130
[2025-05-24T00:44:25.515+0000][gc,metaspace] GC(30) Metaspace: 16704K(17216K)->16704K(17216K) NonClass: 14796K(15040K)->14796K(15040K) Class: 1908K(2176K)->1908K(2176K)
[2025-05-24T00:44:25.515+0000][gc          ] GC(30) Pause Young (Normal) (G1 Evacuation Pause) 768M->166M(1024M) 15.889ms
[2025-05-24T00:44:25.515+0000][gc,cpu      ] GC(30) User=0.07s Sys=0.02s Real=0.02s
[2025-05-24T00:45:05.009+0000][gc,start    ] GC(31) Pause Young (Normal) (G1 Evacuation Pause)
[2025-05-24T00:45:05.009+0000][gc,task     ] GC(31) Using 10 workers of 10 for evacuation
[2025-05-24T00:45:05.015+0000][gc,phases   ] GC(31)   Pre Evacuate Collection Set: 0.4ms
[2025-05-24T00:45:05.016+0000][gc,phases   ] GC(31)   Merge Heap Roots: 0.2ms
[2025-05-24T00:45:05.016+0000][gc,phases   ] GC(31)   Evacuate Collection Set: 3.7ms
[2025-05-24T00:45:05.016+0000][gc,phases   ] GC(31)   Post Evacuate Collection Set: 1.3ms
[2025-05-24T00:45:05.016+0000][gc,phases   ] GC(31)   Other: 0.4ms
[2025-05-24T00:45:05.017+0000][gc,heap     ] GC(31) Eden regions: 601->0(605)
[2025-05-24T00:45:05.017+0000][gc,heap     ] GC(31) Survivor regions: 13->9(77)
[2025-05-24T00:45:05.017+0000][gc,heap     ] GC(31) Old regions: 25->25
[2025-05-24T00:45:05.017+0000][gc,heap     ] GC(31) Humongous regions: 130->130
[2025-05-24T00:45:05.017+0000][gc,metaspace] GC(31) Metaspace: 16711K(17216K)->16711K(17216K) NonClass: 14803K(15040K)->14803K(15040K) Class: 1908K(2176K)->1908K(2176K)
[2025-05-24T00:45:05.018+0000][gc          ] GC(31) Pause Young (Normal) (G1 Evacuation Pause) 767M->163M(1024M) 8.678ms
[2025-05-24T00:45:05.018+0000][gc,cpu      ] GC(31) User=0.03s Sys=0.00s Real=0.01s
[2025-05-24T00:45:44.725+0000][gc,start    ] GC(32) Pause Young (Normal) (G1 Evacuation Pause)
[2025-05-24T00:45:44.725+0000][gc,task     ] GC(32) Using 10 workers of 10 for evacuation
[2025-05-24T00:45:44.738+0000][gc,phases   ] GC(32)   Pre Evacuate Collection Set: 0.5ms
[2025-05-24T00:45:44.738+0000][gc,phases   ] GC(32)   Merge Heap Roots: 0.3ms
[2025-05-24T00:45:44.739+0000][gc,phases   ] GC(32)   Evacuate Collection Set: 5.8ms
[2025-05-24T00:45:44.740+0000][gc,phases   ] GC(32)   Post Evacuate Collection Set: 4.9ms
[2025-05-24T00:45:44.740+0000][gc,phases   ] GC(32)   Other: 0.7ms
[2025-05-24T00:45:44.741+0000][gc,heap     ] GC(32) Eden regions: 605->0(606)
[2025-05-24T00:45:44.741+0000][gc,heap     ] GC(32) Survivor regions: 9->8(77)
[2025-05-24T00:45:44.741+0000][gc,heap     ] GC(32) Old regions: 25->25
[2025-05-24T00:45:44.742+0000][gc,heap     ] GC(32) Humongous regions: 130->130
[2025-05-24T00:45:44.743+0000][gc,metaspace] GC(32) Metaspace: 16764K(17216K)->16764K(17216K) NonClass: 14856K(15040K)->14856K(15040K) Class: 1908K(2176K)->1908K(2176K)
[2025-05-24T00:45:44.744+0000][gc          ] GC(32) Pause Young (Normal) (G1 Evacuation Pause) 768M->162M(1024M) 18.980ms
[2025-05-24T00:45:44.745+0000][gc,cpu      ] GC(32) User=0.02s Sys=0.02s Real=0.02s
[2025-05-24T00:46:15.538+0000][gc,start    ] GC(33) Pause Young (Normal) (G1 Evacuation Pause)
[2025-05-24T00:46:15.538+0000][gc,task     ] GC(33) Using 10 workers of 10 for evacuation
[2025-05-24T00:46:15.550+0000][gc,phases   ] GC(33)   Pre Evacuate Collection Set: 0.6ms
[2025-05-24T00:46:15.550+0000][gc,phases   ] GC(33)   Merge Heap Roots: 1.3ms
[2025-05-24T00:46:15.551+0000][gc,phases   ] GC(33)   Evacuate Collection Set: 7.9ms
[2025-05-24T00:46:15.551+0000][gc,phases   ] GC(33)   Post Evacuate Collection Set: 1.5ms
[2025-05-24T00:46:15.551+0000][gc,phases   ] GC(33)   Other: 0.6ms
[2025-05-24T00:46:15.551+0000][gc,heap     ] GC(33) Eden regions: 606->0(602)
[2025-05-24T00:46:15.552+0000][gc,heap     ] GC(33) Survivor regions: 8->12(77)
[2025-05-24T00:46:15.552+0000][gc,heap     ] GC(33) Old regions: 25->25
[2025-05-24T00:46:15.552+0000][gc,heap     ] GC(33) Humongous regions: 130->130
[2025-05-24T00:46:15.552+0000][gc,metaspace] GC(33) Metaspace: 16780K(17216K)->16780K(17216K) NonClass: 14871K(15040K)->14871K(15040K) Class: 1908K(2176K)->1908K(2176K)
[2025-05-24T00:46:15.553+0000][gc          ] GC(33) Pause Young (Normal) (G1 Evacuation Pause) 768M->166M(1024M) 15.254ms
[2025-05-24T00:46:15.553+0000][gc,cpu      ] GC(33) User=0.05s Sys=0.00s Real=0.02s
[2025-05-24T00:46:54.852+0000][gc,start    ] GC(34) Pause Young (Normal) (G1 Evacuation Pause)
[2025-05-24T00:46:54.853+0000][gc,task     ] GC(34) Using 10 workers of 10 for evacuation
[2025-05-24T00:46:54.859+0000][gc,phases   ] GC(34)   Pre Evacuate Collection Set: 0.4ms
[2025-05-24T00:46:54.859+0000][gc,phases   ] GC(34)   Merge Heap Roots: 0.2ms
[2025-05-24T00:46:54.859+0000][gc,phases   ] GC(34)   Evacuate Collection Set: 4.1ms
[2025-05-24T00:46:54.859+0000][gc,phases   ] GC(34)   Post Evacuate Collection Set: 1.0ms
[2025-05-24T00:46:54.859+0000][gc,phases   ] GC(34)   Other: 0.4ms
[2025-05-24T00:46:54.860+0000][gc,heap     ] GC(34) Eden regions: 602->0(602)
[2025-05-24T00:46:54.860+0000][gc,heap     ] GC(34) Survivor regions: 12->12(77)
[2025-05-24T00:46:54.860+0000][gc,heap     ] GC(34) Old regions: 25->26
[2025-05-24T00:46:54.860+0000][gc,heap     ] GC(34) Humongous regions: 130->130
[2025-05-24T00:46:54.860+0000][gc,metaspace] GC(34) Metaspace: 16799K(17216K)->16799K(17216K) NonClass: 14888K(15040K)->14888K(15040K) Class: 1911K(2176K)->1911K(2176K)
[2025-05-24T00:46:54.860+0000][gc          ] GC(34) Pause Young (Normal) (G1 Evacuation Pause) 768M->166M(1024M) 8.058ms
[2025-05-24T00:46:54.861+0000][gc,cpu      ] GC(34) User=0.04s Sys=0.01s Real=0.01s
[2025-05-24T00:47:25.484+0000][gc,start    ] GC(35) Pause Young (Normal) (G1 Evacuation Pause)
[2025-05-24T00:47:25.484+0000][gc,task     ] GC(35) Using 10 workers of 10 for evacuation
[2025-05-24T00:47:25.492+0000][gc,phases   ] GC(35)   Pre Evacuate Collection Set: 0.5ms
[2025-05-24T00:47:25.492+0000][gc,phases   ] GC(35)   Merge Heap Roots: 0.4ms
[2025-05-24T00:47:25.492+0000][gc,phases   ] GC(35)   Evacuate Collection Set: 5.4ms
[2025-05-24T00:47:25.492+0000][gc,phases   ] GC(35)   Post Evacuate Collection Set: 1.1ms
[2025-05-24T00:47:25.492+0000][gc,phases   ] GC(35)   Other: 0.4ms
[2025-05-24T00:47:25.493+0000][gc,heap     ] GC(35) Eden regions: 602->0(603)
[2025-05-24T00:47:25.493+0000][gc,heap     ] GC(35) Survivor regions: 12->11(77)
[2025-05-24T00:47:25.493+0000][gc,heap     ] GC(35) Old regions: 26->26
[2025-05-24T00:47:25.493+0000][gc,heap     ] GC(35) Humongous regions: 131->130
[2025-05-24T00:47:25.493+0000][gc,metaspace] GC(35) Metaspace: 16801K(17216K)->16801K(17216K) NonClass: 14890K(15040K)->14890K(15040K) Class: 1911K(2176K)->1911K(2176K)
[2025-05-24T00:47:25.493+0000][gc          ] GC(35) Pause Young (Normal) (G1 Evacuation Pause) 769M->166M(1024M) 9.882ms
[2025-05-24T00:47:25.494+0000][gc,cpu      ] GC(35) User=0.04s Sys=0.00s Real=0.01s
[2025-05-24T00:47:59.005+0000][gc,start    ] GC(36) Pause Young (Normal) (G1 Evacuation Pause)
[2025-05-24T00:47:59.006+0000][gc,task     ] GC(36) Using 10 workers of 10 for evacuation
[2025-05-24T00:47:59.015+0000][gc,phases   ] GC(36)   Pre Evacuate Collection Set: 0.6ms
[2025-05-24T00:47:59.016+0000][gc,phases   ] GC(36)   Merge Heap Roots: 0.3ms
[2025-05-24T00:47:59.016+0000][gc,phases   ] GC(36)   Evacuate Collection Set: 5.5ms
[2025-05-24T00:47:59.016+0000][gc,phases   ] GC(36)   Post Evacuate Collection Set: 2.7ms
[2025-05-24T00:47:59.016+0000][gc,phases   ] GC(36)   Other: 0.5ms
[2025-05-24T00:47:59.017+0000][gc,heap     ] GC(36) Eden regions: 603->0(604)
[2025-05-24T00:47:59.017+0000][gc,heap     ] GC(36) Survivor regions: 11->10(77)
[2025-05-24T00:47:59.017+0000][gc,heap     ] GC(36) Old regions: 26->26
[2025-05-24T00:47:59.017+0000][gc,heap     ] GC(36) Humongous regions: 130->130
[2025-05-24T00:47:59.018+0000][gc,metaspace] GC(36) Metaspace: 16842K(17280K)->16842K(17280K) NonClass: 14931K(15104K)->14931K(15104K) Class: 1911K(2176K)->1911K(2176K)
[2025-05-24T00:47:59.018+0000][gc          ] GC(36) Pause Young (Normal) (G1 Evacuation Pause) 769M->165M(1024M) 12.451ms
[2025-05-24T00:47:59.018+0000][gc,cpu      ] GC(36) User=0.05s Sys=0.01s Real=0.01s
[2025-05-24T00:48:34.920+0000][gc,start    ] GC(37) Pause Young (Normal) (G1 Evacuation Pause)
[2025-05-24T00:48:34.921+0000][gc,task     ] GC(37) Using 10 workers of 10 for evacuation
[2025-05-24T00:48:34.929+0000][gc,phases   ] GC(37)   Pre Evacuate Collection Set: 0.5ms
[2025-05-24T00:48:34.929+0000][gc,phases   ] GC(37)   Merge Heap Roots: 0.3ms
[2025-05-24T00:48:34.929+0000][gc,phases   ] GC(37)   Evacuate Collection Set: 5.6ms
[2025-05-24T00:48:34.930+0000][gc,phases   ] GC(37)   Post Evacuate Collection Set: 1.0ms
[2025-05-24T00:48:34.930+0000][gc,phases   ] GC(37)   Other: 0.5ms
[2025-05-24T00:48:34.930+0000][gc,heap     ] GC(37) Eden regions: 604->0(599)
[2025-05-24T00:48:34.930+0000][gc,heap     ] GC(37) Survivor regions: 10->15(77)
[2025-05-24T00:48:34.930+0000][gc,heap     ] GC(37) Old regions: 26->26
[2025-05-24T00:48:34.930+0000][gc,heap     ] GC(37) Humongous regions: 130->130
[2025-05-24T00:48:34.931+0000][gc,metaspace] GC(37) Metaspace: 16846K(17280K)->16846K(17280K) NonClass: 14935K(15104K)->14935K(15104K) Class: 1911K(2176K)->1911K(2176K)
[2025-05-24T00:48:34.931+0000][gc          ] GC(37) Pause Young (Normal) (G1 Evacuation Pause) 769M->170M(1024M) 10.367ms
[2025-05-24T00:48:34.931+0000][gc,cpu      ] GC(37) User=0.05s Sys=0.01s Real=0.01s
[2025-05-24T00:49:05.411+0000][gc,start    ] GC(38) Pause Young (Normal) (G1 Evacuation Pause)
[2025-05-24T00:49:05.412+0000][gc,task     ] GC(38) Using 10 workers of 10 for evacuation
[2025-05-24T00:49:05.421+0000][gc,phases   ] GC(38)   Pre Evacuate Collection Set: 0.4ms
[2025-05-24T00:49:05.421+0000][gc,phases   ] GC(38)   Merge Heap Roots: 0.3ms
[2025-05-24T00:49:05.421+0000][gc,phases   ] GC(38)   Evacuate Collection Set: 7.0ms
[2025-05-24T00:49:05.422+0000][gc,phases   ] GC(38)   Post Evacuate Collection Set: 1.0ms
[2025-05-24T00:49:05.422+0000][gc,phases   ] GC(38)   Other: 0.4ms
[2025-05-24T00:49:05.422+0000][gc,heap     ] GC(38) Eden regions: 599->0(596)
[2025-05-24T00:49:05.422+0000][gc,heap     ] GC(38) Survivor regions: 15->18(77)
[2025-05-24T00:49:05.422+0000][gc,heap     ] GC(38) Old regions: 26->27
[2025-05-24T00:49:05.423+0000][gc,heap     ] GC(38) Humongous regions: 130->130
[2025-05-24T00:49:05.423+0000][gc,metaspace] GC(38) Metaspace: 16853K(17280K)->16853K(17280K) NonClass: 14942K(15104K)->14942K(15104K) Class: 1911K(2176K)->1911K(2176K)
[2025-05-24T00:49:05.423+0000][gc          ] GC(38) Pause Young (Normal) (G1 Evacuation Pause) 769M->174M(1024M) 11.899ms
[2025-05-24T00:49:05.423+0000][gc,cpu      ] GC(38) User=0.05s Sys=0.01s Real=0.01s
[2025-05-24T00:49:45.018+0000][gc,start    ] GC(39) Pause Young (Normal) (G1 Evacuation Pause)
[2025-05-24T00:49:45.018+0000][gc,task     ] GC(39) Using 10 workers of 10 for evacuation
[2025-05-24T00:49:45.026+0000][gc,phases   ] GC(39)   Pre Evacuate Collection Set: 0.4ms
[2025-05-24T00:49:45.027+0000][gc,phases   ] GC(39)   Merge Heap Roots: 0.2ms
[2025-05-24T00:49:45.027+0000][gc,phases   ] GC(39)   Evacuate Collection Set: 5.8ms
[2025-05-24T00:49:45.027+0000][gc,phases   ] GC(39)   Post Evacuate Collection Set: 1.3ms
[2025-05-24T00:49:45.027+0000][gc,phases   ] GC(39)   Other: 0.4ms
[2025-05-24T00:49:45.027+0000][gc,heap     ] GC(39) Eden regions: 596->0(601)
[2025-05-24T00:49:45.028+0000][gc,heap     ] GC(39) Survivor regions: 18->13(77)
[2025-05-24T00:49:45.028+0000][gc,heap     ] GC(39) Old regions: 27->27
[2025-05-24T00:49:45.028+0000][gc,heap     ] GC(39) Humongous regions: 130->130
[2025-05-24T00:49:45.028+0000][gc,metaspace] GC(39) Metaspace: 16989K(17472K)->16989K(17472K) NonClass: 15058K(15296K)->15058K(15296K) Class: 1931K(2176K)->1931K(2176K)
[2025-05-24T00:49:45.029+0000][gc          ] GC(39) Pause Young (Normal) (G1 Evacuation Pause) 770M->169M(1024M) 10.941ms
[2025-05-24T00:49:45.029+0000][gc,cpu      ] GC(39) User=0.06s Sys=0.00s Real=0.02s
[2025-05-24T00:50:24.711+0000][gc,start    ] GC(40) Pause Young (Normal) (G1 Evacuation Pause)
[2025-05-24T00:50:24.711+0000][gc,task     ] GC(40) Using 10 workers of 10 for evacuation
[2025-05-24T00:50:24.725+0000][gc,phases   ] GC(40)   Pre Evacuate Collection Set: 0.6ms
[2025-05-24T00:50:24.726+0000][gc,phases   ] GC(40)   Merge Heap Roots: 0.3ms
[2025-05-24T00:50:24.726+0000][gc,phases   ] GC(40)   Evacuate Collection Set: 10.9ms
[2025-05-24T00:50:24.726+0000][gc,phases   ] GC(40)   Post Evacuate Collection Set: 1.5ms
[2025-05-24T00:50:24.726+0000][gc,phases   ] GC(40)   Other: 0.5ms
[2025-05-24T00:50:24.727+0000][gc,heap     ] GC(40) Eden regions: 601->0(602)
[2025-05-24T00:50:24.727+0000][gc,heap     ] GC(40) Survivor regions: 13->12(77)
[2025-05-24T00:50:24.727+0000][gc,heap     ] GC(40) Old regions: 27->28
[2025-05-24T00:50:24.727+0000][gc,heap     ] GC(40) Humongous regions: 130->130
[2025-05-24T00:50:24.728+0000][gc,metaspace] GC(40) Metaspace: 17104K(17600K)->17104K(17600K) NonClass: 15157K(15360K)->15157K(15360K) Class: 1946K(2240K)->1946K(2240K)
[2025-05-24T00:50:24.728+0000][gc          ] GC(40) Pause Young (Normal) (G1 Evacuation Pause) 770M->168M(1024M) 17.253ms
[2025-05-24T00:50:24.728+0000][gc,cpu      ] GC(40) User=0.06s Sys=0.00s Real=0.02s
[2025-05-24T00:50:55.322+0000][gc,start    ] GC(41) Pause Young (Normal) (G1 Evacuation Pause)
[2025-05-24T00:50:55.322+0000][gc,task     ] GC(41) Using 10 workers of 10 for evacuation
[2025-05-24T00:50:55.336+0000][gc,phases   ] GC(41)   Pre Evacuate Collection Set: 0.6ms
[2025-05-24T00:50:55.336+0000][gc,phases   ] GC(41)   Merge Heap Roots: 0.4ms
[2025-05-24T00:50:55.337+0000][gc,phases   ] GC(41)   Evacuate Collection Set: 10.0ms
[2025-05-24T00:50:55.337+0000][gc,phases   ] GC(41)   Post Evacuate Collection Set: 1.8ms
[2025-05-24T00:50:55.337+0000][gc,phases   ] GC(41)   Other: 0.7ms
[2025-05-24T00:50:55.338+0000][gc,heap     ] GC(41) Eden regions: 602->0(599)
[2025-05-24T00:50:55.338+0000][gc,heap     ] GC(41) Survivor regions: 12->15(77)
[2025-05-24T00:50:55.338+0000][gc,heap     ] GC(41) Old regions: 28->28
[2025-05-24T00:50:55.338+0000][gc,heap     ] GC(41) Humongous regions: 130->130
[2025-05-24T00:50:55.339+0000][gc,metaspace] GC(41) Metaspace: 17104K(17600K)->17104K(17600K) NonClass: 15157K(15360K)->15157K(15360K) Class: 1946K(2240K)->1946K(2240K)
[2025-05-24T00:50:55.339+0000][gc          ] GC(41) Pause Young (Normal) (G1 Evacuation Pause) 770M->172M(1024M) 17.179ms
[2025-05-24T00:50:55.339+0000][gc,cpu      ] GC(41) User=0.04s Sys=0.02s Real=0.02s
[2025-05-24T00:51:34.842+0000][gc,start    ] GC(42) Pause Young (Normal) (G1 Evacuation Pause)
[2025-05-24T00:51:34.842+0000][gc,task     ] GC(42) Using 10 workers of 10 for evacuation
[2025-05-24T00:51:34.852+0000][gc,phases   ] GC(42)   Pre Evacuate Collection Set: 0.4ms
[2025-05-24T00:51:34.852+0000][gc,phases   ] GC(42)   Merge Heap Roots: 0.2ms
[2025-05-24T00:51:34.852+0000][gc,phases   ] GC(42)   Evacuate Collection Set: 7.2ms
[2025-05-24T00:51:34.852+0000][gc,phases   ] GC(42)   Post Evacuate Collection Set: 1.4ms
[2025-05-24T00:51:34.852+0000][gc,phases   ] GC(42)   Other: 0.2ms
[2025-05-24T00:51:34.852+0000][gc,heap     ] GC(42) Eden regions: 599->0(600)
[2025-05-24T00:51:34.853+0000][gc,heap     ] GC(42) Survivor regions: 15->14(77)
[2025-05-24T00:51:34.853+0000][gc,heap     ] GC(42) Old regions: 28->28
[2025-05-24T00:51:34.853+0000][gc,heap     ] GC(42) Humongous regions: 130->130
[2025-05-24T00:51:34.853+0000][gc,metaspace] GC(42) Metaspace: 17110K(17600K)->17110K(17600K) NonClass: 15163K(15360K)->15163K(15360K) Class: 1947K(2240K)->1947K(2240K)
[2025-05-24T00:51:34.853+0000][gc          ] GC(42) Pause Young (Normal) (G1 Evacuation Pause) 771M->171M(1024M) 11.292ms
[2025-05-24T00:51:34.853+0000][gc,cpu      ] GC(42) User=0.05s Sys=0.00s Real=0.01s
[2025-05-24T00:52:05.278+0000][gc,start    ] GC(43) Pause Young (Normal) (G1 Evacuation Pause)
[2025-05-24T00:52:05.278+0000][gc,task     ] GC(43) Using 10 workers of 10 for evacuation
[2025-05-24T00:52:05.287+0000][gc,phases   ] GC(43)   Pre Evacuate Collection Set: 0.4ms
[2025-05-24T00:52:05.287+0000][gc,phases   ] GC(43)   Merge Heap Roots: 0.2ms
[2025-05-24T00:52:05.288+0000][gc,phases   ] GC(43)   Evacuate Collection Set: 6.8ms
[2025-05-24T00:52:05.288+0000][gc,phases   ] GC(43)   Post Evacuate Collection Set: 1.2ms
[2025-05-24T00:52:05.288+0000][gc,phases   ] GC(43)   Other: 0.3ms
[2025-05-24T00:52:05.288+0000][gc,heap     ] GC(43) Eden regions: 600->0(596)
[2025-05-24T00:52:05.288+0000][gc,heap     ] GC(43) Survivor regions: 14->18(77)
[2025-05-24T00:52:05.288+0000][gc,heap     ] GC(43) Old regions: 28->29
[2025-05-24T00:52:05.289+0000][gc,heap     ] GC(43) Humongous regions: 130->130
[2025-05-24T00:52:05.289+0000][gc,metaspace] GC(43) Metaspace: 17113K(17600K)->17113K(17600K) NonClass: 15166K(15360K)->15166K(15360K) Class: 1947K(2240K)->1947K(2240K)
[2025-05-24T00:52:05.289+0000][gc          ] GC(43) Pause Young (Normal) (G1 Evacuation Pause) 771M->175M(1024M) 11.025ms
[2025-05-24T00:52:05.289+0000][gc,cpu      ] GC(43) User=0.07s Sys=0.01s Real=0.01s
[2025-05-24T00:52:35.425+0000][gc,start    ] GC(44) Pause Young (Normal) (G1 Evacuation Pause)
[2025-05-24T00:52:35.425+0000][gc,task     ] GC(44) Using 10 workers of 10 for evacuation
[2025-05-24T00:52:35.441+0000][gc,phases   ] GC(44)   Pre Evacuate Collection Set: 1.3ms
[2025-05-24T00:52:35.441+0000][gc,phases   ] GC(44)   Merge Heap Roots: 0.3ms
[2025-05-24T00:52:35.441+0000][gc,phases   ] GC(44)   Evacuate Collection Set: 10.8ms
[2025-05-24T00:52:35.441+0000][gc,phases   ] GC(44)   Post Evacuate Collection Set: 1.9ms
[2025-05-24T00:52:35.442+0000][gc,phases   ] GC(44)   Other: 0.9ms
[2025-05-24T00:52:35.442+0000][gc,heap     ] GC(44) Eden regions: 596->0(593)
[2025-05-24T00:52:35.442+0000][gc,heap     ] GC(44) Survivor regions: 18->21(77)
[2025-05-24T00:52:35.442+0000][gc,heap     ] GC(44) Old regions: 29->29
[2025-05-24T00:52:35.443+0000][gc,heap     ] GC(44) Humongous regions: 130->130
[2025-05-24T00:52:35.443+0000][gc,metaspace] GC(44) Metaspace: 17146K(17664K)->17146K(17664K) NonClass: 15195K(15424K)->15195K(15424K) Class: 1951K(2240K)->1951K(2240K)
[2025-05-24T00:52:35.443+0000][gc          ] GC(44) Pause Young (Normal) (G1 Evacuation Pause) 771M->179M(1024M) 18.740ms
[2025-05-24T00:52:35.444+0000][gc,cpu      ] GC(44) User=0.11s Sys=0.00s Real=0.02s
[2025-05-24T00:53:15.115+0000][gc,start    ] GC(45) Pause Young (Normal) (G1 Evacuation Pause)
[2025-05-24T00:53:15.115+0000][gc,task     ] GC(45) Using 10 workers of 10 for evacuation
[2025-05-24T00:53:15.129+0000][gc,phases   ] GC(45)   Pre Evacuate Collection Set: 0.5ms
[2025-05-24T00:53:15.130+0000][gc,phases   ] GC(45)   Merge Heap Roots: 0.3ms
[2025-05-24T00:53:15.130+0000][gc,phases   ] GC(45)   Evacuate Collection Set: 11.3ms
[2025-05-24T00:53:15.130+0000][gc,phases   ] GC(45)   Post Evacuate Collection Set: 1.5ms
[2025-05-24T00:53:15.130+0000][gc,phases   ] GC(45)   Other: 0.5ms
[2025-05-24T00:53:15.131+0000][gc,heap     ] GC(45) Eden regions: 593->0(599)
[2025-05-24T00:53:15.131+0000][gc,heap     ] GC(45) Survivor regions: 21->15(77)
[2025-05-24T00:53:15.131+0000][gc,heap     ] GC(45) Old regions: 29->30
[2025-05-24T00:53:15.131+0000][gc,heap     ] GC(45) Humongous regions: 130->130
[2025-05-24T00:53:15.132+0000][gc,metaspace] GC(45) Metaspace: 17191K(17728K)->17191K(17728K) NonClass: 15239K(15488K)->15239K(15488K) Class: 1951K(2240K)->1951K(2240K)
[2025-05-24T00:53:15.132+0000][gc          ] GC(45) Pause Young (Normal) (G1 Evacuation Pause) 772M->173M(1024M) 17.238ms
[2025-05-24T00:53:15.132+0000][gc,cpu      ] GC(45) User=0.08s Sys=0.02s Real=0.01s
[2025-05-24T00:53:54.662+0000][gc,start    ] GC(46) Pause Young (Normal) (G1 Evacuation Pause)
[2025-05-24T00:53:54.663+0000][gc,task     ] GC(46) Using 10 workers of 10 for evacuation
[2025-05-24T00:53:54.676+0000][gc,phases   ] GC(46)   Pre Evacuate Collection Set: 0.5ms
[2025-05-24T00:53:54.676+0000][gc,phases   ] GC(46)   Merge Heap Roots: 1.0ms
[2025-05-24T00:53:54.677+0000][gc,phases   ] GC(46)   Evacuate Collection Set: 9.9ms
[2025-05-24T00:53:54.677+0000][gc,phases   ] GC(46)   Post Evacuate Collection Set: 1.6ms
[2025-05-24T00:53:54.677+0000][gc,phases   ] GC(46)   Other: 0.4ms
[2025-05-24T00:53:54.678+0000][gc,heap     ] GC(46) Eden regions: 599->0(600)
[2025-05-24T00:53:54.678+0000][gc,heap     ] GC(46) Survivor regions: 15->14(77)
[2025-05-24T00:53:54.678+0000][gc,heap     ] GC(46) Old regions: 30->31
[2025-05-24T00:53:54.678+0000][gc,heap     ] GC(46) Humongous regions: 130->130
[2025-05-24T00:53:54.678+0000][gc,metaspace] GC(46) Metaspace: 17191K(17728K)->17191K(17728K) NonClass: 15239K(15488K)->15239K(15488K) Class: 1951K(2240K)->1951K(2240K)
[2025-05-24T00:53:54.679+0000][gc          ] GC(46) Pause Young (Normal) (G1 Evacuation Pause) 772M->173M(1024M) 16.388ms
[2025-05-24T00:53:54.679+0000][gc,cpu      ] GC(46) User=0.07s Sys=0.00s Real=0.01s
[2025-05-24T00:54:25.212+0000][gc,start    ] GC(47) Pause Young (Normal) (G1 Evacuation Pause)
[2025-05-24T00:54:25.212+0000][gc,task     ] GC(47) Using 10 workers of 10 for evacuation
[2025-05-24T00:54:25.222+0000][gc,phases   ] GC(47)   Pre Evacuate Collection Set: 0.6ms
[2025-05-24T00:54:25.222+0000][gc,phases   ] GC(47)   Merge Heap Roots: 0.3ms
[2025-05-24T00:54:25.223+0000][gc,phases   ] GC(47)   Evacuate Collection Set: 7.3ms
[2025-05-24T00:54:25.223+0000][gc,phases   ] GC(47)   Post Evacuate Collection Set: 1.3ms
[2025-05-24T00:54:25.223+0000][gc,phases   ] GC(47)   Other: 0.5ms
[2025-05-24T00:54:25.223+0000][gc,heap     ] GC(47) Eden regions: 600->0(598)
[2025-05-24T00:54:25.223+0000][gc,heap     ] GC(47) Survivor regions: 14->16(77)
[2025-05-24T00:54:25.223+0000][gc,heap     ] GC(47) Old regions: 31->31
[2025-05-24T00:54:25.224+0000][gc,heap     ] GC(47) Humongous regions: 130->130
[2025-05-24T00:54:25.224+0000][gc,metaspace] GC(47) Metaspace: 17209K(17728K)->17209K(17728K) NonClass: 15257K(15488K)->15257K(15488K) Class: 1951K(2240K)->1951K(2240K)
[2025-05-24T00:54:25.224+0000][gc          ] GC(47) Pause Young (Normal) (G1 Evacuation Pause) 773M->176M(1024M) 12.243ms
[2025-05-24T00:54:25.224+0000][gc,cpu      ] GC(47) User=0.07s Sys=0.01s Real=0.01s
[2025-05-24T00:55:04.860+0000][gc,start    ] GC(48) Pause Young (Normal) (G1 Evacuation Pause)
[2025-05-24T00:55:04.860+0000][gc,task     ] GC(48) Using 10 workers of 10 for evacuation
[2025-05-24T00:55:04.869+0000][gc,phases   ] GC(48)   Pre Evacuate Collection Set: 0.4ms
[2025-05-24T00:55:04.869+0000][gc,phases   ] GC(48)   Merge Heap Roots: 0.2ms
[2025-05-24T00:55:04.869+0000][gc,phases   ] GC(48)   Evacuate Collection Set: 6.4ms
[2025-05-24T00:55:04.869+0000][gc,phases   ] GC(48)   Post Evacuate Collection Set: 1.1ms
[2025-05-24T00:55:04.869+0000][gc,phases   ] GC(48)   Other: 0.3ms
[2025-05-24T00:55:04.870+0000][gc,heap     ] GC(48) Eden regions: 598->0(598)
[2025-05-24T00:55:04.870+0000][gc,heap     ] GC(48) Survivor regions: 16->16(77)
[2025-05-24T00:55:04.870+0000][gc,heap     ] GC(48) Old regions: 31->31
[2025-05-24T00:55:04.870+0000][gc,heap     ] GC(48) Humongous regions: 130->130
[2025-05-24T00:55:04.870+0000][gc,metaspace] GC(48) Metaspace: 17252K(17792K)->17252K(17792K) NonClass: 15301K(15552K)->15301K(15552K) Class: 1951K(2240K)->1951K(2240K)
[2025-05-24T00:55:04.871+0000][gc          ] GC(48) Pause Young (Normal) (G1 Evacuation Pause) 774M->176M(1024M) 10.627ms
[2025-05-24T00:55:04.871+0000][gc,cpu      ] GC(48) User=0.06s Sys=0.00s Real=0.01s
[2025-05-24T00:55:35.529+0000][gc,start    ] GC(49) Pause Young (Normal) (G1 Evacuation Pause)
[2025-05-24T00:55:35.529+0000][gc,task     ] GC(49) Using 10 workers of 10 for evacuation
[2025-05-24T00:55:35.544+0000][gc,phases   ] GC(49)   Pre Evacuate Collection Set: 0.4ms
[2025-05-24T00:55:35.544+0000][gc,phases   ] GC(49)   Merge Heap Roots: 0.2ms
[2025-05-24T00:55:35.544+0000][gc,phases   ] GC(49)   Evacuate Collection Set: 12.0ms
[2025-05-24T00:55:35.544+0000][gc,phases   ] GC(49)   Post Evacuate Collection Set: 1.3ms
[2025-05-24T00:55:35.544+0000][gc,phases   ] GC(49)   Other: 0.3ms
[2025-05-24T00:55:35.545+0000][gc,heap     ] GC(49) Eden regions: 598->0(595)
[2025-05-24T00:55:35.545+0000][gc,heap     ] GC(49) Survivor regions: 16->19(77)
[2025-05-24T00:55:35.545+0000][gc,heap     ] GC(49) Old regions: 31->32
[2025-05-24T00:55:35.545+0000][gc,heap     ] GC(49) Humongous regions: 130->130
[2025-05-24T00:55:35.545+0000][gc,metaspace] GC(49) Metaspace: 17252K(17792K)->17252K(17792K) NonClass: 15301K(15552K)->15301K(15552K) Class: 1951K(2240K)->1951K(2240K)
[2025-05-24T00:55:35.546+0000][gc          ] GC(49) Pause Young (Normal) (G1 Evacuation Pause) 774M->179M(1024M) 16.580ms
[2025-05-24T00:55:35.546+0000][gc,cpu      ] GC(49) User=0.02s Sys=0.09s Real=0.02s
[2025-05-24T00:56:15.171+0000][gc,start    ] GC(50) Pause Young (Normal) (G1 Evacuation Pause)
[2025-05-24T00:56:15.172+0000][gc,task     ] GC(50) Using 10 workers of 10 for evacuation
[2025-05-24T00:56:15.181+0000][gc,phases   ] GC(50)   Pre Evacuate Collection Set: 0.6ms
[2025-05-24T00:56:15.181+0000][gc,phases   ] GC(50)   Merge Heap Roots: 0.4ms
[2025-05-24T00:56:15.182+0000][gc,phases   ] GC(50)   Evacuate Collection Set: 6.2ms
[2025-05-24T00:56:15.182+0000][gc,phases   ] GC(50)   Post Evacuate Collection Set: 1.9ms
[2025-05-24T00:56:15.182+0000][gc,phases   ] GC(50)   Other: 0.4ms
[2025-05-24T00:56:15.182+0000][gc,heap     ] GC(50) Eden regions: 595->0(599)
[2025-05-24T00:56:15.183+0000][gc,heap     ] GC(50) Survivor regions: 19->15(77)
[2025-05-24T00:56:15.183+0000][gc,heap     ] GC(50) Old regions: 32->32
[2025-05-24T00:56:15.183+0000][gc,heap     ] GC(50) Humongous regions: 130->130
[2025-05-24T00:56:15.183+0000][gc,metaspace] GC(50) Metaspace: 17254K(17792K)->17254K(17792K) NonClass: 15302K(15552K)->15302K(15552K) Class: 1951K(2240K)->1951K(2240K)
[2025-05-24T00:56:15.183+0000][gc          ] GC(50) Pause Young (Normal) (G1 Evacuation Pause) 774M->176M(1024M) 12.257ms
[2025-05-24T00:56:15.184+0000][gc,cpu      ] GC(50) User=0.05s Sys=0.01s Real=0.02s
[2025-05-24T00:56:38.760+0000][gc,heap,exit] Heap
[2025-05-24T00:56:38.760+0000][gc,heap,exit]  garbage-first heap   total 1048576K, used 624262K [0x00000000c0000000, 0x0000000100000000)
[2025-05-24T00:56:38.760+0000][gc,heap,exit]   region size 1024K, 448 young (458752K), 15 survivors (15360K)
[2025-05-24T00:56:38.760+0000][gc,heap,exit]  Metaspace       used 17882K, committed 18368K, reserved 1114112K
[2025-05-24T00:56:38.761+0000][gc,heap,exit]   class space    used 2119K, committed 2368K, reserved 1048576K
