[2025-05-24T01:11:28.827+0000][gc,init] CardTable entry size: 512
[2025-05-24T01:11:28.827+0000][gc     ] Using G1
[2025-05-24T01:11:28.858+0000][gc,init] Version: 21.0.4+7-LTS (release)
[2025-05-24T01:11:28.858+0000][gc,init] CPUs: 12 total, 12 available
[2025-05-24T01:11:28.858+0000][gc,init] Memory: 15597M
[2025-05-24T01:11:28.859+0000][gc,init] Large Page Support: Disabled
[2025-05-24T01:11:28.859+0000][gc,init] NUMA Support: Disabled
[2025-05-24T01:11:28.859+0000][gc,init] Compressed Oops: Enabled (32-bit)
[2025-05-24T01:11:28.861+0000][gc,init] Heap Region Size: 1M
[2025-05-24T01:11:28.861+0000][gc,init] Heap Min Capacity: 1G
[2025-05-24T01:11:28.862+0000][gc,init] Heap Initial Capacity: 1G
[2025-05-24T01:11:28.862+0000][gc,init] Heap Max Capacity: 1G
[2025-05-24T01:11:28.862+0000][gc,init] Pre-touch: Disabled
[2025-05-24T01:11:28.862+0000][gc,init] Parallel Workers: 10
[2025-05-24T01:11:28.863+0000][gc,init] Concurrent Workers: 3
[2025-05-24T01:11:28.863+0000][gc,init] Concurrent Refinement Workers: 10
[2025-05-24T01:11:28.863+0000][gc,init] Periodic GC: Disabled
[2025-05-24T01:11:28.953+0000][gc,metaspace] CDS archive(s) mapped at: [0x00007fd115000000-0x00007fd115bbe000-0x00007fd118674000), size 57098240, SharedBaseAddress: 0x00007fd115000000, ArchiveRelocationMode: 1.
[2025-05-24T01:11:28.960+0000][gc,metaspace] Compressed class space mapped at: 0x00007fd119000000-0x00007fd159000000, reserved size: 1073741824
[2025-05-24T01:11:28.960+0000][gc,metaspace] Narrow klass base: 0x00007fd115000000, Narrow klass shift: 0, Narrow klass range: 0x100000000
[2025-05-24T01:11:33.416+0000][gc,start    ] GC(0) Pause Young (Normal) (G1 Evacuation Pause)
[2025-05-24T01:11:33.419+0000][gc,task     ] GC(0) Using 10 workers of 10 for evacuation
[2025-05-24T01:11:33.461+0000][gc,phases   ] GC(0)   Pre Evacuate Collection Set: 1.3ms
[2025-05-24T01:11:33.461+0000][gc,phases   ] GC(0)   Merge Heap Roots: 0.4ms
[2025-05-24T01:11:33.461+0000][gc,phases   ] GC(0)   Evacuate Collection Set: 36.6ms
[2025-05-24T01:11:33.462+0000][gc,phases   ] GC(0)   Post Evacuate Collection Set: 2.8ms
[2025-05-24T01:11:33.462+0000][gc,phases   ] GC(0)   Other: 3.6ms
[2025-05-24T01:11:33.463+0000][gc,heap     ] GC(0) Eden regions: 51->0(44)
[2025-05-24T01:11:33.463+0000][gc,heap     ] GC(0) Survivor regions: 0->7(7)
[2025-05-24T01:11:33.463+0000][gc,heap     ] GC(0) Old regions: 1->7
[2025-05-24T01:11:33.464+0000][gc,heap     ] GC(0) Humongous regions: 1->1
[2025-05-24T01:11:33.464+0000][gc,metaspace] GC(0) Metaspace: 5592K(5760K)->5592K(5760K) NonClass: 4938K(5056K)->4938K(5056K) Class: 654K(704K)->654K(704K)
[2025-05-24T01:11:33.464+0000][gc          ] GC(0) Pause Young (Normal) (G1 Evacuation Pause) 52M->14M(1024M) 48.411ms
[2025-05-24T01:11:33.464+0000][gc,cpu      ] GC(0) User=0.10s Sys=0.02s Real=0.05s
[2025-05-24T01:11:40.553+0000][gc,start    ] GC(1) Pause Young (Normal) (G1 Evacuation Pause)
[2025-05-24T01:11:40.553+0000][gc,task     ] GC(1) Using 10 workers of 10 for evacuation
[2025-05-24T01:11:40.577+0000][gc,phases   ] GC(1)   Pre Evacuate Collection Set: 0.4ms
[2025-05-24T01:11:40.578+0000][gc,phases   ] GC(1)   Merge Heap Roots: 0.2ms
[2025-05-24T01:11:40.581+0000][gc,phases   ] GC(1)   Evacuate Collection Set: 19.5ms
[2025-05-24T01:11:40.582+0000][gc,phases   ] GC(1)   Post Evacuate Collection Set: 3.6ms
[2025-05-24T01:11:40.582+0000][gc,phases   ] GC(1)   Other: 0.4ms
[2025-05-24T01:11:40.582+0000][gc,heap     ] GC(1) Eden regions: 44->0(46)
[2025-05-24T01:11:40.582+0000][gc,heap     ] GC(1) Survivor regions: 7->6(7)
[2025-05-24T01:11:40.582+0000][gc,heap     ] GC(1) Old regions: 7->14
[2025-05-24T01:11:40.583+0000][gc,heap     ] GC(1) Humongous regions: 130->130
[2025-05-24T01:11:40.583+0000][gc,metaspace] GC(1) Metaspace: 8722K(9024K)->8722K(9024K) NonClass: 7521K(7680K)->7521K(7680K) Class: 1201K(1344K)->1201K(1344K)
[2025-05-24T01:11:40.583+0000][gc          ] GC(1) Pause Young (Normal) (G1 Evacuation Pause) 187M->149M(1024M) 30.293ms
[2025-05-24T01:11:40.584+0000][gc,cpu      ] GC(1) User=0.08s Sys=0.00s Real=0.03s
[2025-05-24T01:11:41.157+0000][gc,start    ] GC(2) Pause Young (Normal) (G1 Evacuation Pause)
[2025-05-24T01:11:41.157+0000][gc,task     ] GC(2) Using 10 workers of 10 for evacuation
[2025-05-24T01:11:41.179+0000][gc,phases   ] GC(2)   Pre Evacuate Collection Set: 1.5ms
[2025-05-24T01:11:41.180+0000][gc,phases   ] GC(2)   Merge Heap Roots: 0.1ms
[2025-05-24T01:11:41.180+0000][gc,phases   ] GC(2)   Evacuate Collection Set: 18.8ms
[2025-05-24T01:11:41.181+0000][gc,phases   ] GC(2)   Post Evacuate Collection Set: 1.5ms
[2025-05-24T01:11:41.181+0000][gc,phases   ] GC(2)   Other: 0.3ms
[2025-05-24T01:11:41.182+0000][gc,heap     ] GC(2) Eden regions: 49->0(97)
[2025-05-24T01:11:41.182+0000][gc,heap     ] GC(2) Survivor regions: 6->3(7)
[2025-05-24T01:11:41.182+0000][gc,heap     ] GC(2) Old regions: 14->20
[2025-05-24T01:11:41.182+0000][gc,heap     ] GC(2) Humongous regions: 130->130
[2025-05-24T01:11:41.183+0000][gc,metaspace] GC(2) Metaspace: 9181K(9408K)->9181K(9408K) NonClass: 7935K(8064K)->7935K(8064K) Class: 1246K(1344K)->1246K(1344K)
[2025-05-24T01:11:41.183+0000][gc          ] GC(2) Pause Young (Normal) (G1 Evacuation Pause) 198M->151M(1024M) 26.463ms
[2025-05-24T01:11:41.184+0000][gc,cpu      ] GC(2) User=0.02s Sys=0.03s Real=0.03s
[2025-05-24T01:11:46.994+0000][gc,start    ] GC(3) Pause Young (Normal) (G1 Evacuation Pause)
[2025-05-24T01:11:46.994+0000][gc,task     ] GC(3) Using 10 workers of 10 for evacuation
[2025-05-24T01:11:47.007+0000][gc,phases   ] GC(3)   Pre Evacuate Collection Set: 0.4ms
[2025-05-24T01:11:47.007+0000][gc,phases   ] GC(3)   Merge Heap Roots: 0.1ms
[2025-05-24T01:11:47.007+0000][gc,phases   ] GC(3)   Evacuate Collection Set: 10.1ms
[2025-05-24T01:11:47.007+0000][gc,phases   ] GC(3)   Post Evacuate Collection Set: 1.4ms
[2025-05-24T01:11:47.008+0000][gc,phases   ] GC(3)   Other: 0.3ms
[2025-05-24T01:11:47.008+0000][gc,heap     ] GC(3) Eden regions: 101->0(318)
[2025-05-24T01:11:47.008+0000][gc,heap     ] GC(3) Survivor regions: 3->7(13)
[2025-05-24T01:11:47.008+0000][gc,heap     ] GC(3) Old regions: 20->20
[2025-05-24T01:11:47.009+0000][gc,heap     ] GC(3) Humongous regions: 131->130
[2025-05-24T01:11:47.009+0000][gc,metaspace] GC(3) Metaspace: 11754K(12096K)->11754K(12096K) NonClass: 10179K(10368K)->10179K(10368K) Class: 1575K(1728K)->1575K(1728K)
[2025-05-24T01:11:47.010+0000][gc          ] GC(3) Pause Young (Normal) (G1 Evacuation Pause) 253M->156M(1024M) 16.080ms
[2025-05-24T01:11:47.010+0000][gc,cpu      ] GC(3) User=0.04s Sys=0.01s Real=0.02s
[2025-05-24T01:12:10.172+0000][gc,start    ] GC(4) Pause Young (Normal) (G1 Evacuation Pause)
[2025-05-24T01:12:10.173+0000][gc,task     ] GC(4) Using 10 workers of 10 for evacuation
[2025-05-24T01:12:10.186+0000][gc,phases   ] GC(4)   Pre Evacuate Collection Set: 0.4ms
[2025-05-24T01:12:10.186+0000][gc,phases   ] GC(4)   Merge Heap Roots: 0.3ms
[2025-05-24T01:12:10.186+0000][gc,phases   ] GC(4)   Evacuate Collection Set: 10.2ms
[2025-05-24T01:12:10.186+0000][gc,phases   ] GC(4)   Post Evacuate Collection Set: 1.5ms
[2025-05-24T01:12:10.187+0000][gc,phases   ] GC(4)   Other: 0.4ms
[2025-05-24T01:12:10.187+0000][gc,heap     ] GC(4) Eden regions: 325->0(584)
[2025-05-24T01:12:10.187+0000][gc,heap     ] GC(4) Survivor regions: 7->10(42)
[2025-05-24T01:12:10.187+0000][gc,heap     ] GC(4) Old regions: 20->20
[2025-05-24T01:12:10.188+0000][gc,heap     ] GC(4) Humongous regions: 131->130
[2025-05-24T01:12:10.188+0000][gc,metaspace] GC(4) Metaspace: 12911K(13248K)->12911K(13248K) NonClass: 11270K(11456K)->11270K(11456K) Class: 1640K(1792K)->1640K(1792K)
[2025-05-24T01:12:10.188+0000][gc          ] GC(4) Pause Young (Normal) (G1 Evacuation Pause) 482M->158M(1024M) 15.999ms
[2025-05-24T01:12:10.189+0000][gc,cpu      ] GC(4) User=0.03s Sys=0.06s Real=0.02s
[2025-05-24T01:12:20.592+0000][gc,heap,exit] Heap
[2025-05-24T01:12:20.593+0000][gc,heap,exit]  garbage-first heap   total 1048576K, used 338840K [0x00000000c0000000, 0x0000000100000000)
[2025-05-24T01:12:20.593+0000][gc,heap,exit]   region size 1024K, 182 young (186368K), 10 survivors (10240K)
[2025-05-24T01:12:20.593+0000][gc,heap,exit]  Metaspace       used 13873K, committed 14208K, reserved 1114112K
[2025-05-24T01:12:20.594+0000][gc,heap,exit]   class space    used 1819K, committed 1984K, reserved 1048576K
