[2025-05-20T22:24:53.380+0000][gc,init] CardTable entry size: 512
[2025-05-20T22:24:53.382+0000][gc     ] Using G1
[2025-05-20T22:24:53.410+0000][gc,init] Version: 21.0.4+7-LTS (release)
[2025-05-20T22:24:53.416+0000][gc,init] CPUs: 12 total, 12 available
[2025-05-20T22:24:53.419+0000][gc,init] Memory: 15597M
[2025-05-20T22:24:53.432+0000][gc,init] Large Page Support: Disabled
[2025-05-20T22:24:53.458+0000][gc,init] NUMA Support: Disabled
[2025-05-20T22:24:53.463+0000][gc,init] Compressed Oops: Enabled (32-bit)
[2025-05-20T22:24:53.470+0000][gc,init] Heap Region Size: 1M
[2025-05-20T22:24:53.471+0000][gc,init] Heap Min Capacity: 1G
[2025-05-20T22:24:53.471+0000][gc,init] Heap Initial Capacity: 1G
[2025-05-20T22:24:53.471+0000][gc,init] Heap Max Capacity: 1G
[2025-05-20T22:24:53.471+0000][gc,init] Pre-touch: Disabled
[2025-05-20T22:24:53.472+0000][gc,init] Parallel Workers: 10
[2025-05-20T22:24:53.472+0000][gc,init] Concurrent Workers: 3
[2025-05-20T22:24:53.472+0000][gc,init] Concurrent Refinement Workers: 10
[2025-05-20T22:24:53.472+0000][gc,init] Periodic GC: Disabled
[2025-05-20T22:24:53.590+0000][gc,metaspace] CDS archive(s) mapped at: [0x00007f2bde000000-0x00007f2bdebbe000-0x00007f2be1674000), size 57098240, SharedBaseAddress: 0x00007f2bde000000, ArchiveRelocationMode: 1.
[2025-05-20T22:24:53.591+0000][gc,metaspace] Compressed class space mapped at: 0x00007f2be2000000-0x00007f2c22000000, reserved size: 1073741824
[2025-05-20T22:24:53.591+0000][gc,metaspace] Narrow klass base: 0x00007f2bde000000, Narrow klass shift: 0, Narrow klass range: 0x100000000
[2025-05-20T22:24:58.451+0000][gc,start    ] GC(0) Pause Young (Normal) (G1 Evacuation Pause)
[2025-05-20T22:24:58.453+0000][gc,task     ] GC(0) Using 10 workers of 10 for evacuation
[2025-05-20T22:24:58.520+0000][gc,phases   ] GC(0)   Pre Evacuate Collection Set: 0.5ms
[2025-05-20T22:24:58.522+0000][gc,phases   ] GC(0)   Merge Heap Roots: 0.1ms
[2025-05-20T22:24:58.522+0000][gc,phases   ] GC(0)   Evacuate Collection Set: 54.4ms
[2025-05-20T22:24:58.522+0000][gc,phases   ] GC(0)   Post Evacuate Collection Set: 11.4ms
[2025-05-20T22:24:58.522+0000][gc,phases   ] GC(0)   Other: 1.6ms
[2025-05-20T22:24:58.523+0000][gc,heap     ] GC(0) Eden regions: 51->0(44)
[2025-05-20T22:24:58.524+0000][gc,heap     ] GC(0) Survivor regions: 0->7(7)
[2025-05-20T22:24:58.524+0000][gc,heap     ] GC(0) Old regions: 1->7
[2025-05-20T22:24:58.525+0000][gc,heap     ] GC(0) Humongous regions: 1->1
[2025-05-20T22:24:58.525+0000][gc,metaspace] GC(0) Metaspace: 5593K(5824K)->5593K(5824K) NonClass: 4930K(5056K)->4930K(5056K) Class: 663K(768K)->663K(768K)
[2025-05-20T22:24:58.525+0000][gc          ] GC(0) Pause Young (Normal) (G1 Evacuation Pause) 52M->14M(1024M) 74.046ms
[2025-05-20T22:24:58.526+0000][gc,cpu      ] GC(0) User=0.12s Sys=0.03s Real=0.08s
[2025-05-20T22:25:00.606+0000][gc,start    ] GC(1) Pause Young (Normal) (G1 Evacuation Pause)
[2025-05-20T22:25:00.607+0000][gc,task     ] GC(1) Using 10 workers of 10 for evacuation
[2025-05-20T22:25:00.654+0000][gc,phases   ] GC(1)   Pre Evacuate Collection Set: 0.5ms
[2025-05-20T22:25:00.654+0000][gc,phases   ] GC(1)   Merge Heap Roots: 0.2ms
[2025-05-20T22:25:00.656+0000][gc,phases   ] GC(1)   Evacuate Collection Set: 44.9ms
[2025-05-20T22:25:00.657+0000][gc,phases   ] GC(1)   Post Evacuate Collection Set: 1.2ms
[2025-05-20T22:25:00.657+0000][gc,phases   ] GC(1)   Other: 0.4ms
[2025-05-20T22:25:00.657+0000][gc,heap     ] GC(1) Eden regions: 44->0(47)
[2025-05-20T22:25:00.657+0000][gc,heap     ] GC(1) Survivor regions: 7->5(7)
[2025-05-20T22:25:00.658+0000][gc,heap     ] GC(1) Old regions: 7->15
[2025-05-20T22:25:00.658+0000][gc,heap     ] GC(1) Humongous regions: 130->130
[2025-05-20T22:25:00.658+0000][gc,metaspace] GC(1) Metaspace: 7527K(7744K)->7527K(7744K) NonClass: 6600K(6720K)->6600K(6720K) Class: 926K(1024K)->926K(1024K)
[2025-05-20T22:25:00.659+0000][gc          ] GC(1) Pause Young (Normal) (G1 Evacuation Pause) 187M->148M(1024M) 52.779ms
[2025-05-20T22:25:00.659+0000][gc,cpu      ] GC(1) User=0.07s Sys=0.01s Real=0.05s
[2025-05-20T22:25:01.246+0000][gc,start    ] GC(2) Pause Young (Normal) (G1 Evacuation Pause)
[2025-05-20T22:25:01.247+0000][gc,task     ] GC(2) Using 10 workers of 10 for evacuation
[2025-05-20T22:25:01.259+0000][gc,phases   ] GC(2)   Pre Evacuate Collection Set: 0.4ms
[2025-05-20T22:25:01.260+0000][gc,phases   ] GC(2)   Merge Heap Roots: 0.1ms
[2025-05-20T22:25:01.260+0000][gc,phases   ] GC(2)   Evacuate Collection Set: 8.3ms
[2025-05-20T22:25:01.260+0000][gc,phases   ] GC(2)   Post Evacuate Collection Set: 2.4ms
[2025-05-20T22:25:01.260+0000][gc,phases   ] GC(2)   Other: 0.6ms
[2025-05-20T22:25:01.260+0000][gc,heap     ] GC(2) Eden regions: 51->0(104)
[2025-05-20T22:25:01.261+0000][gc,heap     ] GC(2) Survivor regions: 5->2(7)
[2025-05-20T22:25:01.261+0000][gc,heap     ] GC(2) Old regions: 15->19
[2025-05-20T22:25:01.261+0000][gc,heap     ] GC(2) Humongous regions: 130->130
[2025-05-20T22:25:01.261+0000][gc,metaspace] GC(2) Metaspace: 7996K(8256K)->7996K(8256K) NonClass: 7020K(7168K)->7020K(7168K) Class: 975K(1088K)->975K(1088K)
[2025-05-20T22:25:01.261+0000][gc          ] GC(2) Pause Young (Normal) (G1 Evacuation Pause) 199M->150M(1024M) 15.183ms
[2025-05-20T22:25:01.262+0000][gc,cpu      ] GC(2) User=0.04s Sys=0.02s Real=0.01s
[2025-05-20T22:25:09.254+0000][gc,start    ] GC(3) Pause Young (Normal) (G1 Evacuation Pause)
[2025-05-20T22:25:09.254+0000][gc,task     ] GC(3) Using 10 workers of 10 for evacuation
[2025-05-20T22:25:09.265+0000][gc,phases   ] GC(3)   Pre Evacuate Collection Set: 0.3ms
[2025-05-20T22:25:09.265+0000][gc,phases   ] GC(3)   Merge Heap Roots: 0.3ms
[2025-05-20T22:25:09.265+0000][gc,phases   ] GC(3)   Evacuate Collection Set: 8.4ms
[2025-05-20T22:25:09.265+0000][gc,phases   ] GC(3)   Post Evacuate Collection Set: 1.2ms
[2025-05-20T22:25:09.265+0000][gc,phases   ] GC(3)   Other: 0.3ms
[2025-05-20T22:25:09.266+0000][gc,heap     ] GC(3) Eden regions: 106->0(274)
[2025-05-20T22:25:09.266+0000][gc,heap     ] GC(3) Survivor regions: 2->9(14)
[2025-05-20T22:25:09.266+0000][gc,heap     ] GC(3) Old regions: 19->19
[2025-05-20T22:25:09.266+0000][gc,heap     ] GC(3) Humongous regions: 131->130
[2025-05-20T22:25:09.266+0000][gc,metaspace] GC(3) Metaspace: 12556K(12928K)->12556K(12928K) NonClass: 10850K(11008K)->10850K(11008K) Class: 1706K(1920K)->1706K(1920K)
[2025-05-20T22:25:09.266+0000][gc          ] GC(3) Pause Young (Normal) (G1 Evacuation Pause) 257M->157M(1024M) 12.479ms
[2025-05-20T22:25:09.267+0000][gc,cpu      ] GC(3) User=0.03s Sys=0.04s Real=0.01s
[2025-05-20T22:25:19.808+0000][gc,start    ] GC(4) Pause Young (Normal) (G1 Evacuation Pause)
[2025-05-20T22:25:19.809+0000][gc,task     ] GC(4) Using 10 workers of 10 for evacuation
[2025-05-20T22:25:19.818+0000][gc,phases   ] GC(4)   Pre Evacuate Collection Set: 0.4ms
[2025-05-20T22:25:19.818+0000][gc,phases   ] GC(4)   Merge Heap Roots: 0.2ms
[2025-05-20T22:25:19.819+0000][gc,phases   ] GC(4)   Evacuate Collection Set: 7.6ms
[2025-05-20T22:25:19.819+0000][gc,phases   ] GC(4)   Post Evacuate Collection Set: 1.0ms
[2025-05-20T22:25:19.819+0000][gc,phases   ] GC(4)   Other: 0.3ms
[2025-05-20T22:25:19.819+0000][gc,heap     ] GC(4) Eden regions: 271->0(602)
[2025-05-20T22:25:19.819+0000][gc,heap     ] GC(4) Survivor regions: 9->12(35)
[2025-05-20T22:25:19.819+0000][gc,heap     ] GC(4) Old regions: 19->19
[2025-05-20T22:25:19.820+0000][gc,heap     ] GC(4) Humongous regions: 131->130
[2025-05-20T22:25:19.820+0000][gc,metaspace] GC(4) Metaspace: 13067K(13504K)->13067K(13504K) NonClass: 11307K(11520K)->11307K(11520K) Class: 1760K(1984K)->1760K(1984K)
[2025-05-20T22:25:19.820+0000][gc          ] GC(4) Pause Young (Normal) (G1 Evacuation Pause) 429M->160M(1024M) 11.681ms
[2025-05-20T22:25:19.820+0000][gc,cpu      ] GC(4) User=0.00s Sys=0.06s Real=0.01s
[2025-05-20T22:26:03.063+0000][gc,heap,exit] Heap
[2025-05-20T22:26:03.063+0000][gc,heap,exit]  garbage-first heap   total 1048576K, used 670222K [0x00000000c0000000, 0x0000000100000000)
[2025-05-20T22:26:03.063+0000][gc,heap,exit]   region size 1024K, 506 young (518144K), 12 survivors (12288K)
[2025-05-20T22:26:03.063+0000][gc,heap,exit]  Metaspace       used 14690K, committed 15040K, reserved 1114112K
[2025-05-20T22:26:03.063+0000][gc,heap,exit]   class space    used 2000K, committed 2176K, reserved 1048576K
