[2025-05-24T13:05:58.929+0000][gc,init] CardTable entry size: 512
[2025-05-24T13:05:58.931+0000][gc     ] Using G1
[2025-05-24T13:05:58.942+0000][gc,init] Version: 21.0.4+7-LTS (release)
[2025-05-24T13:05:58.943+0000][gc,init] CPUs: 12 total, 12 available
[2025-05-24T13:05:58.945+0000][gc,init] Memory: 15597M
[2025-05-24T13:05:58.945+0000][gc,init] Large Page Support: Disabled
[2025-05-24T13:05:58.949+0000][gc,init] NUMA Support: Disabled
[2025-05-24T13:05:58.949+0000][gc,init] Compressed Oops: Enabled (32-bit)
[2025-05-24T13:05:58.949+0000][gc,init] Heap Region Size: 1M
[2025-05-24T13:05:58.950+0000][gc,init] Heap Min Capacity: 1G
[2025-05-24T13:05:58.950+0000][gc,init] Heap Initial Capacity: 1G
[2025-05-24T13:05:58.950+0000][gc,init] Heap Max Capacity: 1G
[2025-05-24T13:05:58.951+0000][gc,init] Pre-touch: Disabled
[2025-05-24T13:05:58.951+0000][gc,init] Parallel Workers: 10
[2025-05-24T13:05:58.952+0000][gc,init] Concurrent Workers: 3
[2025-05-24T13:05:58.952+0000][gc,init] Concurrent Refinement Workers: 10
[2025-05-24T13:05:58.952+0000][gc,init] Periodic GC: Disabled
[2025-05-24T13:05:59.060+0000][gc,metaspace] CDS archive(s) mapped at: [0x00007f506f000000-0x00007f506fbbe000-0x00007f5072674000), size 57098240, SharedBaseAddress: 0x00007f506f000000, ArchiveRelocationMode: 1.
[2025-05-24T13:05:59.060+0000][gc,metaspace] Compressed class space mapped at: 0x00007f5073000000-0x00007f50b3000000, reserved size: 1073741824
[2025-05-24T13:05:59.061+0000][gc,metaspace] Narrow klass base: 0x00007f506f000000, Narrow klass shift: 0, Narrow klass range: 0x100000000
[2025-05-24T13:06:01.987+0000][gc,start    ] GC(0) Pause Young (Normal) (G1 Evacuation Pause)
[2025-05-24T13:06:02.008+0000][gc,task     ] GC(0) Using 10 workers of 10 for evacuation
[2025-05-24T13:06:02.058+0000][gc,phases   ] GC(0)   Pre Evacuate Collection Set: 0.3ms
[2025-05-24T13:06:02.061+0000][gc,phases   ] GC(0)   Merge Heap Roots: 0.1ms
[2025-05-24T13:06:02.061+0000][gc,phases   ] GC(0)   Evacuate Collection Set: 36.4ms
[2025-05-24T13:06:02.061+0000][gc,phases   ] GC(0)   Post Evacuate Collection Set: 6.3ms
[2025-05-24T13:06:02.061+0000][gc,phases   ] GC(0)   Other: 23.4ms
[2025-05-24T13:06:02.061+0000][gc,heap     ] GC(0) Eden regions: 51->0(44)
[2025-05-24T13:06:02.062+0000][gc,heap     ] GC(0) Survivor regions: 0->7(7)
[2025-05-24T13:06:02.062+0000][gc,heap     ] GC(0) Old regions: 1->7
[2025-05-24T13:06:02.062+0000][gc,heap     ] GC(0) Humongous regions: 1->1
[2025-05-24T13:06:02.062+0000][gc,metaspace] GC(0) Metaspace: 5702K(5888K)->5702K(5888K) NonClass: 5027K(5120K)->5027K(5120K) Class: 675K(768K)->675K(768K)
[2025-05-24T13:06:02.062+0000][gc          ] GC(0) Pause Young (Normal) (G1 Evacuation Pause) 52M->14M(1024M) 75.016ms
[2025-05-24T13:06:02.062+0000][gc,cpu      ] GC(0) User=0.09s Sys=0.00s Real=0.08s
[2025-05-24T13:06:09.771+0000][gc,start    ] GC(1) Pause Young (Normal) (G1 Evacuation Pause)
[2025-05-24T13:06:09.772+0000][gc,task     ] GC(1) Using 10 workers of 10 for evacuation
[2025-05-24T13:06:09.783+0000][gc,phases   ] GC(1)   Pre Evacuate Collection Set: 0.5ms
[2025-05-24T13:06:09.783+0000][gc,phases   ] GC(1)   Merge Heap Roots: 0.3ms
[2025-05-24T13:06:09.783+0000][gc,phases   ] GC(1)   Evacuate Collection Set: 8.5ms
[2025-05-24T13:06:09.783+0000][gc,phases   ] GC(1)   Post Evacuate Collection Set: 1.6ms
[2025-05-24T13:06:09.784+0000][gc,phases   ] GC(1)   Other: 0.3ms
[2025-05-24T13:06:09.784+0000][gc,heap     ] GC(1) Eden regions: 44->0(49)
[2025-05-24T13:06:09.784+0000][gc,heap     ] GC(1) Survivor regions: 7->4(7)
[2025-05-24T13:06:09.784+0000][gc,heap     ] GC(1) Old regions: 7->15
[2025-05-24T13:06:09.785+0000][gc,heap     ] GC(1) Humongous regions: 130->1
[2025-05-24T13:06:09.785+0000][gc,metaspace] GC(1) Metaspace: 9110K(9408K)->9110K(9408K) NonClass: 7915K(8064K)->7915K(8064K) Class: 1194K(1344K)->1194K(1344K)
[2025-05-24T13:06:09.785+0000][gc          ] GC(1) Pause Young (Normal) (G1 Evacuation Pause) 187M->18M(1024M) 13.658ms
[2025-05-24T13:06:09.785+0000][gc,cpu      ] GC(1) User=0.05s Sys=0.02s Real=0.01s
[2025-05-24T13:06:09.906+0000][gc,heap,exit] Heap
[2025-05-24T13:06:09.906+0000][gc,heap,exit]  garbage-first heap   total 1048576K, used 25197K [0x00000000c0000000, 0x0000000100000000)
[2025-05-24T13:06:09.906+0000][gc,heap,exit]   region size 1024K, 10 young (10240K), 4 survivors (4096K)
[2025-05-24T13:06:09.907+0000][gc,heap,exit]  Metaspace       used 9262K, committed 9472K, reserved 1114112K
[2025-05-24T13:06:09.907+0000][gc,heap,exit]   class space    used 1238K, committed 1344K, reserved 1048576K
