[2025-05-20T23:12:48.947+0000][gc,init] CardTable entry size: 512
[2025-05-20T23:12:48.947+0000][gc     ] Using G1
[2025-05-20T23:12:49.015+0000][gc,init] Version: 21.0.4+7-LTS (release)
[2025-05-20T23:12:49.018+0000][gc,init] CPUs: 12 total, 12 available
[2025-05-20T23:12:49.019+0000][gc,init] Memory: 15597M
[2025-05-20T23:12:49.019+0000][gc,init] Large Page Support: Disabled
[2025-05-20T23:12:49.019+0000][gc,init] NUMA Support: Disabled
[2025-05-20T23:12:49.020+0000][gc,init] Compressed Oops: Enabled (32-bit)
[2025-05-20T23:12:49.020+0000][gc,init] Heap Region Size: 1M
[2025-05-20T23:12:49.020+0000][gc,init] Heap Min Capacity: 1G
[2025-05-20T23:12:49.020+0000][gc,init] Heap Initial Capacity: 1G
[2025-05-20T23:12:49.020+0000][gc,init] Heap Max Capacity: 1G
[2025-05-20T23:12:49.021+0000][gc,init] Pre-touch: Disabled
[2025-05-20T23:12:49.021+0000][gc,init] Parallel Workers: 10
[2025-05-20T23:12:49.021+0000][gc,init] Concurrent Workers: 3
[2025-05-20T23:12:49.021+0000][gc,init] Concurrent Refinement Workers: 10
[2025-05-20T23:12:49.021+0000][gc,init] Periodic GC: Disabled
[2025-05-20T23:12:49.098+0000][gc,metaspace] CDS archive(s) mapped at: [0x00007f4182000000-0x00007f4182bbe000-0x00007f4185674000), size 57098240, SharedBaseAddress: 0x00007f4182000000, ArchiveRelocationMode: 1.
[2025-05-20T23:12:49.099+0000][gc,metaspace] Compressed class space mapped at: 0x00007f4186000000-0x00007f41c6000000, reserved size: 1073741824
[2025-05-20T23:12:49.099+0000][gc,metaspace] Narrow klass base: 0x00007f4182000000, Narrow klass shift: 0, Narrow klass range: 0x100000000
[2025-05-20T23:12:55.016+0000][gc,start    ] GC(0) Pause Young (Normal) (G1 Evacuation Pause)
[2025-05-20T23:12:55.021+0000][gc,task     ] GC(0) Using 10 workers of 10 for evacuation
[2025-05-20T23:12:55.121+0000][gc,phases   ] GC(0)   Pre Evacuate Collection Set: 0.9ms
[2025-05-20T23:12:55.130+0000][gc,phases   ] GC(0)   Merge Heap Roots: 0.1ms
[2025-05-20T23:12:55.131+0000][gc,phases   ] GC(0)   Evacuate Collection Set: 64.8ms
[2025-05-20T23:12:55.131+0000][gc,phases   ] GC(0)   Post Evacuate Collection Set: 33.4ms
[2025-05-20T23:12:55.131+0000][gc,phases   ] GC(0)   Other: 4.5ms
[2025-05-20T23:12:55.132+0000][gc,heap     ] GC(0) Eden regions: 51->0(44)
[2025-05-20T23:12:55.132+0000][gc,heap     ] GC(0) Survivor regions: 0->7(7)
[2025-05-20T23:12:55.132+0000][gc,heap     ] GC(0) Old regions: 1->7
[2025-05-20T23:12:55.133+0000][gc,heap     ] GC(0) Humongous regions: 1->1
[2025-05-20T23:12:55.133+0000][gc,metaspace] GC(0) Metaspace: 5743K(5952K)->5743K(5952K) NonClass: 5082K(5184K)->5082K(5184K) Class: 660K(768K)->660K(768K)
[2025-05-20T23:12:55.133+0000][gc          ] GC(0) Pause Young (Normal) (G1 Evacuation Pause) 52M->14M(1024M) 116.533ms
[2025-05-20T23:12:55.133+0000][gc,cpu      ] GC(0) User=0.09s Sys=0.08s Real=0.12s
[2025-05-20T23:12:59.853+0000][gc,start    ] GC(1) Pause Young (Normal) (G1 Evacuation Pause)
[2025-05-20T23:12:59.853+0000][gc,task     ] GC(1) Using 10 workers of 10 for evacuation
[2025-05-20T23:12:59.888+0000][gc,phases   ] GC(1)   Pre Evacuate Collection Set: 0.3ms
[2025-05-20T23:12:59.888+0000][gc,phases   ] GC(1)   Merge Heap Roots: 0.1ms
[2025-05-20T23:12:59.889+0000][gc,phases   ] GC(1)   Evacuate Collection Set: 31.7ms
[2025-05-20T23:12:59.889+0000][gc,phases   ] GC(1)   Post Evacuate Collection Set: 2.6ms
[2025-05-20T23:12:59.889+0000][gc,phases   ] GC(1)   Other: 0.3ms
[2025-05-20T23:12:59.889+0000][gc,heap     ] GC(1) Eden regions: 44->0(46)
[2025-05-20T23:12:59.890+0000][gc,heap     ] GC(1) Survivor regions: 7->6(7)
[2025-05-20T23:12:59.890+0000][gc,heap     ] GC(1) Old regions: 7->14
[2025-05-20T23:12:59.890+0000][gc,heap     ] GC(1) Humongous regions: 130->130
[2025-05-20T23:12:59.891+0000][gc,metaspace] GC(1) Metaspace: 8691K(8960K)->8691K(8960K) NonClass: 7616K(7744K)->7616K(7744K) Class: 1075K(1216K)->1075K(1216K)
[2025-05-20T23:12:59.891+0000][gc          ] GC(1) Pause Young (Normal) (G1 Evacuation Pause) 187M->149M(1024M) 37.889ms
[2025-05-20T23:12:59.891+0000][gc,cpu      ] GC(1) User=0.03s Sys=0.05s Real=0.04s
[2025-05-20T23:13:00.695+0000][gc,start    ] GC(2) Pause Young (Normal) (G1 Evacuation Pause)
[2025-05-20T23:13:00.696+0000][gc,task     ] GC(2) Using 10 workers of 10 for evacuation
[2025-05-20T23:13:00.721+0000][gc,phases   ] GC(2)   Pre Evacuate Collection Set: 0.4ms
[2025-05-20T23:13:00.721+0000][gc,phases   ] GC(2)   Merge Heap Roots: 0.1ms
[2025-05-20T23:13:00.725+0000][gc,phases   ] GC(2)   Evacuate Collection Set: 23.1ms
[2025-05-20T23:13:00.726+0000][gc,phases   ] GC(2)   Post Evacuate Collection Set: 0.8ms
[2025-05-20T23:13:00.726+0000][gc,phases   ] GC(2)   Other: 0.5ms
[2025-05-20T23:13:00.727+0000][gc,heap     ] GC(2) Eden regions: 48->0(121)
[2025-05-20T23:13:00.727+0000][gc,heap     ] GC(2) Survivor regions: 6->2(7)
[2025-05-20T23:13:00.727+0000][gc,heap     ] GC(2) Old regions: 14->19
[2025-05-20T23:13:00.727+0000][gc,heap     ] GC(2) Humongous regions: 130->130
[2025-05-20T23:13:00.727+0000][gc,metaspace] GC(2) Metaspace: 9501K(9792K)->9501K(9792K) NonClass: 8292K(8448K)->8292K(8448K) Class: 1208K(1344K)->1208K(1344K)
[2025-05-20T23:13:00.728+0000][gc          ] GC(2) Pause Young (Normal) (G1 Evacuation Pause) 197M->150M(1024M) 32.191ms
[2025-05-20T23:13:00.728+0000][gc,cpu      ] GC(2) User=0.04s Sys=0.04s Real=0.04s
[2025-05-20T23:13:09.315+0000][gc,start    ] GC(3) Pause Young (Normal) (G1 Evacuation Pause)
[2025-05-20T23:13:09.316+0000][gc,task     ] GC(3) Using 10 workers of 10 for evacuation
[2025-05-20T23:13:09.324+0000][gc,phases   ] GC(3)   Pre Evacuate Collection Set: 0.3ms
[2025-05-20T23:13:09.324+0000][gc,phases   ] GC(3)   Merge Heap Roots: 0.2ms
[2025-05-20T23:13:09.325+0000][gc,phases   ] GC(3)   Evacuate Collection Set: 6.8ms
[2025-05-20T23:13:09.325+0000][gc,phases   ] GC(3)   Post Evacuate Collection Set: 0.9ms
[2025-05-20T23:13:09.325+0000][gc,phases   ] GC(3)   Other: 0.4ms
[2025-05-20T23:13:09.325+0000][gc,heap     ] GC(3) Eden regions: 121->0(522)
[2025-05-20T23:13:09.325+0000][gc,heap     ] GC(3) Survivor regions: 2->8(16)
[2025-05-20T23:13:09.325+0000][gc,heap     ] GC(3) Old regions: 19->19
[2025-05-20T23:13:09.326+0000][gc,heap     ] GC(3) Humongous regions: 131->130
[2025-05-20T23:13:09.326+0000][gc,metaspace] GC(3) Metaspace: 11837K(12224K)->11837K(12224K) NonClass: 10309K(10496K)->10309K(10496K) Class: 1527K(1728K)->1527K(1728K)
[2025-05-20T23:13:09.326+0000][gc          ] GC(3) Pause Young (Normal) (G1 Evacuation Pause) 272M->156M(1024M) 10.740ms
[2025-05-20T23:13:09.326+0000][gc,cpu      ] GC(3) User=0.04s Sys=0.01s Real=0.01s
[2025-05-20T23:13:39.728+0000][gc,start    ] GC(4) Pause Young (Normal) (G1 Evacuation Pause)
[2025-05-20T23:13:39.728+0000][gc,task     ] GC(4) Using 10 workers of 10 for evacuation
[2025-05-20T23:13:39.738+0000][gc,phases   ] GC(4)   Pre Evacuate Collection Set: 0.4ms
[2025-05-20T23:13:39.738+0000][gc,phases   ] GC(4)   Merge Heap Roots: 0.2ms
[2025-05-20T23:13:39.738+0000][gc,phases   ] GC(4)   Evacuate Collection Set: 7.3ms
[2025-05-20T23:13:39.739+0000][gc,phases   ] GC(4)   Post Evacuate Collection Set: 1.3ms
[2025-05-20T23:13:39.739+0000][gc,phases   ] GC(4)   Other: 0.5ms
[2025-05-20T23:13:39.739+0000][gc,heap     ] GC(4) Eden regions: 519->0(603)
[2025-05-20T23:13:39.739+0000][gc,heap     ] GC(4) Survivor regions: 8->11(66)
[2025-05-20T23:13:39.739+0000][gc,heap     ] GC(4) Old regions: 19->19
[2025-05-20T23:13:39.739+0000][gc,heap     ] GC(4) Humongous regions: 131->130
[2025-05-20T23:13:39.740+0000][gc,metaspace] GC(4) Metaspace: 12465K(12864K)->12465K(12864K) NonClass: 10879K(11072K)->10879K(11072K) Class: 1585K(1792K)->1585K(1792K)
[2025-05-20T23:13:39.740+0000][gc          ] GC(4) Pause Young (Normal) (G1 Evacuation Pause) 676M->159M(1024M) 11.901ms
[2025-05-20T23:13:39.740+0000][gc,cpu      ] GC(4) User=0.03s Sys=0.03s Real=0.01s
[2025-05-20T23:14:29.266+0000][gc,start    ] GC(5) Pause Young (Normal) (G1 Evacuation Pause)
[2025-05-20T23:14:29.266+0000][gc,task     ] GC(5) Using 10 workers of 10 for evacuation
[2025-05-20T23:14:29.275+0000][gc,phases   ] GC(5)   Pre Evacuate Collection Set: 0.4ms
[2025-05-20T23:14:29.275+0000][gc,phases   ] GC(5)   Merge Heap Roots: 0.3ms
[2025-05-20T23:14:29.275+0000][gc,phases   ] GC(5)   Evacuate Collection Set: 6.5ms
[2025-05-20T23:14:29.275+0000][gc,phases   ] GC(5)   Post Evacuate Collection Set: 1.1ms
[2025-05-20T23:14:29.275+0000][gc,phases   ] GC(5)   Other: 0.4ms
[2025-05-20T23:14:29.276+0000][gc,heap     ] GC(5) Eden regions: 603->0(605)
[2025-05-20T23:14:29.276+0000][gc,heap     ] GC(5) Survivor regions: 11->9(77)
[2025-05-20T23:14:29.276+0000][gc,heap     ] GC(5) Old regions: 19->19
[2025-05-20T23:14:29.276+0000][gc,heap     ] GC(5) Humongous regions: 130->130
[2025-05-20T23:14:29.276+0000][gc,metaspace] GC(5) Metaspace: 12823K(13248K)->12823K(13248K) NonClass: 11232K(11456K)->11232K(11456K) Class: 1591K(1792K)->1591K(1792K)
[2025-05-20T23:14:29.276+0000][gc          ] GC(5) Pause Young (Normal) (G1 Evacuation Pause) 762M->157M(1024M) 10.597ms
[2025-05-20T23:14:29.276+0000][gc,cpu      ] GC(5) User=0.00s Sys=0.04s Real=0.01s
[2025-05-20T23:15:09.401+0000][gc,start    ] GC(6) Pause Young (Normal) (G1 Evacuation Pause)
[2025-05-20T23:15:09.402+0000][gc,task     ] GC(6) Using 10 workers of 10 for evacuation
[2025-05-20T23:15:09.406+0000][gc,phases   ] GC(6)   Pre Evacuate Collection Set: 0.4ms
[2025-05-20T23:15:09.407+0000][gc,phases   ] GC(6)   Merge Heap Roots: 0.3ms
[2025-05-20T23:15:09.407+0000][gc,phases   ] GC(6)   Evacuate Collection Set: 2.5ms
[2025-05-20T23:15:09.407+0000][gc,phases   ] GC(6)   Post Evacuate Collection Set: 1.1ms
[2025-05-20T23:15:09.407+0000][gc,phases   ] GC(6)   Other: 0.3ms
[2025-05-20T23:15:09.407+0000][gc,heap     ] GC(6) Eden regions: 605->0(605)
[2025-05-20T23:15:09.407+0000][gc,heap     ] GC(6) Survivor regions: 9->9(77)
[2025-05-20T23:15:09.408+0000][gc,heap     ] GC(6) Old regions: 19->19
[2025-05-20T23:15:09.408+0000][gc,heap     ] GC(6) Humongous regions: 130->130
[2025-05-20T23:15:09.408+0000][gc,metaspace] GC(6) Metaspace: 13101K(13504K)->13101K(13504K) NonClass: 11506K(11712K)->11506K(11712K) Class: 1595K(1792K)->1595K(1792K)
[2025-05-20T23:15:09.408+0000][gc          ] GC(6) Pause Young (Normal) (G1 Evacuation Pause) 762M->157M(1024M) 6.670ms
[2025-05-20T23:15:09.408+0000][gc,cpu      ] GC(6) User=0.03s Sys=0.01s Real=0.01s
[2025-05-20T23:15:49.578+0000][gc,start    ] GC(7) Pause Young (Normal) (G1 Evacuation Pause)
[2025-05-20T23:15:49.579+0000][gc,task     ] GC(7) Using 10 workers of 10 for evacuation
[2025-05-20T23:15:49.585+0000][gc,phases   ] GC(7)   Pre Evacuate Collection Set: 0.4ms
[2025-05-20T23:15:49.585+0000][gc,phases   ] GC(7)   Merge Heap Roots: 0.2ms
[2025-05-20T23:15:49.585+0000][gc,phases   ] GC(7)   Evacuate Collection Set: 3.7ms
[2025-05-20T23:15:49.585+0000][gc,phases   ] GC(7)   Post Evacuate Collection Set: 1.2ms
[2025-05-20T23:15:49.585+0000][gc,phases   ] GC(7)   Other: 0.4ms
[2025-05-20T23:15:49.585+0000][gc,heap     ] GC(7) Eden regions: 605->0(604)
[2025-05-20T23:15:49.586+0000][gc,heap     ] GC(7) Survivor regions: 9->10(77)
[2025-05-20T23:15:49.586+0000][gc,heap     ] GC(7) Old regions: 19->19
[2025-05-20T23:15:49.586+0000][gc,heap     ] GC(7) Humongous regions: 130->130
[2025-05-20T23:15:49.586+0000][gc,metaspace] GC(7) Metaspace: 13235K(13696K)->13235K(13696K) NonClass: 11633K(11840K)->11633K(11840K) Class: 1602K(1856K)->1602K(1856K)
[2025-05-20T23:15:49.586+0000][gc          ] GC(7) Pause Young (Normal) (G1 Evacuation Pause) 762M->158M(1024M) 8.065ms
[2025-05-20T23:15:49.587+0000][gc,cpu      ] GC(7) User=0.03s Sys=0.01s Real=0.00s
[2025-05-20T23:16:29.739+0000][gc,start    ] GC(8) Pause Young (Normal) (G1 Evacuation Pause)
[2025-05-20T23:16:29.740+0000][gc,task     ] GC(8) Using 10 workers of 10 for evacuation
[2025-05-20T23:16:29.744+0000][gc,phases   ] GC(8)   Pre Evacuate Collection Set: 0.5ms
[2025-05-20T23:16:29.745+0000][gc,phases   ] GC(8)   Merge Heap Roots: 0.3ms
[2025-05-20T23:16:29.745+0000][gc,phases   ] GC(8)   Evacuate Collection Set: 2.7ms
[2025-05-20T23:16:29.745+0000][gc,phases   ] GC(8)   Post Evacuate Collection Set: 1.0ms
[2025-05-20T23:16:29.745+0000][gc,phases   ] GC(8)   Other: 0.3ms
[2025-05-20T23:16:29.745+0000][gc,heap     ] GC(8) Eden regions: 604->0(605)
[2025-05-20T23:16:29.745+0000][gc,heap     ] GC(8) Survivor regions: 10->9(77)
[2025-05-20T23:16:29.746+0000][gc,heap     ] GC(8) Old regions: 19->19
[2025-05-20T23:16:29.746+0000][gc,heap     ] GC(8) Humongous regions: 130->130
[2025-05-20T23:16:29.746+0000][gc,metaspace] GC(8) Metaspace: 13317K(13760K)->13317K(13760K) NonClass: 11714K(11904K)->11714K(11904K) Class: 1603K(1856K)->1603K(1856K)
[2025-05-20T23:16:29.746+0000][gc          ] GC(8) Pause Young (Normal) (G1 Evacuation Pause) 762M->157M(1024M) 6.692ms
[2025-05-20T23:16:29.746+0000][gc,cpu      ] GC(8) User=0.02s Sys=0.00s Real=0.01s
[2025-05-20T23:17:19.434+0000][gc,start    ] GC(9) Pause Young (Normal) (G1 Evacuation Pause)
[2025-05-20T23:17:19.435+0000][gc,task     ] GC(9) Using 10 workers of 10 for evacuation
[2025-05-20T23:17:19.440+0000][gc,phases   ] GC(9)   Pre Evacuate Collection Set: 0.3ms
[2025-05-20T23:17:19.440+0000][gc,phases   ] GC(9)   Merge Heap Roots: 0.3ms
[2025-05-20T23:17:19.440+0000][gc,phases   ] GC(9)   Evacuate Collection Set: 2.8ms
[2025-05-20T23:17:19.440+0000][gc,phases   ] GC(9)   Post Evacuate Collection Set: 1.1ms
[2025-05-20T23:17:19.440+0000][gc,phases   ] GC(9)   Other: 0.3ms
[2025-05-20T23:17:19.440+0000][gc,heap     ] GC(9) Eden regions: 605->0(605)
[2025-05-20T23:17:19.441+0000][gc,heap     ] GC(9) Survivor regions: 9->9(77)
[2025-05-20T23:17:19.441+0000][gc,heap     ] GC(9) Old regions: 19->19
[2025-05-20T23:17:19.441+0000][gc,heap     ] GC(9) Humongous regions: 130->130
[2025-05-20T23:17:19.441+0000][gc,metaspace] GC(9) Metaspace: 13430K(13888K)->13430K(13888K) NonClass: 11826K(12032K)->11826K(12032K) Class: 1604K(1856K)->1604K(1856K)
[2025-05-20T23:17:19.441+0000][gc          ] GC(9) Pause Young (Normal) (G1 Evacuation Pause) 762M->157M(1024M) 6.699ms
[2025-05-20T23:17:19.441+0000][gc,cpu      ] GC(9) User=0.03s Sys=0.01s Real=0.00s
[2025-05-20T23:17:59.546+0000][gc,start    ] GC(10) Pause Young (Normal) (G1 Evacuation Pause)
[2025-05-20T23:17:59.546+0000][gc,task     ] GC(10) Using 10 workers of 10 for evacuation
[2025-05-20T23:17:59.552+0000][gc,phases   ] GC(10)   Pre Evacuate Collection Set: 0.5ms
[2025-05-20T23:17:59.552+0000][gc,phases   ] GC(10)   Merge Heap Roots: 0.4ms
[2025-05-20T23:17:59.552+0000][gc,phases   ] GC(10)   Evacuate Collection Set: 2.8ms
[2025-05-20T23:17:59.552+0000][gc,phases   ] GC(10)   Post Evacuate Collection Set: 1.2ms
[2025-05-20T23:17:59.552+0000][gc,phases   ] GC(10)   Other: 0.4ms
[2025-05-20T23:17:59.552+0000][gc,heap     ] GC(10) Eden regions: 605->0(604)
[2025-05-20T23:17:59.553+0000][gc,heap     ] GC(10) Survivor regions: 9->10(77)
[2025-05-20T23:17:59.553+0000][gc,heap     ] GC(10) Old regions: 19->19
[2025-05-20T23:17:59.553+0000][gc,heap     ] GC(10) Humongous regions: 130->130
[2025-05-20T23:17:59.553+0000][gc,metaspace] GC(10) Metaspace: 13937K(14336K)->13937K(14336K) NonClass: 12226K(12416K)->12226K(12416K) Class: 1710K(1920K)->1710K(1920K)
[2025-05-20T23:17:59.553+0000][gc          ] GC(10) Pause Young (Normal) (G1 Evacuation Pause) 762M->158M(1024M) 7.171ms
[2025-05-20T23:17:59.553+0000][gc,cpu      ] GC(10) User=0.02s Sys=0.01s Real=0.01s
[2025-05-20T23:18:39.657+0000][gc,start    ] GC(11) Pause Young (Normal) (G1 Evacuation Pause)
[2025-05-20T23:18:39.657+0000][gc,task     ] GC(11) Using 10 workers of 10 for evacuation
[2025-05-20T23:18:39.664+0000][gc,phases   ] GC(11)   Pre Evacuate Collection Set: 0.3ms
[2025-05-20T23:18:39.664+0000][gc,phases   ] GC(11)   Merge Heap Roots: 0.2ms
[2025-05-20T23:18:39.664+0000][gc,phases   ] GC(11)   Evacuate Collection Set: 4.5ms
[2025-05-20T23:18:39.664+0000][gc,phases   ] GC(11)   Post Evacuate Collection Set: 1.4ms
[2025-05-20T23:18:39.665+0000][gc,phases   ] GC(11)   Other: 0.3ms
[2025-05-20T23:18:39.665+0000][gc,heap     ] GC(11) Eden regions: 604->0(602)
[2025-05-20T23:18:39.665+0000][gc,heap     ] GC(11) Survivor regions: 10->12(77)
[2025-05-20T23:18:39.665+0000][gc,heap     ] GC(11) Old regions: 19->19
[2025-05-20T23:18:39.665+0000][gc,heap     ] GC(11) Humongous regions: 130->130
[2025-05-20T23:18:39.665+0000][gc,metaspace] GC(11) Metaspace: 14223K(14592K)->14223K(14592K) NonClass: 12510K(12672K)->12510K(12672K) Class: 1713K(1920K)->1713K(1920K)
[2025-05-20T23:18:39.666+0000][gc          ] GC(11) Pause Young (Normal) (G1 Evacuation Pause) 762M->160M(1024M) 8.823ms
[2025-05-20T23:18:39.666+0000][gc,cpu      ] GC(11) User=0.04s Sys=0.00s Real=0.01s
[2025-05-20T23:19:29.233+0000][gc,start    ] GC(12) Pause Young (Normal) (G1 Evacuation Pause)
[2025-05-20T23:19:29.233+0000][gc,task     ] GC(12) Using 10 workers of 10 for evacuation
[2025-05-20T23:19:29.238+0000][gc,phases   ] GC(12)   Pre Evacuate Collection Set: 0.3ms
[2025-05-20T23:19:29.239+0000][gc,phases   ] GC(12)   Merge Heap Roots: 0.2ms
[2025-05-20T23:19:29.239+0000][gc,phases   ] GC(12)   Evacuate Collection Set: 3.4ms
[2025-05-20T23:19:29.239+0000][gc,phases   ] GC(12)   Post Evacuate Collection Set: 1.1ms
[2025-05-20T23:19:29.239+0000][gc,phases   ] GC(12)   Other: 0.3ms
[2025-05-20T23:19:29.239+0000][gc,heap     ] GC(12) Eden regions: 602->0(603)
[2025-05-20T23:19:29.239+0000][gc,heap     ] GC(12) Survivor regions: 12->11(77)
[2025-05-20T23:19:29.239+0000][gc,heap     ] GC(12) Old regions: 19->19
[2025-05-20T23:19:29.240+0000][gc,heap     ] GC(12) Humongous regions: 130->130
[2025-05-20T23:19:29.240+0000][gc,metaspace] GC(12) Metaspace: 14359K(14720K)->14359K(14720K) NonClass: 12644K(12800K)->12644K(12800K) Class: 1714K(1920K)->1714K(1920K)
[2025-05-20T23:19:29.240+0000][gc          ] GC(12) Pause Young (Normal) (G1 Evacuation Pause) 762M->159M(1024M) 7.385ms
[2025-05-20T23:19:29.240+0000][gc,cpu      ] GC(12) User=0.02s Sys=0.01s Real=0.01s
[2025-05-20T23:20:09.327+0000][gc,start    ] GC(13) Pause Young (Normal) (G1 Evacuation Pause)
[2025-05-20T23:20:09.327+0000][gc,task     ] GC(13) Using 10 workers of 10 for evacuation
[2025-05-20T23:20:09.332+0000][gc,phases   ] GC(13)   Pre Evacuate Collection Set: 0.3ms
[2025-05-20T23:20:09.333+0000][gc,phases   ] GC(13)   Merge Heap Roots: 0.2ms
[2025-05-20T23:20:09.333+0000][gc,phases   ] GC(13)   Evacuate Collection Set: 3.2ms
[2025-05-20T23:20:09.333+0000][gc,phases   ] GC(13)   Post Evacuate Collection Set: 1.0ms
[2025-05-20T23:20:09.333+0000][gc,phases   ] GC(13)   Other: 0.3ms
[2025-05-20T23:20:09.333+0000][gc,heap     ] GC(13) Eden regions: 603->0(602)
[2025-05-20T23:20:09.333+0000][gc,heap     ] GC(13) Survivor regions: 11->12(77)
[2025-05-20T23:20:09.333+0000][gc,heap     ] GC(13) Old regions: 19->19
[2025-05-20T23:20:09.334+0000][gc,heap     ] GC(13) Humongous regions: 130->130
[2025-05-20T23:20:09.334+0000][gc,metaspace] GC(13) Metaspace: 14574K(15040K)->14574K(15040K) NonClass: 12856K(13056K)->12856K(13056K) Class: 1718K(1984K)->1718K(1984K)
[2025-05-20T23:20:09.334+0000][gc          ] GC(13) Pause Young (Normal) (G1 Evacuation Pause) 762M->160M(1024M) 6.879ms
[2025-05-20T23:20:09.334+0000][gc,cpu      ] GC(13) User=0.02s Sys=0.00s Real=0.00s
[2025-05-20T23:20:49.425+0000][gc,start    ] GC(14) Pause Young (Normal) (G1 Evacuation Pause)
[2025-05-20T23:20:49.425+0000][gc,task     ] GC(14) Using 10 workers of 10 for evacuation
[2025-05-20T23:20:49.432+0000][gc,phases   ] GC(14)   Pre Evacuate Collection Set: 0.5ms
[2025-05-20T23:20:49.432+0000][gc,phases   ] GC(14)   Merge Heap Roots: 0.2ms
[2025-05-20T23:20:49.432+0000][gc,phases   ] GC(14)   Evacuate Collection Set: 4.0ms
[2025-05-20T23:20:49.432+0000][gc,phases   ] GC(14)   Post Evacuate Collection Set: 1.3ms
[2025-05-20T23:20:49.432+0000][gc,phases   ] GC(14)   Other: 0.4ms
[2025-05-20T23:20:49.433+0000][gc,heap     ] GC(14) Eden regions: 602->0(601)
[2025-05-20T23:20:49.433+0000][gc,heap     ] GC(14) Survivor regions: 12->13(77)
[2025-05-20T23:20:49.433+0000][gc,heap     ] GC(14) Old regions: 19->19
[2025-05-20T23:20:49.433+0000][gc,heap     ] GC(14) Humongous regions: 130->130
[2025-05-20T23:20:49.433+0000][gc,metaspace] GC(14) Metaspace: 14755K(15232K)->14755K(15232K) NonClass: 13037K(13248K)->13037K(13248K) Class: 1718K(1984K)->1718K(1984K)
[2025-05-20T23:20:49.433+0000][gc          ] GC(14) Pause Young (Normal) (G1 Evacuation Pause) 762M->161M(1024M) 8.473ms
[2025-05-20T23:20:49.434+0000][gc,cpu      ] GC(14) User=0.04s Sys=0.00s Real=0.01s
[2025-05-20T23:21:29.474+0000][gc,start    ] GC(15) Pause Young (Normal) (G1 Evacuation Pause)
[2025-05-20T23:21:29.475+0000][gc,task     ] GC(15) Using 10 workers of 10 for evacuation
[2025-05-20T23:21:29.482+0000][gc,phases   ] GC(15)   Pre Evacuate Collection Set: 0.3ms
[2025-05-20T23:21:29.482+0000][gc,phases   ] GC(15)   Merge Heap Roots: 0.2ms
[2025-05-20T23:21:29.483+0000][gc,phases   ] GC(15)   Evacuate Collection Set: 5.3ms
[2025-05-20T23:21:29.483+0000][gc,phases   ] GC(15)   Post Evacuate Collection Set: 1.1ms
[2025-05-20T23:21:29.483+0000][gc,phases   ] GC(15)   Other: 0.4ms
[2025-05-20T23:21:29.483+0000][gc,heap     ] GC(15) Eden regions: 601->0(598)
[2025-05-20T23:21:29.483+0000][gc,heap     ] GC(15) Survivor regions: 13->16(77)
[2025-05-20T23:21:29.483+0000][gc,heap     ] GC(15) Old regions: 19->19
[2025-05-20T23:21:29.483+0000][gc,heap     ] GC(15) Humongous regions: 130->130
[2025-05-20T23:21:29.483+0000][gc,metaspace] GC(15) Metaspace: 14785K(15232K)->14785K(15232K) NonClass: 13066K(13248K)->13066K(13248K) Class: 1718K(1984K)->1718K(1984K)
[2025-05-20T23:21:29.484+0000][gc          ] GC(15) Pause Young (Normal) (G1 Evacuation Pause) 762M->164M(1024M) 9.081ms
[2025-05-20T23:21:29.484+0000][gc,cpu      ] GC(15) User=0.05s Sys=0.01s Real=0.01s
[2025-05-20T23:22:09.542+0000][gc,start    ] GC(16) Pause Young (Normal) (G1 Evacuation Pause)
[2025-05-20T23:22:09.542+0000][gc,task     ] GC(16) Using 10 workers of 10 for evacuation
[2025-05-20T23:22:09.547+0000][gc,phases   ] GC(16)   Pre Evacuate Collection Set: 0.3ms
[2025-05-20T23:22:09.547+0000][gc,phases   ] GC(16)   Merge Heap Roots: 0.2ms
[2025-05-20T23:22:09.548+0000][gc,phases   ] GC(16)   Evacuate Collection Set: 3.5ms
[2025-05-20T23:22:09.548+0000][gc,phases   ] GC(16)   Post Evacuate Collection Set: 1.1ms
[2025-05-20T23:22:09.548+0000][gc,phases   ] GC(16)   Other: 0.3ms
[2025-05-20T23:22:09.548+0000][gc,heap     ] GC(16) Eden regions: 598->0(602)
[2025-05-20T23:22:09.548+0000][gc,heap     ] GC(16) Survivor regions: 16->12(77)
[2025-05-20T23:22:09.548+0000][gc,heap     ] GC(16) Old regions: 19->19
[2025-05-20T23:22:09.548+0000][gc,heap     ] GC(16) Humongous regions: 130->130
[2025-05-20T23:22:09.548+0000][gc,metaspace] GC(16) Metaspace: 14831K(15296K)->14831K(15296K) NonClass: 13109K(13312K)->13109K(13312K) Class: 1721K(1984K)->1721K(1984K)
[2025-05-20T23:22:09.549+0000][gc          ] GC(16) Pause Young (Normal) (G1 Evacuation Pause) 762M->160M(1024M) 7.118ms
[2025-05-20T23:22:09.549+0000][gc,cpu      ] GC(16) User=0.03s Sys=0.00s Real=0.00s
[2025-05-20T23:22:49.593+0000][gc,start    ] GC(17) Pause Young (Normal) (G1 Evacuation Pause)
[2025-05-20T23:22:49.594+0000][gc,task     ] GC(17) Using 10 workers of 10 for evacuation
[2025-05-20T23:22:49.599+0000][gc,phases   ] GC(17)   Pre Evacuate Collection Set: 0.4ms
[2025-05-20T23:22:49.599+0000][gc,phases   ] GC(17)   Merge Heap Roots: 0.2ms
[2025-05-20T23:22:49.600+0000][gc,phases   ] GC(17)   Evacuate Collection Set: 3.4ms
[2025-05-20T23:22:49.600+0000][gc,phases   ] GC(17)   Post Evacuate Collection Set: 1.0ms
[2025-05-20T23:22:49.600+0000][gc,phases   ] GC(17)   Other: 0.4ms
[2025-05-20T23:22:49.600+0000][gc,heap     ] GC(17) Eden regions: 602->0(603)
[2025-05-20T23:22:49.600+0000][gc,heap     ] GC(17) Survivor regions: 12->11(77)
[2025-05-20T23:22:49.600+0000][gc,heap     ] GC(17) Old regions: 19->21
[2025-05-20T23:22:49.601+0000][gc,heap     ] GC(17) Humongous regions: 130->130
[2025-05-20T23:22:49.601+0000][gc,metaspace] GC(17) Metaspace: 14849K(15296K)->14849K(15296K) NonClass: 13128K(13312K)->13128K(13312K) Class: 1721K(1984K)->1721K(1984K)
[2025-05-20T23:22:49.601+0000][gc          ] GC(17) Pause Young (Normal) (G1 Evacuation Pause) 762M->161M(1024M) 7.422ms
[2025-05-20T23:22:49.601+0000][gc,cpu      ] GC(17) User=0.02s Sys=0.02s Real=0.01s
[2025-05-20T23:23:29.751+0000][gc,start    ] GC(18) Pause Young (Normal) (G1 Evacuation Pause)
[2025-05-20T23:23:29.752+0000][gc,task     ] GC(18) Using 10 workers of 10 for evacuation
[2025-05-20T23:23:29.760+0000][gc,phases   ] GC(18)   Pre Evacuate Collection Set: 0.4ms
[2025-05-20T23:23:29.760+0000][gc,phases   ] GC(18)   Merge Heap Roots: 0.3ms
[2025-05-20T23:23:29.760+0000][gc,phases   ] GC(18)   Evacuate Collection Set: 5.3ms
[2025-05-20T23:23:29.760+0000][gc,phases   ] GC(18)   Post Evacuate Collection Set: 1.2ms
[2025-05-20T23:23:29.760+0000][gc,phases   ] GC(18)   Other: 0.5ms
[2025-05-20T23:23:29.760+0000][gc,heap     ] GC(18) Eden regions: 603->0(606)
[2025-05-20T23:23:29.761+0000][gc,heap     ] GC(18) Survivor regions: 11->8(77)
[2025-05-20T23:23:29.761+0000][gc,heap     ] GC(18) Old regions: 21->26
[2025-05-20T23:23:29.761+0000][gc,heap     ] GC(18) Humongous regions: 130->130
[2025-05-20T23:23:29.761+0000][gc,metaspace] GC(18) Metaspace: 14927K(15424K)->14927K(15424K) NonClass: 13200K(13440K)->13200K(13440K) Class: 1726K(1984K)->1726K(1984K)
[2025-05-20T23:23:29.761+0000][gc          ] GC(18) Pause Young (Normal) (G1 Evacuation Pause) 764M->163M(1024M) 9.713ms
[2025-05-20T23:23:29.761+0000][gc,cpu      ] GC(18) User=0.03s Sys=0.01s Real=0.01s
[2025-05-20T23:24:19.236+0000][gc,start    ] GC(19) Pause Young (Normal) (G1 Evacuation Pause)
[2025-05-20T23:24:19.236+0000][gc,task     ] GC(19) Using 10 workers of 10 for evacuation
[2025-05-20T23:24:19.240+0000][gc,phases   ] GC(19)   Pre Evacuate Collection Set: 0.5ms
[2025-05-20T23:24:19.240+0000][gc,phases   ] GC(19)   Merge Heap Roots: 0.2ms
[2025-05-20T23:24:19.241+0000][gc,phases   ] GC(19)   Evacuate Collection Set: 1.9ms
[2025-05-20T23:24:19.241+0000][gc,phases   ] GC(19)   Post Evacuate Collection Set: 1.0ms
[2025-05-20T23:24:19.241+0000][gc,phases   ] GC(19)   Other: 0.4ms
[2025-05-20T23:24:19.241+0000][gc,heap     ] GC(19) Eden regions: 606->0(609)
[2025-05-20T23:24:19.241+0000][gc,heap     ] GC(19) Survivor regions: 8->5(77)
[2025-05-20T23:24:19.241+0000][gc,heap     ] GC(19) Old regions: 26->27
[2025-05-20T23:24:19.241+0000][gc,heap     ] GC(19) Humongous regions: 130->130
[2025-05-20T23:24:19.242+0000][gc,metaspace] GC(19) Metaspace: 14932K(15424K)->14932K(15424K) NonClass: 13205K(13440K)->13205K(13440K) Class: 1726K(1984K)->1726K(1984K)
[2025-05-20T23:24:19.242+0000][gc          ] GC(19) Pause Young (Normal) (G1 Evacuation Pause) 769M->161M(1024M) 5.879ms
[2025-05-20T23:24:19.242+0000][gc,cpu      ] GC(19) User=0.02s Sys=0.00s Real=0.00s
[2025-05-20T23:24:59.336+0000][gc,start    ] GC(20) Pause Young (Normal) (G1 Evacuation Pause)
[2025-05-20T23:24:59.336+0000][gc,task     ] GC(20) Using 10 workers of 10 for evacuation
[2025-05-20T23:24:59.341+0000][gc,phases   ] GC(20)   Pre Evacuate Collection Set: 0.4ms
[2025-05-20T23:24:59.341+0000][gc,phases   ] GC(20)   Merge Heap Roots: 0.3ms
[2025-05-20T23:24:59.341+0000][gc,phases   ] GC(20)   Evacuate Collection Set: 2.4ms
[2025-05-20T23:24:59.341+0000][gc,phases   ] GC(20)   Post Evacuate Collection Set: 1.2ms
[2025-05-20T23:24:59.342+0000][gc,phases   ] GC(20)   Other: 0.3ms
[2025-05-20T23:24:59.342+0000][gc,heap     ] GC(20) Eden regions: 609->0(608)
[2025-05-20T23:24:59.342+0000][gc,heap     ] GC(20) Survivor regions: 5->6(77)
[2025-05-20T23:24:59.342+0000][gc,heap     ] GC(20) Old regions: 27->27
[2025-05-20T23:24:59.343+0000][gc,heap     ] GC(20) Humongous regions: 130->130
[2025-05-20T23:24:59.343+0000][gc,metaspace] GC(20) Metaspace: 14935K(15424K)->14935K(15424K) NonClass: 13208K(13440K)->13208K(13440K) Class: 1726K(1984K)->1726K(1984K)
[2025-05-20T23:24:59.343+0000][gc          ] GC(20) Pause Young (Normal) (G1 Evacuation Pause) 770M->162M(1024M) 7.096ms
[2025-05-20T23:24:59.343+0000][gc,cpu      ] GC(20) User=0.02s Sys=0.00s Real=0.00s
[2025-05-20T23:25:39.438+0000][gc,start    ] GC(21) Pause Young (Normal) (G1 Evacuation Pause)
[2025-05-20T23:25:39.438+0000][gc,task     ] GC(21) Using 10 workers of 10 for evacuation
[2025-05-20T23:25:39.442+0000][gc,phases   ] GC(21)   Pre Evacuate Collection Set: 0.3ms
[2025-05-20T23:25:39.443+0000][gc,phases   ] GC(21)   Merge Heap Roots: 0.2ms
[2025-05-20T23:25:39.443+0000][gc,phases   ] GC(21)   Evacuate Collection Set: 2.6ms
[2025-05-20T23:25:39.443+0000][gc,phases   ] GC(21)   Post Evacuate Collection Set: 1.0ms
[2025-05-20T23:25:39.443+0000][gc,phases   ] GC(21)   Other: 0.3ms
[2025-05-20T23:25:39.443+0000][gc,heap     ] GC(21) Eden regions: 608->0(606)
[2025-05-20T23:25:39.443+0000][gc,heap     ] GC(21) Survivor regions: 6->8(77)
[2025-05-20T23:25:39.444+0000][gc,heap     ] GC(21) Old regions: 27->27
[2025-05-20T23:25:39.444+0000][gc,heap     ] GC(21) Humongous regions: 130->130
[2025-05-20T23:25:39.444+0000][gc,metaspace] GC(21) Metaspace: 14950K(15424K)->14950K(15424K) NonClass: 13223K(13440K)->13223K(13440K) Class: 1726K(1984K)->1726K(1984K)
[2025-05-20T23:25:39.444+0000][gc          ] GC(21) Pause Young (Normal) (G1 Evacuation Pause) 770M->164M(1024M) 6.276ms
[2025-05-20T23:25:39.444+0000][gc,cpu      ] GC(21) User=0.03s Sys=0.00s Real=0.01s
[2025-05-20T23:26:19.505+0000][gc,start    ] GC(22) Pause Young (Normal) (G1 Evacuation Pause)
[2025-05-20T23:26:19.505+0000][gc,task     ] GC(22) Using 10 workers of 10 for evacuation
[2025-05-20T23:26:19.510+0000][gc,phases   ] GC(22)   Pre Evacuate Collection Set: 0.4ms
[2025-05-20T23:26:19.510+0000][gc,phases   ] GC(22)   Merge Heap Roots: 0.2ms
[2025-05-20T23:26:19.510+0000][gc,phases   ] GC(22)   Evacuate Collection Set: 2.6ms
[2025-05-20T23:26:19.510+0000][gc,phases   ] GC(22)   Post Evacuate Collection Set: 1.0ms
[2025-05-20T23:26:19.510+0000][gc,phases   ] GC(22)   Other: 0.3ms
[2025-05-20T23:26:19.510+0000][gc,heap     ] GC(22) Eden regions: 606->0(605)
[2025-05-20T23:26:19.510+0000][gc,heap     ] GC(22) Survivor regions: 8->9(77)
[2025-05-20T23:26:19.511+0000][gc,heap     ] GC(22) Old regions: 27->27
[2025-05-20T23:26:19.511+0000][gc,heap     ] GC(22) Humongous regions: 130->130
[2025-05-20T23:26:19.511+0000][gc,metaspace] GC(22) Metaspace: 14966K(15424K)->14966K(15424K) NonClass: 13239K(13440K)->13239K(13440K) Class: 1726K(1984K)->1726K(1984K)
[2025-05-20T23:26:19.511+0000][gc          ] GC(22) Pause Young (Normal) (G1 Evacuation Pause) 770M->165M(1024M) 6.293ms
[2025-05-20T23:26:19.511+0000][gc,cpu      ] GC(22) User=0.02s Sys=0.01s Real=0.01s
[2025-05-20T23:26:59.610+0000][gc,start    ] GC(23) Pause Young (Normal) (G1 Evacuation Pause)
[2025-05-20T23:26:59.611+0000][gc,task     ] GC(23) Using 10 workers of 10 for evacuation
[2025-05-20T23:26:59.616+0000][gc,phases   ] GC(23)   Pre Evacuate Collection Set: 0.4ms
[2025-05-20T23:26:59.616+0000][gc,phases   ] GC(23)   Merge Heap Roots: 0.2ms
[2025-05-20T23:26:59.616+0000][gc,phases   ] GC(23)   Evacuate Collection Set: 3.0ms
[2025-05-20T23:26:59.616+0000][gc,phases   ] GC(23)   Post Evacuate Collection Set: 1.0ms
[2025-05-20T23:26:59.616+0000][gc,phases   ] GC(23)   Other: 0.3ms
[2025-05-20T23:26:59.616+0000][gc,heap     ] GC(23) Eden regions: 605->0(608)
[2025-05-20T23:26:59.617+0000][gc,heap     ] GC(23) Survivor regions: 9->6(77)
[2025-05-20T23:26:59.617+0000][gc,heap     ] GC(23) Old regions: 27->28
[2025-05-20T23:26:59.617+0000][gc,heap     ] GC(23) Humongous regions: 130->130
[2025-05-20T23:26:59.617+0000][gc,metaspace] GC(23) Metaspace: 15011K(15424K)->15011K(15424K) NonClass: 13285K(13440K)->13285K(13440K) Class: 1726K(1984K)->1726K(1984K)
[2025-05-20T23:26:59.617+0000][gc          ] GC(23) Pause Young (Normal) (G1 Evacuation Pause) 770M->162M(1024M) 6.595ms
[2025-05-20T23:26:59.617+0000][gc,cpu      ] GC(23) User=0.03s Sys=0.00s Real=0.00s
[2025-05-20T23:27:39.668+0000][gc,start    ] GC(24) Pause Young (Normal) (G1 Evacuation Pause)
[2025-05-20T23:27:39.669+0000][gc,task     ] GC(24) Using 10 workers of 10 for evacuation
[2025-05-20T23:27:39.673+0000][gc,phases   ] GC(24)   Pre Evacuate Collection Set: 0.3ms
[2025-05-20T23:27:39.673+0000][gc,phases   ] GC(24)   Merge Heap Roots: 0.2ms
[2025-05-20T23:27:39.673+0000][gc,phases   ] GC(24)   Evacuate Collection Set: 2.1ms
[2025-05-20T23:27:39.673+0000][gc,phases   ] GC(24)   Post Evacuate Collection Set: 0.9ms
[2025-05-20T23:27:39.673+0000][gc,phases   ] GC(24)   Other: 0.3ms
[2025-05-20T23:27:39.674+0000][gc,heap     ] GC(24) Eden regions: 608->0(607)
[2025-05-20T23:27:39.674+0000][gc,heap     ] GC(24) Survivor regions: 6->7(77)
[2025-05-20T23:27:39.674+0000][gc,heap     ] GC(24) Old regions: 28->28
[2025-05-20T23:27:39.674+0000][gc,heap     ] GC(24) Humongous regions: 130->130
[2025-05-20T23:27:39.674+0000][gc,metaspace] GC(24) Metaspace: 15057K(15552K)->15057K(15552K) NonClass: 13330K(13568K)->13330K(13568K) Class: 1726K(1984K)->1726K(1984K)
[2025-05-20T23:27:39.674+0000][gc          ] GC(24) Pause Young (Normal) (G1 Evacuation Pause) 770M->163M(1024M) 5.980ms
[2025-05-20T23:27:39.675+0000][gc,cpu      ] GC(24) User=0.02s Sys=0.00s Real=0.00s
[2025-05-20T23:28:29.257+0000][gc,start    ] GC(25) Pause Young (Normal) (G1 Evacuation Pause)
[2025-05-20T23:28:29.257+0000][gc,task     ] GC(25) Using 10 workers of 10 for evacuation
[2025-05-20T23:28:29.261+0000][gc,phases   ] GC(25)   Pre Evacuate Collection Set: 0.4ms
[2025-05-20T23:28:29.262+0000][gc,phases   ] GC(25)   Merge Heap Roots: 0.3ms
[2025-05-20T23:28:29.262+0000][gc,phases   ] GC(25)   Evacuate Collection Set: 2.1ms
[2025-05-20T23:28:29.262+0000][gc,phases   ] GC(25)   Post Evacuate Collection Set: 1.1ms
[2025-05-20T23:28:29.262+0000][gc,phases   ] GC(25)   Other: 0.4ms
[2025-05-20T23:28:29.262+0000][gc,heap     ] GC(25) Eden regions: 607->0(609)
[2025-05-20T23:28:29.262+0000][gc,heap     ] GC(25) Survivor regions: 7->5(77)
[2025-05-20T23:28:29.262+0000][gc,heap     ] GC(25) Old regions: 28->28
[2025-05-20T23:28:29.263+0000][gc,heap     ] GC(25) Humongous regions: 130->130
[2025-05-20T23:28:29.263+0000][gc,metaspace] GC(25) Metaspace: 15067K(15552K)->15067K(15552K) NonClass: 13340K(13568K)->13340K(13568K) Class: 1726K(1984K)->1726K(1984K)
[2025-05-20T23:28:29.263+0000][gc          ] GC(25) Pause Young (Normal) (G1 Evacuation Pause) 770M->161M(1024M) 6.195ms
[2025-05-20T23:28:29.263+0000][gc,cpu      ] GC(25) User=0.02s Sys=0.00s Real=0.00s
[2025-05-20T23:29:09.337+0000][gc,start    ] GC(26) Pause Young (Normal) (G1 Evacuation Pause)
[2025-05-20T23:29:09.337+0000][gc,task     ] GC(26) Using 10 workers of 10 for evacuation
[2025-05-20T23:29:09.341+0000][gc,phases   ] GC(26)   Pre Evacuate Collection Set: 0.5ms
[2025-05-20T23:29:09.341+0000][gc,phases   ] GC(26)   Merge Heap Roots: 0.2ms
[2025-05-20T23:29:09.342+0000][gc,phases   ] GC(26)   Evacuate Collection Set: 1.9ms
[2025-05-20T23:29:09.342+0000][gc,phases   ] GC(26)   Post Evacuate Collection Set: 0.9ms
[2025-05-20T23:29:09.342+0000][gc,phases   ] GC(26)   Other: 0.4ms
[2025-05-20T23:29:09.342+0000][gc,heap     ] GC(26) Eden regions: 609->0(608)
[2025-05-20T23:29:09.342+0000][gc,heap     ] GC(26) Survivor regions: 5->6(77)
[2025-05-20T23:29:09.342+0000][gc,heap     ] GC(26) Old regions: 28->28
[2025-05-20T23:29:09.342+0000][gc,heap     ] GC(26) Humongous regions: 130->130
[2025-05-20T23:29:09.342+0000][gc,metaspace] GC(26) Metaspace: 15090K(15552K)->15090K(15552K) NonClass: 13363K(13568K)->13363K(13568K) Class: 1726K(1984K)->1726K(1984K)
[2025-05-20T23:29:09.343+0000][gc          ] GC(26) Pause Young (Normal) (G1 Evacuation Pause) 770M->163M(1024M) 5.871ms
[2025-05-20T23:29:09.343+0000][gc,cpu      ] GC(26) User=0.02s Sys=0.00s Real=0.01s
[2025-05-20T23:29:49.458+0000][gc,start    ] GC(27) Pause Young (Normal) (G1 Evacuation Pause)
[2025-05-20T23:29:49.458+0000][gc,task     ] GC(27) Using 10 workers of 10 for evacuation
[2025-05-20T23:29:49.462+0000][gc,phases   ] GC(27)   Pre Evacuate Collection Set: 0.4ms
[2025-05-20T23:29:49.463+0000][gc,phases   ] GC(27)   Merge Heap Roots: 0.3ms
[2025-05-20T23:29:49.463+0000][gc,phases   ] GC(27)   Evacuate Collection Set: 2.1ms
[2025-05-20T23:29:49.463+0000][gc,phases   ] GC(27)   Post Evacuate Collection Set: 0.9ms
[2025-05-20T23:29:49.463+0000][gc,phases   ] GC(27)   Other: 0.3ms
[2025-05-20T23:29:49.463+0000][gc,heap     ] GC(27) Eden regions: 608->0(607)
[2025-05-20T23:29:49.463+0000][gc,heap     ] GC(27) Survivor regions: 6->7(77)
[2025-05-20T23:29:49.463+0000][gc,heap     ] GC(27) Old regions: 28->28
[2025-05-20T23:29:49.463+0000][gc,heap     ] GC(27) Humongous regions: 130->130
[2025-05-20T23:29:49.464+0000][gc,metaspace] GC(27) Metaspace: 15103K(15552K)->15103K(15552K) NonClass: 13376K(13568K)->13376K(13568K) Class: 1726K(1984K)->1726K(1984K)
[2025-05-20T23:29:49.464+0000][gc          ] GC(27) Pause Young (Normal) (G1 Evacuation Pause) 771M->164M(1024M) 5.840ms
[2025-05-20T23:29:49.464+0000][gc,cpu      ] GC(27) User=0.00s Sys=0.02s Real=0.01s
[2025-05-20T23:30:29.526+0000][gc,start    ] GC(28) Pause Young (Normal) (G1 Evacuation Pause)
[2025-05-20T23:30:29.527+0000][gc,task     ] GC(28) Using 10 workers of 10 for evacuation
[2025-05-20T23:30:29.532+0000][gc,phases   ] GC(28)   Pre Evacuate Collection Set: 0.4ms
[2025-05-20T23:30:29.532+0000][gc,phases   ] GC(28)   Merge Heap Roots: 0.2ms
[2025-05-20T23:30:29.532+0000][gc,phases   ] GC(28)   Evacuate Collection Set: 2.4ms
[2025-05-20T23:30:29.532+0000][gc,phases   ] GC(28)   Post Evacuate Collection Set: 0.9ms
[2025-05-20T23:30:29.532+0000][gc,phases   ] GC(28)   Other: 0.5ms
[2025-05-20T23:30:29.532+0000][gc,heap     ] GC(28) Eden regions: 607->0(606)
[2025-05-20T23:30:29.533+0000][gc,heap     ] GC(28) Survivor regions: 7->8(77)
[2025-05-20T23:30:29.533+0000][gc,heap     ] GC(28) Old regions: 28->28
[2025-05-20T23:30:29.533+0000][gc,heap     ] GC(28) Humongous regions: 130->130
[2025-05-20T23:30:29.533+0000][gc,metaspace] GC(28) Metaspace: 15136K(15616K)->15136K(15616K) NonClass: 13409K(13632K)->13409K(13632K) Class: 1727K(1984K)->1727K(1984K)
[2025-05-20T23:30:29.533+0000][gc          ] GC(28) Pause Young (Normal) (G1 Evacuation Pause) 771M->165M(1024M) 7.036ms
[2025-05-20T23:30:29.533+0000][gc,cpu      ] GC(28) User=0.02s Sys=0.00s Real=0.01s
[2025-05-20T23:31:09.603+0000][gc,start    ] GC(29) Pause Young (Normal) (G1 Evacuation Pause)
[2025-05-20T23:31:09.604+0000][gc,task     ] GC(29) Using 10 workers of 10 for evacuation
[2025-05-20T23:31:09.608+0000][gc,phases   ] GC(29)   Pre Evacuate Collection Set: 0.5ms
[2025-05-20T23:31:09.608+0000][gc,phases   ] GC(29)   Merge Heap Roots: 0.2ms
[2025-05-20T23:31:09.608+0000][gc,phases   ] GC(29)   Evacuate Collection Set: 1.9ms
[2025-05-20T23:31:09.608+0000][gc,phases   ] GC(29)   Post Evacuate Collection Set: 0.9ms
[2025-05-20T23:31:09.609+0000][gc,phases   ] GC(29)   Other: 0.3ms
[2025-05-20T23:31:09.609+0000][gc,heap     ] GC(29) Eden regions: 606->0(608)
[2025-05-20T23:31:09.609+0000][gc,heap     ] GC(29) Survivor regions: 8->6(77)
[2025-05-20T23:31:09.609+0000][gc,heap     ] GC(29) Old regions: 28->28
[2025-05-20T23:31:09.609+0000][gc,heap     ] GC(29) Humongous regions: 130->130
[2025-05-20T23:31:09.609+0000][gc,metaspace] GC(29) Metaspace: 15144K(15616K)->15144K(15616K) NonClass: 13417K(13632K)->13417K(13632K) Class: 1727K(1984K)->1727K(1984K)
[2025-05-20T23:31:09.610+0000][gc          ] GC(29) Pause Young (Normal) (G1 Evacuation Pause) 771M->162M(1024M) 6.004ms
[2025-05-20T23:31:09.610+0000][gc,cpu      ] GC(29) User=0.01s Sys=0.01s Real=0.01s
[2025-05-20T23:31:52.698+0000][gc,start    ] GC(30) Pause Young (Normal) (G1 Evacuation Pause)
[2025-05-20T23:31:52.698+0000][gc,task     ] GC(30) Using 10 workers of 10 for evacuation
[2025-05-20T23:31:52.702+0000][gc,phases   ] GC(30)   Pre Evacuate Collection Set: 0.3ms
[2025-05-20T23:31:52.702+0000][gc,phases   ] GC(30)   Merge Heap Roots: 0.2ms
[2025-05-20T23:31:52.702+0000][gc,phases   ] GC(30)   Evacuate Collection Set: 1.7ms
[2025-05-20T23:31:52.702+0000][gc,phases   ] GC(30)   Post Evacuate Collection Set: 1.0ms
[2025-05-20T23:31:52.702+0000][gc,phases   ] GC(30)   Other: 0.3ms
[2025-05-20T23:31:52.703+0000][gc,heap     ] GC(30) Eden regions: 608->0(610)
[2025-05-20T23:31:52.703+0000][gc,heap     ] GC(30) Survivor regions: 6->4(77)
[2025-05-20T23:31:52.703+0000][gc,heap     ] GC(30) Old regions: 28->28
[2025-05-20T23:31:52.703+0000][gc,heap     ] GC(30) Humongous regions: 130->130
[2025-05-20T23:31:52.703+0000][gc,metaspace] GC(30) Metaspace: 15159K(15616K)->15159K(15616K) NonClass: 13429K(13632K)->13429K(13632K) Class: 1730K(1984K)->1730K(1984K)
[2025-05-20T23:31:52.704+0000][gc          ] GC(30) Pause Young (Normal) (G1 Evacuation Pause) 770M->161M(1024M) 5.742ms
[2025-05-20T23:31:52.704+0000][gc,cpu      ] GC(30) User=0.02s Sys=0.01s Real=0.00s
[2025-05-20T23:32:19.391+0000][gc,start    ] GC(31) Pause Young (Normal) (G1 Evacuation Pause)
[2025-05-20T23:32:19.391+0000][gc,task     ] GC(31) Using 10 workers of 10 for evacuation
[2025-05-20T23:32:19.396+0000][gc,phases   ] GC(31)   Pre Evacuate Collection Set: 0.4ms
[2025-05-20T23:32:19.397+0000][gc,phases   ] GC(31)   Merge Heap Roots: 0.2ms
[2025-05-20T23:32:19.397+0000][gc,phases   ] GC(31)   Evacuate Collection Set: 3.2ms
[2025-05-20T23:32:19.397+0000][gc,phases   ] GC(31)   Post Evacuate Collection Set: 1.2ms
[2025-05-20T23:32:19.397+0000][gc,phases   ] GC(31)   Other: 0.3ms
[2025-05-20T23:32:19.397+0000][gc,heap     ] GC(31) Eden regions: 610->0(606)
[2025-05-20T23:32:19.398+0000][gc,heap     ] GC(31) Survivor regions: 4->8(77)
[2025-05-20T23:32:19.398+0000][gc,heap     ] GC(31) Old regions: 28->28
[2025-05-20T23:32:19.398+0000][gc,heap     ] GC(31) Humongous regions: 131->130
[2025-05-20T23:32:19.398+0000][gc,metaspace] GC(31) Metaspace: 15844K(16256K)->15844K(16256K) NonClass: 14067K(14272K)->14067K(14272K) Class: 1777K(1984K)->1777K(1984K)
[2025-05-20T23:32:19.398+0000][gc          ] GC(31) Pause Young (Normal) (G1 Evacuation Pause) 772M->165M(1024M) 7.241ms
[2025-05-20T23:32:19.398+0000][gc,cpu      ] GC(31) User=0.03s Sys=0.00s Real=0.01s
[2025-05-20T23:32:39.598+0000][gc,start    ] GC(32) Pause Young (Normal) (G1 Evacuation Pause)
[2025-05-20T23:32:39.598+0000][gc,task     ] GC(32) Using 10 workers of 10 for evacuation
[2025-05-20T23:32:39.603+0000][gc,phases   ] GC(32)   Pre Evacuate Collection Set: 0.5ms
[2025-05-20T23:32:39.604+0000][gc,phases   ] GC(32)   Merge Heap Roots: 0.2ms
[2025-05-20T23:32:39.604+0000][gc,phases   ] GC(32)   Evacuate Collection Set: 2.9ms
[2025-05-20T23:32:39.604+0000][gc,phases   ] GC(32)   Post Evacuate Collection Set: 1.0ms
[2025-05-20T23:32:39.604+0000][gc,phases   ] GC(32)   Other: 0.5ms
[2025-05-20T23:32:39.604+0000][gc,heap     ] GC(32) Eden regions: 606->0(605)
[2025-05-20T23:32:39.605+0000][gc,heap     ] GC(32) Survivor regions: 8->9(77)
[2025-05-20T23:32:39.605+0000][gc,heap     ] GC(32) Old regions: 28->28
[2025-05-20T23:32:39.605+0000][gc,heap     ] GC(32) Humongous regions: 130->130
[2025-05-20T23:32:39.605+0000][gc,metaspace] GC(32) Metaspace: 15907K(16320K)->15907K(16320K) NonClass: 14119K(14336K)->14119K(14336K) Class: 1787K(1984K)->1787K(1984K)
[2025-05-20T23:32:39.605+0000][gc          ] GC(32) Pause Young (Normal) (G1 Evacuation Pause) 771M->166M(1024M) 7.198ms
[2025-05-20T23:32:39.605+0000][gc,cpu      ] GC(32) User=0.02s Sys=0.01s Real=0.01s
[2025-05-20T23:33:00.909+0000][gc,start    ] GC(33) Pause Young (Normal) (G1 Evacuation Pause)
[2025-05-20T23:33:00.909+0000][gc,task     ] GC(33) Using 10 workers of 10 for evacuation
[2025-05-20T23:33:00.914+0000][gc,phases   ] GC(33)   Pre Evacuate Collection Set: 0.3ms
[2025-05-20T23:33:00.914+0000][gc,phases   ] GC(33)   Merge Heap Roots: 0.3ms
[2025-05-20T23:33:00.914+0000][gc,phases   ] GC(33)   Evacuate Collection Set: 2.7ms
[2025-05-20T23:33:00.914+0000][gc,phases   ] GC(33)   Post Evacuate Collection Set: 0.9ms
[2025-05-20T23:33:00.914+0000][gc,phases   ] GC(33)   Other: 0.3ms
[2025-05-20T23:33:00.915+0000][gc,heap     ] GC(33) Eden regions: 605->0(606)
[2025-05-20T23:33:00.915+0000][gc,heap     ] GC(33) Survivor regions: 9->8(77)
[2025-05-20T23:33:00.915+0000][gc,heap     ] GC(33) Old regions: 28->28
[2025-05-20T23:33:00.915+0000][gc,heap     ] GC(33) Humongous regions: 130->130
[2025-05-20T23:33:00.915+0000][gc,metaspace] GC(33) Metaspace: 15911K(16320K)->15911K(16320K) NonClass: 14123K(14336K)->14123K(14336K) Class: 1788K(1984K)->1788K(1984K)
[2025-05-20T23:33:00.915+0000][gc          ] GC(33) Pause Young (Normal) (G1 Evacuation Pause) 771M->165M(1024M) 6.377ms
[2025-05-20T23:33:00.916+0000][gc,cpu      ] GC(33) User=0.02s Sys=0.01s Real=0.01s
[2025-05-20T23:33:26.445+0000][gc,start    ] GC(34) Pause Young (Normal) (G1 Evacuation Pause)
[2025-05-20T23:33:26.445+0000][gc,task     ] GC(34) Using 10 workers of 10 for evacuation
[2025-05-20T23:33:26.450+0000][gc,phases   ] GC(34)   Pre Evacuate Collection Set: 0.3ms
[2025-05-20T23:33:26.451+0000][gc,phases   ] GC(34)   Merge Heap Roots: 0.2ms
[2025-05-20T23:33:26.451+0000][gc,phases   ] GC(34)   Evacuate Collection Set: 3.2ms
[2025-05-20T23:33:26.451+0000][gc,phases   ] GC(34)   Post Evacuate Collection Set: 1.0ms
[2025-05-20T23:33:26.451+0000][gc,phases   ] GC(34)   Other: 0.3ms
[2025-05-20T23:33:26.451+0000][gc,heap     ] GC(34) Eden regions: 606->0(602)
[2025-05-20T23:33:26.451+0000][gc,heap     ] GC(34) Survivor regions: 8->12(77)
[2025-05-20T23:33:26.452+0000][gc,heap     ] GC(34) Old regions: 28->28
[2025-05-20T23:33:26.452+0000][gc,heap     ] GC(34) Humongous regions: 130->130
[2025-05-20T23:33:26.452+0000][gc,metaspace] GC(34) Metaspace: 16015K(16512K)->16015K(16512K) NonClass: 14216K(14464K)->14216K(14464K) Class: 1798K(2048K)->1798K(2048K)
[2025-05-20T23:33:26.452+0000][gc          ] GC(34) Pause Young (Normal) (G1 Evacuation Pause) 771M->168M(1024M) 7.019ms
[2025-05-20T23:33:26.452+0000][gc,cpu      ] GC(34) User=0.03s Sys=0.01s Real=0.00s
[2025-05-20T23:33:44.142+0000][gc,start    ] GC(35) Pause Young (Concurrent Start) (CodeCache GC Threshold)
[2025-05-20T23:33:44.142+0000][gc,task     ] GC(35) Using 10 workers of 10 for evacuation
[2025-05-20T23:33:44.147+0000][gc,phases   ] GC(35)   Pre Evacuate Collection Set: 0.4ms
[2025-05-20T23:33:44.148+0000][gc,phases   ] GC(35)   Merge Heap Roots: 0.2ms
[2025-05-20T23:33:44.148+0000][gc,phases   ] GC(35)   Evacuate Collection Set: 3.4ms
[2025-05-20T23:33:44.148+0000][gc,phases   ] GC(35)   Post Evacuate Collection Set: 1.1ms
[2025-05-20T23:33:44.148+0000][gc,phases   ] GC(35)   Other: 0.3ms
[2025-05-20T23:33:44.148+0000][gc,heap     ] GC(35) Eden regions: 520->0(604)
[2025-05-20T23:33:44.149+0000][gc,heap     ] GC(35) Survivor regions: 12->10(77)
[2025-05-20T23:33:44.149+0000][gc,heap     ] GC(35) Old regions: 28->28
[2025-05-20T23:33:44.149+0000][gc,heap     ] GC(35) Humongous regions: 130->130
[2025-05-20T23:33:44.149+0000][gc,metaspace] GC(35) Metaspace: 16080K(16512K)->16080K(16512K) NonClass: 14273K(14464K)->14273K(14464K) Class: 1806K(2048K)->1806K(2048K)
[2025-05-20T23:33:44.149+0000][gc          ] GC(35) Pause Young (Concurrent Start) (CodeCache GC Threshold) 688M->167M(1024M) 7.792ms
[2025-05-20T23:33:44.150+0000][gc,cpu      ] GC(35) User=0.03s Sys=0.01s Real=0.00s
[2025-05-20T23:33:44.150+0000][gc          ] GC(36) Concurrent Mark Cycle
[2025-05-20T23:33:44.150+0000][gc,marking  ] GC(36) Concurrent Scan Root Regions
[2025-05-20T23:33:44.153+0000][gc,marking  ] GC(36) Concurrent Scan Root Regions 2.626ms
[2025-05-20T23:33:44.153+0000][gc,marking  ] GC(36) Concurrent Mark
[2025-05-20T23:33:44.153+0000][gc,marking  ] GC(36) Concurrent Mark From Roots
[2025-05-20T23:33:44.153+0000][gc,task     ] GC(36) Using 3 workers of 3 for marking
[2025-05-20T23:33:44.166+0000][gc,marking  ] GC(36) Concurrent Mark From Roots 13.046ms
[2025-05-20T23:33:44.167+0000][gc,marking  ] GC(36) Concurrent Preclean
[2025-05-20T23:33:44.168+0000][gc,marking  ] GC(36) Concurrent Preclean 0.605ms
[2025-05-20T23:33:44.168+0000][gc,start    ] GC(36) Pause Remark
[2025-05-20T23:33:44.177+0000][gc          ] GC(36) Pause Remark 171M->170M(1024M) 9.346ms
[2025-05-20T23:33:44.178+0000][gc,cpu      ] GC(36) User=0.06s Sys=0.00s Real=0.01s
[2025-05-20T23:33:44.178+0000][gc,marking  ] GC(36) Concurrent Mark 25.253ms
[2025-05-20T23:33:44.178+0000][gc,marking  ] GC(36) Concurrent Rebuild Remembered Sets and Scrub Regions
[2025-05-20T23:33:44.185+0000][gc,marking  ] GC(36) Concurrent Rebuild Remembered Sets and Scrub Regions 6.579ms
[2025-05-20T23:33:44.186+0000][gc,start    ] GC(36) Pause Cleanup
[2025-05-20T23:33:44.186+0000][gc          ] GC(36) Pause Cleanup 170M->170M(1024M) 0.533ms
[2025-05-20T23:33:44.186+0000][gc,cpu      ] GC(36) User=0.00s Sys=0.00s Real=0.00s
[2025-05-20T23:33:44.187+0000][gc,marking  ] GC(36) Concurrent Clear Claimed Marks
[2025-05-20T23:33:44.187+0000][gc,marking  ] GC(36) Concurrent Clear Claimed Marks 0.210ms
[2025-05-20T23:33:44.187+0000][gc,marking  ] GC(36) Concurrent Cleanup for Next Mark
[2025-05-20T23:33:44.192+0000][gc,marking  ] GC(36) Concurrent Cleanup for Next Mark 4.797ms
[2025-05-20T23:33:44.192+0000][gc          ] GC(36) Concurrent Mark Cycle 42.374ms
[2025-05-20T23:34:19.485+0000][gc,start    ] GC(37) Pause Young (Prepare Mixed) (G1 Evacuation Pause)
[2025-05-20T23:34:19.485+0000][gc,task     ] GC(37) Using 10 workers of 10 for evacuation
[2025-05-20T23:34:19.490+0000][gc,phases   ] GC(37)   Pre Evacuate Collection Set: 0.4ms
[2025-05-20T23:34:19.491+0000][gc,phases   ] GC(37)   Merge Heap Roots: 0.3ms
[2025-05-20T23:34:19.491+0000][gc,phases   ] GC(37)   Evacuate Collection Set: 2.8ms
[2025-05-20T23:34:19.491+0000][gc,phases   ] GC(37)   Post Evacuate Collection Set: 1.0ms
[2025-05-20T23:34:19.491+0000][gc,phases   ] GC(37)   Other: 0.4ms
[2025-05-20T23:34:19.491+0000][gc,heap     ] GC(37) Eden regions: 604->0(604)
[2025-05-20T23:34:19.491+0000][gc,heap     ] GC(37) Survivor regions: 10->10(77)
[2025-05-20T23:34:19.491+0000][gc,heap     ] GC(37) Old regions: 27->27
[2025-05-20T23:34:19.492+0000][gc,heap     ] GC(37) Humongous regions: 130->130
[2025-05-20T23:34:19.492+0000][gc,metaspace] GC(37) Metaspace: 16164K(16576K)->16164K(16576K) NonClass: 14353K(14528K)->14353K(14528K) Class: 1810K(2048K)->1810K(2048K)
[2025-05-20T23:34:19.492+0000][gc          ] GC(37) Pause Young (Prepare Mixed) (G1 Evacuation Pause) 770M->166M(1024M) 6.802ms
[2025-05-20T23:34:19.492+0000][gc,cpu      ] GC(37) User=0.00s Sys=0.03s Real=0.01s
[2025-05-20T23:34:59.427+0000][gc,start    ] GC(38) Pause Young (Mixed) (G1 Evacuation Pause)
[2025-05-20T23:34:59.427+0000][gc,task     ] GC(38) Using 10 workers of 10 for evacuation
[2025-05-20T23:34:59.432+0000][gc,phases   ] GC(38)   Pre Evacuate Collection Set: 0.4ms
[2025-05-20T23:34:59.432+0000][gc,phases   ] GC(38)   Merge Heap Roots: 0.2ms
[2025-05-20T23:34:59.432+0000][gc,phases   ] GC(38)   Evacuate Collection Set: 3.0ms
[2025-05-20T23:34:59.433+0000][gc,phases   ] GC(38)   Post Evacuate Collection Set: 1.0ms
[2025-05-20T23:34:59.433+0000][gc,phases   ] GC(38)   Other: 0.3ms
[2025-05-20T23:34:59.433+0000][gc,heap     ] GC(38) Eden regions: 604->0(603)
[2025-05-20T23:34:59.433+0000][gc,heap     ] GC(38) Survivor regions: 10->11(77)
[2025-05-20T23:34:59.433+0000][gc,heap     ] GC(38) Old regions: 27->26
[2025-05-20T23:34:59.433+0000][gc,heap     ] GC(38) Humongous regions: 130->130
[2025-05-20T23:34:59.433+0000][gc,metaspace] GC(38) Metaspace: 16223K(16640K)->16223K(16640K) NonClass: 14411K(14592K)->14411K(14592K) Class: 1812K(2048K)->1812K(2048K)
[2025-05-20T23:34:59.434+0000][gc          ] GC(38) Pause Young (Mixed) (G1 Evacuation Pause) 770M->165M(1024M) 6.971ms
[2025-05-20T23:34:59.434+0000][gc,cpu      ] GC(38) User=0.03s Sys=0.00s Real=0.01s
[2025-05-20T23:35:39.352+0000][gc,start    ] GC(39) Pause Young (Normal) (G1 Evacuation Pause)
[2025-05-20T23:35:39.353+0000][gc,task     ] GC(39) Using 10 workers of 10 for evacuation
[2025-05-20T23:35:39.358+0000][gc,phases   ] GC(39)   Pre Evacuate Collection Set: 0.4ms
[2025-05-20T23:35:39.358+0000][gc,phases   ] GC(39)   Merge Heap Roots: 0.2ms
[2025-05-20T23:35:39.358+0000][gc,phases   ] GC(39)   Evacuate Collection Set: 3.3ms
[2025-05-20T23:35:39.359+0000][gc,phases   ] GC(39)   Post Evacuate Collection Set: 1.1ms
[2025-05-20T23:35:39.359+0000][gc,phases   ] GC(39)   Other: 0.3ms
[2025-05-20T23:35:39.359+0000][gc,heap     ] GC(39) Eden regions: 603->0(603)
[2025-05-20T23:35:39.359+0000][gc,heap     ] GC(39) Survivor regions: 11->11(77)
[2025-05-20T23:35:39.359+0000][gc,heap     ] GC(39) Old regions: 26->26
[2025-05-20T23:35:39.359+0000][gc,heap     ] GC(39) Humongous regions: 130->130
[2025-05-20T23:35:39.360+0000][gc,metaspace] GC(39) Metaspace: 16225K(16640K)->16225K(16640K) NonClass: 14412K(14592K)->14412K(14592K) Class: 1812K(2048K)->1812K(2048K)
[2025-05-20T23:35:39.360+0000][gc          ] GC(39) Pause Young (Normal) (G1 Evacuation Pause) 768M->165M(1024M) 7.352ms
[2025-05-20T23:35:39.360+0000][gc,cpu      ] GC(39) User=0.03s Sys=0.01s Real=0.01s
[2025-05-20T23:36:19.287+0000][gc,start    ] GC(40) Pause Young (Normal) (G1 Evacuation Pause)
[2025-05-20T23:36:19.287+0000][gc,task     ] GC(40) Using 10 workers of 10 for evacuation
[2025-05-20T23:36:19.292+0000][gc,phases   ] GC(40)   Pre Evacuate Collection Set: 0.4ms
[2025-05-20T23:36:19.292+0000][gc,phases   ] GC(40)   Merge Heap Roots: 0.3ms
[2025-05-20T23:36:19.293+0000][gc,phases   ] GC(40)   Evacuate Collection Set: 3.0ms
[2025-05-20T23:36:19.293+0000][gc,phases   ] GC(40)   Post Evacuate Collection Set: 1.0ms
[2025-05-20T23:36:19.293+0000][gc,phases   ] GC(40)   Other: 0.4ms
[2025-05-20T23:36:19.293+0000][gc,heap     ] GC(40) Eden regions: 603->0(603)
[2025-05-20T23:36:19.293+0000][gc,heap     ] GC(40) Survivor regions: 11->11(77)
[2025-05-20T23:36:19.293+0000][gc,heap     ] GC(40) Old regions: 26->26
[2025-05-20T23:36:19.293+0000][gc,heap     ] GC(40) Humongous regions: 130->130
[2025-05-20T23:36:19.294+0000][gc,metaspace] GC(40) Metaspace: 16227K(16640K)->16227K(16640K) NonClass: 14415K(14592K)->14415K(14592K) Class: 1812K(2048K)->1812K(2048K)
[2025-05-20T23:36:19.294+0000][gc          ] GC(40) Pause Young (Normal) (G1 Evacuation Pause) 768M->166M(1024M) 6.911ms
[2025-05-20T23:36:19.294+0000][gc,cpu      ] GC(40) User=0.03s Sys=0.00s Real=0.00s
[2025-05-20T23:36:59.236+0000][gc,start    ] GC(41) Pause Young (Normal) (G1 Evacuation Pause)
[2025-05-20T23:36:59.237+0000][gc,task     ] GC(41) Using 10 workers of 10 for evacuation
[2025-05-20T23:36:59.242+0000][gc,phases   ] GC(41)   Pre Evacuate Collection Set: 0.4ms
[2025-05-20T23:36:59.242+0000][gc,phases   ] GC(41)   Merge Heap Roots: 0.3ms
[2025-05-20T23:36:59.243+0000][gc,phases   ] GC(41)   Evacuate Collection Set: 3.3ms
[2025-05-20T23:36:59.243+0000][gc,phases   ] GC(41)   Post Evacuate Collection Set: 1.2ms
[2025-05-20T23:36:59.243+0000][gc,phases   ] GC(41)   Other: 0.2ms
[2025-05-20T23:36:59.243+0000][gc,heap     ] GC(41) Eden regions: 603->0(602)
[2025-05-20T23:36:59.243+0000][gc,heap     ] GC(41) Survivor regions: 11->12(77)
[2025-05-20T23:36:59.243+0000][gc,heap     ] GC(41) Old regions: 26->26
[2025-05-20T23:36:59.244+0000][gc,heap     ] GC(41) Humongous regions: 130->130
[2025-05-20T23:36:59.244+0000][gc,metaspace] GC(41) Metaspace: 16233K(16640K)->16233K(16640K) NonClass: 14420K(14592K)->14420K(14592K) Class: 1812K(2048K)->1812K(2048K)
[2025-05-20T23:36:59.244+0000][gc          ] GC(41) Pause Young (Normal) (G1 Evacuation Pause) 769M->167M(1024M) 7.721ms
[2025-05-20T23:36:59.244+0000][gc,cpu      ] GC(41) User=0.03s Sys=0.00s Real=0.01s
[2025-05-20T23:37:30.055+0000][gc,start    ] GC(42) Pause Young (Normal) (G1 Evacuation Pause)
[2025-05-20T23:37:30.055+0000][gc,task     ] GC(42) Using 10 workers of 10 for evacuation
[2025-05-20T23:37:30.064+0000][gc,phases   ] GC(42)   Pre Evacuate Collection Set: 0.4ms
[2025-05-20T23:37:30.064+0000][gc,phases   ] GC(42)   Merge Heap Roots: 0.2ms
[2025-05-20T23:37:30.064+0000][gc,phases   ] GC(42)   Evacuate Collection Set: 6.8ms
[2025-05-20T23:37:30.064+0000][gc,phases   ] GC(42)   Post Evacuate Collection Set: 1.1ms
[2025-05-20T23:37:30.065+0000][gc,phases   ] GC(42)   Other: 0.3ms
[2025-05-20T23:37:30.065+0000][gc,heap     ] GC(42) Eden regions: 602->0(597)
[2025-05-20T23:37:30.065+0000][gc,heap     ] GC(42) Survivor regions: 12->17(77)
[2025-05-20T23:37:30.065+0000][gc,heap     ] GC(42) Old regions: 26->26
[2025-05-20T23:37:30.065+0000][gc,heap     ] GC(42) Humongous regions: 130->130
[2025-05-20T23:37:30.065+0000][gc,metaspace] GC(42) Metaspace: 16274K(16640K)->16274K(16640K) NonClass: 14455K(14592K)->14455K(14592K) Class: 1819K(2048K)->1819K(2048K)
[2025-05-20T23:37:30.065+0000][gc          ] GC(42) Pause Young (Normal) (G1 Evacuation Pause) 769M->171M(1024M) 10.845ms
[2025-05-20T23:37:30.066+0000][gc,cpu      ] GC(42) User=0.01s Sys=0.04s Real=0.01s
[2025-05-20T23:38:07.706+0000][gc,start    ] GC(43) Pause Young (Normal) (G1 Evacuation Pause)
[2025-05-20T23:38:07.707+0000][gc,task     ] GC(43) Using 10 workers of 10 for evacuation
[2025-05-20T23:38:07.715+0000][gc,phases   ] GC(43)   Pre Evacuate Collection Set: 0.6ms
[2025-05-20T23:38:07.715+0000][gc,phases   ] GC(43)   Merge Heap Roots: 0.4ms
[2025-05-20T23:38:07.716+0000][gc,phases   ] GC(43)   Evacuate Collection Set: 5.6ms
[2025-05-20T23:38:07.716+0000][gc,phases   ] GC(43)   Post Evacuate Collection Set: 1.2ms
[2025-05-20T23:38:07.716+0000][gc,phases   ] GC(43)   Other: 0.5ms
[2025-05-20T23:38:07.716+0000][gc,heap     ] GC(43) Eden regions: 597->0(601)
[2025-05-20T23:38:07.716+0000][gc,heap     ] GC(43) Survivor regions: 17->13(77)
[2025-05-20T23:38:07.717+0000][gc,heap     ] GC(43) Old regions: 26->26
[2025-05-20T23:38:07.717+0000][gc,heap     ] GC(43) Humongous regions: 130->130
[2025-05-20T23:38:07.717+0000][gc,metaspace] GC(43) Metaspace: 16484K(16896K)->16484K(16896K) NonClass: 14664K(14848K)->14664K(14848K) Class: 1819K(2048K)->1819K(2048K)
[2025-05-20T23:38:07.717+0000][gc          ] GC(43) Pause Young (Normal) (G1 Evacuation Pause) 768M->168M(1024M) 10.839ms
[2025-05-20T23:38:07.718+0000][gc,cpu      ] GC(43) User=0.05s Sys=0.01s Real=0.01s
[2025-05-20T23:38:29.651+0000][gc,start    ] GC(44) Pause Young (Normal) (G1 Evacuation Pause)
[2025-05-20T23:38:29.652+0000][gc,task     ] GC(44) Using 10 workers of 10 for evacuation
[2025-05-20T23:38:29.690+0000][gc,phases   ] GC(44)   Pre Evacuate Collection Set: 0.5ms
[2025-05-20T23:38:29.692+0000][gc,phases   ] GC(44)   Merge Heap Roots: 0.2ms
[2025-05-20T23:38:29.694+0000][gc,phases   ] GC(44)   Evacuate Collection Set: 26.9ms
[2025-05-20T23:38:29.696+0000][gc,phases   ] GC(44)   Post Evacuate Collection Set: 10.0ms
[2025-05-20T23:38:29.697+0000][gc,phases   ] GC(44)   Other: 0.3ms
[2025-05-20T23:38:29.699+0000][gc,heap     ] GC(44) Eden regions: 601->0(600)
[2025-05-20T23:38:29.702+0000][gc,heap     ] GC(44) Survivor regions: 13->14(77)
[2025-05-20T23:38:29.703+0000][gc,heap     ] GC(44) Old regions: 26->26
[2025-05-20T23:38:29.703+0000][gc,heap     ] GC(44) Humongous regions: 130->130
[2025-05-20T23:38:29.703+0000][gc,metaspace] GC(44) Metaspace: 16495K(16960K)->16495K(16960K) NonClass: 14676K(14912K)->14676K(14912K) Class: 1819K(2048K)->1819K(2048K)
[2025-05-20T23:38:29.705+0000][gc          ] GC(44) Pause Young (Normal) (G1 Evacuation Pause) 769M->169M(1024M) 53.583ms
[2025-05-20T23:38:29.706+0000][gc,cpu      ] GC(44) User=0.05s Sys=0.00s Real=0.05s
[2025-05-20T23:38:50.168+0000][gc,start    ] GC(45) Pause Young (Normal) (G1 Evacuation Pause)
[2025-05-20T23:38:50.168+0000][gc,task     ] GC(45) Using 10 workers of 10 for evacuation
[2025-05-20T23:38:50.178+0000][gc,phases   ] GC(45)   Pre Evacuate Collection Set: 0.4ms
[2025-05-20T23:38:50.178+0000][gc,phases   ] GC(45)   Merge Heap Roots: 0.3ms
[2025-05-20T23:38:50.179+0000][gc,phases   ] GC(45)   Evacuate Collection Set: 5.0ms
[2025-05-20T23:38:50.179+0000][gc,phases   ] GC(45)   Post Evacuate Collection Set: 2.9ms
[2025-05-20T23:38:50.180+0000][gc,phases   ] GC(45)   Other: 0.5ms
[2025-05-20T23:38:50.181+0000][gc,heap     ] GC(45) Eden regions: 600->0(599)
[2025-05-20T23:38:50.181+0000][gc,heap     ] GC(45) Survivor regions: 14->15(77)
[2025-05-20T23:38:50.182+0000][gc,heap     ] GC(45) Old regions: 26->26
[2025-05-20T23:38:50.182+0000][gc,heap     ] GC(45) Humongous regions: 130->130
[2025-05-20T23:38:50.183+0000][gc,metaspace] GC(45) Metaspace: 16545K(16960K)->16545K(16960K) NonClass: 14724K(14912K)->14724K(14912K) Class: 1821K(2048K)->1821K(2048K)
[2025-05-20T23:38:50.183+0000][gc          ] GC(45) Pause Young (Normal) (G1 Evacuation Pause) 769M->169M(1024M) 15.071ms
[2025-05-20T23:38:50.183+0000][gc,cpu      ] GC(45) User=0.03s Sys=0.02s Real=0.02s
[2025-05-20T23:39:12.458+0000][gc,start    ] GC(46) Pause Young (Normal) (G1 Evacuation Pause)
[2025-05-20T23:39:12.459+0000][gc,task     ] GC(46) Using 10 workers of 10 for evacuation
[2025-05-20T23:39:12.467+0000][gc,phases   ] GC(46)   Pre Evacuate Collection Set: 0.4ms
[2025-05-20T23:39:12.468+0000][gc,phases   ] GC(46)   Merge Heap Roots: 0.3ms
[2025-05-20T23:39:12.468+0000][gc,phases   ] GC(46)   Evacuate Collection Set: 4.7ms
[2025-05-20T23:39:12.468+0000][gc,phases   ] GC(46)   Post Evacuate Collection Set: 1.8ms
[2025-05-20T23:39:12.469+0000][gc,phases   ] GC(46)   Other: 0.9ms
[2025-05-20T23:39:12.469+0000][gc,heap     ] GC(46) Eden regions: 599->0(602)
[2025-05-20T23:39:12.469+0000][gc,heap     ] GC(46) Survivor regions: 15->12(77)
[2025-05-20T23:39:12.469+0000][gc,heap     ] GC(46) Old regions: 26->26
[2025-05-20T23:39:12.469+0000][gc,heap     ] GC(46) Humongous regions: 130->130
[2025-05-20T23:39:12.469+0000][gc,metaspace] GC(46) Metaspace: 16568K(16960K)->16568K(16960K) NonClass: 14747K(14912K)->14747K(14912K) Class: 1821K(2048K)->1821K(2048K)
[2025-05-20T23:39:12.470+0000][gc          ] GC(46) Pause Young (Normal) (G1 Evacuation Pause) 768M->167M(1024M) 11.985ms
[2025-05-20T23:39:12.470+0000][gc,cpu      ] GC(46) User=0.03s Sys=0.01s Real=0.01s
[2025-05-20T23:39:38.538+0000][gc,start    ] GC(47) Pause Young (Normal) (G1 Evacuation Pause)
[2025-05-20T23:39:38.538+0000][gc,task     ] GC(47) Using 10 workers of 10 for evacuation
[2025-05-20T23:39:38.549+0000][gc,phases   ] GC(47)   Pre Evacuate Collection Set: 0.3ms
[2025-05-20T23:39:38.549+0000][gc,phases   ] GC(47)   Merge Heap Roots: 0.3ms
[2025-05-20T23:39:38.550+0000][gc,phases   ] GC(47)   Evacuate Collection Set: 8.2ms
[2025-05-20T23:39:38.550+0000][gc,phases   ] GC(47)   Post Evacuate Collection Set: 1.6ms
[2025-05-20T23:39:38.550+0000][gc,phases   ] GC(47)   Other: 0.6ms
[2025-05-20T23:39:38.550+0000][gc,heap     ] GC(47) Eden regions: 602->0(602)
[2025-05-20T23:39:38.551+0000][gc,heap     ] GC(47) Survivor regions: 12->12(77)
[2025-05-20T23:39:38.551+0000][gc,heap     ] GC(47) Old regions: 26->28
[2025-05-20T23:39:38.551+0000][gc,heap     ] GC(47) Humongous regions: 130->130
[2025-05-20T23:39:38.551+0000][gc,metaspace] GC(47) Metaspace: 16582K(17024K)->16582K(17024K) NonClass: 14761K(14976K)->14761K(14976K) Class: 1821K(2048K)->1821K(2048K)
[2025-05-20T23:39:38.552+0000][gc          ] GC(47) Pause Young (Normal) (G1 Evacuation Pause) 769M->169M(1024M) 14.022ms
[2025-05-20T23:39:38.552+0000][gc,cpu      ] GC(47) User=0.04s Sys=0.02s Real=0.01s
[2025-05-20T23:39:59.649+0000][gc,start    ] GC(48) Pause Young (Normal) (G1 Evacuation Pause)
[2025-05-20T23:39:59.650+0000][gc,task     ] GC(48) Using 10 workers of 10 for evacuation
[2025-05-20T23:39:59.662+0000][gc,phases   ] GC(48)   Pre Evacuate Collection Set: 0.4ms
[2025-05-20T23:39:59.662+0000][gc,phases   ] GC(48)   Merge Heap Roots: 0.2ms
[2025-05-20T23:39:59.663+0000][gc,phases   ] GC(48)   Evacuate Collection Set: 7.8ms
[2025-05-20T23:39:59.663+0000][gc,phases   ] GC(48)   Post Evacuate Collection Set: 1.6ms
[2025-05-20T23:39:59.663+0000][gc,phases   ] GC(48)   Other: 1.3ms
[2025-05-20T23:39:59.663+0000][gc,heap     ] GC(48) Eden regions: 602->0(602)
[2025-05-20T23:39:59.664+0000][gc,heap     ] GC(48) Survivor regions: 12->12(77)
[2025-05-20T23:39:59.664+0000][gc,heap     ] GC(48) Old regions: 28->29
[2025-05-20T23:39:59.664+0000][gc,heap     ] GC(48) Humongous regions: 130->130
[2025-05-20T23:39:59.665+0000][gc,metaspace] GC(48) Metaspace: 16584K(17024K)->16584K(17024K) NonClass: 14763K(14976K)->14763K(14976K) Class: 1821K(2048K)->1821K(2048K)
[2025-05-20T23:39:59.666+0000][gc          ] GC(48) Pause Young (Normal) (G1 Evacuation Pause) 771M->170M(1024M) 16.901ms
[2025-05-20T23:39:59.667+0000][gc,cpu      ] GC(48) User=0.05s Sys=0.01s Real=0.02s
[2025-05-20T23:40:20.211+0000][gc,start    ] GC(49) Pause Young (Normal) (G1 Evacuation Pause)
[2025-05-20T23:40:20.212+0000][gc,task     ] GC(49) Using 10 workers of 10 for evacuation
[2025-05-20T23:40:20.229+0000][gc,phases   ] GC(49)   Pre Evacuate Collection Set: 0.4ms
[2025-05-20T23:40:20.230+0000][gc,phases   ] GC(49)   Merge Heap Roots: 0.2ms
[2025-05-20T23:40:20.230+0000][gc,phases   ] GC(49)   Evacuate Collection Set: 12.9ms
[2025-05-20T23:40:20.231+0000][gc,phases   ] GC(49)   Post Evacuate Collection Set: 3.2ms
[2025-05-20T23:40:20.232+0000][gc,phases   ] GC(49)   Other: 0.6ms
[2025-05-20T23:40:20.232+0000][gc,heap     ] GC(49) Eden regions: 602->0(601)
[2025-05-20T23:40:20.233+0000][gc,heap     ] GC(49) Survivor regions: 12->13(77)
[2025-05-20T23:40:20.233+0000][gc,heap     ] GC(49) Old regions: 29->30
[2025-05-20T23:40:20.234+0000][gc,heap     ] GC(49) Humongous regions: 130->130
[2025-05-20T23:40:20.235+0000][gc,metaspace] GC(49) Metaspace: 16611K(17024K)->16611K(17024K) NonClass: 14790K(14976K)->14790K(14976K) Class: 1821K(2048K)->1821K(2048K)
[2025-05-20T23:40:20.235+0000][gc          ] GC(49) Pause Young (Normal) (G1 Evacuation Pause) 772M->171M(1024M) 24.002ms
[2025-05-20T23:40:20.237+0000][gc,cpu      ] GC(49) User=0.07s Sys=0.01s Real=0.03s
[2025-05-20T23:40:42.184+0000][gc,start    ] GC(50) Pause Young (Normal) (G1 Evacuation Pause)
[2025-05-20T23:40:42.184+0000][gc,task     ] GC(50) Using 10 workers of 10 for evacuation
[2025-05-20T23:40:42.195+0000][gc,phases   ] GC(50)   Pre Evacuate Collection Set: 0.4ms
[2025-05-20T23:40:42.195+0000][gc,phases   ] GC(50)   Merge Heap Roots: 0.2ms
[2025-05-20T23:40:42.196+0000][gc,phases   ] GC(50)   Evacuate Collection Set: 7.6ms
[2025-05-20T23:40:42.196+0000][gc,phases   ] GC(50)   Post Evacuate Collection Set: 2.2ms
[2025-05-20T23:40:42.196+0000][gc,phases   ] GC(50)   Other: 0.4ms
[2025-05-20T23:40:42.196+0000][gc,heap     ] GC(50) Eden regions: 601->0(602)
[2025-05-20T23:40:42.197+0000][gc,heap     ] GC(50) Survivor regions: 13->12(77)
[2025-05-20T23:40:42.197+0000][gc,heap     ] GC(50) Old regions: 30->30
[2025-05-20T23:40:42.197+0000][gc,heap     ] GC(50) Humongous regions: 130->130
[2025-05-20T23:40:42.197+0000][gc,metaspace] GC(50) Metaspace: 16619K(17088K)->16619K(17088K) NonClass: 14798K(15040K)->14798K(15040K) Class: 1821K(2048K)->1821K(2048K)
[2025-05-20T23:40:42.198+0000][gc          ] GC(50) Pause Young (Normal) (G1 Evacuation Pause) 772M->171M(1024M) 14.045ms
[2025-05-20T23:40:42.198+0000][gc,cpu      ] GC(50) User=0.03s Sys=0.01s Real=0.01s
[2025-05-20T23:41:07.632+0000][gc,start    ] GC(51) Pause Young (Normal) (G1 Evacuation Pause)
[2025-05-20T23:41:07.632+0000][gc,task     ] GC(51) Using 10 workers of 10 for evacuation
[2025-05-20T23:41:07.642+0000][gc,phases   ] GC(51)   Pre Evacuate Collection Set: 0.4ms
[2025-05-20T23:41:07.643+0000][gc,phases   ] GC(51)   Merge Heap Roots: 0.2ms
[2025-05-20T23:41:07.643+0000][gc,phases   ] GC(51)   Evacuate Collection Set: 7.3ms
[2025-05-20T23:41:07.644+0000][gc,phases   ] GC(51)   Post Evacuate Collection Set: 1.4ms
[2025-05-20T23:41:07.644+0000][gc,phases   ] GC(51)   Other: 0.4ms
[2025-05-20T23:41:07.644+0000][gc,heap     ] GC(51) Eden regions: 602->0(601)
[2025-05-20T23:41:07.645+0000][gc,heap     ] GC(51) Survivor regions: 12->13(77)
[2025-05-20T23:41:07.645+0000][gc,heap     ] GC(51) Old regions: 30->30
[2025-05-20T23:41:07.645+0000][gc,heap     ] GC(51) Humongous regions: 130->130
[2025-05-20T23:41:07.646+0000][gc,metaspace] GC(51) Metaspace: 16624K(17088K)->16624K(17088K) NonClass: 14803K(15040K)->14803K(15040K) Class: 1821K(2048K)->1821K(2048K)
[2025-05-20T23:41:07.646+0000][gc          ] GC(51) Pause Young (Normal) (G1 Evacuation Pause) 773M->172M(1024M) 13.901ms
[2025-05-20T23:41:07.646+0000][gc,cpu      ] GC(51) User=0.03s Sys=0.02s Real=0.01s
[2025-05-20T23:41:29.462+0000][gc,start    ] GC(52) Pause Young (Normal) (G1 Evacuation Pause)
[2025-05-20T23:41:29.462+0000][gc,task     ] GC(52) Using 10 workers of 10 for evacuation
[2025-05-20T23:41:29.474+0000][gc,phases   ] GC(52)   Pre Evacuate Collection Set: 0.4ms
[2025-05-20T23:41:29.475+0000][gc,phases   ] GC(52)   Merge Heap Roots: 0.2ms
[2025-05-20T23:41:29.475+0000][gc,phases   ] GC(52)   Evacuate Collection Set: 8.1ms
[2025-05-20T23:41:29.476+0000][gc,phases   ] GC(52)   Post Evacuate Collection Set: 2.6ms
[2025-05-20T23:41:29.477+0000][gc,phases   ] GC(52)   Other: 0.4ms
[2025-05-20T23:41:29.477+0000][gc,heap     ] GC(52) Eden regions: 601->0(598)
[2025-05-20T23:41:29.478+0000][gc,heap     ] GC(52) Survivor regions: 13->16(77)
[2025-05-20T23:41:29.478+0000][gc,heap     ] GC(52) Old regions: 30->31
[2025-05-20T23:41:29.479+0000][gc,heap     ] GC(52) Humongous regions: 130->130
[2025-05-20T23:41:29.479+0000][gc,metaspace] GC(52) Metaspace: 16643K(17088K)->16643K(17088K) NonClass: 14822K(15040K)->14822K(15040K) Class: 1821K(2048K)->1821K(2048K)
[2025-05-20T23:41:29.480+0000][gc          ] GC(52) Pause Young (Normal) (G1 Evacuation Pause) 773M->175M(1024M) 18.123ms
[2025-05-20T23:41:29.481+0000][gc,cpu      ] GC(52) User=0.04s Sys=0.02s Real=0.01s
[2025-05-20T23:41:50.303+0000][gc,start    ] GC(53) Pause Young (Normal) (G1 Evacuation Pause)
[2025-05-20T23:41:50.305+0000][gc,task     ] GC(53) Using 10 workers of 10 for evacuation
[2025-05-20T23:41:50.334+0000][gc,phases   ] GC(53)   Pre Evacuate Collection Set: 2.1ms
[2025-05-20T23:41:50.334+0000][gc,phases   ] GC(53)   Merge Heap Roots: 1.9ms
[2025-05-20T23:41:50.334+0000][gc,phases   ] GC(53)   Evacuate Collection Set: 18.5ms
[2025-05-20T23:41:50.335+0000][gc,phases   ] GC(53)   Post Evacuate Collection Set: 4.1ms
[2025-05-20T23:41:50.341+0000][gc,phases   ] GC(53)   Other: 2.4ms
[2025-05-20T23:41:50.350+0000][gc,heap     ] GC(53) Eden regions: 598->0(598)
[2025-05-20T23:41:50.351+0000][gc,heap     ] GC(53) Survivor regions: 16->16(77)
[2025-05-20T23:41:50.353+0000][gc,heap     ] GC(53) Old regions: 31->31
[2025-05-20T23:41:50.356+0000][gc,heap     ] GC(53) Humongous regions: 130->130
[2025-05-20T23:41:50.360+0000][gc,metaspace] GC(53) Metaspace: 16643K(17088K)->16643K(17088K) NonClass: 14822K(15040K)->14822K(15040K) Class: 1821K(2048K)->1821K(2048K)
[2025-05-20T23:41:50.366+0000][gc          ] GC(53) Pause Young (Normal) (G1 Evacuation Pause) 773M->175M(1024M) 62.386ms
[2025-05-20T23:41:50.368+0000][gc,cpu      ] GC(53) User=0.07s Sys=0.02s Real=0.06s
[2025-05-20T23:42:12.951+0000][gc,start    ] GC(54) Pause Young (Normal) (G1 Evacuation Pause)
[2025-05-20T23:42:12.952+0000][gc,task     ] GC(54) Using 10 workers of 10 for evacuation
[2025-05-20T23:42:12.965+0000][gc,phases   ] GC(54)   Pre Evacuate Collection Set: 2.3ms
[2025-05-20T23:42:12.966+0000][gc,phases   ] GC(54)   Merge Heap Roots: 0.6ms
[2025-05-20T23:42:12.966+0000][gc,phases   ] GC(54)   Evacuate Collection Set: 7.0ms
[2025-05-20T23:42:12.966+0000][gc,phases   ] GC(54)   Post Evacuate Collection Set: 1.3ms
[2025-05-20T23:42:12.966+0000][gc,phases   ] GC(54)   Other: 2.0ms
[2025-05-20T23:42:12.967+0000][gc,heap     ] GC(54) Eden regions: 598->0(601)
[2025-05-20T23:42:12.967+0000][gc,heap     ] GC(54) Survivor regions: 16->13(77)
[2025-05-20T23:42:12.967+0000][gc,heap     ] GC(54) Old regions: 31->31
[2025-05-20T23:42:12.968+0000][gc,heap     ] GC(54) Humongous regions: 130->130
[2025-05-20T23:42:12.970+0000][gc,metaspace] GC(54) Metaspace: 16643K(17088K)->16643K(17088K) NonClass: 14822K(15040K)->14822K(15040K) Class: 1821K(2048K)->1821K(2048K)
[2025-05-20T23:42:12.971+0000][gc          ] GC(54) Pause Young (Normal) (G1 Evacuation Pause) 773M->172M(1024M) 20.019ms
[2025-05-20T23:42:12.971+0000][gc,cpu      ] GC(54) User=0.07s Sys=0.01s Real=0.02s
[2025-05-20T23:42:38.969+0000][gc,start    ] GC(55) Pause Young (Normal) (G1 Evacuation Pause)
[2025-05-20T23:42:38.970+0000][gc,task     ] GC(55) Using 10 workers of 10 for evacuation
[2025-05-20T23:42:38.985+0000][gc,phases   ] GC(55)   Pre Evacuate Collection Set: 0.4ms
[2025-05-20T23:42:38.985+0000][gc,phases   ] GC(55)   Merge Heap Roots: 0.1ms
[2025-05-20T23:42:38.986+0000][gc,phases   ] GC(55)   Evacuate Collection Set: 12.7ms
[2025-05-20T23:42:38.986+0000][gc,phases   ] GC(55)   Post Evacuate Collection Set: 1.7ms
[2025-05-20T23:42:38.986+0000][gc,phases   ] GC(55)   Other: 0.4ms
[2025-05-20T23:42:38.986+0000][gc,heap     ] GC(55) Eden regions: 601->0(598)
[2025-05-20T23:42:38.987+0000][gc,heap     ] GC(55) Survivor regions: 13->16(77)
[2025-05-20T23:42:38.987+0000][gc,heap     ] GC(55) Old regions: 31->31
[2025-05-20T23:42:38.987+0000][gc,heap     ] GC(55) Humongous regions: 130->130
[2025-05-20T23:42:38.988+0000][gc,metaspace] GC(55) Metaspace: 16651K(17088K)->16651K(17088K) NonClass: 14830K(15040K)->14830K(15040K) Class: 1821K(2048K)->1821K(2048K)
[2025-05-20T23:42:38.988+0000][gc          ] GC(55) Pause Young (Normal) (G1 Evacuation Pause) 773M->176M(1024M) 19.113ms
[2025-05-20T23:42:38.988+0000][gc,cpu      ] GC(55) User=0.06s Sys=0.01s Real=0.02s
[2025-05-20T23:42:59.544+0000][gc,start    ] GC(56) Pause Young (Normal) (G1 Evacuation Pause)
[2025-05-20T23:42:59.545+0000][gc,task     ] GC(56) Using 10 workers of 10 for evacuation
[2025-05-20T23:42:59.555+0000][gc,phases   ] GC(56)   Pre Evacuate Collection Set: 0.4ms
[2025-05-20T23:42:59.556+0000][gc,phases   ] GC(56)   Merge Heap Roots: 0.2ms
[2025-05-20T23:42:59.556+0000][gc,phases   ] GC(56)   Evacuate Collection Set: 7.2ms
[2025-05-20T23:42:59.557+0000][gc,phases   ] GC(56)   Post Evacuate Collection Set: 1.2ms
[2025-05-20T23:42:59.557+0000][gc,phases   ] GC(56)   Other: 1.1ms
[2025-05-20T23:42:59.558+0000][gc,heap     ] GC(56) Eden regions: 598->0(597)
[2025-05-20T23:42:59.558+0000][gc,heap     ] GC(56) Survivor regions: 16->17(77)
[2025-05-20T23:42:59.558+0000][gc,heap     ] GC(56) Old regions: 31->31
[2025-05-20T23:42:59.559+0000][gc,heap     ] GC(56) Humongous regions: 130->130
[2025-05-20T23:42:59.559+0000][gc,metaspace] GC(56) Metaspace: 16660K(17088K)->16660K(17088K) NonClass: 14839K(15040K)->14839K(15040K) Class: 1821K(2048K)->1821K(2048K)
[2025-05-20T23:42:59.560+0000][gc          ] GC(56) Pause Young (Normal) (G1 Evacuation Pause) 774M->176M(1024M) 15.590ms
[2025-05-20T23:42:59.560+0000][gc,cpu      ] GC(56) User=0.05s Sys=0.01s Real=0.02s
[2025-05-20T23:43:20.228+0000][gc,start    ] GC(57) Pause Young (Normal) (G1 Evacuation Pause)
[2025-05-20T23:43:20.231+0000][gc,task     ] GC(57) Using 10 workers of 10 for evacuation
[2025-05-20T23:43:20.249+0000][gc,phases   ] GC(57)   Pre Evacuate Collection Set: 2.4ms
[2025-05-20T23:43:20.250+0000][gc,phases   ] GC(57)   Merge Heap Roots: 0.8ms
[2025-05-20T23:43:20.250+0000][gc,phases   ] GC(57)   Evacuate Collection Set: 12.8ms
[2025-05-20T23:43:20.250+0000][gc,phases   ] GC(57)   Post Evacuate Collection Set: 1.1ms
[2025-05-20T23:43:20.251+0000][gc,phases   ] GC(57)   Other: 1.2ms
[2025-05-20T23:43:20.251+0000][gc,heap     ] GC(57) Eden regions: 597->0(597)
[2025-05-20T23:43:20.251+0000][gc,heap     ] GC(57) Survivor regions: 17->17(77)
[2025-05-20T23:43:20.252+0000][gc,heap     ] GC(57) Old regions: 31->31
[2025-05-20T23:43:20.252+0000][gc,heap     ] GC(57) Humongous regions: 130->130
[2025-05-20T23:43:20.253+0000][gc,metaspace] GC(57) Metaspace: 16679K(17088K)->16679K(17088K) NonClass: 14858K(15040K)->14858K(15040K) Class: 1821K(2048K)->1821K(2048K)
[2025-05-20T23:43:20.253+0000][gc          ] GC(57) Pause Young (Normal) (G1 Evacuation Pause) 773M->177M(1024M) 25.460ms
[2025-05-20T23:43:20.254+0000][gc,cpu      ] GC(57) User=0.08s Sys=0.01s Real=0.02s
[2025-05-20T23:43:59.233+0000][gc,start    ] GC(58) Pause Young (Normal) (G1 Evacuation Pause)
[2025-05-20T23:43:59.234+0000][gc,task     ] GC(58) Using 10 workers of 10 for evacuation
[2025-05-20T23:43:59.242+0000][gc,phases   ] GC(58)   Pre Evacuate Collection Set: 0.4ms
[2025-05-20T23:43:59.243+0000][gc,phases   ] GC(58)   Merge Heap Roots: 0.4ms
[2025-05-20T23:43:59.243+0000][gc,phases   ] GC(58)   Evacuate Collection Set: 6.6ms
[2025-05-20T23:43:59.243+0000][gc,phases   ] GC(58)   Post Evacuate Collection Set: 1.0ms
[2025-05-20T23:43:59.243+0000][gc,phases   ] GC(58)   Other: 0.3ms
[2025-05-20T23:43:59.243+0000][gc,heap     ] GC(58) Eden regions: 597->0(598)
[2025-05-20T23:43:59.243+0000][gc,heap     ] GC(58) Survivor regions: 17->16(77)
[2025-05-20T23:43:59.243+0000][gc,heap     ] GC(58) Old regions: 31->33
[2025-05-20T23:43:59.243+0000][gc,heap     ] GC(58) Humongous regions: 130->130
[2025-05-20T23:43:59.244+0000][gc,metaspace] GC(58) Metaspace: 16682K(17088K)->16682K(17088K) NonClass: 14861K(15040K)->14861K(15040K) Class: 1821K(2048K)->1821K(2048K)
[2025-05-20T23:43:59.244+0000][gc          ] GC(58) Pause Young (Normal) (G1 Evacuation Pause) 774M->177M(1024M) 10.534ms
[2025-05-20T23:43:59.244+0000][gc,cpu      ] GC(58) User=0.05s Sys=0.01s Real=0.01s
[2025-05-20T23:44:29.549+0000][gc,start    ] GC(59) Pause Young (Normal) (G1 Evacuation Pause)
[2025-05-20T23:44:29.549+0000][gc,task     ] GC(59) Using 10 workers of 10 for evacuation
[2025-05-20T23:44:29.559+0000][gc,phases   ] GC(59)   Pre Evacuate Collection Set: 0.3ms
[2025-05-20T23:44:29.559+0000][gc,phases   ] GC(59)   Merge Heap Roots: 0.2ms
[2025-05-20T23:44:29.560+0000][gc,phases   ] GC(59)   Evacuate Collection Set: 7.8ms
[2025-05-20T23:44:29.560+0000][gc,phases   ] GC(59)   Post Evacuate Collection Set: 1.2ms
[2025-05-20T23:44:29.561+0000][gc,phases   ] GC(59)   Other: 0.3ms
[2025-05-20T23:44:29.561+0000][gc,heap     ] GC(59) Eden regions: 598->0(596)
[2025-05-20T23:44:29.561+0000][gc,heap     ] GC(59) Survivor regions: 16->18(77)
[2025-05-20T23:44:29.562+0000][gc,heap     ] GC(59) Old regions: 33->34
[2025-05-20T23:44:29.562+0000][gc,heap     ] GC(59) Humongous regions: 130->130
[2025-05-20T23:44:29.562+0000][gc,metaspace] GC(59) Metaspace: 16685K(17088K)->16685K(17088K) NonClass: 14864K(15040K)->14864K(15040K) Class: 1821K(2048K)->1821K(2048K)
[2025-05-20T23:44:29.563+0000][gc          ] GC(59) Pause Young (Normal) (G1 Evacuation Pause) 775M->181M(1024M) 13.787ms
[2025-05-20T23:44:29.563+0000][gc,cpu      ] GC(59) User=0.07s Sys=0.00s Real=0.02s
[2025-05-20T23:45:00.814+0000][gc,start    ] GC(60) Pause Young (Normal) (G1 Evacuation Pause)
[2025-05-20T23:45:00.814+0000][gc,task     ] GC(60) Using 10 workers of 10 for evacuation
[2025-05-20T23:45:00.820+0000][gc,phases   ] GC(60)   Pre Evacuate Collection Set: 0.3ms
[2025-05-20T23:45:00.821+0000][gc,phases   ] GC(60)   Merge Heap Roots: 0.2ms
[2025-05-20T23:45:00.821+0000][gc,phases   ] GC(60)   Evacuate Collection Set: 4.5ms
[2025-05-20T23:45:00.821+0000][gc,phases   ] GC(60)   Post Evacuate Collection Set: 1.0ms
[2025-05-20T23:45:00.821+0000][gc,phases   ] GC(60)   Other: 0.3ms
[2025-05-20T23:45:00.821+0000][gc,heap     ] GC(60) Eden regions: 596->0(597)
[2025-05-20T23:45:00.821+0000][gc,heap     ] GC(60) Survivor regions: 18->17(77)
[2025-05-20T23:45:00.821+0000][gc,heap     ] GC(60) Old regions: 34->35
[2025-05-20T23:45:00.822+0000][gc,heap     ] GC(60) Humongous regions: 130->130
[2025-05-20T23:45:00.822+0000][gc,metaspace] GC(60) Metaspace: 16742K(17152K)->16742K(17152K) NonClass: 14921K(15104K)->14921K(15104K) Class: 1821K(2048K)->1821K(2048K)
[2025-05-20T23:45:00.822+0000][gc          ] GC(60) Pause Young (Normal) (G1 Evacuation Pause) 777M->181M(1024M) 8.168ms
[2025-05-20T23:45:00.822+0000][gc,cpu      ] GC(60) User=0.04s Sys=0.01s Real=0.01s
[2025-05-20T23:45:39.347+0000][gc,start    ] GC(61) Pause Young (Normal) (G1 Evacuation Pause)
[2025-05-20T23:45:39.348+0000][gc,task     ] GC(61) Using 10 workers of 10 for evacuation
[2025-05-20T23:45:39.355+0000][gc,phases   ] GC(61)   Pre Evacuate Collection Set: 0.3ms
[2025-05-20T23:45:39.356+0000][gc,phases   ] GC(61)   Merge Heap Roots: 0.2ms
[2025-05-20T23:45:39.356+0000][gc,phases   ] GC(61)   Evacuate Collection Set: 5.4ms
[2025-05-20T23:45:39.356+0000][gc,phases   ] GC(61)   Post Evacuate Collection Set: 1.2ms
[2025-05-20T23:45:39.356+0000][gc,phases   ] GC(61)   Other: 0.4ms
[2025-05-20T23:45:39.356+0000][gc,heap     ] GC(61) Eden regions: 597->0(595)
[2025-05-20T23:45:39.357+0000][gc,heap     ] GC(61) Survivor regions: 17->19(77)
[2025-05-20T23:45:39.357+0000][gc,heap     ] GC(61) Old regions: 35->35
[2025-05-20T23:45:39.357+0000][gc,heap     ] GC(61) Humongous regions: 130->130
[2025-05-20T23:45:39.357+0000][gc,metaspace] GC(61) Metaspace: 16742K(17152K)->16742K(17152K) NonClass: 14921K(15104K)->14921K(15104K) Class: 1821K(2048K)->1821K(2048K)
[2025-05-20T23:45:39.357+0000][gc          ] GC(61) Pause Young (Normal) (G1 Evacuation Pause) 778M->183M(1024M) 9.866ms
[2025-05-20T23:45:39.358+0000][gc,cpu      ] GC(61) User=0.06s Sys=0.00s Real=0.01s
[2025-05-20T23:46:09.584+0000][gc,start    ] GC(62) Pause Young (Normal) (G1 Evacuation Pause)
[2025-05-20T23:46:09.585+0000][gc,task     ] GC(62) Using 10 workers of 10 for evacuation
[2025-05-20T23:46:09.595+0000][gc,phases   ] GC(62)   Pre Evacuate Collection Set: 0.4ms
[2025-05-20T23:46:09.595+0000][gc,phases   ] GC(62)   Merge Heap Roots: 0.2ms
[2025-05-20T23:46:09.595+0000][gc,phases   ] GC(62)   Evacuate Collection Set: 8.1ms
[2025-05-20T23:46:09.595+0000][gc,phases   ] GC(62)   Post Evacuate Collection Set: 1.0ms
[2025-05-20T23:46:09.595+0000][gc,phases   ] GC(62)   Other: 0.3ms
[2025-05-20T23:46:09.595+0000][gc,heap     ] GC(62) Eden regions: 595->0(591)
[2025-05-20T23:46:09.596+0000][gc,heap     ] GC(62) Survivor regions: 19->23(77)
[2025-05-20T23:46:09.596+0000][gc,heap     ] GC(62) Old regions: 35->36
[2025-05-20T23:46:09.596+0000][gc,heap     ] GC(62) Humongous regions: 130->130
[2025-05-20T23:46:09.596+0000][gc,metaspace] GC(62) Metaspace: 16742K(17152K)->16742K(17152K) NonClass: 14921K(15104K)->14921K(15104K) Class: 1821K(2048K)->1821K(2048K)
[2025-05-20T23:46:09.596+0000][gc          ] GC(62) Pause Young (Normal) (G1 Evacuation Pause) 778M->187M(1024M) 11.963ms
[2025-05-20T23:46:09.596+0000][gc,cpu      ] GC(62) User=0.07s Sys=0.00s Real=0.01s
[2025-05-20T23:46:49.199+0000][gc,start    ] GC(63) Pause Young (Normal) (G1 Evacuation Pause)
[2025-05-20T23:46:49.200+0000][gc,task     ] GC(63) Using 10 workers of 10 for evacuation
[2025-05-20T23:46:49.207+0000][gc,phases   ] GC(63)   Pre Evacuate Collection Set: 0.3ms
[2025-05-20T23:46:49.207+0000][gc,phases   ] GC(63)   Merge Heap Roots: 0.2ms
[2025-05-20T23:46:49.207+0000][gc,phases   ] GC(63)   Evacuate Collection Set: 5.3ms
[2025-05-20T23:46:49.207+0000][gc,phases   ] GC(63)   Post Evacuate Collection Set: 1.1ms
[2025-05-20T23:46:49.207+0000][gc,phases   ] GC(63)   Other: 0.3ms
[2025-05-20T23:46:49.208+0000][gc,heap     ] GC(63) Eden regions: 591->0(593)
[2025-05-20T23:46:49.208+0000][gc,heap     ] GC(63) Survivor regions: 23->21(77)
[2025-05-20T23:46:49.208+0000][gc,heap     ] GC(63) Old regions: 36->37
[2025-05-20T23:46:49.208+0000][gc,heap     ] GC(63) Humongous regions: 130->130
[2025-05-20T23:46:49.208+0000][gc,metaspace] GC(63) Metaspace: 16744K(17152K)->16744K(17152K) NonClass: 14923K(15104K)->14923K(15104K) Class: 1821K(2048K)->1821K(2048K)
[2025-05-20T23:46:49.208+0000][gc          ] GC(63) Pause Young (Normal) (G1 Evacuation Pause) 778M->186M(1024M) 9.072ms
[2025-05-20T23:46:49.209+0000][gc,cpu      ] GC(63) User=0.04s Sys=0.02s Real=0.01s
[2025-05-20T23:47:19.449+0000][gc,start    ] GC(64) Pause Young (Normal) (G1 Evacuation Pause)
[2025-05-20T23:47:19.449+0000][gc,task     ] GC(64) Using 10 workers of 10 for evacuation
[2025-05-20T23:47:19.457+0000][gc,phases   ] GC(64)   Pre Evacuate Collection Set: 0.5ms
[2025-05-20T23:47:19.457+0000][gc,phases   ] GC(64)   Merge Heap Roots: 0.2ms
[2025-05-20T23:47:19.457+0000][gc,phases   ] GC(64)   Evacuate Collection Set: 5.5ms
[2025-05-20T23:47:19.457+0000][gc,phases   ] GC(64)   Post Evacuate Collection Set: 0.9ms
[2025-05-20T23:47:19.458+0000][gc,phases   ] GC(64)   Other: 0.3ms
[2025-05-20T23:47:19.458+0000][gc,heap     ] GC(64) Eden regions: 593->0(591)
[2025-05-20T23:47:19.458+0000][gc,heap     ] GC(64) Survivor regions: 21->23(77)
[2025-05-20T23:47:19.458+0000][gc,heap     ] GC(64) Old regions: 37->37
[2025-05-20T23:47:19.458+0000][gc,heap     ] GC(64) Humongous regions: 130->130
[2025-05-20T23:47:19.458+0000][gc,metaspace] GC(64) Metaspace: 16772K(17152K)->16772K(17152K) NonClass: 14951K(15104K)->14951K(15104K) Class: 1821K(2048K)->1821K(2048K)
[2025-05-20T23:47:19.458+0000][gc          ] GC(64) Pause Young (Normal) (G1 Evacuation Pause) 779M->189M(1024M) 9.306ms
[2025-05-20T23:47:19.459+0000][gc,cpu      ] GC(64) User=0.05s Sys=0.00s Real=0.01s
[2025-05-20T23:47:49.669+0000][gc,start    ] GC(65) Pause Young (Normal) (G1 Evacuation Pause)
[2025-05-20T23:47:49.669+0000][gc,task     ] GC(65) Using 10 workers of 10 for evacuation
[2025-05-20T23:47:49.678+0000][gc,phases   ] GC(65)   Pre Evacuate Collection Set: 0.6ms
[2025-05-20T23:47:49.678+0000][gc,phases   ] GC(65)   Merge Heap Roots: 0.3ms
[2025-05-20T23:47:49.678+0000][gc,phases   ] GC(65)   Evacuate Collection Set: 6.5ms
[2025-05-20T23:47:49.679+0000][gc,phases   ] GC(65)   Post Evacuate Collection Set: 1.1ms
[2025-05-20T23:47:49.679+0000][gc,phases   ] GC(65)   Other: 0.4ms
[2025-05-20T23:47:49.679+0000][gc,heap     ] GC(65) Eden regions: 591->0(594)
[2025-05-20T23:47:49.679+0000][gc,heap     ] GC(65) Survivor regions: 23->20(77)
[2025-05-20T23:47:49.679+0000][gc,heap     ] GC(65) Old regions: 37->38
[2025-05-20T23:47:49.679+0000][gc,heap     ] GC(65) Humongous regions: 130->130
[2025-05-20T23:47:49.679+0000][gc,metaspace] GC(65) Metaspace: 16774K(17152K)->16774K(17152K) NonClass: 14952K(15104K)->14952K(15104K) Class: 1821K(2048K)->1821K(2048K)
[2025-05-20T23:47:49.680+0000][gc          ] GC(65) Pause Young (Normal) (G1 Evacuation Pause) 780M->187M(1024M) 10.629ms
[2025-05-20T23:47:49.680+0000][gc,cpu      ] GC(65) User=0.04s Sys=0.02s Real=0.01s
[2025-05-20T23:48:29.291+0000][gc,start    ] GC(66) Pause Young (Normal) (G1 Evacuation Pause)
[2025-05-20T23:48:29.291+0000][gc,task     ] GC(66) Using 10 workers of 10 for evacuation
[2025-05-20T23:48:29.298+0000][gc,phases   ] GC(66)   Pre Evacuate Collection Set: 0.4ms
[2025-05-20T23:48:29.299+0000][gc,phases   ] GC(66)   Merge Heap Roots: 0.3ms
[2025-05-20T23:48:29.299+0000][gc,phases   ] GC(66)   Evacuate Collection Set: 5.3ms
[2025-05-20T23:48:29.299+0000][gc,phases   ] GC(66)   Post Evacuate Collection Set: 1.1ms
[2025-05-20T23:48:29.299+0000][gc,phases   ] GC(66)   Other: 0.4ms
[2025-05-20T23:48:29.299+0000][gc,heap     ] GC(66) Eden regions: 594->0(595)
[2025-05-20T23:48:29.300+0000][gc,heap     ] GC(66) Survivor regions: 20->19(77)
[2025-05-20T23:48:29.300+0000][gc,heap     ] GC(66) Old regions: 38->39
[2025-05-20T23:48:29.300+0000][gc,heap     ] GC(66) Humongous regions: 130->130
[2025-05-20T23:48:29.300+0000][gc,metaspace] GC(66) Metaspace: 16777K(17152K)->16777K(17152K) NonClass: 14955K(15104K)->14955K(15104K) Class: 1821K(2048K)->1821K(2048K)
[2025-05-20T23:48:29.300+0000][gc          ] GC(66) Pause Young (Normal) (G1 Evacuation Pause) 781M->187M(1024M) 9.472ms
[2025-05-20T23:48:29.300+0000][gc,cpu      ] GC(66) User=0.06s Sys=0.00s Real=0.01s
[2025-05-20T23:48:59.524+0000][gc,start    ] GC(67) Pause Young (Normal) (G1 Evacuation Pause)
[2025-05-20T23:48:59.524+0000][gc,task     ] GC(67) Using 10 workers of 10 for evacuation
[2025-05-20T23:48:59.534+0000][gc,phases   ] GC(67)   Pre Evacuate Collection Set: 0.3ms
[2025-05-20T23:48:59.534+0000][gc,phases   ] GC(67)   Merge Heap Roots: 0.2ms
[2025-05-20T23:48:59.534+0000][gc,phases   ] GC(67)   Evacuate Collection Set: 7.4ms
[2025-05-20T23:48:59.534+0000][gc,phases   ] GC(67)   Post Evacuate Collection Set: 1.1ms
[2025-05-20T23:48:59.534+0000][gc,phases   ] GC(67)   Other: 0.3ms
[2025-05-20T23:48:59.534+0000][gc,heap     ] GC(67) Eden regions: 595->0(593)
[2025-05-20T23:48:59.535+0000][gc,heap     ] GC(67) Survivor regions: 19->21(77)
[2025-05-20T23:48:59.535+0000][gc,heap     ] GC(67) Old regions: 39->40
[2025-05-20T23:48:59.535+0000][gc,heap     ] GC(67) Humongous regions: 130->130
[2025-05-20T23:48:59.535+0000][gc,metaspace] GC(67) Metaspace: 16778K(17152K)->16778K(17152K) NonClass: 14957K(15104K)->14957K(15104K) Class: 1821K(2048K)->1821K(2048K)
[2025-05-20T23:48:59.535+0000][gc          ] GC(67) Pause Young (Normal) (G1 Evacuation Pause) 782M->190M(1024M) 11.275ms
[2025-05-20T23:48:59.536+0000][gc,cpu      ] GC(67) User=0.07s Sys=0.00s Real=0.01s
[2025-05-20T23:49:38.435+0000][gc,start    ] GC(68) Pause Young (Normal) (G1 Evacuation Pause)
[2025-05-20T23:49:38.435+0000][gc,task     ] GC(68) Using 10 workers of 10 for evacuation
[2025-05-20T23:49:38.444+0000][gc,phases   ] GC(68)   Pre Evacuate Collection Set: 0.4ms
[2025-05-20T23:49:38.444+0000][gc,phases   ] GC(68)   Merge Heap Roots: 0.2ms
[2025-05-20T23:49:38.444+0000][gc,phases   ] GC(68)   Evacuate Collection Set: 6.1ms
[2025-05-20T23:49:38.445+0000][gc,phases   ] GC(68)   Post Evacuate Collection Set: 1.3ms
[2025-05-20T23:49:38.445+0000][gc,phases   ] GC(68)   Other: 0.3ms
[2025-05-20T23:49:38.445+0000][gc,heap     ] GC(68) Eden regions: 593->0(594)
[2025-05-20T23:49:38.445+0000][gc,heap     ] GC(68) Survivor regions: 21->20(77)
[2025-05-20T23:49:38.445+0000][gc,heap     ] GC(68) Old regions: 40->41
[2025-05-20T23:49:38.446+0000][gc,heap     ] GC(68) Humongous regions: 130->130
[2025-05-20T23:49:38.446+0000][gc,metaspace] GC(68) Metaspace: 16778K(17152K)->16778K(17152K) NonClass: 14957K(15104K)->14957K(15104K) Class: 1821K(2048K)->1821K(2048K)
[2025-05-20T23:49:38.446+0000][gc          ] GC(68) Pause Young (Normal) (G1 Evacuation Pause) 783M->189M(1024M) 11.126ms
[2025-05-20T23:49:38.446+0000][gc,cpu      ] GC(68) User=0.06s Sys=0.00s Real=0.01s
[2025-05-20T23:50:09.380+0000][gc,start    ] GC(69) Pause Young (Normal) (G1 Evacuation Pause)
[2025-05-20T23:50:09.381+0000][gc,task     ] GC(69) Using 10 workers of 10 for evacuation
[2025-05-20T23:50:09.389+0000][gc,phases   ] GC(69)   Pre Evacuate Collection Set: 0.4ms
[2025-05-20T23:50:09.390+0000][gc,phases   ] GC(69)   Merge Heap Roots: 0.2ms
[2025-05-20T23:50:09.390+0000][gc,phases   ] GC(69)   Evacuate Collection Set: 6.7ms
[2025-05-20T23:50:09.390+0000][gc,phases   ] GC(69)   Post Evacuate Collection Set: 1.1ms
[2025-05-20T23:50:09.390+0000][gc,phases   ] GC(69)   Other: 0.4ms
[2025-05-20T23:50:09.390+0000][gc,heap     ] GC(69) Eden regions: 594->0(592)
[2025-05-20T23:50:09.390+0000][gc,heap     ] GC(69) Survivor regions: 20->22(77)
[2025-05-20T23:50:09.391+0000][gc,heap     ] GC(69) Old regions: 41->42
[2025-05-20T23:50:09.391+0000][gc,heap     ] GC(69) Humongous regions: 130->130
[2025-05-20T23:50:09.391+0000][gc,metaspace] GC(69) Metaspace: 16780K(17152K)->16780K(17152K) NonClass: 14958K(15104K)->14958K(15104K) Class: 1821K(2048K)->1821K(2048K)
[2025-05-20T23:50:09.391+0000][gc          ] GC(69) Pause Young (Normal) (G1 Evacuation Pause) 783M->193M(1024M) 10.684ms
[2025-05-20T23:50:09.391+0000][gc,cpu      ] GC(69) User=0.05s Sys=0.02s Real=0.01s
[2025-05-20T23:50:39.653+0000][gc,start    ] GC(70) Pause Young (Normal) (G1 Evacuation Pause)
[2025-05-20T23:50:39.653+0000][gc,task     ] GC(70) Using 10 workers of 10 for evacuation
[2025-05-20T23:50:39.663+0000][gc,phases   ] GC(70)   Pre Evacuate Collection Set: 0.3ms
[2025-05-20T23:50:39.663+0000][gc,phases   ] GC(70)   Merge Heap Roots: 0.2ms
[2025-05-20T23:50:39.664+0000][gc,phases   ] GC(70)   Evacuate Collection Set: 7.6ms
[2025-05-20T23:50:39.664+0000][gc,phases   ] GC(70)   Post Evacuate Collection Set: 1.1ms
[2025-05-20T23:50:39.664+0000][gc,phases   ] GC(70)   Other: 0.4ms
[2025-05-20T23:50:39.664+0000][gc,heap     ] GC(70) Eden regions: 592->0(590)
[2025-05-20T23:50:39.664+0000][gc,heap     ] GC(70) Survivor regions: 22->24(77)
[2025-05-20T23:50:39.665+0000][gc,heap     ] GC(70) Old regions: 42->43
[2025-05-20T23:50:39.665+0000][gc,heap     ] GC(70) Humongous regions: 130->130
[2025-05-20T23:50:39.665+0000][gc,metaspace] GC(70) Metaspace: 16780K(17152K)->16780K(17152K) NonClass: 14959K(15104K)->14959K(15104K) Class: 1821K(2048K)->1821K(2048K)
[2025-05-20T23:50:39.665+0000][gc          ] GC(70) Pause Young (Normal) (G1 Evacuation Pause) 785M->195M(1024M) 11.965ms
[2025-05-20T23:50:39.665+0000][gc,cpu      ] GC(70) User=0.07s Sys=0.00s Real=0.01s
[2025-05-20T23:51:19.222+0000][gc,start    ] GC(71) Pause Young (Normal) (G1 Evacuation Pause)
[2025-05-20T23:51:19.222+0000][gc,task     ] GC(71) Using 10 workers of 10 for evacuation
[2025-05-20T23:51:19.232+0000][gc,phases   ] GC(71)   Pre Evacuate Collection Set: 0.5ms
[2025-05-20T23:51:19.232+0000][gc,phases   ] GC(71)   Merge Heap Roots: 0.3ms
[2025-05-20T23:51:19.232+0000][gc,phases   ] GC(71)   Evacuate Collection Set: 7.0ms
[2025-05-20T23:51:19.232+0000][gc,phases   ] GC(71)   Post Evacuate Collection Set: 1.2ms
[2025-05-20T23:51:19.232+0000][gc,phases   ] GC(71)   Other: 0.3ms
[2025-05-20T23:51:19.232+0000][gc,heap     ] GC(71) Eden regions: 590->0(592)
[2025-05-20T23:51:19.233+0000][gc,heap     ] GC(71) Survivor regions: 24->22(77)
[2025-05-20T23:51:19.233+0000][gc,heap     ] GC(71) Old regions: 43->44
[2025-05-20T23:51:19.233+0000][gc,heap     ] GC(71) Humongous regions: 130->130
[2025-05-20T23:51:19.233+0000][gc,metaspace] GC(71) Metaspace: 16789K(17216K)->16789K(17216K) NonClass: 14968K(15168K)->14968K(15168K) Class: 1821K(2048K)->1821K(2048K)
[2025-05-20T23:51:19.233+0000][gc          ] GC(71) Pause Young (Normal) (G1 Evacuation Pause) 785M->194M(1024M) 11.082ms
[2025-05-20T23:51:19.233+0000][gc,cpu      ] GC(71) User=0.06s Sys=0.00s Real=0.01s
[2025-05-20T23:51:49.486+0000][gc,start    ] GC(72) Pause Young (Normal) (G1 Evacuation Pause)
[2025-05-20T23:51:49.487+0000][gc,task     ] GC(72) Using 10 workers of 10 for evacuation
[2025-05-20T23:51:49.494+0000][gc,phases   ] GC(72)   Pre Evacuate Collection Set: 0.3ms
[2025-05-20T23:51:49.494+0000][gc,phases   ] GC(72)   Merge Heap Roots: 0.2ms
[2025-05-20T23:51:49.494+0000][gc,phases   ] GC(72)   Evacuate Collection Set: 5.4ms
[2025-05-20T23:51:49.494+0000][gc,phases   ] GC(72)   Post Evacuate Collection Set: 1.1ms
[2025-05-20T23:51:49.495+0000][gc,phases   ] GC(72)   Other: 0.3ms
[2025-05-20T23:51:49.495+0000][gc,heap     ] GC(72) Eden regions: 592->0(595)
[2025-05-20T23:51:49.495+0000][gc,heap     ] GC(72) Survivor regions: 22->19(77)
[2025-05-20T23:51:49.495+0000][gc,heap     ] GC(72) Old regions: 44->44
[2025-05-20T23:51:49.495+0000][gc,heap     ] GC(72) Humongous regions: 130->130
[2025-05-20T23:51:49.495+0000][gc,metaspace] GC(72) Metaspace: 16796K(17216K)->16796K(17216K) NonClass: 14974K(15168K)->14974K(15168K) Class: 1821K(2048K)->1821K(2048K)
[2025-05-20T23:51:49.496+0000][gc          ] GC(72) Pause Young (Normal) (G1 Evacuation Pause) 786M->192M(1024M) 9.180ms
[2025-05-20T23:51:49.496+0000][gc,cpu      ] GC(72) User=0.04s Sys=0.00s Real=0.01s
[2025-05-20T23:52:19.728+0000][gc,start    ] GC(73) Pause Young (Normal) (G1 Evacuation Pause)
[2025-05-20T23:52:19.729+0000][gc,task     ] GC(73) Using 10 workers of 10 for evacuation
[2025-05-20T23:52:19.736+0000][gc,phases   ] GC(73)   Pre Evacuate Collection Set: 0.3ms
[2025-05-20T23:52:19.736+0000][gc,phases   ] GC(73)   Merge Heap Roots: 0.2ms
[2025-05-20T23:52:19.736+0000][gc,phases   ] GC(73)   Evacuate Collection Set: 5.7ms
[2025-05-20T23:52:19.736+0000][gc,phases   ] GC(73)   Post Evacuate Collection Set: 0.9ms
[2025-05-20T23:52:19.736+0000][gc,phases   ] GC(73)   Other: 0.2ms
[2025-05-20T23:52:19.737+0000][gc,heap     ] GC(73) Eden regions: 595->0(598)
[2025-05-20T23:52:19.737+0000][gc,heap     ] GC(73) Survivor regions: 19->16(77)
[2025-05-20T23:52:19.737+0000][gc,heap     ] GC(73) Old regions: 44->46
[2025-05-20T23:52:19.737+0000][gc,heap     ] GC(73) Humongous regions: 130->130
[2025-05-20T23:52:19.737+0000][gc,metaspace] GC(73) Metaspace: 16797K(17216K)->16797K(17216K) NonClass: 14975K(15168K)->14975K(15168K) Class: 1821K(2048K)->1821K(2048K)
[2025-05-20T23:52:19.737+0000][gc          ] GC(73) Pause Young (Normal) (G1 Evacuation Pause) 787M->191M(1024M) 8.943ms
[2025-05-20T23:52:19.737+0000][gc,cpu      ] GC(73) User=0.06s Sys=0.00s Real=0.01s
[2025-05-20T23:52:59.318+0000][gc,start    ] GC(74) Pause Young (Normal) (G1 Evacuation Pause)
[2025-05-20T23:52:59.318+0000][gc,task     ] GC(74) Using 10 workers of 10 for evacuation
[2025-05-20T23:52:59.328+0000][gc,phases   ] GC(74)   Pre Evacuate Collection Set: 0.5ms
[2025-05-20T23:52:59.328+0000][gc,phases   ] GC(74)   Merge Heap Roots: 0.2ms
[2025-05-20T23:52:59.328+0000][gc,phases   ] GC(74)   Evacuate Collection Set: 7.7ms
[2025-05-20T23:52:59.329+0000][gc,phases   ] GC(74)   Post Evacuate Collection Set: 1.2ms
[2025-05-20T23:52:59.329+0000][gc,phases   ] GC(74)   Other: 0.3ms
[2025-05-20T23:52:59.329+0000][gc,heap     ] GC(74) Eden regions: 598->0(596)
[2025-05-20T23:52:59.329+0000][gc,heap     ] GC(74) Survivor regions: 16->18(77)
[2025-05-20T23:52:59.329+0000][gc,heap     ] GC(74) Old regions: 46->48
[2025-05-20T23:52:59.329+0000][gc,heap     ] GC(74) Humongous regions: 130->130
[2025-05-20T23:52:59.329+0000][gc,metaspace] GC(74) Metaspace: 16801K(17216K)->16801K(17216K) NonClass: 14979K(15168K)->14979K(15168K) Class: 1821K(2048K)->1821K(2048K)
[2025-05-20T23:52:59.329+0000][gc          ] GC(74) Pause Young (Normal) (G1 Evacuation Pause) 789M->195M(1024M) 11.652ms
[2025-05-20T23:52:59.330+0000][gc,cpu      ] GC(74) User=0.08s Sys=0.00s Real=0.01s
[2025-05-20T23:53:29.579+0000][gc,start    ] GC(75) Pause Young (Normal) (G1 Evacuation Pause)
[2025-05-20T23:53:29.579+0000][gc,task     ] GC(75) Using 10 workers of 10 for evacuation
[2025-05-20T23:53:29.588+0000][gc,phases   ] GC(75)   Pre Evacuate Collection Set: 0.4ms
[2025-05-20T23:53:29.589+0000][gc,phases   ] GC(75)   Merge Heap Roots: 0.2ms
[2025-05-20T23:53:29.589+0000][gc,phases   ] GC(75)   Evacuate Collection Set: 7.1ms
[2025-05-20T23:53:29.589+0000][gc,phases   ] GC(75)   Post Evacuate Collection Set: 1.3ms
[2025-05-20T23:53:29.589+0000][gc,phases   ] GC(75)   Other: 0.3ms
[2025-05-20T23:53:29.590+0000][gc,heap     ] GC(75) Eden regions: 596->0(593)
[2025-05-20T23:53:29.590+0000][gc,heap     ] GC(75) Survivor regions: 18->21(77)
[2025-05-20T23:53:29.590+0000][gc,heap     ] GC(75) Old regions: 48->49
[2025-05-20T23:53:29.590+0000][gc,heap     ] GC(75) Humongous regions: 130->130
[2025-05-20T23:53:29.591+0000][gc,metaspace] GC(75) Metaspace: 16801K(17216K)->16801K(17216K) NonClass: 14979K(15168K)->14979K(15168K) Class: 1821K(2048K)->1821K(2048K)
[2025-05-20T23:53:29.591+0000][gc          ] GC(75) Pause Young (Normal) (G1 Evacuation Pause) 791M->199M(1024M) 12.014ms
[2025-05-20T23:53:29.591+0000][gc,cpu      ] GC(75) User=0.06s Sys=0.00s Real=0.01s
[2025-05-20T23:53:46.280+0000][gc,heap,exit] Heap
[2025-05-20T23:53:46.280+0000][gc,heap,exit]  garbage-first heap   total 1048576K, used 445505K [0x00000000c0000000, 0x0000000100000000)
[2025-05-20T23:53:46.280+0000][gc,heap,exit]   region size 1024K, 257 young (263168K), 21 survivors (21504K)
[2025-05-20T23:53:46.280+0000][gc,heap,exit]  Metaspace       used 17522K, committed 17920K, reserved 1114112K
[2025-05-20T23:53:46.280+0000][gc,heap,exit]   class space    used 1993K, committed 2240K, reserved 1048576K
