[2025-05-21T14:13:12.435+0000][gc,init] CardTable entry size: 512
[2025-05-21T14:13:12.435+0000][gc     ] Using G1
[2025-05-21T14:13:12.476+0000][gc,init] Version: 21.0.4+7-LTS (release)
[2025-05-21T14:13:12.486+0000][gc,init] CPUs: 12 total, 12 available
[2025-05-21T14:13:12.486+0000][gc,init] Memory: 15597M
[2025-05-21T14:13:12.487+0000][gc,init] Large Page Support: Disabled
[2025-05-21T14:13:12.487+0000][gc,init] NUMA Support: Disabled
[2025-05-21T14:13:12.487+0000][gc,init] Compressed Oops: Enabled (32-bit)
[2025-05-21T14:13:12.487+0000][gc,init] Heap Region Size: 1M
[2025-05-21T14:13:12.493+0000][gc,init] Heap Min Capacity: 1G
[2025-05-21T14:13:12.498+0000][gc,init] Heap Initial Capacity: 1G
[2025-05-21T14:13:12.499+0000][gc,init] Heap Max Capacity: 1G
[2025-05-21T14:13:12.503+0000][gc,init] Pre-touch: Disabled
[2025-05-21T14:13:12.503+0000][gc,init] Parallel Workers: 10
[2025-05-21T14:13:12.504+0000][gc,init] Concurrent Workers: 3
[2025-05-21T14:13:12.504+0000][gc,init] Concurrent Refinement Workers: 10
[2025-05-21T14:13:12.504+0000][gc,init] Periodic GC: Disabled
[2025-05-21T14:13:12.624+0000][gc,metaspace] CDS archive(s) mapped at: [0x00007f56e2000000-0x00007f56e2bbe000-0x00007f56e5674000), size 57098240, SharedBaseAddress: 0x00007f56e2000000, ArchiveRelocationMode: 1.
[2025-05-21T14:13:12.631+0000][gc,metaspace] Compressed class space mapped at: 0x00007f56e6000000-0x00007f5726000000, reserved size: 1073741824
[2025-05-21T14:13:12.631+0000][gc,metaspace] Narrow klass base: 0x00007f56e2000000, Narrow klass shift: 0, Narrow klass range: 0x100000000
[2025-05-21T14:13:18.841+0000][gc,start    ] GC(0) Pause Young (Normal) (G1 Evacuation Pause)
[2025-05-21T14:13:18.883+0000][gc,task     ] GC(0) Using 10 workers of 10 for evacuation
[2025-05-21T14:13:18.976+0000][gc,phases   ] GC(0)   Pre Evacuate Collection Set: 6.4ms
[2025-05-21T14:13:18.986+0000][gc,phases   ] GC(0)   Merge Heap Roots: 0.2ms
[2025-05-21T14:13:18.986+0000][gc,phases   ] GC(0)   Evacuate Collection Set: 78.8ms
[2025-05-21T14:13:18.988+0000][gc,phases   ] GC(0)   Post Evacuate Collection Set: 4.1ms
[2025-05-21T14:13:18.988+0000][gc,phases   ] GC(0)   Other: 39.5ms
[2025-05-21T14:13:18.994+0000][gc,heap     ] GC(0) Eden regions: 51->0(44)
[2025-05-21T14:13:18.995+0000][gc,heap     ] GC(0) Survivor regions: 0->7(7)
[2025-05-21T14:13:18.998+0000][gc,heap     ] GC(0) Old regions: 1->5
[2025-05-21T14:13:18.999+0000][gc,heap     ] GC(0) Humongous regions: 2->2
[2025-05-21T14:13:19.000+0000][gc,metaspace] GC(0) Metaspace: 5345K(5504K)->5345K(5504K) NonClass: 4713K(4800K)->4713K(4800K) Class: 632K(704K)->632K(704K)
[2025-05-21T14:13:19.004+0000][gc          ] GC(0) Pause Young (Normal) (G1 Evacuation Pause) 53M->13M(1024M) 163.530ms
[2025-05-21T14:13:19.005+0000][gc,cpu      ] GC(0) User=0.07s Sys=0.04s Real=0.16s
[2025-05-21T14:13:21.068+0000][gc,start    ] GC(1) Pause Young (Normal) (G1 Evacuation Pause)
[2025-05-21T14:13:21.073+0000][gc,task     ] GC(1) Using 10 workers of 10 for evacuation
[2025-05-21T14:13:21.167+0000][gc,phases   ] GC(1)   Pre Evacuate Collection Set: 0.3ms
[2025-05-21T14:13:21.168+0000][gc,phases   ] GC(1)   Merge Heap Roots: 0.1ms
[2025-05-21T14:13:21.168+0000][gc,phases   ] GC(1)   Evacuate Collection Set: 91.0ms
[2025-05-21T14:13:21.177+0000][gc,phases   ] GC(1)   Post Evacuate Collection Set: 1.6ms
[2025-05-21T14:13:21.177+0000][gc,phases   ] GC(1)   Other: 1.7ms
[2025-05-21T14:13:21.178+0000][gc,heap     ] GC(1) Eden regions: 44->0(52)
[2025-05-21T14:13:21.179+0000][gc,heap     ] GC(1) Survivor regions: 7->5(7)
[2025-05-21T14:13:21.180+0000][gc,heap     ] GC(1) Old regions: 5->12
[2025-05-21T14:13:21.180+0000][gc,heap     ] GC(1) Humongous regions: 2->2
[2025-05-21T14:13:21.180+0000][gc,metaspace] GC(1) Metaspace: 7250K(7488K)->7250K(7488K) NonClass: 6382K(6528K)->6382K(6528K) Class: 867K(960K)->867K(960K)
[2025-05-21T14:13:21.180+0000][gc          ] GC(1) Pause Young (Normal) (G1 Evacuation Pause) 57M->18M(1024M) 111.827ms
[2025-05-21T14:13:21.182+0000][gc,cpu      ] GC(1) User=0.09s Sys=0.06s Real=0.11s
[2025-05-21T14:13:22.617+0000][gc,start    ] GC(2) Pause Young (Normal) (G1 Evacuation Pause)
[2025-05-21T14:13:22.622+0000][gc,task     ] GC(2) Using 10 workers of 10 for evacuation
[2025-05-21T14:13:22.701+0000][gc,phases   ] GC(2)   Pre Evacuate Collection Set: 3.7ms
[2025-05-21T14:13:22.707+0000][gc,phases   ] GC(2)   Merge Heap Roots: 0.1ms
[2025-05-21T14:13:22.722+0000][gc,phases   ] GC(2)   Evacuate Collection Set: 73.1ms
[2025-05-21T14:13:22.724+0000][gc,phases   ] GC(2)   Post Evacuate Collection Set: 0.8ms
[2025-05-21T14:13:22.738+0000][gc,phases   ] GC(2)   Other: 1.0ms
[2025-05-21T14:13:22.755+0000][gc,heap     ] GC(2) Eden regions: 58->0(281)
[2025-05-21T14:13:22.755+0000][gc,heap     ] GC(2) Survivor regions: 5->3(8)
[2025-05-21T14:13:22.756+0000][gc,heap     ] GC(2) Old regions: 12->18
[2025-05-21T14:13:22.758+0000][gc,heap     ] GC(2) Humongous regions: 3->3
[2025-05-21T14:13:22.770+0000][gc,metaspace] GC(2) Metaspace: 8380K(8640K)->8380K(8640K) NonClass: 7365K(7488K)->7365K(7488K) Class: 1015K(1152K)->1015K(1152K)
[2025-05-21T14:13:22.774+0000][gc          ] GC(2) Pause Young (Normal) (G1 Evacuation Pause) 77M->22M(1024M) 157.148ms
[2025-05-21T14:13:22.777+0000][gc,cpu      ] GC(2) User=0.14s Sys=0.09s Real=0.16s
[2025-05-21T14:13:39.601+0000][gc,start    ] GC(3) Pause Young (Normal) (G1 Evacuation Pause)
[2025-05-21T14:13:39.601+0000][gc,task     ] GC(3) Using 10 workers of 10 for evacuation
[2025-05-21T14:13:39.615+0000][gc,phases   ] GC(3)   Pre Evacuate Collection Set: 0.4ms
[2025-05-21T14:13:39.615+0000][gc,phases   ] GC(3)   Merge Heap Roots: 0.2ms
[2025-05-21T14:13:39.616+0000][gc,phases   ] GC(3)   Evacuate Collection Set: 11.7ms
[2025-05-21T14:13:39.616+0000][gc,phases   ] GC(3)   Post Evacuate Collection Set: 1.3ms
[2025-05-21T14:13:39.616+0000][gc,phases   ] GC(3)   Other: 0.4ms
[2025-05-21T14:13:39.616+0000][gc,heap     ] GC(3) Eden regions: 277->0(479)
[2025-05-21T14:13:39.616+0000][gc,heap     ] GC(3) Survivor regions: 3->10(35)
[2025-05-21T14:13:39.616+0000][gc,heap     ] GC(3) Old regions: 18->18
[2025-05-21T14:13:39.616+0000][gc,heap     ] GC(3) Humongous regions: 132->131
[2025-05-21T14:13:39.617+0000][gc,metaspace] GC(3) Metaspace: 12012K(12416K)->12012K(12416K) NonClass: 10503K(10688K)->10503K(10688K) Class: 1508K(1728K)->1508K(1728K)
[2025-05-21T14:13:39.617+0000][gc          ] GC(3) Pause Young (Normal) (G1 Evacuation Pause) 428M->158M(1024M) 16.056ms
[2025-05-21T14:13:39.617+0000][gc,cpu      ] GC(3) User=0.00s Sys=0.11s Real=0.02s
[2025-05-21T14:14:09.669+0000][gc,start    ] GC(4) Pause Young (Normal) (G1 Evacuation Pause)
[2025-05-21T14:14:09.669+0000][gc,task     ] GC(4) Using 10 workers of 10 for evacuation
[2025-05-21T14:14:09.681+0000][gc,phases   ] GC(4)   Pre Evacuate Collection Set: 0.4ms
[2025-05-21T14:14:09.682+0000][gc,phases   ] GC(4)   Merge Heap Roots: 0.3ms
[2025-05-21T14:14:09.682+0000][gc,phases   ] GC(4)   Evacuate Collection Set: 9.7ms
[2025-05-21T14:14:09.682+0000][gc,phases   ] GC(4)   Post Evacuate Collection Set: 1.1ms
[2025-05-21T14:14:09.682+0000][gc,phases   ] GC(4)   Other: 0.4ms
[2025-05-21T14:14:09.682+0000][gc,heap     ] GC(4) Eden regions: 466->0(602)
[2025-05-21T14:14:09.682+0000][gc,heap     ] GC(4) Survivor regions: 10->12(60)
[2025-05-21T14:14:09.683+0000][gc,heap     ] GC(4) Old regions: 18->18
[2025-05-21T14:14:09.683+0000][gc,heap     ] GC(4) Humongous regions: 132->131
[2025-05-21T14:14:09.683+0000][gc,metaspace] GC(4) Metaspace: 12724K(13120K)->12724K(13120K) NonClass: 11130K(11328K)->11130K(11328K) Class: 1593K(1792K)->1593K(1792K)
[2025-05-21T14:14:09.683+0000][gc          ] GC(4) Pause Young (Normal) (G1 Evacuation Pause) 625M->159M(1024M) 14.290ms
[2025-05-21T14:14:09.683+0000][gc,cpu      ] GC(4) User=0.05s Sys=0.03s Real=0.02s
[2025-05-21T14:14:49.880+0000][gc,start    ] GC(5) Pause Young (Normal) (G1 Evacuation Pause)
[2025-05-21T14:14:49.880+0000][gc,task     ] GC(5) Using 10 workers of 10 for evacuation
[2025-05-21T14:14:49.895+0000][gc,phases   ] GC(5)   Pre Evacuate Collection Set: 0.5ms
[2025-05-21T14:14:49.896+0000][gc,phases   ] GC(5)   Merge Heap Roots: 0.3ms
[2025-05-21T14:14:49.896+0000][gc,phases   ] GC(5)   Evacuate Collection Set: 12.4ms
[2025-05-21T14:14:49.896+0000][gc,phases   ] GC(5)   Post Evacuate Collection Set: 1.5ms
[2025-05-21T14:14:49.896+0000][gc,phases   ] GC(5)   Other: 0.4ms
[2025-05-21T14:14:49.896+0000][gc,heap     ] GC(5) Eden regions: 602->0(602)
[2025-05-21T14:14:49.897+0000][gc,heap     ] GC(5) Survivor regions: 12->12(77)
[2025-05-21T14:14:49.897+0000][gc,heap     ] GC(5) Old regions: 18->18
[2025-05-21T14:14:49.897+0000][gc,heap     ] GC(5) Humongous regions: 131->131
[2025-05-21T14:14:49.897+0000][gc,metaspace] GC(5) Metaspace: 13029K(13440K)->13029K(13440K) NonClass: 11427K(11648K)->11427K(11648K) Class: 1601K(1792K)->1601K(1792K)
[2025-05-21T14:14:49.897+0000][gc          ] GC(5) Pause Young (Normal) (G1 Evacuation Pause) 761M->160M(1024M) 17.417ms
[2025-05-21T14:14:49.897+0000][gc,cpu      ] GC(5) User=0.04s Sys=0.03s Real=0.02s
[2025-05-21T14:15:33.775+0000][gc,start    ] GC(6) Pause Young (Normal) (G1 Evacuation Pause)
[2025-05-21T14:15:33.777+0000][gc,task     ] GC(6) Using 10 workers of 10 for evacuation
[2025-05-21T14:15:33.803+0000][gc,phases   ] GC(6)   Pre Evacuate Collection Set: 0.6ms
[2025-05-21T14:15:33.809+0000][gc,phases   ] GC(6)   Merge Heap Roots: 0.2ms
[2025-05-21T14:15:33.813+0000][gc,phases   ] GC(6)   Evacuate Collection Set: 21.6ms
[2025-05-21T14:15:33.813+0000][gc,phases   ] GC(6)   Post Evacuate Collection Set: 2.7ms
[2025-05-21T14:15:33.814+0000][gc,phases   ] GC(6)   Other: 0.8ms
[2025-05-21T14:15:33.815+0000][gc,heap     ] GC(6) Eden regions: 602->0(605)
[2025-05-21T14:15:33.816+0000][gc,heap     ] GC(6) Survivor regions: 12->9(77)
[2025-05-21T14:15:33.816+0000][gc,heap     ] GC(6) Old regions: 18->18
[2025-05-21T14:15:33.816+0000][gc,heap     ] GC(6) Humongous regions: 131->131
[2025-05-21T14:15:33.817+0000][gc,metaspace] GC(6) Metaspace: 13394K(13760K)->13394K(13760K) NonClass: 11790K(11968K)->11790K(11968K) Class: 1603K(1792K)->1603K(1792K)
[2025-05-21T14:15:33.817+0000][gc          ] GC(6) Pause Young (Normal) (G1 Evacuation Pause) 762M->156M(1024M) 41.728ms
[2025-05-21T14:15:33.817+0000][gc,cpu      ] GC(6) User=0.06s Sys=0.01s Real=0.04s
[2025-05-21T14:16:09.627+0000][gc,start    ] GC(7) Pause Young (Normal) (G1 Evacuation Pause)
[2025-05-21T14:16:09.629+0000][gc,task     ] GC(7) Using 10 workers of 10 for evacuation
[2025-05-21T14:16:09.651+0000][gc,phases   ] GC(7)   Pre Evacuate Collection Set: 3.7ms
[2025-05-21T14:16:09.651+0000][gc,phases   ] GC(7)   Merge Heap Roots: 0.4ms
[2025-05-21T14:16:09.652+0000][gc,phases   ] GC(7)   Evacuate Collection Set: 11.9ms
[2025-05-21T14:16:09.652+0000][gc,phases   ] GC(7)   Post Evacuate Collection Set: 4.9ms
[2025-05-21T14:16:09.652+0000][gc,phases   ] GC(7)   Other: 0.7ms
[2025-05-21T14:16:09.655+0000][gc,heap     ] GC(7) Eden regions: 605->0(604)
[2025-05-21T14:16:09.657+0000][gc,heap     ] GC(7) Survivor regions: 9->10(77)
[2025-05-21T14:16:09.658+0000][gc,heap     ] GC(7) Old regions: 18->18
[2025-05-21T14:16:09.659+0000][gc,heap     ] GC(7) Humongous regions: 131->131
[2025-05-21T14:16:09.660+0000][gc,metaspace] GC(7) Metaspace: 13699K(14080K)->13699K(14080K) NonClass: 12074K(12224K)->12074K(12224K) Class: 1624K(1856K)->1624K(1856K)
[2025-05-21T14:16:09.661+0000][gc          ] GC(7) Pause Young (Normal) (G1 Evacuation Pause) 761M->158M(1024M) 33.608ms
[2025-05-21T14:16:09.662+0000][gc,cpu      ] GC(7) User=0.09s Sys=0.01s Real=0.03s
[2025-05-21T14:16:39.422+0000][gc,start    ] GC(8) Pause Young (Normal) (G1 Evacuation Pause)
[2025-05-21T14:16:39.422+0000][gc,task     ] GC(8) Using 10 workers of 10 for evacuation
[2025-05-21T14:16:39.431+0000][gc,phases   ] GC(8)   Pre Evacuate Collection Set: 0.6ms
[2025-05-21T14:16:39.432+0000][gc,phases   ] GC(8)   Merge Heap Roots: 0.3ms
[2025-05-21T14:16:39.432+0000][gc,phases   ] GC(8)   Evacuate Collection Set: 5.9ms
[2025-05-21T14:16:39.432+0000][gc,phases   ] GC(8)   Post Evacuate Collection Set: 1.7ms
[2025-05-21T14:16:39.432+0000][gc,phases   ] GC(8)   Other: 0.4ms
[2025-05-21T14:16:39.432+0000][gc,heap     ] GC(8) Eden regions: 604->0(604)
[2025-05-21T14:16:39.433+0000][gc,heap     ] GC(8) Survivor regions: 10->10(77)
[2025-05-21T14:16:39.433+0000][gc,heap     ] GC(8) Old regions: 18->18
[2025-05-21T14:16:39.433+0000][gc,heap     ] GC(8) Humongous regions: 131->131
[2025-05-21T14:16:39.433+0000][gc,metaspace] GC(8) Metaspace: 13783K(14208K)->13783K(14208K) NonClass: 12157K(12352K)->12157K(12352K) Class: 1626K(1856K)->1626K(1856K)
[2025-05-21T14:16:39.433+0000][gc          ] GC(8) Pause Young (Normal) (G1 Evacuation Pause) 762M->158M(1024M) 11.634ms
[2025-05-21T14:16:39.434+0000][gc,cpu      ] GC(8) User=0.07s Sys=0.00s Real=0.01s
[2025-05-21T14:17:19.395+0000][gc,start    ] GC(9) Pause Young (Normal) (G1 Evacuation Pause)
[2025-05-21T14:17:19.395+0000][gc,task     ] GC(9) Using 10 workers of 10 for evacuation
[2025-05-21T14:17:19.406+0000][gc,phases   ] GC(9)   Pre Evacuate Collection Set: 0.5ms
[2025-05-21T14:17:19.406+0000][gc,phases   ] GC(9)   Merge Heap Roots: 0.3ms
[2025-05-21T14:17:19.406+0000][gc,phases   ] GC(9)   Evacuate Collection Set: 7.9ms
[2025-05-21T14:17:19.406+0000][gc,phases   ] GC(9)   Post Evacuate Collection Set: 1.6ms
[2025-05-21T14:17:19.406+0000][gc,phases   ] GC(9)   Other: 0.3ms
[2025-05-21T14:17:19.407+0000][gc,heap     ] GC(9) Eden regions: 604->0(604)
[2025-05-21T14:17:19.407+0000][gc,heap     ] GC(9) Survivor regions: 10->10(77)
[2025-05-21T14:17:19.407+0000][gc,heap     ] GC(9) Old regions: 18->18
[2025-05-21T14:17:19.407+0000][gc,heap     ] GC(9) Humongous regions: 131->131
[2025-05-21T14:17:19.408+0000][gc,metaspace] GC(9) Metaspace: 13839K(14272K)->13839K(14272K) NonClass: 12213K(12416K)->12213K(12416K) Class: 1626K(1856K)->1626K(1856K)
[2025-05-21T14:17:19.408+0000][gc          ] GC(9) Pause Young (Normal) (G1 Evacuation Pause) 762M->158M(1024M) 13.132ms
[2025-05-21T14:17:19.408+0000][gc,cpu      ] GC(9) User=0.06s Sys=0.00s Real=0.02s
[2025-05-21T14:17:59.521+0000][gc,start    ] GC(10) Pause Young (Normal) (G1 Evacuation Pause)
[2025-05-21T14:17:59.522+0000][gc,task     ] GC(10) Using 10 workers of 10 for evacuation
[2025-05-21T14:17:59.527+0000][gc,phases   ] GC(10)   Pre Evacuate Collection Set: 0.3ms
[2025-05-21T14:17:59.528+0000][gc,phases   ] GC(10)   Merge Heap Roots: 0.2ms
[2025-05-21T14:17:59.528+0000][gc,phases   ] GC(10)   Evacuate Collection Set: 3.7ms
[2025-05-21T14:17:59.528+0000][gc,phases   ] GC(10)   Post Evacuate Collection Set: 1.4ms
[2025-05-21T14:17:59.528+0000][gc,phases   ] GC(10)   Other: 0.3ms
[2025-05-21T14:17:59.529+0000][gc,heap     ] GC(10) Eden regions: 604->0(603)
[2025-05-21T14:17:59.529+0000][gc,heap     ] GC(10) Survivor regions: 10->11(77)
[2025-05-21T14:17:59.529+0000][gc,heap     ] GC(10) Old regions: 18->18
[2025-05-21T14:17:59.529+0000][gc,heap     ] GC(10) Humongous regions: 131->131
[2025-05-21T14:17:59.529+0000][gc,metaspace] GC(10) Metaspace: 13914K(14272K)->13914K(14272K) NonClass: 12286K(12416K)->12286K(12416K) Class: 1628K(1856K)->1628K(1856K)
[2025-05-21T14:17:59.529+0000][gc          ] GC(10) Pause Young (Normal) (G1 Evacuation Pause) 762M->159M(1024M) 8.127ms
[2025-05-21T14:17:59.530+0000][gc,cpu      ] GC(10) User=0.04s Sys=0.00s Real=0.01s
[2025-05-21T14:18:39.575+0000][gc,start    ] GC(11) Pause Young (Normal) (G1 Evacuation Pause)
[2025-05-21T14:18:39.576+0000][gc,task     ] GC(11) Using 10 workers of 10 for evacuation
[2025-05-21T14:18:39.581+0000][gc,phases   ] GC(11)   Pre Evacuate Collection Set: 0.3ms
[2025-05-21T14:18:39.582+0000][gc,phases   ] GC(11)   Merge Heap Roots: 0.2ms
[2025-05-21T14:18:39.582+0000][gc,phases   ] GC(11)   Evacuate Collection Set: 3.9ms
[2025-05-21T14:18:39.582+0000][gc,phases   ] GC(11)   Post Evacuate Collection Set: 1.3ms
[2025-05-21T14:18:39.582+0000][gc,phases   ] GC(11)   Other: 0.2ms
[2025-05-21T14:18:39.582+0000][gc,heap     ] GC(11) Eden regions: 603->0(601)
[2025-05-21T14:18:39.582+0000][gc,heap     ] GC(11) Survivor regions: 11->13(77)
[2025-05-21T14:18:39.583+0000][gc,heap     ] GC(11) Old regions: 18->18
[2025-05-21T14:18:39.583+0000][gc,heap     ] GC(11) Humongous regions: 131->131
[2025-05-21T14:18:39.583+0000][gc,metaspace] GC(11) Metaspace: 14612K(15040K)->14612K(15040K) NonClass: 12877K(13056K)->12877K(13056K) Class: 1734K(1984K)->1734K(1984K)
[2025-05-21T14:18:39.583+0000][gc          ] GC(11) Pause Young (Normal) (G1 Evacuation Pause) 762M->160M(1024M) 7.823ms
[2025-05-21T14:18:39.583+0000][gc,cpu      ] GC(11) User=0.04s Sys=0.01s Real=0.00s
[2025-05-21T14:19:19.614+0000][gc,start    ] GC(12) Pause Young (Normal) (G1 Evacuation Pause)
[2025-05-21T14:19:19.614+0000][gc,task     ] GC(12) Using 10 workers of 10 for evacuation
[2025-05-21T14:19:19.622+0000][gc,phases   ] GC(12)   Pre Evacuate Collection Set: 0.4ms
[2025-05-21T14:19:19.622+0000][gc,phases   ] GC(12)   Merge Heap Roots: 0.3ms
[2025-05-21T14:19:19.623+0000][gc,phases   ] GC(12)   Evacuate Collection Set: 5.6ms
[2025-05-21T14:19:19.623+0000][gc,phases   ] GC(12)   Post Evacuate Collection Set: 1.4ms
[2025-05-21T14:19:19.623+0000][gc,phases   ] GC(12)   Other: 0.3ms
[2025-05-21T14:19:19.623+0000][gc,heap     ] GC(12) Eden regions: 601->0(600)
[2025-05-21T14:19:19.623+0000][gc,heap     ] GC(12) Survivor regions: 13->14(77)
[2025-05-21T14:19:19.623+0000][gc,heap     ] GC(12) Old regions: 18->18
[2025-05-21T14:19:19.623+0000][gc,heap     ] GC(12) Humongous regions: 131->131
[2025-05-21T14:19:19.624+0000][gc,metaspace] GC(12) Metaspace: 14738K(15168K)->14738K(15168K) NonClass: 13003K(13184K)->13003K(13184K) Class: 1734K(1984K)->1734K(1984K)
[2025-05-21T14:19:19.624+0000][gc          ] GC(12) Pause Young (Normal) (G1 Evacuation Pause) 761M->162M(1024M) 9.801ms
[2025-05-21T14:19:19.624+0000][gc,cpu      ] GC(12) User=0.05s Sys=0.00s Real=0.01s
[2025-05-21T14:19:59.660+0000][gc,start    ] GC(13) Pause Young (Normal) (G1 Evacuation Pause)
[2025-05-21T14:19:59.661+0000][gc,task     ] GC(13) Using 10 workers of 10 for evacuation
[2025-05-21T14:19:59.668+0000][gc,phases   ] GC(13)   Pre Evacuate Collection Set: 0.4ms
[2025-05-21T14:19:59.669+0000][gc,phases   ] GC(13)   Merge Heap Roots: 0.2ms
[2025-05-21T14:19:59.669+0000][gc,phases   ] GC(13)   Evacuate Collection Set: 5.5ms
[2025-05-21T14:19:59.669+0000][gc,phases   ] GC(13)   Post Evacuate Collection Set: 1.3ms
[2025-05-21T14:19:59.669+0000][gc,phases   ] GC(13)   Other: 0.3ms
[2025-05-21T14:19:59.669+0000][gc,heap     ] GC(13) Eden regions: 600->0(599)
[2025-05-21T14:19:59.670+0000][gc,heap     ] GC(13) Survivor regions: 14->15(77)
[2025-05-21T14:19:59.670+0000][gc,heap     ] GC(13) Old regions: 18->18
[2025-05-21T14:19:59.670+0000][gc,heap     ] GC(13) Humongous regions: 131->131
[2025-05-21T14:19:59.670+0000][gc,metaspace] GC(13) Metaspace: 14991K(15424K)->14991K(15424K) NonClass: 13256K(13440K)->13256K(13440K) Class: 1734K(1984K)->1734K(1984K)
[2025-05-21T14:19:59.670+0000][gc          ] GC(13) Pause Young (Normal) (G1 Evacuation Pause) 762M->163M(1024M) 9.603ms
[2025-05-21T14:19:59.670+0000][gc,cpu      ] GC(13) User=0.04s Sys=0.02s Real=0.01s
[2025-05-21T14:20:39.649+0000][gc,start    ] GC(14) Pause Young (Normal) (G1 Evacuation Pause)
[2025-05-21T14:20:39.649+0000][gc,task     ] GC(14) Using 10 workers of 10 for evacuation
[2025-05-21T14:20:39.657+0000][gc,phases   ] GC(14)   Pre Evacuate Collection Set: 0.3ms
[2025-05-21T14:20:39.657+0000][gc,phases   ] GC(14)   Merge Heap Roots: 0.3ms
[2025-05-21T14:20:39.658+0000][gc,phases   ] GC(14)   Evacuate Collection Set: 5.5ms
[2025-05-21T14:20:39.658+0000][gc,phases   ] GC(14)   Post Evacuate Collection Set: 1.3ms
[2025-05-21T14:20:39.658+0000][gc,phases   ] GC(14)   Other: 0.3ms
[2025-05-21T14:20:39.658+0000][gc,heap     ] GC(14) Eden regions: 599->0(598)
[2025-05-21T14:20:39.658+0000][gc,heap     ] GC(14) Survivor regions: 15->16(77)
[2025-05-21T14:20:39.658+0000][gc,heap     ] GC(14) Old regions: 18->18
[2025-05-21T14:20:39.658+0000][gc,heap     ] GC(14) Humongous regions: 131->131
[2025-05-21T14:20:39.659+0000][gc,metaspace] GC(14) Metaspace: 15117K(15552K)->15117K(15552K) NonClass: 13378K(13568K)->13378K(13568K) Class: 1738K(1984K)->1738K(1984K)
[2025-05-21T14:20:39.659+0000][gc          ] GC(14) Pause Young (Normal) (G1 Evacuation Pause) 762M->164M(1024M) 9.639ms
[2025-05-21T14:20:39.659+0000][gc,cpu      ] GC(14) User=0.05s Sys=0.00s Real=0.01s
[2025-05-21T14:21:19.642+0000][gc,start    ] GC(15) Pause Young (Normal) (G1 Evacuation Pause)
[2025-05-21T14:21:19.642+0000][gc,task     ] GC(15) Using 10 workers of 10 for evacuation
[2025-05-21T14:21:19.650+0000][gc,phases   ] GC(15)   Pre Evacuate Collection Set: 0.5ms
[2025-05-21T14:21:19.650+0000][gc,phases   ] GC(15)   Merge Heap Roots: 0.3ms
[2025-05-21T14:21:19.650+0000][gc,phases   ] GC(15)   Evacuate Collection Set: 5.0ms
[2025-05-21T14:21:19.650+0000][gc,phases   ] GC(15)   Post Evacuate Collection Set: 1.9ms
[2025-05-21T14:21:19.651+0000][gc,phases   ] GC(15)   Other: 0.3ms
[2025-05-21T14:21:19.651+0000][gc,heap     ] GC(15) Eden regions: 598->0(597)
[2025-05-21T14:21:19.651+0000][gc,heap     ] GC(15) Survivor regions: 16->17(77)
[2025-05-21T14:21:19.651+0000][gc,heap     ] GC(15) Old regions: 18->18
[2025-05-21T14:21:19.651+0000][gc,heap     ] GC(15) Humongous regions: 131->131
[2025-05-21T14:21:19.651+0000][gc,metaspace] GC(15) Metaspace: 15166K(15616K)->15166K(15616K) NonClass: 13427K(13632K)->13427K(13632K) Class: 1738K(1984K)->1738K(1984K)
[2025-05-21T14:21:19.652+0000][gc          ] GC(15) Pause Young (Normal) (G1 Evacuation Pause) 762M->165M(1024M) 10.106ms
[2025-05-21T14:21:19.652+0000][gc,cpu      ] GC(15) User=0.05s Sys=0.00s Real=0.01s
[2025-05-21T14:21:59.679+0000][gc,start    ] GC(16) Pause Young (Normal) (G1 Evacuation Pause)
[2025-05-21T14:21:59.679+0000][gc,task     ] GC(16) Using 10 workers of 10 for evacuation
[2025-05-21T14:21:59.689+0000][gc,phases   ] GC(16)   Pre Evacuate Collection Set: 0.4ms
[2025-05-21T14:21:59.689+0000][gc,phases   ] GC(16)   Merge Heap Roots: 0.3ms
[2025-05-21T14:21:59.689+0000][gc,phases   ] GC(16)   Evacuate Collection Set: 7.5ms
[2025-05-21T14:21:59.690+0000][gc,phases   ] GC(16)   Post Evacuate Collection Set: 1.7ms
[2025-05-21T14:21:59.690+0000][gc,phases   ] GC(16)   Other: 0.3ms
[2025-05-21T14:21:59.690+0000][gc,heap     ] GC(16) Eden regions: 597->0(596)
[2025-05-21T14:21:59.690+0000][gc,heap     ] GC(16) Survivor regions: 17->18(77)
[2025-05-21T14:21:59.690+0000][gc,heap     ] GC(16) Old regions: 18->18
[2025-05-21T14:21:59.690+0000][gc,heap     ] GC(16) Humongous regions: 131->131
[2025-05-21T14:21:59.690+0000][gc,metaspace] GC(16) Metaspace: 15188K(15616K)->15188K(15616K) NonClass: 13449K(13632K)->13449K(13632K) Class: 1738K(1984K)->1738K(1984K)
[2025-05-21T14:21:59.691+0000][gc          ] GC(16) Pause Young (Normal) (G1 Evacuation Pause) 762M->165M(1024M) 12.128ms
[2025-05-21T14:21:59.691+0000][gc,cpu      ] GC(16) User=0.07s Sys=0.01s Real=0.01s
[2025-05-21T14:22:40.166+0000][gc,start    ] GC(17) Pause Young (Normal) (G1 Evacuation Pause)
[2025-05-21T14:22:40.167+0000][gc,task     ] GC(17) Using 10 workers of 10 for evacuation
[2025-05-21T14:22:40.201+0000][gc,phases   ] GC(17)   Pre Evacuate Collection Set: 1.0ms
[2025-05-21T14:22:40.201+0000][gc,phases   ] GC(17)   Merge Heap Roots: 0.1ms
[2025-05-21T14:22:40.201+0000][gc,phases   ] GC(17)   Evacuate Collection Set: 28.3ms
[2025-05-21T14:22:40.202+0000][gc,phases   ] GC(17)   Post Evacuate Collection Set: 4.1ms
[2025-05-21T14:22:40.202+0000][gc,phases   ] GC(17)   Other: 0.6ms
[2025-05-21T14:22:40.202+0000][gc,heap     ] GC(17) Eden regions: 596->0(602)
[2025-05-21T14:22:40.202+0000][gc,heap     ] GC(17) Survivor regions: 18->12(77)
[2025-05-21T14:22:40.202+0000][gc,heap     ] GC(17) Old regions: 18->20
[2025-05-21T14:22:40.202+0000][gc,heap     ] GC(17) Humongous regions: 131->131
[2025-05-21T14:22:40.203+0000][gc,metaspace] GC(17) Metaspace: 15244K(15680K)->15244K(15680K) NonClass: 13502K(13696K)->13502K(13696K) Class: 1741K(1984K)->1741K(1984K)
[2025-05-21T14:22:40.203+0000][gc          ] GC(17) Pause Young (Normal) (G1 Evacuation Pause) 761M->162M(1024M) 36.835ms
[2025-05-21T14:22:40.203+0000][gc,cpu      ] GC(17) User=0.07s Sys=0.00s Real=0.04s
[2025-05-21T14:23:09.224+0000][gc,start    ] GC(18) Pause Young (Normal) (G1 Evacuation Pause)
[2025-05-21T14:23:09.225+0000][gc,task     ] GC(18) Using 10 workers of 10 for evacuation
[2025-05-21T14:23:09.248+0000][gc,phases   ] GC(18)   Pre Evacuate Collection Set: 0.6ms
[2025-05-21T14:23:09.250+0000][gc,phases   ] GC(18)   Merge Heap Roots: 0.2ms
[2025-05-21T14:23:09.251+0000][gc,phases   ] GC(18)   Evacuate Collection Set: 16.8ms
[2025-05-21T14:23:09.251+0000][gc,phases   ] GC(18)   Post Evacuate Collection Set: 2.9ms
[2025-05-21T14:23:09.251+0000][gc,phases   ] GC(18)   Other: 2.8ms
[2025-05-21T14:23:09.252+0000][gc,heap     ] GC(18) Eden regions: 602->0(607)
[2025-05-21T14:23:09.252+0000][gc,heap     ] GC(18) Survivor regions: 12->7(77)
[2025-05-21T14:23:09.252+0000][gc,heap     ] GC(18) Old regions: 20->25
[2025-05-21T14:23:09.253+0000][gc,heap     ] GC(18) Humongous regions: 132->131
[2025-05-21T14:23:09.253+0000][gc,metaspace] GC(18) Metaspace: 15942K(16384K)->15942K(16384K) NonClass: 14147K(14336K)->14147K(14336K) Class: 1794K(2048K)->1794K(2048K)
[2025-05-21T14:23:09.253+0000][gc          ] GC(18) Pause Young (Normal) (G1 Evacuation Pause) 765M->162M(1024M) 29.325ms
[2025-05-21T14:23:09.254+0000][gc,cpu      ] GC(18) User=0.08s Sys=0.08s Real=0.03s
[2025-05-21T14:23:30.386+0000][gc,start    ] GC(19) Pause Young (Normal) (G1 Evacuation Pause)
[2025-05-21T14:23:30.395+0000][gc,task     ] GC(19) Using 10 workers of 10 for evacuation
[2025-05-21T14:23:30.410+0000][gc,phases   ] GC(19)   Pre Evacuate Collection Set: 0.4ms
[2025-05-21T14:23:30.439+0000][gc,phases   ] GC(19)   Merge Heap Roots: 0.2ms
[2025-05-21T14:23:30.443+0000][gc,phases   ] GC(19)   Evacuate Collection Set: 8.4ms
[2025-05-21T14:23:30.447+0000][gc,phases   ] GC(19)   Post Evacuate Collection Set: 1.5ms
[2025-05-21T14:23:30.450+0000][gc,phases   ] GC(19)   Other: 4.6ms
[2025-05-21T14:23:30.453+0000][gc,heap     ] GC(19) Eden regions: 607->0(603)
[2025-05-21T14:23:30.454+0000][gc,heap     ] GC(19) Survivor regions: 7->11(77)
[2025-05-21T14:23:30.455+0000][gc,heap     ] GC(19) Old regions: 25->26
[2025-05-21T14:23:30.458+0000][gc,heap     ] GC(19) Humongous regions: 131->131
[2025-05-21T14:23:30.458+0000][gc,metaspace] GC(19) Metaspace: 15974K(16384K)->15974K(16384K) NonClass: 14178K(14336K)->14178K(14336K) Class: 1795K(2048K)->1795K(2048K)
[2025-05-21T14:23:30.459+0000][gc          ] GC(19) Pause Young (Normal) (G1 Evacuation Pause) 769M->167M(1024M) 73.153ms
[2025-05-21T14:23:30.460+0000][gc,cpu      ] GC(19) User=0.06s Sys=0.00s Real=0.07s
[2025-05-21T14:23:39.987+0000][gc,start    ] GC(20) Pause Young (Concurrent Start) (CodeCache GC Threshold)
[2025-05-21T14:23:39.991+0000][gc,task     ] GC(20) Using 10 workers of 10 for evacuation
[2025-05-21T14:23:40.008+0000][gc,phases   ] GC(20)   Pre Evacuate Collection Set: 0.5ms
[2025-05-21T14:23:40.013+0000][gc,phases   ] GC(20)   Merge Heap Roots: 0.2ms
[2025-05-21T14:23:40.024+0000][gc,phases   ] GC(20)   Evacuate Collection Set: 8.9ms
[2025-05-21T14:23:40.027+0000][gc,phases   ] GC(20)   Post Evacuate Collection Set: 5.6ms
[2025-05-21T14:23:40.030+0000][gc,phases   ] GC(20)   Other: 2.1ms
[2025-05-21T14:23:40.031+0000][gc,heap     ] GC(20) Eden regions: 241->0(604)
[2025-05-21T14:23:40.034+0000][gc,heap     ] GC(20) Survivor regions: 11->10(77)
[2025-05-21T14:23:40.035+0000][gc,heap     ] GC(20) Old regions: 26->26
[2025-05-21T14:23:40.038+0000][gc,heap     ] GC(20) Humongous regions: 131->131
[2025-05-21T14:23:40.042+0000][gc,metaspace] GC(20) Metaspace: 16013K(16512K)->16013K(16512K) NonClass: 14215K(14464K)->14215K(14464K) Class: 1797K(2048K)->1797K(2048K)
[2025-05-21T14:23:40.046+0000][gc          ] GC(20) Pause Young (Concurrent Start) (CodeCache GC Threshold) 408M->166M(1024M) 59.114ms
[2025-05-21T14:23:40.049+0000][gc,cpu      ] GC(20) User=0.02s Sys=0.02s Real=0.06s
[2025-05-21T14:23:40.049+0000][gc          ] GC(21) Concurrent Mark Cycle
[2025-05-21T14:23:40.051+0000][gc,marking  ] GC(21) Concurrent Scan Root Regions
[2025-05-21T14:23:40.057+0000][gc,marking  ] GC(21) Concurrent Scan Root Regions 5.921ms
[2025-05-21T14:23:40.057+0000][gc,marking  ] GC(21) Concurrent Mark
[2025-05-21T14:23:40.058+0000][gc,marking  ] GC(21) Concurrent Mark From Roots
[2025-05-21T14:23:40.059+0000][gc,task     ] GC(21) Using 3 workers of 3 for marking
[2025-05-21T14:23:40.084+0000][gc,marking  ] GC(21) Concurrent Mark From Roots 26.058ms
[2025-05-21T14:23:40.084+0000][gc,marking  ] GC(21) Concurrent Preclean
[2025-05-21T14:23:40.085+0000][gc,marking  ] GC(21) Concurrent Preclean 0.327ms
[2025-05-21T14:23:40.085+0000][gc,start    ] GC(21) Pause Remark
[2025-05-21T14:23:40.095+0000][gc          ] GC(21) Pause Remark 172M->172M(1024M) 10.453ms
[2025-05-21T14:23:40.096+0000][gc,cpu      ] GC(21) User=0.06s Sys=0.00s Real=0.01s
[2025-05-21T14:23:40.096+0000][gc,marking  ] GC(21) Concurrent Mark 38.760ms
[2025-05-21T14:23:40.096+0000][gc,marking  ] GC(21) Concurrent Rebuild Remembered Sets and Scrub Regions
[2025-05-21T14:23:40.104+0000][gc,marking  ] GC(21) Concurrent Rebuild Remembered Sets and Scrub Regions 7.660ms
[2025-05-21T14:23:40.104+0000][gc,start    ] GC(21) Pause Cleanup
[2025-05-21T14:23:40.105+0000][gc          ] GC(21) Pause Cleanup 173M->173M(1024M) 0.751ms
[2025-05-21T14:23:40.105+0000][gc,cpu      ] GC(21) User=0.00s Sys=0.00s Real=0.00s
[2025-05-21T14:23:40.106+0000][gc,marking  ] GC(21) Concurrent Clear Claimed Marks
[2025-05-21T14:23:40.106+0000][gc,marking  ] GC(21) Concurrent Clear Claimed Marks 0.261ms
[2025-05-21T14:23:40.107+0000][gc,marking  ] GC(21) Concurrent Cleanup for Next Mark
[2025-05-21T14:23:40.113+0000][gc,marking  ] GC(21) Concurrent Cleanup for Next Mark 5.815ms
[2025-05-21T14:23:40.113+0000][gc          ] GC(21) Concurrent Mark Cycle 63.618ms
[2025-05-21T14:24:02.979+0000][gc,start    ] GC(22) Pause Young (Prepare Mixed) (G1 Evacuation Pause)
[2025-05-21T14:24:02.979+0000][gc,task     ] GC(22) Using 10 workers of 10 for evacuation
[2025-05-21T14:24:02.990+0000][gc,phases   ] GC(22)   Pre Evacuate Collection Set: 0.5ms
[2025-05-21T14:24:02.990+0000][gc,phases   ] GC(22)   Merge Heap Roots: 0.3ms
[2025-05-21T14:24:02.991+0000][gc,phases   ] GC(22)   Evacuate Collection Set: 7.4ms
[2025-05-21T14:24:02.991+0000][gc,phases   ] GC(22)   Post Evacuate Collection Set: 1.7ms
[2025-05-21T14:24:02.991+0000][gc,phases   ] GC(22)   Other: 0.9ms
[2025-05-21T14:24:02.991+0000][gc,heap     ] GC(22) Eden regions: 604->0(608)
[2025-05-21T14:24:02.991+0000][gc,heap     ] GC(22) Survivor regions: 10->6(77)
[2025-05-21T14:24:02.992+0000][gc,heap     ] GC(22) Old regions: 26->27
[2025-05-21T14:24:02.992+0000][gc,heap     ] GC(22) Humongous regions: 131->131
[2025-05-21T14:24:02.992+0000][gc,metaspace] GC(22) Metaspace: 16084K(16576K)->16084K(16576K) NonClass: 14281K(14528K)->14281K(14528K) Class: 1802K(2048K)->1802K(2048K)
[2025-05-21T14:24:02.993+0000][gc          ] GC(22) Pause Young (Prepare Mixed) (G1 Evacuation Pause) 770M->162M(1024M) 13.551ms
[2025-05-21T14:24:02.993+0000][gc,cpu      ] GC(22) User=0.08s Sys=0.00s Real=0.02s
[2025-05-21T14:24:29.511+0000][gc,start    ] GC(23) Pause Young (Mixed) (G1 Evacuation Pause)
[2025-05-21T14:24:29.511+0000][gc,task     ] GC(23) Using 10 workers of 10 for evacuation
[2025-05-21T14:24:29.519+0000][gc,phases   ] GC(23)   Pre Evacuate Collection Set: 0.6ms
[2025-05-21T14:24:29.519+0000][gc,phases   ] GC(23)   Merge Heap Roots: 0.3ms
[2025-05-21T14:24:29.520+0000][gc,phases   ] GC(23)   Evacuate Collection Set: 4.6ms
[2025-05-21T14:24:29.520+0000][gc,phases   ] GC(23)   Post Evacuate Collection Set: 1.5ms
[2025-05-21T14:24:29.520+0000][gc,phases   ] GC(23)   Other: 0.8ms
[2025-05-21T14:24:29.520+0000][gc,heap     ] GC(23) Eden regions: 608->0(607)
[2025-05-21T14:24:29.521+0000][gc,heap     ] GC(23) Survivor regions: 6->7(77)
[2025-05-21T14:24:29.521+0000][gc,heap     ] GC(23) Old regions: 27->25
[2025-05-21T14:24:29.521+0000][gc,heap     ] GC(23) Humongous regions: 131->131
[2025-05-21T14:24:29.521+0000][gc,metaspace] GC(23) Metaspace: 16108K(16576K)->16108K(16576K) NonClass: 14305K(14528K)->14305K(14528K) Class: 1802K(2048K)->1802K(2048K)
[2025-05-21T14:24:29.522+0000][gc          ] GC(23) Pause Young (Mixed) (G1 Evacuation Pause) 770M->162M(1024M) 11.161ms
[2025-05-21T14:24:29.522+0000][gc,cpu      ] GC(23) User=0.04s Sys=0.00s Real=0.01s
[2025-05-21T14:24:50.330+0000][gc,start    ] GC(24) Pause Young (Normal) (G1 Evacuation Pause)
[2025-05-21T14:24:50.362+0000][gc,task     ] GC(24) Using 10 workers of 10 for evacuation
[2025-05-21T14:24:50.391+0000][gc,phases   ] GC(24)   Pre Evacuate Collection Set: 2.8ms
[2025-05-21T14:24:50.392+0000][gc,phases   ] GC(24)   Merge Heap Roots: 0.4ms
[2025-05-21T14:24:50.395+0000][gc,phases   ] GC(24)   Evacuate Collection Set: 14.3ms
[2025-05-21T14:24:50.422+0000][gc,phases   ] GC(24)   Post Evacuate Collection Set: 5.3ms
[2025-05-21T14:24:50.424+0000][gc,phases   ] GC(24)   Other: 6.2ms
[2025-05-21T14:24:50.434+0000][gc,heap     ] GC(24) Eden regions: 607->0(607)
[2025-05-21T14:24:50.436+0000][gc,heap     ] GC(24) Survivor regions: 7->7(77)
[2025-05-21T14:24:50.438+0000][gc,heap     ] GC(24) Old regions: 25->25
[2025-05-21T14:24:50.440+0000][gc,heap     ] GC(24) Humongous regions: 131->131
[2025-05-21T14:24:50.442+0000][gc,metaspace] GC(24) Metaspace: 16112K(16576K)->16112K(16576K) NonClass: 14309K(14528K)->14309K(14528K) Class: 1802K(2048K)->1802K(2048K)
[2025-05-21T14:24:50.457+0000][gc          ] GC(24) Pause Young (Normal) (G1 Evacuation Pause) 769M->162M(1024M) 126.651ms
[2025-05-21T14:24:50.460+0000][gc,cpu      ] GC(24) User=0.04s Sys=0.03s Real=0.13s
[2025-05-21T14:25:16.269+0000][gc,start    ] GC(25) Pause Young (Normal) (G1 Evacuation Pause)
[2025-05-21T14:25:16.271+0000][gc,task     ] GC(25) Using 10 workers of 10 for evacuation
[2025-05-21T14:25:16.291+0000][gc,phases   ] GC(25)   Pre Evacuate Collection Set: 0.3ms
[2025-05-21T14:25:16.292+0000][gc,phases   ] GC(25)   Merge Heap Roots: 0.3ms
[2025-05-21T14:25:16.292+0000][gc,phases   ] GC(25)   Evacuate Collection Set: 16.4ms
[2025-05-21T14:25:16.294+0000][gc,phases   ] GC(25)   Post Evacuate Collection Set: 1.3ms
[2025-05-21T14:25:16.295+0000][gc,phases   ] GC(25)   Other: 1.0ms
[2025-05-21T14:25:16.296+0000][gc,heap     ] GC(25) Eden regions: 607->0(609)
[2025-05-21T14:25:16.297+0000][gc,heap     ] GC(25) Survivor regions: 7->5(77)
[2025-05-21T14:25:16.297+0000][gc,heap     ] GC(25) Old regions: 25->25
[2025-05-21T14:25:16.297+0000][gc,heap     ] GC(25) Humongous regions: 131->131
[2025-05-21T14:25:16.298+0000][gc,metaspace] GC(25) Metaspace: 16137K(16576K)->16137K(16576K) NonClass: 14328K(14528K)->14328K(14528K) Class: 1809K(2048K)->1809K(2048K)
[2025-05-21T14:25:16.298+0000][gc          ] GC(25) Pause Young (Normal) (G1 Evacuation Pause) 769M->160M(1024M) 29.306ms
[2025-05-21T14:25:16.299+0000][gc,cpu      ] GC(25) User=0.04s Sys=0.01s Real=0.03s
[2025-05-21T14:25:49.310+0000][gc,start    ] GC(26) Pause Young (Normal) (G1 Evacuation Pause)
[2025-05-21T14:25:49.310+0000][gc,task     ] GC(26) Using 10 workers of 10 for evacuation
[2025-05-21T14:25:49.317+0000][gc,phases   ] GC(26)   Pre Evacuate Collection Set: 0.3ms
[2025-05-21T14:25:49.318+0000][gc,phases   ] GC(26)   Merge Heap Roots: 0.2ms
[2025-05-21T14:25:49.318+0000][gc,phases   ] GC(26)   Evacuate Collection Set: 4.9ms
[2025-05-21T14:25:49.318+0000][gc,phases   ] GC(26)   Post Evacuate Collection Set: 1.9ms
[2025-05-21T14:25:49.318+0000][gc,phases   ] GC(26)   Other: 0.3ms
[2025-05-21T14:25:49.319+0000][gc,heap     ] GC(26) Eden regions: 609->0(604)
[2025-05-21T14:25:49.319+0000][gc,heap     ] GC(26) Survivor regions: 5->10(77)
[2025-05-21T14:25:49.319+0000][gc,heap     ] GC(26) Old regions: 25->25
[2025-05-21T14:25:49.320+0000][gc,heap     ] GC(26) Humongous regions: 131->131
[2025-05-21T14:25:49.320+0000][gc,metaspace] GC(26) Metaspace: 16216K(16640K)->16216K(16640K) NonClass: 14407K(14592K)->14407K(14592K) Class: 1809K(2048K)->1809K(2048K)
[2025-05-21T14:25:49.320+0000][gc          ] GC(26) Pause Young (Normal) (G1 Evacuation Pause) 769M->165M(1024M) 10.659ms
[2025-05-21T14:25:49.320+0000][gc,cpu      ] GC(26) User=0.05s Sys=0.00s Real=0.01s
[2025-05-21T14:26:19.632+0000][gc,start    ] GC(27) Pause Young (Normal) (G1 Evacuation Pause)
[2025-05-21T14:26:19.632+0000][gc,task     ] GC(27) Using 10 workers of 10 for evacuation
[2025-05-21T14:26:19.640+0000][gc,phases   ] GC(27)   Pre Evacuate Collection Set: 0.5ms
[2025-05-21T14:26:19.641+0000][gc,phases   ] GC(27)   Merge Heap Roots: 0.3ms
[2025-05-21T14:26:19.641+0000][gc,phases   ] GC(27)   Evacuate Collection Set: 6.2ms
[2025-05-21T14:26:19.641+0000][gc,phases   ] GC(27)   Post Evacuate Collection Set: 1.4ms
[2025-05-21T14:26:19.641+0000][gc,phases   ] GC(27)   Other: 0.4ms
[2025-05-21T14:26:19.642+0000][gc,heap     ] GC(27) Eden regions: 604->0(601)
[2025-05-21T14:26:19.642+0000][gc,heap     ] GC(27) Survivor regions: 10->13(77)
[2025-05-21T14:26:19.642+0000][gc,heap     ] GC(27) Old regions: 25->26
[2025-05-21T14:26:19.642+0000][gc,heap     ] GC(27) Humongous regions: 131->131
[2025-05-21T14:26:19.642+0000][gc,metaspace] GC(27) Metaspace: 16246K(16704K)->16246K(16704K) NonClass: 14437K(14656K)->14437K(14656K) Class: 1809K(2048K)->1809K(2048K)
[2025-05-21T14:26:19.643+0000][gc          ] GC(27) Pause Young (Normal) (G1 Evacuation Pause) 769M->169M(1024M) 11.119ms
[2025-05-21T14:26:19.643+0000][gc,cpu      ] GC(27) User=0.04s Sys=0.02s Real=0.02s
[2025-05-21T14:26:59.220+0000][gc,start    ] GC(28) Pause Young (Normal) (G1 Evacuation Pause)
[2025-05-21T14:26:59.221+0000][gc,task     ] GC(28) Using 10 workers of 10 for evacuation
[2025-05-21T14:26:59.226+0000][gc,phases   ] GC(28)   Pre Evacuate Collection Set: 0.4ms
[2025-05-21T14:26:59.227+0000][gc,phases   ] GC(28)   Merge Heap Roots: 0.3ms
[2025-05-21T14:26:59.227+0000][gc,phases   ] GC(28)   Evacuate Collection Set: 3.5ms
[2025-05-21T14:26:59.227+0000][gc,phases   ] GC(28)   Post Evacuate Collection Set: 1.2ms
[2025-05-21T14:26:59.228+0000][gc,phases   ] GC(28)   Other: 0.3ms
[2025-05-21T14:26:59.229+0000][gc,heap     ] GC(28) Eden regions: 601->0(607)
[2025-05-21T14:26:59.229+0000][gc,heap     ] GC(28) Survivor regions: 13->7(77)
[2025-05-21T14:26:59.229+0000][gc,heap     ] GC(28) Old regions: 26->26
[2025-05-21T14:26:59.229+0000][gc,heap     ] GC(28) Humongous regions: 131->131
[2025-05-21T14:26:59.230+0000][gc,metaspace] GC(28) Metaspace: 16264K(16704K)->16264K(16704K) NonClass: 14455K(14656K)->14455K(14656K) Class: 1809K(2048K)->1809K(2048K)
[2025-05-21T14:26:59.230+0000][gc          ] GC(28) Pause Young (Normal) (G1 Evacuation Pause) 770M->162M(1024M) 9.574ms
[2025-05-21T14:26:59.230+0000][gc,cpu      ] GC(28) User=0.03s Sys=0.01s Real=0.01s
[2025-05-21T14:27:29.589+0000][gc,start    ] GC(29) Pause Young (Normal) (G1 Evacuation Pause)
[2025-05-21T14:27:29.589+0000][gc,task     ] GC(29) Using 10 workers of 10 for evacuation
[2025-05-21T14:27:29.596+0000][gc,phases   ] GC(29)   Pre Evacuate Collection Set: 0.3ms
[2025-05-21T14:27:29.596+0000][gc,phases   ] GC(29)   Merge Heap Roots: 0.2ms
[2025-05-21T14:27:29.597+0000][gc,phases   ] GC(29)   Evacuate Collection Set: 3.6ms
[2025-05-21T14:27:29.597+0000][gc,phases   ] GC(29)   Post Evacuate Collection Set: 2.0ms
[2025-05-21T14:27:29.597+0000][gc,phases   ] GC(29)   Other: 0.3ms
[2025-05-21T14:27:29.597+0000][gc,heap     ] GC(29) Eden regions: 607->0(604)
[2025-05-21T14:27:29.597+0000][gc,heap     ] GC(29) Survivor regions: 7->10(77)
[2025-05-21T14:27:29.598+0000][gc,heap     ] GC(29) Old regions: 26->26
[2025-05-21T14:27:29.598+0000][gc,heap     ] GC(29) Humongous regions: 131->131
[2025-05-21T14:27:29.598+0000][gc,metaspace] GC(29) Metaspace: 16293K(16768K)->16293K(16768K) NonClass: 14484K(14720K)->14484K(14720K) Class: 1809K(2048K)->1809K(2048K)
[2025-05-21T14:27:29.598+0000][gc          ] GC(29) Pause Young (Normal) (G1 Evacuation Pause) 769M->165M(1024M) 9.144ms
[2025-05-21T14:27:29.599+0000][gc,cpu      ] GC(29) User=0.04s Sys=0.00s Real=0.01s
[2025-05-21T14:28:05.831+0000][gc,start    ] GC(30) Pause Young (Normal) (G1 Evacuation Pause)
[2025-05-21T14:28:05.832+0000][gc,task     ] GC(30) Using 10 workers of 10 for evacuation
[2025-05-21T14:28:05.843+0000][gc,phases   ] GC(30)   Pre Evacuate Collection Set: 0.4ms
[2025-05-21T14:28:05.844+0000][gc,phases   ] GC(30)   Merge Heap Roots: 0.2ms
[2025-05-21T14:28:05.844+0000][gc,phases   ] GC(30)   Evacuate Collection Set: 7.5ms
[2025-05-21T14:28:05.845+0000][gc,phases   ] GC(30)   Post Evacuate Collection Set: 2.3ms
[2025-05-21T14:28:05.847+0000][gc,phases   ] GC(30)   Other: 0.5ms
[2025-05-21T14:28:05.848+0000][gc,heap     ] GC(30) Eden regions: 604->0(605)
[2025-05-21T14:28:05.848+0000][gc,heap     ] GC(30) Survivor regions: 10->9(77)
[2025-05-21T14:28:05.848+0000][gc,heap     ] GC(30) Old regions: 26->26
[2025-05-21T14:28:05.849+0000][gc,heap     ] GC(30) Humongous regions: 131->131
[2025-05-21T14:28:05.851+0000][gc,metaspace] GC(30) Metaspace: 16323K(16768K)->16323K(16768K) NonClass: 14513K(14720K)->14513K(14720K) Class: 1809K(2048K)->1809K(2048K)
[2025-05-21T14:28:05.852+0000][gc          ] GC(30) Pause Young (Normal) (G1 Evacuation Pause) 769M->165M(1024M) 20.652ms
[2025-05-21T14:28:05.853+0000][gc,cpu      ] GC(30) User=0.05s Sys=0.00s Real=0.02s
[2025-05-21T14:28:39.494+0000][gc,start    ] GC(31) Pause Young (Normal) (G1 Evacuation Pause)
[2025-05-21T14:28:39.495+0000][gc,task     ] GC(31) Using 10 workers of 10 for evacuation
[2025-05-21T14:28:39.501+0000][gc,phases   ] GC(31)   Pre Evacuate Collection Set: 0.5ms
[2025-05-21T14:28:39.502+0000][gc,phases   ] GC(31)   Merge Heap Roots: 0.3ms
[2025-05-21T14:28:39.502+0000][gc,phases   ] GC(31)   Evacuate Collection Set: 4.2ms
[2025-05-21T14:28:39.502+0000][gc,phases   ] GC(31)   Post Evacuate Collection Set: 1.3ms
[2025-05-21T14:28:39.502+0000][gc,phases   ] GC(31)   Other: 0.4ms
[2025-05-21T14:28:39.502+0000][gc,heap     ] GC(31) Eden regions: 605->0(602)
[2025-05-21T14:28:39.503+0000][gc,heap     ] GC(31) Survivor regions: 9->12(77)
[2025-05-21T14:28:39.503+0000][gc,heap     ] GC(31) Old regions: 26->26
[2025-05-21T14:28:39.503+0000][gc,heap     ] GC(31) Humongous regions: 131->131
[2025-05-21T14:28:39.503+0000][gc,metaspace] GC(31) Metaspace: 16330K(16768K)->16330K(16768K) NonClass: 14520K(14720K)->14520K(14720K) Class: 1809K(2048K)->1809K(2048K)
[2025-05-21T14:28:39.503+0000][gc          ] GC(31) Pause Young (Normal) (G1 Evacuation Pause) 770M->168M(1024M) 8.808ms
[2025-05-21T14:28:39.503+0000][gc,cpu      ] GC(31) User=0.03s Sys=0.01s Real=0.01s
[2025-05-21T14:29:09.785+0000][gc,start    ] GC(32) Pause Young (Normal) (G1 Evacuation Pause)
[2025-05-21T14:29:09.785+0000][gc,task     ] GC(32) Using 10 workers of 10 for evacuation
[2025-05-21T14:29:09.792+0000][gc,phases   ] GC(32)   Pre Evacuate Collection Set: 0.5ms
[2025-05-21T14:29:09.792+0000][gc,phases   ] GC(32)   Merge Heap Roots: 0.3ms
[2025-05-21T14:29:09.792+0000][gc,phases   ] GC(32)   Evacuate Collection Set: 4.5ms
[2025-05-21T14:29:09.792+0000][gc,phases   ] GC(32)   Post Evacuate Collection Set: 1.1ms
[2025-05-21T14:29:09.792+0000][gc,phases   ] GC(32)   Other: 0.3ms
[2025-05-21T14:29:09.792+0000][gc,heap     ] GC(32) Eden regions: 602->0(598)
[2025-05-21T14:29:09.793+0000][gc,heap     ] GC(32) Survivor regions: 12->16(77)
[2025-05-21T14:29:09.793+0000][gc,heap     ] GC(32) Old regions: 26->26
[2025-05-21T14:29:09.793+0000][gc,heap     ] GC(32) Humongous regions: 131->131
[2025-05-21T14:29:09.793+0000][gc,metaspace] GC(32) Metaspace: 16355K(16768K)->16355K(16768K) NonClass: 14545K(14720K)->14545K(14720K) Class: 1809K(2048K)->1809K(2048K)
[2025-05-21T14:29:09.793+0000][gc          ] GC(32) Pause Young (Normal) (G1 Evacuation Pause) 770M->172M(1024M) 8.728ms
[2025-05-21T14:29:09.794+0000][gc,cpu      ] GC(32) User=0.03s Sys=0.02s Real=0.01s
[2025-05-21T14:29:49.412+0000][gc,start    ] GC(33) Pause Young (Normal) (G1 Evacuation Pause)
[2025-05-21T14:29:49.413+0000][gc,task     ] GC(33) Using 10 workers of 10 for evacuation
[2025-05-21T14:29:49.419+0000][gc,phases   ] GC(33)   Pre Evacuate Collection Set: 0.5ms
[2025-05-21T14:29:49.419+0000][gc,phases   ] GC(33)   Merge Heap Roots: 0.2ms
[2025-05-21T14:29:49.419+0000][gc,phases   ] GC(33)   Evacuate Collection Set: 3.8ms
[2025-05-21T14:29:49.419+0000][gc,phases   ] GC(33)   Post Evacuate Collection Set: 1.4ms
[2025-05-21T14:29:49.420+0000][gc,phases   ] GC(33)   Other: 0.3ms
[2025-05-21T14:29:49.420+0000][gc,heap     ] GC(33) Eden regions: 598->0(600)
[2025-05-21T14:29:49.420+0000][gc,heap     ] GC(33) Survivor regions: 16->14(77)
[2025-05-21T14:29:49.420+0000][gc,heap     ] GC(33) Old regions: 26->26
[2025-05-21T14:29:49.420+0000][gc,heap     ] GC(33) Humongous regions: 131->131
[2025-05-21T14:29:49.421+0000][gc,metaspace] GC(33) Metaspace: 16372K(16768K)->16372K(16768K) NonClass: 14563K(14720K)->14563K(14720K) Class: 1809K(2048K)->1809K(2048K)
[2025-05-21T14:29:49.421+0000][gc          ] GC(33) Pause Young (Normal) (G1 Evacuation Pause) 770M->169M(1024M) 8.577ms
[2025-05-21T14:29:49.421+0000][gc,cpu      ] GC(33) User=0.02s Sys=0.01s Real=0.01s
[2025-05-21T14:30:19.706+0000][gc,start    ] GC(34) Pause Young (Normal) (G1 Evacuation Pause)
[2025-05-21T14:30:19.706+0000][gc,task     ] GC(34) Using 10 workers of 10 for evacuation
[2025-05-21T14:30:19.713+0000][gc,phases   ] GC(34)   Pre Evacuate Collection Set: 0.3ms
[2025-05-21T14:30:19.713+0000][gc,phases   ] GC(34)   Merge Heap Roots: 0.3ms
[2025-05-21T14:30:19.713+0000][gc,phases   ] GC(34)   Evacuate Collection Set: 4.8ms
[2025-05-21T14:30:19.713+0000][gc,phases   ] GC(34)   Post Evacuate Collection Set: 1.1ms
[2025-05-21T14:30:19.713+0000][gc,phases   ] GC(34)   Other: 0.3ms
[2025-05-21T14:30:19.714+0000][gc,heap     ] GC(34) Eden regions: 600->0(597)
[2025-05-21T14:30:19.714+0000][gc,heap     ] GC(34) Survivor regions: 14->17(77)
[2025-05-21T14:30:19.714+0000][gc,heap     ] GC(34) Old regions: 26->26
[2025-05-21T14:30:19.714+0000][gc,heap     ] GC(34) Humongous regions: 131->131
[2025-05-21T14:30:19.715+0000][gc,metaspace] GC(34) Metaspace: 16392K(16832K)->16392K(16832K) NonClass: 14583K(14784K)->14583K(14784K) Class: 1809K(2048K)->1809K(2048K)
[2025-05-21T14:30:19.715+0000][gc          ] GC(34) Pause Young (Normal) (G1 Evacuation Pause) 769M->173M(1024M) 9.091ms
[2025-05-21T14:30:19.715+0000][gc,cpu      ] GC(34) User=0.03s Sys=0.01s Real=0.01s
[2025-05-21T14:30:59.276+0000][gc,start    ] GC(35) Pause Young (Normal) (G1 Evacuation Pause)
[2025-05-21T14:30:59.276+0000][gc,task     ] GC(35) Using 10 workers of 10 for evacuation
[2025-05-21T14:30:59.281+0000][gc,phases   ] GC(35)   Pre Evacuate Collection Set: 0.3ms
[2025-05-21T14:30:59.282+0000][gc,phases   ] GC(35)   Merge Heap Roots: 0.2ms
[2025-05-21T14:30:59.282+0000][gc,phases   ] GC(35)   Evacuate Collection Set: 3.6ms
[2025-05-21T14:30:59.282+0000][gc,phases   ] GC(35)   Post Evacuate Collection Set: 1.1ms
[2025-05-21T14:30:59.282+0000][gc,phases   ] GC(35)   Other: 0.2ms
[2025-05-21T14:30:59.282+0000][gc,heap     ] GC(35) Eden regions: 597->0(604)
[2025-05-21T14:30:59.282+0000][gc,heap     ] GC(35) Survivor regions: 17->10(77)
[2025-05-21T14:30:59.283+0000][gc,heap     ] GC(35) Old regions: 26->27
[2025-05-21T14:30:59.283+0000][gc,heap     ] GC(35) Humongous regions: 131->131
[2025-05-21T14:30:59.283+0000][gc,metaspace] GC(35) Metaspace: 16429K(16896K)->16429K(16896K) NonClass: 14619K(14848K)->14619K(14848K) Class: 1810K(2048K)->1810K(2048K)
[2025-05-21T14:30:59.283+0000][gc          ] GC(35) Pause Young (Normal) (G1 Evacuation Pause) 770M->166M(1024M) 7.430ms
[2025-05-21T14:30:59.283+0000][gc,cpu      ] GC(35) User=0.04s Sys=0.00s Real=0.01s
[2025-05-21T14:31:29.702+0000][gc,start    ] GC(36) Pause Young (Normal) (G1 Evacuation Pause)
[2025-05-21T14:31:29.702+0000][gc,task     ] GC(36) Using 10 workers of 10 for evacuation
[2025-05-21T14:31:29.709+0000][gc,phases   ] GC(36)   Pre Evacuate Collection Set: 0.3ms
[2025-05-21T14:31:29.710+0000][gc,phases   ] GC(36)   Merge Heap Roots: 0.2ms
[2025-05-21T14:31:29.710+0000][gc,phases   ] GC(36)   Evacuate Collection Set: 4.9ms
[2025-05-21T14:31:29.710+0000][gc,phases   ] GC(36)   Post Evacuate Collection Set: 1.3ms
[2025-05-21T14:31:29.710+0000][gc,phases   ] GC(36)   Other: 0.4ms
[2025-05-21T14:31:29.710+0000][gc,heap     ] GC(36) Eden regions: 604->0(601)
[2025-05-21T14:31:29.711+0000][gc,heap     ] GC(36) Survivor regions: 10->13(77)
[2025-05-21T14:31:29.711+0000][gc,heap     ] GC(36) Old regions: 27->27
[2025-05-21T14:31:29.711+0000][gc,heap     ] GC(36) Humongous regions: 131->131
[2025-05-21T14:31:29.711+0000][gc,metaspace] GC(36) Metaspace: 16431K(16896K)->16431K(16896K) NonClass: 14621K(14848K)->14621K(14848K) Class: 1810K(2048K)->1810K(2048K)
[2025-05-21T14:31:29.712+0000][gc          ] GC(36) Pause Young (Normal) (G1 Evacuation Pause) 770M->169M(1024M) 9.547ms
[2025-05-21T14:31:29.712+0000][gc,cpu      ] GC(36) User=0.04s Sys=0.00s Real=0.01s
[2025-05-21T14:32:09.217+0000][gc,start    ] GC(37) Pause Young (Normal) (G1 Evacuation Pause)
[2025-05-21T14:32:09.217+0000][gc,task     ] GC(37) Using 10 workers of 10 for evacuation
[2025-05-21T14:32:09.223+0000][gc,phases   ] GC(37)   Pre Evacuate Collection Set: 0.4ms
[2025-05-21T14:32:09.223+0000][gc,phases   ] GC(37)   Merge Heap Roots: 0.2ms
[2025-05-21T14:32:09.223+0000][gc,phases   ] GC(37)   Evacuate Collection Set: 3.6ms
[2025-05-21T14:32:09.223+0000][gc,phases   ] GC(37)   Post Evacuate Collection Set: 1.2ms
[2025-05-21T14:32:09.223+0000][gc,phases   ] GC(37)   Other: 0.3ms
[2025-05-21T14:32:09.224+0000][gc,heap     ] GC(37) Eden regions: 601->0(601)
[2025-05-21T14:32:09.224+0000][gc,heap     ] GC(37) Survivor regions: 13->13(77)
[2025-05-21T14:32:09.224+0000][gc,heap     ] GC(37) Old regions: 27->27
[2025-05-21T14:32:09.224+0000][gc,heap     ] GC(37) Humongous regions: 131->131
[2025-05-21T14:32:09.224+0000][gc,metaspace] GC(37) Metaspace: 16467K(16896K)->16467K(16896K) NonClass: 14657K(14848K)->14657K(14848K) Class: 1810K(2048K)->1810K(2048K)
[2025-05-21T14:32:09.224+0000][gc          ] GC(37) Pause Young (Normal) (G1 Evacuation Pause) 770M->169M(1024M) 7.867ms
[2025-05-21T14:32:09.225+0000][gc,cpu      ] GC(37) User=0.04s Sys=0.00s Real=0.01s
[2025-05-21T14:32:39.557+0000][gc,start    ] GC(38) Pause Young (Normal) (G1 Evacuation Pause)
[2025-05-21T14:32:39.557+0000][gc,task     ] GC(38) Using 10 workers of 10 for evacuation
[2025-05-21T14:32:39.564+0000][gc,phases   ] GC(38)   Pre Evacuate Collection Set: 0.4ms
[2025-05-21T14:32:39.564+0000][gc,phases   ] GC(38)   Merge Heap Roots: 0.3ms
[2025-05-21T14:32:39.564+0000][gc,phases   ] GC(38)   Evacuate Collection Set: 4.8ms
[2025-05-21T14:32:39.565+0000][gc,phases   ] GC(38)   Post Evacuate Collection Set: 1.3ms
[2025-05-21T14:32:39.565+0000][gc,phases   ] GC(38)   Other: 0.3ms
[2025-05-21T14:32:39.565+0000][gc,heap     ] GC(38) Eden regions: 601->0(599)
[2025-05-21T14:32:39.565+0000][gc,heap     ] GC(38) Survivor regions: 13->15(77)
[2025-05-21T14:32:39.565+0000][gc,heap     ] GC(38) Old regions: 27->27
[2025-05-21T14:32:39.565+0000][gc,heap     ] GC(38) Humongous regions: 131->131
[2025-05-21T14:32:39.566+0000][gc,metaspace] GC(38) Metaspace: 16472K(16896K)->16472K(16896K) NonClass: 14662K(14848K)->14662K(14848K) Class: 1810K(2048K)->1810K(2048K)
[2025-05-21T14:32:39.566+0000][gc          ] GC(38) Pause Young (Normal) (G1 Evacuation Pause) 770M->172M(1024M) 9.087ms
[2025-05-21T14:32:39.566+0000][gc,cpu      ] GC(38) User=0.04s Sys=0.01s Real=0.01s
[2025-05-21T14:33:13.111+0000][gc,start    ] GC(39) Pause Young (Normal) (G1 Evacuation Pause)
[2025-05-21T14:33:13.112+0000][gc,task     ] GC(39) Using 10 workers of 10 for evacuation
[2025-05-21T14:33:13.119+0000][gc,phases   ] GC(39)   Pre Evacuate Collection Set: 0.4ms
[2025-05-21T14:33:13.119+0000][gc,phases   ] GC(39)   Merge Heap Roots: 0.2ms
[2025-05-21T14:33:13.120+0000][gc,phases   ] GC(39)   Evacuate Collection Set: 5.4ms
[2025-05-21T14:33:13.120+0000][gc,phases   ] GC(39)   Post Evacuate Collection Set: 1.2ms
[2025-05-21T14:33:13.120+0000][gc,phases   ] GC(39)   Other: 0.3ms
[2025-05-21T14:33:13.120+0000][gc,heap     ] GC(39) Eden regions: 599->0(599)
[2025-05-21T14:33:13.120+0000][gc,heap     ] GC(39) Survivor regions: 15->15(77)
[2025-05-21T14:33:13.121+0000][gc,heap     ] GC(39) Old regions: 27->27
[2025-05-21T14:33:13.121+0000][gc,heap     ] GC(39) Humongous regions: 131->131
[2025-05-21T14:33:13.121+0000][gc,metaspace] GC(39) Metaspace: 16475K(16896K)->16475K(16896K) NonClass: 14665K(14848K)->14665K(14848K) Class: 1810K(2048K)->1810K(2048K)
[2025-05-21T14:33:13.121+0000][gc          ] GC(39) Pause Young (Normal) (G1 Evacuation Pause) 771M->172M(1024M) 9.973ms
[2025-05-21T14:33:13.122+0000][gc,cpu      ] GC(39) User=0.05s Sys=0.00s Real=0.01s
[2025-05-21T14:33:49.437+0000][gc,start    ] GC(40) Pause Young (Normal) (G1 Evacuation Pause)
[2025-05-21T14:33:49.438+0000][gc,task     ] GC(40) Using 10 workers of 10 for evacuation
[2025-05-21T14:33:49.446+0000][gc,phases   ] GC(40)   Pre Evacuate Collection Set: 0.6ms
[2025-05-21T14:33:49.446+0000][gc,phases   ] GC(40)   Merge Heap Roots: 0.3ms
[2025-05-21T14:33:49.446+0000][gc,phases   ] GC(40)   Evacuate Collection Set: 5.4ms
[2025-05-21T14:33:49.446+0000][gc,phases   ] GC(40)   Post Evacuate Collection Set: 1.2ms
[2025-05-21T14:33:49.446+0000][gc,phases   ] GC(40)   Other: 0.4ms
[2025-05-21T14:33:49.447+0000][gc,heap     ] GC(40) Eden regions: 599->0(597)
[2025-05-21T14:33:49.447+0000][gc,heap     ] GC(40) Survivor regions: 15->17(77)
[2025-05-21T14:33:49.447+0000][gc,heap     ] GC(40) Old regions: 27->28
[2025-05-21T14:33:49.447+0000][gc,heap     ] GC(40) Humongous regions: 131->131
[2025-05-21T14:33:49.447+0000][gc,metaspace] GC(40) Metaspace: 16477K(16896K)->16477K(16896K) NonClass: 14667K(14848K)->14667K(14848K) Class: 1810K(2048K)->1810K(2048K)
[2025-05-21T14:33:49.448+0000][gc          ] GC(40) Pause Young (Normal) (G1 Evacuation Pause) 771M->175M(1024M) 10.165ms
[2025-05-21T14:33:49.448+0000][gc,cpu      ] GC(40) User=0.04s Sys=0.02s Real=0.01s
[2025-05-21T14:34:18.454+0000][gc,start    ] GC(41) Pause Young (Normal) (G1 Evacuation Pause)
[2025-05-21T14:34:18.455+0000][gc,task     ] GC(41) Using 10 workers of 10 for evacuation
[2025-05-21T14:34:18.466+0000][gc,phases   ] GC(41)   Pre Evacuate Collection Set: 0.4ms
[2025-05-21T14:34:18.467+0000][gc,phases   ] GC(41)   Merge Heap Roots: 0.2ms
[2025-05-21T14:34:18.467+0000][gc,phases   ] GC(41)   Evacuate Collection Set: 9.0ms
[2025-05-21T14:34:18.467+0000][gc,phases   ] GC(41)   Post Evacuate Collection Set: 1.6ms
[2025-05-21T14:34:18.468+0000][gc,phases   ] GC(41)   Other: 0.4ms
[2025-05-21T14:34:18.468+0000][gc,heap     ] GC(41) Eden regions: 597->0(599)
[2025-05-21T14:34:18.468+0000][gc,heap     ] GC(41) Survivor regions: 17->15(77)
[2025-05-21T14:34:18.470+0000][gc,heap     ] GC(41) Old regions: 28->28
[2025-05-21T14:34:18.480+0000][gc,heap     ] GC(41) Humongous regions: 131->131
[2025-05-21T14:34:18.482+0000][gc,metaspace] GC(41) Metaspace: 16513K(16960K)->16513K(16960K) NonClass: 14703K(14912K)->14703K(14912K) Class: 1810K(2048K)->1810K(2048K)
[2025-05-21T14:34:18.486+0000][gc          ] GC(41) Pause Young (Normal) (G1 Evacuation Pause) 772M->173M(1024M) 32.068ms
[2025-05-21T14:34:18.491+0000][gc,cpu      ] GC(41) User=0.08s Sys=0.00s Real=0.03s
[2025-05-21T14:34:39.636+0000][gc,start    ] GC(42) Pause Young (Normal) (G1 Evacuation Pause)
[2025-05-21T14:34:39.636+0000][gc,task     ] GC(42) Using 10 workers of 10 for evacuation
[2025-05-21T14:34:39.671+0000][gc,phases   ] GC(42)   Pre Evacuate Collection Set: 0.7ms
[2025-05-21T14:34:39.673+0000][gc,phases   ] GC(42)   Merge Heap Roots: 0.2ms
[2025-05-21T14:34:39.674+0000][gc,phases   ] GC(42)   Evacuate Collection Set: 29.7ms
[2025-05-21T14:34:39.674+0000][gc,phases   ] GC(42)   Post Evacuate Collection Set: 4.3ms
[2025-05-21T14:34:39.674+0000][gc,phases   ] GC(42)   Other: 0.5ms
[2025-05-21T14:34:39.675+0000][gc,heap     ] GC(42) Eden regions: 599->0(590)
[2025-05-21T14:34:39.675+0000][gc,heap     ] GC(42) Survivor regions: 15->24(77)
[2025-05-21T14:34:39.675+0000][gc,heap     ] GC(42) Old regions: 28->29
[2025-05-21T14:34:39.675+0000][gc,heap     ] GC(42) Humongous regions: 131->131
[2025-05-21T14:34:39.676+0000][gc,metaspace] GC(42) Metaspace: 16729K(17152K)->16729K(17152K) NonClass: 14885K(15040K)->14885K(15040K) Class: 1844K(2112K)->1844K(2112K)
[2025-05-21T14:34:39.677+0000][gc          ] GC(42) Pause Young (Normal) (G1 Evacuation Pause) 772M->183M(1024M) 41.223ms
[2025-05-21T14:34:39.677+0000][gc,cpu      ] GC(42) User=0.08s Sys=0.06s Real=0.05s
[2025-05-21T14:35:00.044+0000][gc,start    ] GC(43) Pause Young (Normal) (G1 Evacuation Pause)
[2025-05-21T14:35:00.045+0000][gc,task     ] GC(43) Using 10 workers of 10 for evacuation
[2025-05-21T14:35:00.067+0000][gc,phases   ] GC(43)   Pre Evacuate Collection Set: 0.7ms
[2025-05-21T14:35:00.067+0000][gc,phases   ] GC(43)   Merge Heap Roots: 0.2ms
[2025-05-21T14:35:00.068+0000][gc,phases   ] GC(43)   Evacuate Collection Set: 19.0ms
[2025-05-21T14:35:00.068+0000][gc,phases   ] GC(43)   Post Evacuate Collection Set: 1.5ms
[2025-05-21T14:35:00.069+0000][gc,phases   ] GC(43)   Other: 0.8ms
[2025-05-21T14:35:00.069+0000][gc,heap     ] GC(43) Eden regions: 590->0(590)
[2025-05-21T14:35:00.069+0000][gc,heap     ] GC(43) Survivor regions: 24->24(77)
[2025-05-21T14:35:00.070+0000][gc,heap     ] GC(43) Old regions: 29->30
[2025-05-21T14:35:00.071+0000][gc,heap     ] GC(43) Humongous regions: 131->131
[2025-05-21T14:35:00.071+0000][gc,metaspace] GC(43) Metaspace: 16759K(17280K)->16759K(17280K) NonClass: 14914K(15168K)->14914K(15168K) Class: 1845K(2112K)->1845K(2112K)
[2025-05-21T14:35:00.072+0000][gc          ] GC(43) Pause Young (Normal) (G1 Evacuation Pause) 773M->184M(1024M) 28.062ms
[2025-05-21T14:35:00.072+0000][gc,cpu      ] GC(43) User=0.10s Sys=0.00s Real=0.03s
[2025-05-21T14:35:20.363+0000][gc,start    ] GC(44) Pause Young (Normal) (G1 Evacuation Pause)
[2025-05-21T14:35:20.363+0000][gc,task     ] GC(44) Using 10 workers of 10 for evacuation
[2025-05-21T14:35:20.385+0000][gc,phases   ] GC(44)   Pre Evacuate Collection Set: 0.3ms
[2025-05-21T14:35:20.385+0000][gc,phases   ] GC(44)   Merge Heap Roots: 0.2ms
[2025-05-21T14:35:20.385+0000][gc,phases   ] GC(44)   Evacuate Collection Set: 18.1ms
[2025-05-21T14:35:20.385+0000][gc,phases   ] GC(44)   Post Evacuate Collection Set: 2.2ms
[2025-05-21T14:35:20.386+0000][gc,phases   ] GC(44)   Other: 0.5ms
[2025-05-21T14:35:20.386+0000][gc,heap     ] GC(44) Eden regions: 590->0(589)
[2025-05-21T14:35:20.386+0000][gc,heap     ] GC(44) Survivor regions: 24->25(77)
[2025-05-21T14:35:20.386+0000][gc,heap     ] GC(44) Old regions: 30->31
[2025-05-21T14:35:20.387+0000][gc,heap     ] GC(44) Humongous regions: 131->131
[2025-05-21T14:35:20.387+0000][gc,metaspace] GC(44) Metaspace: 16768K(17280K)->16768K(17280K) NonClass: 14922K(15168K)->14922K(15168K) Class: 1845K(2112K)->1845K(2112K)
[2025-05-21T14:35:20.387+0000][gc          ] GC(44) Pause Young (Normal) (G1 Evacuation Pause) 774M->186M(1024M) 24.389ms
[2025-05-21T14:35:20.388+0000][gc,cpu      ] GC(44) User=0.05s Sys=0.10s Real=0.02s
[2025-05-21T14:35:45.294+0000][gc,start    ] GC(45) Pause Young (Normal) (G1 Evacuation Pause)
[2025-05-21T14:35:45.295+0000][gc,task     ] GC(45) Using 10 workers of 10 for evacuation
[2025-05-21T14:35:45.307+0000][gc,phases   ] GC(45)   Pre Evacuate Collection Set: 0.4ms
[2025-05-21T14:35:45.307+0000][gc,phases   ] GC(45)   Merge Heap Roots: 0.2ms
[2025-05-21T14:35:45.308+0000][gc,phases   ] GC(45)   Evacuate Collection Set: 8.8ms
[2025-05-21T14:35:45.308+0000][gc,phases   ] GC(45)   Post Evacuate Collection Set: 1.4ms
[2025-05-21T14:35:45.309+0000][gc,phases   ] GC(45)   Other: 0.9ms
[2025-05-21T14:35:45.310+0000][gc,heap     ] GC(45) Eden regions: 589->0(590)
[2025-05-21T14:35:45.311+0000][gc,heap     ] GC(45) Survivor regions: 25->24(77)
[2025-05-21T14:35:45.312+0000][gc,heap     ] GC(45) Old regions: 31->31
[2025-05-21T14:35:45.313+0000][gc,heap     ] GC(45) Humongous regions: 131->131
[2025-05-21T14:35:45.314+0000][gc,metaspace] GC(45) Metaspace: 16780K(17280K)->16780K(17280K) NonClass: 14935K(15168K)->14935K(15168K) Class: 1845K(2112K)->1845K(2112K)
[2025-05-21T14:35:45.315+0000][gc          ] GC(45) Pause Young (Normal) (G1 Evacuation Pause) 775M->185M(1024M) 20.534ms
[2025-05-21T14:35:45.316+0000][gc,cpu      ] GC(45) User=0.08s Sys=0.00s Real=0.02s
[2025-05-21T14:36:19.346+0000][gc,start    ] GC(46) Pause Young (Normal) (G1 Evacuation Pause)
[2025-05-21T14:36:19.347+0000][gc,task     ] GC(46) Using 10 workers of 10 for evacuation
[2025-05-21T14:36:19.356+0000][gc,phases   ] GC(46)   Pre Evacuate Collection Set: 0.5ms
[2025-05-21T14:36:19.356+0000][gc,phases   ] GC(46)   Merge Heap Roots: 0.2ms
[2025-05-21T14:36:19.356+0000][gc,phases   ] GC(46)   Evacuate Collection Set: 7.0ms
[2025-05-21T14:36:19.357+0000][gc,phases   ] GC(46)   Post Evacuate Collection Set: 1.2ms
[2025-05-21T14:36:19.357+0000][gc,phases   ] GC(46)   Other: 0.3ms
[2025-05-21T14:36:19.357+0000][gc,heap     ] GC(46) Eden regions: 590->0(592)
[2025-05-21T14:36:19.357+0000][gc,heap     ] GC(46) Survivor regions: 24->22(77)
[2025-05-21T14:36:19.357+0000][gc,heap     ] GC(46) Old regions: 31->32
[2025-05-21T14:36:19.358+0000][gc,heap     ] GC(46) Humongous regions: 131->131
[2025-05-21T14:36:19.358+0000][gc,metaspace] GC(46) Metaspace: 16785K(17280K)->16785K(17280K) NonClass: 14939K(15168K)->14939K(15168K) Class: 1845K(2112K)->1845K(2112K)
[2025-05-21T14:36:19.358+0000][gc          ] GC(46) Pause Young (Normal) (G1 Evacuation Pause) 775M->183M(1024M) 11.570ms
[2025-05-21T14:36:19.358+0000][gc,cpu      ] GC(46) User=0.05s Sys=0.01s Real=0.02s
[2025-05-21T14:36:49.579+0000][gc,start    ] GC(47) Pause Young (Normal) (G1 Evacuation Pause)
[2025-05-21T14:36:49.580+0000][gc,task     ] GC(47) Using 10 workers of 10 for evacuation
[2025-05-21T14:36:49.589+0000][gc,phases   ] GC(47)   Pre Evacuate Collection Set: 0.4ms
[2025-05-21T14:36:49.589+0000][gc,phases   ] GC(47)   Merge Heap Roots: 0.2ms
[2025-05-21T14:36:49.589+0000][gc,phases   ] GC(47)   Evacuate Collection Set: 7.0ms
[2025-05-21T14:36:49.589+0000][gc,phases   ] GC(47)   Post Evacuate Collection Set: 1.2ms
[2025-05-21T14:36:49.590+0000][gc,phases   ] GC(47)   Other: 0.4ms
[2025-05-21T14:36:49.590+0000][gc,heap     ] GC(47) Eden regions: 592->0(590)
[2025-05-21T14:36:49.590+0000][gc,heap     ] GC(47) Survivor regions: 22->24(77)
[2025-05-21T14:36:49.590+0000][gc,heap     ] GC(47) Old regions: 32->32
[2025-05-21T14:36:49.590+0000][gc,heap     ] GC(47) Humongous regions: 131->131
[2025-05-21T14:36:49.591+0000][gc,metaspace] GC(47) Metaspace: 16785K(17280K)->16785K(17280K) NonClass: 14939K(15168K)->14939K(15168K) Class: 1845K(2112K)->1845K(2112K)
[2025-05-21T14:36:49.591+0000][gc          ] GC(47) Pause Young (Normal) (G1 Evacuation Pause) 775M->186M(1024M) 11.535ms
[2025-05-21T14:36:49.591+0000][gc,cpu      ] GC(47) User=0.07s Sys=0.00s Real=0.01s
[2025-05-21T14:37:29.172+0000][gc,start    ] GC(48) Pause Young (Normal) (G1 Evacuation Pause)
[2025-05-21T14:37:29.172+0000][gc,task     ] GC(48) Using 10 workers of 10 for evacuation
[2025-05-21T14:37:29.182+0000][gc,phases   ] GC(48)   Pre Evacuate Collection Set: 0.3ms
[2025-05-21T14:37:29.182+0000][gc,phases   ] GC(48)   Merge Heap Roots: 0.2ms
[2025-05-21T14:37:29.182+0000][gc,phases   ] GC(48)   Evacuate Collection Set: 7.5ms
[2025-05-21T14:37:29.182+0000][gc,phases   ] GC(48)   Post Evacuate Collection Set: 1.1ms
[2025-05-21T14:37:29.182+0000][gc,phases   ] GC(48)   Other: 0.2ms
[2025-05-21T14:37:29.182+0000][gc,heap     ] GC(48) Eden regions: 590->0(591)
[2025-05-21T14:37:29.183+0000][gc,heap     ] GC(48) Survivor regions: 24->23(77)
[2025-05-21T14:37:29.183+0000][gc,heap     ] GC(48) Old regions: 32->33
[2025-05-21T14:37:29.183+0000][gc,heap     ] GC(48) Humongous regions: 131->131
[2025-05-21T14:37:29.183+0000][gc,metaspace] GC(48) Metaspace: 16789K(17280K)->16789K(17280K) NonClass: 14944K(15168K)->14944K(15168K) Class: 1845K(2112K)->1845K(2112K)
[2025-05-21T14:37:29.183+0000][gc          ] GC(48) Pause Young (Normal) (G1 Evacuation Pause) 776M->186M(1024M) 11.369ms
[2025-05-21T14:37:29.184+0000][gc,cpu      ] GC(48) User=0.04s Sys=0.03s Real=0.02s
[2025-05-21T14:37:59.392+0000][gc,start    ] GC(49) Pause Young (Normal) (G1 Evacuation Pause)
[2025-05-21T14:37:59.393+0000][gc,task     ] GC(49) Using 10 workers of 10 for evacuation
[2025-05-21T14:37:59.403+0000][gc,phases   ] GC(49)   Pre Evacuate Collection Set: 0.4ms
[2025-05-21T14:37:59.403+0000][gc,phases   ] GC(49)   Merge Heap Roots: 0.2ms
[2025-05-21T14:37:59.403+0000][gc,phases   ] GC(49)   Evacuate Collection Set: 8.1ms
[2025-05-21T14:37:59.403+0000][gc,phases   ] GC(49)   Post Evacuate Collection Set: 1.0ms
[2025-05-21T14:37:59.404+0000][gc,phases   ] GC(49)   Other: 0.3ms
[2025-05-21T14:37:59.404+0000][gc,heap     ] GC(49) Eden regions: 591->0(588)
[2025-05-21T14:37:59.404+0000][gc,heap     ] GC(49) Survivor regions: 23->26(77)
[2025-05-21T14:37:59.404+0000][gc,heap     ] GC(49) Old regions: 33->34
[2025-05-21T14:37:59.404+0000][gc,heap     ] GC(49) Humongous regions: 131->131
[2025-05-21T14:37:59.404+0000][gc,metaspace] GC(49) Metaspace: 16789K(17280K)->16789K(17280K) NonClass: 14944K(15168K)->14944K(15168K) Class: 1845K(2112K)->1845K(2112K)
[2025-05-21T14:37:59.404+0000][gc          ] GC(49) Pause Young (Normal) (G1 Evacuation Pause) 777M->189M(1024M) 11.878ms
[2025-05-21T14:37:59.405+0000][gc,cpu      ] GC(49) User=0.06s Sys=0.02s Real=0.01s
[2025-05-21T14:38:29.705+0000][gc,start    ] GC(50) Pause Young (Normal) (G1 Evacuation Pause)
[2025-05-21T14:38:29.705+0000][gc,task     ] GC(50) Using 10 workers of 10 for evacuation
[2025-05-21T14:38:29.716+0000][gc,phases   ] GC(50)   Pre Evacuate Collection Set: 0.5ms
[2025-05-21T14:38:29.716+0000][gc,phases   ] GC(50)   Merge Heap Roots: 0.3ms
[2025-05-21T14:38:29.717+0000][gc,phases   ] GC(50)   Evacuate Collection Set: 8.7ms
[2025-05-21T14:38:29.717+0000][gc,phases   ] GC(50)   Post Evacuate Collection Set: 1.1ms
[2025-05-21T14:38:29.717+0000][gc,phases   ] GC(50)   Other: 0.4ms
[2025-05-21T14:38:29.717+0000][gc,heap     ] GC(50) Eden regions: 588->0(587)
[2025-05-21T14:38:29.717+0000][gc,heap     ] GC(50) Survivor regions: 26->27(77)
[2025-05-21T14:38:29.717+0000][gc,heap     ] GC(50) Old regions: 34->35
[2025-05-21T14:38:29.718+0000][gc,heap     ] GC(50) Humongous regions: 131->131
[2025-05-21T14:38:29.718+0000][gc,metaspace] GC(50) Metaspace: 16789K(17280K)->16789K(17280K) NonClass: 14944K(15168K)->14944K(15168K) Class: 1845K(2112K)->1845K(2112K)
[2025-05-21T14:38:29.718+0000][gc          ] GC(50) Pause Young (Normal) (G1 Evacuation Pause) 777M->192M(1024M) 13.059ms
[2025-05-21T14:38:29.718+0000][gc,cpu      ] GC(50) User=0.09s Sys=0.00s Real=0.01s
[2025-05-21T14:39:09.212+0000][gc,start    ] GC(51) Pause Young (Normal) (G1 Evacuation Pause)
[2025-05-21T14:39:09.212+0000][gc,task     ] GC(51) Using 10 workers of 10 for evacuation
[2025-05-21T14:39:09.221+0000][gc,phases   ] GC(51)   Pre Evacuate Collection Set: 0.4ms
[2025-05-21T14:39:09.221+0000][gc,phases   ] GC(51)   Merge Heap Roots: 0.3ms
[2025-05-21T14:39:09.221+0000][gc,phases   ] GC(51)   Evacuate Collection Set: 7.3ms
[2025-05-21T14:39:09.222+0000][gc,phases   ] GC(51)   Post Evacuate Collection Set: 1.0ms
[2025-05-21T14:39:09.222+0000][gc,phases   ] GC(51)   Other: 0.3ms
[2025-05-21T14:39:09.222+0000][gc,heap     ] GC(51) Eden regions: 587->0(588)
[2025-05-21T14:39:09.222+0000][gc,heap     ] GC(51) Survivor regions: 27->26(77)
[2025-05-21T14:39:09.222+0000][gc,heap     ] GC(51) Old regions: 35->35
[2025-05-21T14:39:09.222+0000][gc,heap     ] GC(51) Humongous regions: 131->131
[2025-05-21T14:39:09.222+0000][gc,metaspace] GC(51) Metaspace: 16796K(17280K)->16796K(17280K) NonClass: 14950K(15168K)->14950K(15168K) Class: 1845K(2112K)->1845K(2112K)
[2025-05-21T14:39:09.222+0000][gc          ] GC(51) Pause Young (Normal) (G1 Evacuation Pause) 779M->191M(1024M) 10.929ms
[2025-05-21T14:39:09.223+0000][gc,cpu      ] GC(51) User=0.07s Sys=0.00s Real=0.01s
[2025-05-21T14:39:39.424+0000][gc,start    ] GC(52) Pause Young (Normal) (G1 Evacuation Pause)
[2025-05-21T14:39:39.425+0000][gc,task     ] GC(52) Using 10 workers of 10 for evacuation
[2025-05-21T14:39:39.434+0000][gc,phases   ] GC(52)   Pre Evacuate Collection Set: 0.3ms
[2025-05-21T14:39:39.434+0000][gc,phases   ] GC(52)   Merge Heap Roots: 0.2ms
[2025-05-21T14:39:39.435+0000][gc,phases   ] GC(52)   Evacuate Collection Set: 8.0ms
[2025-05-21T14:39:39.435+0000][gc,phases   ] GC(52)   Post Evacuate Collection Set: 1.0ms
[2025-05-21T14:39:39.435+0000][gc,phases   ] GC(52)   Other: 0.3ms
[2025-05-21T14:39:39.435+0000][gc,heap     ] GC(52) Eden regions: 588->0(586)
[2025-05-21T14:39:39.435+0000][gc,heap     ] GC(52) Survivor regions: 26->28(77)
[2025-05-21T14:39:39.435+0000][gc,heap     ] GC(52) Old regions: 35->36
[2025-05-21T14:39:39.436+0000][gc,heap     ] GC(52) Humongous regions: 131->131
[2025-05-21T14:39:39.436+0000][gc,metaspace] GC(52) Metaspace: 16796K(17280K)->16796K(17280K) NonClass: 14950K(15168K)->14950K(15168K) Class: 1845K(2112K)->1845K(2112K)
[2025-05-21T14:39:39.436+0000][gc          ] GC(52) Pause Young (Normal) (G1 Evacuation Pause) 779M->194M(1024M) 11.638ms
[2025-05-21T14:39:39.436+0000][gc,cpu      ] GC(52) User=0.08s Sys=0.00s Real=0.01s
[2025-05-21T14:40:09.699+0000][gc,start    ] GC(53) Pause Young (Normal) (G1 Evacuation Pause)
[2025-05-21T14:40:09.700+0000][gc,task     ] GC(53) Using 10 workers of 10 for evacuation
[2025-05-21T14:40:09.710+0000][gc,phases   ] GC(53)   Pre Evacuate Collection Set: 0.5ms
[2025-05-21T14:40:09.710+0000][gc,phases   ] GC(53)   Merge Heap Roots: 0.2ms
[2025-05-21T14:40:09.710+0000][gc,phases   ] GC(53)   Evacuate Collection Set: 8.0ms
[2025-05-21T14:40:09.710+0000][gc,phases   ] GC(53)   Post Evacuate Collection Set: 1.1ms
[2025-05-21T14:40:09.710+0000][gc,phases   ] GC(53)   Other: 0.3ms
[2025-05-21T14:40:09.710+0000][gc,heap     ] GC(53) Eden regions: 586->0(584)
[2025-05-21T14:40:09.711+0000][gc,heap     ] GC(53) Survivor regions: 28->30(77)
[2025-05-21T14:40:09.711+0000][gc,heap     ] GC(53) Old regions: 36->37
[2025-05-21T14:40:09.711+0000][gc,heap     ] GC(53) Humongous regions: 131->131
[2025-05-21T14:40:09.711+0000][gc,metaspace] GC(53) Metaspace: 16803K(17280K)->16803K(17280K) NonClass: 14958K(15168K)->14958K(15168K) Class: 1845K(2112K)->1845K(2112K)
[2025-05-21T14:40:09.711+0000][gc          ] GC(53) Pause Young (Normal) (G1 Evacuation Pause) 780M->197M(1024M) 12.004ms
[2025-05-21T14:40:09.711+0000][gc,cpu      ] GC(53) User=0.08s Sys=0.00s Real=0.01s
[2025-05-21T14:40:49.341+0000][gc,start    ] GC(54) Pause Young (Normal) (G1 Evacuation Pause)
[2025-05-21T14:40:49.341+0000][gc,task     ] GC(54) Using 10 workers of 10 for evacuation
[2025-05-21T14:40:49.351+0000][gc,phases   ] GC(54)   Pre Evacuate Collection Set: 0.9ms
[2025-05-21T14:40:49.351+0000][gc,phases   ] GC(54)   Merge Heap Roots: 0.3ms
[2025-05-21T14:40:49.352+0000][gc,phases   ] GC(54)   Evacuate Collection Set: 7.5ms
[2025-05-21T14:40:49.352+0000][gc,phases   ] GC(54)   Post Evacuate Collection Set: 1.2ms
[2025-05-21T14:40:49.352+0000][gc,phases   ] GC(54)   Other: 0.3ms
[2025-05-21T14:40:49.352+0000][gc,heap     ] GC(54) Eden regions: 584->0(590)
[2025-05-21T14:40:49.352+0000][gc,heap     ] GC(54) Survivor regions: 30->24(77)
[2025-05-21T14:40:49.352+0000][gc,heap     ] GC(54) Old regions: 37->38
[2025-05-21T14:40:49.353+0000][gc,heap     ] GC(54) Humongous regions: 131->131
[2025-05-21T14:40:49.353+0000][gc,metaspace] GC(54) Metaspace: 16806K(17280K)->16806K(17280K) NonClass: 14961K(15168K)->14961K(15168K) Class: 1845K(2112K)->1845K(2112K)
[2025-05-21T14:40:49.353+0000][gc          ] GC(54) Pause Young (Normal) (G1 Evacuation Pause) 781M->192M(1024M) 12.343ms
[2025-05-21T14:40:49.353+0000][gc,cpu      ] GC(54) User=0.07s Sys=0.00s Real=0.01s
[2025-05-21T14:41:29.152+0000][gc,start    ] GC(55) Pause Young (Normal) (G1 Evacuation Pause)
[2025-05-21T14:41:29.152+0000][gc,task     ] GC(55) Using 10 workers of 10 for evacuation
[2025-05-21T14:41:29.164+0000][gc,phases   ] GC(55)   Pre Evacuate Collection Set: 0.4ms
[2025-05-21T14:41:29.164+0000][gc,phases   ] GC(55)   Merge Heap Roots: 0.3ms
[2025-05-21T14:41:29.164+0000][gc,phases   ] GC(55)   Evacuate Collection Set: 9.4ms
[2025-05-21T14:41:29.165+0000][gc,phases   ] GC(55)   Post Evacuate Collection Set: 1.1ms
[2025-05-21T14:41:29.165+0000][gc,phases   ] GC(55)   Other: 0.4ms
[2025-05-21T14:41:29.165+0000][gc,heap     ] GC(55) Eden regions: 590->0(591)
[2025-05-21T14:41:29.165+0000][gc,heap     ] GC(55) Survivor regions: 24->23(77)
[2025-05-21T14:41:29.165+0000][gc,heap     ] GC(55) Old regions: 38->39
[2025-05-21T14:41:29.165+0000][gc,heap     ] GC(55) Humongous regions: 131->131
[2025-05-21T14:41:29.165+0000][gc,metaspace] GC(55) Metaspace: 16809K(17280K)->16809K(17280K) NonClass: 14963K(15168K)->14963K(15168K) Class: 1845K(2112K)->1845K(2112K)
[2025-05-21T14:41:29.166+0000][gc          ] GC(55) Pause Young (Normal) (G1 Evacuation Pause) 782M->192M(1024M) 13.616ms
[2025-05-21T14:41:29.166+0000][gc,cpu      ] GC(55) User=0.06s Sys=0.03s Real=0.02s
[2025-05-21T14:41:59.547+0000][gc,start    ] GC(56) Pause Young (Normal) (G1 Evacuation Pause)
[2025-05-21T14:41:59.548+0000][gc,task     ] GC(56) Using 10 workers of 10 for evacuation
[2025-05-21T14:41:59.559+0000][gc,phases   ] GC(56)   Pre Evacuate Collection Set: 0.5ms
[2025-05-21T14:41:59.559+0000][gc,phases   ] GC(56)   Merge Heap Roots: 0.3ms
[2025-05-21T14:41:59.560+0000][gc,phases   ] GC(56)   Evacuate Collection Set: 9.2ms
[2025-05-21T14:41:59.560+0000][gc,phases   ] GC(56)   Post Evacuate Collection Set: 1.0ms
[2025-05-21T14:41:59.560+0000][gc,phases   ] GC(56)   Other: 0.4ms
[2025-05-21T14:41:59.560+0000][gc,heap     ] GC(56) Eden regions: 591->0(591)
[2025-05-21T14:41:59.560+0000][gc,heap     ] GC(56) Survivor regions: 23->23(77)
[2025-05-21T14:41:59.560+0000][gc,heap     ] GC(56) Old regions: 39->43
[2025-05-21T14:41:59.561+0000][gc,heap     ] GC(56) Humongous regions: 131->131
[2025-05-21T14:41:59.561+0000][gc,metaspace] GC(56) Metaspace: 16831K(17344K)->16831K(17344K) NonClass: 14986K(15232K)->14986K(15232K) Class: 1845K(2112K)->1845K(2112K)
[2025-05-21T14:41:59.561+0000][gc          ] GC(56) Pause Young (Normal) (G1 Evacuation Pause) 783M->195M(1024M) 13.535ms
[2025-05-21T14:41:59.561+0000][gc,cpu      ] GC(56) User=0.08s Sys=0.00s Real=0.02s
[2025-05-21T14:42:39.535+0000][gc,start    ] GC(57) Pause Young (Normal) (G1 Evacuation Pause)
[2025-05-21T14:42:39.536+0000][gc,task     ] GC(57) Using 10 workers of 10 for evacuation
[2025-05-21T14:42:39.550+0000][gc,phases   ] GC(57)   Pre Evacuate Collection Set: 0.4ms
[2025-05-21T14:42:39.550+0000][gc,phases   ] GC(57)   Merge Heap Roots: 0.2ms
[2025-05-21T14:42:39.550+0000][gc,phases   ] GC(57)   Evacuate Collection Set: 11.8ms
[2025-05-21T14:42:39.550+0000][gc,phases   ] GC(57)   Post Evacuate Collection Set: 1.2ms
[2025-05-21T14:42:39.550+0000][gc,phases   ] GC(57)   Other: 0.3ms
[2025-05-21T14:42:39.550+0000][gc,heap     ] GC(57) Eden regions: 591->0(594)
[2025-05-21T14:42:39.551+0000][gc,heap     ] GC(57) Survivor regions: 23->20(77)
[2025-05-21T14:42:39.551+0000][gc,heap     ] GC(57) Old regions: 43->45
[2025-05-21T14:42:39.551+0000][gc,heap     ] GC(57) Humongous regions: 131->131
[2025-05-21T14:42:39.551+0000][gc,metaspace] GC(57) Metaspace: 16831K(17344K)->16831K(17344K) NonClass: 14986K(15232K)->14986K(15232K) Class: 1845K(2112K)->1845K(2112K)
[2025-05-21T14:42:39.551+0000][gc          ] GC(57) Pause Young (Normal) (G1 Evacuation Pause) 786M->195M(1024M) 15.894ms
[2025-05-21T14:42:39.551+0000][gc,cpu      ] GC(57) User=0.07s Sys=0.00s Real=0.02s
[2025-05-21T14:43:19.238+0000][gc,start    ] GC(58) Pause Young (Normal) (G1 Evacuation Pause)
[2025-05-21T14:43:19.238+0000][gc,task     ] GC(58) Using 10 workers of 10 for evacuation
[2025-05-21T14:43:19.248+0000][gc,phases   ] GC(58)   Pre Evacuate Collection Set: 0.6ms
[2025-05-21T14:43:19.248+0000][gc,phases   ] GC(58)   Merge Heap Roots: 0.5ms
[2025-05-21T14:43:19.248+0000][gc,phases   ] GC(58)   Evacuate Collection Set: 7.1ms
[2025-05-21T14:43:19.249+0000][gc,phases   ] GC(58)   Post Evacuate Collection Set: 1.2ms
[2025-05-21T14:43:19.249+0000][gc,phases   ] GC(58)   Other: 0.4ms
[2025-05-21T14:43:19.249+0000][gc,heap     ] GC(58) Eden regions: 594->0(596)
[2025-05-21T14:43:19.249+0000][gc,heap     ] GC(58) Survivor regions: 20->18(77)
[2025-05-21T14:43:19.249+0000][gc,heap     ] GC(58) Old regions: 45->47
[2025-05-21T14:43:19.249+0000][gc,heap     ] GC(58) Humongous regions: 131->131
[2025-05-21T14:43:19.249+0000][gc,metaspace] GC(58) Metaspace: 16835K(17344K)->16835K(17344K) NonClass: 14989K(15232K)->14989K(15232K) Class: 1845K(2112K)->1845K(2112K)
[2025-05-21T14:43:19.249+0000][gc          ] GC(58) Pause Young (Normal) (G1 Evacuation Pause) 789M->195M(1024M) 11.587ms
[2025-05-21T14:43:19.250+0000][gc,cpu      ] GC(58) User=0.05s Sys=0.03s Real=0.02s
[2025-05-21T14:43:49.645+0000][gc,start    ] GC(59) Pause Young (Normal) (G1 Evacuation Pause)
[2025-05-21T14:43:49.645+0000][gc,task     ] GC(59) Using 10 workers of 10 for evacuation
[2025-05-21T14:43:49.659+0000][gc,phases   ] GC(59)   Pre Evacuate Collection Set: 0.3ms
[2025-05-21T14:43:49.659+0000][gc,phases   ] GC(59)   Merge Heap Roots: 0.2ms
[2025-05-21T14:43:49.659+0000][gc,phases   ] GC(59)   Evacuate Collection Set: 11.3ms
[2025-05-21T14:43:49.660+0000][gc,phases   ] GC(59)   Post Evacuate Collection Set: 1.3ms
[2025-05-21T14:43:49.660+0000][gc,phases   ] GC(59)   Other: 0.5ms
[2025-05-21T14:43:49.660+0000][gc,heap     ] GC(59) Eden regions: 596->0(592)
[2025-05-21T14:43:49.660+0000][gc,heap     ] GC(59) Survivor regions: 18->22(77)
[2025-05-21T14:43:49.661+0000][gc,heap     ] GC(59) Old regions: 47->48
[2025-05-21T14:43:49.661+0000][gc,heap     ] GC(59) Humongous regions: 131->131
[2025-05-21T14:43:49.661+0000][gc,metaspace] GC(59) Metaspace: 16835K(17344K)->16835K(17344K) NonClass: 14989K(15232K)->14989K(15232K) Class: 1845K(2112K)->1845K(2112K)
[2025-05-21T14:43:49.661+0000][gc          ] GC(59) Pause Young (Normal) (G1 Evacuation Pause) 791M->200M(1024M) 16.510ms
[2025-05-21T14:43:49.661+0000][gc,cpu      ] GC(59) User=0.10s Sys=0.01s Real=0.02s
[2025-05-21T14:44:12.044+0000][gc,start    ] GC(60) Pause Young (Normal) (G1 Evacuation Pause)
[2025-05-21T14:44:12.046+0000][gc,task     ] GC(60) Using 10 workers of 10 for evacuation
[2025-05-21T14:44:12.066+0000][gc,phases   ] GC(60)   Pre Evacuate Collection Set: 0.4ms
[2025-05-21T14:44:12.066+0000][gc,phases   ] GC(60)   Merge Heap Roots: 0.3ms
[2025-05-21T14:44:12.066+0000][gc,phases   ] GC(60)   Evacuate Collection Set: 15.7ms
[2025-05-21T14:44:12.067+0000][gc,phases   ] GC(60)   Post Evacuate Collection Set: 3.5ms
[2025-05-21T14:44:12.067+0000][gc,phases   ] GC(60)   Other: 0.4ms
[2025-05-21T14:44:12.067+0000][gc,heap     ] GC(60) Eden regions: 592->0(593)
[2025-05-21T14:44:12.067+0000][gc,heap     ] GC(60) Survivor regions: 22->21(77)
[2025-05-21T14:44:12.068+0000][gc,heap     ] GC(60) Old regions: 48->50
[2025-05-21T14:44:12.068+0000][gc,heap     ] GC(60) Humongous regions: 131->131
[2025-05-21T14:44:12.068+0000][gc,metaspace] GC(60) Metaspace: 16848K(17344K)->16848K(17344K) NonClass: 15003K(15232K)->15003K(15232K) Class: 1845K(2112K)->1845K(2112K)
[2025-05-21T14:44:12.068+0000][gc          ] GC(60) Pause Young (Normal) (G1 Evacuation Pause) 792M->201M(1024M) 23.811ms
[2025-05-21T14:44:12.069+0000][gc,cpu      ] GC(60) User=0.07s Sys=0.01s Real=0.03s
[2025-05-21T14:44:37.846+0000][gc,start    ] GC(61) Pause Young (Normal) (G1 Evacuation Pause)
[2025-05-21T14:44:37.847+0000][gc,task     ] GC(61) Using 10 workers of 10 for evacuation
[2025-05-21T14:44:37.865+0000][gc,phases   ] GC(61)   Pre Evacuate Collection Set: 0.5ms
[2025-05-21T14:44:37.865+0000][gc,phases   ] GC(61)   Merge Heap Roots: 0.2ms
[2025-05-21T14:44:37.865+0000][gc,phases   ] GC(61)   Evacuate Collection Set: 15.2ms
[2025-05-21T14:44:37.865+0000][gc,phases   ] GC(61)   Post Evacuate Collection Set: 1.4ms
[2025-05-21T14:44:37.866+0000][gc,phases   ] GC(61)   Other: 0.3ms
[2025-05-21T14:44:37.866+0000][gc,heap     ] GC(61) Eden regions: 593->0(592)
[2025-05-21T14:44:37.866+0000][gc,heap     ] GC(61) Survivor regions: 21->22(77)
[2025-05-21T14:44:37.866+0000][gc,heap     ] GC(61) Old regions: 50->52
[2025-05-21T14:44:37.866+0000][gc,heap     ] GC(61) Humongous regions: 131->131
[2025-05-21T14:44:37.867+0000][gc,metaspace] GC(61) Metaspace: 16860K(17344K)->16860K(17344K) NonClass: 15014K(15232K)->15014K(15232K) Class: 1845K(2112K)->1845K(2112K)
[2025-05-21T14:44:37.867+0000][gc          ] GC(61) Pause Young (Normal) (G1 Evacuation Pause) 794M->203M(1024M) 20.456ms
[2025-05-21T14:44:37.867+0000][gc,cpu      ] GC(61) User=0.05s Sys=0.08s Real=0.02s
[2025-05-21T14:44:59.269+0000][gc,start    ] GC(62) Pause Young (Normal) (G1 Evacuation Pause)
[2025-05-21T14:44:59.270+0000][gc,task     ] GC(62) Using 10 workers of 10 for evacuation
[2025-05-21T14:44:59.281+0000][gc,phases   ] GC(62)   Pre Evacuate Collection Set: 0.4ms
[2025-05-21T14:44:59.281+0000][gc,phases   ] GC(62)   Merge Heap Roots: 0.2ms
[2025-05-21T14:44:59.281+0000][gc,phases   ] GC(62)   Evacuate Collection Set: 9.2ms
[2025-05-21T14:44:59.281+0000][gc,phases   ] GC(62)   Post Evacuate Collection Set: 1.2ms
[2025-05-21T14:44:59.281+0000][gc,phases   ] GC(62)   Other: 0.3ms
[2025-05-21T14:44:59.282+0000][gc,heap     ] GC(62) Eden regions: 592->0(597)
[2025-05-21T14:44:59.282+0000][gc,heap     ] GC(62) Survivor regions: 22->17(77)
[2025-05-21T14:44:59.282+0000][gc,heap     ] GC(62) Old regions: 52->53
[2025-05-21T14:44:59.282+0000][gc,heap     ] GC(62) Humongous regions: 131->131
[2025-05-21T14:44:59.282+0000][gc,metaspace] GC(62) Metaspace: 16860K(17344K)->16860K(17344K) NonClass: 15014K(15232K)->15014K(15232K) Class: 1845K(2112K)->1845K(2112K)
[2025-05-21T14:44:59.282+0000][gc          ] GC(62) Pause Young (Normal) (G1 Evacuation Pause) 795M->200M(1024M) 13.152ms
[2025-05-21T14:44:59.283+0000][gc,cpu      ] GC(62) User=0.09s Sys=0.00s Real=0.01s
[2025-05-21T14:45:19.812+0000][gc,start    ] GC(63) Pause Young (Normal) (G1 Evacuation Pause)
[2025-05-21T14:45:19.813+0000][gc,task     ] GC(63) Using 10 workers of 10 for evacuation
[2025-05-21T14:45:19.855+0000][gc,phases   ] GC(63)   Pre Evacuate Collection Set: 1.6ms
[2025-05-21T14:45:19.857+0000][gc,phases   ] GC(63)   Merge Heap Roots: 0.3ms
[2025-05-21T14:45:19.868+0000][gc,phases   ] GC(63)   Evacuate Collection Set: 26.2ms
[2025-05-21T14:45:19.871+0000][gc,phases   ] GC(63)   Post Evacuate Collection Set: 13.5ms
[2025-05-21T14:45:19.871+0000][gc,phases   ] GC(63)   Other: 1.3ms
[2025-05-21T14:45:19.877+0000][gc,heap     ] GC(63) Eden regions: 597->0(591)
[2025-05-21T14:45:19.884+0000][gc,heap     ] GC(63) Survivor regions: 17->23(77)
[2025-05-21T14:45:19.885+0000][gc,heap     ] GC(63) Old regions: 53->54
[2025-05-21T14:45:19.888+0000][gc,heap     ] GC(63) Humongous regions: 131->131
[2025-05-21T14:45:19.894+0000][gc,metaspace] GC(63) Metaspace: 16899K(17408K)->16899K(17408K) NonClass: 15053K(15296K)->15053K(15296K) Class: 1846K(2112K)->1846K(2112K)
[2025-05-21T14:45:19.895+0000][gc          ] GC(63) Pause Young (Normal) (G1 Evacuation Pause) 797M->207M(1024M) 83.724ms
[2025-05-21T14:45:19.903+0000][gc,cpu      ] GC(63) User=0.19s Sys=0.01s Real=0.09s
[2025-05-21T14:45:33.622+0000][gc,heap,exit] Heap
[2025-05-21T14:45:33.622+0000][gc,heap,exit]  garbage-first heap   total 1048576K, used 569918K [0x00000000c0000000, 0x0000000100000000)
[2025-05-21T14:45:33.623+0000][gc,heap,exit]   region size 1024K, 372 young (380928K), 23 survivors (23552K)
[2025-05-21T14:45:33.623+0000][gc,heap,exit]  Metaspace       used 17686K, committed 18112K, reserved 1114112K
[2025-05-21T14:45:33.623+0000][gc,heap,exit]   class space    used 2007K, committed 2240K, reserved 1048576K
