[2025-05-24T01:04:53.953+0000][gc,init] CardTable entry size: 512
[2025-05-24T01:04:53.954+0000][gc     ] Using G1
[2025-05-24T01:04:53.971+0000][gc,init] Version: 21.0.4+7-LTS (release)
[2025-05-24T01:04:53.971+0000][gc,init] CPUs: 12 total, 12 available
[2025-05-24T01:04:53.971+0000][gc,init] Memory: 15597M
[2025-05-24T01:04:53.971+0000][gc,init] Large Page Support: Disabled
[2025-05-24T01:04:53.971+0000][gc,init] NUMA Support: Disabled
[2025-05-24T01:04:53.972+0000][gc,init] Compressed Oops: Enabled (32-bit)
[2025-05-24T01:04:53.972+0000][gc,init] Heap Region Size: 1M
[2025-05-24T01:04:53.972+0000][gc,init] Heap Min Capacity: 1G
[2025-05-24T01:04:53.975+0000][gc,init] Heap Initial Capacity: 1G
[2025-05-24T01:04:53.975+0000][gc,init] Heap Max Capacity: 1G
[2025-05-24T01:04:53.975+0000][gc,init] Pre-touch: Disabled
[2025-05-24T01:04:53.975+0000][gc,init] Parallel Workers: 10
[2025-05-24T01:04:53.976+0000][gc,init] Concurrent Workers: 3
[2025-05-24T01:04:53.976+0000][gc,init] Concurrent Refinement Workers: 10
[2025-05-24T01:04:53.976+0000][gc,init] Periodic GC: Disabled
[2025-05-24T01:04:54.070+0000][gc,metaspace] CDS archive(s) mapped at: [0x00007f2e7f000000-0x00007f2e7fbbe000-0x00007f2e82674000), size 57098240, SharedBaseAddress: 0x00007f2e7f000000, ArchiveRelocationMode: 1.
[2025-05-24T01:04:54.082+0000][gc,metaspace] Compressed class space mapped at: 0x00007f2e83000000-0x00007f2ec3000000, reserved size: 1073741824
[2025-05-24T01:04:54.082+0000][gc,metaspace] Narrow klass base: 0x00007f2e7f000000, Narrow klass shift: 0, Narrow klass range: 0x100000000
[2025-05-24T01:04:58.590+0000][gc,start    ] GC(0) Pause Young (Normal) (G1 Evacuation Pause)
[2025-05-24T01:04:58.633+0000][gc,task     ] GC(0) Using 10 workers of 10 for evacuation
[2025-05-24T01:04:58.702+0000][gc,phases   ] GC(0)   Pre Evacuate Collection Set: 0.3ms
[2025-05-24T01:04:58.702+0000][gc,phases   ] GC(0)   Merge Heap Roots: 0.1ms
[2025-05-24T01:04:58.707+0000][gc,phases   ] GC(0)   Evacuate Collection Set: 60.9ms
[2025-05-24T01:04:58.711+0000][gc,phases   ] GC(0)   Post Evacuate Collection Set: 5.4ms
[2025-05-24T01:04:58.713+0000][gc,phases   ] GC(0)   Other: 43.9ms
[2025-05-24T01:04:58.720+0000][gc,heap     ] GC(0) Eden regions: 51->0(44)
[2025-05-24T01:04:58.722+0000][gc,heap     ] GC(0) Survivor regions: 0->7(7)
[2025-05-24T01:04:58.723+0000][gc,heap     ] GC(0) Old regions: 1->7
[2025-05-24T01:04:58.723+0000][gc,heap     ] GC(0) Humongous regions: 1->1
[2025-05-24T01:04:58.723+0000][gc,metaspace] GC(0) Metaspace: 5601K(5824K)->5601K(5824K) NonClass: 4942K(5056K)->4942K(5056K) Class: 659K(768K)->659K(768K)
[2025-05-24T01:04:58.724+0000][gc          ] GC(0) Pause Young (Normal) (G1 Evacuation Pause) 52M->14M(1024M) 133.060ms
[2025-05-24T01:04:58.724+0000][gc,cpu      ] GC(0) User=0.12s Sys=0.02s Real=0.14s
[2025-05-24T01:04:59.406+0000][gc,start    ] GC(1) Pause Young (Normal) (G1 Evacuation Pause)
[2025-05-24T01:04:59.411+0000][gc,task     ] GC(1) Using 10 workers of 10 for evacuation
[2025-05-24T01:04:59.450+0000][gc,phases   ] GC(1)   Pre Evacuate Collection Set: 0.8ms
[2025-05-24T01:04:59.451+0000][gc,phases   ] GC(1)   Merge Heap Roots: 0.1ms
[2025-05-24T01:04:59.451+0000][gc,phases   ] GC(1)   Evacuate Collection Set: 33.3ms
[2025-05-24T01:04:59.457+0000][gc,phases   ] GC(1)   Post Evacuate Collection Set: 1.7ms
[2025-05-24T01:04:59.457+0000][gc,phases   ] GC(1)   Other: 3.6ms
[2025-05-24T01:04:59.458+0000][gc,heap     ] GC(1) Eden regions: 44->0(53)
[2025-05-24T01:04:59.458+0000][gc,heap     ] GC(1) Survivor regions: 7->2(7)
[2025-05-24T01:04:59.458+0000][gc,heap     ] GC(1) Old regions: 7->15
[2025-05-24T01:04:59.459+0000][gc,heap     ] GC(1) Humongous regions: 1->1
[2025-05-24T01:04:59.460+0000][gc,metaspace] GC(1) Metaspace: 6156K(6400K)->6156K(6400K) NonClass: 5436K(5568K)->5436K(5568K) Class: 719K(832K)->719K(832K)
[2025-05-24T01:04:59.460+0000][gc          ] GC(1) Pause Young (Normal) (G1 Evacuation Pause) 58M->16M(1024M) 53.968ms
[2025-05-24T01:04:59.460+0000][gc,cpu      ] GC(1) User=0.09s Sys=0.01s Real=0.05s
[2025-05-24T01:05:05.164+0000][gc,start    ] GC(2) Pause Young (Normal) (G1 Evacuation Pause)
[2025-05-24T01:05:05.165+0000][gc,task     ] GC(2) Using 10 workers of 10 for evacuation
[2025-05-24T01:05:05.171+0000][gc,phases   ] GC(2)   Pre Evacuate Collection Set: 0.4ms
[2025-05-24T01:05:05.171+0000][gc,phases   ] GC(2)   Merge Heap Roots: 0.3ms
[2025-05-24T01:05:05.172+0000][gc,phases   ] GC(2)   Evacuate Collection Set: 4.2ms
[2025-05-24T01:05:05.172+0000][gc,phases   ] GC(2)   Post Evacuate Collection Set: 1.0ms
[2025-05-24T01:05:05.172+0000][gc,phases   ] GC(2)   Other: 0.3ms
[2025-05-24T01:05:05.172+0000][gc,heap     ] GC(2) Eden regions: 60->0(243)
[2025-05-24T01:05:05.172+0000][gc,heap     ] GC(2) Survivor regions: 2->5(8)
[2025-05-24T01:05:05.172+0000][gc,heap     ] GC(2) Old regions: 15->15
[2025-05-24T01:05:05.173+0000][gc,heap     ] GC(2) Humongous regions: 130->130
[2025-05-24T01:05:05.173+0000][gc,metaspace] GC(2) Metaspace: 8632K(8896K)->8632K(8896K) NonClass: 7494K(7616K)->7494K(7616K) Class: 1137K(1280K)->1137K(1280K)
[2025-05-24T01:05:05.173+0000][gc          ] GC(2) Pause Young (Normal) (G1 Evacuation Pause) 205M->149M(1024M) 8.644ms
[2025-05-24T01:05:05.173+0000][gc,cpu      ] GC(2) User=0.01s Sys=0.04s Real=0.01s
[2025-05-24T01:05:15.779+0000][gc,start    ] GC(3) Pause Young (Normal) (G1 Evacuation Pause)
[2025-05-24T01:05:15.779+0000][gc,task     ] GC(3) Using 10 workers of 10 for evacuation
[2025-05-24T01:05:15.807+0000][gc,phases   ] GC(3)   Pre Evacuate Collection Set: 0.6ms
[2025-05-24T01:05:15.807+0000][gc,phases   ] GC(3)   Merge Heap Roots: 0.2ms
[2025-05-24T01:05:15.807+0000][gc,phases   ] GC(3)   Evacuate Collection Set: 23.2ms
[2025-05-24T01:05:15.808+0000][gc,phases   ] GC(3)   Post Evacuate Collection Set: 3.1ms
[2025-05-24T01:05:15.808+0000][gc,phases   ] GC(3)   Other: 0.5ms
[2025-05-24T01:05:15.808+0000][gc,heap     ] GC(3) Eden regions: 259->0(603)
[2025-05-24T01:05:15.808+0000][gc,heap     ] GC(3) Survivor regions: 5->11(33)
[2025-05-24T01:05:15.808+0000][gc,heap     ] GC(3) Old regions: 15->15
[2025-05-24T01:05:15.809+0000][gc,heap     ] GC(3) Humongous regions: 131->130
[2025-05-24T01:05:15.809+0000][gc,metaspace] GC(3) Metaspace: 12124K(12480K)->12124K(12480K) NonClass: 10516K(10688K)->10516K(10688K) Class: 1607K(1792K)->1607K(1792K)
[2025-05-24T01:05:15.809+0000][gc          ] GC(3) Pause Young (Normal) (G1 Evacuation Pause) 409M->155M(1024M) 30.202ms
[2025-05-24T01:05:15.809+0000][gc,cpu      ] GC(3) User=0.06s Sys=0.01s Real=0.03s
[2025-05-24T01:05:55.761+0000][gc,start    ] GC(4) Pause Young (Normal) (G1 Evacuation Pause)
[2025-05-24T01:05:55.761+0000][gc,task     ] GC(4) Using 10 workers of 10 for evacuation
[2025-05-24T01:05:55.779+0000][gc,phases   ] GC(4)   Pre Evacuate Collection Set: 0.5ms
[2025-05-24T01:05:55.779+0000][gc,phases   ] GC(4)   Merge Heap Roots: 0.3ms
[2025-05-24T01:05:55.779+0000][gc,phases   ] GC(4)   Evacuate Collection Set: 14.0ms
[2025-05-24T01:05:55.780+0000][gc,phases   ] GC(4)   Post Evacuate Collection Set: 2.0ms
[2025-05-24T01:05:55.780+0000][gc,phases   ] GC(4)   Other: 0.5ms
[2025-05-24T01:05:55.780+0000][gc,heap     ] GC(4) Eden regions: 603->0(601)
[2025-05-24T01:05:55.780+0000][gc,heap     ] GC(4) Survivor regions: 11->13(77)
[2025-05-24T01:05:55.780+0000][gc,heap     ] GC(4) Old regions: 15->15
[2025-05-24T01:05:55.781+0000][gc,heap     ] GC(4) Humongous regions: 131->130
[2025-05-24T01:05:55.781+0000][gc,metaspace] GC(4) Metaspace: 12765K(13120K)->12765K(13120K) NonClass: 11131K(11264K)->11131K(11264K) Class: 1634K(1856K)->1634K(1856K)
[2025-05-24T01:05:55.781+0000][gc          ] GC(4) Pause Young (Normal) (G1 Evacuation Pause) 759M->156M(1024M) 20.070ms
[2025-05-24T01:05:55.781+0000][gc,cpu      ] GC(4) User=0.02s Sys=0.06s Real=0.02s
[2025-05-24T01:06:35.466+0000][gc,start    ] GC(5) Pause Young (Normal) (G1 Evacuation Pause)
[2025-05-24T01:06:35.466+0000][gc,task     ] GC(5) Using 10 workers of 10 for evacuation
[2025-05-24T01:06:35.476+0000][gc,phases   ] GC(5)   Pre Evacuate Collection Set: 0.4ms
[2025-05-24T01:06:35.476+0000][gc,phases   ] GC(5)   Merge Heap Roots: 0.3ms
[2025-05-24T01:06:35.477+0000][gc,phases   ] GC(5)   Evacuate Collection Set: 7.0ms
[2025-05-24T01:06:35.477+0000][gc,phases   ] GC(5)   Post Evacuate Collection Set: 1.7ms
[2025-05-24T01:06:35.477+0000][gc,phases   ] GC(5)   Other: 0.5ms
[2025-05-24T01:06:35.477+0000][gc,heap     ] GC(5) Eden regions: 601->0(600)
[2025-05-24T01:06:35.478+0000][gc,heap     ] GC(5) Survivor regions: 13->14(77)
[2025-05-24T01:06:35.478+0000][gc,heap     ] GC(5) Old regions: 15->15
[2025-05-24T01:06:35.478+0000][gc,heap     ] GC(5) Humongous regions: 130->130
[2025-05-24T01:06:35.478+0000][gc,metaspace] GC(5) Metaspace: 13416K(13824K)->13416K(13824K) NonClass: 11773K(11968K)->11773K(11968K) Class: 1642K(1856K)->1642K(1856K)
[2025-05-24T01:06:35.479+0000][gc          ] GC(5) Pause Young (Normal) (G1 Evacuation Pause) 757M->158M(1024M) 12.849ms
[2025-05-24T01:06:35.479+0000][gc,cpu      ] GC(5) User=0.06s Sys=0.00s Real=0.01s
[2025-05-24T01:07:15.494+0000][gc,start    ] GC(6) Pause Young (Normal) (G1 Evacuation Pause)
[2025-05-24T01:07:15.494+0000][gc,task     ] GC(6) Using 10 workers of 10 for evacuation
[2025-05-24T01:07:15.504+0000][gc,phases   ] GC(6)   Pre Evacuate Collection Set: 0.5ms
[2025-05-24T01:07:15.504+0000][gc,phases   ] GC(6)   Merge Heap Roots: 0.3ms
[2025-05-24T01:07:15.505+0000][gc,phases   ] GC(6)   Evacuate Collection Set: 6.8ms
[2025-05-24T01:07:15.505+0000][gc,phases   ] GC(6)   Post Evacuate Collection Set: 1.9ms
[2025-05-24T01:07:15.505+0000][gc,phases   ] GC(6)   Other: 0.4ms
[2025-05-24T01:07:15.505+0000][gc,heap     ] GC(6) Eden regions: 600->0(600)
[2025-05-24T01:07:15.506+0000][gc,heap     ] GC(6) Survivor regions: 14->14(77)
[2025-05-24T01:07:15.506+0000][gc,heap     ] GC(6) Old regions: 15->15
[2025-05-24T01:07:15.506+0000][gc,heap     ] GC(6) Humongous regions: 130->130
[2025-05-24T01:07:15.506+0000][gc,metaspace] GC(6) Metaspace: 13706K(14144K)->13706K(14144K) NonClass: 12062K(12288K)->12062K(12288K) Class: 1643K(1856K)->1643K(1856K)
[2025-05-24T01:07:15.507+0000][gc          ] GC(6) Pause Young (Normal) (G1 Evacuation Pause) 758M->158M(1024M) 12.958ms
[2025-05-24T01:07:15.507+0000][gc,cpu      ] GC(6) User=0.04s Sys=0.01s Real=0.01s
[2025-05-24T01:07:25.923+0000][gc,heap,exit] Heap
[2025-05-24T01:07:25.923+0000][gc,heap,exit]  garbage-first heap   total 1048576K, used 231242K [0x00000000c0000000, 0x0000000100000000)
[2025-05-24T01:07:25.923+0000][gc,heap,exit]   region size 1024K, 82 young (83968K), 14 survivors (14336K)
[2025-05-24T01:07:25.924+0000][gc,heap,exit]  Metaspace       used 14633K, committed 15040K, reserved 1114112K
[2025-05-24T01:07:25.924+0000][gc,heap,exit]   class space    used 1852K, committed 2048K, reserved 1048576K
