[2025-05-21T12:15:20.835+0000][gc,init] CardTable entry size: 512
[2025-05-21T12:15:20.836+0000][gc     ] Using G1
[2025-05-21T12:15:20.851+0000][gc,init] Version: 21.0.4+7-LTS (release)
[2025-05-21T12:15:20.852+0000][gc,init] CPUs: 12 total, 12 available
[2025-05-21T12:15:20.854+0000][gc,init] Memory: 15597M
[2025-05-21T12:15:20.854+0000][gc,init] Large Page Support: Disabled
[2025-05-21T12:15:20.854+0000][gc,init] NUMA Support: Disabled
[2025-05-21T12:15:20.855+0000][gc,init] Compressed Oops: Enabled (32-bit)
[2025-05-21T12:15:20.856+0000][gc,init] Heap Region Size: 1M
[2025-05-21T12:15:20.857+0000][gc,init] Heap Min Capacity: 1G
[2025-05-21T12:15:20.857+0000][gc,init] Heap Initial Capacity: 1G
[2025-05-21T12:15:20.857+0000][gc,init] Heap Max Capacity: 1G
[2025-05-21T12:15:20.857+0000][gc,init] Pre-touch: Disabled
[2025-05-21T12:15:20.859+0000][gc,init] Parallel Workers: 10
[2025-05-21T12:15:20.862+0000][gc,init] Concurrent Workers: 3
[2025-05-21T12:15:20.863+0000][gc,init] Concurrent Refinement Workers: 10
[2025-05-21T12:15:20.863+0000][gc,init] Periodic GC: Disabled
[2025-05-21T12:15:20.906+0000][gc,metaspace] CDS archive(s) mapped at: [0x00007f30c3000000-0x00007f30c3bbe000-0x00007f30c6674000), size 57098240, SharedBaseAddress: 0x00007f30c3000000, ArchiveRelocationMode: 1.
[2025-05-21T12:15:20.907+0000][gc,metaspace] Compressed class space mapped at: 0x00007f30c7000000-0x00007f3107000000, reserved size: 1073741824
[2025-05-21T12:15:20.908+0000][gc,metaspace] Narrow klass base: 0x00007f30c3000000, Narrow klass shift: 0, Narrow klass range: 0x100000000
[2025-05-21T12:15:26.815+0000][gc,start    ] GC(0) Pause Young (Normal) (G1 Evacuation Pause)
[2025-05-21T12:15:26.837+0000][gc,task     ] GC(0) Using 10 workers of 10 for evacuation
[2025-05-21T12:15:26.998+0000][gc,phases   ] GC(0)   Pre Evacuate Collection Set: 2.8ms
[2025-05-21T12:15:27.002+0000][gc,phases   ] GC(0)   Merge Heap Roots: 0.1ms
[2025-05-21T12:15:27.008+0000][gc,phases   ] GC(0)   Evacuate Collection Set: 137.8ms
[2025-05-21T12:15:27.017+0000][gc,phases   ] GC(0)   Post Evacuate Collection Set: 16.2ms
[2025-05-21T12:15:27.024+0000][gc,phases   ] GC(0)   Other: 24.9ms
[2025-05-21T12:15:27.037+0000][gc,heap     ] GC(0) Eden regions: 51->0(44)
[2025-05-21T12:15:27.047+0000][gc,heap     ] GC(0) Survivor regions: 0->7(7)
[2025-05-21T12:15:27.052+0000][gc,heap     ] GC(0) Old regions: 1->6
[2025-05-21T12:15:27.052+0000][gc,heap     ] GC(0) Humongous regions: 1->1
[2025-05-21T12:15:27.054+0000][gc,metaspace] GC(0) Metaspace: 5728K(6016K)->5728K(6016K) NonClass: 5087K(5248K)->5087K(5248K) Class: 641K(768K)->641K(768K)
[2025-05-21T12:15:27.054+0000][gc          ] GC(0) Pause Young (Normal) (G1 Evacuation Pause) 52M->13M(1024M) 238.753ms
[2025-05-21T12:15:27.054+0000][gc,cpu      ] GC(0) User=0.08s Sys=0.06s Real=0.24s
[2025-05-21T12:15:28.820+0000][gc,start    ] GC(1) Pause Young (Normal) (G1 Evacuation Pause)
[2025-05-21T12:15:28.823+0000][gc,task     ] GC(1) Using 10 workers of 10 for evacuation
[2025-05-21T12:15:28.876+0000][gc,phases   ] GC(1)   Pre Evacuate Collection Set: 10.2ms
[2025-05-21T12:15:28.876+0000][gc,phases   ] GC(1)   Merge Heap Roots: 0.1ms
[2025-05-21T12:15:28.880+0000][gc,phases   ] GC(1)   Evacuate Collection Set: 32.9ms
[2025-05-21T12:15:28.880+0000][gc,phases   ] GC(1)   Post Evacuate Collection Set: 1.4ms
[2025-05-21T12:15:28.880+0000][gc,phases   ] GC(1)   Other: 8.1ms
[2025-05-21T12:15:28.881+0000][gc,heap     ] GC(1) Eden regions: 44->0(51)
[2025-05-21T12:15:28.881+0000][gc,heap     ] GC(1) Survivor regions: 7->4(7)
[2025-05-21T12:15:28.881+0000][gc,heap     ] GC(1) Old regions: 6->13
[2025-05-21T12:15:28.881+0000][gc,heap     ] GC(1) Humongous regions: 2->2
[2025-05-21T12:15:28.881+0000][gc,metaspace] GC(1) Metaspace: 7515K(7808K)->7515K(7808K) NonClass: 6632K(6784K)->6632K(6784K) Class: 882K(1024K)->882K(1024K)
[2025-05-21T12:15:28.881+0000][gc          ] GC(1) Pause Young (Normal) (G1 Evacuation Pause) 58M->18M(1024M) 61.537ms
[2025-05-21T12:15:28.881+0000][gc,cpu      ] GC(1) User=0.11s Sys=0.03s Real=0.07s
[2025-05-21T12:15:35.190+0000][gc,start    ] GC(2) Pause Young (Normal) (G1 Evacuation Pause)
[2025-05-21T12:15:35.190+0000][gc,task     ] GC(2) Using 10 workers of 10 for evacuation
[2025-05-21T12:15:35.198+0000][gc,phases   ] GC(2)   Pre Evacuate Collection Set: 0.4ms
[2025-05-21T12:15:35.198+0000][gc,phases   ] GC(2)   Merge Heap Roots: 0.2ms
[2025-05-21T12:15:35.199+0000][gc,phases   ] GC(2)   Evacuate Collection Set: 5.3ms
[2025-05-21T12:15:35.199+0000][gc,phases   ] GC(2)   Post Evacuate Collection Set: 1.8ms
[2025-05-21T12:15:35.199+0000][gc,phases   ] GC(2)   Other: 0.3ms
[2025-05-21T12:15:35.199+0000][gc,heap     ] GC(2) Eden regions: 59->0(147)
[2025-05-21T12:15:35.199+0000][gc,heap     ] GC(2) Survivor regions: 4->6(8)
[2025-05-21T12:15:35.200+0000][gc,heap     ] GC(2) Old regions: 13->13
[2025-05-21T12:15:35.200+0000][gc,heap     ] GC(2) Humongous regions: 13->11
[2025-05-21T12:15:35.200+0000][gc,metaspace] GC(2) Metaspace: 9813K(10176K)->9813K(10176K) NonClass: 8735K(8896K)->8735K(8896K) Class: 1077K(1280K)->1077K(1280K)
[2025-05-21T12:15:35.200+0000][gc          ] GC(2) Pause Young (Normal) (G1 Evacuation Pause) 88M->29M(1024M) 10.442ms
[2025-05-21T12:15:35.200+0000][gc,cpu      ] GC(2) User=0.02s Sys=0.00s Real=0.01s
[2025-05-21T12:15:45.671+0000][gc,start    ] GC(3) Pause Young (Normal) (G1 Evacuation Pause)
[2025-05-21T12:15:45.672+0000][gc,task     ] GC(3) Using 10 workers of 10 for evacuation
[2025-05-21T12:15:45.681+0000][gc,phases   ] GC(3)   Pre Evacuate Collection Set: 0.3ms
[2025-05-21T12:15:45.681+0000][gc,phases   ] GC(3)   Merge Heap Roots: 0.2ms
[2025-05-21T12:15:45.681+0000][gc,phases   ] GC(3)   Evacuate Collection Set: 7.2ms
[2025-05-21T12:15:45.681+0000][gc,phases   ] GC(3)   Post Evacuate Collection Set: 1.0ms
[2025-05-21T12:15:45.681+0000][gc,phases   ] GC(3)   Other: 0.3ms
[2025-05-21T12:15:45.681+0000][gc,heap     ] GC(3) Eden regions: 155->0(605)
[2025-05-21T12:15:45.682+0000][gc,heap     ] GC(3) Survivor regions: 6->9(21)
[2025-05-21T12:15:45.682+0000][gc,heap     ] GC(3) Old regions: 13->13
[2025-05-21T12:15:45.682+0000][gc,heap     ] GC(3) Humongous regions: 11->11
[2025-05-21T12:15:45.682+0000][gc,metaspace] GC(3) Metaspace: 10417K(10752K)->10417K(10752K) NonClass: 9309K(9472K)->9309K(9472K) Class: 1107K(1280K)->1107K(1280K)
[2025-05-21T12:15:45.682+0000][gc          ] GC(3) Pause Young (Normal) (G1 Evacuation Pause) 184M->32M(1024M) 10.701ms
[2025-05-21T12:15:45.682+0000][gc,cpu      ] GC(3) User=0.06s Sys=0.01s Real=0.01s
[2025-05-21T12:16:55.477+0000][gc,start    ] GC(4) Pause Young (Normal) (G1 Evacuation Pause)
[2025-05-21T12:16:55.477+0000][gc,task     ] GC(4) Using 10 workers of 10 for evacuation
[2025-05-21T12:16:55.486+0000][gc,phases   ] GC(4)   Pre Evacuate Collection Set: 0.3ms
[2025-05-21T12:16:55.486+0000][gc,phases   ] GC(4)   Merge Heap Roots: 0.2ms
[2025-05-21T12:16:55.486+0000][gc,phases   ] GC(4)   Evacuate Collection Set: 7.0ms
[2025-05-21T12:16:55.487+0000][gc,phases   ] GC(4)   Post Evacuate Collection Set: 1.2ms
[2025-05-21T12:16:55.487+0000][gc,phases   ] GC(4)   Other: 0.3ms
[2025-05-21T12:16:55.487+0000][gc,heap     ] GC(4) Eden regions: 605->0(605)
[2025-05-21T12:16:55.487+0000][gc,heap     ] GC(4) Survivor regions: 9->9(77)
[2025-05-21T12:16:55.487+0000][gc,heap     ] GC(4) Old regions: 13->13
[2025-05-21T12:16:55.487+0000][gc,heap     ] GC(4) Humongous regions: 11->11
[2025-05-21T12:16:55.487+0000][gc,metaspace] GC(4) Metaspace: 11003K(11328K)->11003K(11328K) NonClass: 9883K(10048K)->9883K(10048K) Class: 1120K(1280K)->1120K(1280K)
[2025-05-21T12:16:55.488+0000][gc          ] GC(4) Pause Young (Normal) (G1 Evacuation Pause) 637M->32M(1024M) 11.042ms
[2025-05-21T12:16:55.488+0000][gc,cpu      ] GC(4) User=0.03s Sys=0.03s Real=0.01s
[2025-05-21T12:17:55.592+0000][gc,start    ] GC(5) Pause Young (Normal) (G1 Evacuation Pause)
[2025-05-21T12:17:55.592+0000][gc,task     ] GC(5) Using 10 workers of 10 for evacuation
[2025-05-21T12:17:55.598+0000][gc,phases   ] GC(5)   Pre Evacuate Collection Set: 0.3ms
[2025-05-21T12:17:55.599+0000][gc,phases   ] GC(5)   Merge Heap Roots: 0.2ms
[2025-05-21T12:17:55.599+0000][gc,phases   ] GC(5)   Evacuate Collection Set: 4.1ms
[2025-05-21T12:17:55.599+0000][gc,phases   ] GC(5)   Post Evacuate Collection Set: 1.1ms
[2025-05-21T12:17:55.599+0000][gc,phases   ] GC(5)   Other: 0.3ms
[2025-05-21T12:17:55.599+0000][gc,heap     ] GC(5) Eden regions: 605->0(604)
[2025-05-21T12:17:55.599+0000][gc,heap     ] GC(5) Survivor regions: 9->10(77)
[2025-05-21T12:17:55.599+0000][gc,heap     ] GC(5) Old regions: 13->13
[2025-05-21T12:17:55.600+0000][gc,heap     ] GC(5) Humongous regions: 11->11
[2025-05-21T12:17:55.600+0000][gc,metaspace] GC(5) Metaspace: 11246K(11584K)->11246K(11584K) NonClass: 10122K(10240K)->10122K(10240K) Class: 1124K(1344K)->1124K(1344K)
[2025-05-21T12:17:55.600+0000][gc          ] GC(5) Pause Young (Normal) (G1 Evacuation Pause) 637M->33M(1024M) 7.796ms
[2025-05-21T12:17:55.600+0000][gc,cpu      ] GC(5) User=0.00s Sys=0.03s Real=0.01s
[2025-05-21T12:18:55.705+0000][gc,start    ] GC(6) Pause Young (Normal) (G1 Evacuation Pause)
[2025-05-21T12:18:55.705+0000][gc,task     ] GC(6) Using 10 workers of 10 for evacuation
[2025-05-21T12:18:55.710+0000][gc,phases   ] GC(6)   Pre Evacuate Collection Set: 0.3ms
[2025-05-21T12:18:55.710+0000][gc,phases   ] GC(6)   Merge Heap Roots: 0.2ms
[2025-05-21T12:18:55.710+0000][gc,phases   ] GC(6)   Evacuate Collection Set: 2.8ms
[2025-05-21T12:18:55.710+0000][gc,phases   ] GC(6)   Post Evacuate Collection Set: 1.2ms
[2025-05-21T12:18:55.710+0000][gc,phases   ] GC(6)   Other: 0.3ms
[2025-05-21T12:18:55.710+0000][gc,heap     ] GC(6) Eden regions: 604->0(604)
[2025-05-21T12:18:55.710+0000][gc,heap     ] GC(6) Survivor regions: 10->10(77)
[2025-05-21T12:18:55.711+0000][gc,heap     ] GC(6) Old regions: 13->13
[2025-05-21T12:18:55.711+0000][gc,heap     ] GC(6) Humongous regions: 11->11
[2025-05-21T12:18:55.711+0000][gc,metaspace] GC(6) Metaspace: 11421K(11776K)->11421K(11776K) NonClass: 10288K(10432K)->10288K(10432K) Class: 1132K(1344K)->1132K(1344K)
[2025-05-21T12:18:55.711+0000][gc          ] GC(6) Pause Young (Normal) (G1 Evacuation Pause) 637M->33M(1024M) 6.423ms
[2025-05-21T12:18:55.711+0000][gc,cpu      ] GC(6) User=0.03s Sys=0.01s Real=0.00s
[2025-05-21T12:20:05.495+0000][gc,start    ] GC(7) Pause Young (Normal) (G1 Evacuation Pause)
[2025-05-21T12:20:05.496+0000][gc,task     ] GC(7) Using 10 workers of 10 for evacuation
[2025-05-21T12:20:05.501+0000][gc,phases   ] GC(7)   Pre Evacuate Collection Set: 0.3ms
[2025-05-21T12:20:05.501+0000][gc,phases   ] GC(7)   Merge Heap Roots: 0.2ms
[2025-05-21T12:20:05.501+0000][gc,phases   ] GC(7)   Evacuate Collection Set: 3.0ms
[2025-05-21T12:20:05.501+0000][gc,phases   ] GC(7)   Post Evacuate Collection Set: 1.4ms
[2025-05-21T12:20:05.501+0000][gc,phases   ] GC(7)   Other: 0.3ms
[2025-05-21T12:20:05.502+0000][gc,heap     ] GC(7) Eden regions: 604->0(605)
[2025-05-21T12:20:05.502+0000][gc,heap     ] GC(7) Survivor regions: 10->9(77)
[2025-05-21T12:20:05.502+0000][gc,heap     ] GC(7) Old regions: 13->13
[2025-05-21T12:20:05.502+0000][gc,heap     ] GC(7) Humongous regions: 11->11
[2025-05-21T12:20:05.502+0000][gc,metaspace] GC(7) Metaspace: 11579K(11968K)->11579K(11968K) NonClass: 10445K(10624K)->10445K(10624K) Class: 1133K(1344K)->1133K(1344K)
[2025-05-21T12:20:05.502+0000][gc          ] GC(7) Pause Young (Normal) (G1 Evacuation Pause) 637M->32M(1024M) 6.904ms
[2025-05-21T12:20:05.502+0000][gc,cpu      ] GC(7) User=0.03s Sys=0.01s Real=0.00s
[2025-05-21T12:21:05.616+0000][gc,start    ] GC(8) Pause Young (Normal) (G1 Evacuation Pause)
[2025-05-21T12:21:05.616+0000][gc,task     ] GC(8) Using 10 workers of 10 for evacuation
[2025-05-21T12:21:05.621+0000][gc,phases   ] GC(8)   Pre Evacuate Collection Set: 0.4ms
[2025-05-21T12:21:05.622+0000][gc,phases   ] GC(8)   Merge Heap Roots: 0.3ms
[2025-05-21T12:21:05.622+0000][gc,phases   ] GC(8)   Evacuate Collection Set: 3.0ms
[2025-05-21T12:21:05.622+0000][gc,phases   ] GC(8)   Post Evacuate Collection Set: 1.0ms
[2025-05-21T12:21:05.622+0000][gc,phases   ] GC(8)   Other: 0.3ms
[2025-05-21T12:21:05.622+0000][gc,heap     ] GC(8) Eden regions: 605->0(604)
[2025-05-21T12:21:05.622+0000][gc,heap     ] GC(8) Survivor regions: 9->10(77)
[2025-05-21T12:21:05.623+0000][gc,heap     ] GC(8) Old regions: 13->13
[2025-05-21T12:21:05.623+0000][gc,heap     ] GC(8) Humongous regions: 11->11
[2025-05-21T12:21:05.623+0000][gc,metaspace] GC(8) Metaspace: 11646K(12032K)->11646K(12032K) NonClass: 10509K(10688K)->10509K(10688K) Class: 1137K(1344K)->1137K(1344K)
[2025-05-21T12:21:05.623+0000][gc          ] GC(8) Pause Young (Normal) (G1 Evacuation Pause) 637M->33M(1024M) 7.297ms
[2025-05-21T12:21:05.623+0000][gc,cpu      ] GC(8) User=0.02s Sys=0.01s Real=0.01s
[2025-05-21T12:22:15.426+0000][gc,start    ] GC(9) Pause Young (Normal) (G1 Evacuation Pause)
[2025-05-21T12:22:15.427+0000][gc,task     ] GC(9) Using 10 workers of 10 for evacuation
[2025-05-21T12:22:15.432+0000][gc,phases   ] GC(9)   Pre Evacuate Collection Set: 0.4ms
[2025-05-21T12:22:15.432+0000][gc,phases   ] GC(9)   Merge Heap Roots: 0.2ms
[2025-05-21T12:22:15.432+0000][gc,phases   ] GC(9)   Evacuate Collection Set: 3.2ms
[2025-05-21T12:22:15.432+0000][gc,phases   ] GC(9)   Post Evacuate Collection Set: 1.1ms
[2025-05-21T12:22:15.433+0000][gc,phases   ] GC(9)   Other: 0.4ms
[2025-05-21T12:22:15.433+0000][gc,heap     ] GC(9) Eden regions: 604->0(605)
[2025-05-21T12:22:15.433+0000][gc,heap     ] GC(9) Survivor regions: 10->9(77)
[2025-05-21T12:22:15.433+0000][gc,heap     ] GC(9) Old regions: 13->13
[2025-05-21T12:22:15.433+0000][gc,heap     ] GC(9) Humongous regions: 11->11
[2025-05-21T12:22:15.433+0000][gc,metaspace] GC(9) Metaspace: 11694K(12096K)->11694K(12096K) NonClass: 10557K(10752K)->10557K(10752K) Class: 1137K(1344K)->1137K(1344K)
[2025-05-21T12:22:15.433+0000][gc          ] GC(9) Pause Young (Normal) (G1 Evacuation Pause) 637M->32M(1024M) 7.049ms
[2025-05-21T12:22:15.434+0000][gc,cpu      ] GC(9) User=0.03s Sys=0.00s Real=0.01s
[2025-05-21T12:23:15.571+0000][gc,start    ] GC(10) Pause Young (Normal) (G1 Evacuation Pause)
[2025-05-21T12:23:15.572+0000][gc,task     ] GC(10) Using 10 workers of 10 for evacuation
[2025-05-21T12:23:15.578+0000][gc,phases   ] GC(10)   Pre Evacuate Collection Set: 0.3ms
[2025-05-21T12:23:15.579+0000][gc,phases   ] GC(10)   Merge Heap Roots: 0.2ms
[2025-05-21T12:23:15.579+0000][gc,phases   ] GC(10)   Evacuate Collection Set: 4.2ms
[2025-05-21T12:23:15.579+0000][gc,phases   ] GC(10)   Post Evacuate Collection Set: 1.9ms
[2025-05-21T12:23:15.579+0000][gc,phases   ] GC(10)   Other: 0.3ms
[2025-05-21T12:23:15.579+0000][gc,heap     ] GC(10) Eden regions: 605->0(604)
[2025-05-21T12:23:15.580+0000][gc,heap     ] GC(10) Survivor regions: 9->10(77)
[2025-05-21T12:23:15.580+0000][gc,heap     ] GC(10) Old regions: 13->13
[2025-05-21T12:23:15.580+0000][gc,heap     ] GC(10) Humongous regions: 11->11
[2025-05-21T12:23:15.580+0000][gc,metaspace] GC(10) Metaspace: 11745K(12096K)->11745K(12096K) NonClass: 10603K(10752K)->10603K(10752K) Class: 1141K(1344K)->1141K(1344K)
[2025-05-21T12:23:15.580+0000][gc          ] GC(10) Pause Young (Normal) (G1 Evacuation Pause) 637M->33M(1024M) 8.958ms
[2025-05-21T12:23:15.580+0000][gc,cpu      ] GC(10) User=0.04s Sys=0.00s Real=0.01s
[2025-05-21T12:24:15.709+0000][gc,start    ] GC(11) Pause Young (Normal) (G1 Evacuation Pause)
[2025-05-21T12:24:15.709+0000][gc,task     ] GC(11) Using 10 workers of 10 for evacuation
[2025-05-21T12:24:15.714+0000][gc,phases   ] GC(11)   Pre Evacuate Collection Set: 0.4ms
[2025-05-21T12:24:15.714+0000][gc,phases   ] GC(11)   Merge Heap Roots: 0.3ms
[2025-05-21T12:24:15.715+0000][gc,phases   ] GC(11)   Evacuate Collection Set: 3.3ms
[2025-05-21T12:24:15.715+0000][gc,phases   ] GC(11)   Post Evacuate Collection Set: 1.2ms
[2025-05-21T12:24:15.715+0000][gc,phases   ] GC(11)   Other: 0.3ms
[2025-05-21T12:24:15.715+0000][gc,heap     ] GC(11) Eden regions: 604->0(604)
[2025-05-21T12:24:15.715+0000][gc,heap     ] GC(11) Survivor regions: 10->10(77)
[2025-05-21T12:24:15.715+0000][gc,heap     ] GC(11) Old regions: 13->13
[2025-05-21T12:24:15.715+0000][gc,heap     ] GC(11) Humongous regions: 11->11
[2025-05-21T12:24:15.715+0000][gc,metaspace] GC(11) Metaspace: 11785K(12160K)->11785K(12160K) NonClass: 10644K(10816K)->10644K(10816K) Class: 1141K(1344K)->1141K(1344K)
[2025-05-21T12:24:15.715+0000][gc          ] GC(11) Pause Young (Normal) (G1 Evacuation Pause) 637M->33M(1024M) 6.902ms
[2025-05-21T12:24:15.716+0000][gc,cpu      ] GC(11) User=0.03s Sys=0.00s Real=0.01s
[2025-05-21T12:25:25.484+0000][gc,start    ] GC(12) Pause Young (Normal) (G1 Evacuation Pause)
[2025-05-21T12:25:25.484+0000][gc,task     ] GC(12) Using 10 workers of 10 for evacuation
[2025-05-21T12:25:25.490+0000][gc,phases   ] GC(12)   Pre Evacuate Collection Set: 0.4ms
[2025-05-21T12:25:25.490+0000][gc,phases   ] GC(12)   Merge Heap Roots: 0.2ms
[2025-05-21T12:25:25.490+0000][gc,phases   ] GC(12)   Evacuate Collection Set: 3.0ms
[2025-05-21T12:25:25.490+0000][gc,phases   ] GC(12)   Post Evacuate Collection Set: 1.3ms
[2025-05-21T12:25:25.490+0000][gc,phases   ] GC(12)   Other: 0.3ms
[2025-05-21T12:25:25.490+0000][gc,heap     ] GC(12) Eden regions: 604->0(604)
[2025-05-21T12:25:25.491+0000][gc,heap     ] GC(12) Survivor regions: 10->10(77)
[2025-05-21T12:25:25.491+0000][gc,heap     ] GC(12) Old regions: 13->13
[2025-05-21T12:25:25.491+0000][gc,heap     ] GC(12) Humongous regions: 11->11
[2025-05-21T12:25:25.491+0000][gc,metaspace] GC(12) Metaspace: 11805K(12160K)->11805K(12160K) NonClass: 10664K(10816K)->10664K(10816K) Class: 1141K(1344K)->1141K(1344K)
[2025-05-21T12:25:25.491+0000][gc          ] GC(12) Pause Young (Normal) (G1 Evacuation Pause) 637M->33M(1024M) 7.109ms
[2025-05-21T12:25:25.491+0000][gc,cpu      ] GC(12) User=0.03s Sys=0.01s Real=0.00s
[2025-05-21T12:26:25.606+0000][gc,start    ] GC(13) Pause Young (Normal) (G1 Evacuation Pause)
[2025-05-21T12:26:25.607+0000][gc,task     ] GC(13) Using 10 workers of 10 for evacuation
[2025-05-21T12:26:25.612+0000][gc,phases   ] GC(13)   Pre Evacuate Collection Set: 0.3ms
[2025-05-21T12:26:25.612+0000][gc,phases   ] GC(13)   Merge Heap Roots: 0.3ms
[2025-05-21T12:26:25.612+0000][gc,phases   ] GC(13)   Evacuate Collection Set: 2.9ms
[2025-05-21T12:26:25.612+0000][gc,phases   ] GC(13)   Post Evacuate Collection Set: 1.1ms
[2025-05-21T12:26:25.612+0000][gc,phases   ] GC(13)   Other: 0.3ms
[2025-05-21T12:26:25.612+0000][gc,heap     ] GC(13) Eden regions: 604->0(604)
[2025-05-21T12:26:25.612+0000][gc,heap     ] GC(13) Survivor regions: 10->10(77)
[2025-05-21T12:26:25.613+0000][gc,heap     ] GC(13) Old regions: 13->13
[2025-05-21T12:26:25.613+0000][gc,heap     ] GC(13) Humongous regions: 11->11
[2025-05-21T12:26:25.613+0000][gc,metaspace] GC(13) Metaspace: 11887K(12288K)->11887K(12288K) NonClass: 10741K(10944K)->10741K(10944K) Class: 1145K(1344K)->1145K(1344K)
[2025-05-21T12:26:25.613+0000][gc          ] GC(13) Pause Young (Normal) (G1 Evacuation Pause) 637M->33M(1024M) 6.320ms
[2025-05-21T12:26:25.613+0000][gc,cpu      ] GC(13) User=0.01s Sys=0.02s Real=0.01s
[2025-05-21T12:27:35.405+0000][gc,start    ] GC(14) Pause Young (Normal) (G1 Evacuation Pause)
[2025-05-21T12:27:35.405+0000][gc,task     ] GC(14) Using 10 workers of 10 for evacuation
[2025-05-21T12:27:35.411+0000][gc,phases   ] GC(14)   Pre Evacuate Collection Set: 0.3ms
[2025-05-21T12:27:35.411+0000][gc,phases   ] GC(14)   Merge Heap Roots: 0.2ms
[2025-05-21T12:27:35.412+0000][gc,phases   ] GC(14)   Evacuate Collection Set: 3.1ms
[2025-05-21T12:27:35.413+0000][gc,phases   ] GC(14)   Post Evacuate Collection Set: 2.0ms
[2025-05-21T12:27:35.413+0000][gc,phases   ] GC(14)   Other: 0.3ms
[2025-05-21T12:27:35.413+0000][gc,heap     ] GC(14) Eden regions: 604->0(605)
[2025-05-21T12:27:35.413+0000][gc,heap     ] GC(14) Survivor regions: 10->9(77)
[2025-05-21T12:27:35.414+0000][gc,heap     ] GC(14) Old regions: 13->13
[2025-05-21T12:27:35.414+0000][gc,heap     ] GC(14) Humongous regions: 11->11
[2025-05-21T12:27:35.414+0000][gc,metaspace] GC(14) Metaspace: 11896K(12288K)->11896K(12288K) NonClass: 10751K(10944K)->10751K(10944K) Class: 1145K(1344K)->1145K(1344K)
[2025-05-21T12:27:35.414+0000][gc          ] GC(14) Pause Young (Normal) (G1 Evacuation Pause) 637M->32M(1024M) 9.321ms
[2025-05-21T12:27:35.414+0000][gc,cpu      ] GC(14) User=0.04s Sys=0.00s Real=0.01s
[2025-05-21T12:28:35.553+0000][gc,start    ] GC(15) Pause Young (Normal) (G1 Evacuation Pause)
[2025-05-21T12:28:35.553+0000][gc,task     ] GC(15) Using 10 workers of 10 for evacuation
[2025-05-21T12:28:35.559+0000][gc,phases   ] GC(15)   Pre Evacuate Collection Set: 0.4ms
[2025-05-21T12:28:35.559+0000][gc,phases   ] GC(15)   Merge Heap Roots: 0.2ms
[2025-05-21T12:28:35.559+0000][gc,phases   ] GC(15)   Evacuate Collection Set: 3.4ms
[2025-05-21T12:28:35.559+0000][gc,phases   ] GC(15)   Post Evacuate Collection Set: 1.0ms
[2025-05-21T12:28:35.559+0000][gc,phases   ] GC(15)   Other: 0.3ms
[2025-05-21T12:28:35.560+0000][gc,heap     ] GC(15) Eden regions: 605->0(604)
[2025-05-21T12:28:35.560+0000][gc,heap     ] GC(15) Survivor regions: 9->10(77)
[2025-05-21T12:28:35.560+0000][gc,heap     ] GC(15) Old regions: 13->13
[2025-05-21T12:28:35.560+0000][gc,heap     ] GC(15) Humongous regions: 11->11
[2025-05-21T12:28:35.560+0000][gc,metaspace] GC(15) Metaspace: 11911K(12288K)->11911K(12288K) NonClass: 10765K(10944K)->10765K(10944K) Class: 1145K(1344K)->1145K(1344K)
[2025-05-21T12:28:35.560+0000][gc          ] GC(15) Pause Young (Normal) (G1 Evacuation Pause) 637M->33M(1024M) 7.547ms
[2025-05-21T12:28:35.561+0000][gc,cpu      ] GC(15) User=0.03s Sys=0.00s Real=0.01s
[2025-05-21T12:29:35.661+0000][gc,start    ] GC(16) Pause Young (Normal) (G1 Evacuation Pause)
[2025-05-21T12:29:35.661+0000][gc,task     ] GC(16) Using 10 workers of 10 for evacuation
[2025-05-21T12:29:35.666+0000][gc,phases   ] GC(16)   Pre Evacuate Collection Set: 0.3ms
[2025-05-21T12:29:35.667+0000][gc,phases   ] GC(16)   Merge Heap Roots: 0.2ms
[2025-05-21T12:29:35.667+0000][gc,phases   ] GC(16)   Evacuate Collection Set: 3.1ms
[2025-05-21T12:29:35.667+0000][gc,phases   ] GC(16)   Post Evacuate Collection Set: 1.3ms
[2025-05-21T12:29:35.667+0000][gc,phases   ] GC(16)   Other: 0.3ms
[2025-05-21T12:29:35.667+0000][gc,heap     ] GC(16) Eden regions: 604->0(606)
[2025-05-21T12:29:35.667+0000][gc,heap     ] GC(16) Survivor regions: 10->8(77)
[2025-05-21T12:29:35.668+0000][gc,heap     ] GC(16) Old regions: 13->16
[2025-05-21T12:29:35.668+0000][gc,heap     ] GC(16) Humongous regions: 11->11
[2025-05-21T12:29:35.668+0000][gc,metaspace] GC(16) Metaspace: 11953K(12288K)->11953K(12288K) NonClass: 10806K(10944K)->10806K(10944K) Class: 1146K(1344K)->1146K(1344K)
[2025-05-21T12:29:35.668+0000][gc          ] GC(16) Pause Young (Normal) (G1 Evacuation Pause) 637M->34M(1024M) 6.969ms
[2025-05-21T12:29:35.668+0000][gc,cpu      ] GC(16) User=0.02s Sys=0.02s Real=0.01s
[2025-05-21T12:30:45.483+0000][gc,start    ] GC(17) Pause Young (Normal) (G1 Evacuation Pause)
[2025-05-21T12:30:45.484+0000][gc,task     ] GC(17) Using 10 workers of 10 for evacuation
[2025-05-21T12:30:45.493+0000][gc,phases   ] GC(17)   Pre Evacuate Collection Set: 0.3ms
[2025-05-21T12:30:45.493+0000][gc,phases   ] GC(17)   Merge Heap Roots: 0.2ms
[2025-05-21T12:30:45.493+0000][gc,phases   ] GC(17)   Evacuate Collection Set: 7.0ms
[2025-05-21T12:30:45.493+0000][gc,phases   ] GC(17)   Post Evacuate Collection Set: 1.2ms
[2025-05-21T12:30:45.493+0000][gc,phases   ] GC(17)   Other: 0.3ms
[2025-05-21T12:30:45.493+0000][gc,heap     ] GC(17) Eden regions: 606->0(609)
[2025-05-21T12:30:45.494+0000][gc,heap     ] GC(17) Survivor regions: 8->5(77)
[2025-05-21T12:30:45.494+0000][gc,heap     ] GC(17) Old regions: 16->19
[2025-05-21T12:30:45.494+0000][gc,heap     ] GC(17) Humongous regions: 11->11
[2025-05-21T12:30:45.494+0000][gc,metaspace] GC(17) Metaspace: 11971K(12288K)->11971K(12288K) NonClass: 10824K(10944K)->10824K(10944K) Class: 1146K(1344K)->1146K(1344K)
[2025-05-21T12:30:45.494+0000][gc          ] GC(17) Pause Young (Normal) (G1 Evacuation Pause) 640M->33M(1024M) 10.790ms
[2025-05-21T12:30:45.494+0000][gc,cpu      ] GC(17) User=0.04s Sys=0.01s Real=0.01s
[2025-05-21T12:31:45.645+0000][gc,start    ] GC(18) Pause Young (Normal) (G1 Evacuation Pause)
[2025-05-21T12:31:45.645+0000][gc,task     ] GC(18) Using 10 workers of 10 for evacuation
[2025-05-21T12:31:45.649+0000][gc,phases   ] GC(18)   Pre Evacuate Collection Set: 0.3ms
[2025-05-21T12:31:45.649+0000][gc,phases   ] GC(18)   Merge Heap Roots: 0.2ms
[2025-05-21T12:31:45.650+0000][gc,phases   ] GC(18)   Evacuate Collection Set: 1.8ms
[2025-05-21T12:31:45.650+0000][gc,phases   ] GC(18)   Post Evacuate Collection Set: 1.1ms
[2025-05-21T12:31:45.651+0000][gc,phases   ] GC(18)   Other: 0.3ms
[2025-05-21T12:31:45.651+0000][gc,heap     ] GC(18) Eden regions: 609->0(610)
[2025-05-21T12:31:45.651+0000][gc,heap     ] GC(18) Survivor regions: 5->4(77)
[2025-05-21T12:31:45.651+0000][gc,heap     ] GC(18) Old regions: 19->20
[2025-05-21T12:31:45.651+0000][gc,heap     ] GC(18) Humongous regions: 11->11
[2025-05-21T12:31:45.651+0000][gc,metaspace] GC(18) Metaspace: 11998K(12416K)->11998K(12416K) NonClass: 10851K(11072K)->10851K(11072K) Class: 1146K(1344K)->1146K(1344K)
[2025-05-21T12:31:45.652+0000][gc          ] GC(18) Pause Young (Normal) (G1 Evacuation Pause) 642M->33M(1024M) 7.156ms
[2025-05-21T12:31:45.652+0000][gc,cpu      ] GC(18) User=0.01s Sys=0.00s Real=0.01s
[2025-05-21T12:32:55.430+0000][gc,start    ] GC(19) Pause Young (Normal) (G1 Evacuation Pause)
[2025-05-21T12:32:55.431+0000][gc,task     ] GC(19) Using 10 workers of 10 for evacuation
[2025-05-21T12:32:55.434+0000][gc,phases   ] GC(19)   Pre Evacuate Collection Set: 0.3ms
[2025-05-21T12:32:55.434+0000][gc,phases   ] GC(19)   Merge Heap Roots: 0.2ms
[2025-05-21T12:32:55.434+0000][gc,phases   ] GC(19)   Evacuate Collection Set: 1.5ms
[2025-05-21T12:32:55.434+0000][gc,phases   ] GC(19)   Post Evacuate Collection Set: 1.0ms
[2025-05-21T12:32:55.435+0000][gc,phases   ] GC(19)   Other: 0.3ms
[2025-05-21T12:32:55.435+0000][gc,heap     ] GC(19) Eden regions: 610->0(611)
[2025-05-21T12:32:55.435+0000][gc,heap     ] GC(19) Survivor regions: 4->3(77)
[2025-05-21T12:32:55.435+0000][gc,heap     ] GC(19) Old regions: 20->20
[2025-05-21T12:32:55.435+0000][gc,heap     ] GC(19) Humongous regions: 11->11
[2025-05-21T12:32:55.435+0000][gc,metaspace] GC(19) Metaspace: 12041K(12416K)->12041K(12416K) NonClass: 10894K(11072K)->10894K(11072K) Class: 1147K(1344K)->1147K(1344K)
[2025-05-21T12:32:55.436+0000][gc          ] GC(19) Pause Young (Normal) (G1 Evacuation Pause) 643M->33M(1024M) 5.248ms
[2025-05-21T12:32:55.436+0000][gc,cpu      ] GC(19) User=0.01s Sys=0.00s Real=0.01s
[2025-05-21T12:33:55.598+0000][gc,start    ] GC(20) Pause Young (Normal) (G1 Evacuation Pause)
[2025-05-21T12:33:55.598+0000][gc,task     ] GC(20) Using 10 workers of 10 for evacuation
[2025-05-21T12:33:55.602+0000][gc,phases   ] GC(20)   Pre Evacuate Collection Set: 0.3ms
[2025-05-21T12:33:55.603+0000][gc,phases   ] GC(20)   Merge Heap Roots: 0.2ms
[2025-05-21T12:33:55.603+0000][gc,phases   ] GC(20)   Evacuate Collection Set: 1.8ms
[2025-05-21T12:33:55.603+0000][gc,phases   ] GC(20)   Post Evacuate Collection Set: 1.2ms
[2025-05-21T12:33:55.603+0000][gc,phases   ] GC(20)   Other: 0.3ms
[2025-05-21T12:33:55.603+0000][gc,heap     ] GC(20) Eden regions: 611->0(610)
[2025-05-21T12:33:55.603+0000][gc,heap     ] GC(20) Survivor regions: 3->4(77)
[2025-05-21T12:33:55.604+0000][gc,heap     ] GC(20) Old regions: 20->20
[2025-05-21T12:33:55.604+0000][gc,heap     ] GC(20) Humongous regions: 11->11
[2025-05-21T12:33:55.604+0000][gc,metaspace] GC(20) Metaspace: 12055K(12416K)->12055K(12416K) NonClass: 10908K(11072K)->10908K(11072K) Class: 1147K(1344K)->1147K(1344K)
[2025-05-21T12:33:55.604+0000][gc          ] GC(20) Pause Young (Normal) (G1 Evacuation Pause) 644M->33M(1024M) 5.796ms
[2025-05-21T12:33:55.604+0000][gc,cpu      ] GC(20) User=0.01s Sys=0.01s Real=0.01s
[2025-05-21T12:35:05.389+0000][gc,start    ] GC(21) Pause Young (Normal) (G1 Evacuation Pause)
[2025-05-21T12:35:05.390+0000][gc,task     ] GC(21) Using 10 workers of 10 for evacuation
[2025-05-21T12:35:05.393+0000][gc,phases   ] GC(21)   Pre Evacuate Collection Set: 0.4ms
[2025-05-21T12:35:05.394+0000][gc,phases   ] GC(21)   Merge Heap Roots: 0.2ms
[2025-05-21T12:35:05.394+0000][gc,phases   ] GC(21)   Evacuate Collection Set: 1.9ms
[2025-05-21T12:35:05.394+0000][gc,phases   ] GC(21)   Post Evacuate Collection Set: 1.1ms
[2025-05-21T12:35:05.394+0000][gc,phases   ] GC(21)   Other: 0.3ms
[2025-05-21T12:35:05.394+0000][gc,heap     ] GC(21) Eden regions: 610->0(611)
[2025-05-21T12:35:05.395+0000][gc,heap     ] GC(21) Survivor regions: 4->3(77)
[2025-05-21T12:35:05.395+0000][gc,heap     ] GC(21) Old regions: 20->20
[2025-05-21T12:35:05.395+0000][gc,heap     ] GC(21) Humongous regions: 11->11
[2025-05-21T12:35:05.395+0000][gc,metaspace] GC(21) Metaspace: 12082K(12416K)->12082K(12416K) NonClass: 10935K(11072K)->10935K(11072K) Class: 1147K(1344K)->1147K(1344K)
[2025-05-21T12:35:05.395+0000][gc          ] GC(21) Pause Young (Normal) (G1 Evacuation Pause) 643M->33M(1024M) 5.973ms
[2025-05-21T12:35:05.395+0000][gc,cpu      ] GC(21) User=0.01s Sys=0.00s Real=0.00s
[2025-05-21T12:36:05.568+0000][gc,start    ] GC(22) Pause Young (Normal) (G1 Evacuation Pause)
[2025-05-21T12:36:05.568+0000][gc,task     ] GC(22) Using 10 workers of 10 for evacuation
[2025-05-21T12:36:05.571+0000][gc,phases   ] GC(22)   Pre Evacuate Collection Set: 0.3ms
[2025-05-21T12:36:05.572+0000][gc,phases   ] GC(22)   Merge Heap Roots: 0.2ms
[2025-05-21T12:36:05.572+0000][gc,phases   ] GC(22)   Evacuate Collection Set: 1.4ms
[2025-05-21T12:36:05.572+0000][gc,phases   ] GC(22)   Post Evacuate Collection Set: 1.0ms
[2025-05-21T12:36:05.572+0000][gc,phases   ] GC(22)   Other: 0.3ms
[2025-05-21T12:36:05.572+0000][gc,heap     ] GC(22) Eden regions: 611->0(610)
[2025-05-21T12:36:05.572+0000][gc,heap     ] GC(22) Survivor regions: 3->4(77)
[2025-05-21T12:36:05.573+0000][gc,heap     ] GC(22) Old regions: 20->20
[2025-05-21T12:36:05.573+0000][gc,heap     ] GC(22) Humongous regions: 11->11
[2025-05-21T12:36:05.573+0000][gc,metaspace] GC(22) Metaspace: 12098K(12416K)->12098K(12416K) NonClass: 10951K(11072K)->10951K(11072K) Class: 1147K(1344K)->1147K(1344K)
[2025-05-21T12:36:05.573+0000][gc          ] GC(22) Pause Young (Normal) (G1 Evacuation Pause) 644M->34M(1024M) 5.268ms
[2025-05-21T12:36:05.573+0000][gc,cpu      ] GC(22) User=0.01s Sys=0.00s Real=0.00s
[2025-05-21T12:37:05.717+0000][gc,start    ] GC(23) Pause Young (Normal) (G1 Evacuation Pause)
[2025-05-21T12:37:05.717+0000][gc,task     ] GC(23) Using 10 workers of 10 for evacuation
[2025-05-21T12:37:05.721+0000][gc,phases   ] GC(23)   Pre Evacuate Collection Set: 0.3ms
[2025-05-21T12:37:05.721+0000][gc,phases   ] GC(23)   Merge Heap Roots: 0.2ms
[2025-05-21T12:37:05.721+0000][gc,phases   ] GC(23)   Evacuate Collection Set: 1.7ms
[2025-05-21T12:37:05.722+0000][gc,phases   ] GC(23)   Post Evacuate Collection Set: 1.0ms
[2025-05-21T12:37:05.722+0000][gc,phases   ] GC(23)   Other: 0.3ms
[2025-05-21T12:37:05.722+0000][gc,heap     ] GC(23) Eden regions: 610->0(609)
[2025-05-21T12:37:05.722+0000][gc,heap     ] GC(23) Survivor regions: 4->5(77)
[2025-05-21T12:37:05.722+0000][gc,heap     ] GC(23) Old regions: 20->20
[2025-05-21T12:37:05.722+0000][gc,heap     ] GC(23) Humongous regions: 11->11
[2025-05-21T12:37:05.722+0000][gc,metaspace] GC(23) Metaspace: 12355K(12800K)->12355K(12800K) NonClass: 11172K(11392K)->11172K(11392K) Class: 1182K(1408K)->1182K(1408K)
[2025-05-21T12:37:05.723+0000][gc          ] GC(23) Pause Young (Normal) (G1 Evacuation Pause) 644M->34M(1024M) 5.443ms
[2025-05-21T12:37:05.723+0000][gc,cpu      ] GC(23) User=0.02s Sys=0.01s Real=0.01s
[2025-05-21T12:38:15.496+0000][gc,start    ] GC(24) Pause Young (Normal) (G1 Evacuation Pause)
[2025-05-21T12:38:15.496+0000][gc,task     ] GC(24) Using 10 workers of 10 for evacuation
[2025-05-21T12:38:15.500+0000][gc,phases   ] GC(24)   Pre Evacuate Collection Set: 0.3ms
[2025-05-21T12:38:15.500+0000][gc,phases   ] GC(24)   Merge Heap Roots: 0.2ms
[2025-05-21T12:38:15.501+0000][gc,phases   ] GC(24)   Evacuate Collection Set: 1.9ms
[2025-05-21T12:38:15.501+0000][gc,phases   ] GC(24)   Post Evacuate Collection Set: 1.2ms
[2025-05-21T12:38:15.501+0000][gc,phases   ] GC(24)   Other: 0.2ms
[2025-05-21T12:38:15.501+0000][gc,heap     ] GC(24) Eden regions: 609->0(610)
[2025-05-21T12:38:15.501+0000][gc,heap     ] GC(24) Survivor regions: 5->4(77)
[2025-05-21T12:38:15.501+0000][gc,heap     ] GC(24) Old regions: 20->20
[2025-05-21T12:38:15.502+0000][gc,heap     ] GC(24) Humongous regions: 11->11
[2025-05-21T12:38:15.502+0000][gc,metaspace] GC(24) Metaspace: 12362K(12800K)->12362K(12800K) NonClass: 11180K(11392K)->11180K(11392K) Class: 1182K(1408K)->1182K(1408K)
[2025-05-21T12:38:15.502+0000][gc          ] GC(24) Pause Young (Normal) (G1 Evacuation Pause) 643M->33M(1024M) 6.065ms
[2025-05-21T12:38:15.502+0000][gc,cpu      ] GC(24) User=0.02s Sys=0.00s Real=0.01s
[2025-05-21T12:39:15.676+0000][gc,start    ] GC(25) Pause Young (Normal) (G1 Evacuation Pause)
[2025-05-21T12:39:15.676+0000][gc,task     ] GC(25) Using 10 workers of 10 for evacuation
[2025-05-21T12:39:15.681+0000][gc,phases   ] GC(25)   Pre Evacuate Collection Set: 0.4ms
[2025-05-21T12:39:15.682+0000][gc,phases   ] GC(25)   Merge Heap Roots: 0.2ms
[2025-05-21T12:39:15.682+0000][gc,phases   ] GC(25)   Evacuate Collection Set: 2.6ms
[2025-05-21T12:39:15.683+0000][gc,phases   ] GC(25)   Post Evacuate Collection Set: 1.2ms
[2025-05-21T12:39:15.683+0000][gc,phases   ] GC(25)   Other: 0.7ms
[2025-05-21T12:39:15.684+0000][gc,heap     ] GC(25) Eden regions: 610->0(609)
[2025-05-21T12:39:15.684+0000][gc,heap     ] GC(25) Survivor regions: 4->5(77)
[2025-05-21T12:39:15.684+0000][gc,heap     ] GC(25) Old regions: 20->20
[2025-05-21T12:39:15.684+0000][gc,heap     ] GC(25) Humongous regions: 11->11
[2025-05-21T12:39:15.685+0000][gc,metaspace] GC(25) Metaspace: 12362K(12800K)->12362K(12800K) NonClass: 11180K(11392K)->11180K(11392K) Class: 1182K(1408K)->1182K(1408K)
[2025-05-21T12:39:15.686+0000][gc          ] GC(25) Pause Young (Normal) (G1 Evacuation Pause) 643M->34M(1024M) 10.394ms
[2025-05-21T12:39:15.687+0000][gc,cpu      ] GC(25) User=0.01s Sys=0.01s Real=0.01s
[2025-05-21T12:40:25.454+0000][gc,start    ] GC(26) Pause Young (Normal) (G1 Evacuation Pause)
[2025-05-21T12:40:25.454+0000][gc,task     ] GC(26) Using 10 workers of 10 for evacuation
[2025-05-21T12:40:25.457+0000][gc,phases   ] GC(26)   Pre Evacuate Collection Set: 0.3ms
[2025-05-21T12:40:25.458+0000][gc,phases   ] GC(26)   Merge Heap Roots: 0.2ms
[2025-05-21T12:40:25.458+0000][gc,phases   ] GC(26)   Evacuate Collection Set: 1.7ms
[2025-05-21T12:40:25.458+0000][gc,phases   ] GC(26)   Post Evacuate Collection Set: 0.9ms
[2025-05-21T12:40:25.458+0000][gc,phases   ] GC(26)   Other: 0.2ms
[2025-05-21T12:40:25.458+0000][gc,heap     ] GC(26) Eden regions: 609->0(610)
[2025-05-21T12:40:25.458+0000][gc,heap     ] GC(26) Survivor regions: 5->4(77)
[2025-05-21T12:40:25.458+0000][gc,heap     ] GC(26) Old regions: 20->20
[2025-05-21T12:40:25.458+0000][gc,heap     ] GC(26) Humongous regions: 11->11
[2025-05-21T12:40:25.459+0000][gc,metaspace] GC(26) Metaspace: 12366K(12800K)->12366K(12800K) NonClass: 11183K(11392K)->11183K(11392K) Class: 1182K(1408K)->1182K(1408K)
[2025-05-21T12:40:25.459+0000][gc          ] GC(26) Pause Young (Normal) (G1 Evacuation Pause) 643M->33M(1024M) 4.973ms
[2025-05-21T12:40:25.459+0000][gc,cpu      ] GC(26) User=0.01s Sys=0.01s Real=0.00s
[2025-05-21T12:41:25.599+0000][gc,start    ] GC(27) Pause Young (Normal) (G1 Evacuation Pause)
[2025-05-21T12:41:25.599+0000][gc,task     ] GC(27) Using 10 workers of 10 for evacuation
[2025-05-21T12:41:25.603+0000][gc,phases   ] GC(27)   Pre Evacuate Collection Set: 0.3ms
[2025-05-21T12:41:25.603+0000][gc,phases   ] GC(27)   Merge Heap Roots: 0.2ms
[2025-05-21T12:41:25.604+0000][gc,phases   ] GC(27)   Evacuate Collection Set: 2.0ms
[2025-05-21T12:41:25.604+0000][gc,phases   ] GC(27)   Post Evacuate Collection Set: 1.2ms
[2025-05-21T12:41:25.604+0000][gc,phases   ] GC(27)   Other: 0.3ms
[2025-05-21T12:41:25.604+0000][gc,heap     ] GC(27) Eden regions: 610->0(610)
[2025-05-21T12:41:25.604+0000][gc,heap     ] GC(27) Survivor regions: 4->4(77)
[2025-05-21T12:41:25.604+0000][gc,heap     ] GC(27) Old regions: 20->20
[2025-05-21T12:41:25.605+0000][gc,heap     ] GC(27) Humongous regions: 11->11
[2025-05-21T12:41:25.605+0000][gc,metaspace] GC(27) Metaspace: 12367K(12800K)->12367K(12800K) NonClass: 11184K(11392K)->11184K(11392K) Class: 1182K(1408K)->1182K(1408K)
[2025-05-21T12:41:25.605+0000][gc          ] GC(27) Pause Young (Normal) (G1 Evacuation Pause) 643M->34M(1024M) 6.074ms
[2025-05-21T12:41:25.605+0000][gc,cpu      ] GC(27) User=0.02s Sys=0.00s Real=0.00s
[2025-05-21T12:42:35.409+0000][gc,start    ] GC(28) Pause Young (Normal) (G1 Evacuation Pause)
[2025-05-21T12:42:35.410+0000][gc,task     ] GC(28) Using 10 workers of 10 for evacuation
[2025-05-21T12:42:35.413+0000][gc,phases   ] GC(28)   Pre Evacuate Collection Set: 0.4ms
[2025-05-21T12:42:35.414+0000][gc,phases   ] GC(28)   Merge Heap Roots: 0.2ms
[2025-05-21T12:42:35.414+0000][gc,phases   ] GC(28)   Evacuate Collection Set: 1.8ms
[2025-05-21T12:42:35.414+0000][gc,phases   ] GC(28)   Post Evacuate Collection Set: 1.1ms
[2025-05-21T12:42:35.414+0000][gc,phases   ] GC(28)   Other: 0.3ms
[2025-05-21T12:42:35.415+0000][gc,heap     ] GC(28) Eden regions: 610->0(610)
[2025-05-21T12:42:35.415+0000][gc,heap     ] GC(28) Survivor regions: 4->4(77)
[2025-05-21T12:42:35.415+0000][gc,heap     ] GC(28) Old regions: 20->20
[2025-05-21T12:42:35.415+0000][gc,heap     ] GC(28) Humongous regions: 11->11
[2025-05-21T12:42:35.415+0000][gc,metaspace] GC(28) Metaspace: 12380K(12800K)->12380K(12800K) NonClass: 11197K(11392K)->11197K(11392K) Class: 1182K(1408K)->1182K(1408K)
[2025-05-21T12:42:35.416+0000][gc          ] GC(28) Pause Young (Normal) (G1 Evacuation Pause) 644M->33M(1024M) 6.297ms
[2025-05-21T12:42:35.416+0000][gc,cpu      ] GC(28) User=0.02s Sys=0.00s Real=0.01s
[2025-05-21T12:43:35.557+0000][gc,start    ] GC(29) Pause Young (Normal) (G1 Evacuation Pause)
[2025-05-21T12:43:35.558+0000][gc,task     ] GC(29) Using 10 workers of 10 for evacuation
[2025-05-21T12:43:35.561+0000][gc,phases   ] GC(29)   Pre Evacuate Collection Set: 0.4ms
[2025-05-21T12:43:35.561+0000][gc,phases   ] GC(29)   Merge Heap Roots: 0.3ms
[2025-05-21T12:43:35.562+0000][gc,phases   ] GC(29)   Evacuate Collection Set: 1.6ms
[2025-05-21T12:43:35.562+0000][gc,phases   ] GC(29)   Post Evacuate Collection Set: 1.1ms
[2025-05-21T12:43:35.562+0000][gc,phases   ] GC(29)   Other: 0.4ms
[2025-05-21T12:43:35.562+0000][gc,heap     ] GC(29) Eden regions: 610->0(610)
[2025-05-21T12:43:35.562+0000][gc,heap     ] GC(29) Survivor regions: 4->4(77)
[2025-05-21T12:43:35.563+0000][gc,heap     ] GC(29) Old regions: 20->20
[2025-05-21T12:43:35.563+0000][gc,heap     ] GC(29) Humongous regions: 11->11
[2025-05-21T12:43:35.563+0000][gc,metaspace] GC(29) Metaspace: 12386K(12800K)->12386K(12800K) NonClass: 11203K(11392K)->11203K(11392K) Class: 1182K(1408K)->1182K(1408K)
[2025-05-21T12:43:35.563+0000][gc          ] GC(29) Pause Young (Normal) (G1 Evacuation Pause) 643M->34M(1024M) 5.777ms
[2025-05-21T12:43:35.563+0000][gc,cpu      ] GC(29) User=0.01s Sys=0.01s Real=0.01s
[2025-05-21T12:44:45.368+0000][gc,start    ] GC(30) Pause Young (Normal) (G1 Evacuation Pause)
[2025-05-21T12:44:45.368+0000][gc,task     ] GC(30) Using 10 workers of 10 for evacuation
[2025-05-21T12:44:45.373+0000][gc,phases   ] GC(30)   Pre Evacuate Collection Set: 0.4ms
[2025-05-21T12:44:45.373+0000][gc,phases   ] GC(30)   Merge Heap Roots: 0.2ms
[2025-05-21T12:44:45.373+0000][gc,phases   ] GC(30)   Evacuate Collection Set: 2.7ms
[2025-05-21T12:44:45.373+0000][gc,phases   ] GC(30)   Post Evacuate Collection Set: 1.1ms
[2025-05-21T12:44:45.373+0000][gc,phases   ] GC(30)   Other: 0.4ms
[2025-05-21T12:44:45.374+0000][gc,heap     ] GC(30) Eden regions: 610->0(611)
[2025-05-21T12:44:45.374+0000][gc,heap     ] GC(30) Survivor regions: 4->3(77)
[2025-05-21T12:44:45.374+0000][gc,heap     ] GC(30) Old regions: 20->21
[2025-05-21T12:44:45.374+0000][gc,heap     ] GC(30) Humongous regions: 11->11
[2025-05-21T12:44:45.374+0000][gc,metaspace] GC(30) Metaspace: 12409K(12864K)->12409K(12864K) NonClass: 11226K(11456K)->11226K(11456K) Class: 1182K(1408K)->1182K(1408K)
[2025-05-21T12:44:45.374+0000][gc          ] GC(30) Pause Young (Normal) (G1 Evacuation Pause) 644M->33M(1024M) 6.917ms
[2025-05-21T12:44:45.375+0000][gc,cpu      ] GC(30) User=0.00s Sys=0.01s Real=0.01s
[2025-05-21T12:45:45.606+0000][gc,start    ] GC(31) Pause Young (Normal) (G1 Evacuation Pause)
[2025-05-21T12:45:45.606+0000][gc,task     ] GC(31) Using 10 workers of 10 for evacuation
[2025-05-21T12:45:45.610+0000][gc,phases   ] GC(31)   Pre Evacuate Collection Set: 0.3ms
[2025-05-21T12:45:45.610+0000][gc,phases   ] GC(31)   Merge Heap Roots: 0.2ms
[2025-05-21T12:45:45.611+0000][gc,phases   ] GC(31)   Evacuate Collection Set: 1.7ms
[2025-05-21T12:45:45.611+0000][gc,phases   ] GC(31)   Post Evacuate Collection Set: 1.0ms
[2025-05-21T12:45:45.611+0000][gc,phases   ] GC(31)   Other: 0.3ms
[2025-05-21T12:45:45.611+0000][gc,heap     ] GC(31) Eden regions: 611->0(610)
[2025-05-21T12:45:45.611+0000][gc,heap     ] GC(31) Survivor regions: 3->4(77)
[2025-05-21T12:45:45.611+0000][gc,heap     ] GC(31) Old regions: 21->21
[2025-05-21T12:45:45.612+0000][gc,heap     ] GC(31) Humongous regions: 11->11
[2025-05-21T12:45:45.612+0000][gc,metaspace] GC(31) Metaspace: 12421K(12864K)->12421K(12864K) NonClass: 11238K(11456K)->11238K(11456K) Class: 1182K(1408K)->1182K(1408K)
[2025-05-21T12:45:45.612+0000][gc          ] GC(31) Pause Young (Normal) (G1 Evacuation Pause) 644M->34M(1024M) 5.746ms
[2025-05-21T12:45:45.612+0000][gc,cpu      ] GC(31) User=0.02s Sys=0.00s Real=0.00s
[2025-05-21T12:46:45.724+0000][gc,start    ] GC(32) Pause Young (Normal) (G1 Evacuation Pause)
[2025-05-21T12:46:45.724+0000][gc,task     ] GC(32) Using 10 workers of 10 for evacuation
[2025-05-21T12:46:45.728+0000][gc,phases   ] GC(32)   Pre Evacuate Collection Set: 0.4ms
[2025-05-21T12:46:45.729+0000][gc,phases   ] GC(32)   Merge Heap Roots: 0.2ms
[2025-05-21T12:46:45.729+0000][gc,phases   ] GC(32)   Evacuate Collection Set: 2.1ms
[2025-05-21T12:46:45.729+0000][gc,phases   ] GC(32)   Post Evacuate Collection Set: 1.1ms
[2025-05-21T12:46:45.729+0000][gc,phases   ] GC(32)   Other: 0.3ms
[2025-05-21T12:46:45.729+0000][gc,heap     ] GC(32) Eden regions: 610->0(609)
[2025-05-21T12:46:45.729+0000][gc,heap     ] GC(32) Survivor regions: 4->5(77)
[2025-05-21T12:46:45.729+0000][gc,heap     ] GC(32) Old regions: 21->21
[2025-05-21T12:46:45.730+0000][gc,heap     ] GC(32) Humongous regions: 11->11
[2025-05-21T12:46:45.730+0000][gc,metaspace] GC(32) Metaspace: 12429K(12864K)->12429K(12864K) NonClass: 11247K(11456K)->11247K(11456K) Class: 1182K(1408K)->1182K(1408K)
[2025-05-21T12:46:45.730+0000][gc          ] GC(32) Pause Young (Normal) (G1 Evacuation Pause) 644M->35M(1024M) 6.040ms
[2025-05-21T12:46:45.730+0000][gc,cpu      ] GC(32) User=0.02s Sys=0.00s Real=0.00s
[2025-05-21T12:47:55.562+0000][gc,start    ] GC(33) Pause Young (Normal) (G1 Evacuation Pause)
[2025-05-21T12:47:55.562+0000][gc,task     ] GC(33) Using 10 workers of 10 for evacuation
[2025-05-21T12:47:55.567+0000][gc,phases   ] GC(33)   Pre Evacuate Collection Set: 0.4ms
[2025-05-21T12:47:55.567+0000][gc,phases   ] GC(33)   Merge Heap Roots: 0.3ms
[2025-05-21T12:47:55.568+0000][gc,phases   ] GC(33)   Evacuate Collection Set: 2.1ms
[2025-05-21T12:47:55.568+0000][gc,phases   ] GC(33)   Post Evacuate Collection Set: 1.4ms
[2025-05-21T12:47:55.568+0000][gc,phases   ] GC(33)   Other: 0.5ms
[2025-05-21T12:47:55.568+0000][gc,heap     ] GC(33) Eden regions: 609->0(610)
[2025-05-21T12:47:55.568+0000][gc,heap     ] GC(33) Survivor regions: 5->4(77)
[2025-05-21T12:47:55.569+0000][gc,heap     ] GC(33) Old regions: 21->21
[2025-05-21T12:47:55.569+0000][gc,heap     ] GC(33) Humongous regions: 11->11
[2025-05-21T12:47:55.569+0000][gc,metaspace] GC(33) Metaspace: 12478K(12928K)->12478K(12928K) NonClass: 11295K(11520K)->11295K(11520K) Class: 1182K(1408K)->1182K(1408K)
[2025-05-21T12:47:55.569+0000][gc          ] GC(33) Pause Young (Normal) (G1 Evacuation Pause) 644M->34M(1024M) 7.160ms
[2025-05-21T12:47:55.569+0000][gc,cpu      ] GC(33) User=0.02s Sys=0.00s Real=0.00s
[2025-05-21T12:48:05.654+0000][gc,heap,exit] Heap
[2025-05-21T12:48:05.654+0000][gc,heap,exit]  garbage-first heap   total 1048576K, used 104652K [0x00000000c0000000, 0x0000000100000000)
[2025-05-21T12:48:05.655+0000][gc,heap,exit]   region size 1024K, 72 young (73728K), 4 survivors (4096K)
[2025-05-21T12:48:05.655+0000][gc,heap,exit]  Metaspace       used 12875K, committed 13376K, reserved 1114112K
[2025-05-21T12:48:05.655+0000][gc,heap,exit]   class space    used 1258K, committed 1536K, reserved 1048576K
