[2025-05-20T14:45:17.758+0000][gc,init] CardTable entry size: 512
[2025-05-20T14:45:17.759+0000][gc     ] Using G1
[2025-05-20T14:45:17.792+0000][gc,init] Version: 21.0.4+7-LTS (release)
[2025-05-20T14:45:17.792+0000][gc,init] CPUs: 12 total, 12 available
[2025-05-20T14:45:17.792+0000][gc,init] Memory: 15597M
[2025-05-20T14:45:17.793+0000][gc,init] Large Page Support: Disabled
[2025-05-20T14:45:17.793+0000][gc,init] NUMA Support: Disabled
[2025-05-20T14:45:17.793+0000][gc,init] Compressed Oops: Enabled (32-bit)
[2025-05-20T14:45:17.793+0000][gc,init] Heap Region Size: 1M
[2025-05-20T14:45:17.794+0000][gc,init] Heap Min Capacity: 1G
[2025-05-20T14:45:17.794+0000][gc,init] Heap Initial Capacity: 1G
[2025-05-20T14:45:17.794+0000][gc,init] Heap Max Capacity: 1G
[2025-05-20T14:45:17.794+0000][gc,init] Pre-touch: Disabled
[2025-05-20T14:45:17.794+0000][gc,init] Parallel Workers: 10
[2025-05-20T14:45:17.794+0000][gc,init] Concurrent Workers: 3
[2025-05-20T14:45:17.795+0000][gc,init] Concurrent Refinement Workers: 10
[2025-05-20T14:45:17.795+0000][gc,init] Periodic GC: Disabled
[2025-05-20T14:45:17.909+0000][gc,metaspace] CDS archive(s) mapped at: [0x00007f72b9000000-0x00007f72b9bbe000-0x00007f72bc674000), size 57098240, SharedBaseAddress: 0x00007f72b9000000, ArchiveRelocationMode: 1.
[2025-05-20T14:45:17.910+0000][gc,metaspace] Compressed class space mapped at: 0x00007f72bd000000-0x00007f72fd000000, reserved size: 1073741824
[2025-05-20T14:45:17.913+0000][gc,metaspace] Narrow klass base: 0x00007f72b9000000, Narrow klass shift: 0, Narrow klass range: 0x100000000
[2025-05-20T14:45:21.207+0000][gc,start    ] GC(0) Pause Young (Normal) (G1 Evacuation Pause)
[2025-05-20T14:45:21.234+0000][gc,task     ] GC(0) Using 10 workers of 10 for evacuation
[2025-05-20T14:45:21.283+0000][gc,phases   ] GC(0)   Pre Evacuate Collection Set: 0.3ms
[2025-05-20T14:45:21.284+0000][gc,phases   ] GC(0)   Merge Heap Roots: 0.1ms
[2025-05-20T14:45:21.285+0000][gc,phases   ] GC(0)   Evacuate Collection Set: 43.7ms
[2025-05-20T14:45:21.286+0000][gc,phases   ] GC(0)   Post Evacuate Collection Set: 2.9ms
[2025-05-20T14:45:21.287+0000][gc,phases   ] GC(0)   Other: 21.1ms
[2025-05-20T14:45:21.287+0000][gc,heap     ] GC(0) Eden regions: 51->0(44)
[2025-05-20T14:45:21.287+0000][gc,heap     ] GC(0) Survivor regions: 0->7(7)
[2025-05-20T14:45:21.287+0000][gc,heap     ] GC(0) Old regions: 1->6
[2025-05-20T14:45:21.287+0000][gc,heap     ] GC(0) Humongous regions: 1->1
[2025-05-20T14:45:21.288+0000][gc,metaspace] GC(0) Metaspace: 5716K(5888K)->5716K(5888K) NonClass: 5036K(5120K)->5036K(5120K) Class: 679K(768K)->679K(768K)
[2025-05-20T14:45:21.288+0000][gc          ] GC(0) Pause Young (Normal) (G1 Evacuation Pause) 52M->13M(1024M) 81.425ms
[2025-05-20T14:45:21.288+0000][gc,cpu      ] GC(0) User=0.11s Sys=0.04s Real=0.08s
[2025-05-20T14:45:25.670+0000][gc,start    ] GC(1) Pause Young (Normal) (G1 Evacuation Pause)
[2025-05-20T14:45:25.671+0000][gc,task     ] GC(1) Using 10 workers of 10 for evacuation
[2025-05-20T14:45:25.682+0000][gc,phases   ] GC(1)   Pre Evacuate Collection Set: 0.4ms
[2025-05-20T14:45:25.683+0000][gc,phases   ] GC(1)   Merge Heap Roots: 0.2ms
[2025-05-20T14:45:25.683+0000][gc,phases   ] GC(1)   Evacuate Collection Set: 9.4ms
[2025-05-20T14:45:25.683+0000][gc,phases   ] GC(1)   Post Evacuate Collection Set: 1.3ms
[2025-05-20T14:45:25.683+0000][gc,phases   ] GC(1)   Other: 0.3ms
[2025-05-20T14:45:25.683+0000][gc,heap     ] GC(1) Eden regions: 44->0(57)
[2025-05-20T14:45:25.683+0000][gc,heap     ] GC(1) Survivor regions: 7->3(7)
[2025-05-20T14:45:25.683+0000][gc,heap     ] GC(1) Old regions: 6->14
[2025-05-20T14:45:25.684+0000][gc,heap     ] GC(1) Humongous regions: 10->10
[2025-05-20T14:45:25.684+0000][gc,metaspace] GC(1) Metaspace: 7993K(8256K)->7993K(8256K) NonClass: 7132K(7296K)->7132K(7296K) Class: 861K(960K)->861K(960K)
[2025-05-20T14:45:25.684+0000][gc          ] GC(1) Pause Young (Normal) (G1 Evacuation Pause) 66M->26M(1024M) 13.448ms
[2025-05-20T14:45:25.684+0000][gc,cpu      ] GC(1) User=0.04s Sys=0.00s Real=0.01s
[2025-05-20T14:45:26.221+0000][gc,start    ] GC(2) Pause Young (Normal) (G1 Evacuation Pause)
[2025-05-20T14:45:26.222+0000][gc,task     ] GC(2) Using 10 workers of 10 for evacuation
[2025-05-20T14:45:26.232+0000][gc,phases   ] GC(2)   Pre Evacuate Collection Set: 0.4ms
[2025-05-20T14:45:26.232+0000][gc,phases   ] GC(2)   Merge Heap Roots: 0.2ms
[2025-05-20T14:45:26.232+0000][gc,phases   ] GC(2)   Evacuate Collection Set: 7.8ms
[2025-05-20T14:45:26.232+0000][gc,phases   ] GC(2)   Post Evacuate Collection Set: 0.9ms
[2025-05-20T14:45:26.232+0000][gc,phases   ] GC(2)   Other: 0.5ms
[2025-05-20T14:45:26.232+0000][gc,heap     ] GC(2) Eden regions: 67->0(257)
[2025-05-20T14:45:26.232+0000][gc,heap     ] GC(2) Survivor regions: 3->5(9)
[2025-05-20T14:45:26.233+0000][gc,heap     ] GC(2) Old regions: 14->14
[2025-05-20T14:45:26.233+0000][gc,heap     ] GC(2) Humongous regions: 10->10
[2025-05-20T14:45:26.233+0000][gc,metaspace] GC(2) Metaspace: 8450K(8704K)->8450K(8704K) NonClass: 7533K(7680K)->7533K(7680K) Class: 916K(1024K)->916K(1024K)
[2025-05-20T14:45:26.233+0000][gc          ] GC(2) Pause Young (Normal) (G1 Evacuation Pause) 93M->28M(1024M) 11.707ms
[2025-05-20T14:45:26.233+0000][gc,cpu      ] GC(2) User=0.04s Sys=0.00s Real=0.01s
[2025-05-20T14:45:35.992+0000][gc,start    ] GC(3) Pause Young (Normal) (G1 Evacuation Pause)
[2025-05-20T14:45:35.992+0000][gc,task     ] GC(3) Using 10 workers of 10 for evacuation
[2025-05-20T14:45:36.001+0000][gc,phases   ] GC(3)   Pre Evacuate Collection Set: 0.3ms
[2025-05-20T14:45:36.001+0000][gc,phases   ] GC(3)   Merge Heap Roots: 0.2ms
[2025-05-20T14:45:36.002+0000][gc,phases   ] GC(3)   Evacuate Collection Set: 7.0ms
[2025-05-20T14:45:36.002+0000][gc,phases   ] GC(3)   Post Evacuate Collection Set: 0.8ms
[2025-05-20T14:45:36.002+0000][gc,phases   ] GC(3)   Other: 0.3ms
[2025-05-20T14:45:36.002+0000][gc,heap     ] GC(3) Eden regions: 281->0(606)
[2025-05-20T14:45:36.002+0000][gc,heap     ] GC(3) Survivor regions: 5->8(36)
[2025-05-20T14:45:36.002+0000][gc,heap     ] GC(3) Old regions: 14->14
[2025-05-20T14:45:36.002+0000][gc,heap     ] GC(3) Humongous regions: 10->10
[2025-05-20T14:45:36.002+0000][gc,metaspace] GC(3) Metaspace: 10095K(10432K)->10095K(10432K) NonClass: 9000K(9152K)->9000K(9152K) Class: 1095K(1280K)->1095K(1280K)
[2025-05-20T14:45:36.003+0000][gc          ] GC(3) Pause Young (Normal) (G1 Evacuation Pause) 309M->31M(1024M) 10.525ms
[2025-05-20T14:45:36.003+0000][gc,cpu      ] GC(3) User=0.06s Sys=0.01s Real=0.01s
[2025-05-20T14:45:57.587+0000][gc,start    ] GC(4) Pause Young (Normal) (G1 Evacuation Pause)
[2025-05-20T14:45:57.587+0000][gc,task     ] GC(4) Using 10 workers of 10 for evacuation
[2025-05-20T14:45:57.595+0000][gc,phases   ] GC(4)   Pre Evacuate Collection Set: 0.6ms
[2025-05-20T14:45:57.595+0000][gc,phases   ] GC(4)   Merge Heap Roots: 0.2ms
[2025-05-20T14:45:57.595+0000][gc,phases   ] GC(4)   Evacuate Collection Set: 5.7ms
[2025-05-20T14:45:57.595+0000][gc,phases   ] GC(4)   Post Evacuate Collection Set: 1.0ms
[2025-05-20T14:45:57.595+0000][gc,phases   ] GC(4)   Other: 0.3ms
[2025-05-20T14:45:57.596+0000][gc,heap     ] GC(4) Eden regions: 606->0(608)
[2025-05-20T14:45:57.596+0000][gc,heap     ] GC(4) Survivor regions: 8->6(77)
[2025-05-20T14:45:57.596+0000][gc,heap     ] GC(4) Old regions: 14->14
[2025-05-20T14:45:57.596+0000][gc,heap     ] GC(4) Humongous regions: 10->10
[2025-05-20T14:45:57.596+0000][gc,metaspace] GC(4) Metaspace: 10412K(10752K)->10412K(10752K) NonClass: 9312K(9472K)->9312K(9472K) Class: 1100K(1280K)->1100K(1280K)
[2025-05-20T14:45:57.596+0000][gc          ] GC(4) Pause Young (Normal) (G1 Evacuation Pause) 637M->29M(1024M) 9.666ms
[2025-05-20T14:45:57.596+0000][gc,cpu      ] GC(4) User=0.03s Sys=0.03s Real=0.01s
[2025-05-20T14:46:19.754+0000][gc,start    ] GC(5) Pause Young (Normal) (G1 Evacuation Pause)
[2025-05-20T14:46:19.754+0000][gc,task     ] GC(5) Using 10 workers of 10 for evacuation
[2025-05-20T14:46:19.760+0000][gc,phases   ] GC(5)   Pre Evacuate Collection Set: 0.7ms
[2025-05-20T14:46:19.760+0000][gc,phases   ] GC(5)   Merge Heap Roots: 0.2ms
[2025-05-20T14:46:19.760+0000][gc,phases   ] GC(5)   Evacuate Collection Set: 3.0ms
[2025-05-20T14:46:19.760+0000][gc,phases   ] GC(5)   Post Evacuate Collection Set: 1.2ms
[2025-05-20T14:46:19.761+0000][gc,phases   ] GC(5)   Other: 0.4ms
[2025-05-20T14:46:19.761+0000][gc,heap     ] GC(5) Eden regions: 608->0(608)
[2025-05-20T14:46:19.761+0000][gc,heap     ] GC(5) Survivor regions: 6->6(77)
[2025-05-20T14:46:19.761+0000][gc,heap     ] GC(5) Old regions: 14->14
[2025-05-20T14:46:19.761+0000][gc,heap     ] GC(5) Humongous regions: 10->10
[2025-05-20T14:46:19.761+0000][gc,metaspace] GC(5) Metaspace: 10642K(11008K)->10642K(11008K) NonClass: 9541K(9728K)->9541K(9728K) Class: 1101K(1280K)->1101K(1280K)
[2025-05-20T14:46:19.762+0000][gc          ] GC(5) Pause Young (Normal) (G1 Evacuation Pause) 637M->29M(1024M) 7.886ms
[2025-05-20T14:46:19.762+0000][gc,cpu      ] GC(5) User=0.04s Sys=0.00s Real=0.01s
[2025-05-20T14:46:42.204+0000][gc,start    ] GC(6) Pause Young (Normal) (G1 Evacuation Pause)
[2025-05-20T14:46:42.204+0000][gc,task     ] GC(6) Using 10 workers of 10 for evacuation
[2025-05-20T14:46:42.209+0000][gc,phases   ] GC(6)   Pre Evacuate Collection Set: 0.5ms
[2025-05-20T14:46:42.209+0000][gc,phases   ] GC(6)   Merge Heap Roots: 0.2ms
[2025-05-20T14:46:42.209+0000][gc,phases   ] GC(6)   Evacuate Collection Set: 2.8ms
[2025-05-20T14:46:42.209+0000][gc,phases   ] GC(6)   Post Evacuate Collection Set: 0.9ms
[2025-05-20T14:46:42.209+0000][gc,phases   ] GC(6)   Other: 0.3ms
[2025-05-20T14:46:42.210+0000][gc,heap     ] GC(6) Eden regions: 608->0(608)
[2025-05-20T14:46:42.210+0000][gc,heap     ] GC(6) Survivor regions: 6->6(77)
[2025-05-20T14:46:42.210+0000][gc,heap     ] GC(6) Old regions: 14->14
[2025-05-20T14:46:42.210+0000][gc,heap     ] GC(6) Humongous regions: 10->10
[2025-05-20T14:46:42.210+0000][gc,metaspace] GC(6) Metaspace: 10779K(11072K)->10779K(11072K) NonClass: 9671K(9792K)->9671K(9792K) Class: 1108K(1280K)->1108K(1280K)
[2025-05-20T14:46:42.210+0000][gc          ] GC(6) Pause Young (Normal) (G1 Evacuation Pause) 637M->29M(1024M) 6.242ms
[2025-05-20T14:46:42.210+0000][gc,cpu      ] GC(6) User=0.03s Sys=0.00s Real=0.01s
[2025-05-20T14:47:04.542+0000][gc,start    ] GC(7) Pause Young (Normal) (G1 Evacuation Pause)
[2025-05-20T14:47:04.543+0000][gc,task     ] GC(7) Using 10 workers of 10 for evacuation
[2025-05-20T14:47:04.549+0000][gc,phases   ] GC(7)   Pre Evacuate Collection Set: 0.7ms
[2025-05-20T14:47:04.549+0000][gc,phases   ] GC(7)   Merge Heap Roots: 0.3ms
[2025-05-20T14:47:04.549+0000][gc,phases   ] GC(7)   Evacuate Collection Set: 3.8ms
[2025-05-20T14:47:04.549+0000][gc,phases   ] GC(7)   Post Evacuate Collection Set: 1.2ms
[2025-05-20T14:47:04.550+0000][gc,phases   ] GC(7)   Other: 0.3ms
[2025-05-20T14:47:04.550+0000][gc,heap     ] GC(7) Eden regions: 608->0(608)
[2025-05-20T14:47:04.550+0000][gc,heap     ] GC(7) Survivor regions: 6->6(77)
[2025-05-20T14:47:04.550+0000][gc,heap     ] GC(7) Old regions: 14->14
[2025-05-20T14:47:04.550+0000][gc,heap     ] GC(7) Humongous regions: 10->10
[2025-05-20T14:47:04.550+0000][gc,metaspace] GC(7) Metaspace: 10857K(11200K)->10857K(11200K) NonClass: 9747K(9920K)->9747K(9920K) Class: 1110K(1280K)->1110K(1280K)
[2025-05-20T14:47:04.551+0000][gc          ] GC(7) Pause Young (Normal) (G1 Evacuation Pause) 637M->29M(1024M) 8.420ms
[2025-05-20T14:47:04.551+0000][gc,cpu      ] GC(7) User=0.04s Sys=0.00s Real=0.01s
[2025-05-20T14:47:17.185+0000][gc,heap,exit] Heap
[2025-05-20T14:47:17.185+0000][gc,heap,exit]  garbage-first heap   total 1048576K, used 335191K [0x00000000c0000000, 0x0000000100000000)
[2025-05-20T14:47:17.185+0000][gc,heap,exit]   region size 1024K, 304 young (311296K), 6 survivors (6144K)
[2025-05-20T14:47:17.185+0000][gc,heap,exit]  Metaspace       used 11259K, committed 11648K, reserved 1114112K
[2025-05-20T14:47:17.186+0000][gc,heap,exit]   class space    used 1194K, committed 1408K, reserved 1048576K
