[2025-05-21T14:13:11.843+0000][gc,init] CardTable entry size: 512
[2025-05-21T14:13:11.844+0000][gc     ] Using G1
[2025-05-21T14:13:11.876+0000][gc,init] Version: 21.0.4+7-LTS (release)
[2025-05-21T14:13:11.879+0000][gc,init] CPUs: 12 total, 12 available
[2025-05-21T14:13:11.881+0000][gc,init] Memory: 15597M
[2025-05-21T14:13:11.882+0000][gc,init] Large Page Support: Disabled
[2025-05-21T14:13:11.884+0000][gc,init] NUMA Support: Disabled
[2025-05-21T14:13:11.890+0000][gc,init] Compressed Oops: Enabled (32-bit)
[2025-05-21T14:13:11.891+0000][gc,init] Heap Region Size: 1M
[2025-05-21T14:13:11.891+0000][gc,init] Heap Min Capacity: 1G
[2025-05-21T14:13:11.891+0000][gc,init] Heap Initial Capacity: 1G
[2025-05-21T14:13:11.892+0000][gc,init] Heap Max Capacity: 1G
[2025-05-21T14:13:11.892+0000][gc,init] Pre-touch: Disabled
[2025-05-21T14:13:11.893+0000][gc,init] Parallel Workers: 10
[2025-05-21T14:13:11.894+0000][gc,init] Concurrent Workers: 3
[2025-05-21T14:13:11.895+0000][gc,init] Concurrent Refinement Workers: 10
[2025-05-21T14:13:11.895+0000][gc,init] Periodic GC: Disabled
[2025-05-21T14:13:12.006+0000][gc,metaspace] CDS archive(s) mapped at: [0x00007fa014000000-0x00007fa014bbe000-0x00007fa017674000), size 57098240, SharedBaseAddress: 0x00007fa014000000, ArchiveRelocationMode: 1.
[2025-05-21T14:13:12.006+0000][gc,metaspace] Compressed class space mapped at: 0x00007fa018000000-0x00007fa058000000, reserved size: 1073741824
[2025-05-21T14:13:12.006+0000][gc,metaspace] Narrow klass base: 0x00007fa014000000, Narrow klass shift: 0, Narrow klass range: 0x100000000
[2025-05-21T14:13:17.910+0000][gc,start    ] GC(0) Pause Young (Normal) (G1 Evacuation Pause)
[2025-05-21T14:13:17.971+0000][gc,task     ] GC(0) Using 10 workers of 10 for evacuation
[2025-05-21T14:13:18.055+0000][gc,phases   ] GC(0)   Pre Evacuate Collection Set: 0.4ms
[2025-05-21T14:13:18.057+0000][gc,phases   ] GC(0)   Merge Heap Roots: 0.7ms
[2025-05-21T14:13:18.058+0000][gc,phases   ] GC(0)   Evacuate Collection Set: 79.3ms
[2025-05-21T14:13:18.058+0000][gc,phases   ] GC(0)   Post Evacuate Collection Set: 2.4ms
[2025-05-21T14:13:18.058+0000][gc,phases   ] GC(0)   Other: 56.3ms
[2025-05-21T14:13:18.059+0000][gc,heap     ] GC(0) Eden regions: 51->0(44)
[2025-05-21T14:13:18.059+0000][gc,heap     ] GC(0) Survivor regions: 0->7(7)
[2025-05-21T14:13:18.059+0000][gc,heap     ] GC(0) Old regions: 1->6
[2025-05-21T14:13:18.059+0000][gc,heap     ] GC(0) Humongous regions: 1->1
[2025-05-21T14:13:18.060+0000][gc,metaspace] GC(0) Metaspace: 6127K(6336K)->6127K(6336K) NonClass: 5418K(5504K)->5418K(5504K) Class: 708K(832K)->708K(832K)
[2025-05-21T14:13:18.060+0000][gc          ] GC(0) Pause Young (Normal) (G1 Evacuation Pause) 52M->13M(1024M) 149.664ms
[2025-05-21T14:13:18.060+0000][gc,cpu      ] GC(0) User=0.05s Sys=0.04s Real=0.16s
[2025-05-21T14:13:23.935+0000][gc,start    ] GC(1) Pause Young (Normal) (G1 Evacuation Pause)
[2025-05-21T14:13:23.936+0000][gc,task     ] GC(1) Using 10 workers of 10 for evacuation
[2025-05-21T14:13:23.984+0000][gc,phases   ] GC(1)   Pre Evacuate Collection Set: 0.7ms
[2025-05-21T14:13:23.993+0000][gc,phases   ] GC(1)   Merge Heap Roots: 0.6ms
[2025-05-21T14:13:23.993+0000][gc,phases   ] GC(1)   Evacuate Collection Set: 33.1ms
[2025-05-21T14:13:23.993+0000][gc,phases   ] GC(1)   Post Evacuate Collection Set: 12.2ms
[2025-05-21T14:13:23.993+0000][gc,phases   ] GC(1)   Other: 1.3ms
[2025-05-21T14:13:23.994+0000][gc,heap     ] GC(1) Eden regions: 44->0(55)
[2025-05-21T14:13:24.001+0000][gc,heap     ] GC(1) Survivor regions: 7->4(7)
[2025-05-21T14:13:24.022+0000][gc,heap     ] GC(1) Old regions: 6->13
[2025-05-21T14:13:24.045+0000][gc,heap     ] GC(1) Humongous regions: 4->3
[2025-05-21T14:13:24.046+0000][gc,metaspace] GC(1) Metaspace: 8886K(9216K)->8886K(9216K) NonClass: 7843K(8000K)->7843K(8000K) Class: 1043K(1216K)->1043K(1216K)
[2025-05-21T14:13:24.054+0000][gc          ] GC(1) Pause Young (Normal) (G1 Evacuation Pause) 60M->19M(1024M) 118.957ms
[2025-05-21T14:13:24.055+0000][gc,cpu      ] GC(1) User=0.10s Sys=0.00s Real=0.11s
[2025-05-21T14:13:26.854+0000][gc,start    ] GC(2) Pause Young (Normal) (G1 Evacuation Pause)
[2025-05-21T14:13:26.854+0000][gc,task     ] GC(2) Using 10 workers of 10 for evacuation
[2025-05-21T14:13:26.881+0000][gc,phases   ] GC(2)   Pre Evacuate Collection Set: 0.4ms
[2025-05-21T14:13:26.881+0000][gc,phases   ] GC(2)   Merge Heap Roots: 0.1ms
[2025-05-21T14:13:26.881+0000][gc,phases   ] GC(2)   Evacuate Collection Set: 22.2ms
[2025-05-21T14:13:26.881+0000][gc,phases   ] GC(2)   Post Evacuate Collection Set: 1.6ms
[2025-05-21T14:13:26.882+0000][gc,phases   ] GC(2)   Other: 1.9ms
[2025-05-21T14:13:26.882+0000][gc,heap     ] GC(2) Eden regions: 61->0(608)
[2025-05-21T14:13:26.883+0000][gc,heap     ] GC(2) Survivor regions: 4->6(9)
[2025-05-21T14:13:26.883+0000][gc,heap     ] GC(2) Old regions: 13->13
[2025-05-21T14:13:26.883+0000][gc,heap     ] GC(2) Humongous regions: 3->2
[2025-05-21T14:13:26.884+0000][gc,metaspace] GC(2) Metaspace: 9295K(9664K)->9295K(9664K) NonClass: 8214K(8384K)->8214K(8384K) Class: 1081K(1280K)->1081K(1280K)
[2025-05-21T14:13:26.884+0000][gc          ] GC(2) Pause Young (Normal) (G1 Evacuation Pause) 80M->20M(1024M) 29.862ms
[2025-05-21T14:13:26.884+0000][gc,cpu      ] GC(2) User=0.06s Sys=0.01s Real=0.03s
[2025-05-21T14:14:35.550+0000][gc,start    ] GC(3) Pause Young (Normal) (G1 Evacuation Pause)
[2025-05-21T14:14:35.550+0000][gc,task     ] GC(3) Using 10 workers of 10 for evacuation
[2025-05-21T14:14:35.562+0000][gc,phases   ] GC(3)   Pre Evacuate Collection Set: 0.6ms
[2025-05-21T14:14:35.563+0000][gc,phases   ] GC(3)   Merge Heap Roots: 0.2ms
[2025-05-21T14:14:35.563+0000][gc,phases   ] GC(3)   Evacuate Collection Set: 8.1ms
[2025-05-21T14:14:35.563+0000][gc,phases   ] GC(3)   Post Evacuate Collection Set: 2.8ms
[2025-05-21T14:14:35.563+0000][gc,phases   ] GC(3)   Other: 0.4ms
[2025-05-21T14:14:35.563+0000][gc,heap     ] GC(3) Eden regions: 608->0(608)
[2025-05-21T14:14:35.563+0000][gc,heap     ] GC(3) Survivor regions: 6->6(77)
[2025-05-21T14:14:35.564+0000][gc,heap     ] GC(3) Old regions: 13->13
[2025-05-21T14:14:35.564+0000][gc,heap     ] GC(3) Humongous regions: 2->2
[2025-05-21T14:14:35.564+0000][gc,metaspace] GC(3) Metaspace: 10314K(10688K)->10314K(10688K) NonClass: 9207K(9408K)->9207K(9408K) Class: 1106K(1280K)->1106K(1280K)
[2025-05-21T14:14:35.564+0000][gc          ] GC(3) Pause Young (Normal) (G1 Evacuation Pause) 628M->20M(1024M) 14.418ms
[2025-05-21T14:14:35.564+0000][gc,cpu      ] GC(3) User=0.00s Sys=0.07s Real=0.02s
[2025-05-21T14:15:45.583+0000][gc,start    ] GC(4) Pause Young (Normal) (G1 Evacuation Pause)
[2025-05-21T14:15:45.584+0000][gc,task     ] GC(4) Using 10 workers of 10 for evacuation
[2025-05-21T14:15:45.630+0000][gc,phases   ] GC(4)   Pre Evacuate Collection Set: 4.5ms
[2025-05-21T14:15:45.632+0000][gc,phases   ] GC(4)   Merge Heap Roots: 0.4ms
[2025-05-21T14:15:45.633+0000][gc,phases   ] GC(4)   Evacuate Collection Set: 25.1ms
[2025-05-21T14:15:45.633+0000][gc,phases   ] GC(4)   Post Evacuate Collection Set: 16.2ms
[2025-05-21T14:15:45.638+0000][gc,phases   ] GC(4)   Other: 0.6ms
[2025-05-21T14:15:45.639+0000][gc,heap     ] GC(4) Eden regions: 608->0(609)
[2025-05-21T14:15:45.640+0000][gc,heap     ] GC(4) Survivor regions: 6->5(77)
[2025-05-21T14:15:45.641+0000][gc,heap     ] GC(4) Old regions: 13->13
[2025-05-21T14:15:45.641+0000][gc,heap     ] GC(4) Humongous regions: 2->2
[2025-05-21T14:15:45.641+0000][gc,metaspace] GC(4) Metaspace: 10685K(11008K)->10685K(11008K) NonClass: 9575K(9728K)->9575K(9728K) Class: 1110K(1280K)->1110K(1280K)
[2025-05-21T14:15:45.642+0000][gc          ] GC(4) Pause Young (Normal) (G1 Evacuation Pause) 628M->19M(1024M) 58.796ms
[2025-05-21T14:15:45.642+0000][gc,cpu      ] GC(4) User=0.06s Sys=0.01s Real=0.06s
[2025-05-21T14:16:45.708+0000][gc,start    ] GC(5) Pause Young (Normal) (G1 Evacuation Pause)
[2025-05-21T14:16:45.709+0000][gc,task     ] GC(5) Using 10 workers of 10 for evacuation
[2025-05-21T14:16:45.714+0000][gc,phases   ] GC(5)   Pre Evacuate Collection Set: 0.5ms
[2025-05-21T14:16:45.714+0000][gc,phases   ] GC(5)   Merge Heap Roots: 0.2ms
[2025-05-21T14:16:45.714+0000][gc,phases   ] GC(5)   Evacuate Collection Set: 2.7ms
[2025-05-21T14:16:45.715+0000][gc,phases   ] GC(5)   Post Evacuate Collection Set: 1.6ms
[2025-05-21T14:16:45.715+0000][gc,phases   ] GC(5)   Other: 0.3ms
[2025-05-21T14:16:45.715+0000][gc,heap     ] GC(5) Eden regions: 609->0(607)
[2025-05-21T14:16:45.715+0000][gc,heap     ] GC(5) Survivor regions: 5->7(77)
[2025-05-21T14:16:45.715+0000][gc,heap     ] GC(5) Old regions: 13->13
[2025-05-21T14:16:45.715+0000][gc,heap     ] GC(5) Humongous regions: 2->2
[2025-05-21T14:16:45.715+0000][gc,metaspace] GC(5) Metaspace: 10903K(11200K)->10903K(11200K) NonClass: 9785K(9920K)->9785K(9920K) Class: 1118K(1280K)->1118K(1280K)
[2025-05-21T14:16:45.716+0000][gc          ] GC(5) Pause Young (Normal) (G1 Evacuation Pause) 628M->21M(1024M) 7.148ms
[2025-05-21T14:16:45.716+0000][gc,cpu      ] GC(5) User=0.02s Sys=0.00s Real=0.00s
[2025-05-21T14:17:55.633+0000][gc,start    ] GC(6) Pause Young (Normal) (G1 Evacuation Pause)
[2025-05-21T14:17:55.633+0000][gc,task     ] GC(6) Using 10 workers of 10 for evacuation
[2025-05-21T14:17:55.638+0000][gc,phases   ] GC(6)   Pre Evacuate Collection Set: 0.3ms
[2025-05-21T14:17:55.638+0000][gc,phases   ] GC(6)   Merge Heap Roots: 0.2ms
[2025-05-21T14:17:55.639+0000][gc,phases   ] GC(6)   Evacuate Collection Set: 2.5ms
[2025-05-21T14:17:55.639+0000][gc,phases   ] GC(6)   Post Evacuate Collection Set: 1.2ms
[2025-05-21T14:17:55.639+0000][gc,phases   ] GC(6)   Other: 0.3ms
[2025-05-21T14:17:55.639+0000][gc,heap     ] GC(6) Eden regions: 607->0(607)
[2025-05-21T14:17:55.639+0000][gc,heap     ] GC(6) Survivor regions: 7->7(77)
[2025-05-21T14:17:55.639+0000][gc,heap     ] GC(6) Old regions: 13->13
[2025-05-21T14:17:55.639+0000][gc,heap     ] GC(6) Humongous regions: 2->2
[2025-05-21T14:17:55.640+0000][gc,metaspace] GC(6) Metaspace: 11061K(11456K)->11061K(11456K) NonClass: 9941K(10112K)->9941K(10112K) Class: 1120K(1344K)->1120K(1344K)
[2025-05-21T14:17:55.640+0000][gc          ] GC(6) Pause Young (Normal) (G1 Evacuation Pause) 628M->21M(1024M) 6.744ms
[2025-05-21T14:17:55.640+0000][gc,cpu      ] GC(6) User=0.04s Sys=0.00s Real=0.01s
[2025-05-21T14:19:05.581+0000][gc,start    ] GC(7) Pause Young (Normal) (G1 Evacuation Pause)
[2025-05-21T14:19:05.582+0000][gc,task     ] GC(7) Using 10 workers of 10 for evacuation
[2025-05-21T14:19:05.586+0000][gc,phases   ] GC(7)   Pre Evacuate Collection Set: 0.3ms
[2025-05-21T14:19:05.587+0000][gc,phases   ] GC(7)   Merge Heap Roots: 0.2ms
[2025-05-21T14:19:05.587+0000][gc,phases   ] GC(7)   Evacuate Collection Set: 2.7ms
[2025-05-21T14:19:05.587+0000][gc,phases   ] GC(7)   Post Evacuate Collection Set: 1.0ms
[2025-05-21T14:19:05.587+0000][gc,phases   ] GC(7)   Other: 0.3ms
[2025-05-21T14:19:05.587+0000][gc,heap     ] GC(7) Eden regions: 607->0(607)
[2025-05-21T14:19:05.587+0000][gc,heap     ] GC(7) Survivor regions: 7->7(77)
[2025-05-21T14:19:05.587+0000][gc,heap     ] GC(7) Old regions: 13->13
[2025-05-21T14:19:05.587+0000][gc,heap     ] GC(7) Humongous regions: 2->2
[2025-05-21T14:19:05.588+0000][gc,metaspace] GC(7) Metaspace: 11107K(11456K)->11107K(11456K) NonClass: 9985K(10112K)->9985K(10112K) Class: 1122K(1344K)->1122K(1344K)
[2025-05-21T14:19:05.588+0000][gc          ] GC(7) Pause Young (Normal) (G1 Evacuation Pause) 628M->21M(1024M) 6.385ms
[2025-05-21T14:19:05.589+0000][gc,cpu      ] GC(7) User=0.03s Sys=0.00s Real=0.01s
[2025-05-21T14:20:15.535+0000][gc,start    ] GC(8) Pause Young (Normal) (G1 Evacuation Pause)
[2025-05-21T14:20:15.535+0000][gc,task     ] GC(8) Using 10 workers of 10 for evacuation
[2025-05-21T14:20:15.539+0000][gc,phases   ] GC(8)   Pre Evacuate Collection Set: 0.3ms
[2025-05-21T14:20:15.539+0000][gc,phases   ] GC(8)   Merge Heap Roots: 0.3ms
[2025-05-21T14:20:15.540+0000][gc,phases   ] GC(8)   Evacuate Collection Set: 2.4ms
[2025-05-21T14:20:15.540+0000][gc,phases   ] GC(8)   Post Evacuate Collection Set: 1.1ms
[2025-05-21T14:20:15.540+0000][gc,phases   ] GC(8)   Other: 0.3ms
[2025-05-21T14:20:15.540+0000][gc,heap     ] GC(8) Eden regions: 607->0(608)
[2025-05-21T14:20:15.540+0000][gc,heap     ] GC(8) Survivor regions: 7->6(77)
[2025-05-21T14:20:15.540+0000][gc,heap     ] GC(8) Old regions: 13->13
[2025-05-21T14:20:15.541+0000][gc,heap     ] GC(8) Humongous regions: 2->2
[2025-05-21T14:20:15.541+0000][gc,metaspace] GC(8) Metaspace: 11149K(11584K)->11149K(11584K) NonClass: 10026K(10240K)->10026K(10240K) Class: 1122K(1344K)->1122K(1344K)
[2025-05-21T14:20:15.541+0000][gc          ] GC(8) Pause Young (Normal) (G1 Evacuation Pause) 628M->20M(1024M) 6.381ms
[2025-05-21T14:20:15.541+0000][gc,cpu      ] GC(8) User=0.02s Sys=0.00s Real=0.00s
[2025-05-21T14:21:25.507+0000][gc,start    ] GC(9) Pause Young (Normal) (G1 Evacuation Pause)
[2025-05-21T14:21:25.507+0000][gc,task     ] GC(9) Using 10 workers of 10 for evacuation
[2025-05-21T14:21:25.514+0000][gc,phases   ] GC(9)   Pre Evacuate Collection Set: 0.5ms
[2025-05-21T14:21:25.514+0000][gc,phases   ] GC(9)   Merge Heap Roots: 0.2ms
[2025-05-21T14:21:25.514+0000][gc,phases   ] GC(9)   Evacuate Collection Set: 2.6ms
[2025-05-21T14:21:25.514+0000][gc,phases   ] GC(9)   Post Evacuate Collection Set: 2.7ms
[2025-05-21T14:21:25.515+0000][gc,phases   ] GC(9)   Other: 0.3ms
[2025-05-21T14:21:25.515+0000][gc,heap     ] GC(9) Eden regions: 608->0(608)
[2025-05-21T14:21:25.515+0000][gc,heap     ] GC(9) Survivor regions: 6->6(77)
[2025-05-21T14:21:25.515+0000][gc,heap     ] GC(9) Old regions: 13->13
[2025-05-21T14:21:25.515+0000][gc,heap     ] GC(9) Humongous regions: 2->2
[2025-05-21T14:21:25.515+0000][gc,metaspace] GC(9) Metaspace: 11195K(11584K)->11195K(11584K) NonClass: 10069K(10240K)->10069K(10240K) Class: 1126K(1344K)->1126K(1344K)
[2025-05-21T14:21:25.516+0000][gc          ] GC(9) Pause Young (Normal) (G1 Evacuation Pause) 628M->20M(1024M) 8.771ms
[2025-05-21T14:21:25.516+0000][gc,cpu      ] GC(9) User=0.00s Sys=0.03s Real=0.01s
[2025-05-21T14:22:35.397+0000][gc,start    ] GC(10) Pause Young (Normal) (G1 Evacuation Pause)
[2025-05-21T14:22:35.398+0000][gc,task     ] GC(10) Using 10 workers of 10 for evacuation
[2025-05-21T14:22:35.411+0000][gc,phases   ] GC(10)   Pre Evacuate Collection Set: 1.1ms
[2025-05-21T14:22:35.412+0000][gc,phases   ] GC(10)   Merge Heap Roots: 0.4ms
[2025-05-21T14:22:35.412+0000][gc,phases   ] GC(10)   Evacuate Collection Set: 7.1ms
[2025-05-21T14:22:35.412+0000][gc,phases   ] GC(10)   Post Evacuate Collection Set: 3.9ms
[2025-05-21T14:22:35.413+0000][gc,phases   ] GC(10)   Other: 1.2ms
[2025-05-21T14:22:35.413+0000][gc,heap     ] GC(10) Eden regions: 608->0(608)
[2025-05-21T14:22:35.413+0000][gc,heap     ] GC(10) Survivor regions: 6->6(77)
[2025-05-21T14:22:35.413+0000][gc,heap     ] GC(10) Old regions: 13->13
[2025-05-21T14:22:35.414+0000][gc,heap     ] GC(10) Humongous regions: 2->2
[2025-05-21T14:22:35.415+0000][gc,metaspace] GC(10) Metaspace: 11232K(11648K)->11232K(11648K) NonClass: 10105K(10304K)->10105K(10304K) Class: 1126K(1344K)->1126K(1344K)
[2025-05-21T14:22:35.415+0000][gc          ] GC(10) Pause Young (Normal) (G1 Evacuation Pause) 628M->19M(1024M) 18.214ms
[2025-05-21T14:22:35.416+0000][gc,cpu      ] GC(10) User=0.01s Sys=0.02s Real=0.01s
[2025-05-21T14:23:36.037+0000][gc,start    ] GC(11) Pause Young (Normal) (G1 Evacuation Pause)
[2025-05-21T14:23:36.038+0000][gc,task     ] GC(11) Using 10 workers of 10 for evacuation
[2025-05-21T14:23:36.046+0000][gc,phases   ] GC(11)   Pre Evacuate Collection Set: 0.7ms
[2025-05-21T14:23:36.046+0000][gc,phases   ] GC(11)   Merge Heap Roots: 0.2ms
[2025-05-21T14:23:36.046+0000][gc,phases   ] GC(11)   Evacuate Collection Set: 4.1ms
[2025-05-21T14:23:36.047+0000][gc,phases   ] GC(11)   Post Evacuate Collection Set: 3.1ms
[2025-05-21T14:23:36.047+0000][gc,phases   ] GC(11)   Other: 0.3ms
[2025-05-21T14:23:36.047+0000][gc,heap     ] GC(11) Eden regions: 608->0(607)
[2025-05-21T14:23:36.047+0000][gc,heap     ] GC(11) Survivor regions: 6->7(77)
[2025-05-21T14:23:36.047+0000][gc,heap     ] GC(11) Old regions: 13->13
[2025-05-21T14:23:36.048+0000][gc,heap     ] GC(11) Humongous regions: 2->2
[2025-05-21T14:23:36.048+0000][gc,metaspace] GC(11) Metaspace: 11258K(11648K)->11258K(11648K) NonClass: 10132K(10304K)->10132K(10304K) Class: 1126K(1344K)->1126K(1344K)
[2025-05-21T14:23:36.048+0000][gc          ] GC(11) Pause Young (Normal) (G1 Evacuation Pause) 627M->21M(1024M) 11.131ms
[2025-05-21T14:23:36.049+0000][gc,cpu      ] GC(11) User=0.03s Sys=0.02s Real=0.01s
[2025-05-21T14:24:45.908+0000][gc,start    ] GC(12) Pause Young (Normal) (G1 Evacuation Pause)
[2025-05-21T14:24:45.911+0000][gc,task     ] GC(12) Using 10 workers of 10 for evacuation
[2025-05-21T14:24:45.929+0000][gc,phases   ] GC(12)   Pre Evacuate Collection Set: 1.3ms
[2025-05-21T14:24:45.929+0000][gc,phases   ] GC(12)   Merge Heap Roots: 1.0ms
[2025-05-21T14:24:45.930+0000][gc,phases   ] GC(12)   Evacuate Collection Set: 9.2ms
[2025-05-21T14:24:45.930+0000][gc,phases   ] GC(12)   Post Evacuate Collection Set: 3.6ms
[2025-05-21T14:24:45.930+0000][gc,phases   ] GC(12)   Other: 2.0ms
[2025-05-21T14:24:45.931+0000][gc,heap     ] GC(12) Eden regions: 607->0(607)
[2025-05-21T14:24:45.932+0000][gc,heap     ] GC(12) Survivor regions: 7->7(77)
[2025-05-21T14:24:45.933+0000][gc,heap     ] GC(12) Old regions: 13->13
[2025-05-21T14:24:45.933+0000][gc,heap     ] GC(12) Humongous regions: 2->2
[2025-05-21T14:24:45.934+0000][gc,metaspace] GC(12) Metaspace: 11338K(11712K)->11338K(11712K) NonClass: 10207K(10368K)->10207K(10368K) Class: 1130K(1344K)->1130K(1344K)
[2025-05-21T14:24:45.934+0000][gc          ] GC(12) Pause Young (Normal) (G1 Evacuation Pause) 628M->21M(1024M) 25.957ms
[2025-05-21T14:24:45.935+0000][gc,cpu      ] GC(12) User=0.04s Sys=0.00s Real=0.03s
[2025-05-21T14:25:55.791+0000][gc,start    ] GC(13) Pause Young (Normal) (G1 Evacuation Pause)
[2025-05-21T14:25:55.792+0000][gc,task     ] GC(13) Using 10 workers of 10 for evacuation
[2025-05-21T14:25:55.799+0000][gc,phases   ] GC(13)   Pre Evacuate Collection Set: 0.7ms
[2025-05-21T14:25:55.800+0000][gc,phases   ] GC(13)   Merge Heap Roots: 0.2ms
[2025-05-21T14:25:55.800+0000][gc,phases   ] GC(13)   Evacuate Collection Set: 3.1ms
[2025-05-21T14:25:55.800+0000][gc,phases   ] GC(13)   Post Evacuate Collection Set: 3.1ms
[2025-05-21T14:25:55.800+0000][gc,phases   ] GC(13)   Other: 0.6ms
[2025-05-21T14:25:55.800+0000][gc,heap     ] GC(13) Eden regions: 607->0(607)
[2025-05-21T14:25:55.801+0000][gc,heap     ] GC(13) Survivor regions: 7->7(77)
[2025-05-21T14:25:55.801+0000][gc,heap     ] GC(13) Old regions: 13->13
[2025-05-21T14:25:55.801+0000][gc,heap     ] GC(13) Humongous regions: 2->2
[2025-05-21T14:25:55.801+0000][gc,metaspace] GC(13) Metaspace: 11355K(11776K)->11355K(11776K) NonClass: 10224K(10432K)->10224K(10432K) Class: 1131K(1344K)->1131K(1344K)
[2025-05-21T14:25:55.802+0000][gc          ] GC(13) Pause Young (Normal) (G1 Evacuation Pause) 628M->20M(1024M) 10.118ms
[2025-05-21T14:25:55.802+0000][gc,cpu      ] GC(13) User=0.03s Sys=0.01s Real=0.01s
[2025-05-21T14:27:05.492+0000][gc,start    ] GC(14) Pause Young (Normal) (G1 Evacuation Pause)
[2025-05-21T14:27:05.492+0000][gc,task     ] GC(14) Using 10 workers of 10 for evacuation
[2025-05-21T14:27:05.498+0000][gc,phases   ] GC(14)   Pre Evacuate Collection Set: 0.4ms
[2025-05-21T14:27:05.498+0000][gc,phases   ] GC(14)   Merge Heap Roots: 0.3ms
[2025-05-21T14:27:05.498+0000][gc,phases   ] GC(14)   Evacuate Collection Set: 2.8ms
[2025-05-21T14:27:05.498+0000][gc,phases   ] GC(14)   Post Evacuate Collection Set: 2.0ms
[2025-05-21T14:27:05.499+0000][gc,phases   ] GC(14)   Other: 0.3ms
[2025-05-21T14:27:05.499+0000][gc,heap     ] GC(14) Eden regions: 607->0(608)
[2025-05-21T14:27:05.499+0000][gc,heap     ] GC(14) Survivor regions: 7->6(77)
[2025-05-21T14:27:05.499+0000][gc,heap     ] GC(14) Old regions: 13->13
[2025-05-21T14:27:05.499+0000][gc,heap     ] GC(14) Humongous regions: 2->2
[2025-05-21T14:27:05.499+0000][gc,metaspace] GC(14) Metaspace: 11368K(11776K)->11368K(11776K) NonClass: 10237K(10432K)->10237K(10432K) Class: 1131K(1344K)->1131K(1344K)
[2025-05-21T14:27:05.500+0000][gc          ] GC(14) Pause Young (Normal) (G1 Evacuation Pause) 627M->20M(1024M) 7.720ms
[2025-05-21T14:27:05.500+0000][gc,cpu      ] GC(14) User=0.02s Sys=0.01s Real=0.01s
[2025-05-21T14:28:15.455+0000][gc,start    ] GC(15) Pause Young (Normal) (G1 Evacuation Pause)
[2025-05-21T14:28:15.455+0000][gc,task     ] GC(15) Using 10 workers of 10 for evacuation
[2025-05-21T14:28:15.460+0000][gc,phases   ] GC(15)   Pre Evacuate Collection Set: 0.4ms
[2025-05-21T14:28:15.460+0000][gc,phases   ] GC(15)   Merge Heap Roots: 0.3ms
[2025-05-21T14:28:15.460+0000][gc,phases   ] GC(15)   Evacuate Collection Set: 2.7ms
[2025-05-21T14:28:15.461+0000][gc,phases   ] GC(15)   Post Evacuate Collection Set: 1.2ms
[2025-05-21T14:28:15.461+0000][gc,phases   ] GC(15)   Other: 0.3ms
[2025-05-21T14:28:15.461+0000][gc,heap     ] GC(15) Eden regions: 608->0(608)
[2025-05-21T14:28:15.461+0000][gc,heap     ] GC(15) Survivor regions: 6->6(77)
[2025-05-21T14:28:15.462+0000][gc,heap     ] GC(15) Old regions: 13->13
[2025-05-21T14:28:15.462+0000][gc,heap     ] GC(15) Humongous regions: 2->2
[2025-05-21T14:28:15.462+0000][gc,metaspace] GC(15) Metaspace: 11406K(11776K)->11406K(11776K) NonClass: 10274K(10432K)->10274K(10432K) Class: 1131K(1344K)->1131K(1344K)
[2025-05-21T14:28:15.462+0000][gc          ] GC(15) Pause Young (Normal) (G1 Evacuation Pause) 628M->20M(1024M) 7.427ms
[2025-05-21T14:28:15.462+0000][gc,cpu      ] GC(15) User=0.03s Sys=0.01s Real=0.00s
[2025-05-21T14:29:25.390+0000][gc,start    ] GC(16) Pause Young (Normal) (G1 Evacuation Pause)
[2025-05-21T14:29:25.391+0000][gc,task     ] GC(16) Using 10 workers of 10 for evacuation
[2025-05-21T14:29:25.398+0000][gc,phases   ] GC(16)   Pre Evacuate Collection Set: 0.5ms
[2025-05-21T14:29:25.399+0000][gc,phases   ] GC(16)   Merge Heap Roots: 0.4ms
[2025-05-21T14:29:25.399+0000][gc,phases   ] GC(16)   Evacuate Collection Set: 5.2ms
[2025-05-21T14:29:25.399+0000][gc,phases   ] GC(16)   Post Evacuate Collection Set: 1.3ms
[2025-05-21T14:29:25.399+0000][gc,phases   ] GC(16)   Other: 0.5ms
[2025-05-21T14:29:25.399+0000][gc,heap     ] GC(16) Eden regions: 608->0(611)
[2025-05-21T14:29:25.400+0000][gc,heap     ] GC(16) Survivor regions: 6->3(77)
[2025-05-21T14:29:25.400+0000][gc,heap     ] GC(16) Old regions: 13->16
[2025-05-21T14:29:25.400+0000][gc,heap     ] GC(16) Humongous regions: 2->2
[2025-05-21T14:29:25.400+0000][gc,metaspace] GC(16) Metaspace: 11434K(11776K)->11434K(11776K) NonClass: 10302K(10432K)->10302K(10432K) Class: 1131K(1344K)->1131K(1344K)
[2025-05-21T14:29:25.401+0000][gc          ] GC(16) Pause Young (Normal) (G1 Evacuation Pause) 628M->20M(1024M) 10.134ms
[2025-05-21T14:29:25.401+0000][gc,cpu      ] GC(16) User=0.04s Sys=0.01s Real=0.01s
[2025-05-21T14:30:25.822+0000][gc,start    ] GC(17) Pause Young (Normal) (G1 Evacuation Pause)
[2025-05-21T14:30:25.823+0000][gc,task     ] GC(17) Using 10 workers of 10 for evacuation
[2025-05-21T14:30:25.834+0000][gc,phases   ] GC(17)   Pre Evacuate Collection Set: 0.6ms
[2025-05-21T14:30:25.834+0000][gc,phases   ] GC(17)   Merge Heap Roots: 0.2ms
[2025-05-21T14:30:25.834+0000][gc,phases   ] GC(17)   Evacuate Collection Set: 7.3ms
[2025-05-21T14:30:25.835+0000][gc,phases   ] GC(17)   Post Evacuate Collection Set: 2.4ms
[2025-05-21T14:30:25.835+0000][gc,phases   ] GC(17)   Other: 0.8ms
[2025-05-21T14:30:25.835+0000][gc,heap     ] GC(17) Eden regions: 611->0(611)
[2025-05-21T14:30:25.836+0000][gc,heap     ] GC(17) Survivor regions: 3->3(77)
[2025-05-21T14:30:25.836+0000][gc,heap     ] GC(17) Old regions: 16->17
[2025-05-21T14:30:25.836+0000][gc,heap     ] GC(17) Humongous regions: 2->2
[2025-05-21T14:30:25.837+0000][gc,metaspace] GC(17) Metaspace: 11475K(11904K)->11475K(11904K) NonClass: 10342K(10560K)->10342K(10560K) Class: 1132K(1344K)->1132K(1344K)
[2025-05-21T14:30:25.837+0000][gc          ] GC(17) Pause Young (Normal) (G1 Evacuation Pause) 631M->21M(1024M) 15.024ms
[2025-05-21T14:30:25.837+0000][gc,cpu      ] GC(17) User=0.01s Sys=0.01s Real=0.02s
[2025-05-21T14:31:35.710+0000][gc,start    ] GC(18) Pause Young (Normal) (G1 Evacuation Pause)
[2025-05-21T14:31:35.710+0000][gc,task     ] GC(18) Using 10 workers of 10 for evacuation
[2025-05-21T14:31:35.718+0000][gc,phases   ] GC(18)   Pre Evacuate Collection Set: 0.5ms
[2025-05-21T14:31:35.718+0000][gc,phases   ] GC(18)   Merge Heap Roots: 0.2ms
[2025-05-21T14:31:35.718+0000][gc,phases   ] GC(18)   Evacuate Collection Set: 5.0ms
[2025-05-21T14:31:35.718+0000][gc,phases   ] GC(18)   Post Evacuate Collection Set: 1.4ms
[2025-05-21T14:31:35.719+0000][gc,phases   ] GC(18)   Other: 0.5ms
[2025-05-21T14:31:35.719+0000][gc,heap     ] GC(18) Eden regions: 611->0(611)
[2025-05-21T14:31:35.719+0000][gc,heap     ] GC(18) Survivor regions: 3->3(77)
[2025-05-21T14:31:35.719+0000][gc,heap     ] GC(18) Old regions: 17->18
[2025-05-21T14:31:35.719+0000][gc,heap     ] GC(18) Humongous regions: 2->2
[2025-05-21T14:31:35.720+0000][gc,metaspace] GC(18) Metaspace: 11498K(11904K)->11498K(11904K) NonClass: 10366K(10560K)->10366K(10560K) Class: 1132K(1344K)->1132K(1344K)
[2025-05-21T14:31:35.720+0000][gc          ] GC(18) Pause Young (Normal) (G1 Evacuation Pause) 632M->21M(1024M) 9.870ms
[2025-05-21T14:31:35.720+0000][gc,cpu      ] GC(18) User=0.03s Sys=0.01s Real=0.01s
[2025-05-21T14:32:45.598+0000][gc,start    ] GC(19) Pause Young (Normal) (G1 Evacuation Pause)
[2025-05-21T14:32:45.598+0000][gc,task     ] GC(19) Using 10 workers of 10 for evacuation
[2025-05-21T14:32:45.601+0000][gc,phases   ] GC(19)   Pre Evacuate Collection Set: 0.4ms
[2025-05-21T14:32:45.602+0000][gc,phases   ] GC(19)   Merge Heap Roots: 0.2ms
[2025-05-21T14:32:45.602+0000][gc,phases   ] GC(19)   Evacuate Collection Set: 1.5ms
[2025-05-21T14:32:45.602+0000][gc,phases   ] GC(19)   Post Evacuate Collection Set: 1.0ms
[2025-05-21T14:32:45.602+0000][gc,phases   ] GC(19)   Other: 0.2ms
[2025-05-21T14:32:45.602+0000][gc,heap     ] GC(19) Eden regions: 611->0(611)
[2025-05-21T14:32:45.602+0000][gc,heap     ] GC(19) Survivor regions: 3->3(77)
[2025-05-21T14:32:45.602+0000][gc,heap     ] GC(19) Old regions: 18->18
[2025-05-21T14:32:45.602+0000][gc,heap     ] GC(19) Humongous regions: 2->2
[2025-05-21T14:32:45.602+0000][gc,metaspace] GC(19) Metaspace: 11509K(11904K)->11509K(11904K) NonClass: 10377K(10560K)->10377K(10560K) Class: 1132K(1344K)->1132K(1344K)
[2025-05-21T14:32:45.603+0000][gc          ] GC(19) Pause Young (Normal) (G1 Evacuation Pause) 632M->21M(1024M) 4.891ms
[2025-05-21T14:32:45.603+0000][gc,cpu      ] GC(19) User=0.02s Sys=0.00s Real=0.01s
[2025-05-21T14:33:55.541+0000][gc,start    ] GC(20) Pause Young (Normal) (G1 Evacuation Pause)
[2025-05-21T14:33:55.541+0000][gc,task     ] GC(20) Using 10 workers of 10 for evacuation
[2025-05-21T14:33:55.544+0000][gc,phases   ] GC(20)   Pre Evacuate Collection Set: 0.6ms
[2025-05-21T14:33:55.545+0000][gc,phases   ] GC(20)   Merge Heap Roots: 0.2ms
[2025-05-21T14:33:55.545+0000][gc,phases   ] GC(20)   Evacuate Collection Set: 1.1ms
[2025-05-21T14:33:55.545+0000][gc,phases   ] GC(20)   Post Evacuate Collection Set: 0.9ms
[2025-05-21T14:33:55.545+0000][gc,phases   ] GC(20)   Other: 0.3ms
[2025-05-21T14:33:55.545+0000][gc,heap     ] GC(20) Eden regions: 611->0(612)
[2025-05-21T14:33:55.545+0000][gc,heap     ] GC(20) Survivor regions: 3->2(77)
[2025-05-21T14:33:55.545+0000][gc,heap     ] GC(20) Old regions: 18->18
[2025-05-21T14:33:55.545+0000][gc,heap     ] GC(20) Humongous regions: 2->2
[2025-05-21T14:33:55.546+0000][gc,metaspace] GC(20) Metaspace: 11548K(11904K)->11548K(11904K) NonClass: 10415K(10560K)->10415K(10560K) Class: 1132K(1344K)->1132K(1344K)
[2025-05-21T14:33:55.546+0000][gc          ] GC(20) Pause Young (Normal) (G1 Evacuation Pause) 632M->21M(1024M) 4.958ms
[2025-05-21T14:33:55.546+0000][gc,cpu      ] GC(20) User=0.01s Sys=0.00s Real=0.01s
[2025-05-21T14:35:05.643+0000][gc,start    ] GC(21) Pause Young (Normal) (G1 Evacuation Pause)
[2025-05-21T14:35:05.643+0000][gc,task     ] GC(21) Using 10 workers of 10 for evacuation
[2025-05-21T14:35:05.647+0000][gc,phases   ] GC(21)   Pre Evacuate Collection Set: 0.4ms
[2025-05-21T14:35:05.647+0000][gc,phases   ] GC(21)   Merge Heap Roots: 0.2ms
[2025-05-21T14:35:05.647+0000][gc,phases   ] GC(21)   Evacuate Collection Set: 1.3ms
[2025-05-21T14:35:05.647+0000][gc,phases   ] GC(21)   Post Evacuate Collection Set: 1.1ms
[2025-05-21T14:35:05.648+0000][gc,phases   ] GC(21)   Other: 0.4ms
[2025-05-21T14:35:05.648+0000][gc,heap     ] GC(21) Eden regions: 612->0(612)
[2025-05-21T14:35:05.648+0000][gc,heap     ] GC(21) Survivor regions: 2->2(77)
[2025-05-21T14:35:05.648+0000][gc,heap     ] GC(21) Old regions: 18->18
[2025-05-21T14:35:05.649+0000][gc,heap     ] GC(21) Humongous regions: 2->2
[2025-05-21T14:35:05.649+0000][gc,metaspace] GC(21) Metaspace: 11787K(12224K)->11787K(12224K) NonClass: 10619K(10816K)->10619K(10816K) Class: 1167K(1408K)->1167K(1408K)
[2025-05-21T14:35:05.650+0000][gc          ] GC(21) Pause Young (Normal) (G1 Evacuation Pause) 633M->21M(1024M) 6.400ms
[2025-05-21T14:35:05.650+0000][gc,cpu      ] GC(21) User=0.01s Sys=0.00s Real=0.00s
[2025-05-21T14:36:15.474+0000][gc,start    ] GC(22) Pause Young (Normal) (G1 Evacuation Pause)
[2025-05-21T14:36:15.474+0000][gc,task     ] GC(22) Using 10 workers of 10 for evacuation
[2025-05-21T14:36:15.478+0000][gc,phases   ] GC(22)   Pre Evacuate Collection Set: 0.5ms
[2025-05-21T14:36:15.478+0000][gc,phases   ] GC(22)   Merge Heap Roots: 0.3ms
[2025-05-21T14:36:15.478+0000][gc,phases   ] GC(22)   Evacuate Collection Set: 1.5ms
[2025-05-21T14:36:15.478+0000][gc,phases   ] GC(22)   Post Evacuate Collection Set: 1.1ms
[2025-05-21T14:36:15.478+0000][gc,phases   ] GC(22)   Other: 0.3ms
[2025-05-21T14:36:15.479+0000][gc,heap     ] GC(22) Eden regions: 612->0(612)
[2025-05-21T14:36:15.479+0000][gc,heap     ] GC(22) Survivor regions: 2->2(77)
[2025-05-21T14:36:15.479+0000][gc,heap     ] GC(22) Old regions: 18->18
[2025-05-21T14:36:15.479+0000][gc,heap     ] GC(22) Humongous regions: 2->2
[2025-05-21T14:36:15.479+0000][gc,metaspace] GC(22) Metaspace: 11793K(12224K)->11793K(12224K) NonClass: 10626K(10816K)->10626K(10816K) Class: 1167K(1408K)->1167K(1408K)
[2025-05-21T14:36:15.479+0000][gc          ] GC(22) Pause Young (Normal) (G1 Evacuation Pause) 633M->20M(1024M) 5.802ms
[2025-05-21T14:36:15.480+0000][gc,cpu      ] GC(22) User=0.01s Sys=0.01s Real=0.01s
[2025-05-21T14:37:25.439+0000][gc,start    ] GC(23) Pause Young (Normal) (G1 Evacuation Pause)
[2025-05-21T14:37:25.439+0000][gc,task     ] GC(23) Using 10 workers of 10 for evacuation
[2025-05-21T14:37:25.442+0000][gc,phases   ] GC(23)   Pre Evacuate Collection Set: 0.4ms
[2025-05-21T14:37:25.442+0000][gc,phases   ] GC(23)   Merge Heap Roots: 0.2ms
[2025-05-21T14:37:25.442+0000][gc,phases   ] GC(23)   Evacuate Collection Set: 0.8ms
[2025-05-21T14:37:25.442+0000][gc,phases   ] GC(23)   Post Evacuate Collection Set: 1.0ms
[2025-05-21T14:37:25.443+0000][gc,phases   ] GC(23)   Other: 0.2ms
[2025-05-21T14:37:25.443+0000][gc,heap     ] GC(23) Eden regions: 612->0(612)
[2025-05-21T14:37:25.443+0000][gc,heap     ] GC(23) Survivor regions: 2->2(77)
[2025-05-21T14:37:25.443+0000][gc,heap     ] GC(23) Old regions: 18->18
[2025-05-21T14:37:25.443+0000][gc,heap     ] GC(23) Humongous regions: 2->2
[2025-05-21T14:37:25.444+0000][gc,metaspace] GC(23) Metaspace: 11794K(12224K)->11794K(12224K) NonClass: 10626K(10816K)->10626K(10816K) Class: 1167K(1408K)->1167K(1408K)
[2025-05-21T14:37:25.444+0000][gc          ] GC(23) Pause Young (Normal) (G1 Evacuation Pause) 632M->20M(1024M) 5.108ms
[2025-05-21T14:37:25.444+0000][gc,cpu      ] GC(23) User=0.01s Sys=0.00s Real=0.01s
[2025-05-21T14:38:35.439+0000][gc,start    ] GC(24) Pause Young (Normal) (G1 Evacuation Pause)
[2025-05-21T14:38:35.439+0000][gc,task     ] GC(24) Using 10 workers of 10 for evacuation
[2025-05-21T14:38:35.443+0000][gc,phases   ] GC(24)   Pre Evacuate Collection Set: 0.6ms
[2025-05-21T14:38:35.443+0000][gc,phases   ] GC(24)   Merge Heap Roots: 0.2ms
[2025-05-21T14:38:35.443+0000][gc,phases   ] GC(24)   Evacuate Collection Set: 1.4ms
[2025-05-21T14:38:35.444+0000][gc,phases   ] GC(24)   Post Evacuate Collection Set: 1.5ms
[2025-05-21T14:38:35.444+0000][gc,phases   ] GC(24)   Other: 0.3ms
[2025-05-21T14:38:35.444+0000][gc,heap     ] GC(24) Eden regions: 612->0(613)
[2025-05-21T14:38:35.444+0000][gc,heap     ] GC(24) Survivor regions: 2->1(77)
[2025-05-21T14:38:35.444+0000][gc,heap     ] GC(24) Old regions: 18->18
[2025-05-21T14:38:35.445+0000][gc,heap     ] GC(24) Humongous regions: 2->2
[2025-05-21T14:38:35.445+0000][gc,metaspace] GC(24) Metaspace: 11800K(12288K)->11800K(12288K) NonClass: 10633K(10880K)->10633K(10880K) Class: 1167K(1408K)->1167K(1408K)
[2025-05-21T14:38:35.445+0000][gc          ] GC(24) Pause Young (Normal) (G1 Evacuation Pause) 632M->20M(1024M) 6.928ms
[2025-05-21T14:38:35.446+0000][gc,cpu      ] GC(24) User=0.01s Sys=0.00s Real=0.01s
[2025-05-21T14:39:45.370+0000][gc,start    ] GC(25) Pause Young (Normal) (G1 Evacuation Pause)
[2025-05-21T14:39:45.371+0000][gc,task     ] GC(25) Using 10 workers of 10 for evacuation
[2025-05-21T14:39:45.373+0000][gc,phases   ] GC(25)   Pre Evacuate Collection Set: 0.5ms
[2025-05-21T14:39:45.374+0000][gc,phases   ] GC(25)   Merge Heap Roots: 0.3ms
[2025-05-21T14:39:45.374+0000][gc,phases   ] GC(25)   Evacuate Collection Set: 1.0ms
[2025-05-21T14:39:45.374+0000][gc,phases   ] GC(25)   Post Evacuate Collection Set: 0.8ms
[2025-05-21T14:39:45.374+0000][gc,phases   ] GC(25)   Other: 0.3ms
[2025-05-21T14:39:45.374+0000][gc,heap     ] GC(25) Eden regions: 613->0(613)
[2025-05-21T14:39:45.374+0000][gc,heap     ] GC(25) Survivor regions: 1->1(77)
[2025-05-21T14:39:45.374+0000][gc,heap     ] GC(25) Old regions: 18->18
[2025-05-21T14:39:45.375+0000][gc,heap     ] GC(25) Humongous regions: 2->2
[2025-05-21T14:39:45.375+0000][gc,metaspace] GC(25) Metaspace: 11808K(12288K)->11808K(12288K) NonClass: 10640K(10880K)->10640K(10880K) Class: 1167K(1408K)->1167K(1408K)
[2025-05-21T14:39:45.375+0000][gc          ] GC(25) Pause Young (Normal) (G1 Evacuation Pause) 633M->20M(1024M) 4.465ms
[2025-05-21T14:39:45.375+0000][gc,cpu      ] GC(25) User=0.01s Sys=0.00s Real=0.00s
[2025-05-21T14:40:55.339+0000][gc,start    ] GC(26) Pause Young (Normal) (G1 Evacuation Pause)
[2025-05-21T14:40:55.339+0000][gc,task     ] GC(26) Using 10 workers of 10 for evacuation
[2025-05-21T14:40:55.343+0000][gc,phases   ] GC(26)   Pre Evacuate Collection Set: 0.9ms
[2025-05-21T14:40:55.343+0000][gc,phases   ] GC(26)   Merge Heap Roots: 0.2ms
[2025-05-21T14:40:55.344+0000][gc,phases   ] GC(26)   Evacuate Collection Set: 1.2ms
[2025-05-21T14:40:55.344+0000][gc,phases   ] GC(26)   Post Evacuate Collection Set: 1.1ms
[2025-05-21T14:40:55.344+0000][gc,phases   ] GC(26)   Other: 0.3ms
[2025-05-21T14:40:55.344+0000][gc,heap     ] GC(26) Eden regions: 613->0(613)
[2025-05-21T14:40:55.344+0000][gc,heap     ] GC(26) Survivor regions: 1->1(77)
[2025-05-21T14:40:55.344+0000][gc,heap     ] GC(26) Old regions: 18->18
[2025-05-21T14:40:55.345+0000][gc,heap     ] GC(26) Humongous regions: 2->2
[2025-05-21T14:40:55.345+0000][gc,metaspace] GC(26) Metaspace: 11809K(12288K)->11809K(12288K) NonClass: 10641K(10880K)->10641K(10880K) Class: 1167K(1408K)->1167K(1408K)
[2025-05-21T14:40:55.345+0000][gc          ] GC(26) Pause Young (Normal) (G1 Evacuation Pause) 633M->20M(1024M) 6.054ms
[2025-05-21T14:40:55.345+0000][gc,cpu      ] GC(26) User=0.02s Sys=0.00s Real=0.01s
[2025-05-21T14:41:56.241+0000][gc,start    ] GC(27) Pause Young (Normal) (G1 Evacuation Pause)
[2025-05-21T14:41:56.242+0000][gc,task     ] GC(27) Using 10 workers of 10 for evacuation
[2025-05-21T14:41:56.247+0000][gc,phases   ] GC(27)   Pre Evacuate Collection Set: 0.4ms
[2025-05-21T14:41:56.247+0000][gc,phases   ] GC(27)   Merge Heap Roots: 0.5ms
[2025-05-21T14:41:56.247+0000][gc,phases   ] GC(27)   Evacuate Collection Set: 2.0ms
[2025-05-21T14:41:56.248+0000][gc,phases   ] GC(27)   Post Evacuate Collection Set: 1.1ms
[2025-05-21T14:41:56.248+0000][gc,phases   ] GC(27)   Other: 0.5ms
[2025-05-21T14:41:56.248+0000][gc,heap     ] GC(27) Eden regions: 613->0(613)
[2025-05-21T14:41:56.248+0000][gc,heap     ] GC(27) Survivor regions: 1->1(77)
[2025-05-21T14:41:56.248+0000][gc,heap     ] GC(27) Old regions: 18->18
[2025-05-21T14:41:56.249+0000][gc,heap     ] GC(27) Humongous regions: 2->2
[2025-05-21T14:41:56.249+0000][gc,metaspace] GC(27) Metaspace: 11836K(12288K)->11836K(12288K) NonClass: 10668K(10880K)->10668K(10880K) Class: 1167K(1408K)->1167K(1408K)
[2025-05-21T14:41:56.249+0000][gc          ] GC(27) Pause Young (Normal) (G1 Evacuation Pause) 633M->19M(1024M) 7.579ms
[2025-05-21T14:41:56.249+0000][gc,cpu      ] GC(27) User=0.01s Sys=0.00s Real=0.01s
[2025-05-21T14:43:05.592+0000][gc,start    ] GC(28) Pause Young (Normal) (G1 Evacuation Pause)
[2025-05-21T14:43:05.592+0000][gc,task     ] GC(28) Using 10 workers of 10 for evacuation
[2025-05-21T14:43:05.596+0000][gc,phases   ] GC(28)   Pre Evacuate Collection Set: 1.1ms
[2025-05-21T14:43:05.597+0000][gc,phases   ] GC(28)   Merge Heap Roots: 0.2ms
[2025-05-21T14:43:05.597+0000][gc,phases   ] GC(28)   Evacuate Collection Set: 1.2ms
[2025-05-21T14:43:05.597+0000][gc,phases   ] GC(28)   Post Evacuate Collection Set: 1.2ms
[2025-05-21T14:43:05.597+0000][gc,phases   ] GC(28)   Other: 0.4ms
[2025-05-21T14:43:05.597+0000][gc,heap     ] GC(28) Eden regions: 613->0(611)
[2025-05-21T14:43:05.598+0000][gc,heap     ] GC(28) Survivor regions: 1->3(77)
[2025-05-21T14:43:05.598+0000][gc,heap     ] GC(28) Old regions: 18->18
[2025-05-21T14:43:05.598+0000][gc,heap     ] GC(28) Humongous regions: 2->2
[2025-05-21T14:43:05.598+0000][gc,metaspace] GC(28) Metaspace: 11838K(12288K)->11838K(12288K) NonClass: 10670K(10880K)->10670K(10880K) Class: 1167K(1408K)->1167K(1408K)
[2025-05-21T14:43:05.598+0000][gc          ] GC(28) Pause Young (Normal) (G1 Evacuation Pause) 632M->21M(1024M) 6.484ms
[2025-05-21T14:43:05.598+0000][gc,cpu      ] GC(28) User=0.01s Sys=0.01s Real=0.01s
[2025-05-21T14:44:15.956+0000][gc,start    ] GC(29) Pause Young (Normal) (G1 Evacuation Pause)
[2025-05-21T14:44:15.985+0000][gc,task     ] GC(29) Using 10 workers of 10 for evacuation
[2025-05-21T14:44:16.034+0000][gc,phases   ] GC(29)   Pre Evacuate Collection Set: 1.7ms
[2025-05-21T14:44:16.035+0000][gc,phases   ] GC(29)   Merge Heap Roots: 0.2ms
[2025-05-21T14:44:16.039+0000][gc,phases   ] GC(29)   Evacuate Collection Set: 28.3ms
[2025-05-21T14:44:16.048+0000][gc,phases   ] GC(29)   Post Evacuate Collection Set: 10.9ms
[2025-05-21T14:44:16.061+0000][gc,phases   ] GC(29)   Other: 7.9ms
[2025-05-21T14:44:16.076+0000][gc,heap     ] GC(29) Eden regions: 611->0(612)
[2025-05-21T14:44:16.076+0000][gc,heap     ] GC(29) Survivor regions: 3->2(77)
[2025-05-21T14:44:16.077+0000][gc,heap     ] GC(29) Old regions: 18->18
[2025-05-21T14:44:16.077+0000][gc,heap     ] GC(29) Humongous regions: 2->2
[2025-05-21T14:44:16.077+0000][gc,metaspace] GC(29) Metaspace: 11841K(12288K)->11841K(12288K) NonClass: 10673K(10880K)->10673K(10880K) Class: 1167K(1408K)->1167K(1408K)
[2025-05-21T14:44:16.078+0000][gc          ] GC(29) Pause Young (Normal) (G1 Evacuation Pause) 632M->21M(1024M) 122.398ms
[2025-05-21T14:44:16.079+0000][gc,cpu      ] GC(29) User=0.04s Sys=0.02s Real=0.12s
[2025-05-21T14:45:25.811+0000][gc,start    ] GC(30) Pause Young (Normal) (G1 Evacuation Pause)
[2025-05-21T14:45:25.817+0000][gc,task     ] GC(30) Using 10 workers of 10 for evacuation
[2025-05-21T14:45:25.873+0000][gc,phases   ] GC(30)   Pre Evacuate Collection Set: 13.3ms
[2025-05-21T14:45:25.873+0000][gc,phases   ] GC(30)   Merge Heap Roots: 0.3ms
[2025-05-21T14:45:25.874+0000][gc,phases   ] GC(30)   Evacuate Collection Set: 38.1ms
[2025-05-21T14:45:25.874+0000][gc,phases   ] GC(30)   Post Evacuate Collection Set: 3.1ms
[2025-05-21T14:45:25.874+0000][gc,phases   ] GC(30)   Other: 1.6ms
[2025-05-21T14:45:25.875+0000][gc,heap     ] GC(30) Eden regions: 612->0(612)
[2025-05-21T14:45:25.875+0000][gc,heap     ] GC(30) Survivor regions: 2->2(77)
[2025-05-21T14:45:25.875+0000][gc,heap     ] GC(30) Old regions: 18->18
[2025-05-21T14:45:25.876+0000][gc,heap     ] GC(30) Humongous regions: 2->2
[2025-05-21T14:45:25.876+0000][gc,metaspace] GC(30) Metaspace: 11881K(12288K)->11881K(12288K) NonClass: 10713K(10880K)->10713K(10880K) Class: 1167K(1408K)->1167K(1408K)
[2025-05-21T14:45:25.876+0000][gc          ] GC(30) Pause Young (Normal) (G1 Evacuation Pause) 633M->21M(1024M) 65.000ms
[2025-05-21T14:45:25.877+0000][gc,cpu      ] GC(30) User=0.03s Sys=0.03s Real=0.07s
[2025-05-21T14:45:40.796+0000][gc,heap,exit] Heap
[2025-05-21T14:45:40.797+0000][gc,heap,exit]  garbage-first heap   total 1048576K, used 65410K [0x00000000c0000000, 0x0000000100000000)
[2025-05-21T14:45:40.797+0000][gc,heap,exit]   region size 1024K, 36 young (36864K), 2 survivors (2048K)
[2025-05-21T14:45:40.797+0000][gc,heap,exit]  Metaspace       used 12204K, committed 12672K, reserved 1114112K
[2025-05-21T14:45:40.797+0000][gc,heap,exit]   class space    used 1244K, committed 1472K, reserved 1048576K
