[2025-05-20T22:21:37.854+0000][gc,init] CardTable entry size: 512
[2025-05-20T22:21:37.855+0000][gc     ] Using G1
[2025-05-20T22:21:37.893+0000][gc,init] Version: 21.0.4+7-LTS (release)
[2025-05-20T22:21:37.893+0000][gc,init] CPUs: 12 total, 12 available
[2025-05-20T22:21:37.894+0000][gc,init] Memory: 15597M
[2025-05-20T22:21:37.900+0000][gc,init] Large Page Support: Disabled
[2025-05-20T22:21:37.900+0000][gc,init] NUMA Support: Disabled
[2025-05-20T22:21:37.901+0000][gc,init] Compressed Oops: Enabled (32-bit)
[2025-05-20T22:21:37.903+0000][gc,init] Heap Region Size: 1M
[2025-05-20T22:21:37.903+0000][gc,init] Heap Min Capacity: 1G
[2025-05-20T22:21:37.903+0000][gc,init] Heap Initial Capacity: 1G
[2025-05-20T22:21:37.904+0000][gc,init] Heap Max Capacity: 1G
[2025-05-20T22:21:37.911+0000][gc,init] Pre-touch: Disabled
[2025-05-20T22:21:37.925+0000][gc,init] Parallel Workers: 10
[2025-05-20T22:21:37.937+0000][gc,init] Concurrent Workers: 3
[2025-05-20T22:21:37.949+0000][gc,init] Concurrent Refinement Workers: 10
[2025-05-20T22:21:37.949+0000][gc,init] Periodic GC: Disabled
[2025-05-20T22:21:38.045+0000][gc,metaspace] CDS archive(s) mapped at: [0x00007f4cb9000000-0x00007f4cb9bbe000-0x00007f4cbc674000), size 57098240, SharedBaseAddress: 0x00007f4cb9000000, ArchiveRelocationMode: 1.
[2025-05-20T22:21:38.047+0000][gc,metaspace] Compressed class space mapped at: 0x00007f4cbd000000-0x00007f4cfd000000, reserved size: 1073741824
[2025-05-20T22:21:38.051+0000][gc,metaspace] Narrow klass base: 0x00007f4cb9000000, Narrow klass shift: 0, Narrow klass range: 0x100000000
[2025-05-20T22:21:42.573+0000][gc,start    ] GC(0) Pause Young (Normal) (G1 Evacuation Pause)
[2025-05-20T22:21:42.579+0000][gc,task     ] GC(0) Using 10 workers of 10 for evacuation
[2025-05-20T22:21:42.621+0000][gc,phases   ] GC(0)   Pre Evacuate Collection Set: 0.4ms
[2025-05-20T22:21:42.624+0000][gc,phases   ] GC(0)   Merge Heap Roots: 0.1ms
[2025-05-20T22:21:42.624+0000][gc,phases   ] GC(0)   Evacuate Collection Set: 40.1ms
[2025-05-20T22:21:42.625+0000][gc,phases   ] GC(0)   Post Evacuate Collection Set: 1.3ms
[2025-05-20T22:21:42.625+0000][gc,phases   ] GC(0)   Other: 1.6ms
[2025-05-20T22:21:42.625+0000][gc,heap     ] GC(0) Eden regions: 51->0(44)
[2025-05-20T22:21:42.625+0000][gc,heap     ] GC(0) Survivor regions: 0->7(7)
[2025-05-20T22:21:42.625+0000][gc,heap     ] GC(0) Old regions: 1->7
[2025-05-20T22:21:42.626+0000][gc,heap     ] GC(0) Humongous regions: 1->1
[2025-05-20T22:21:42.626+0000][gc,metaspace] GC(0) Metaspace: 5735K(5952K)->5735K(5952K) NonClass: 5085K(5248K)->5085K(5248K) Class: 650K(704K)->650K(704K)
[2025-05-20T22:21:42.626+0000][gc          ] GC(0) Pause Young (Normal) (G1 Evacuation Pause) 52M->14M(1024M) 53.624ms
[2025-05-20T22:21:42.626+0000][gc,cpu      ] GC(0) User=0.06s Sys=0.02s Real=0.05s
[2025-05-20T22:21:46.353+0000][gc,start    ] GC(1) Pause Young (Normal) (G1 Evacuation Pause)
[2025-05-20T22:21:46.355+0000][gc,task     ] GC(1) Using 10 workers of 10 for evacuation
[2025-05-20T22:21:46.377+0000][gc,phases   ] GC(1)   Pre Evacuate Collection Set: 0.5ms
[2025-05-20T22:21:46.378+0000][gc,phases   ] GC(1)   Merge Heap Roots: 0.4ms
[2025-05-20T22:21:46.378+0000][gc,phases   ] GC(1)   Evacuate Collection Set: 17.9ms
[2025-05-20T22:21:46.379+0000][gc,phases   ] GC(1)   Post Evacuate Collection Set: 1.7ms
[2025-05-20T22:21:46.379+0000][gc,phases   ] GC(1)   Other: 2.1ms
[2025-05-20T22:21:46.380+0000][gc,heap     ] GC(1) Eden regions: 44->0(59)
[2025-05-20T22:21:46.380+0000][gc,heap     ] GC(1) Survivor regions: 7->3(7)
[2025-05-20T22:21:46.381+0000][gc,heap     ] GC(1) Old regions: 7->14
[2025-05-20T22:21:46.381+0000][gc,heap     ] GC(1) Humongous regions: 1->1
[2025-05-20T22:21:46.382+0000][gc,metaspace] GC(1) Metaspace: 8027K(8320K)->8027K(8320K) NonClass: 7162K(7296K)->7162K(7296K) Class: 864K(1024K)->864K(1024K)
[2025-05-20T22:21:46.382+0000][gc          ] GC(1) Pause Young (Normal) (G1 Evacuation Pause) 58M->17M(1024M) 28.713ms
[2025-05-20T22:21:46.383+0000][gc,cpu      ] GC(1) User=0.06s Sys=0.00s Real=0.03s
[2025-05-20T22:21:47.565+0000][gc,start    ] GC(2) Pause Young (Normal) (G1 Evacuation Pause)
[2025-05-20T22:21:47.565+0000][gc,task     ] GC(2) Using 10 workers of 10 for evacuation
[2025-05-20T22:21:47.635+0000][gc,phases   ] GC(2)   Pre Evacuate Collection Set: 1.1ms
[2025-05-20T22:21:47.636+0000][gc,phases   ] GC(2)   Merge Heap Roots: 0.1ms
[2025-05-20T22:21:47.636+0000][gc,phases   ] GC(2)   Evacuate Collection Set: 62.0ms
[2025-05-20T22:21:47.637+0000][gc,phases   ] GC(2)   Post Evacuate Collection Set: 1.1ms
[2025-05-20T22:21:47.638+0000][gc,phases   ] GC(2)   Other: 6.0ms
[2025-05-20T22:21:47.638+0000][gc,heap     ] GC(2) Eden regions: 67->0(408)
[2025-05-20T22:21:47.640+0000][gc,heap     ] GC(2) Survivor regions: 3->6(9)
[2025-05-20T22:21:47.641+0000][gc,heap     ] GC(2) Old regions: 14->14
[2025-05-20T22:21:47.642+0000][gc,heap     ] GC(2) Humongous regions: 1->1
[2025-05-20T22:21:47.644+0000][gc,metaspace] GC(2) Metaspace: 9237K(9600K)->9237K(9600K) NonClass: 8203K(8384K)->8203K(8384K) Class: 1033K(1216K)->1033K(1216K)
[2025-05-20T22:21:47.647+0000][gc          ] GC(2) Pause Young (Normal) (G1 Evacuation Pause) 84M->20M(1024M) 82.699ms
[2025-05-20T22:21:47.648+0000][gc,cpu      ] GC(2) User=0.08s Sys=0.01s Real=0.08s
[2025-05-20T22:22:35.786+0000][gc,start    ] GC(3) Pause Young (Normal) (G1 Evacuation Pause)
[2025-05-20T22:22:35.786+0000][gc,task     ] GC(3) Using 10 workers of 10 for evacuation
[2025-05-20T22:22:35.794+0000][gc,phases   ] GC(3)   Pre Evacuate Collection Set: 0.3ms
[2025-05-20T22:22:35.795+0000][gc,phases   ] GC(3)   Merge Heap Roots: 0.2ms
[2025-05-20T22:22:35.795+0000][gc,phases   ] GC(3)   Evacuate Collection Set: 6.8ms
[2025-05-20T22:22:35.795+0000][gc,phases   ] GC(3)   Post Evacuate Collection Set: 1.0ms
[2025-05-20T22:22:35.795+0000][gc,phases   ] GC(3)   Other: 0.3ms
[2025-05-20T22:22:35.795+0000][gc,heap     ] GC(3) Eden regions: 451->0(607)
[2025-05-20T22:22:35.795+0000][gc,heap     ] GC(3) Survivor regions: 6->7(58)
[2025-05-20T22:22:35.795+0000][gc,heap     ] GC(3) Old regions: 14->14
[2025-05-20T22:22:35.795+0000][gc,heap     ] GC(3) Humongous regions: 1->1
[2025-05-20T22:22:35.796+0000][gc,metaspace] GC(3) Metaspace: 10247K(10624K)->10247K(10624K) NonClass: 9170K(9344K)->9170K(9344K) Class: 1076K(1280K)->1076K(1280K)
[2025-05-20T22:22:35.796+0000][gc          ] GC(3) Pause Young (Normal) (G1 Evacuation Pause) 471M->20M(1024M) 10.248ms
[2025-05-20T22:22:35.796+0000][gc,cpu      ] GC(3) User=0.04s Sys=0.01s Real=0.01s
[2025-05-20T22:23:45.642+0000][gc,start    ] GC(4) Pause Young (Normal) (G1 Evacuation Pause)
[2025-05-20T22:23:45.642+0000][gc,task     ] GC(4) Using 10 workers of 10 for evacuation
[2025-05-20T22:23:45.652+0000][gc,phases   ] GC(4)   Pre Evacuate Collection Set: 0.3ms
[2025-05-20T22:23:45.653+0000][gc,phases   ] GC(4)   Merge Heap Roots: 0.2ms
[2025-05-20T22:23:45.653+0000][gc,phases   ] GC(4)   Evacuate Collection Set: 8.0ms
[2025-05-20T22:23:45.653+0000][gc,phases   ] GC(4)   Post Evacuate Collection Set: 1.1ms
[2025-05-20T22:23:45.653+0000][gc,phases   ] GC(4)   Other: 0.5ms
[2025-05-20T22:23:45.653+0000][gc,heap     ] GC(4) Eden regions: 607->0(608)
[2025-05-20T22:23:45.653+0000][gc,heap     ] GC(4) Survivor regions: 7->6(77)
[2025-05-20T22:23:45.654+0000][gc,heap     ] GC(4) Old regions: 14->14
[2025-05-20T22:23:45.654+0000][gc,heap     ] GC(4) Humongous regions: 1->1
[2025-05-20T22:23:45.654+0000][gc,metaspace] GC(4) Metaspace: 10601K(10944K)->10601K(10944K) NonClass: 9513K(9664K)->9513K(9664K) Class: 1087K(1280K)->1087K(1280K)
[2025-05-20T22:23:45.654+0000][gc          ] GC(4) Pause Young (Normal) (G1 Evacuation Pause) 627M->20M(1024M) 12.164ms
[2025-05-20T22:23:45.654+0000][gc,cpu      ] GC(4) User=0.04s Sys=0.02s Real=0.01s
[2025-05-20T22:24:38.279+0000][gc,heap,exit] Heap
[2025-05-20T22:24:38.279+0000][gc,heap,exit]  garbage-first heap   total 1048576K, used 447120K [0x00000000c0000000, 0x0000000100000000)
[2025-05-20T22:24:38.280+0000][gc,heap,exit]   region size 1024K, 413 young (422912K), 6 survivors (6144K)
[2025-05-20T22:24:38.280+0000][gc,heap,exit]  Metaspace       used 11230K, committed 11648K, reserved 1114112K
[2025-05-20T22:24:38.280+0000][gc,heap,exit]   class space    used 1188K, committed 1408K, reserved 1048576K
