[2025-05-20T14:55:35.099+0000][gc,init] CardTable entry size: 512
[2025-05-20T14:55:35.100+0000][gc     ] Using G1
[2025-05-20T14:55:35.115+0000][gc,init] Version: 21.0.4+7-LTS (release)
[2025-05-20T14:55:35.116+0000][gc,init] CPUs: 12 total, 12 available
[2025-05-20T14:55:35.116+0000][gc,init] Memory: 15597M
[2025-05-20T14:55:35.117+0000][gc,init] Large Page Support: Disabled
[2025-05-20T14:55:35.117+0000][gc,init] NUMA Support: Disabled
[2025-05-20T14:55:35.117+0000][gc,init] Compressed Oops: Enabled (32-bit)
[2025-05-20T14:55:35.118+0000][gc,init] Heap Region Size: 1M
[2025-05-20T14:55:35.118+0000][gc,init] Heap Min Capacity: 1G
[2025-05-20T14:55:35.118+0000][gc,init] Heap Initial Capacity: 1G
[2025-05-20T14:55:35.118+0000][gc,init] Heap Max Capacity: 1G
[2025-05-20T14:55:35.118+0000][gc,init] Pre-touch: Disabled
[2025-05-20T14:55:35.118+0000][gc,init] Parallel Workers: 10
[2025-05-20T14:55:35.119+0000][gc,init] Concurrent Workers: 3
[2025-05-20T14:55:35.119+0000][gc,init] Concurrent Refinement Workers: 10
[2025-05-20T14:55:35.123+0000][gc,init] Periodic GC: Disabled
[2025-05-20T14:55:35.167+0000][gc,metaspace] CDS archive(s) mapped at: [0x00007fa9b2000000-0x00007fa9b2bbe000-0x00007fa9b5674000), size 57098240, SharedBaseAddress: 0x00007fa9b2000000, ArchiveRelocationMode: 1.
[2025-05-20T14:55:35.171+0000][gc,metaspace] Compressed class space mapped at: 0x00007fa9b6000000-0x00007fa9f6000000, reserved size: 1073741824
[2025-05-20T14:55:35.181+0000][gc,metaspace] Narrow klass base: 0x00007fa9b2000000, Narrow klass shift: 0, Narrow klass range: 0x100000000
[2025-05-20T14:55:40.013+0000][gc,start    ] GC(0) Pause Young (Normal) (G1 Evacuation Pause)
[2025-05-20T14:55:40.017+0000][gc,task     ] GC(0) Using 10 workers of 10 for evacuation
[2025-05-20T14:55:40.051+0000][gc,phases   ] GC(0)   Pre Evacuate Collection Set: 1.0ms
[2025-05-20T14:55:40.051+0000][gc,phases   ] GC(0)   Merge Heap Roots: 0.1ms
[2025-05-20T14:55:40.052+0000][gc,phases   ] GC(0)   Evacuate Collection Set: 28.6ms
[2025-05-20T14:55:40.052+0000][gc,phases   ] GC(0)   Post Evacuate Collection Set: 1.6ms
[2025-05-20T14:55:40.052+0000][gc,phases   ] GC(0)   Other: 6.5ms
[2025-05-20T14:55:40.052+0000][gc,heap     ] GC(0) Eden regions: 51->0(44)
[2025-05-20T14:55:40.052+0000][gc,heap     ] GC(0) Survivor regions: 0->7(7)
[2025-05-20T14:55:40.052+0000][gc,heap     ] GC(0) Old regions: 1->7
[2025-05-20T14:55:40.052+0000][gc,heap     ] GC(0) Humongous regions: 1->1
[2025-05-20T14:55:40.053+0000][gc,metaspace] GC(0) Metaspace: 5762K(5888K)->5762K(5888K) NonClass: 5104K(5184K)->5104K(5184K) Class: 657K(704K)->657K(704K)
[2025-05-20T14:55:40.053+0000][gc          ] GC(0) Pause Young (Normal) (G1 Evacuation Pause) 52M->14M(1024M) 40.145ms
[2025-05-20T14:55:40.053+0000][gc,cpu      ] GC(0) User=0.09s Sys=0.01s Real=0.05s
[2025-05-20T14:55:44.979+0000][gc,start    ] GC(1) Pause Young (Normal) (G1 Evacuation Pause)
[2025-05-20T14:55:44.979+0000][gc,task     ] GC(1) Using 10 workers of 10 for evacuation
[2025-05-20T14:55:44.999+0000][gc,phases   ] GC(1)   Pre Evacuate Collection Set: 0.4ms
[2025-05-20T14:55:45.000+0000][gc,phases   ] GC(1)   Merge Heap Roots: 0.1ms
[2025-05-20T14:55:45.000+0000][gc,phases   ] GC(1)   Evacuate Collection Set: 14.4ms
[2025-05-20T14:55:45.000+0000][gc,phases   ] GC(1)   Post Evacuate Collection Set: 5.1ms
[2025-05-20T14:55:45.000+0000][gc,phases   ] GC(1)   Other: 0.4ms
[2025-05-20T14:55:45.000+0000][gc,heap     ] GC(1) Eden regions: 44->0(61)
[2025-05-20T14:55:45.001+0000][gc,heap     ] GC(1) Survivor regions: 7->3(7)
[2025-05-20T14:55:45.001+0000][gc,heap     ] GC(1) Old regions: 7->14
[2025-05-20T14:55:45.001+0000][gc,heap     ] GC(1) Humongous regions: 1->1
[2025-05-20T14:55:45.001+0000][gc,metaspace] GC(1) Metaspace: 7796K(8000K)->7796K(8000K) NonClass: 6999K(7104K)->6999K(7104K) Class: 797K(896K)->797K(896K)
[2025-05-20T14:55:45.001+0000][gc          ] GC(1) Pause Young (Normal) (G1 Evacuation Pause) 58M->16M(1024M) 22.861ms
[2025-05-20T14:55:45.002+0000][gc,cpu      ] GC(1) User=0.06s Sys=0.01s Real=0.02s
[2025-05-20T14:55:45.948+0000][gc,start    ] GC(2) Pause Young (Normal) (G1 Evacuation Pause)
[2025-05-20T14:55:45.948+0000][gc,task     ] GC(2) Using 10 workers of 10 for evacuation
[2025-05-20T14:55:45.956+0000][gc,phases   ] GC(2)   Pre Evacuate Collection Set: 0.3ms
[2025-05-20T14:55:45.956+0000][gc,phases   ] GC(2)   Merge Heap Roots: 0.2ms
[2025-05-20T14:55:45.956+0000][gc,phases   ] GC(2)   Evacuate Collection Set: 6.1ms
[2025-05-20T14:55:45.956+0000][gc,phases   ] GC(2)   Post Evacuate Collection Set: 0.7ms
[2025-05-20T14:55:45.957+0000][gc,phases   ] GC(2)   Other: 0.3ms
[2025-05-20T14:55:45.957+0000][gc,heap     ] GC(2) Eden regions: 68->0(584)
[2025-05-20T14:55:45.957+0000][gc,heap     ] GC(2) Survivor regions: 3->5(9)
[2025-05-20T14:55:45.957+0000][gc,heap     ] GC(2) Old regions: 14->14
[2025-05-20T14:55:45.957+0000][gc,heap     ] GC(2) Humongous regions: 1->1
[2025-05-20T14:55:45.957+0000][gc,metaspace] GC(2) Metaspace: 8768K(9024K)->8768K(9024K) NonClass: 7862K(8000K)->7862K(8000K) Class: 906K(1024K)->906K(1024K)
[2025-05-20T14:55:45.957+0000][gc          ] GC(2) Pause Young (Normal) (G1 Evacuation Pause) 84M->19M(1024M) 9.126ms
[2025-05-20T14:55:45.957+0000][gc,cpu      ] GC(2) User=0.03s Sys=0.00s Real=0.01s
[2025-05-20T14:56:03.294+0000][gc,heap,exit] Heap
[2025-05-20T14:56:03.294+0000][gc,heap,exit]  garbage-first heap   total 1048576K, used 311511K [0x00000000c0000000, 0x0000000100000000)
[2025-05-20T14:56:03.294+0000][gc,heap,exit]   region size 1024K, 291 young (297984K), 5 survivors (5120K)
[2025-05-20T14:56:03.295+0000][gc,heap,exit]  Metaspace       used 10812K, committed 11136K, reserved 1114112K
[2025-05-20T14:56:03.295+0000][gc,heap,exit]   class space    used 1171K, committed 1344K, reserved 1048576K
