[2025-05-20T14:47:57.494+0000][gc,init] CardTable entry size: 512
[2025-05-20T14:47:57.498+0000][gc     ] Using G1
[2025-05-20T14:47:57.526+0000][gc,init] Version: 21.0.4+7-LTS (release)
[2025-05-20T14:47:57.526+0000][gc,init] CPUs: 12 total, 12 available
[2025-05-20T14:47:57.526+0000][gc,init] Memory: 15597M
[2025-05-20T14:47:57.527+0000][gc,init] Large Page Support: Disabled
[2025-05-20T14:47:57.527+0000][gc,init] NUMA Support: Disabled
[2025-05-20T14:47:57.527+0000][gc,init] Compressed Oops: Enabled (32-bit)
[2025-05-20T14:47:57.528+0000][gc,init] Heap Region Size: 1M
[2025-05-20T14:47:57.528+0000][gc,init] Heap Min Capacity: 1G
[2025-05-20T14:47:57.528+0000][gc,init] Heap Initial Capacity: 1G
[2025-05-20T14:47:57.528+0000][gc,init] Heap Max Capacity: 1G
[2025-05-20T14:47:57.528+0000][gc,init] Pre-touch: Disabled
[2025-05-20T14:47:57.528+0000][gc,init] Parallel Workers: 10
[2025-05-20T14:47:57.529+0000][gc,init] Concurrent Workers: 3
[2025-05-20T14:47:57.529+0000][gc,init] Concurrent Refinement Workers: 10
[2025-05-20T14:47:57.529+0000][gc,init] Periodic GC: Disabled
[2025-05-20T14:47:57.627+0000][gc,metaspace] CDS archive(s) mapped at: [0x00007f7e83000000-0x00007f7e83bbe000-0x00007f7e86674000), size 57098240, SharedBaseAddress: 0x00007f7e83000000, ArchiveRelocationMode: 1.
[2025-05-20T14:47:57.628+0000][gc,metaspace] Compressed class space mapped at: 0x00007f7e87000000-0x00007f7ec7000000, reserved size: 1073741824
[2025-05-20T14:47:57.629+0000][gc,metaspace] Narrow klass base: 0x00007f7e83000000, Narrow klass shift: 0, Narrow klass range: 0x100000000
[2025-05-20T14:48:02.443+0000][gc,start    ] GC(0) Pause Young (Normal) (G1 Evacuation Pause)
[2025-05-20T14:48:02.452+0000][gc,task     ] GC(0) Using 10 workers of 10 for evacuation
[2025-05-20T14:48:02.484+0000][gc,phases   ] GC(0)   Pre Evacuate Collection Set: 0.4ms
[2025-05-20T14:48:02.485+0000][gc,phases   ] GC(0)   Merge Heap Roots: 0.4ms
[2025-05-20T14:48:02.485+0000][gc,phases   ] GC(0)   Evacuate Collection Set: 26.2ms
[2025-05-20T14:48:02.485+0000][gc,phases   ] GC(0)   Post Evacuate Collection Set: 1.5ms
[2025-05-20T14:48:02.485+0000][gc,phases   ] GC(0)   Other: 12.1ms
[2025-05-20T14:48:02.486+0000][gc,heap     ] GC(0) Eden regions: 51->0(44)
[2025-05-20T14:48:02.486+0000][gc,heap     ] GC(0) Survivor regions: 0->7(7)
[2025-05-20T14:48:02.486+0000][gc,heap     ] GC(0) Old regions: 1->6
[2025-05-20T14:48:02.487+0000][gc,heap     ] GC(0) Humongous regions: 1->1
[2025-05-20T14:48:02.487+0000][gc,metaspace] GC(0) Metaspace: 5713K(5952K)->5713K(5952K) NonClass: 5047K(5184K)->5047K(5184K) Class: 666K(768K)->666K(768K)
[2025-05-20T14:48:02.487+0000][gc          ] GC(0) Pause Young (Normal) (G1 Evacuation Pause) 52M->13M(1024M) 44.047ms
[2025-05-20T14:48:02.487+0000][gc,cpu      ] GC(0) User=0.09s Sys=0.00s Real=0.04s
[2025-05-20T14:48:05.833+0000][gc,start    ] GC(1) Pause Young (Normal) (G1 Evacuation Pause)
[2025-05-20T14:48:05.833+0000][gc,task     ] GC(1) Using 10 workers of 10 for evacuation
[2025-05-20T14:48:05.850+0000][gc,phases   ] GC(1)   Pre Evacuate Collection Set: 0.4ms
[2025-05-20T14:48:05.850+0000][gc,phases   ] GC(1)   Merge Heap Roots: 0.1ms
[2025-05-20T14:48:05.850+0000][gc,phases   ] GC(1)   Evacuate Collection Set: 14.3ms
[2025-05-20T14:48:05.851+0000][gc,phases   ] GC(1)   Post Evacuate Collection Set: 1.3ms
[2025-05-20T14:48:05.851+0000][gc,phases   ] GC(1)   Other: 0.4ms
[2025-05-20T14:48:05.851+0000][gc,heap     ] GC(1) Eden regions: 44->0(57)
[2025-05-20T14:48:05.851+0000][gc,heap     ] GC(1) Survivor regions: 7->3(7)
[2025-05-20T14:48:05.851+0000][gc,heap     ] GC(1) Old regions: 6->14
[2025-05-20T14:48:05.851+0000][gc,heap     ] GC(1) Humongous regions: 10->10
[2025-05-20T14:48:05.852+0000][gc,metaspace] GC(1) Metaspace: 8123K(8384K)->8123K(8384K) NonClass: 7251K(7360K)->7251K(7360K) Class: 872K(1024K)->872K(1024K)
[2025-05-20T14:48:05.852+0000][gc          ] GC(1) Pause Young (Normal) (G1 Evacuation Pause) 66M->26M(1024M) 18.739ms
[2025-05-20T14:48:05.852+0000][gc,cpu      ] GC(1) User=0.05s Sys=0.00s Real=0.01s
[2025-05-20T14:48:06.413+0000][gc,start    ] GC(2) Pause Young (Normal) (G1 Evacuation Pause)
[2025-05-20T14:48:06.413+0000][gc,task     ] GC(2) Using 10 workers of 10 for evacuation
[2025-05-20T14:48:06.420+0000][gc,phases   ] GC(2)   Pre Evacuate Collection Set: 0.3ms
[2025-05-20T14:48:06.421+0000][gc,phases   ] GC(2)   Merge Heap Roots: 0.1ms
[2025-05-20T14:48:06.421+0000][gc,phases   ] GC(2)   Evacuate Collection Set: 5.4ms
[2025-05-20T14:48:06.421+0000][gc,phases   ] GC(2)   Post Evacuate Collection Set: 0.9ms
[2025-05-20T14:48:06.421+0000][gc,phases   ] GC(2)   Other: 0.4ms
[2025-05-20T14:48:06.421+0000][gc,heap     ] GC(2) Eden regions: 65->0(143)
[2025-05-20T14:48:06.421+0000][gc,heap     ] GC(2) Survivor regions: 3->5(9)
[2025-05-20T14:48:06.422+0000][gc,heap     ] GC(2) Old regions: 14->14
[2025-05-20T14:48:06.422+0000][gc,heap     ] GC(2) Humongous regions: 10->10
[2025-05-20T14:48:06.422+0000][gc,metaspace] GC(2) Metaspace: 8528K(8832K)->8528K(8832K) NonClass: 7601K(7744K)->7601K(7744K) Class: 927K(1088K)->927K(1088K)
[2025-05-20T14:48:06.422+0000][gc          ] GC(2) Pause Young (Normal) (G1 Evacuation Pause) 91M->28M(1024M) 9.275ms
[2025-05-20T14:48:06.422+0000][gc,cpu      ] GC(2) User=0.02s Sys=0.00s Real=0.00s
[2025-05-20T14:48:14.969+0000][gc,start    ] GC(3) Pause Young (Normal) (G1 Evacuation Pause)
[2025-05-20T14:48:14.970+0000][gc,task     ] GC(3) Using 10 workers of 10 for evacuation
[2025-05-20T14:48:14.979+0000][gc,phases   ] GC(3)   Pre Evacuate Collection Set: 0.3ms
[2025-05-20T14:48:14.979+0000][gc,phases   ] GC(3)   Merge Heap Roots: 0.2ms
[2025-05-20T14:48:14.979+0000][gc,phases   ] GC(3)   Evacuate Collection Set: 7.3ms
[2025-05-20T14:48:14.980+0000][gc,phases   ] GC(3)   Post Evacuate Collection Set: 1.0ms
[2025-05-20T14:48:14.980+0000][gc,phases   ] GC(3)   Other: 0.3ms
[2025-05-20T14:48:14.980+0000][gc,heap     ] GC(3) Eden regions: 152->0(608)
[2025-05-20T14:48:14.980+0000][gc,heap     ] GC(3) Survivor regions: 5->6(20)
[2025-05-20T14:48:14.980+0000][gc,heap     ] GC(3) Old regions: 14->14
[2025-05-20T14:48:14.980+0000][gc,heap     ] GC(3) Humongous regions: 10->10
[2025-05-20T14:48:14.981+0000][gc,metaspace] GC(3) Metaspace: 10082K(10368K)->10082K(10368K) NonClass: 8977K(9088K)->8977K(9088K) Class: 1105K(1280K)->1105K(1280K)
[2025-05-20T14:48:14.981+0000][gc          ] GC(3) Pause Young (Normal) (G1 Evacuation Pause) 180M->29M(1024M) 11.460ms
[2025-05-20T14:48:14.981+0000][gc,cpu      ] GC(3) User=0.05s Sys=0.00s Real=0.01s
[2025-05-20T14:48:35.669+0000][gc,start    ] GC(4) Pause Young (Normal) (G1 Evacuation Pause)
[2025-05-20T14:48:35.669+0000][gc,task     ] GC(4) Using 10 workers of 10 for evacuation
[2025-05-20T14:48:35.677+0000][gc,phases   ] GC(4)   Pre Evacuate Collection Set: 0.3ms
[2025-05-20T14:48:35.677+0000][gc,phases   ] GC(4)   Merge Heap Roots: 0.2ms
[2025-05-20T14:48:35.677+0000][gc,phases   ] GC(4)   Evacuate Collection Set: 5.6ms
[2025-05-20T14:48:35.677+0000][gc,phases   ] GC(4)   Post Evacuate Collection Set: 1.0ms
[2025-05-20T14:48:35.677+0000][gc,phases   ] GC(4)   Other: 0.3ms
[2025-05-20T14:48:35.677+0000][gc,heap     ] GC(4) Eden regions: 608->0(607)
[2025-05-20T14:48:35.677+0000][gc,heap     ] GC(4) Survivor regions: 6->7(77)
[2025-05-20T14:48:35.677+0000][gc,heap     ] GC(4) Old regions: 14->14
[2025-05-20T14:48:35.677+0000][gc,heap     ] GC(4) Humongous regions: 10->10
[2025-05-20T14:48:35.678+0000][gc,metaspace] GC(4) Metaspace: 10440K(10816K)->10440K(10816K) NonClass: 9329K(9536K)->9329K(9536K) Class: 1110K(1280K)->1110K(1280K)
[2025-05-20T14:48:35.678+0000][gc          ] GC(4) Pause Young (Normal) (G1 Evacuation Pause) 637M->30M(1024M) 8.706ms
[2025-05-20T14:48:35.678+0000][gc,cpu      ] GC(4) User=0.00s Sys=0.05s Real=0.01s
[2025-05-20T14:48:55.875+0000][gc,start    ] GC(5) Pause Young (Normal) (G1 Evacuation Pause)
[2025-05-20T14:48:55.875+0000][gc,task     ] GC(5) Using 10 workers of 10 for evacuation
[2025-05-20T14:48:55.880+0000][gc,phases   ] GC(5)   Pre Evacuate Collection Set: 0.3ms
[2025-05-20T14:48:55.880+0000][gc,phases   ] GC(5)   Merge Heap Roots: 0.2ms
[2025-05-20T14:48:55.880+0000][gc,phases   ] GC(5)   Evacuate Collection Set: 2.6ms
[2025-05-20T14:48:55.880+0000][gc,phases   ] GC(5)   Post Evacuate Collection Set: 1.0ms
[2025-05-20T14:48:55.880+0000][gc,phases   ] GC(5)   Other: 0.2ms
[2025-05-20T14:48:55.880+0000][gc,heap     ] GC(5) Eden regions: 607->0(608)
[2025-05-20T14:48:55.880+0000][gc,heap     ] GC(5) Survivor regions: 7->6(77)
[2025-05-20T14:48:55.881+0000][gc,heap     ] GC(5) Old regions: 14->14
[2025-05-20T14:48:55.881+0000][gc,heap     ] GC(5) Humongous regions: 10->10
[2025-05-20T14:48:55.881+0000][gc,metaspace] GC(5) Metaspace: 10694K(11008K)->10694K(11008K) NonClass: 9582K(9728K)->9582K(9728K) Class: 1111K(1280K)->1111K(1280K)
[2025-05-20T14:48:55.881+0000][gc          ] GC(5) Pause Young (Normal) (G1 Evacuation Pause) 637M->29M(1024M) 6.117ms
[2025-05-20T14:48:55.881+0000][gc,cpu      ] GC(5) User=0.01s Sys=0.01s Real=0.00s
[2025-05-20T14:49:17.656+0000][gc,start    ] GC(6) Pause Young (Normal) (G1 Evacuation Pause)
[2025-05-20T14:49:17.656+0000][gc,task     ] GC(6) Using 10 workers of 10 for evacuation
[2025-05-20T14:49:17.660+0000][gc,phases   ] GC(6)   Pre Evacuate Collection Set: 0.3ms
[2025-05-20T14:49:17.660+0000][gc,phases   ] GC(6)   Merge Heap Roots: 0.2ms
[2025-05-20T14:49:17.661+0000][gc,phases   ] GC(6)   Evacuate Collection Set: 2.5ms
[2025-05-20T14:49:17.661+0000][gc,phases   ] GC(6)   Post Evacuate Collection Set: 1.0ms
[2025-05-20T14:49:17.661+0000][gc,phases   ] GC(6)   Other: 0.3ms
[2025-05-20T14:49:17.661+0000][gc,heap     ] GC(6) Eden regions: 608->0(608)
[2025-05-20T14:49:17.661+0000][gc,heap     ] GC(6) Survivor regions: 6->6(77)
[2025-05-20T14:49:17.661+0000][gc,heap     ] GC(6) Old regions: 14->14
[2025-05-20T14:49:17.661+0000][gc,heap     ] GC(6) Humongous regions: 10->10
[2025-05-20T14:49:17.661+0000][gc,metaspace] GC(6) Metaspace: 10838K(11264K)->10838K(11264K) NonClass: 9719K(9920K)->9719K(9920K) Class: 1119K(1344K)->1119K(1344K)
[2025-05-20T14:49:17.662+0000][gc          ] GC(6) Pause Young (Normal) (G1 Evacuation Pause) 637M->29M(1024M) 6.010ms
[2025-05-20T14:49:17.662+0000][gc,cpu      ] GC(6) User=0.01s Sys=0.01s Real=0.01s
[2025-05-20T14:49:39.193+0000][gc,start    ] GC(7) Pause Young (Normal) (G1 Evacuation Pause)
[2025-05-20T14:49:39.193+0000][gc,task     ] GC(7) Using 10 workers of 10 for evacuation
[2025-05-20T14:49:39.197+0000][gc,phases   ] GC(7)   Pre Evacuate Collection Set: 0.4ms
[2025-05-20T14:49:39.198+0000][gc,phases   ] GC(7)   Merge Heap Roots: 0.3ms
[2025-05-20T14:49:39.198+0000][gc,phases   ] GC(7)   Evacuate Collection Set: 2.6ms
[2025-05-20T14:49:39.198+0000][gc,phases   ] GC(7)   Post Evacuate Collection Set: 0.9ms
[2025-05-20T14:49:39.198+0000][gc,phases   ] GC(7)   Other: 0.3ms
[2025-05-20T14:49:39.198+0000][gc,heap     ] GC(7) Eden regions: 608->0(607)
[2025-05-20T14:49:39.198+0000][gc,heap     ] GC(7) Survivor regions: 6->7(77)
[2025-05-20T14:49:39.198+0000][gc,heap     ] GC(7) Old regions: 14->14
[2025-05-20T14:49:39.198+0000][gc,heap     ] GC(7) Humongous regions: 10->10
[2025-05-20T14:49:39.199+0000][gc,metaspace] GC(7) Metaspace: 10916K(11264K)->10916K(11264K) NonClass: 9794K(9920K)->9794K(9920K) Class: 1121K(1344K)->1121K(1344K)
[2025-05-20T14:49:39.199+0000][gc          ] GC(7) Pause Young (Normal) (G1 Evacuation Pause) 637M->29M(1024M) 6.152ms
[2025-05-20T14:49:39.199+0000][gc,cpu      ] GC(7) User=0.01s Sys=0.01s Real=0.01s
[2025-05-20T14:50:01.393+0000][gc,start    ] GC(8) Pause Young (Normal) (G1 Evacuation Pause)
[2025-05-20T14:50:01.393+0000][gc,task     ] GC(8) Using 10 workers of 10 for evacuation
[2025-05-20T14:50:01.398+0000][gc,phases   ] GC(8)   Pre Evacuate Collection Set: 0.3ms
[2025-05-20T14:50:01.398+0000][gc,phases   ] GC(8)   Merge Heap Roots: 0.3ms
[2025-05-20T14:50:01.398+0000][gc,phases   ] GC(8)   Evacuate Collection Set: 2.6ms
[2025-05-20T14:50:01.399+0000][gc,phases   ] GC(8)   Post Evacuate Collection Set: 1.1ms
[2025-05-20T14:50:01.399+0000][gc,phases   ] GC(8)   Other: 0.3ms
[2025-05-20T14:50:01.399+0000][gc,heap     ] GC(8) Eden regions: 607->0(607)
[2025-05-20T14:50:01.399+0000][gc,heap     ] GC(8) Survivor regions: 7->7(77)
[2025-05-20T14:50:01.399+0000][gc,heap     ] GC(8) Old regions: 14->14
[2025-05-20T14:50:01.399+0000][gc,heap     ] GC(8) Humongous regions: 10->10
[2025-05-20T14:50:01.399+0000][gc,metaspace] GC(8) Metaspace: 10983K(11392K)->10983K(11392K) NonClass: 9860K(10048K)->9860K(10048K) Class: 1123K(1344K)->1123K(1344K)
[2025-05-20T14:50:01.400+0000][gc          ] GC(8) Pause Young (Normal) (G1 Evacuation Pause) 636M->29M(1024M) 6.521ms
[2025-05-20T14:50:01.400+0000][gc,cpu      ] GC(8) User=0.01s Sys=0.01s Real=0.01s
[2025-05-20T14:50:23.623+0000][gc,start    ] GC(9) Pause Young (Normal) (G1 Evacuation Pause)
[2025-05-20T14:50:23.623+0000][gc,task     ] GC(9) Using 10 workers of 10 for evacuation
[2025-05-20T14:50:23.628+0000][gc,phases   ] GC(9)   Pre Evacuate Collection Set: 0.3ms
[2025-05-20T14:50:23.628+0000][gc,phases   ] GC(9)   Merge Heap Roots: 0.2ms
[2025-05-20T14:50:23.628+0000][gc,phases   ] GC(9)   Evacuate Collection Set: 2.8ms
[2025-05-20T14:50:23.629+0000][gc,phases   ] GC(9)   Post Evacuate Collection Set: 1.0ms
[2025-05-20T14:50:23.629+0000][gc,phases   ] GC(9)   Other: 0.3ms
[2025-05-20T14:50:23.629+0000][gc,heap     ] GC(9) Eden regions: 607->0(607)
[2025-05-20T14:50:23.629+0000][gc,heap     ] GC(9) Survivor regions: 7->7(77)
[2025-05-20T14:50:23.629+0000][gc,heap     ] GC(9) Old regions: 14->14
[2025-05-20T14:50:23.630+0000][gc,heap     ] GC(9) Humongous regions: 10->10
[2025-05-20T14:50:23.630+0000][gc,metaspace] GC(9) Metaspace: 11107K(11456K)->11107K(11456K) NonClass: 9984K(10112K)->9984K(10112K) Class: 1123K(1344K)->1123K(1344K)
[2025-05-20T14:50:23.630+0000][gc          ] GC(9) Pause Young (Normal) (G1 Evacuation Pause) 636M->30M(1024M) 6.899ms
[2025-05-20T14:50:23.630+0000][gc,cpu      ] GC(9) User=0.01s Sys=0.01s Real=0.01s
[2025-05-20T14:50:45.465+0000][gc,start    ] GC(10) Pause Young (Normal) (G1 Evacuation Pause)
[2025-05-20T14:50:45.465+0000][gc,task     ] GC(10) Using 10 workers of 10 for evacuation
[2025-05-20T14:50:45.470+0000][gc,phases   ] GC(10)   Pre Evacuate Collection Set: 0.3ms
[2025-05-20T14:50:45.470+0000][gc,phases   ] GC(10)   Merge Heap Roots: 0.2ms
[2025-05-20T14:50:45.471+0000][gc,phases   ] GC(10)   Evacuate Collection Set: 3.2ms
[2025-05-20T14:50:45.471+0000][gc,phases   ] GC(10)   Post Evacuate Collection Set: 1.0ms
[2025-05-20T14:50:45.471+0000][gc,phases   ] GC(10)   Other: 0.3ms
[2025-05-20T14:50:45.471+0000][gc,heap     ] GC(10) Eden regions: 607->0(607)
[2025-05-20T14:50:45.471+0000][gc,heap     ] GC(10) Survivor regions: 7->7(77)
[2025-05-20T14:50:45.472+0000][gc,heap     ] GC(10) Old regions: 14->14
[2025-05-20T14:50:45.472+0000][gc,heap     ] GC(10) Humongous regions: 10->10
[2025-05-20T14:50:45.472+0000][gc,metaspace] GC(10) Metaspace: 11170K(11584K)->11170K(11584K) NonClass: 10038K(10240K)->10038K(10240K) Class: 1131K(1344K)->1131K(1344K)
[2025-05-20T14:50:45.472+0000][gc          ] GC(10) Pause Young (Normal) (G1 Evacuation Pause) 637M->30M(1024M) 7.430ms
[2025-05-20T14:50:45.472+0000][gc,cpu      ] GC(10) User=0.03s Sys=0.00s Real=0.01s
[2025-05-20T14:51:05.617+0000][gc,start    ] GC(11) Pause Young (Normal) (G1 Evacuation Pause)
[2025-05-20T14:51:05.617+0000][gc,task     ] GC(11) Using 10 workers of 10 for evacuation
[2025-05-20T14:51:05.623+0000][gc,phases   ] GC(11)   Pre Evacuate Collection Set: 0.3ms
[2025-05-20T14:51:05.623+0000][gc,phases   ] GC(11)   Merge Heap Roots: 0.2ms
[2025-05-20T14:51:05.623+0000][gc,phases   ] GC(11)   Evacuate Collection Set: 4.0ms
[2025-05-20T14:51:05.623+0000][gc,phases   ] GC(11)   Post Evacuate Collection Set: 0.9ms
[2025-05-20T14:51:05.623+0000][gc,phases   ] GC(11)   Other: 0.2ms
[2025-05-20T14:51:05.624+0000][gc,heap     ] GC(11) Eden regions: 607->0(606)
[2025-05-20T14:51:05.624+0000][gc,heap     ] GC(11) Survivor regions: 7->8(77)
[2025-05-20T14:51:05.624+0000][gc,heap     ] GC(11) Old regions: 14->14
[2025-05-20T14:51:05.624+0000][gc,heap     ] GC(11) Humongous regions: 10->10
[2025-05-20T14:51:05.624+0000][gc,metaspace] GC(11) Metaspace: 11190K(11584K)->11190K(11584K) NonClass: 10058K(10240K)->10058K(10240K) Class: 1131K(1344K)->1131K(1344K)
[2025-05-20T14:51:05.624+0000][gc          ] GC(11) Pause Young (Normal) (G1 Evacuation Pause) 637M->31M(1024M) 7.478ms
[2025-05-20T14:51:05.624+0000][gc,cpu      ] GC(11) User=0.01s Sys=0.01s Real=0.00s
[2025-05-20T14:51:25.696+0000][gc,start    ] GC(12) Pause Young (Normal) (G1 Evacuation Pause)
[2025-05-20T14:51:25.696+0000][gc,task     ] GC(12) Using 10 workers of 10 for evacuation
[2025-05-20T14:51:25.701+0000][gc,phases   ] GC(12)   Pre Evacuate Collection Set: 0.3ms
[2025-05-20T14:51:25.702+0000][gc,phases   ] GC(12)   Merge Heap Roots: 0.2ms
[2025-05-20T14:51:25.702+0000][gc,phases   ] GC(12)   Evacuate Collection Set: 3.1ms
[2025-05-20T14:51:25.702+0000][gc,phases   ] GC(12)   Post Evacuate Collection Set: 1.0ms
[2025-05-20T14:51:25.702+0000][gc,phases   ] GC(12)   Other: 0.3ms
[2025-05-20T14:51:25.702+0000][gc,heap     ] GC(12) Eden regions: 606->0(605)
[2025-05-20T14:51:25.702+0000][gc,heap     ] GC(12) Survivor regions: 8->9(77)
[2025-05-20T14:51:25.702+0000][gc,heap     ] GC(12) Old regions: 14->14
[2025-05-20T14:51:25.703+0000][gc,heap     ] GC(12) Humongous regions: 10->10
[2025-05-20T14:51:25.703+0000][gc,metaspace] GC(12) Metaspace: 11265K(11648K)->11265K(11648K) NonClass: 10133K(10304K)->10133K(10304K) Class: 1131K(1344K)->1131K(1344K)
[2025-05-20T14:51:25.703+0000][gc          ] GC(12) Pause Young (Normal) (G1 Evacuation Pause) 637M->31M(1024M) 6.718ms
[2025-05-20T14:51:25.703+0000][gc,cpu      ] GC(12) User=0.01s Sys=0.01s Real=0.00s
[2025-05-20T14:51:47.970+0000][gc,start    ] GC(13) Pause Young (Normal) (G1 Evacuation Pause)
[2025-05-20T14:51:47.971+0000][gc,task     ] GC(13) Using 10 workers of 10 for evacuation
[2025-05-20T14:51:47.975+0000][gc,phases   ] GC(13)   Pre Evacuate Collection Set: 0.3ms
[2025-05-20T14:51:47.976+0000][gc,phases   ] GC(13)   Merge Heap Roots: 0.2ms
[2025-05-20T14:51:47.976+0000][gc,phases   ] GC(13)   Evacuate Collection Set: 2.9ms
[2025-05-20T14:51:47.976+0000][gc,phases   ] GC(13)   Post Evacuate Collection Set: 1.0ms
[2025-05-20T14:51:47.976+0000][gc,phases   ] GC(13)   Other: 0.3ms
[2025-05-20T14:51:47.976+0000][gc,heap     ] GC(13) Eden regions: 605->0(607)
[2025-05-20T14:51:47.976+0000][gc,heap     ] GC(13) Survivor regions: 9->7(77)
[2025-05-20T14:51:47.976+0000][gc,heap     ] GC(13) Old regions: 14->14
[2025-05-20T14:51:47.977+0000][gc,heap     ] GC(13) Humongous regions: 10->10
[2025-05-20T14:51:47.977+0000][gc,metaspace] GC(13) Metaspace: 11268K(11648K)->11268K(11648K) NonClass: 10137K(10304K)->10137K(10304K) Class: 1131K(1344K)->1131K(1344K)
[2025-05-20T14:51:47.977+0000][gc          ] GC(13) Pause Young (Normal) (G1 Evacuation Pause) 636M->30M(1024M) 6.495ms
[2025-05-20T14:51:47.977+0000][gc,cpu      ] GC(13) User=0.01s Sys=0.01s Real=0.01s
[2025-05-20T14:52:09.877+0000][gc,start    ] GC(14) Pause Young (Normal) (G1 Evacuation Pause)
[2025-05-20T14:52:09.877+0000][gc,task     ] GC(14) Using 10 workers of 10 for evacuation
[2025-05-20T14:52:09.882+0000][gc,phases   ] GC(14)   Pre Evacuate Collection Set: 0.3ms
[2025-05-20T14:52:09.882+0000][gc,phases   ] GC(14)   Merge Heap Roots: 0.2ms
[2025-05-20T14:52:09.883+0000][gc,phases   ] GC(14)   Evacuate Collection Set: 3.2ms
[2025-05-20T14:52:09.883+0000][gc,phases   ] GC(14)   Post Evacuate Collection Set: 0.9ms
[2025-05-20T14:52:09.883+0000][gc,phases   ] GC(14)   Other: 0.3ms
[2025-05-20T14:52:09.883+0000][gc,heap     ] GC(14) Eden regions: 607->0(607)
[2025-05-20T14:52:09.883+0000][gc,heap     ] GC(14) Survivor regions: 7->7(77)
[2025-05-20T14:52:09.883+0000][gc,heap     ] GC(14) Old regions: 14->14
[2025-05-20T14:52:09.883+0000][gc,heap     ] GC(14) Humongous regions: 10->10
[2025-05-20T14:52:09.883+0000][gc,metaspace] GC(14) Metaspace: 11291K(11648K)->11291K(11648K) NonClass: 10160K(10304K)->10160K(10304K) Class: 1131K(1344K)->1131K(1344K)
[2025-05-20T14:52:09.884+0000][gc          ] GC(14) Pause Young (Normal) (G1 Evacuation Pause) 637M->30M(1024M) 6.514ms
[2025-05-20T14:52:09.884+0000][gc,cpu      ] GC(14) User=0.01s Sys=0.01s Real=0.01s
[2025-05-20T14:52:32.868+0000][gc,start    ] GC(15) Pause Young (Normal) (G1 Evacuation Pause)
[2025-05-20T14:52:32.868+0000][gc,task     ] GC(15) Using 10 workers of 10 for evacuation
[2025-05-20T14:52:32.873+0000][gc,phases   ] GC(15)   Pre Evacuate Collection Set: 0.3ms
[2025-05-20T14:52:32.873+0000][gc,phases   ] GC(15)   Merge Heap Roots: 0.2ms
[2025-05-20T14:52:32.873+0000][gc,phases   ] GC(15)   Evacuate Collection Set: 3.0ms
[2025-05-20T14:52:32.873+0000][gc,phases   ] GC(15)   Post Evacuate Collection Set: 1.0ms
[2025-05-20T14:52:32.873+0000][gc,phases   ] GC(15)   Other: 0.3ms
[2025-05-20T14:52:32.873+0000][gc,heap     ] GC(15) Eden regions: 607->0(607)
[2025-05-20T14:52:32.873+0000][gc,heap     ] GC(15) Survivor regions: 7->7(77)
[2025-05-20T14:52:32.874+0000][gc,heap     ] GC(15) Old regions: 14->14
[2025-05-20T14:52:32.874+0000][gc,heap     ] GC(15) Humongous regions: 10->10
[2025-05-20T14:52:32.874+0000][gc,metaspace] GC(15) Metaspace: 11393K(11776K)->11393K(11776K) NonClass: 10260K(10432K)->10260K(10432K) Class: 1133K(1344K)->1133K(1344K)
[2025-05-20T14:52:32.874+0000][gc          ] GC(15) Pause Young (Normal) (G1 Evacuation Pause) 637M->30M(1024M) 6.430ms
[2025-05-20T14:52:32.874+0000][gc,cpu      ] GC(15) User=0.02s Sys=0.00s Real=0.01s
[2025-05-20T14:52:54.826+0000][gc,start    ] GC(16) Pause Young (Normal) (G1 Evacuation Pause)
[2025-05-20T14:52:54.826+0000][gc,task     ] GC(16) Using 10 workers of 10 for evacuation
[2025-05-20T14:52:54.830+0000][gc,phases   ] GC(16)   Pre Evacuate Collection Set: 0.3ms
[2025-05-20T14:52:54.831+0000][gc,phases   ] GC(16)   Merge Heap Roots: 0.2ms
[2025-05-20T14:52:54.831+0000][gc,phases   ] GC(16)   Evacuate Collection Set: 3.0ms
[2025-05-20T14:52:54.831+0000][gc,phases   ] GC(16)   Post Evacuate Collection Set: 0.9ms
[2025-05-20T14:52:54.831+0000][gc,phases   ] GC(16)   Other: 0.2ms
[2025-05-20T14:52:54.831+0000][gc,heap     ] GC(16) Eden regions: 607->0(608)
[2025-05-20T14:52:54.831+0000][gc,heap     ] GC(16) Survivor regions: 7->6(77)
[2025-05-20T14:52:54.831+0000][gc,heap     ] GC(16) Old regions: 14->15
[2025-05-20T14:52:54.832+0000][gc,heap     ] GC(16) Humongous regions: 10->10
[2025-05-20T14:52:54.832+0000][gc,metaspace] GC(16) Metaspace: 11412K(11776K)->11412K(11776K) NonClass: 10279K(10432K)->10279K(10432K) Class: 1133K(1344K)->1133K(1344K)
[2025-05-20T14:52:54.832+0000][gc          ] GC(16) Pause Young (Normal) (G1 Evacuation Pause) 637M->30M(1024M) 6.493ms
[2025-05-20T14:52:54.832+0000][gc,cpu      ] GC(16) User=0.01s Sys=0.01s Real=0.01s
[2025-05-20T14:53:15.481+0000][gc,start    ] GC(17) Pause Young (Normal) (G1 Evacuation Pause)
[2025-05-20T14:53:15.481+0000][gc,task     ] GC(17) Using 10 workers of 10 for evacuation
[2025-05-20T14:53:15.485+0000][gc,phases   ] GC(17)   Pre Evacuate Collection Set: 0.2ms
[2025-05-20T14:53:15.485+0000][gc,phases   ] GC(17)   Merge Heap Roots: 0.2ms
[2025-05-20T14:53:15.486+0000][gc,phases   ] GC(17)   Evacuate Collection Set: 2.4ms
[2025-05-20T14:53:15.486+0000][gc,phases   ] GC(17)   Post Evacuate Collection Set: 0.8ms
[2025-05-20T14:53:15.486+0000][gc,phases   ] GC(17)   Other: 0.2ms
[2025-05-20T14:53:15.486+0000][gc,heap     ] GC(17) Eden regions: 608->0(608)
[2025-05-20T14:53:15.486+0000][gc,heap     ] GC(17) Survivor regions: 6->6(77)
[2025-05-20T14:53:15.486+0000][gc,heap     ] GC(17) Old regions: 15->16
[2025-05-20T14:53:15.486+0000][gc,heap     ] GC(17) Humongous regions: 10->10
[2025-05-20T14:53:15.486+0000][gc,metaspace] GC(17) Metaspace: 11436K(11840K)->11436K(11840K) NonClass: 10301K(10496K)->10301K(10496K) Class: 1135K(1344K)->1135K(1344K)
[2025-05-20T14:53:15.486+0000][gc          ] GC(17) Pause Young (Normal) (G1 Evacuation Pause) 638M->30M(1024M) 5.208ms
[2025-05-20T14:53:15.486+0000][gc,cpu      ] GC(17) User=0.01s Sys=0.01s Real=0.00s
[2025-05-20T14:53:35.661+0000][gc,start    ] GC(18) Pause Young (Normal) (G1 Evacuation Pause)
[2025-05-20T14:53:35.661+0000][gc,task     ] GC(18) Using 10 workers of 10 for evacuation
[2025-05-20T14:53:35.666+0000][gc,phases   ] GC(18)   Pre Evacuate Collection Set: 0.3ms
[2025-05-20T14:53:35.666+0000][gc,phases   ] GC(18)   Merge Heap Roots: 0.2ms
[2025-05-20T14:53:35.666+0000][gc,phases   ] GC(18)   Evacuate Collection Set: 3.2ms
[2025-05-20T14:53:35.667+0000][gc,phases   ] GC(18)   Post Evacuate Collection Set: 1.0ms
[2025-05-20T14:53:35.667+0000][gc,phases   ] GC(18)   Other: 0.3ms
[2025-05-20T14:53:35.667+0000][gc,heap     ] GC(18) Eden regions: 608->0(609)
[2025-05-20T14:53:35.667+0000][gc,heap     ] GC(18) Survivor regions: 6->5(77)
[2025-05-20T14:53:35.667+0000][gc,heap     ] GC(18) Old regions: 16->18
[2025-05-20T14:53:35.667+0000][gc,heap     ] GC(18) Humongous regions: 10->10
[2025-05-20T14:53:35.667+0000][gc,metaspace] GC(18) Metaspace: 11476K(11840K)->11476K(11840K) NonClass: 10341K(10496K)->10341K(10496K) Class: 1135K(1344K)->1135K(1344K)
[2025-05-20T14:53:35.668+0000][gc          ] GC(18) Pause Young (Normal) (G1 Evacuation Pause) 638M->31M(1024M) 7.082ms
[2025-05-20T14:53:35.668+0000][gc,cpu      ] GC(18) User=0.01s Sys=0.02s Real=0.00s
[2025-05-20T14:53:55.746+0000][gc,start    ] GC(19) Pause Young (Normal) (G1 Evacuation Pause)
[2025-05-20T14:53:55.747+0000][gc,task     ] GC(19) Using 10 workers of 10 for evacuation
[2025-05-20T14:53:55.750+0000][gc,phases   ] GC(19)   Pre Evacuate Collection Set: 0.3ms
[2025-05-20T14:53:55.751+0000][gc,phases   ] GC(19)   Merge Heap Roots: 0.2ms
[2025-05-20T14:53:55.751+0000][gc,phases   ] GC(19)   Evacuate Collection Set: 2.0ms
[2025-05-20T14:53:55.751+0000][gc,phases   ] GC(19)   Post Evacuate Collection Set: 1.1ms
[2025-05-20T14:53:55.751+0000][gc,phases   ] GC(19)   Other: 0.3ms
[2025-05-20T14:53:55.751+0000][gc,heap     ] GC(19) Eden regions: 609->0(608)
[2025-05-20T14:53:55.751+0000][gc,heap     ] GC(19) Survivor regions: 5->6(77)
[2025-05-20T14:53:55.752+0000][gc,heap     ] GC(19) Old regions: 18->18
[2025-05-20T14:53:55.752+0000][gc,heap     ] GC(19) Humongous regions: 10->10
[2025-05-20T14:53:55.752+0000][gc,metaspace] GC(19) Metaspace: 11484K(11840K)->11484K(11840K) NonClass: 10348K(10496K)->10348K(10496K) Class: 1135K(1344K)->1135K(1344K)
[2025-05-20T14:53:55.752+0000][gc          ] GC(19) Pause Young (Normal) (G1 Evacuation Pause) 640M->32M(1024M) 5.637ms
[2025-05-20T14:53:55.752+0000][gc,cpu      ] GC(19) User=0.02s Sys=0.00s Real=0.01s
[2025-05-20T14:54:18.502+0000][gc,start    ] GC(20) Pause Young (Normal) (G1 Evacuation Pause)
[2025-05-20T14:54:18.503+0000][gc,task     ] GC(20) Using 10 workers of 10 for evacuation
[2025-05-20T14:54:18.506+0000][gc,phases   ] GC(20)   Pre Evacuate Collection Set: 0.3ms
[2025-05-20T14:54:18.506+0000][gc,phases   ] GC(20)   Merge Heap Roots: 0.2ms
[2025-05-20T14:54:18.506+0000][gc,phases   ] GC(20)   Evacuate Collection Set: 1.7ms
[2025-05-20T14:54:18.506+0000][gc,phases   ] GC(20)   Post Evacuate Collection Set: 0.8ms
[2025-05-20T14:54:18.507+0000][gc,phases   ] GC(20)   Other: 0.3ms
[2025-05-20T14:54:18.507+0000][gc,heap     ] GC(20) Eden regions: 608->0(610)
[2025-05-20T14:54:18.507+0000][gc,heap     ] GC(20) Survivor regions: 6->4(77)
[2025-05-20T14:54:18.507+0000][gc,heap     ] GC(20) Old regions: 18->18
[2025-05-20T14:54:18.507+0000][gc,heap     ] GC(20) Humongous regions: 10->10
[2025-05-20T14:54:18.507+0000][gc,metaspace] GC(20) Metaspace: 11491K(11840K)->11491K(11840K) NonClass: 10356K(10496K)->10356K(10496K) Class: 1135K(1344K)->1135K(1344K)
[2025-05-20T14:54:18.507+0000][gc          ] GC(20) Pause Young (Normal) (G1 Evacuation Pause) 640M->31M(1024M) 5.100ms
[2025-05-20T14:54:18.508+0000][gc,cpu      ] GC(20) User=0.00s Sys=0.01s Real=0.00s
[2025-05-20T14:54:40.519+0000][gc,start    ] GC(21) Pause Young (Normal) (G1 Evacuation Pause)
[2025-05-20T14:54:40.519+0000][gc,task     ] GC(21) Using 10 workers of 10 for evacuation
[2025-05-20T14:54:40.522+0000][gc,phases   ] GC(21)   Pre Evacuate Collection Set: 0.3ms
[2025-05-20T14:54:40.522+0000][gc,phases   ] GC(21)   Merge Heap Roots: 0.2ms
[2025-05-20T14:54:40.523+0000][gc,phases   ] GC(21)   Evacuate Collection Set: 1.7ms
[2025-05-20T14:54:40.523+0000][gc,phases   ] GC(21)   Post Evacuate Collection Set: 0.8ms
[2025-05-20T14:54:40.523+0000][gc,phases   ] GC(21)   Other: 0.2ms
[2025-05-20T14:54:40.523+0000][gc,heap     ] GC(21) Eden regions: 610->0(610)
[2025-05-20T14:54:40.523+0000][gc,heap     ] GC(21) Survivor regions: 4->4(77)
[2025-05-20T14:54:40.523+0000][gc,heap     ] GC(21) Old regions: 18->18
[2025-05-20T14:54:40.523+0000][gc,heap     ] GC(21) Humongous regions: 10->10
[2025-05-20T14:54:40.523+0000][gc,metaspace] GC(21) Metaspace: 11504K(11904K)->11504K(11904K) NonClass: 10369K(10560K)->10369K(10560K) Class: 1135K(1344K)->1135K(1344K)
[2025-05-20T14:54:40.524+0000][gc          ] GC(21) Pause Young (Normal) (G1 Evacuation Pause) 641M->31M(1024M) 4.889ms
[2025-05-20T14:54:40.524+0000][gc,cpu      ] GC(21) User=0.01s Sys=0.01s Real=0.00s
[2025-05-20T14:55:03.118+0000][gc,start    ] GC(22) Pause Young (Normal) (G1 Evacuation Pause)
[2025-05-20T14:55:03.118+0000][gc,task     ] GC(22) Using 10 workers of 10 for evacuation
[2025-05-20T14:55:03.122+0000][gc,phases   ] GC(22)   Pre Evacuate Collection Set: 0.3ms
[2025-05-20T14:55:03.122+0000][gc,phases   ] GC(22)   Merge Heap Roots: 0.2ms
[2025-05-20T14:55:03.122+0000][gc,phases   ] GC(22)   Evacuate Collection Set: 1.9ms
[2025-05-20T14:55:03.122+0000][gc,phases   ] GC(22)   Post Evacuate Collection Set: 0.8ms
[2025-05-20T14:55:03.122+0000][gc,phases   ] GC(22)   Other: 0.2ms
[2025-05-20T14:55:03.122+0000][gc,heap     ] GC(22) Eden regions: 610->0(609)
[2025-05-20T14:55:03.123+0000][gc,heap     ] GC(22) Survivor regions: 4->5(77)
[2025-05-20T14:55:03.123+0000][gc,heap     ] GC(22) Old regions: 18->19
[2025-05-20T14:55:03.123+0000][gc,heap     ] GC(22) Humongous regions: 10->10
[2025-05-20T14:55:03.123+0000][gc,metaspace] GC(22) Metaspace: 11517K(11904K)->11517K(11904K) NonClass: 10382K(10560K)->10382K(10560K) Class: 1135K(1344K)->1135K(1344K)
[2025-05-20T14:55:03.123+0000][gc          ] GC(22) Pause Young (Normal) (G1 Evacuation Pause) 641M->32M(1024M) 5.053ms
[2025-05-20T14:55:03.123+0000][gc,cpu      ] GC(22) User=0.01s Sys=0.01s Real=0.00s
[2025-05-20T14:55:22.116+0000][gc,heap,exit] Heap
[2025-05-20T14:55:22.117+0000][gc,heap,exit]  garbage-first heap   total 1048576K, used 343426K [0x00000000c0000000, 0x0000000100000000)
[2025-05-20T14:55:22.117+0000][gc,heap,exit]   region size 1024K, 308 young (315392K), 5 survivors (5120K)
[2025-05-20T14:55:22.117+0000][gc,heap,exit]  Metaspace       used 11935K, committed 12288K, reserved 1114112K
[2025-05-20T14:55:22.117+0000][gc,heap,exit]   class space    used 1215K, committed 1408K, reserved 1048576K
