[2025-05-24T00:20:58.092+0000][gc,init] CardTable entry size: 512
[2025-05-24T00:20:58.093+0000][gc     ] Using G1
[2025-05-24T00:20:58.115+0000][gc,init] Version: 21.0.4+7-LTS (release)
[2025-05-24T00:20:58.115+0000][gc,init] CPUs: 12 total, 12 available
[2025-05-24T00:20:58.116+0000][gc,init] Memory: 15597M
[2025-05-24T00:20:58.116+0000][gc,init] Large Page Support: Disabled
[2025-05-24T00:20:58.117+0000][gc,init] NUMA Support: Disabled
[2025-05-24T00:20:58.117+0000][gc,init] Compressed Oops: Enabled (32-bit)
[2025-05-24T00:20:58.118+0000][gc,init] Heap Region Size: 1M
[2025-05-24T00:20:58.119+0000][gc,init] Heap Min Capacity: 1G
[2025-05-24T00:20:58.120+0000][gc,init] Heap Initial Capacity: 1G
[2025-05-24T00:20:58.120+0000][gc,init] Heap Max Capacity: 1G
[2025-05-24T00:20:58.120+0000][gc,init] Pre-touch: Disabled
[2025-05-24T00:20:58.120+0000][gc,init] Parallel Workers: 10
[2025-05-24T00:20:58.121+0000][gc,init] Concurrent Workers: 3
[2025-05-24T00:20:58.122+0000][gc,init] Concurrent Refinement Workers: 10
[2025-05-24T00:20:58.123+0000][gc,init] Periodic GC: Disabled
[2025-05-24T00:20:58.196+0000][gc,metaspace] CDS archive(s) mapped at: [0x00007f92df000000-0x00007f92dfbbe000-0x00007f92e2674000), size 57098240, SharedBaseAddress: 0x00007f92df000000, ArchiveRelocationMode: 1.
[2025-05-24T00:20:58.196+0000][gc,metaspace] Compressed class space mapped at: 0x00007f92e3000000-0x00007f9323000000, reserved size: 1073741824
[2025-05-24T00:20:58.196+0000][gc,metaspace] Narrow klass base: 0x00007f92df000000, Narrow klass shift: 0, Narrow klass range: 0x100000000
[2025-05-24T00:21:03.322+0000][gc,start    ] GC(0) Pause Young (Normal) (G1 Evacuation Pause)
[2025-05-24T00:21:03.340+0000][gc,task     ] GC(0) Using 10 workers of 10 for evacuation
[2025-05-24T00:21:03.396+0000][gc,phases   ] GC(0)   Pre Evacuate Collection Set: 0.3ms
[2025-05-24T00:21:03.397+0000][gc,phases   ] GC(0)   Merge Heap Roots: 0.1ms
[2025-05-24T00:21:03.397+0000][gc,phases   ] GC(0)   Evacuate Collection Set: 51.2ms
[2025-05-24T00:21:03.397+0000][gc,phases   ] GC(0)   Post Evacuate Collection Set: 1.8ms
[2025-05-24T00:21:03.397+0000][gc,phases   ] GC(0)   Other: 21.1ms
[2025-05-24T00:21:03.398+0000][gc,heap     ] GC(0) Eden regions: 51->0(44)
[2025-05-24T00:21:03.398+0000][gc,heap     ] GC(0) Survivor regions: 0->7(7)
[2025-05-24T00:21:03.398+0000][gc,heap     ] GC(0) Old regions: 1->5
[2025-05-24T00:21:03.398+0000][gc,heap     ] GC(0) Humongous regions: 1->1
[2025-05-24T00:21:03.399+0000][gc,metaspace] GC(0) Metaspace: 6178K(6400K)->6178K(6400K) NonClass: 5457K(5568K)->5457K(5568K) Class: 721K(832K)->721K(832K)
[2025-05-24T00:21:03.399+0000][gc          ] GC(0) Pause Young (Normal) (G1 Evacuation Pause) 52M->12M(1024M) 77.437ms
[2025-05-24T00:21:03.399+0000][gc,cpu      ] GC(0) User=0.11s Sys=0.03s Real=0.07s
[2025-05-24T00:21:11.511+0000][gc,start    ] GC(1) Pause Young (Normal) (G1 Evacuation Pause)
[2025-05-24T00:21:11.511+0000][gc,task     ] GC(1) Using 10 workers of 10 for evacuation
[2025-05-24T00:21:11.531+0000][gc,phases   ] GC(1)   Pre Evacuate Collection Set: 0.3ms
[2025-05-24T00:21:11.532+0000][gc,phases   ] GC(1)   Merge Heap Roots: 0.2ms
[2025-05-24T00:21:11.532+0000][gc,phases   ] GC(1)   Evacuate Collection Set: 17.8ms
[2025-05-24T00:21:11.532+0000][gc,phases   ] GC(1)   Post Evacuate Collection Set: 1.6ms
[2025-05-24T00:21:11.532+0000][gc,phases   ] GC(1)   Other: 0.4ms
[2025-05-24T00:21:11.532+0000][gc,heap     ] GC(1) Eden regions: 44->0(52)
[2025-05-24T00:21:11.533+0000][gc,heap     ] GC(1) Survivor regions: 7->6(7)
[2025-05-24T00:21:11.533+0000][gc,heap     ] GC(1) Old regions: 5->13
[2025-05-24T00:21:11.533+0000][gc,heap     ] GC(1) Humongous regions: 1->1
[2025-05-24T00:21:11.533+0000][gc,metaspace] GC(1) Metaspace: 8591K(8896K)->8591K(8896K) NonClass: 7559K(7744K)->7559K(7744K) Class: 1032K(1152K)->1032K(1152K)
[2025-05-24T00:21:11.533+0000][gc          ] GC(1) Pause Young (Normal) (G1 Evacuation Pause) 56M->18M(1024M) 22.645ms
[2025-05-24T00:21:11.534+0000][gc,cpu      ] GC(1) User=0.04s Sys=0.01s Real=0.03s
[2025-05-24T00:21:12.006+0000][gc,start    ] GC(2) Pause Young (Normal) (G1 Evacuation Pause)
[2025-05-24T00:21:12.007+0000][gc,task     ] GC(2) Using 10 workers of 10 for evacuation
[2025-05-24T00:21:12.014+0000][gc,phases   ] GC(2)   Pre Evacuate Collection Set: 0.5ms
[2025-05-24T00:21:12.014+0000][gc,phases   ] GC(2)   Merge Heap Roots: 0.3ms
[2025-05-24T00:21:12.014+0000][gc,phases   ] GC(2)   Evacuate Collection Set: 4.7ms
[2025-05-24T00:21:12.014+0000][gc,phases   ] GC(2)   Post Evacuate Collection Set: 0.9ms
[2025-05-24T00:21:12.014+0000][gc,phases   ] GC(2)   Other: 0.4ms
[2025-05-24T00:21:12.015+0000][gc,heap     ] GC(2) Eden regions: 58->0(518)
[2025-05-24T00:21:12.015+0000][gc,heap     ] GC(2) Survivor regions: 6->2(8)
[2025-05-24T00:21:12.015+0000][gc,heap     ] GC(2) Old regions: 13->18
[2025-05-24T00:21:12.015+0000][gc,heap     ] GC(2) Humongous regions: 1->1
[2025-05-24T00:21:12.015+0000][gc,metaspace] GC(2) Metaspace: 8731K(9024K)->8731K(9024K) NonClass: 7682K(7872K)->7682K(7872K) Class: 1049K(1152K)->1049K(1152K)
[2025-05-24T00:21:12.016+0000][gc          ] GC(2) Pause Young (Normal) (G1 Evacuation Pause) 76M->19M(1024M) 9.209ms
[2025-05-24T00:21:12.016+0000][gc,cpu      ] GC(2) User=0.00s Sys=0.05s Real=0.01s
[2025-05-24T00:22:21.284+0000][gc,start    ] GC(3) Pause Young (Normal) (G1 Evacuation Pause)
[2025-05-24T00:22:21.284+0000][gc,task     ] GC(3) Using 10 workers of 10 for evacuation
[2025-05-24T00:22:21.292+0000][gc,phases   ] GC(3)   Pre Evacuate Collection Set: 0.4ms
[2025-05-24T00:22:21.292+0000][gc,phases   ] GC(3)   Merge Heap Roots: 0.3ms
[2025-05-24T00:22:21.292+0000][gc,phases   ] GC(3)   Evacuate Collection Set: 5.1ms
[2025-05-24T00:22:21.292+0000][gc,phases   ] GC(3)   Post Evacuate Collection Set: 1.2ms
[2025-05-24T00:22:21.292+0000][gc,phases   ] GC(3)   Other: 0.6ms
[2025-05-24T00:22:21.293+0000][gc,heap     ] GC(3) Eden regions: 565->0(611)
[2025-05-24T00:22:21.293+0000][gc,heap     ] GC(3) Survivor regions: 2->3(71)
[2025-05-24T00:22:21.293+0000][gc,heap     ] GC(3) Old regions: 18->18
[2025-05-24T00:22:21.293+0000][gc,heap     ] GC(3) Humongous regions: 1->1
[2025-05-24T00:22:21.293+0000][gc,metaspace] GC(3) Metaspace: 9717K(10112K)->9717K(10112K) NonClass: 8645K(8832K)->8645K(8832K) Class: 1071K(1280K)->1071K(1280K)
[2025-05-24T00:22:21.293+0000][gc          ] GC(3) Pause Young (Normal) (G1 Evacuation Pause) 584M->21M(1024M) 9.586ms
[2025-05-24T00:22:21.294+0000][gc,cpu      ] GC(3) User=0.00s Sys=0.03s Real=0.01s
[2025-05-24T00:23:21.690+0000][gc,start    ] GC(4) Pause Young (Normal) (G1 Evacuation Pause)
[2025-05-24T00:23:21.691+0000][gc,task     ] GC(4) Using 10 workers of 10 for evacuation
[2025-05-24T00:23:21.699+0000][gc,phases   ] GC(4)   Pre Evacuate Collection Set: 0.9ms
[2025-05-24T00:23:21.700+0000][gc,phases   ] GC(4)   Merge Heap Roots: 0.5ms
[2025-05-24T00:23:21.700+0000][gc,phases   ] GC(4)   Evacuate Collection Set: 5.2ms
[2025-05-24T00:23:21.700+0000][gc,phases   ] GC(4)   Post Evacuate Collection Set: 1.5ms
[2025-05-24T00:23:21.700+0000][gc,phases   ] GC(4)   Other: 0.6ms
[2025-05-24T00:23:21.701+0000][gc,heap     ] GC(4) Eden regions: 611->0(610)
[2025-05-24T00:23:21.701+0000][gc,heap     ] GC(4) Survivor regions: 3->4(77)
[2025-05-24T00:23:21.701+0000][gc,heap     ] GC(4) Old regions: 18->18
[2025-05-24T00:23:21.701+0000][gc,heap     ] GC(4) Humongous regions: 1->1
[2025-05-24T00:23:21.701+0000][gc,metaspace] GC(4) Metaspace: 10118K(10496K)->10118K(10496K) NonClass: 9044K(9216K)->9044K(9216K) Class: 1074K(1280K)->1074K(1280K)
[2025-05-24T00:23:21.702+0000][gc          ] GC(4) Pause Young (Normal) (G1 Evacuation Pause) 632M->21M(1024M) 11.925ms
[2025-05-24T00:23:21.702+0000][gc,cpu      ] GC(4) User=0.04s Sys=0.00s Real=0.01s
[2025-05-24T00:24:31.476+0000][gc,start    ] GC(5) Pause Young (Normal) (G1 Evacuation Pause)
[2025-05-24T00:24:31.477+0000][gc,task     ] GC(5) Using 10 workers of 10 for evacuation
[2025-05-24T00:24:31.482+0000][gc,phases   ] GC(5)   Pre Evacuate Collection Set: 0.5ms
[2025-05-24T00:24:31.483+0000][gc,phases   ] GC(5)   Merge Heap Roots: 0.3ms
[2025-05-24T00:24:31.483+0000][gc,phases   ] GC(5)   Evacuate Collection Set: 2.4ms
[2025-05-24T00:24:31.483+0000][gc,phases   ] GC(5)   Post Evacuate Collection Set: 1.4ms
[2025-05-24T00:24:31.484+0000][gc,phases   ] GC(5)   Other: 0.5ms
[2025-05-24T00:24:31.484+0000][gc,heap     ] GC(5) Eden regions: 610->0(611)
[2025-05-24T00:24:31.484+0000][gc,heap     ] GC(5) Survivor regions: 4->3(77)
[2025-05-24T00:24:31.484+0000][gc,heap     ] GC(5) Old regions: 18->18
[2025-05-24T00:24:31.485+0000][gc,heap     ] GC(5) Humongous regions: 1->1
[2025-05-24T00:24:31.485+0000][gc,metaspace] GC(5) Metaspace: 10346K(10752K)->10346K(10752K) NonClass: 9263K(9472K)->9263K(9472K) Class: 1082K(1280K)->1082K(1280K)
[2025-05-24T00:24:31.485+0000][gc          ] GC(5) Pause Young (Normal) (G1 Evacuation Pause) 631M->21M(1024M) 8.759ms
[2025-05-24T00:24:31.486+0000][gc,cpu      ] GC(5) User=0.01s Sys=0.01s Real=0.01s
[2025-05-24T00:25:41.273+0000][gc,start    ] GC(6) Pause Young (Normal) (G1 Evacuation Pause)
[2025-05-24T00:25:41.273+0000][gc,task     ] GC(6) Using 10 workers of 10 for evacuation
[2025-05-24T00:25:41.279+0000][gc,phases   ] GC(6)   Pre Evacuate Collection Set: 0.5ms
[2025-05-24T00:25:41.279+0000][gc,phases   ] GC(6)   Merge Heap Roots: 0.3ms
[2025-05-24T00:25:41.280+0000][gc,phases   ] GC(6)   Evacuate Collection Set: 2.3ms
[2025-05-24T00:25:41.280+0000][gc,phases   ] GC(6)   Post Evacuate Collection Set: 1.7ms
[2025-05-24T00:25:41.280+0000][gc,phases   ] GC(6)   Other: 0.5ms
[2025-05-24T00:25:41.281+0000][gc,heap     ] GC(6) Eden regions: 611->0(611)
[2025-05-24T00:25:41.281+0000][gc,heap     ] GC(6) Survivor regions: 3->3(77)
[2025-05-24T00:25:41.281+0000][gc,heap     ] GC(6) Old regions: 18->18
[2025-05-24T00:25:41.282+0000][gc,heap     ] GC(6) Humongous regions: 1->1
[2025-05-24T00:25:41.282+0000][gc,metaspace] GC(6) Metaspace: 10615K(10944K)->10615K(10944K) NonClass: 9530K(9664K)->9530K(9664K) Class: 1085K(1280K)->1085K(1280K)
[2025-05-24T00:25:41.282+0000][gc          ] GC(6) Pause Young (Normal) (G1 Evacuation Pause) 632M->20M(1024M) 9.076ms
[2025-05-24T00:25:41.282+0000][gc,cpu      ] GC(6) User=0.02s Sys=0.00s Real=0.01s
[2025-05-24T00:26:41.690+0000][gc,start    ] GC(7) Pause Young (Normal) (G1 Evacuation Pause)
[2025-05-24T00:26:41.690+0000][gc,task     ] GC(7) Using 10 workers of 10 for evacuation
[2025-05-24T00:26:41.695+0000][gc,phases   ] GC(7)   Pre Evacuate Collection Set: 0.6ms
[2025-05-24T00:26:41.695+0000][gc,phases   ] GC(7)   Merge Heap Roots: 0.3ms
[2025-05-24T00:26:41.696+0000][gc,phases   ] GC(7)   Evacuate Collection Set: 2.5ms
[2025-05-24T00:26:41.696+0000][gc,phases   ] GC(7)   Post Evacuate Collection Set: 1.2ms
[2025-05-24T00:26:41.696+0000][gc,phases   ] GC(7)   Other: 0.6ms
[2025-05-24T00:26:41.697+0000][gc,heap     ] GC(7) Eden regions: 611->0(610)
[2025-05-24T00:26:41.697+0000][gc,heap     ] GC(7) Survivor regions: 3->4(77)
[2025-05-24T00:26:41.697+0000][gc,heap     ] GC(7) Old regions: 18->18
[2025-05-24T00:26:41.697+0000][gc,heap     ] GC(7) Humongous regions: 1->1
[2025-05-24T00:26:41.698+0000][gc,metaspace] GC(7) Metaspace: 10700K(11072K)->10700K(11072K) NonClass: 9613K(9792K)->9613K(9792K) Class: 1087K(1280K)->1087K(1280K)
[2025-05-24T00:26:41.698+0000][gc          ] GC(7) Pause Young (Normal) (G1 Evacuation Pause) 631M->21M(1024M) 8.495ms
[2025-05-24T00:26:41.698+0000][gc,cpu      ] GC(7) User=0.02s Sys=0.01s Real=0.01s
[2025-05-24T00:27:33.673+0000][gc,heap,exit] Heap
[2025-05-24T00:27:33.673+0000][gc,heap,exit]  garbage-first heap   total 1048576K, used 429883K [0x00000000c0000000, 0x0000000100000000)
[2025-05-24T00:27:33.673+0000][gc,heap,exit]   region size 1024K, 402 young (411648K), 4 survivors (4096K)
[2025-05-24T00:27:33.673+0000][gc,heap,exit]  Metaspace       used 11120K, committed 11520K, reserved 1114112K
[2025-05-24T00:27:33.673+0000][gc,heap,exit]   class space    used 1164K, committed 1408K, reserved 1048576K
