[2025-05-24T13:06:26.712+0000][gc,init] CardTable entry size: 512
[2025-05-24T13:06:26.713+0000][gc     ] Using G1
[2025-05-24T13:06:26.726+0000][gc,init] Version: 21.0.4+7-LTS (release)
[2025-05-24T13:06:26.727+0000][gc,init] CPUs: 12 total, 12 available
[2025-05-24T13:06:26.727+0000][gc,init] Memory: 15597M
[2025-05-24T13:06:26.728+0000][gc,init] Large Page Support: Disabled
[2025-05-24T13:06:26.728+0000][gc,init] NUMA Support: Disabled
[2025-05-24T13:06:26.729+0000][gc,init] Compressed Oops: Enabled (32-bit)
[2025-05-24T13:06:26.729+0000][gc,init] Heap Region Size: 1M
[2025-05-24T13:06:26.730+0000][gc,init] Heap Min Capacity: 1G
[2025-05-24T13:06:26.730+0000][gc,init] Heap Initial Capacity: 1G
[2025-05-24T13:06:26.731+0000][gc,init] Heap Max Capacity: 1G
[2025-05-24T13:06:26.731+0000][gc,init] Pre-touch: Disabled
[2025-05-24T13:06:26.731+0000][gc,init] Parallel Workers: 10
[2025-05-24T13:06:26.732+0000][gc,init] Concurrent Workers: 3
[2025-05-24T13:06:26.732+0000][gc,init] Concurrent Refinement Workers: 10
[2025-05-24T13:06:26.732+0000][gc,init] Periodic GC: Disabled
[2025-05-24T13:06:26.808+0000][gc,metaspace] CDS archive(s) mapped at: [0x00007efeaf000000-0x00007efeafbbe000-0x00007efeb2674000), size 57098240, SharedBaseAddress: 0x00007efeaf000000, ArchiveRelocationMode: 1.
[2025-05-24T13:06:26.810+0000][gc,metaspace] Compressed class space mapped at: 0x00007efeb3000000-0x00007efef3000000, reserved size: 1073741824
[2025-05-24T13:06:26.811+0000][gc,metaspace] Narrow klass base: 0x00007efeaf000000, Narrow klass shift: 0, Narrow klass range: 0x100000000
[2025-05-24T13:06:32.764+0000][gc,start    ] GC(0) Pause Young (Normal) (G1 Evacuation Pause)
[2025-05-24T13:06:32.836+0000][gc,task     ] GC(0) Using 10 workers of 10 for evacuation
[2025-05-24T13:06:32.868+0000][gc,phases   ] GC(0)   Pre Evacuate Collection Set: 0.4ms
[2025-05-24T13:06:32.869+0000][gc,phases   ] GC(0)   Merge Heap Roots: 0.1ms
[2025-05-24T13:06:32.869+0000][gc,phases   ] GC(0)   Evacuate Collection Set: 29.2ms
[2025-05-24T13:06:32.870+0000][gc,phases   ] GC(0)   Post Evacuate Collection Set: 2.5ms
[2025-05-24T13:06:32.871+0000][gc,phases   ] GC(0)   Other: 64.6ms
[2025-05-24T13:06:32.873+0000][gc,heap     ] GC(0) Eden regions: 51->0(44)
[2025-05-24T13:06:32.873+0000][gc,heap     ] GC(0) Survivor regions: 0->7(7)
[2025-05-24T13:06:32.876+0000][gc,heap     ] GC(0) Old regions: 1->7
[2025-05-24T13:06:32.877+0000][gc,heap     ] GC(0) Humongous regions: 1->1
[2025-05-24T13:06:32.877+0000][gc,metaspace] GC(0) Metaspace: 5756K(5952K)->5756K(5952K) NonClass: 5087K(5184K)->5087K(5184K) Class: 669K(768K)->669K(768K)
[2025-05-24T13:06:32.877+0000][gc          ] GC(0) Pause Young (Normal) (G1 Evacuation Pause) 52M->14M(1024M) 113.048ms
[2025-05-24T13:06:32.877+0000][gc,cpu      ] GC(0) User=0.10s Sys=0.05s Real=0.11s
[2025-05-24T13:06:34.635+0000][gc,start    ] GC(1) Pause Young (Normal) (G1 Evacuation Pause)
[2025-05-24T13:06:34.636+0000][gc,task     ] GC(1) Using 10 workers of 10 for evacuation
[2025-05-24T13:06:34.673+0000][gc,phases   ] GC(1)   Pre Evacuate Collection Set: 0.3ms
[2025-05-24T13:06:34.673+0000][gc,phases   ] GC(1)   Merge Heap Roots: 0.2ms
[2025-05-24T13:06:34.673+0000][gc,phases   ] GC(1)   Evacuate Collection Set: 34.6ms
[2025-05-24T13:06:34.674+0000][gc,phases   ] GC(1)   Post Evacuate Collection Set: 1.4ms
[2025-05-24T13:06:34.674+0000][gc,phases   ] GC(1)   Other: 0.4ms
[2025-05-24T13:06:34.674+0000][gc,heap     ] GC(1) Eden regions: 44->0(52)
[2025-05-24T13:06:34.674+0000][gc,heap     ] GC(1) Survivor regions: 7->3(7)
[2025-05-24T13:06:34.675+0000][gc,heap     ] GC(1) Old regions: 7->14
[2025-05-24T13:06:34.675+0000][gc,heap     ] GC(1) Humongous regions: 1->1
[2025-05-24T13:06:34.675+0000][gc,metaspace] GC(1) Metaspace: 7578K(7808K)->7578K(7808K) NonClass: 6700K(6848K)->6700K(6848K) Class: 878K(960K)->878K(960K)
[2025-05-24T13:06:34.675+0000][gc          ] GC(1) Pause Young (Normal) (G1 Evacuation Pause) 58M->17M(1024M) 39.663ms
[2025-05-24T13:06:34.675+0000][gc,cpu      ] GC(1) User=0.05s Sys=0.01s Real=0.04s
[2025-05-24T13:06:36.161+0000][gc,start    ] GC(2) Pause Young (Normal) (G1 Evacuation Pause)
[2025-05-24T13:06:36.161+0000][gc,task     ] GC(2) Using 10 workers of 10 for evacuation
[2025-05-24T13:06:36.192+0000][gc,phases   ] GC(2)   Pre Evacuate Collection Set: 0.4ms
[2025-05-24T13:06:36.192+0000][gc,phases   ] GC(2)   Merge Heap Roots: 0.1ms
[2025-05-24T13:06:36.194+0000][gc,phases   ] GC(2)   Evacuate Collection Set: 28.3ms
[2025-05-24T13:06:36.194+0000][gc,phases   ] GC(2)   Post Evacuate Collection Set: 1.2ms
[2025-05-24T13:06:36.194+0000][gc,phases   ] GC(2)   Other: 0.4ms
[2025-05-24T13:06:36.194+0000][gc,heap     ] GC(2) Eden regions: 61->0(252)
[2025-05-24T13:06:36.195+0000][gc,heap     ] GC(2) Survivor regions: 3->5(8)
[2025-05-24T13:06:36.195+0000][gc,heap     ] GC(2) Old regions: 14->14
[2025-05-24T13:06:36.195+0000][gc,heap     ] GC(2) Humongous regions: 1->1
[2025-05-24T13:06:36.195+0000][gc,metaspace] GC(2) Metaspace: 9031K(9344K)->9031K(9344K) NonClass: 7972K(8128K)->7972K(8128K) Class: 1059K(1216K)->1059K(1216K)
[2025-05-24T13:06:36.195+0000][gc          ] GC(2) Pause Young (Normal) (G1 Evacuation Pause) 78M->19M(1024M) 34.393ms
[2025-05-24T13:06:36.196+0000][gc,cpu      ] GC(2) User=0.07s Sys=0.01s Real=0.03s
[2025-05-24T13:07:04.565+0000][gc,start    ] GC(3) Pause Young (Normal) (G1 Evacuation Pause)
[2025-05-24T13:07:04.566+0000][gc,task     ] GC(3) Using 10 workers of 10 for evacuation
[2025-05-24T13:07:04.576+0000][gc,phases   ] GC(3)   Pre Evacuate Collection Set: 0.5ms
[2025-05-24T13:07:04.576+0000][gc,phases   ] GC(3)   Merge Heap Roots: 0.3ms
[2025-05-24T13:07:04.576+0000][gc,phases   ] GC(3)   Evacuate Collection Set: 7.4ms
[2025-05-24T13:07:04.576+0000][gc,phases   ] GC(3)   Post Evacuate Collection Set: 1.3ms
[2025-05-24T13:07:04.577+0000][gc,phases   ] GC(3)   Other: 0.4ms
[2025-05-24T13:07:04.577+0000][gc,heap     ] GC(3) Eden regions: 277->0(608)
[2025-05-24T13:07:04.577+0000][gc,heap     ] GC(3) Survivor regions: 5->6(36)
[2025-05-24T13:07:04.578+0000][gc,heap     ] GC(3) Old regions: 14->14
[2025-05-24T13:07:04.578+0000][gc,heap     ] GC(3) Humongous regions: 1->1
[2025-05-24T13:07:04.578+0000][gc,metaspace] GC(3) Metaspace: 10014K(10368K)->10014K(10368K) NonClass: 8913K(9088K)->8913K(9088K) Class: 1100K(1280K)->1100K(1280K)
[2025-05-24T13:07:04.578+0000][gc          ] GC(3) Pause Young (Normal) (G1 Evacuation Pause) 296M->19M(1024M) 13.006ms
[2025-05-24T13:07:04.578+0000][gc,cpu      ] GC(3) User=0.05s Sys=0.01s Real=0.02s
[2025-05-24T13:08:14.349+0000][gc,start    ] GC(4) Pause Young (Normal) (G1 Evacuation Pause)
[2025-05-24T13:08:14.350+0000][gc,task     ] GC(4) Using 10 workers of 10 for evacuation
[2025-05-24T13:08:14.362+0000][gc,phases   ] GC(4)   Pre Evacuate Collection Set: 0.5ms
[2025-05-24T13:08:14.362+0000][gc,phases   ] GC(4)   Merge Heap Roots: 0.4ms
[2025-05-24T13:08:14.363+0000][gc,phases   ] GC(4)   Evacuate Collection Set: 9.2ms
[2025-05-24T13:08:14.363+0000][gc,phases   ] GC(4)   Post Evacuate Collection Set: 1.8ms
[2025-05-24T13:08:14.363+0000][gc,phases   ] GC(4)   Other: 0.6ms
[2025-05-24T13:08:14.364+0000][gc,heap     ] GC(4) Eden regions: 608->0(609)
[2025-05-24T13:08:14.364+0000][gc,heap     ] GC(4) Survivor regions: 6->5(77)
[2025-05-24T13:08:14.364+0000][gc,heap     ] GC(4) Old regions: 14->14
[2025-05-24T13:08:14.365+0000][gc,heap     ] GC(4) Humongous regions: 1->1
[2025-05-24T13:08:14.365+0000][gc,metaspace] GC(4) Metaspace: 10533K(10880K)->10533K(10880K) NonClass: 9417K(9600K)->9417K(9600K) Class: 1115K(1280K)->1115K(1280K)
[2025-05-24T13:08:14.365+0000][gc          ] GC(4) Pause Young (Normal) (G1 Evacuation Pause) 627M->19M(1024M) 16.639ms
[2025-05-24T13:08:14.365+0000][gc,cpu      ] GC(4) User=0.01s Sys=0.05s Real=0.02s
[2025-05-24T13:09:14.511+0000][gc,start    ] GC(5) Pause Young (Normal) (G1 Evacuation Pause)
[2025-05-24T13:09:14.511+0000][gc,task     ] GC(5) Using 10 workers of 10 for evacuation
[2025-05-24T13:09:14.524+0000][gc,phases   ] GC(5)   Pre Evacuate Collection Set: 0.4ms
[2025-05-24T13:09:14.524+0000][gc,phases   ] GC(5)   Merge Heap Roots: 0.2ms
[2025-05-24T13:09:14.525+0000][gc,phases   ] GC(5)   Evacuate Collection Set: 10.1ms
[2025-05-24T13:09:14.525+0000][gc,phases   ] GC(5)   Post Evacuate Collection Set: 1.4ms
[2025-05-24T13:09:14.526+0000][gc,phases   ] GC(5)   Other: 0.4ms
[2025-05-24T13:09:14.526+0000][gc,heap     ] GC(5) Eden regions: 609->0(608)
[2025-05-24T13:09:14.528+0000][gc,heap     ] GC(5) Survivor regions: 5->6(77)
[2025-05-24T13:09:14.529+0000][gc,heap     ] GC(5) Old regions: 14->14
[2025-05-24T13:09:14.529+0000][gc,heap     ] GC(5) Humongous regions: 1->1
[2025-05-24T13:09:14.529+0000][gc,metaspace] GC(5) Metaspace: 10800K(11200K)->10800K(11200K) NonClass: 9675K(9856K)->9675K(9856K) Class: 1124K(1344K)->1124K(1344K)
[2025-05-24T13:09:14.529+0000][gc          ] GC(5) Pause Young (Normal) (G1 Evacuation Pause) 628M->20M(1024M) 18.558ms
[2025-05-24T13:09:14.530+0000][gc,cpu      ] GC(5) User=0.06s Sys=0.00s Real=0.02s
[2025-05-24T13:10:24.243+0000][gc,start    ] GC(6) Pause Young (Normal) (G1 Evacuation Pause)
[2025-05-24T13:10:24.243+0000][gc,task     ] GC(6) Using 10 workers of 10 for evacuation
[2025-05-24T13:10:24.251+0000][gc,phases   ] GC(6)   Pre Evacuate Collection Set: 0.5ms
[2025-05-24T13:10:24.251+0000][gc,phases   ] GC(6)   Merge Heap Roots: 0.3ms
[2025-05-24T13:10:24.252+0000][gc,phases   ] GC(6)   Evacuate Collection Set: 4.9ms
[2025-05-24T13:10:24.252+0000][gc,phases   ] GC(6)   Post Evacuate Collection Set: 1.6ms
[2025-05-24T13:10:24.252+0000][gc,phases   ] GC(6)   Other: 0.4ms
[2025-05-24T13:10:24.252+0000][gc,heap     ] GC(6) Eden regions: 608->0(609)
[2025-05-24T13:10:24.253+0000][gc,heap     ] GC(6) Survivor regions: 6->5(77)
[2025-05-24T13:10:24.253+0000][gc,heap     ] GC(6) Old regions: 14->14
[2025-05-24T13:10:24.253+0000][gc,heap     ] GC(6) Humongous regions: 1->1
[2025-05-24T13:10:24.253+0000][gc,metaspace] GC(6) Metaspace: 10962K(11392K)->10962K(11392K) NonClass: 9837K(10048K)->9837K(10048K) Class: 1124K(1344K)->1124K(1344K)
[2025-05-24T13:10:24.254+0000][gc          ] GC(6) Pause Young (Normal) (G1 Evacuation Pause) 628M->19M(1024M) 10.788ms
[2025-05-24T13:10:24.254+0000][gc,cpu      ] GC(6) User=0.03s Sys=0.01s Real=0.01s
[2025-05-24T13:11:24.556+0000][gc,start    ] GC(7) Pause Young (Normal) (G1 Evacuation Pause)
[2025-05-24T13:11:24.556+0000][gc,task     ] GC(7) Using 10 workers of 10 for evacuation
[2025-05-24T13:11:24.564+0000][gc,phases   ] GC(7)   Pre Evacuate Collection Set: 0.6ms
[2025-05-24T13:11:24.564+0000][gc,phases   ] GC(7)   Merge Heap Roots: 0.4ms
[2025-05-24T13:11:24.564+0000][gc,phases   ] GC(7)   Evacuate Collection Set: 4.0ms
[2025-05-24T13:11:24.564+0000][gc,phases   ] GC(7)   Post Evacuate Collection Set: 1.5ms
[2025-05-24T13:11:24.565+0000][gc,phases   ] GC(7)   Other: 0.6ms
[2025-05-24T13:11:24.565+0000][gc,heap     ] GC(7) Eden regions: 609->0(607)
[2025-05-24T13:11:24.565+0000][gc,heap     ] GC(7) Survivor regions: 5->7(77)
[2025-05-24T13:11:24.565+0000][gc,heap     ] GC(7) Old regions: 14->14
[2025-05-24T13:11:24.566+0000][gc,heap     ] GC(7) Humongous regions: 1->1
[2025-05-24T13:11:24.566+0000][gc,metaspace] GC(7) Metaspace: 11104K(11520K)->11104K(11520K) NonClass: 9977K(10176K)->9977K(10176K) Class: 1126K(1344K)->1126K(1344K)
[2025-05-24T13:11:24.566+0000][gc          ] GC(7) Pause Young (Normal) (G1 Evacuation Pause) 628M->20M(1024M) 10.352ms
[2025-05-24T13:11:24.566+0000][gc,cpu      ] GC(7) User=0.02s Sys=0.01s Real=0.01s
[2025-05-24T13:12:34.323+0000][gc,start    ] GC(8) Pause Young (Normal) (G1 Evacuation Pause)
[2025-05-24T13:12:34.324+0000][gc,task     ] GC(8) Using 10 workers of 10 for evacuation
[2025-05-24T13:12:34.331+0000][gc,phases   ] GC(8)   Pre Evacuate Collection Set: 0.6ms
[2025-05-24T13:12:34.331+0000][gc,phases   ] GC(8)   Merge Heap Roots: 0.4ms
[2025-05-24T13:12:34.331+0000][gc,phases   ] GC(8)   Evacuate Collection Set: 3.6ms
[2025-05-24T13:12:34.332+0000][gc,phases   ] GC(8)   Post Evacuate Collection Set: 1.6ms
[2025-05-24T13:12:34.332+0000][gc,phases   ] GC(8)   Other: 0.7ms
[2025-05-24T13:12:34.332+0000][gc,heap     ] GC(8) Eden regions: 607->0(609)
[2025-05-24T13:12:34.332+0000][gc,heap     ] GC(8) Survivor regions: 7->5(77)
[2025-05-24T13:12:34.333+0000][gc,heap     ] GC(8) Old regions: 14->14
[2025-05-24T13:12:34.333+0000][gc,heap     ] GC(8) Humongous regions: 1->1
[2025-05-24T13:12:34.333+0000][gc,metaspace] GC(8) Metaspace: 11147K(11520K)->11147K(11520K) NonClass: 10018K(10176K)->10018K(10176K) Class: 1128K(1344K)->1128K(1344K)
[2025-05-24T13:12:34.333+0000][gc          ] GC(8) Pause Young (Normal) (G1 Evacuation Pause) 627M->19M(1024M) 10.184ms
[2025-05-24T13:12:34.334+0000][gc,cpu      ] GC(8) User=0.03s Sys=0.00s Real=0.01s
[2025-05-24T13:13:44.110+0000][gc,start    ] GC(9) Pause Young (Normal) (G1 Evacuation Pause)
[2025-05-24T13:13:44.110+0000][gc,task     ] GC(9) Using 10 workers of 10 for evacuation
[2025-05-24T13:13:44.117+0000][gc,phases   ] GC(9)   Pre Evacuate Collection Set: 0.5ms
[2025-05-24T13:13:44.117+0000][gc,phases   ] GC(9)   Merge Heap Roots: 0.4ms
[2025-05-24T13:13:44.117+0000][gc,phases   ] GC(9)   Evacuate Collection Set: 3.6ms
[2025-05-24T13:13:44.118+0000][gc,phases   ] GC(9)   Post Evacuate Collection Set: 1.5ms
[2025-05-24T13:13:44.118+0000][gc,phases   ] GC(9)   Other: 0.6ms
[2025-05-24T13:13:44.118+0000][gc,heap     ] GC(9) Eden regions: 609->0(609)
[2025-05-24T13:13:44.118+0000][gc,heap     ] GC(9) Survivor regions: 5->5(77)
[2025-05-24T13:13:44.118+0000][gc,heap     ] GC(9) Old regions: 14->14
[2025-05-24T13:13:44.119+0000][gc,heap     ] GC(9) Humongous regions: 1->1
[2025-05-24T13:13:44.119+0000][gc,metaspace] GC(9) Metaspace: 11205K(11584K)->11205K(11584K) NonClass: 10073K(10240K)->10073K(10240K) Class: 1132K(1344K)->1132K(1344K)
[2025-05-24T13:13:44.119+0000][gc          ] GC(9) Pause Young (Normal) (G1 Evacuation Pause) 628M->19M(1024M) 9.726ms
[2025-05-24T13:13:44.120+0000][gc,cpu      ] GC(9) User=0.02s Sys=0.01s Real=0.01s
[2025-05-24T13:14:44.410+0000][gc,start    ] GC(10) Pause Young (Normal) (G1 Evacuation Pause)
[2025-05-24T13:14:44.410+0000][gc,task     ] GC(10) Using 10 workers of 10 for evacuation
[2025-05-24T13:14:44.415+0000][gc,phases   ] GC(10)   Pre Evacuate Collection Set: 0.3ms
[2025-05-24T13:14:44.415+0000][gc,phases   ] GC(10)   Merge Heap Roots: 0.2ms
[2025-05-24T13:14:44.416+0000][gc,phases   ] GC(10)   Evacuate Collection Set: 2.7ms
[2025-05-24T13:14:44.416+0000][gc,phases   ] GC(10)   Post Evacuate Collection Set: 1.5ms
[2025-05-24T13:14:44.416+0000][gc,phases   ] GC(10)   Other: 0.3ms
[2025-05-24T13:14:44.416+0000][gc,heap     ] GC(10) Eden regions: 609->0(608)
[2025-05-24T13:14:44.416+0000][gc,heap     ] GC(10) Survivor regions: 5->6(77)
[2025-05-24T13:14:44.416+0000][gc,heap     ] GC(10) Old regions: 14->14
[2025-05-24T13:14:44.417+0000][gc,heap     ] GC(10) Humongous regions: 1->1
[2025-05-24T13:14:44.417+0000][gc,metaspace] GC(10) Metaspace: 11244K(11648K)->11244K(11648K) NonClass: 10110K(10304K)->10110K(10304K) Class: 1133K(1344K)->1133K(1344K)
[2025-05-24T13:14:44.417+0000][gc          ] GC(10) Pause Young (Normal) (G1 Evacuation Pause) 628M->20M(1024M) 6.957ms
[2025-05-24T13:14:44.417+0000][gc,cpu      ] GC(10) User=0.03s Sys=0.00s Real=0.01s
[2025-05-24T13:15:54.236+0000][gc,start    ] GC(11) Pause Young (Normal) (G1 Evacuation Pause)
[2025-05-24T13:15:54.236+0000][gc,task     ] GC(11) Using 10 workers of 10 for evacuation
[2025-05-24T13:15:54.240+0000][gc,phases   ] GC(11)   Pre Evacuate Collection Set: 0.3ms
[2025-05-24T13:15:54.241+0000][gc,phases   ] GC(11)   Merge Heap Roots: 0.2ms
[2025-05-24T13:15:54.241+0000][gc,phases   ] GC(11)   Evacuate Collection Set: 2.6ms
[2025-05-24T13:15:54.241+0000][gc,phases   ] GC(11)   Post Evacuate Collection Set: 1.2ms
[2025-05-24T13:15:54.241+0000][gc,phases   ] GC(11)   Other: 0.3ms
[2025-05-24T13:15:54.242+0000][gc,heap     ] GC(11) Eden regions: 608->0(609)
[2025-05-24T13:15:54.242+0000][gc,heap     ] GC(11) Survivor regions: 6->5(77)
[2025-05-24T13:15:54.242+0000][gc,heap     ] GC(11) Old regions: 14->14
[2025-05-24T13:15:54.242+0000][gc,heap     ] GC(11) Humongous regions: 1->1
[2025-05-24T13:15:54.242+0000][gc,metaspace] GC(11) Metaspace: 11281K(11712K)->11281K(11712K) NonClass: 10147K(10368K)->10147K(10368K) Class: 1133K(1344K)->1133K(1344K)
[2025-05-24T13:15:54.243+0000][gc          ] GC(11) Pause Young (Normal) (G1 Evacuation Pause) 628M->19M(1024M) 7.140ms
[2025-05-24T13:15:54.243+0000][gc,cpu      ] GC(11) User=0.02s Sys=0.00s Real=0.01s
[2025-05-24T13:17:04.042+0000][gc,start    ] GC(12) Pause Young (Normal) (G1 Evacuation Pause)
[2025-05-24T13:17:04.042+0000][gc,task     ] GC(12) Using 10 workers of 10 for evacuation
[2025-05-24T13:17:04.051+0000][gc,phases   ] GC(12)   Pre Evacuate Collection Set: 0.9ms
[2025-05-24T13:17:04.052+0000][gc,phases   ] GC(12)   Merge Heap Roots: 0.7ms
[2025-05-24T13:17:04.052+0000][gc,phases   ] GC(12)   Evacuate Collection Set: 3.5ms
[2025-05-24T13:17:04.052+0000][gc,phases   ] GC(12)   Post Evacuate Collection Set: 3.4ms
[2025-05-24T13:17:04.053+0000][gc,phases   ] GC(12)   Other: 0.7ms
[2025-05-24T13:17:04.053+0000][gc,heap     ] GC(12) Eden regions: 609->0(609)
[2025-05-24T13:17:04.053+0000][gc,heap     ] GC(12) Survivor regions: 5->5(77)
[2025-05-24T13:17:04.053+0000][gc,heap     ] GC(12) Old regions: 14->14
[2025-05-24T13:17:04.053+0000][gc,heap     ] GC(12) Humongous regions: 1->1
[2025-05-24T13:17:04.053+0000][gc,metaspace] GC(12) Metaspace: 11334K(11712K)->11334K(11712K) NonClass: 10199K(10368K)->10199K(10368K) Class: 1135K(1344K)->1135K(1344K)
[2025-05-24T13:17:04.054+0000][gc          ] GC(12) Pause Young (Normal) (G1 Evacuation Pause) 628M->19M(1024M) 11.959ms
[2025-05-24T13:17:04.054+0000][gc,cpu      ] GC(12) User=0.03s Sys=0.00s Real=0.01s
[2025-05-24T13:18:04.399+0000][gc,start    ] GC(13) Pause Young (Normal) (G1 Evacuation Pause)
[2025-05-24T13:18:04.399+0000][gc,task     ] GC(13) Using 10 workers of 10 for evacuation
[2025-05-24T13:18:04.406+0000][gc,phases   ] GC(13)   Pre Evacuate Collection Set: 0.6ms
[2025-05-24T13:18:04.407+0000][gc,phases   ] GC(13)   Merge Heap Roots: 0.4ms
[2025-05-24T13:18:04.407+0000][gc,phases   ] GC(13)   Evacuate Collection Set: 3.9ms
[2025-05-24T13:18:04.407+0000][gc,phases   ] GC(13)   Post Evacuate Collection Set: 1.6ms
[2025-05-24T13:18:04.407+0000][gc,phases   ] GC(13)   Other: 0.5ms
[2025-05-24T13:18:04.408+0000][gc,heap     ] GC(13) Eden regions: 609->0(608)
[2025-05-24T13:18:04.408+0000][gc,heap     ] GC(13) Survivor regions: 5->6(77)
[2025-05-24T13:18:04.408+0000][gc,heap     ] GC(13) Old regions: 14->14
[2025-05-24T13:18:04.408+0000][gc,heap     ] GC(13) Humongous regions: 1->1
[2025-05-24T13:18:04.408+0000][gc,metaspace] GC(13) Metaspace: 11377K(11776K)->11377K(11776K) NonClass: 10237K(10432K)->10237K(10432K) Class: 1140K(1344K)->1140K(1344K)
[2025-05-24T13:18:04.409+0000][gc          ] GC(13) Pause Young (Normal) (G1 Evacuation Pause) 628M->20M(1024M) 9.660ms
[2025-05-24T13:18:04.409+0000][gc,cpu      ] GC(13) User=0.04s Sys=0.00s Real=0.01s
[2025-05-24T13:18:56.137+0000][gc,heap,exit] Heap
[2025-05-24T13:18:56.137+0000][gc,heap,exit]  garbage-first heap   total 1048576K, used 431246K [0x00000000c0000000, 0x0000000100000000)
[2025-05-24T13:18:56.138+0000][gc,heap,exit]   region size 1024K, 408 young (417792K), 6 survivors (6144K)
[2025-05-24T13:18:56.138+0000][gc,heap,exit]  Metaspace       used 11713K, committed 12096K, reserved 1114112K
[2025-05-24T13:18:56.138+0000][gc,heap,exit]   class space    used 1210K, committed 1408K, reserved 1048576K
