[2025-05-20T23:12:48.499+0000][gc,init] CardTable entry size: 512
[2025-05-20T23:12:48.501+0000][gc     ] Using G1
[2025-05-20T23:12:48.514+0000][gc,init] Version: 21.0.4+7-LTS (release)
[2025-05-20T23:12:48.517+0000][gc,init] CPUs: 12 total, 12 available
[2025-05-20T23:12:48.518+0000][gc,init] Memory: 15597M
[2025-05-20T23:12:48.522+0000][gc,init] Large Page Support: Disabled
[2025-05-20T23:12:48.527+0000][gc,init] NUMA Support: Disabled
[2025-05-20T23:12:48.529+0000][gc,init] Compressed Oops: Enabled (32-bit)
[2025-05-20T23:12:48.531+0000][gc,init] Heap Region Size: 1M
[2025-05-20T23:12:48.532+0000][gc,init] Heap Min Capacity: 1G
[2025-05-20T23:12:48.533+0000][gc,init] Heap Initial Capacity: 1G
[2025-05-20T23:12:48.534+0000][gc,init] Heap Max Capacity: 1G
[2025-05-20T23:12:48.536+0000][gc,init] Pre-touch: Disabled
[2025-05-20T23:12:48.536+0000][gc,init] Parallel Workers: 10
[2025-05-20T23:12:48.537+0000][gc,init] Concurrent Workers: 3
[2025-05-20T23:12:48.538+0000][gc,init] Concurrent Refinement Workers: 10
[2025-05-20T23:12:48.538+0000][gc,init] Periodic GC: Disabled
[2025-05-20T23:12:48.641+0000][gc,metaspace] CDS archive(s) mapped at: [0x00007fc204000000-0x00007fc204bbe000-0x00007fc207674000), size 57098240, SharedBaseAddress: 0x00007fc204000000, ArchiveRelocationMode: 1.
[2025-05-20T23:12:48.641+0000][gc,metaspace] Compressed class space mapped at: 0x00007fc208000000-0x00007fc248000000, reserved size: 1073741824
[2025-05-20T23:12:48.641+0000][gc,metaspace] Narrow klass base: 0x00007fc204000000, Narrow klass shift: 0, Narrow klass range: 0x100000000
[2025-05-20T23:12:55.817+0000][gc,start    ] GC(0) Pause Young (Normal) (G1 Evacuation Pause)
[2025-05-20T23:12:55.834+0000][gc,task     ] GC(0) Using 10 workers of 10 for evacuation
[2025-05-20T23:12:55.924+0000][gc,phases   ] GC(0)   Pre Evacuate Collection Set: 0.3ms
[2025-05-20T23:12:55.924+0000][gc,phases   ] GC(0)   Merge Heap Roots: 0.1ms
[2025-05-20T23:12:55.927+0000][gc,phases   ] GC(0)   Evacuate Collection Set: 76.2ms
[2025-05-20T23:12:55.927+0000][gc,phases   ] GC(0)   Post Evacuate Collection Set: 2.0ms
[2025-05-20T23:12:55.927+0000][gc,phases   ] GC(0)   Other: 28.1ms
[2025-05-20T23:12:55.927+0000][gc,heap     ] GC(0) Eden regions: 51->0(44)
[2025-05-20T23:12:55.928+0000][gc,heap     ] GC(0) Survivor regions: 0->7(7)
[2025-05-20T23:12:55.929+0000][gc,heap     ] GC(0) Old regions: 1->7
[2025-05-20T23:12:55.929+0000][gc,heap     ] GC(0) Humongous regions: 1->1
[2025-05-20T23:12:55.930+0000][gc,metaspace] GC(0) Metaspace: 6090K(6336K)->6090K(6336K) NonClass: 5395K(5504K)->5395K(5504K) Class: 694K(832K)->694K(832K)
[2025-05-20T23:12:55.930+0000][gc          ] GC(0) Pause Young (Normal) (G1 Evacuation Pause) 52M->14M(1024M) 113.335ms
[2025-05-20T23:12:55.930+0000][gc,cpu      ] GC(0) User=0.10s Sys=0.10s Real=0.11s
[2025-05-20T23:12:56.938+0000][gc,start    ] GC(1) Pause Young (Normal) (G1 Evacuation Pause)
[2025-05-20T23:12:56.938+0000][gc,task     ] GC(1) Using 10 workers of 10 for evacuation
[2025-05-20T23:12:56.962+0000][gc,phases   ] GC(1)   Pre Evacuate Collection Set: 0.3ms
[2025-05-20T23:12:56.963+0000][gc,phases   ] GC(1)   Merge Heap Roots: 0.2ms
[2025-05-20T23:12:56.963+0000][gc,phases   ] GC(1)   Evacuate Collection Set: 21.5ms
[2025-05-20T23:12:56.963+0000][gc,phases   ] GC(1)   Post Evacuate Collection Set: 1.8ms
[2025-05-20T23:12:56.963+0000][gc,phases   ] GC(1)   Other: 0.5ms
[2025-05-20T23:12:56.964+0000][gc,heap     ] GC(1) Eden regions: 44->0(61)
[2025-05-20T23:12:56.964+0000][gc,heap     ] GC(1) Survivor regions: 7->3(7)
[2025-05-20T23:12:56.964+0000][gc,heap     ] GC(1) Old regions: 7->14
[2025-05-20T23:12:56.964+0000][gc,heap     ] GC(1) Humongous regions: 1->1
[2025-05-20T23:12:56.964+0000][gc,metaspace] GC(1) Metaspace: 7277K(7616K)->7277K(7616K) NonClass: 6412K(6592K)->6412K(6592K) Class: 864K(1024K)->864K(1024K)
[2025-05-20T23:12:56.964+0000][gc          ] GC(1) Pause Young (Normal) (G1 Evacuation Pause) 58M->17M(1024M) 26.928ms
[2025-05-20T23:12:56.965+0000][gc,cpu      ] GC(1) User=0.07s Sys=0.00s Real=0.02s
[2025-05-20T23:12:59.185+0000][gc,start    ] GC(2) Pause Young (Normal) (G1 Evacuation Pause)
[2025-05-20T23:12:59.186+0000][gc,task     ] GC(2) Using 10 workers of 10 for evacuation
[2025-05-20T23:12:59.229+0000][gc,phases   ] GC(2)   Pre Evacuate Collection Set: 0.7ms
[2025-05-20T23:12:59.229+0000][gc,phases   ] GC(2)   Merge Heap Roots: 0.2ms
[2025-05-20T23:12:59.229+0000][gc,phases   ] GC(2)   Evacuate Collection Set: 41.2ms
[2025-05-20T23:12:59.229+0000][gc,phases   ] GC(2)   Post Evacuate Collection Set: 1.0ms
[2025-05-20T23:12:59.230+0000][gc,phases   ] GC(2)   Other: 0.3ms
[2025-05-20T23:12:59.230+0000][gc,heap     ] GC(2) Eden regions: 70->0(519)
[2025-05-20T23:12:59.230+0000][gc,heap     ] GC(2) Survivor regions: 3->5(10)
[2025-05-20T23:12:59.230+0000][gc,heap     ] GC(2) Old regions: 14->14
[2025-05-20T23:12:59.231+0000][gc,heap     ] GC(2) Humongous regions: 1->1
[2025-05-20T23:12:59.233+0000][gc,metaspace] GC(2) Metaspace: 8901K(9216K)->8901K(9216K) NonClass: 7852K(8000K)->7852K(8000K) Class: 1048K(1216K)->1048K(1216K)
[2025-05-20T23:12:59.234+0000][gc          ] GC(2) Pause Young (Normal) (G1 Evacuation Pause) 87M->19M(1024M) 49.375ms
[2025-05-20T23:12:59.239+0000][gc,cpu      ] GC(2) User=0.08s Sys=0.01s Real=0.05s
[2025-05-20T23:14:05.528+0000][gc,start    ] GC(3) Pause Young (Normal) (G1 Evacuation Pause)
[2025-05-20T23:14:05.528+0000][gc,task     ] GC(3) Using 10 workers of 10 for evacuation
[2025-05-20T23:14:05.537+0000][gc,phases   ] GC(3)   Pre Evacuate Collection Set: 0.7ms
[2025-05-20T23:14:05.537+0000][gc,phases   ] GC(3)   Merge Heap Roots: 0.2ms
[2025-05-20T23:14:05.537+0000][gc,phases   ] GC(3)   Evacuate Collection Set: 5.8ms
[2025-05-20T23:14:05.537+0000][gc,phases   ] GC(3)   Post Evacuate Collection Set: 1.1ms
[2025-05-20T23:14:05.537+0000][gc,phases   ] GC(3)   Other: 0.5ms
[2025-05-20T23:14:05.537+0000][gc,heap     ] GC(3) Eden regions: 570->0(609)
[2025-05-20T23:14:05.537+0000][gc,heap     ] GC(3) Survivor regions: 5->5(72)
[2025-05-20T23:14:05.537+0000][gc,heap     ] GC(3) Old regions: 14->14
[2025-05-20T23:14:05.538+0000][gc,heap     ] GC(3) Humongous regions: 1->1
[2025-05-20T23:14:05.538+0000][gc,metaspace] GC(3) Metaspace: 10255K(10624K)->10255K(10624K) NonClass: 9162K(9344K)->9162K(9344K) Class: 1092K(1280K)->1092K(1280K)
[2025-05-20T23:14:05.538+0000][gc          ] GC(3) Pause Young (Normal) (G1 Evacuation Pause) 589M->19M(1024M) 10.086ms
[2025-05-20T23:14:05.538+0000][gc,cpu      ] GC(3) User=0.03s Sys=0.01s Real=0.01s
[2025-05-20T23:15:15.459+0000][gc,start    ] GC(4) Pause Young (Normal) (G1 Evacuation Pause)
[2025-05-20T23:15:15.460+0000][gc,task     ] GC(4) Using 10 workers of 10 for evacuation
[2025-05-20T23:15:15.465+0000][gc,phases   ] GC(4)   Pre Evacuate Collection Set: 0.3ms
[2025-05-20T23:15:15.465+0000][gc,phases   ] GC(4)   Merge Heap Roots: 0.2ms
[2025-05-20T23:15:15.466+0000][gc,phases   ] GC(4)   Evacuate Collection Set: 3.7ms
[2025-05-20T23:15:15.466+0000][gc,phases   ] GC(4)   Post Evacuate Collection Set: 1.0ms
[2025-05-20T23:15:15.466+0000][gc,phases   ] GC(4)   Other: 0.4ms
[2025-05-20T23:15:15.466+0000][gc,heap     ] GC(4) Eden regions: 609->0(609)
[2025-05-20T23:15:15.466+0000][gc,heap     ] GC(4) Survivor regions: 5->5(77)
[2025-05-20T23:15:15.466+0000][gc,heap     ] GC(4) Old regions: 14->14
[2025-05-20T23:15:15.466+0000][gc,heap     ] GC(4) Humongous regions: 1->1
[2025-05-20T23:15:15.467+0000][gc,metaspace] GC(4) Metaspace: 10591K(10944K)->10591K(10944K) NonClass: 9495K(9664K)->9495K(9664K) Class: 1096K(1280K)->1096K(1280K)
[2025-05-20T23:15:15.467+0000][gc          ] GC(4) Pause Young (Normal) (G1 Evacuation Pause) 628M->19M(1024M) 7.581ms
[2025-05-20T23:15:15.467+0000][gc,cpu      ] GC(4) User=0.02s Sys=0.00s Real=0.00s
[2025-05-20T23:16:15.726+0000][gc,start    ] GC(5) Pause Young (Normal) (G1 Evacuation Pause)
[2025-05-20T23:16:15.726+0000][gc,task     ] GC(5) Using 10 workers of 10 for evacuation
[2025-05-20T23:16:15.732+0000][gc,phases   ] GC(5)   Pre Evacuate Collection Set: 0.4ms
[2025-05-20T23:16:15.732+0000][gc,phases   ] GC(5)   Merge Heap Roots: 0.2ms
[2025-05-20T23:16:15.733+0000][gc,phases   ] GC(5)   Evacuate Collection Set: 3.9ms
[2025-05-20T23:16:15.733+0000][gc,phases   ] GC(5)   Post Evacuate Collection Set: 1.0ms
[2025-05-20T23:16:15.733+0000][gc,phases   ] GC(5)   Other: 0.4ms
[2025-05-20T23:16:15.733+0000][gc,heap     ] GC(5) Eden regions: 609->0(607)
[2025-05-20T23:16:15.733+0000][gc,heap     ] GC(5) Survivor regions: 5->7(77)
[2025-05-20T23:16:15.733+0000][gc,heap     ] GC(5) Old regions: 14->14
[2025-05-20T23:16:15.733+0000][gc,heap     ] GC(5) Humongous regions: 1->1
[2025-05-20T23:16:15.733+0000][gc,metaspace] GC(5) Metaspace: 10862K(11264K)->10862K(11264K) NonClass: 9758K(9920K)->9758K(9920K) Class: 1104K(1344K)->1104K(1344K)
[2025-05-20T23:16:15.734+0000][gc          ] GC(5) Pause Young (Normal) (G1 Evacuation Pause) 628M->21M(1024M) 7.733ms
[2025-05-20T23:16:15.734+0000][gc,cpu      ] GC(5) User=0.04s Sys=0.01s Real=0.00s
[2025-05-20T23:17:25.665+0000][gc,start    ] GC(6) Pause Young (Normal) (G1 Evacuation Pause)
[2025-05-20T23:17:25.666+0000][gc,task     ] GC(6) Using 10 workers of 10 for evacuation
[2025-05-20T23:17:25.670+0000][gc,phases   ] GC(6)   Pre Evacuate Collection Set: 0.4ms
[2025-05-20T23:17:25.670+0000][gc,phases   ] GC(6)   Merge Heap Roots: 0.3ms
[2025-05-20T23:17:25.670+0000][gc,phases   ] GC(6)   Evacuate Collection Set: 2.1ms
[2025-05-20T23:17:25.671+0000][gc,phases   ] GC(6)   Post Evacuate Collection Set: 1.2ms
[2025-05-20T23:17:25.671+0000][gc,phases   ] GC(6)   Other: 0.4ms
[2025-05-20T23:17:25.671+0000][gc,heap     ] GC(6) Eden regions: 607->0(608)
[2025-05-20T23:17:25.671+0000][gc,heap     ] GC(6) Survivor regions: 7->6(77)
[2025-05-20T23:17:25.671+0000][gc,heap     ] GC(6) Old regions: 14->14
[2025-05-20T23:17:25.671+0000][gc,heap     ] GC(6) Humongous regions: 1->1
[2025-05-20T23:17:25.671+0000][gc,metaspace] GC(6) Metaspace: 11007K(11456K)->11007K(11456K) NonClass: 9901K(10112K)->9901K(10112K) Class: 1105K(1344K)->1105K(1344K)
[2025-05-20T23:17:25.672+0000][gc          ] GC(6) Pause Young (Normal) (G1 Evacuation Pause) 628M->20M(1024M) 6.356ms
[2025-05-20T23:17:25.672+0000][gc,cpu      ] GC(6) User=0.02s Sys=0.00s Real=0.00s
[2025-05-20T23:18:35.606+0000][gc,start    ] GC(7) Pause Young (Normal) (G1 Evacuation Pause)
[2025-05-20T23:18:35.606+0000][gc,task     ] GC(7) Using 10 workers of 10 for evacuation
[2025-05-20T23:18:35.611+0000][gc,phases   ] GC(7)   Pre Evacuate Collection Set: 0.4ms
[2025-05-20T23:18:35.611+0000][gc,phases   ] GC(7)   Merge Heap Roots: 0.2ms
[2025-05-20T23:18:35.611+0000][gc,phases   ] GC(7)   Evacuate Collection Set: 2.4ms
[2025-05-20T23:18:35.611+0000][gc,phases   ] GC(7)   Post Evacuate Collection Set: 1.0ms
[2025-05-20T23:18:35.611+0000][gc,phases   ] GC(7)   Other: 0.3ms
[2025-05-20T23:18:35.612+0000][gc,heap     ] GC(7) Eden regions: 608->0(608)
[2025-05-20T23:18:35.612+0000][gc,heap     ] GC(7) Survivor regions: 6->6(77)
[2025-05-20T23:18:35.612+0000][gc,heap     ] GC(7) Old regions: 14->14
[2025-05-20T23:18:35.612+0000][gc,heap     ] GC(7) Humongous regions: 1->1
[2025-05-20T23:18:35.612+0000][gc,metaspace] GC(7) Metaspace: 11057K(11456K)->11057K(11456K) NonClass: 9949K(10112K)->9949K(10112K) Class: 1107K(1344K)->1107K(1344K)
[2025-05-20T23:18:35.612+0000][gc          ] GC(7) Pause Young (Normal) (G1 Evacuation Pause) 628M->20M(1024M) 6.404ms
[2025-05-20T23:18:35.613+0000][gc,cpu      ] GC(7) User=0.01s Sys=0.01s Real=0.01s
[2025-05-20T23:19:45.532+0000][gc,start    ] GC(8) Pause Young (Normal) (G1 Evacuation Pause)
[2025-05-20T23:19:45.532+0000][gc,task     ] GC(8) Using 10 workers of 10 for evacuation
[2025-05-20T23:19:45.536+0000][gc,phases   ] GC(8)   Pre Evacuate Collection Set: 0.3ms
[2025-05-20T23:19:45.537+0000][gc,phases   ] GC(8)   Merge Heap Roots: 0.2ms
[2025-05-20T23:19:45.537+0000][gc,phases   ] GC(8)   Evacuate Collection Set: 2.2ms
[2025-05-20T23:19:45.537+0000][gc,phases   ] GC(8)   Post Evacuate Collection Set: 1.0ms
[2025-05-20T23:19:45.537+0000][gc,phases   ] GC(8)   Other: 0.4ms
[2025-05-20T23:19:45.537+0000][gc,heap     ] GC(8) Eden regions: 608->0(608)
[2025-05-20T23:19:45.537+0000][gc,heap     ] GC(8) Survivor regions: 6->6(77)
[2025-05-20T23:19:45.537+0000][gc,heap     ] GC(8) Old regions: 14->14
[2025-05-20T23:19:45.538+0000][gc,heap     ] GC(8) Humongous regions: 1->1
[2025-05-20T23:19:45.538+0000][gc,metaspace] GC(8) Metaspace: 11085K(11456K)->11085K(11456K) NonClass: 9977K(10112K)->9977K(10112K) Class: 1108K(1344K)->1108K(1344K)
[2025-05-20T23:19:45.538+0000][gc          ] GC(8) Pause Young (Normal) (G1 Evacuation Pause) 628M->20M(1024M) 5.892ms
[2025-05-20T23:19:45.538+0000][gc,cpu      ] GC(8) User=0.02s Sys=0.00s Real=0.01s
[2025-05-20T23:20:55.488+0000][gc,start    ] GC(9) Pause Young (Normal) (G1 Evacuation Pause)
[2025-05-20T23:20:55.488+0000][gc,task     ] GC(9) Using 10 workers of 10 for evacuation
[2025-05-20T23:20:55.492+0000][gc,phases   ] GC(9)   Pre Evacuate Collection Set: 0.3ms
[2025-05-20T23:20:55.492+0000][gc,phases   ] GC(9)   Merge Heap Roots: 0.2ms
[2025-05-20T23:20:55.492+0000][gc,phases   ] GC(9)   Evacuate Collection Set: 2.2ms
[2025-05-20T23:20:55.492+0000][gc,phases   ] GC(9)   Post Evacuate Collection Set: 1.0ms
[2025-05-20T23:20:55.493+0000][gc,phases   ] GC(9)   Other: 0.3ms
[2025-05-20T23:20:55.493+0000][gc,heap     ] GC(9) Eden regions: 608->0(608)
[2025-05-20T23:20:55.493+0000][gc,heap     ] GC(9) Survivor regions: 6->6(77)
[2025-05-20T23:20:55.493+0000][gc,heap     ] GC(9) Old regions: 14->14
[2025-05-20T23:20:55.493+0000][gc,heap     ] GC(9) Humongous regions: 1->1
[2025-05-20T23:20:55.493+0000][gc,metaspace] GC(9) Metaspace: 11143K(11584K)->11143K(11584K) NonClass: 10031K(10240K)->10031K(10240K) Class: 1111K(1344K)->1111K(1344K)
[2025-05-20T23:20:55.493+0000][gc          ] GC(9) Pause Young (Normal) (G1 Evacuation Pause) 628M->19M(1024M) 5.598ms
[2025-05-20T23:20:55.493+0000][gc,cpu      ] GC(9) User=0.02s Sys=0.00s Real=0.01s
[2025-05-20T23:22:05.454+0000][gc,start    ] GC(10) Pause Young (Normal) (G1 Evacuation Pause)
[2025-05-20T23:22:05.455+0000][gc,task     ] GC(10) Using 10 workers of 10 for evacuation
[2025-05-20T23:22:05.459+0000][gc,phases   ] GC(10)   Pre Evacuate Collection Set: 0.4ms
[2025-05-20T23:22:05.459+0000][gc,phases   ] GC(10)   Merge Heap Roots: 0.2ms
[2025-05-20T23:22:05.459+0000][gc,phases   ] GC(10)   Evacuate Collection Set: 2.2ms
[2025-05-20T23:22:05.459+0000][gc,phases   ] GC(10)   Post Evacuate Collection Set: 1.0ms
[2025-05-20T23:22:05.460+0000][gc,phases   ] GC(10)   Other: 0.3ms
[2025-05-20T23:22:05.460+0000][gc,heap     ] GC(10) Eden regions: 608->0(609)
[2025-05-20T23:22:05.460+0000][gc,heap     ] GC(10) Survivor regions: 6->5(77)
[2025-05-20T23:22:05.460+0000][gc,heap     ] GC(10) Old regions: 14->14
[2025-05-20T23:22:05.460+0000][gc,heap     ] GC(10) Humongous regions: 1->1
[2025-05-20T23:22:05.460+0000][gc,metaspace] GC(10) Metaspace: 11181K(11584K)->11181K(11584K) NonClass: 10070K(10240K)->10070K(10240K) Class: 1111K(1344K)->1111K(1344K)
[2025-05-20T23:22:05.460+0000][gc          ] GC(10) Pause Young (Normal) (G1 Evacuation Pause) 627M->19M(1024M) 5.805ms
[2025-05-20T23:22:05.460+0000][gc,cpu      ] GC(10) User=0.02s Sys=0.00s Real=0.01s
[2025-05-20T23:23:15.411+0000][gc,start    ] GC(11) Pause Young (Normal) (G1 Evacuation Pause)
[2025-05-20T23:23:15.412+0000][gc,task     ] GC(11) Using 10 workers of 10 for evacuation
[2025-05-20T23:23:15.415+0000][gc,phases   ] GC(11)   Pre Evacuate Collection Set: 0.3ms
[2025-05-20T23:23:15.416+0000][gc,phases   ] GC(11)   Merge Heap Roots: 0.2ms
[2025-05-20T23:23:15.416+0000][gc,phases   ] GC(11)   Evacuate Collection Set: 2.1ms
[2025-05-20T23:23:15.416+0000][gc,phases   ] GC(11)   Post Evacuate Collection Set: 1.0ms
[2025-05-20T23:23:15.416+0000][gc,phases   ] GC(11)   Other: 0.3ms
[2025-05-20T23:23:15.416+0000][gc,heap     ] GC(11) Eden regions: 609->0(609)
[2025-05-20T23:23:15.417+0000][gc,heap     ] GC(11) Survivor regions: 5->5(77)
[2025-05-20T23:23:15.417+0000][gc,heap     ] GC(11) Old regions: 14->14
[2025-05-20T23:23:15.417+0000][gc,heap     ] GC(11) Humongous regions: 1->1
[2025-05-20T23:23:15.417+0000][gc,metaspace] GC(11) Metaspace: 11218K(11648K)->11218K(11648K) NonClass: 10102K(10304K)->10102K(10304K) Class: 1115K(1344K)->1115K(1344K)
[2025-05-20T23:23:15.417+0000][gc          ] GC(11) Pause Young (Normal) (G1 Evacuation Pause) 628M->19M(1024M) 6.006ms
[2025-05-20T23:23:15.417+0000][gc,cpu      ] GC(11) User=0.02s Sys=0.00s Real=0.01s
[2025-05-20T23:24:15.714+0000][gc,start    ] GC(12) Pause Young (Normal) (G1 Evacuation Pause)
[2025-05-20T23:24:15.714+0000][gc,task     ] GC(12) Using 10 workers of 10 for evacuation
[2025-05-20T23:24:15.718+0000][gc,phases   ] GC(12)   Pre Evacuate Collection Set: 0.4ms
[2025-05-20T23:24:15.718+0000][gc,phases   ] GC(12)   Merge Heap Roots: 0.2ms
[2025-05-20T23:24:15.718+0000][gc,phases   ] GC(12)   Evacuate Collection Set: 2.3ms
[2025-05-20T23:24:15.719+0000][gc,phases   ] GC(12)   Post Evacuate Collection Set: 1.0ms
[2025-05-20T23:24:15.719+0000][gc,phases   ] GC(12)   Other: 0.3ms
[2025-05-20T23:24:15.719+0000][gc,heap     ] GC(12) Eden regions: 609->0(607)
[2025-05-20T23:24:15.719+0000][gc,heap     ] GC(12) Survivor regions: 5->7(77)
[2025-05-20T23:24:15.719+0000][gc,heap     ] GC(12) Old regions: 14->14
[2025-05-20T23:24:15.719+0000][gc,heap     ] GC(12) Humongous regions: 1->1
[2025-05-20T23:24:15.719+0000][gc,metaspace] GC(12) Metaspace: 11286K(11648K)->11286K(11648K) NonClass: 10165K(10304K)->10165K(10304K) Class: 1120K(1344K)->1120K(1344K)
[2025-05-20T23:24:15.719+0000][gc          ] GC(12) Pause Young (Normal) (G1 Evacuation Pause) 628M->21M(1024M) 5.656ms
[2025-05-20T23:24:15.719+0000][gc,cpu      ] GC(12) User=0.02s Sys=0.00s Real=0.01s
[2025-05-20T23:25:25.646+0000][gc,start    ] GC(13) Pause Young (Normal) (G1 Evacuation Pause)
[2025-05-20T23:25:25.647+0000][gc,task     ] GC(13) Using 10 workers of 10 for evacuation
[2025-05-20T23:25:25.651+0000][gc,phases   ] GC(13)   Pre Evacuate Collection Set: 0.3ms
[2025-05-20T23:25:25.651+0000][gc,phases   ] GC(13)   Merge Heap Roots: 0.3ms
[2025-05-20T23:25:25.651+0000][gc,phases   ] GC(13)   Evacuate Collection Set: 2.1ms
[2025-05-20T23:25:25.651+0000][gc,phases   ] GC(13)   Post Evacuate Collection Set: 1.1ms
[2025-05-20T23:25:25.651+0000][gc,phases   ] GC(13)   Other: 0.5ms
[2025-05-20T23:25:25.652+0000][gc,heap     ] GC(13) Eden regions: 607->0(607)
[2025-05-20T23:25:25.652+0000][gc,heap     ] GC(13) Survivor regions: 7->7(77)
[2025-05-20T23:25:25.652+0000][gc,heap     ] GC(13) Old regions: 14->14
[2025-05-20T23:25:25.652+0000][gc,heap     ] GC(13) Humongous regions: 1->1
[2025-05-20T23:25:25.652+0000][gc,metaspace] GC(13) Metaspace: 11290K(11648K)->11290K(11648K) NonClass: 10170K(10304K)->10170K(10304K) Class: 1120K(1344K)->1120K(1344K)
[2025-05-20T23:25:25.652+0000][gc          ] GC(13) Pause Young (Normal) (G1 Evacuation Pause) 628M->21M(1024M) 6.242ms
[2025-05-20T23:25:25.653+0000][gc,cpu      ] GC(13) User=0.02s Sys=0.00s Real=0.01s
[2025-05-20T23:26:35.614+0000][gc,start    ] GC(14) Pause Young (Normal) (G1 Evacuation Pause)
[2025-05-20T23:26:35.614+0000][gc,task     ] GC(14) Using 10 workers of 10 for evacuation
[2025-05-20T23:26:35.619+0000][gc,phases   ] GC(14)   Pre Evacuate Collection Set: 0.4ms
[2025-05-20T23:26:35.619+0000][gc,phases   ] GC(14)   Merge Heap Roots: 0.2ms
[2025-05-20T23:26:35.619+0000][gc,phases   ] GC(14)   Evacuate Collection Set: 2.5ms
[2025-05-20T23:26:35.619+0000][gc,phases   ] GC(14)   Post Evacuate Collection Set: 1.0ms
[2025-05-20T23:26:35.619+0000][gc,phases   ] GC(14)   Other: 0.3ms
[2025-05-20T23:26:35.619+0000][gc,heap     ] GC(14) Eden regions: 607->0(607)
[2025-05-20T23:26:35.620+0000][gc,heap     ] GC(14) Survivor regions: 7->7(77)
[2025-05-20T23:26:35.620+0000][gc,heap     ] GC(14) Old regions: 14->14
[2025-05-20T23:26:35.620+0000][gc,heap     ] GC(14) Humongous regions: 1->1
[2025-05-20T23:26:35.620+0000][gc,metaspace] GC(14) Metaspace: 11315K(11712K)->11315K(11712K) NonClass: 10195K(10368K)->10195K(10368K) Class: 1120K(1344K)->1120K(1344K)
[2025-05-20T23:26:35.620+0000][gc          ] GC(14) Pause Young (Normal) (G1 Evacuation Pause) 628M->21M(1024M) 6.380ms
[2025-05-20T23:26:35.620+0000][gc,cpu      ] GC(14) User=0.02s Sys=0.00s Real=0.01s
[2025-05-20T23:27:45.603+0000][gc,start    ] GC(15) Pause Young (Normal) (G1 Evacuation Pause)
[2025-05-20T23:27:45.603+0000][gc,task     ] GC(15) Using 10 workers of 10 for evacuation
[2025-05-20T23:27:45.608+0000][gc,phases   ] GC(15)   Pre Evacuate Collection Set: 0.3ms
[2025-05-20T23:27:45.609+0000][gc,phases   ] GC(15)   Merge Heap Roots: 0.3ms
[2025-05-20T23:27:45.609+0000][gc,phases   ] GC(15)   Evacuate Collection Set: 2.8ms
[2025-05-20T23:27:45.609+0000][gc,phases   ] GC(15)   Post Evacuate Collection Set: 1.2ms
[2025-05-20T23:27:45.609+0000][gc,phases   ] GC(15)   Other: 0.3ms
[2025-05-20T23:27:45.609+0000][gc,heap     ] GC(15) Eden regions: 607->0(608)
[2025-05-20T23:27:45.609+0000][gc,heap     ] GC(15) Survivor regions: 7->6(77)
[2025-05-20T23:27:45.610+0000][gc,heap     ] GC(15) Old regions: 14->14
[2025-05-20T23:27:45.610+0000][gc,heap     ] GC(15) Humongous regions: 1->1
[2025-05-20T23:27:45.610+0000][gc,metaspace] GC(15) Metaspace: 11357K(11776K)->11357K(11776K) NonClass: 10237K(10432K)->10237K(10432K) Class: 1120K(1344K)->1120K(1344K)
[2025-05-20T23:27:45.610+0000][gc          ] GC(15) Pause Young (Normal) (G1 Evacuation Pause) 628M->20M(1024M) 7.179ms
[2025-05-20T23:27:45.610+0000][gc,cpu      ] GC(15) User=0.02s Sys=0.00s Real=0.01s
[2025-05-20T23:28:55.563+0000][gc,start    ] GC(16) Pause Young (Normal) (G1 Evacuation Pause)
[2025-05-20T23:28:55.563+0000][gc,task     ] GC(16) Using 10 workers of 10 for evacuation
[2025-05-20T23:28:55.570+0000][gc,phases   ] GC(16)   Pre Evacuate Collection Set: 0.4ms
[2025-05-20T23:28:55.570+0000][gc,phases   ] GC(16)   Merge Heap Roots: 0.2ms
[2025-05-20T23:28:55.570+0000][gc,phases   ] GC(16)   Evacuate Collection Set: 4.3ms
[2025-05-20T23:28:55.570+0000][gc,phases   ] GC(16)   Post Evacuate Collection Set: 1.0ms
[2025-05-20T23:28:55.570+0000][gc,phases   ] GC(16)   Other: 0.4ms
[2025-05-20T23:28:55.571+0000][gc,heap     ] GC(16) Eden regions: 608->0(609)
[2025-05-20T23:28:55.571+0000][gc,heap     ] GC(16) Survivor regions: 6->5(77)
[2025-05-20T23:28:55.571+0000][gc,heap     ] GC(16) Old regions: 14->16
[2025-05-20T23:28:55.571+0000][gc,heap     ] GC(16) Humongous regions: 1->1
[2025-05-20T23:28:55.571+0000][gc,metaspace] GC(16) Metaspace: 11386K(11776K)->11386K(11776K) NonClass: 10265K(10432K)->10265K(10432K) Class: 1120K(1344K)->1120K(1344K)
[2025-05-20T23:28:55.571+0000][gc          ] GC(16) Pause Young (Normal) (G1 Evacuation Pause) 628M->20M(1024M) 8.464ms
[2025-05-20T23:28:55.571+0000][gc,cpu      ] GC(16) User=0.03s Sys=0.00s Real=0.01s
[2025-05-20T23:30:05.535+0000][gc,start    ] GC(17) Pause Young (Normal) (G1 Evacuation Pause)
[2025-05-20T23:30:05.536+0000][gc,task     ] GC(17) Using 10 workers of 10 for evacuation
[2025-05-20T23:30:05.541+0000][gc,phases   ] GC(17)   Pre Evacuate Collection Set: 0.4ms
[2025-05-20T23:30:05.541+0000][gc,phases   ] GC(17)   Merge Heap Roots: 0.2ms
[2025-05-20T23:30:05.541+0000][gc,phases   ] GC(17)   Evacuate Collection Set: 3.0ms
[2025-05-20T23:30:05.541+0000][gc,phases   ] GC(17)   Post Evacuate Collection Set: 1.0ms
[2025-05-20T23:30:05.542+0000][gc,phases   ] GC(17)   Other: 0.3ms
[2025-05-20T23:30:05.542+0000][gc,heap     ] GC(17) Eden regions: 609->0(611)
[2025-05-20T23:30:05.542+0000][gc,heap     ] GC(17) Survivor regions: 5->3(77)
[2025-05-20T23:30:05.542+0000][gc,heap     ] GC(17) Old regions: 16->18
[2025-05-20T23:30:05.542+0000][gc,heap     ] GC(17) Humongous regions: 1->1
[2025-05-20T23:30:05.542+0000][gc,metaspace] GC(17) Metaspace: 11433K(11776K)->11433K(11776K) NonClass: 10312K(10432K)->10312K(10432K) Class: 1120K(1344K)->1120K(1344K)
[2025-05-20T23:30:05.542+0000][gc          ] GC(17) Pause Young (Normal) (G1 Evacuation Pause) 629M->20M(1024M) 7.140ms
[2025-05-20T23:30:05.543+0000][gc,cpu      ] GC(17) User=0.03s Sys=0.00s Real=0.01s
[2025-05-20T23:31:15.498+0000][gc,start    ] GC(18) Pause Young (Normal) (G1 Evacuation Pause)
[2025-05-20T23:31:15.499+0000][gc,task     ] GC(18) Using 10 workers of 10 for evacuation
[2025-05-20T23:31:15.502+0000][gc,phases   ] GC(18)   Pre Evacuate Collection Set: 0.3ms
[2025-05-20T23:31:15.502+0000][gc,phases   ] GC(18)   Merge Heap Roots: 0.2ms
[2025-05-20T23:31:15.503+0000][gc,phases   ] GC(18)   Evacuate Collection Set: 1.4ms
[2025-05-20T23:31:15.503+0000][gc,phases   ] GC(18)   Post Evacuate Collection Set: 1.1ms
[2025-05-20T23:31:15.503+0000][gc,phases   ] GC(18)   Other: 0.3ms
[2025-05-20T23:31:15.503+0000][gc,heap     ] GC(18) Eden regions: 611->0(612)
[2025-05-20T23:31:15.503+0000][gc,heap     ] GC(18) Survivor regions: 3->2(77)
[2025-05-20T23:31:15.503+0000][gc,heap     ] GC(18) Old regions: 18->18
[2025-05-20T23:31:15.503+0000][gc,heap     ] GC(18) Humongous regions: 1->1
[2025-05-20T23:31:15.504+0000][gc,metaspace] GC(18) Metaspace: 11451K(11904K)->11451K(11904K) NonClass: 10329K(10560K)->10329K(10560K) Class: 1121K(1344K)->1121K(1344K)
[2025-05-20T23:31:15.504+0000][gc          ] GC(18) Pause Young (Normal) (G1 Evacuation Pause) 631M->20M(1024M) 5.253ms
[2025-05-20T23:31:15.504+0000][gc,cpu      ] GC(18) User=0.02s Sys=0.00s Real=0.00s
[2025-05-20T23:32:25.593+0000][gc,start    ] GC(19) Pause Young (Normal) (G1 Evacuation Pause)
[2025-05-20T23:32:25.595+0000][gc,task     ] GC(19) Using 10 workers of 10 for evacuation
[2025-05-20T23:32:25.607+0000][gc,phases   ] GC(19)   Pre Evacuate Collection Set: 0.4ms
[2025-05-20T23:32:25.608+0000][gc,phases   ] GC(19)   Merge Heap Roots: 0.1ms
[2025-05-20T23:32:25.608+0000][gc,phases   ] GC(19)   Evacuate Collection Set: 9.1ms
[2025-05-20T23:32:25.609+0000][gc,phases   ] GC(19)   Post Evacuate Collection Set: 2.2ms
[2025-05-20T23:32:25.609+0000][gc,phases   ] GC(19)   Other: 0.6ms
[2025-05-20T23:32:25.610+0000][gc,heap     ] GC(19) Eden regions: 612->0(612)
[2025-05-20T23:32:25.610+0000][gc,heap     ] GC(19) Survivor regions: 2->2(77)
[2025-05-20T23:32:25.611+0000][gc,heap     ] GC(19) Old regions: 18->19
[2025-05-20T23:32:25.612+0000][gc,heap     ] GC(19) Humongous regions: 1->1
[2025-05-20T23:32:25.612+0000][gc,metaspace] GC(19) Metaspace: 11459K(11904K)->11459K(11904K) NonClass: 10338K(10560K)->10338K(10560K) Class: 1121K(1344K)->1121K(1344K)
[2025-05-20T23:32:25.612+0000][gc          ] GC(19) Pause Young (Normal) (G1 Evacuation Pause) 632M->20M(1024M) 19.289ms
[2025-05-20T23:32:25.614+0000][gc,cpu      ] GC(19) User=0.01s Sys=0.00s Real=0.02s
[2025-05-20T23:33:35.466+0000][gc,start    ] GC(20) Pause Young (Normal) (G1 Evacuation Pause)
[2025-05-20T23:33:35.466+0000][gc,task     ] GC(20) Using 10 workers of 10 for evacuation
[2025-05-20T23:33:35.470+0000][gc,phases   ] GC(20)   Pre Evacuate Collection Set: 0.4ms
[2025-05-20T23:33:35.470+0000][gc,phases   ] GC(20)   Merge Heap Roots: 0.3ms
[2025-05-20T23:33:35.471+0000][gc,phases   ] GC(20)   Evacuate Collection Set: 1.5ms
[2025-05-20T23:33:35.471+0000][gc,phases   ] GC(20)   Post Evacuate Collection Set: 1.1ms
[2025-05-20T23:33:35.471+0000][gc,phases   ] GC(20)   Other: 0.4ms
[2025-05-20T23:33:35.471+0000][gc,heap     ] GC(20) Eden regions: 612->0(612)
[2025-05-20T23:33:35.471+0000][gc,heap     ] GC(20) Survivor regions: 2->2(77)
[2025-05-20T23:33:35.471+0000][gc,heap     ] GC(20) Old regions: 19->19
[2025-05-20T23:33:35.472+0000][gc,heap     ] GC(20) Humongous regions: 1->1
[2025-05-20T23:33:35.472+0000][gc,metaspace] GC(20) Metaspace: 11495K(11904K)->11495K(11904K) NonClass: 10374K(10560K)->10374K(10560K) Class: 1121K(1344K)->1121K(1344K)
[2025-05-20T23:33:35.472+0000][gc          ] GC(20) Pause Young (Normal) (G1 Evacuation Pause) 632M->20M(1024M) 5.962ms
[2025-05-20T23:33:35.472+0000][gc,cpu      ] GC(20) User=0.01s Sys=0.00s Real=0.01s
[2025-05-20T23:34:45.450+0000][gc,start    ] GC(21) Pause Young (Normal) (G1 Evacuation Pause)
[2025-05-20T23:34:45.450+0000][gc,task     ] GC(21) Using 10 workers of 10 for evacuation
[2025-05-20T23:34:45.454+0000][gc,phases   ] GC(21)   Pre Evacuate Collection Set: 0.5ms
[2025-05-20T23:34:45.454+0000][gc,phases   ] GC(21)   Merge Heap Roots: 0.2ms
[2025-05-20T23:34:45.454+0000][gc,phases   ] GC(21)   Evacuate Collection Set: 1.1ms
[2025-05-20T23:34:45.454+0000][gc,phases   ] GC(21)   Post Evacuate Collection Set: 1.1ms
[2025-05-20T23:34:45.454+0000][gc,phases   ] GC(21)   Other: 0.4ms
[2025-05-20T23:34:45.455+0000][gc,heap     ] GC(21) Eden regions: 612->0(612)
[2025-05-20T23:34:45.455+0000][gc,heap     ] GC(21) Survivor regions: 2->2(77)
[2025-05-20T23:34:45.455+0000][gc,heap     ] GC(21) Old regions: 19->19
[2025-05-20T23:34:45.456+0000][gc,heap     ] GC(21) Humongous regions: 1->1
[2025-05-20T23:34:45.456+0000][gc,metaspace] GC(21) Metaspace: 11750K(12224K)->11750K(12224K) NonClass: 10592K(10816K)->10592K(10816K) Class: 1157K(1408K)->1157K(1408K)
[2025-05-20T23:34:45.456+0000][gc          ] GC(21) Pause Young (Normal) (G1 Evacuation Pause) 632M->20M(1024M) 6.077ms
[2025-05-20T23:34:45.456+0000][gc,cpu      ] GC(21) User=0.01s Sys=0.00s Real=0.00s
[2025-05-20T23:35:55.418+0000][gc,start    ] GC(22) Pause Young (Normal) (G1 Evacuation Pause)
[2025-05-20T23:35:55.418+0000][gc,task     ] GC(22) Using 10 workers of 10 for evacuation
[2025-05-20T23:35:55.421+0000][gc,phases   ] GC(22)   Pre Evacuate Collection Set: 0.4ms
[2025-05-20T23:35:55.421+0000][gc,phases   ] GC(22)   Merge Heap Roots: 0.2ms
[2025-05-20T23:35:55.421+0000][gc,phases   ] GC(22)   Evacuate Collection Set: 0.8ms
[2025-05-20T23:35:55.421+0000][gc,phases   ] GC(22)   Post Evacuate Collection Set: 0.8ms
[2025-05-20T23:35:55.421+0000][gc,phases   ] GC(22)   Other: 0.3ms
[2025-05-20T23:35:55.421+0000][gc,heap     ] GC(22) Eden regions: 612->0(613)
[2025-05-20T23:35:55.422+0000][gc,heap     ] GC(22) Survivor regions: 2->1(77)
[2025-05-20T23:35:55.422+0000][gc,heap     ] GC(22) Old regions: 19->19
[2025-05-20T23:35:55.422+0000][gc,heap     ] GC(22) Humongous regions: 1->1
[2025-05-20T23:35:55.422+0000][gc,metaspace] GC(22) Metaspace: 11757K(12224K)->11757K(12224K) NonClass: 10599K(10816K)->10599K(10816K) Class: 1157K(1408K)->1157K(1408K)
[2025-05-20T23:35:55.422+0000][gc          ] GC(22) Pause Young (Normal) (G1 Evacuation Pause) 632M->20M(1024M) 4.275ms
[2025-05-20T23:35:55.422+0000][gc,cpu      ] GC(22) User=0.00s Sys=0.00s Real=0.00s
[2025-05-20T23:37:05.399+0000][gc,start    ] GC(23) Pause Young (Normal) (G1 Evacuation Pause)
[2025-05-20T23:37:05.400+0000][gc,task     ] GC(23) Using 10 workers of 10 for evacuation
[2025-05-20T23:37:05.403+0000][gc,phases   ] GC(23)   Pre Evacuate Collection Set: 0.3ms
[2025-05-20T23:37:05.403+0000][gc,phases   ] GC(23)   Merge Heap Roots: 0.2ms
[2025-05-20T23:37:05.403+0000][gc,phases   ] GC(23)   Evacuate Collection Set: 1.0ms
[2025-05-20T23:37:05.403+0000][gc,phases   ] GC(23)   Post Evacuate Collection Set: 1.1ms
[2025-05-20T23:37:05.404+0000][gc,phases   ] GC(23)   Other: 0.4ms
[2025-05-20T23:37:05.404+0000][gc,heap     ] GC(23) Eden regions: 613->0(613)
[2025-05-20T23:37:05.404+0000][gc,heap     ] GC(23) Survivor regions: 1->1(77)
[2025-05-20T23:37:05.404+0000][gc,heap     ] GC(23) Old regions: 19->19
[2025-05-20T23:37:05.404+0000][gc,heap     ] GC(23) Humongous regions: 1->1
[2025-05-20T23:37:05.404+0000][gc,metaspace] GC(23) Metaspace: 11757K(12224K)->11757K(12224K) NonClass: 10599K(10816K)->10599K(10816K) Class: 1157K(1408K)->1157K(1408K)
[2025-05-20T23:37:05.404+0000][gc          ] GC(23) Pause Young (Normal) (G1 Evacuation Pause) 633M->19M(1024M) 4.970ms
[2025-05-20T23:37:05.405+0000][gc,cpu      ] GC(23) User=0.00s Sys=0.01s Real=0.01s
[2025-05-20T23:38:15.403+0000][gc,start    ] GC(24) Pause Young (Normal) (G1 Evacuation Pause)
[2025-05-20T23:38:15.404+0000][gc,task     ] GC(24) Using 10 workers of 10 for evacuation
[2025-05-20T23:38:15.411+0000][gc,phases   ] GC(24)   Pre Evacuate Collection Set: 0.9ms
[2025-05-20T23:38:15.411+0000][gc,phases   ] GC(24)   Merge Heap Roots: 0.2ms
[2025-05-20T23:38:15.412+0000][gc,phases   ] GC(24)   Evacuate Collection Set: 4.3ms
[2025-05-20T23:38:15.412+0000][gc,phases   ] GC(24)   Post Evacuate Collection Set: 1.4ms
[2025-05-20T23:38:15.412+0000][gc,phases   ] GC(24)   Other: 0.5ms
[2025-05-20T23:38:15.413+0000][gc,heap     ] GC(24) Eden regions: 613->0(613)
[2025-05-20T23:38:15.413+0000][gc,heap     ] GC(24) Survivor regions: 1->1(77)
[2025-05-20T23:38:15.413+0000][gc,heap     ] GC(24) Old regions: 19->19
[2025-05-20T23:38:15.413+0000][gc,heap     ] GC(24) Humongous regions: 1->1
[2025-05-20T23:38:15.414+0000][gc,metaspace] GC(24) Metaspace: 11778K(12224K)->11778K(12224K) NonClass: 10621K(10816K)->10621K(10816K) Class: 1157K(1408K)->1157K(1408K)
[2025-05-20T23:38:15.414+0000][gc          ] GC(24) Pause Young (Normal) (G1 Evacuation Pause) 632M->19M(1024M) 10.482ms
[2025-05-20T23:38:15.414+0000][gc,cpu      ] GC(24) User=0.01s Sys=0.01s Real=0.01s
[2025-05-20T23:39:25.381+0000][gc,start    ] GC(25) Pause Young (Normal) (G1 Evacuation Pause)
[2025-05-20T23:39:25.393+0000][gc,task     ] GC(25) Using 10 workers of 10 for evacuation
[2025-05-20T23:39:25.410+0000][gc,phases   ] GC(25)   Pre Evacuate Collection Set: 2.4ms
[2025-05-20T23:39:25.412+0000][gc,phases   ] GC(25)   Merge Heap Roots: 0.3ms
[2025-05-20T23:39:25.415+0000][gc,phases   ] GC(25)   Evacuate Collection Set: 5.7ms
[2025-05-20T23:39:25.415+0000][gc,phases   ] GC(25)   Post Evacuate Collection Set: 6.0ms
[2025-05-20T23:39:25.416+0000][gc,phases   ] GC(25)   Other: 2.7ms
[2025-05-20T23:39:25.417+0000][gc,heap     ] GC(25) Eden regions: 613->0(613)
[2025-05-20T23:39:25.418+0000][gc,heap     ] GC(25) Survivor regions: 1->1(77)
[2025-05-20T23:39:25.418+0000][gc,heap     ] GC(25) Old regions: 19->19
[2025-05-20T23:39:25.418+0000][gc,heap     ] GC(25) Humongous regions: 1->1
[2025-05-20T23:39:25.420+0000][gc,metaspace] GC(25) Metaspace: 11787K(12288K)->11787K(12288K) NonClass: 10629K(10880K)->10629K(10880K) Class: 1157K(1408K)->1157K(1408K)
[2025-05-20T23:39:25.420+0000][gc          ] GC(25) Pause Young (Normal) (G1 Evacuation Pause) 632M->19M(1024M) 39.841ms
[2025-05-20T23:39:25.421+0000][gc,cpu      ] GC(25) User=0.02s Sys=0.01s Real=0.04s
[2025-05-20T23:40:31.239+0000][gc,start    ] GC(26) Pause Young (Normal) (G1 Evacuation Pause)
[2025-05-20T23:40:31.239+0000][gc,task     ] GC(26) Using 10 workers of 10 for evacuation
[2025-05-20T23:40:31.252+0000][gc,phases   ] GC(26)   Pre Evacuate Collection Set: 0.6ms
[2025-05-20T23:40:31.252+0000][gc,phases   ] GC(26)   Merge Heap Roots: 0.6ms
[2025-05-20T23:40:31.253+0000][gc,phases   ] GC(26)   Evacuate Collection Set: 1.9ms
[2025-05-20T23:40:31.253+0000][gc,phases   ] GC(26)   Post Evacuate Collection Set: 8.2ms
[2025-05-20T23:40:31.253+0000][gc,phases   ] GC(26)   Other: 1.0ms
[2025-05-20T23:40:31.254+0000][gc,heap     ] GC(26) Eden regions: 613->0(613)
[2025-05-20T23:40:31.254+0000][gc,heap     ] GC(26) Survivor regions: 1->1(77)
[2025-05-20T23:40:31.254+0000][gc,heap     ] GC(26) Old regions: 19->19
[2025-05-20T23:40:31.254+0000][gc,heap     ] GC(26) Humongous regions: 1->1
[2025-05-20T23:40:31.255+0000][gc,metaspace] GC(26) Metaspace: 11788K(12288K)->11788K(12288K) NonClass: 10631K(10880K)->10631K(10880K) Class: 1157K(1408K)->1157K(1408K)
[2025-05-20T23:40:31.255+0000][gc          ] GC(26) Pause Young (Normal) (G1 Evacuation Pause) 632M->19M(1024M) 16.144ms
[2025-05-20T23:40:31.255+0000][gc,cpu      ] GC(26) User=0.02s Sys=0.00s Real=0.02s
[2025-05-20T23:41:36.089+0000][gc,start    ] GC(27) Pause Young (Normal) (G1 Evacuation Pause)
[2025-05-20T23:41:36.089+0000][gc,task     ] GC(27) Using 10 workers of 10 for evacuation
[2025-05-20T23:41:36.094+0000][gc,phases   ] GC(27)   Pre Evacuate Collection Set: 0.7ms
[2025-05-20T23:41:36.095+0000][gc,phases   ] GC(27)   Merge Heap Roots: 0.6ms
[2025-05-20T23:41:36.095+0000][gc,phases   ] GC(27)   Evacuate Collection Set: 1.7ms
[2025-05-20T23:41:36.096+0000][gc,phases   ] GC(27)   Post Evacuate Collection Set: 2.1ms
[2025-05-20T23:41:36.096+0000][gc,phases   ] GC(27)   Other: 0.5ms
[2025-05-20T23:41:36.096+0000][gc,heap     ] GC(27) Eden regions: 613->0(611)
[2025-05-20T23:41:36.097+0000][gc,heap     ] GC(27) Survivor regions: 1->3(77)
[2025-05-20T23:41:36.097+0000][gc,heap     ] GC(27) Old regions: 19->19
[2025-05-20T23:41:36.098+0000][gc,heap     ] GC(27) Humongous regions: 1->1
[2025-05-20T23:41:36.098+0000][gc,metaspace] GC(27) Metaspace: 11811K(12288K)->11811K(12288K) NonClass: 10654K(10880K)->10654K(10880K) Class: 1157K(1408K)->1157K(1408K)
[2025-05-20T23:41:36.098+0000][gc          ] GC(27) Pause Young (Normal) (G1 Evacuation Pause) 632M->21M(1024M) 9.741ms
[2025-05-20T23:41:36.099+0000][gc,cpu      ] GC(27) User=0.00s Sys=0.01s Real=0.01s
[2025-05-20T23:42:46.005+0000][gc,start    ] GC(28) Pause Young (Normal) (G1 Evacuation Pause)
[2025-05-20T23:42:46.009+0000][gc,task     ] GC(28) Using 10 workers of 10 for evacuation
[2025-05-20T23:42:46.028+0000][gc,phases   ] GC(28)   Pre Evacuate Collection Set: 2.4ms
[2025-05-20T23:42:46.030+0000][gc,phases   ] GC(28)   Merge Heap Roots: 0.4ms
[2025-05-20T23:42:46.031+0000][gc,phases   ] GC(28)   Evacuate Collection Set: 4.9ms
[2025-05-20T23:42:46.034+0000][gc,phases   ] GC(28)   Post Evacuate Collection Set: 9.9ms
[2025-05-20T23:42:46.050+0000][gc,phases   ] GC(28)   Other: 0.9ms
[2025-05-20T23:42:46.052+0000][gc,heap     ] GC(28) Eden regions: 611->0(611)
[2025-05-20T23:42:46.058+0000][gc,heap     ] GC(28) Survivor regions: 3->3(77)
[2025-05-20T23:42:46.063+0000][gc,heap     ] GC(28) Old regions: 19->19
[2025-05-20T23:42:46.068+0000][gc,heap     ] GC(28) Humongous regions: 1->1
[2025-05-20T23:42:46.069+0000][gc,metaspace] GC(28) Metaspace: 11813K(12288K)->11813K(12288K) NonClass: 10656K(10880K)->10656K(10880K) Class: 1157K(1408K)->1157K(1408K)
[2025-05-20T23:42:46.069+0000][gc          ] GC(28) Pause Young (Normal) (G1 Evacuation Pause) 632M->21M(1024M) 63.516ms
[2025-05-20T23:42:46.069+0000][gc,cpu      ] GC(28) User=0.04s Sys=0.02s Real=0.07s
[2025-05-20T23:43:55.592+0000][gc,start    ] GC(29) Pause Young (Normal) (G1 Evacuation Pause)
[2025-05-20T23:43:55.592+0000][gc,task     ] GC(29) Using 10 workers of 10 for evacuation
[2025-05-20T23:43:55.596+0000][gc,phases   ] GC(29)   Pre Evacuate Collection Set: 0.3ms
[2025-05-20T23:43:55.596+0000][gc,phases   ] GC(29)   Merge Heap Roots: 0.2ms
[2025-05-20T23:43:55.596+0000][gc,phases   ] GC(29)   Evacuate Collection Set: 1.3ms
[2025-05-20T23:43:55.596+0000][gc,phases   ] GC(29)   Post Evacuate Collection Set: 1.1ms
[2025-05-20T23:43:55.596+0000][gc,phases   ] GC(29)   Other: 0.4ms
[2025-05-20T23:43:55.597+0000][gc,heap     ] GC(29) Eden regions: 611->0(611)
[2025-05-20T23:43:55.597+0000][gc,heap     ] GC(29) Survivor regions: 3->3(77)
[2025-05-20T23:43:55.597+0000][gc,heap     ] GC(29) Old regions: 19->19
[2025-05-20T23:43:55.597+0000][gc,heap     ] GC(29) Humongous regions: 1->1
[2025-05-20T23:43:55.597+0000][gc,metaspace] GC(29) Metaspace: 11819K(12288K)->11819K(12288K) NonClass: 10662K(10880K)->10662K(10880K) Class: 1157K(1408K)->1157K(1408K)
[2025-05-20T23:43:55.597+0000][gc          ] GC(29) Pause Young (Normal) (G1 Evacuation Pause) 632M->21M(1024M) 5.259ms
[2025-05-20T23:43:55.597+0000][gc,cpu      ] GC(29) User=0.01s Sys=0.00s Real=0.01s
[2025-05-20T23:45:05.575+0000][gc,start    ] GC(30) Pause Young (Normal) (G1 Evacuation Pause)
[2025-05-20T23:45:05.575+0000][gc,task     ] GC(30) Using 10 workers of 10 for evacuation
[2025-05-20T23:45:05.578+0000][gc,phases   ] GC(30)   Pre Evacuate Collection Set: 0.3ms
[2025-05-20T23:45:05.579+0000][gc,phases   ] GC(30)   Merge Heap Roots: 0.3ms
[2025-05-20T23:45:05.579+0000][gc,phases   ] GC(30)   Evacuate Collection Set: 1.2ms
[2025-05-20T23:45:05.579+0000][gc,phases   ] GC(30)   Post Evacuate Collection Set: 0.9ms
[2025-05-20T23:45:05.579+0000][gc,phases   ] GC(30)   Other: 0.3ms
[2025-05-20T23:45:05.579+0000][gc,heap     ] GC(30) Eden regions: 611->0(611)
[2025-05-20T23:45:05.580+0000][gc,heap     ] GC(30) Survivor regions: 3->3(77)
[2025-05-20T23:45:05.580+0000][gc,heap     ] GC(30) Old regions: 19->19
[2025-05-20T23:45:05.580+0000][gc,heap     ] GC(30) Humongous regions: 1->1
[2025-05-20T23:45:05.580+0000][gc,metaspace] GC(30) Metaspace: 11861K(12288K)->11861K(12288K) NonClass: 10704K(10880K)->10704K(10880K) Class: 1157K(1408K)->1157K(1408K)
[2025-05-20T23:45:05.580+0000][gc          ] GC(30) Pause Young (Normal) (G1 Evacuation Pause) 632M->21M(1024M) 5.345ms
[2025-05-20T23:45:05.580+0000][gc,cpu      ] GC(30) User=0.02s Sys=0.00s Real=0.00s
[2025-05-20T23:46:15.550+0000][gc,start    ] GC(31) Pause Young (Normal) (G1 Evacuation Pause)
[2025-05-20T23:46:15.551+0000][gc,task     ] GC(31) Using 10 workers of 10 for evacuation
[2025-05-20T23:46:15.553+0000][gc,phases   ] GC(31)   Pre Evacuate Collection Set: 0.3ms
[2025-05-20T23:46:15.554+0000][gc,phases   ] GC(31)   Merge Heap Roots: 0.2ms
[2025-05-20T23:46:15.554+0000][gc,phases   ] GC(31)   Evacuate Collection Set: 1.0ms
[2025-05-20T23:46:15.554+0000][gc,phases   ] GC(31)   Post Evacuate Collection Set: 0.9ms
[2025-05-20T23:46:15.554+0000][gc,phases   ] GC(31)   Other: 0.4ms
[2025-05-20T23:46:15.554+0000][gc,heap     ] GC(31) Eden regions: 611->0(611)
[2025-05-20T23:46:15.554+0000][gc,heap     ] GC(31) Survivor regions: 3->3(77)
[2025-05-20T23:46:15.555+0000][gc,heap     ] GC(31) Old regions: 19->19
[2025-05-20T23:46:15.555+0000][gc,heap     ] GC(31) Humongous regions: 1->1
[2025-05-20T23:46:15.555+0000][gc,metaspace] GC(31) Metaspace: 11866K(12288K)->11866K(12288K) NonClass: 10709K(10880K)->10709K(10880K) Class: 1157K(1408K)->1157K(1408K)
[2025-05-20T23:46:15.555+0000][gc          ] GC(31) Pause Young (Normal) (G1 Evacuation Pause) 632M->21M(1024M) 4.700ms
[2025-05-20T23:46:15.555+0000][gc,cpu      ] GC(31) User=0.01s Sys=0.00s Real=0.00s
[2025-05-20T23:47:25.553+0000][gc,start    ] GC(32) Pause Young (Normal) (G1 Evacuation Pause)
[2025-05-20T23:47:25.554+0000][gc,task     ] GC(32) Using 10 workers of 10 for evacuation
[2025-05-20T23:47:25.556+0000][gc,phases   ] GC(32)   Pre Evacuate Collection Set: 0.3ms
[2025-05-20T23:47:25.557+0000][gc,phases   ] GC(32)   Merge Heap Roots: 0.3ms
[2025-05-20T23:47:25.557+0000][gc,phases   ] GC(32)   Evacuate Collection Set: 1.2ms
[2025-05-20T23:47:25.557+0000][gc,phases   ] GC(32)   Post Evacuate Collection Set: 0.9ms
[2025-05-20T23:47:25.557+0000][gc,phases   ] GC(32)   Other: 0.3ms
[2025-05-20T23:47:25.557+0000][gc,heap     ] GC(32) Eden regions: 611->0(612)
[2025-05-20T23:47:25.557+0000][gc,heap     ] GC(32) Survivor regions: 3->2(77)
[2025-05-20T23:47:25.557+0000][gc,heap     ] GC(32) Old regions: 19->19
[2025-05-20T23:47:25.558+0000][gc,heap     ] GC(32) Humongous regions: 1->1
[2025-05-20T23:47:25.558+0000][gc,metaspace] GC(32) Metaspace: 11895K(12352K)->11895K(12352K) NonClass: 10737K(10944K)->10737K(10944K) Class: 1157K(1408K)->1157K(1408K)
[2025-05-20T23:47:25.558+0000][gc          ] GC(32) Pause Young (Normal) (G1 Evacuation Pause) 632M->21M(1024M) 4.817ms
[2025-05-20T23:47:25.558+0000][gc,cpu      ] GC(32) User=0.00s Sys=0.01s Real=0.01s
[2025-05-20T23:48:35.539+0000][gc,start    ] GC(33) Pause Young (Normal) (G1 Evacuation Pause)
[2025-05-20T23:48:35.539+0000][gc,task     ] GC(33) Using 10 workers of 10 for evacuation
[2025-05-20T23:48:35.543+0000][gc,phases   ] GC(33)   Pre Evacuate Collection Set: 1.0ms
[2025-05-20T23:48:35.544+0000][gc,phases   ] GC(33)   Merge Heap Roots: 0.3ms
[2025-05-20T23:48:35.544+0000][gc,phases   ] GC(33)   Evacuate Collection Set: 1.4ms
[2025-05-20T23:48:35.544+0000][gc,phases   ] GC(33)   Post Evacuate Collection Set: 1.2ms
[2025-05-20T23:48:35.544+0000][gc,phases   ] GC(33)   Other: 0.5ms
[2025-05-20T23:48:35.545+0000][gc,heap     ] GC(33) Eden regions: 612->0(612)
[2025-05-20T23:48:35.545+0000][gc,heap     ] GC(33) Survivor regions: 2->2(77)
[2025-05-20T23:48:35.545+0000][gc,heap     ] GC(33) Old regions: 19->19
[2025-05-20T23:48:35.545+0000][gc,heap     ] GC(33) Humongous regions: 1->1
[2025-05-20T23:48:35.545+0000][gc,metaspace] GC(33) Metaspace: 11895K(12352K)->11895K(12352K) NonClass: 10738K(10944K)->10738K(10944K) Class: 1157K(1408K)->1157K(1408K)
[2025-05-20T23:48:35.546+0000][gc          ] GC(33) Pause Young (Normal) (G1 Evacuation Pause) 633M->21M(1024M) 6.852ms
[2025-05-20T23:48:35.546+0000][gc,cpu      ] GC(33) User=0.01s Sys=0.01s Real=0.01s
[2025-05-20T23:49:45.519+0000][gc,start    ] GC(34) Pause Young (Normal) (G1 Evacuation Pause)
[2025-05-20T23:49:45.520+0000][gc,task     ] GC(34) Using 10 workers of 10 for evacuation
[2025-05-20T23:49:45.523+0000][gc,phases   ] GC(34)   Pre Evacuate Collection Set: 0.3ms
[2025-05-20T23:49:45.523+0000][gc,phases   ] GC(34)   Merge Heap Roots: 0.3ms
[2025-05-20T23:49:45.523+0000][gc,phases   ] GC(34)   Evacuate Collection Set: 1.1ms
[2025-05-20T23:49:45.523+0000][gc,phases   ] GC(34)   Post Evacuate Collection Set: 0.9ms
[2025-05-20T23:49:45.523+0000][gc,phases   ] GC(34)   Other: 0.5ms
[2025-05-20T23:49:45.524+0000][gc,heap     ] GC(34) Eden regions: 612->0(612)
[2025-05-20T23:49:45.524+0000][gc,heap     ] GC(34) Survivor regions: 2->2(77)
[2025-05-20T23:49:45.524+0000][gc,heap     ] GC(34) Old regions: 19->19
[2025-05-20T23:49:45.524+0000][gc,heap     ] GC(34) Humongous regions: 1->1
[2025-05-20T23:49:45.525+0000][gc,metaspace] GC(34) Metaspace: 11904K(12352K)->11904K(12352K) NonClass: 10746K(10944K)->10746K(10944K) Class: 1157K(1408K)->1157K(1408K)
[2025-05-20T23:49:45.525+0000][gc          ] GC(34) Pause Young (Normal) (G1 Evacuation Pause) 633M->21M(1024M) 5.524ms
[2025-05-20T23:49:45.525+0000][gc,cpu      ] GC(34) User=0.01s Sys=0.00s Real=0.00s
[2025-05-20T23:50:55.477+0000][gc,start    ] GC(35) Pause Young (Normal) (G1 Evacuation Pause)
[2025-05-20T23:50:55.477+0000][gc,task     ] GC(35) Using 10 workers of 10 for evacuation
[2025-05-20T23:50:55.480+0000][gc,phases   ] GC(35)   Pre Evacuate Collection Set: 0.4ms
[2025-05-20T23:50:55.480+0000][gc,phases   ] GC(35)   Merge Heap Roots: 0.2ms
[2025-05-20T23:50:55.480+0000][gc,phases   ] GC(35)   Evacuate Collection Set: 1.0ms
[2025-05-20T23:50:55.480+0000][gc,phases   ] GC(35)   Post Evacuate Collection Set: 0.8ms
[2025-05-20T23:50:55.481+0000][gc,phases   ] GC(35)   Other: 0.4ms
[2025-05-20T23:50:55.481+0000][gc,heap     ] GC(35) Eden regions: 612->0(612)
[2025-05-20T23:50:55.481+0000][gc,heap     ] GC(35) Survivor regions: 2->2(77)
[2025-05-20T23:50:55.481+0000][gc,heap     ] GC(35) Old regions: 19->19
[2025-05-20T23:50:55.481+0000][gc,heap     ] GC(35) Humongous regions: 1->1
[2025-05-20T23:50:55.481+0000][gc,metaspace] GC(35) Metaspace: 11914K(12416K)->11914K(12416K) NonClass: 10757K(11008K)->10757K(11008K) Class: 1157K(1408K)->1157K(1408K)
[2025-05-20T23:50:55.481+0000][gc          ] GC(35) Pause Young (Normal) (G1 Evacuation Pause) 633M->21M(1024M) 4.640ms
[2025-05-20T23:50:55.481+0000][gc,cpu      ] GC(35) User=0.01s Sys=0.00s Real=0.01s
[2025-05-20T23:52:05.454+0000][gc,start    ] GC(36) Pause Young (Normal) (G1 Evacuation Pause)
[2025-05-20T23:52:05.454+0000][gc,task     ] GC(36) Using 10 workers of 10 for evacuation
[2025-05-20T23:52:05.457+0000][gc,phases   ] GC(36)   Pre Evacuate Collection Set: 0.3ms
[2025-05-20T23:52:05.457+0000][gc,phases   ] GC(36)   Merge Heap Roots: 0.2ms
[2025-05-20T23:52:05.457+0000][gc,phases   ] GC(36)   Evacuate Collection Set: 1.0ms
[2025-05-20T23:52:05.457+0000][gc,phases   ] GC(36)   Post Evacuate Collection Set: 0.7ms
[2025-05-20T23:52:05.457+0000][gc,phases   ] GC(36)   Other: 0.3ms
[2025-05-20T23:52:05.457+0000][gc,heap     ] GC(36) Eden regions: 612->0(612)
[2025-05-20T23:52:05.457+0000][gc,heap     ] GC(36) Survivor regions: 2->2(77)
[2025-05-20T23:52:05.458+0000][gc,heap     ] GC(36) Old regions: 19->19
[2025-05-20T23:52:05.458+0000][gc,heap     ] GC(36) Humongous regions: 1->1
[2025-05-20T23:52:05.458+0000][gc,metaspace] GC(36) Metaspace: 11947K(12416K)->11947K(12416K) NonClass: 10789K(11008K)->10789K(11008K) Class: 1157K(1408K)->1157K(1408K)
[2025-05-20T23:52:05.458+0000][gc          ] GC(36) Pause Young (Normal) (G1 Evacuation Pause) 633M->21M(1024M) 4.194ms
[2025-05-20T23:52:05.458+0000][gc,cpu      ] GC(36) User=0.01s Sys=0.00s Real=0.00s
[2025-05-20T23:53:15.443+0000][gc,start    ] GC(37) Pause Young (Normal) (G1 Evacuation Pause)
[2025-05-20T23:53:15.443+0000][gc,task     ] GC(37) Using 10 workers of 10 for evacuation
[2025-05-20T23:53:15.447+0000][gc,phases   ] GC(37)   Pre Evacuate Collection Set: 0.5ms
[2025-05-20T23:53:15.447+0000][gc,phases   ] GC(37)   Merge Heap Roots: 0.3ms
[2025-05-20T23:53:15.447+0000][gc,phases   ] GC(37)   Evacuate Collection Set: 1.3ms
[2025-05-20T23:53:15.447+0000][gc,phases   ] GC(37)   Post Evacuate Collection Set: 0.9ms
[2025-05-20T23:53:15.448+0000][gc,phases   ] GC(37)   Other: 0.4ms
[2025-05-20T23:53:15.448+0000][gc,heap     ] GC(37) Eden regions: 612->0(612)
[2025-05-20T23:53:15.448+0000][gc,heap     ] GC(37) Survivor regions: 2->2(77)
[2025-05-20T23:53:15.448+0000][gc,heap     ] GC(37) Old regions: 19->19
[2025-05-20T23:53:15.448+0000][gc,heap     ] GC(37) Humongous regions: 1->1
[2025-05-20T23:53:15.448+0000][gc,metaspace] GC(37) Metaspace: 11956K(12416K)->11956K(12416K) NonClass: 10798K(11008K)->10798K(11008K) Class: 1157K(1408K)->1157K(1408K)
[2025-05-20T23:53:15.449+0000][gc          ] GC(37) Pause Young (Normal) (G1 Evacuation Pause) 633M->21M(1024M) 5.429ms
[2025-05-20T23:53:15.449+0000][gc,cpu      ] GC(37) User=0.01s Sys=0.00s Real=0.00s
[2025-05-20T23:53:48.185+0000][gc,heap,exit] Heap
[2025-05-20T23:53:48.185+0000][gc,heap,exit]  garbage-first heap   total 1048576K, used 264244K [0x00000000c0000000, 0x0000000100000000)
[2025-05-20T23:53:48.185+0000][gc,heap,exit]   region size 1024K, 239 young (244736K), 2 survivors (2048K)
[2025-05-20T23:53:48.186+0000][gc,heap,exit]  Metaspace       used 12259K, committed 12736K, reserved 1114112K
[2025-05-20T23:53:48.186+0000][gc,heap,exit]   class space    used 1226K, committed 1472K, reserved 1048576K
