[2025-05-20T22:15:27.975+0000][gc,init] CardTable entry size: 512
[2025-05-20T22:15:27.976+0000][gc     ] Using G1
[2025-05-20T22:15:28.002+0000][gc,init] Version: 21.0.4+7-LTS (release)
[2025-05-20T22:15:28.002+0000][gc,init] CPUs: 12 total, 12 available
[2025-05-20T22:15:28.002+0000][gc,init] Memory: 15597M
[2025-05-20T22:15:28.002+0000][gc,init] Large Page Support: Disabled
[2025-05-20T22:15:28.003+0000][gc,init] NUMA Support: Disabled
[2025-05-20T22:15:28.003+0000][gc,init] Compressed Oops: Enabled (32-bit)
[2025-05-20T22:15:28.003+0000][gc,init] Heap Region Size: 1M
[2025-05-20T22:15:28.003+0000][gc,init] Heap Min Capacity: 1G
[2025-05-20T22:15:28.004+0000][gc,init] Heap Initial Capacity: 1G
[2025-05-20T22:15:28.004+0000][gc,init] Heap Max Capacity: 1G
[2025-05-20T22:15:28.004+0000][gc,init] Pre-touch: Disabled
[2025-05-20T22:15:28.004+0000][gc,init] Parallel Workers: 10
[2025-05-20T22:15:28.004+0000][gc,init] Concurrent Workers: 3
[2025-05-20T22:15:28.004+0000][gc,init] Concurrent Refinement Workers: 10
[2025-05-20T22:15:28.005+0000][gc,init] Periodic GC: Disabled
[2025-05-20T22:15:28.053+0000][gc,metaspace] CDS archive(s) mapped at: [0x00007f1b3e000000-0x00007f1b3ebbe000-0x00007f1b41674000), size 57098240, SharedBaseAddress: 0x00007f1b3e000000, ArchiveRelocationMode: 1.
[2025-05-20T22:15:28.054+0000][gc,metaspace] Compressed class space mapped at: 0x00007f1b42000000-0x00007f1b82000000, reserved size: 1073741824
[2025-05-20T22:15:28.054+0000][gc,metaspace] Narrow klass base: 0x00007f1b3e000000, Narrow klass shift: 0, Narrow klass range: 0x100000000
[2025-05-20T22:15:33.462+0000][gc,start    ] GC(0) Pause Young (Normal) (G1 Evacuation Pause)
[2025-05-20T22:15:33.466+0000][gc,task     ] GC(0) Using 10 workers of 10 for evacuation
[2025-05-20T22:15:33.528+0000][gc,phases   ] GC(0)   Pre Evacuate Collection Set: 1.1ms
[2025-05-20T22:15:33.529+0000][gc,phases   ] GC(0)   Merge Heap Roots: 0.1ms
[2025-05-20T22:15:33.529+0000][gc,phases   ] GC(0)   Evacuate Collection Set: 55.7ms
[2025-05-20T22:15:33.529+0000][gc,phases   ] GC(0)   Post Evacuate Collection Set: 4.0ms
[2025-05-20T22:15:33.529+0000][gc,phases   ] GC(0)   Other: 3.2ms
[2025-05-20T22:15:33.530+0000][gc,heap     ] GC(0) Eden regions: 51->0(44)
[2025-05-20T22:15:33.530+0000][gc,heap     ] GC(0) Survivor regions: 0->7(7)
[2025-05-20T22:15:33.530+0000][gc,heap     ] GC(0) Old regions: 1->7
[2025-05-20T22:15:33.530+0000][gc,heap     ] GC(0) Humongous regions: 1->1
[2025-05-20T22:15:33.530+0000][gc,metaspace] GC(0) Metaspace: 5782K(5888K)->5782K(5888K) NonClass: 5125K(5184K)->5125K(5184K) Class: 657K(704K)->657K(704K)
[2025-05-20T22:15:33.530+0000][gc          ] GC(0) Pause Young (Normal) (G1 Evacuation Pause) 52M->14M(1024M) 68.008ms
[2025-05-20T22:15:33.530+0000][gc,cpu      ] GC(0) User=0.07s Sys=0.02s Real=0.06s
[2025-05-20T22:15:35.841+0000][gc,start    ] GC(1) Pause Young (Normal) (G1 Evacuation Pause)
[2025-05-20T22:15:35.841+0000][gc,task     ] GC(1) Using 10 workers of 10 for evacuation
[2025-05-20T22:15:35.850+0000][gc,phases   ] GC(1)   Pre Evacuate Collection Set: 0.3ms
[2025-05-20T22:15:35.851+0000][gc,phases   ] GC(1)   Merge Heap Roots: 0.2ms
[2025-05-20T22:15:35.851+0000][gc,phases   ] GC(1)   Evacuate Collection Set: 7.1ms
[2025-05-20T22:15:35.851+0000][gc,phases   ] GC(1)   Post Evacuate Collection Set: 1.0ms
[2025-05-20T22:15:35.851+0000][gc,phases   ] GC(1)   Other: 0.3ms
[2025-05-20T22:15:35.851+0000][gc,heap     ] GC(1) Eden regions: 44->0(62)
[2025-05-20T22:15:35.852+0000][gc,heap     ] GC(1) Survivor regions: 7->3(7)
[2025-05-20T22:15:35.852+0000][gc,heap     ] GC(1) Old regions: 7->14
[2025-05-20T22:15:35.852+0000][gc,heap     ] GC(1) Humongous regions: 1->1
[2025-05-20T22:15:35.852+0000][gc,metaspace] GC(1) Metaspace: 7536K(7808K)->7536K(7808K) NonClass: 6652K(6784K)->6652K(6784K) Class: 884K(1024K)->884K(1024K)
[2025-05-20T22:15:35.852+0000][gc          ] GC(1) Pause Young (Normal) (G1 Evacuation Pause) 58M->16M(1024M) 11.819ms
[2025-05-20T22:15:35.853+0000][gc,cpu      ] GC(1) User=0.05s Sys=0.02s Real=0.01s
[2025-05-20T22:15:36.416+0000][gc,start    ] GC(2) Pause Young (Normal) (G1 Evacuation Pause)
[2025-05-20T22:15:36.417+0000][gc,task     ] GC(2) Using 10 workers of 10 for evacuation
[2025-05-20T22:15:36.425+0000][gc,phases   ] GC(2)   Pre Evacuate Collection Set: 1.3ms
[2025-05-20T22:15:36.426+0000][gc,phases   ] GC(2)   Merge Heap Roots: 0.4ms
[2025-05-20T22:15:36.426+0000][gc,phases   ] GC(2)   Evacuate Collection Set: 5.4ms
[2025-05-20T22:15:36.426+0000][gc,phases   ] GC(2)   Post Evacuate Collection Set: 1.1ms
[2025-05-20T22:15:36.426+0000][gc,phases   ] GC(2)   Other: 0.4ms
[2025-05-20T22:15:36.426+0000][gc,heap     ] GC(2) Eden regions: 67->0(447)
[2025-05-20T22:15:36.426+0000][gc,heap     ] GC(2) Survivor regions: 3->5(9)
[2025-05-20T22:15:36.426+0000][gc,heap     ] GC(2) Old regions: 14->14
[2025-05-20T22:15:36.427+0000][gc,heap     ] GC(2) Humongous regions: 1->1
[2025-05-20T22:15:36.427+0000][gc,metaspace] GC(2) Metaspace: 8816K(9152K)->8816K(9152K) NonClass: 7756K(7936K)->7756K(7936K) Class: 1059K(1216K)->1059K(1216K)
[2025-05-20T22:15:36.427+0000][gc          ] GC(2) Pause Young (Normal) (G1 Evacuation Pause) 83M->19M(1024M) 10.430ms
[2025-05-20T22:15:36.427+0000][gc,cpu      ] GC(2) User=0.04s Sys=0.00s Real=0.01s
[2025-05-20T22:16:24.680+0000][gc,heap,exit] Heap
[2025-05-20T22:16:24.681+0000][gc,heap,exit]  garbage-first heap   total 1048576K, used 399636K [0x00000000c0000000, 0x0000000100000000)
[2025-05-20T22:16:24.681+0000][gc,heap,exit]   region size 1024K, 376 young (385024K), 5 survivors (5120K)
[2025-05-20T22:16:24.681+0000][gc,heap,exit]  Metaspace       used 10344K, committed 10688K, reserved 1114112K
[2025-05-20T22:16:24.681+0000][gc,heap,exit]   class space    used 1170K, committed 1344K, reserved 1048576K
