[2025-05-20T22:24:53.473+0000][gc,init] CardTable entry size: 512
[2025-05-20T22:24:53.473+0000][gc     ] Using G1
[2025-05-20T22:24:53.510+0000][gc,init] Version: 21.0.4+7-LTS (release)
[2025-05-20T22:24:53.512+0000][gc,init] CPUs: 12 total, 12 available
[2025-05-20T22:24:53.513+0000][gc,init] Memory: 15597M
[2025-05-20T22:24:53.513+0000][gc,init] Large Page Support: Disabled
[2025-05-20T22:24:53.514+0000][gc,init] NUMA Support: Disabled
[2025-05-20T22:24:53.514+0000][gc,init] Compressed Oops: Enabled (32-bit)
[2025-05-20T22:24:53.516+0000][gc,init] Heap Region Size: 1M
[2025-05-20T22:24:53.519+0000][gc,init] Heap Min Capacity: 1G
[2025-05-20T22:24:53.520+0000][gc,init] Heap Initial Capacity: 1G
[2025-05-20T22:24:53.520+0000][gc,init] Heap Max Capacity: 1G
[2025-05-20T22:24:53.521+0000][gc,init] Pre-touch: Disabled
[2025-05-20T22:24:53.521+0000][gc,init] Parallel Workers: 10
[2025-05-20T22:24:53.523+0000][gc,init] Concurrent Workers: 3
[2025-05-20T22:24:53.526+0000][gc,init] Concurrent Refinement Workers: 10
[2025-05-20T22:24:53.528+0000][gc,init] Periodic GC: Disabled
[2025-05-20T22:24:53.647+0000][gc,metaspace] CDS archive(s) mapped at: [0x00007f2a74000000-0x00007f2a74bbe000-0x00007f2a77674000), size 57098240, SharedBaseAddress: 0x00007f2a74000000, ArchiveRelocationMode: 1.
[2025-05-20T22:24:53.648+0000][gc,metaspace] Compressed class space mapped at: 0x00007f2a78000000-0x00007f2ab8000000, reserved size: 1073741824
[2025-05-20T22:24:53.649+0000][gc,metaspace] Narrow klass base: 0x00007f2a74000000, Narrow klass shift: 0, Narrow klass range: 0x100000000
[2025-05-20T22:24:58.585+0000][gc,start    ] GC(0) Pause Young (Normal) (G1 Evacuation Pause)
[2025-05-20T22:24:58.608+0000][gc,task     ] GC(0) Using 10 workers of 10 for evacuation
[2025-05-20T22:24:58.645+0000][gc,phases   ] GC(0)   Pre Evacuate Collection Set: 0.9ms
[2025-05-20T22:24:58.645+0000][gc,phases   ] GC(0)   Merge Heap Roots: 0.1ms
[2025-05-20T22:24:58.646+0000][gc,phases   ] GC(0)   Evacuate Collection Set: 32.6ms
[2025-05-20T22:24:58.646+0000][gc,phases   ] GC(0)   Post Evacuate Collection Set: 2.2ms
[2025-05-20T22:24:58.646+0000][gc,phases   ] GC(0)   Other: 20.1ms
[2025-05-20T22:24:58.646+0000][gc,heap     ] GC(0) Eden regions: 51->0(44)
[2025-05-20T22:24:58.647+0000][gc,heap     ] GC(0) Survivor regions: 0->7(7)
[2025-05-20T22:24:58.647+0000][gc,heap     ] GC(0) Old regions: 1->7
[2025-05-20T22:24:58.647+0000][gc,heap     ] GC(0) Humongous regions: 1->1
[2025-05-20T22:24:58.647+0000][gc,metaspace] GC(0) Metaspace: 5662K(5888K)->5662K(5888K) NonClass: 5015K(5184K)->5015K(5184K) Class: 647K(704K)->647K(704K)
[2025-05-20T22:24:58.647+0000][gc          ] GC(0) Pause Young (Normal) (G1 Evacuation Pause) 52M->14M(1024M) 62.496ms
[2025-05-20T22:24:58.648+0000][gc,cpu      ] GC(0) User=0.07s Sys=0.04s Real=0.07s
[2025-05-20T22:25:06.213+0000][gc,start    ] GC(1) Pause Young (Normal) (G1 Evacuation Pause)
[2025-05-20T22:25:06.222+0000][gc,task     ] GC(1) Using 10 workers of 10 for evacuation
[2025-05-20T22:25:06.248+0000][gc,phases   ] GC(1)   Pre Evacuate Collection Set: 0.5ms
[2025-05-20T22:25:06.249+0000][gc,phases   ] GC(1)   Merge Heap Roots: 0.2ms
[2025-05-20T22:25:06.249+0000][gc,phases   ] GC(1)   Evacuate Collection Set: 19.7ms
[2025-05-20T22:25:06.250+0000][gc,phases   ] GC(1)   Post Evacuate Collection Set: 2.3ms
[2025-05-20T22:25:06.250+0000][gc,phases   ] GC(1)   Other: 2.7ms
[2025-05-20T22:25:06.250+0000][gc,heap     ] GC(1) Eden regions: 44->0(46)
[2025-05-20T22:25:06.252+0000][gc,heap     ] GC(1) Survivor regions: 7->6(7)
[2025-05-20T22:25:06.256+0000][gc,heap     ] GC(1) Old regions: 7->15
[2025-05-20T22:25:06.257+0000][gc,heap     ] GC(1) Humongous regions: 130->130
[2025-05-20T22:25:06.257+0000][gc,metaspace] GC(1) Metaspace: 9067K(9344K)->9067K(9344K) NonClass: 7915K(8064K)->7915K(8064K) Class: 1152K(1280K)->1152K(1280K)
[2025-05-20T22:25:06.257+0000][gc          ] GC(1) Pause Young (Normal) (G1 Evacuation Pause) 187M->150M(1024M) 44.284ms
[2025-05-20T22:25:06.260+0000][gc,cpu      ] GC(1) User=0.07s Sys=0.01s Real=0.04s
[2025-05-20T22:25:07.019+0000][gc,start    ] GC(2) Pause Young (Normal) (G1 Evacuation Pause)
[2025-05-20T22:25:07.019+0000][gc,task     ] GC(2) Using 10 workers of 10 for evacuation
[2025-05-20T22:25:07.039+0000][gc,phases   ] GC(2)   Pre Evacuate Collection Set: 0.4ms
[2025-05-20T22:25:07.039+0000][gc,phases   ] GC(2)   Merge Heap Roots: 0.1ms
[2025-05-20T22:25:07.040+0000][gc,phases   ] GC(2)   Evacuate Collection Set: 15.0ms
[2025-05-20T22:25:07.040+0000][gc,phases   ] GC(2)   Post Evacuate Collection Set: 3.1ms
[2025-05-20T22:25:07.040+0000][gc,phases   ] GC(2)   Other: 1.1ms
[2025-05-20T22:25:07.040+0000][gc,heap     ] GC(2) Eden regions: 53->0(612)
[2025-05-20T22:25:07.040+0000][gc,heap     ] GC(2) Survivor regions: 6->2(8)
[2025-05-20T22:25:07.040+0000][gc,heap     ] GC(2) Old regions: 15->20
[2025-05-20T22:25:07.041+0000][gc,heap     ] GC(2) Humongous regions: 130->130
[2025-05-20T22:25:07.041+0000][gc,metaspace] GC(2) Metaspace: 9578K(9856K)->9578K(9856K) NonClass: 8364K(8512K)->8364K(8512K) Class: 1214K(1344K)->1214K(1344K)
[2025-05-20T22:25:07.041+0000][gc          ] GC(2) Pause Young (Normal) (G1 Evacuation Pause) 203M->151M(1024M) 21.883ms
[2025-05-20T22:25:07.041+0000][gc,cpu      ] GC(2) User=0.04s Sys=0.02s Real=0.02s
[2025-05-20T22:25:46.495+0000][gc,start    ] GC(3) Pause Young (Normal) (G1 Evacuation Pause)
[2025-05-20T22:25:46.496+0000][gc,task     ] GC(3) Using 10 workers of 10 for evacuation
[2025-05-20T22:25:46.516+0000][gc,phases   ] GC(3)   Pre Evacuate Collection Set: 0.9ms
[2025-05-20T22:25:46.516+0000][gc,phases   ] GC(3)   Merge Heap Roots: 0.2ms
[2025-05-20T22:25:46.516+0000][gc,phases   ] GC(3)   Evacuate Collection Set: 15.0ms
[2025-05-20T22:25:46.516+0000][gc,phases   ] GC(3)   Post Evacuate Collection Set: 3.5ms
[2025-05-20T22:25:46.517+0000][gc,phases   ] GC(3)   Other: 0.4ms
[2025-05-20T22:25:46.517+0000][gc,heap     ] GC(3) Eden regions: 612->0(604)
[2025-05-20T22:25:46.517+0000][gc,heap     ] GC(3) Survivor regions: 2->10(77)
[2025-05-20T22:25:46.517+0000][gc,heap     ] GC(3) Old regions: 20->20
[2025-05-20T22:25:46.517+0000][gc,heap     ] GC(3) Humongous regions: 132->130
[2025-05-20T22:25:46.517+0000][gc,metaspace] GC(3) Metaspace: 12560K(12992K)->12560K(12992K) NonClass: 10977K(11200K)->10977K(11200K) Class: 1582K(1792K)->1582K(1792K)
[2025-05-20T22:25:46.518+0000][gc          ] GC(3) Pause Young (Normal) (G1 Evacuation Pause) 765M->158M(1024M) 22.197ms
[2025-05-20T22:25:46.518+0000][gc,cpu      ] GC(3) User=0.03s Sys=0.09s Real=0.02s
[2025-05-20T22:26:03.146+0000][gc,heap,exit] Heap
[2025-05-20T22:26:03.146+0000][gc,heap,exit]  garbage-first heap   total 1048576K, used 393449K [0x00000000c0000000, 0x0000000100000000)
[2025-05-20T22:26:03.146+0000][gc,heap,exit]   region size 1024K, 236 young (241664K), 10 survivors (10240K)
[2025-05-20T22:26:03.146+0000][gc,heap,exit]  Metaspace       used 13466K, committed 13824K, reserved 1114112K
[2025-05-20T22:26:03.146+0000][gc,heap,exit]   class space    used 1756K, committed 1984K, reserved 1048576K
