[2025-05-20T22:15:28.142+0000][gc,init] CardTable entry size: 512
[2025-05-20T22:15:28.143+0000][gc     ] Using G1
[2025-05-20T22:15:28.172+0000][gc,init] Version: 21.0.4+7-LTS (release)
[2025-05-20T22:15:28.172+0000][gc,init] CPUs: 12 total, 12 available
[2025-05-20T22:15:28.172+0000][gc,init] Memory: 15597M
[2025-05-20T22:15:28.173+0000][gc,init] Large Page Support: Disabled
[2025-05-20T22:15:28.176+0000][gc,init] NUMA Support: Disabled
[2025-05-20T22:15:28.176+0000][gc,init] Compressed Oops: Enabled (32-bit)
[2025-05-20T22:15:28.178+0000][gc,init] Heap Region Size: 1M
[2025-05-20T22:15:28.188+0000][gc,init] Heap Min Capacity: 1G
[2025-05-20T22:15:28.188+0000][gc,init] Heap Initial Capacity: 1G
[2025-05-20T22:15:28.189+0000][gc,init] Heap Max Capacity: 1G
[2025-05-20T22:15:28.189+0000][gc,init] Pre-touch: Disabled
[2025-05-20T22:15:28.190+0000][gc,init] Parallel Workers: 10
[2025-05-20T22:15:28.190+0000][gc,init] Concurrent Workers: 3
[2025-05-20T22:15:28.190+0000][gc,init] Concurrent Refinement Workers: 10
[2025-05-20T22:15:28.190+0000][gc,init] Periodic GC: Disabled
[2025-05-20T22:15:28.277+0000][gc,metaspace] CDS archive(s) mapped at: [0x00007f2b3d000000-0x00007f2b3dbbe000-0x00007f2b40674000), size 57098240, SharedBaseAddress: 0x00007f2b3d000000, ArchiveRelocationMode: 1.
[2025-05-20T22:15:28.277+0000][gc,metaspace] Compressed class space mapped at: 0x00007f2b41000000-0x00007f2b81000000, reserved size: 1073741824
[2025-05-20T22:15:28.277+0000][gc,metaspace] Narrow klass base: 0x00007f2b3d000000, Narrow klass shift: 0, Narrow klass range: 0x100000000
[2025-05-20T22:15:33.327+0000][gc,start    ] GC(0) Pause Young (Normal) (G1 Evacuation Pause)
[2025-05-20T22:15:33.347+0000][gc,task     ] GC(0) Using 10 workers of 10 for evacuation
[2025-05-20T22:15:33.397+0000][gc,phases   ] GC(0)   Pre Evacuate Collection Set: 0.3ms
[2025-05-20T22:15:33.397+0000][gc,phases   ] GC(0)   Merge Heap Roots: 0.1ms
[2025-05-20T22:15:33.397+0000][gc,phases   ] GC(0)   Evacuate Collection Set: 35.8ms
[2025-05-20T22:15:33.397+0000][gc,phases   ] GC(0)   Post Evacuate Collection Set: 12.8ms
[2025-05-20T22:15:33.397+0000][gc,phases   ] GC(0)   Other: 20.0ms
[2025-05-20T22:15:33.398+0000][gc,heap     ] GC(0) Eden regions: 51->0(44)
[2025-05-20T22:15:33.398+0000][gc,heap     ] GC(0) Survivor regions: 0->7(7)
[2025-05-20T22:15:33.398+0000][gc,heap     ] GC(0) Old regions: 1->7
[2025-05-20T22:15:33.400+0000][gc,heap     ] GC(0) Humongous regions: 1->1
[2025-05-20T22:15:33.400+0000][gc,metaspace] GC(0) Metaspace: 5544K(5760K)->5544K(5760K) NonClass: 4878K(4992K)->4878K(4992K) Class: 666K(768K)->666K(768K)
[2025-05-20T22:15:33.401+0000][gc          ] GC(0) Pause Young (Normal) (G1 Evacuation Pause) 52M->14M(1024M) 73.816ms
[2025-05-20T22:15:33.401+0000][gc,cpu      ] GC(0) User=0.13s Sys=0.02s Real=0.08s
[2025-05-20T22:15:36.346+0000][gc,start    ] GC(1) Pause Young (Normal) (G1 Evacuation Pause)
[2025-05-20T22:15:36.346+0000][gc,task     ] GC(1) Using 10 workers of 10 for evacuation
[2025-05-20T22:15:36.356+0000][gc,phases   ] GC(1)   Pre Evacuate Collection Set: 0.5ms
[2025-05-20T22:15:36.356+0000][gc,phases   ] GC(1)   Merge Heap Roots: 0.2ms
[2025-05-20T22:15:36.357+0000][gc,phases   ] GC(1)   Evacuate Collection Set: 7.2ms
[2025-05-20T22:15:36.357+0000][gc,phases   ] GC(1)   Post Evacuate Collection Set: 1.4ms
[2025-05-20T22:15:36.357+0000][gc,phases   ] GC(1)   Other: 0.4ms
[2025-05-20T22:15:36.357+0000][gc,heap     ] GC(1) Eden regions: 44->0(47)
[2025-05-20T22:15:36.357+0000][gc,heap     ] GC(1) Survivor regions: 7->5(7)
[2025-05-20T22:15:36.357+0000][gc,heap     ] GC(1) Old regions: 7->14
[2025-05-20T22:15:36.357+0000][gc,heap     ] GC(1) Humongous regions: 130->130
[2025-05-20T22:15:36.358+0000][gc,metaspace] GC(1) Metaspace: 7767K(8064K)->7767K(8064K) NonClass: 6795K(6976K)->6795K(6976K) Class: 972K(1088K)->972K(1088K)
[2025-05-20T22:15:36.358+0000][gc          ] GC(1) Pause Young (Normal) (G1 Evacuation Pause) 187M->148M(1024M) 11.949ms
[2025-05-20T22:15:36.358+0000][gc,cpu      ] GC(1) User=0.02s Sys=0.04s Real=0.01s
[2025-05-20T22:15:36.698+0000][gc,start    ] GC(2) Pause Young (Normal) (G1 Evacuation Pause)
[2025-05-20T22:15:36.698+0000][gc,task     ] GC(2) Using 10 workers of 10 for evacuation
[2025-05-20T22:15:36.704+0000][gc,phases   ] GC(2)   Pre Evacuate Collection Set: 0.3ms
[2025-05-20T22:15:36.705+0000][gc,phases   ] GC(2)   Merge Heap Roots: 0.2ms
[2025-05-20T22:15:36.705+0000][gc,phases   ] GC(2)   Evacuate Collection Set: 4.6ms
[2025-05-20T22:15:36.705+0000][gc,phases   ] GC(2)   Post Evacuate Collection Set: 0.7ms
[2025-05-20T22:15:36.705+0000][gc,phases   ] GC(2)   Other: 0.4ms
[2025-05-20T22:15:36.705+0000][gc,heap     ] GC(2) Eden regions: 51->0(102)
[2025-05-20T22:15:36.705+0000][gc,heap     ] GC(2) Survivor regions: 5->2(7)
[2025-05-20T22:15:36.706+0000][gc,heap     ] GC(2) Old regions: 14->19
[2025-05-20T22:15:36.706+0000][gc,heap     ] GC(2) Humongous regions: 130->130
[2025-05-20T22:15:36.706+0000][gc,metaspace] GC(2) Metaspace: 8156K(8448K)->8156K(8448K) NonClass: 7121K(7296K)->7121K(7296K) Class: 1035K(1152K)->1035K(1152K)
[2025-05-20T22:15:36.706+0000][gc          ] GC(2) Pause Young (Normal) (G1 Evacuation Pause) 199M->150M(1024M) 8.314ms
[2025-05-20T22:15:36.706+0000][gc,cpu      ] GC(2) User=0.04s Sys=0.00s Real=0.01s
[2025-05-20T22:15:42.243+0000][gc,start    ] GC(3) Pause Young (Normal) (G1 Evacuation Pause)
[2025-05-20T22:15:42.244+0000][gc,task     ] GC(3) Using 10 workers of 10 for evacuation
[2025-05-20T22:15:42.256+0000][gc,phases   ] GC(3)   Pre Evacuate Collection Set: 0.4ms
[2025-05-20T22:15:42.257+0000][gc,phases   ] GC(3)   Merge Heap Roots: 0.1ms
[2025-05-20T22:15:42.257+0000][gc,phases   ] GC(3)   Evacuate Collection Set: 10.3ms
[2025-05-20T22:15:42.257+0000][gc,phases   ] GC(3)   Post Evacuate Collection Set: 1.5ms
[2025-05-20T22:15:42.257+0000][gc,phases   ] GC(3)   Other: 0.5ms
[2025-05-20T22:15:42.257+0000][gc,heap     ] GC(3) Eden regions: 105->0(442)
[2025-05-20T22:15:42.258+0000][gc,heap     ] GC(3) Survivor regions: 2->8(14)
[2025-05-20T22:15:42.258+0000][gc,heap     ] GC(3) Old regions: 19->19
[2025-05-20T22:15:42.258+0000][gc,heap     ] GC(3) Humongous regions: 131->130
[2025-05-20T22:15:42.258+0000][gc,metaspace] GC(3) Metaspace: 11501K(11904K)->11501K(11904K) NonClass: 9968K(10176K)->9968K(10176K) Class: 1533K(1728K)->1533K(1728K)
[2025-05-20T22:15:42.258+0000][gc          ] GC(3) Pause Young (Normal) (G1 Evacuation Pause) 256M->155M(1024M) 15.041ms
[2025-05-20T22:15:42.259+0000][gc,cpu      ] GC(3) User=0.03s Sys=0.03s Real=0.01s
[2025-05-20T22:16:06.680+0000][gc,start    ] GC(4) Pause Young (Normal) (G1 Evacuation Pause)
[2025-05-20T22:16:06.681+0000][gc,task     ] GC(4) Using 10 workers of 10 for evacuation
[2025-05-20T22:16:06.693+0000][gc,phases   ] GC(4)   Pre Evacuate Collection Set: 0.4ms
[2025-05-20T22:16:06.693+0000][gc,phases   ] GC(4)   Merge Heap Roots: 0.2ms
[2025-05-20T22:16:06.693+0000][gc,phases   ] GC(4)   Evacuate Collection Set: 10.1ms
[2025-05-20T22:16:06.694+0000][gc,phases   ] GC(4)   Post Evacuate Collection Set: 1.2ms
[2025-05-20T22:16:06.694+0000][gc,phases   ] GC(4)   Other: 0.4ms
[2025-05-20T22:16:06.694+0000][gc,heap     ] GC(4) Eden regions: 449->0(601)
[2025-05-20T22:16:06.694+0000][gc,heap     ] GC(4) Survivor regions: 8->13(58)
[2025-05-20T22:16:06.694+0000][gc,heap     ] GC(4) Old regions: 19->19
[2025-05-20T22:16:06.694+0000][gc,heap     ] GC(4) Humongous regions: 131->130
[2025-05-20T22:16:06.694+0000][gc,metaspace] GC(4) Metaspace: 13992K(14336K)->13992K(14336K) NonClass: 12180K(12352K)->12180K(12352K) Class: 1812K(1984K)->1812K(1984K)
[2025-05-20T22:16:06.694+0000][gc          ] GC(4) Pause Young (Normal) (G1 Evacuation Pause) 605M->161M(1024M) 14.223ms
[2025-05-20T22:16:06.695+0000][gc,cpu      ] GC(4) User=0.06s Sys=0.03s Real=0.01s
[2025-05-20T22:16:23.134+0000][gc,heap,exit] Heap
[2025-05-20T22:16:23.134+0000][gc,heap,exit]  garbage-first heap   total 1048576K, used 369430K [0x00000000c0000000, 0x0000000100000000)
[2025-05-20T22:16:23.134+0000][gc,heap,exit]   region size 1024K, 213 young (218112K), 13 survivors (13312K)
[2025-05-20T22:16:23.134+0000][gc,heap,exit]  Metaspace       used 14982K, committed 15360K, reserved 1114112K
[2025-05-20T22:16:23.134+0000][gc,heap,exit]   class space    used 2001K, committed 2176K, reserved 1048576K
