[2025-05-24T01:07:52.125+0000][gc,init] CardTable entry size: 512
[2025-05-24T01:07:52.126+0000][gc     ] Using G1
[2025-05-24T01:07:52.188+0000][gc,init] Version: 21.0.4+7-LTS (release)
[2025-05-24T01:07:52.188+0000][gc,init] CPUs: 12 total, 12 available
[2025-05-24T01:07:52.189+0000][gc,init] Memory: 15597M
[2025-05-24T01:07:52.189+0000][gc,init] Large Page Support: Disabled
[2025-05-24T01:07:52.189+0000][gc,init] NUMA Support: Disabled
[2025-05-24T01:07:52.190+0000][gc,init] Compressed Oops: Enabled (32-bit)
[2025-05-24T01:07:52.190+0000][gc,init] Heap Region Size: 1M
[2025-05-24T01:07:52.191+0000][gc,init] Heap Min Capacity: 1G
[2025-05-24T01:07:52.191+0000][gc,init] Heap Initial Capacity: 1G
[2025-05-24T01:07:52.191+0000][gc,init] Heap Max Capacity: 1G
[2025-05-24T01:07:52.192+0000][gc,init] Pre-touch: Disabled
[2025-05-24T01:07:52.192+0000][gc,init] Parallel Workers: 10
[2025-05-24T01:07:52.192+0000][gc,init] Concurrent Workers: 3
[2025-05-24T01:07:52.192+0000][gc,init] Concurrent Refinement Workers: 10
[2025-05-24T01:07:52.193+0000][gc,init] Periodic GC: Disabled
[2025-05-24T01:07:52.302+0000][gc,metaspace] CDS archive(s) mapped at: [0x00007fcd3f000000-0x00007fcd3fbbe000-0x00007fcd42674000), size 57098240, SharedBaseAddress: 0x00007fcd3f000000, ArchiveRelocationMode: 1.
[2025-05-24T01:07:52.304+0000][gc,metaspace] Compressed class space mapped at: 0x00007fcd43000000-0x00007fcd83000000, reserved size: 1073741824
[2025-05-24T01:07:52.311+0000][gc,metaspace] Narrow klass base: 0x00007fcd3f000000, Narrow klass shift: 0, Narrow klass range: 0x100000000
[2025-05-24T01:07:56.672+0000][gc,start    ] GC(0) Pause Young (Normal) (G1 Evacuation Pause)
[2025-05-24T01:07:56.675+0000][gc,task     ] GC(0) Using 10 workers of 10 for evacuation
[2025-05-24T01:07:56.695+0000][gc,phases   ] GC(0)   Pre Evacuate Collection Set: 0.3ms
[2025-05-24T01:07:56.696+0000][gc,phases   ] GC(0)   Merge Heap Roots: 0.1ms
[2025-05-24T01:07:56.696+0000][gc,phases   ] GC(0)   Evacuate Collection Set: 16.5ms
[2025-05-24T01:07:56.701+0000][gc,phases   ] GC(0)   Post Evacuate Collection Set: 2.4ms
[2025-05-24T01:07:56.702+0000][gc,phases   ] GC(0)   Other: 2.6ms
[2025-05-24T01:07:56.702+0000][gc,heap     ] GC(0) Eden regions: 51->0(44)
[2025-05-24T01:07:56.702+0000][gc,heap     ] GC(0) Survivor regions: 0->7(7)
[2025-05-24T01:07:56.702+0000][gc,heap     ] GC(0) Old regions: 1->7
[2025-05-24T01:07:56.702+0000][gc,heap     ] GC(0) Humongous regions: 1->1
[2025-05-24T01:07:56.703+0000][gc,metaspace] GC(0) Metaspace: 5654K(5888K)->5654K(5888K) NonClass: 4995K(5120K)->4995K(5120K) Class: 658K(768K)->658K(768K)
[2025-05-24T01:07:56.703+0000][gc          ] GC(0) Pause Young (Normal) (G1 Evacuation Pause) 52M->14M(1024M) 30.512ms
[2025-05-24T01:07:56.703+0000][gc,cpu      ] GC(0) User=0.09s Sys=0.01s Real=0.03s
[2025-05-24T01:08:04.012+0000][gc,start    ] GC(1) Pause Young (Normal) (G1 Evacuation Pause)
[2025-05-24T01:08:04.012+0000][gc,task     ] GC(1) Using 10 workers of 10 for evacuation
[2025-05-24T01:08:04.025+0000][gc,phases   ] GC(1)   Pre Evacuate Collection Set: 0.4ms
[2025-05-24T01:08:04.025+0000][gc,phases   ] GC(1)   Merge Heap Roots: 0.2ms
[2025-05-24T01:08:04.025+0000][gc,phases   ] GC(1)   Evacuate Collection Set: 10.2ms
[2025-05-24T01:08:04.025+0000][gc,phases   ] GC(1)   Post Evacuate Collection Set: 1.4ms
[2025-05-24T01:08:04.025+0000][gc,phases   ] GC(1)   Other: 0.5ms
[2025-05-24T01:08:04.026+0000][gc,heap     ] GC(1) Eden regions: 44->0(47)
[2025-05-24T01:08:04.026+0000][gc,heap     ] GC(1) Survivor regions: 7->5(7)
[2025-05-24T01:08:04.026+0000][gc,heap     ] GC(1) Old regions: 7->15
[2025-05-24T01:08:04.026+0000][gc,heap     ] GC(1) Humongous regions: 130->130
[2025-05-24T01:08:04.026+0000][gc,metaspace] GC(1) Metaspace: 8669K(9024K)->8669K(9024K) NonClass: 7478K(7680K)->7478K(7680K) Class: 1190K(1344K)->1190K(1344K)
[2025-05-24T01:08:04.027+0000][gc          ] GC(1) Pause Young (Normal) (G1 Evacuation Pause) 187M->149M(1024M) 15.204ms
[2025-05-24T01:08:04.027+0000][gc,cpu      ] GC(1) User=0.05s Sys=0.00s Real=0.01s
[2025-05-24T01:08:04.298+0000][gc,start    ] GC(2) Pause Young (Normal) (G1 Evacuation Pause)
[2025-05-24T01:08:04.298+0000][gc,task     ] GC(2) Using 10 workers of 10 for evacuation
[2025-05-24T01:08:04.308+0000][gc,phases   ] GC(2)   Pre Evacuate Collection Set: 0.5ms
[2025-05-24T01:08:04.308+0000][gc,phases   ] GC(2)   Merge Heap Roots: 0.2ms
[2025-05-24T01:08:04.308+0000][gc,phases   ] GC(2)   Evacuate Collection Set: 7.4ms
[2025-05-24T01:08:04.308+0000][gc,phases   ] GC(2)   Post Evacuate Collection Set: 1.0ms
[2025-05-24T01:08:04.309+0000][gc,phases   ] GC(2)   Other: 0.5ms
[2025-05-24T01:08:04.309+0000][gc,heap     ] GC(2) Eden regions: 52->0(285)
[2025-05-24T01:08:04.309+0000][gc,heap     ] GC(2) Survivor regions: 5->2(8)
[2025-05-24T01:08:04.309+0000][gc,heap     ] GC(2) Old regions: 15->20
[2025-05-24T01:08:04.309+0000][gc,heap     ] GC(2) Humongous regions: 130->130
[2025-05-24T01:08:04.310+0000][gc,metaspace] GC(2) Metaspace: 9055K(9344K)->9055K(9344K) NonClass: 7794K(7936K)->7794K(7936K) Class: 1260K(1408K)->1260K(1408K)
[2025-05-24T01:08:04.310+0000][gc          ] GC(2) Pause Young (Normal) (G1 Evacuation Pause) 201M->151M(1024M) 12.123ms
[2025-05-24T01:08:04.310+0000][gc,cpu      ] GC(2) User=0.02s Sys=0.04s Real=0.02s
[2025-05-24T01:08:22.231+0000][gc,heap,exit] Heap
[2025-05-24T01:08:22.231+0000][gc,heap,exit]  garbage-first heap   total 1048576K, used 425842K [0x00000000c0000000, 0x0000000100000000)
[2025-05-24T01:08:22.231+0000][gc,heap,exit]   region size 1024K, 265 young (271360K), 2 survivors (2048K)
[2025-05-24T01:08:22.231+0000][gc,heap,exit]  Metaspace       used 13119K, committed 13440K, reserved 1114112K
[2025-05-24T01:08:22.232+0000][gc,heap,exit]   class space    used 1802K, committed 1984K, reserved 1048576K
