[2025-05-24T01:11:29.424+0000][gc,init] CardTable entry size: 512
[2025-05-24T01:11:29.425+0000][gc     ] Using G1
[2025-05-24T01:11:29.449+0000][gc,init] Version: 21.0.4+7-LTS (release)
[2025-05-24T01:11:29.450+0000][gc,init] CPUs: 12 total, 12 available
[2025-05-24T01:11:29.450+0000][gc,init] Memory: 15597M
[2025-05-24T01:11:29.450+0000][gc,init] Large Page Support: Disabled
[2025-05-24T01:11:29.451+0000][gc,init] NUMA Support: Disabled
[2025-05-24T01:11:29.451+0000][gc,init] Compressed Oops: Enabled (32-bit)
[2025-05-24T01:11:29.458+0000][gc,init] Heap Region Size: 1M
[2025-05-24T01:11:29.458+0000][gc,init] Heap Min Capacity: 1G
[2025-05-24T01:11:29.458+0000][gc,init] Heap Initial Capacity: 1G
[2025-05-24T01:11:29.458+0000][gc,init] Heap Max Capacity: 1G
[2025-05-24T01:11:29.459+0000][gc,init] Pre-touch: Disabled
[2025-05-24T01:11:29.459+0000][gc,init] Parallel Workers: 10
[2025-05-24T01:11:29.459+0000][gc,init] Concurrent Workers: 3
[2025-05-24T01:11:29.460+0000][gc,init] Concurrent Refinement Workers: 10
[2025-05-24T01:11:29.460+0000][gc,init] Periodic GC: Disabled
[2025-05-24T01:11:29.535+0000][gc,metaspace] CDS archive(s) mapped at: [0x00007fb512000000-0x00007fb512bbe000-0x00007fb515674000), size 57098240, SharedBaseAddress: 0x00007fb512000000, ArchiveRelocationMode: 1.
[2025-05-24T01:11:29.537+0000][gc,metaspace] Compressed class space mapped at: 0x00007fb516000000-0x00007fb556000000, reserved size: 1073741824
[2025-05-24T01:11:29.540+0000][gc,metaspace] Narrow klass base: 0x00007fb512000000, Narrow klass shift: 0, Narrow klass range: 0x100000000
[2025-05-24T01:11:33.789+0000][gc,start    ] GC(0) Pause Young (Normal) (G1 Evacuation Pause)
[2025-05-24T01:11:33.790+0000][gc,task     ] GC(0) Using 10 workers of 10 for evacuation
[2025-05-24T01:11:33.809+0000][gc,phases   ] GC(0)   Pre Evacuate Collection Set: 0.3ms
[2025-05-24T01:11:33.809+0000][gc,phases   ] GC(0)   Merge Heap Roots: 0.1ms
[2025-05-24T01:11:33.809+0000][gc,phases   ] GC(0)   Evacuate Collection Set: 16.6ms
[2025-05-24T01:11:33.809+0000][gc,phases   ] GC(0)   Post Evacuate Collection Set: 1.2ms
[2025-05-24T01:11:33.809+0000][gc,phases   ] GC(0)   Other: 1.6ms
[2025-05-24T01:11:33.810+0000][gc,heap     ] GC(0) Eden regions: 51->0(44)
[2025-05-24T01:11:33.810+0000][gc,heap     ] GC(0) Survivor regions: 0->7(7)
[2025-05-24T01:11:33.810+0000][gc,heap     ] GC(0) Old regions: 1->7
[2025-05-24T01:11:33.810+0000][gc,heap     ] GC(0) Humongous regions: 1->1
[2025-05-24T01:11:33.810+0000][gc,metaspace] GC(0) Metaspace: 5618K(5760K)->5618K(5760K) NonClass: 4964K(5056K)->4964K(5056K) Class: 654K(704K)->654K(704K)
[2025-05-24T01:11:33.811+0000][gc          ] GC(0) Pause Young (Normal) (G1 Evacuation Pause) 52M->14M(1024M) 21.874ms
[2025-05-24T01:11:33.811+0000][gc,cpu      ] GC(0) User=0.08s Sys=0.00s Real=0.02s
[2025-05-24T01:11:34.347+0000][gc,start    ] GC(1) Pause Young (Normal) (G1 Evacuation Pause)
[2025-05-24T01:11:34.347+0000][gc,task     ] GC(1) Using 10 workers of 10 for evacuation
[2025-05-24T01:11:34.357+0000][gc,phases   ] GC(1)   Pre Evacuate Collection Set: 0.3ms
[2025-05-24T01:11:34.357+0000][gc,phases   ] GC(1)   Merge Heap Roots: 0.2ms
[2025-05-24T01:11:34.357+0000][gc,phases   ] GC(1)   Evacuate Collection Set: 8.0ms
[2025-05-24T01:11:34.358+0000][gc,phases   ] GC(1)   Post Evacuate Collection Set: 1.2ms
[2025-05-24T01:11:34.358+0000][gc,phases   ] GC(1)   Other: 0.3ms
[2025-05-24T01:11:34.358+0000][gc,heap     ] GC(1) Eden regions: 44->0(52)
[2025-05-24T01:11:34.358+0000][gc,heap     ] GC(1) Survivor regions: 7->4(7)
[2025-05-24T01:11:34.358+0000][gc,heap     ] GC(1) Old regions: 7->15
[2025-05-24T01:11:34.358+0000][gc,heap     ] GC(1) Humongous regions: 130->130
[2025-05-24T01:11:34.358+0000][gc,metaspace] GC(1) Metaspace: 7417K(7680K)->7417K(7680K) NonClass: 6481K(6592K)->6481K(6592K) Class: 936K(1088K)->936K(1088K)
[2025-05-24T01:11:34.359+0000][gc          ] GC(1) Pause Young (Normal) (G1 Evacuation Pause) 187M->147M(1024M) 11.969ms
[2025-05-24T01:11:34.359+0000][gc,cpu      ] GC(1) User=0.02s Sys=0.03s Real=0.02s
[2025-05-24T01:11:34.765+0000][gc,start    ] GC(2) Pause Young (Normal) (G1 Evacuation Pause)
[2025-05-24T01:11:34.765+0000][gc,task     ] GC(2) Using 10 workers of 10 for evacuation
[2025-05-24T01:11:34.772+0000][gc,phases   ] GC(2)   Pre Evacuate Collection Set: 0.4ms
[2025-05-24T01:11:34.773+0000][gc,phases   ] GC(2)   Merge Heap Roots: 0.1ms
[2025-05-24T01:11:34.774+0000][gc,phases   ] GC(2)   Evacuate Collection Set: 5.4ms
[2025-05-24T01:11:34.774+0000][gc,phases   ] GC(2)   Post Evacuate Collection Set: 0.9ms
[2025-05-24T01:11:34.774+0000][gc,phases   ] GC(2)   Other: 0.2ms
[2025-05-24T01:11:34.774+0000][gc,heap     ] GC(2) Eden regions: 63->0(386)
[2025-05-24T01:11:34.774+0000][gc,heap     ] GC(2) Survivor regions: 4->6(9)
[2025-05-24T01:11:34.775+0000][gc,heap     ] GC(2) Old regions: 15->15
[2025-05-24T01:11:34.775+0000][gc,heap     ] GC(2) Humongous regions: 130->130
[2025-05-24T01:11:34.775+0000][gc,metaspace] GC(2) Metaspace: 7655K(7872K)->7655K(7872K) NonClass: 6675K(6784K)->6675K(6784K) Class: 980K(1088K)->980K(1088K)
[2025-05-24T01:11:34.775+0000][gc          ] GC(2) Pause Young (Normal) (G1 Evacuation Pause) 210M->149M(1024M) 10.501ms
[2025-05-24T01:11:34.775+0000][gc,cpu      ] GC(2) User=0.02s Sys=0.01s Real=0.01s
[2025-05-24T01:12:03.964+0000][gc,start    ] GC(3) Pause Young (Normal) (G1 Evacuation Pause)
[2025-05-24T01:12:03.964+0000][gc,task     ] GC(3) Using 10 workers of 10 for evacuation
[2025-05-24T01:12:03.982+0000][gc,phases   ] GC(3)   Pre Evacuate Collection Set: 0.4ms
[2025-05-24T01:12:03.983+0000][gc,phases   ] GC(3)   Merge Heap Roots: 0.3ms
[2025-05-24T01:12:03.983+0000][gc,phases   ] GC(3)   Evacuate Collection Set: 14.3ms
[2025-05-24T01:12:03.983+0000][gc,phases   ] GC(3)   Post Evacuate Collection Set: 2.1ms
[2025-05-24T01:12:03.984+0000][gc,phases   ] GC(3)   Other: 0.7ms
[2025-05-24T01:12:03.984+0000][gc,heap     ] GC(3) Eden regions: 421->0(604)
[2025-05-24T01:12:03.985+0000][gc,heap     ] GC(3) Survivor regions: 6->10(54)
[2025-05-24T01:12:03.986+0000][gc,heap     ] GC(3) Old regions: 15->15
[2025-05-24T01:12:03.986+0000][gc,heap     ] GC(3) Humongous regions: 133->130
[2025-05-24T01:12:03.986+0000][gc,metaspace] GC(3) Metaspace: 12837K(13248K)->12837K(13248K) NonClass: 11186K(11392K)->11186K(11392K) Class: 1650K(1856K)->1650K(1856K)
[2025-05-24T01:12:03.986+0000][gc          ] GC(3) Pause Young (Normal) (G1 Evacuation Pause) 573M->154M(1024M) 22.499ms
[2025-05-24T01:12:03.987+0000][gc,cpu      ] GC(3) User=0.01s Sys=0.05s Real=0.03s
[2025-05-24T01:12:20.805+0000][gc,heap,exit] Heap
[2025-05-24T01:12:20.806+0000][gc,heap,exit]  garbage-first heap   total 1048576K, used 472126K [0x00000000c0000000, 0x0000000100000000)
[2025-05-24T01:12:20.806+0000][gc,heap,exit]   region size 1024K, 317 young (324608K), 10 survivors (10240K)
[2025-05-24T01:12:20.806+0000][gc,heap,exit]  Metaspace       used 13953K, committed 14336K, reserved 1114112K
[2025-05-24T01:12:20.806+0000][gc,heap,exit]   class space    used 1859K, committed 2048K, reserved 1048576K
