[2025-05-21T14:13:12.693+0000][gc,init] CardTable entry size: 512
[2025-05-21T14:13:12.694+0000][gc     ] Using G1
[2025-05-21T14:13:12.726+0000][gc,init] Version: 21.0.4+7-LTS (release)
[2025-05-21T14:13:12.727+0000][gc,init] CPUs: 12 total, 12 available
[2025-05-21T14:13:12.729+0000][gc,init] Memory: 15597M
[2025-05-21T14:13:12.730+0000][gc,init] Large Page Support: Disabled
[2025-05-21T14:13:12.730+0000][gc,init] NUMA Support: Disabled
[2025-05-21T14:13:12.731+0000][gc,init] Compressed Oops: Enabled (32-bit)
[2025-05-21T14:13:12.731+0000][gc,init] Heap Region Size: 1M
[2025-05-21T14:13:12.731+0000][gc,init] Heap Min Capacity: 1G
[2025-05-21T14:13:12.731+0000][gc,init] Heap Initial Capacity: 1G
[2025-05-21T14:13:12.732+0000][gc,init] Heap Max Capacity: 1G
[2025-05-21T14:13:12.732+0000][gc,init] Pre-touch: Disabled
[2025-05-21T14:13:12.732+0000][gc,init] Parallel Workers: 10
[2025-05-21T14:13:12.733+0000][gc,init] Concurrent Workers: 3
[2025-05-21T14:13:12.733+0000][gc,init] Concurrent Refinement Workers: 10
[2025-05-21T14:13:12.733+0000][gc,init] Periodic GC: Disabled
[2025-05-21T14:13:12.813+0000][gc,metaspace] CDS archive(s) mapped at: [0x00007f217e000000-0x00007f217ebbe000-0x00007f2181674000), size 57098240, SharedBaseAddress: 0x00007f217e000000, ArchiveRelocationMode: 1.
[2025-05-21T14:13:12.823+0000][gc,metaspace] Compressed class space mapped at: 0x00007f2182000000-0x00007f21c2000000, reserved size: 1073741824
[2025-05-21T14:13:12.825+0000][gc,metaspace] Narrow klass base: 0x00007f217e000000, Narrow klass shift: 0, Narrow klass range: 0x100000000
[2025-05-21T14:13:18.973+0000][gc,start    ] GC(0) Pause Young (Normal) (G1 Evacuation Pause)
[2025-05-21T14:13:19.027+0000][gc,task     ] GC(0) Using 10 workers of 10 for evacuation
[2025-05-21T14:13:19.144+0000][gc,phases   ] GC(0)   Pre Evacuate Collection Set: 30.5ms
[2025-05-21T14:13:19.145+0000][gc,phases   ] GC(0)   Merge Heap Roots: 0.2ms
[2025-05-21T14:13:19.145+0000][gc,phases   ] GC(0)   Evacuate Collection Set: 81.9ms
[2025-05-21T14:13:19.145+0000][gc,phases   ] GC(0)   Post Evacuate Collection Set: 1.5ms
[2025-05-21T14:13:19.145+0000][gc,phases   ] GC(0)   Other: 54.8ms
[2025-05-21T14:13:19.147+0000][gc,heap     ] GC(0) Eden regions: 51->0(44)
[2025-05-21T14:13:19.150+0000][gc,heap     ] GC(0) Survivor regions: 0->7(7)
[2025-05-21T14:13:19.151+0000][gc,heap     ] GC(0) Old regions: 1->4
[2025-05-21T14:13:19.153+0000][gc,heap     ] GC(0) Humongous regions: 1->1
[2025-05-21T14:13:19.154+0000][gc,metaspace] GC(0) Metaspace: 6451K(6784K)->6451K(6784K) NonClass: 5668K(5824K)->5668K(5824K) Class: 783K(960K)->783K(960K)
[2025-05-21T14:13:19.154+0000][gc          ] GC(0) Pause Young (Normal) (G1 Evacuation Pause) 52M->11M(1024M) 181.312ms
[2025-05-21T14:13:19.154+0000][gc,cpu      ] GC(0) User=0.03s Sys=0.06s Real=0.18s
[2025-05-21T14:13:23.910+0000][gc,start    ] GC(1) Pause Young (Normal) (G1 Evacuation Pause)
[2025-05-21T14:13:23.910+0000][gc,task     ] GC(1) Using 10 workers of 10 for evacuation
[2025-05-21T14:13:23.984+0000][gc,phases   ] GC(1)   Pre Evacuate Collection Set: 0.3ms
[2025-05-21T14:13:23.992+0000][gc,phases   ] GC(1)   Merge Heap Roots: 0.1ms
[2025-05-21T14:13:23.992+0000][gc,phases   ] GC(1)   Evacuate Collection Set: 69.6ms
[2025-05-21T14:13:24.001+0000][gc,phases   ] GC(1)   Post Evacuate Collection Set: 1.8ms
[2025-05-21T14:13:24.022+0000][gc,phases   ] GC(1)   Other: 1.2ms
[2025-05-21T14:13:24.045+0000][gc,heap     ] GC(1) Eden regions: 44->0(46)
[2025-05-21T14:13:24.046+0000][gc,heap     ] GC(1) Survivor regions: 7->7(7)
[2025-05-21T14:13:24.050+0000][gc,heap     ] GC(1) Old regions: 4->12
[2025-05-21T14:13:24.061+0000][gc,heap     ] GC(1) Humongous regions: 3->2
[2025-05-21T14:13:24.067+0000][gc,metaspace] GC(1) Metaspace: 8964K(9280K)->8964K(9280K) NonClass: 7878K(8064K)->7878K(8064K) Class: 1085K(1216K)->1085K(1216K)
[2025-05-21T14:13:24.070+0000][gc          ] GC(1) Pause Young (Normal) (G1 Evacuation Pause) 57M->19M(1024M) 160.238ms
[2025-05-21T14:13:24.074+0000][gc,cpu      ] GC(1) User=0.08s Sys=0.08s Real=0.16s
[2025-05-21T14:13:26.903+0000][gc,start    ] GC(2) Pause Young (Normal) (G1 Evacuation Pause)
[2025-05-21T14:13:26.903+0000][gc,task     ] GC(2) Using 10 workers of 10 for evacuation
[2025-05-21T14:13:26.942+0000][gc,phases   ] GC(2)   Pre Evacuate Collection Set: 0.9ms
[2025-05-21T14:13:26.943+0000][gc,phases   ] GC(2)   Merge Heap Roots: 0.1ms
[2025-05-21T14:13:26.943+0000][gc,phases   ] GC(2)   Evacuate Collection Set: 36.4ms
[2025-05-21T14:13:26.944+0000][gc,phases   ] GC(2)   Post Evacuate Collection Set: 1.2ms
[2025-05-21T14:13:26.945+0000][gc,phases   ] GC(2)   Other: 0.2ms
[2025-05-21T14:13:26.947+0000][gc,heap     ] GC(2) Eden regions: 49->0(134)
[2025-05-21T14:13:26.949+0000][gc,heap     ] GC(2) Survivor regions: 7->4(7)
[2025-05-21T14:13:26.949+0000][gc,heap     ] GC(2) Old regions: 12->18
[2025-05-21T14:13:26.949+0000][gc,heap     ] GC(2) Humongous regions: 131->131
[2025-05-21T14:13:26.949+0000][gc,metaspace] GC(2) Metaspace: 9947K(10304K)->9947K(10304K) NonClass: 8749K(8896K)->8749K(8896K) Class: 1197K(1408K)->1197K(1408K)
[2025-05-21T14:13:26.950+0000][gc          ] GC(2) Pause Young (Normal) (G1 Evacuation Pause) 197M->151M(1024M) 46.604ms
[2025-05-21T14:13:26.950+0000][gc,cpu      ] GC(2) User=0.05s Sys=0.00s Real=0.05s
[2025-05-21T14:13:36.137+0000][gc,start    ] GC(3) Pause Young (Normal) (G1 Evacuation Pause)
[2025-05-21T14:13:36.138+0000][gc,task     ] GC(3) Using 10 workers of 10 for evacuation
[2025-05-21T14:13:36.147+0000][gc,phases   ] GC(3)   Pre Evacuate Collection Set: 0.4ms
[2025-05-21T14:13:36.148+0000][gc,phases   ] GC(3)   Merge Heap Roots: 0.3ms
[2025-05-21T14:13:36.148+0000][gc,phases   ] GC(3)   Evacuate Collection Set: 5.7ms
[2025-05-21T14:13:36.149+0000][gc,phases   ] GC(3)   Post Evacuate Collection Set: 2.9ms
[2025-05-21T14:13:36.149+0000][gc,phases   ] GC(3)   Other: 0.4ms
[2025-05-21T14:13:36.149+0000][gc,heap     ] GC(3) Eden regions: 132->0(609)
[2025-05-21T14:13:36.149+0000][gc,heap     ] GC(3) Survivor regions: 4->5(17)
[2025-05-21T14:13:36.149+0000][gc,heap     ] GC(3) Old regions: 18->18
[2025-05-21T14:13:36.150+0000][gc,heap     ] GC(3) Humongous regions: 132->131
[2025-05-21T14:13:36.150+0000][gc,metaspace] GC(3) Metaspace: 11762K(12096K)->11762K(12096K) NonClass: 10255K(10432K)->10255K(10432K) Class: 1506K(1664K)->1506K(1664K)
[2025-05-21T14:13:36.150+0000][gc          ] GC(3) Pause Young (Normal) (G1 Evacuation Pause) 284M->152M(1024M) 12.558ms
[2025-05-21T14:13:36.150+0000][gc,cpu      ] GC(3) User=0.05s Sys=0.00s Real=0.01s
[2025-05-21T14:14:16.295+0000][gc,start    ] GC(4) Pause Young (Normal) (G1 Evacuation Pause)
[2025-05-21T14:14:16.295+0000][gc,task     ] GC(4) Using 10 workers of 10 for evacuation
[2025-05-21T14:14:16.304+0000][gc,phases   ] GC(4)   Pre Evacuate Collection Set: 0.4ms
[2025-05-21T14:14:16.304+0000][gc,phases   ] GC(4)   Merge Heap Roots: 0.2ms
[2025-05-21T14:14:16.304+0000][gc,phases   ] GC(4)   Evacuate Collection Set: 6.1ms
[2025-05-21T14:14:16.304+0000][gc,phases   ] GC(4)   Post Evacuate Collection Set: 1.7ms
[2025-05-21T14:14:16.304+0000][gc,phases   ] GC(4)   Other: 0.4ms
[2025-05-21T14:14:16.304+0000][gc,heap     ] GC(4) Eden regions: 609->0(607)
[2025-05-21T14:14:16.305+0000][gc,heap     ] GC(4) Survivor regions: 5->7(77)
[2025-05-21T14:14:16.305+0000][gc,heap     ] GC(4) Old regions: 18->18
[2025-05-21T14:14:16.305+0000][gc,heap     ] GC(4) Humongous regions: 132->131
[2025-05-21T14:14:16.305+0000][gc,metaspace] GC(4) Metaspace: 12817K(13184K)->12817K(13184K) NonClass: 11207K(11392K)->11207K(11392K) Class: 1609K(1792K)->1609K(1792K)
[2025-05-21T14:14:16.305+0000][gc          ] GC(4) Pause Young (Normal) (G1 Evacuation Pause) 762M->154M(1024M) 10.460ms
[2025-05-21T14:14:16.305+0000][gc,cpu      ] GC(4) User=0.05s Sys=0.01s Real=0.01s
[2025-05-21T14:14:56.382+0000][gc,start    ] GC(5) Pause Young (Normal) (G1 Evacuation Pause)
[2025-05-21T14:14:56.382+0000][gc,task     ] GC(5) Using 10 workers of 10 for evacuation
[2025-05-21T14:14:56.386+0000][gc,phases   ] GC(5)   Pre Evacuate Collection Set: 0.3ms
[2025-05-21T14:14:56.386+0000][gc,phases   ] GC(5)   Merge Heap Roots: 0.2ms
[2025-05-21T14:14:56.386+0000][gc,phases   ] GC(5)   Evacuate Collection Set: 2.1ms
[2025-05-21T14:14:56.386+0000][gc,phases   ] GC(5)   Post Evacuate Collection Set: 1.0ms
[2025-05-21T14:14:56.387+0000][gc,phases   ] GC(5)   Other: 0.3ms
[2025-05-21T14:14:56.387+0000][gc,heap     ] GC(5) Eden regions: 607->0(607)
[2025-05-21T14:14:56.387+0000][gc,heap     ] GC(5) Survivor regions: 7->7(77)
[2025-05-21T14:14:56.387+0000][gc,heap     ] GC(5) Old regions: 18->18
[2025-05-21T14:14:56.387+0000][gc,heap     ] GC(5) Humongous regions: 131->131
[2025-05-21T14:14:56.387+0000][gc,metaspace] GC(5) Metaspace: 13128K(13504K)->13128K(13504K) NonClass: 11512K(11712K)->11512K(11712K) Class: 1616K(1792K)->1616K(1792K)
[2025-05-21T14:14:56.388+0000][gc          ] GC(5) Pause Young (Normal) (G1 Evacuation Pause) 761M->154M(1024M) 5.989ms
[2025-05-21T14:14:56.388+0000][gc,cpu      ] GC(5) User=0.02s Sys=0.01s Real=0.01s
[2025-05-21T14:15:37.379+0000][gc,start    ] GC(6) Pause Young (Normal) (G1 Evacuation Pause)
[2025-05-21T14:15:37.391+0000][gc,task     ] GC(6) Using 10 workers of 10 for evacuation
[2025-05-21T14:15:37.417+0000][gc,phases   ] GC(6)   Pre Evacuate Collection Set: 0.6ms
[2025-05-21T14:15:37.417+0000][gc,phases   ] GC(6)   Merge Heap Roots: 0.2ms
[2025-05-21T14:15:37.417+0000][gc,phases   ] GC(6)   Evacuate Collection Set: 12.4ms
[2025-05-21T14:15:37.418+0000][gc,phases   ] GC(6)   Post Evacuate Collection Set: 2.3ms
[2025-05-21T14:15:37.419+0000][gc,phases   ] GC(6)   Other: 10.1ms
[2025-05-21T14:15:37.419+0000][gc,heap     ] GC(6) Eden regions: 607->0(607)
[2025-05-21T14:15:37.420+0000][gc,heap     ] GC(6) Survivor regions: 7->7(77)
[2025-05-21T14:15:37.420+0000][gc,heap     ] GC(6) Old regions: 18->18
[2025-05-21T14:15:37.422+0000][gc,heap     ] GC(6) Humongous regions: 131->131
[2025-05-21T14:15:37.422+0000][gc,metaspace] GC(6) Metaspace: 13498K(13824K)->13498K(13824K) NonClass: 11881K(12032K)->11881K(12032K) Class: 1617K(1792K)->1617K(1792K)
[2025-05-21T14:15:37.422+0000][gc          ] GC(6) Pause Young (Normal) (G1 Evacuation Pause) 761M->155M(1024M) 43.548ms
[2025-05-21T14:15:37.423+0000][gc,cpu      ] GC(6) User=0.03s Sys=0.01s Real=0.05s
[2025-05-21T14:16:07.518+0000][gc,start    ] GC(7) Pause Young (Normal) (G1 Evacuation Pause)
[2025-05-21T14:16:07.529+0000][gc,task     ] GC(7) Using 10 workers of 10 for evacuation
[2025-05-21T14:16:07.559+0000][gc,phases   ] GC(7)   Pre Evacuate Collection Set: 1.2ms
[2025-05-21T14:16:07.561+0000][gc,phases   ] GC(7)   Merge Heap Roots: 0.3ms
[2025-05-21T14:16:07.563+0000][gc,phases   ] GC(7)   Evacuate Collection Set: 19.5ms
[2025-05-21T14:16:07.570+0000][gc,phases   ] GC(7)   Post Evacuate Collection Set: 5.1ms
[2025-05-21T14:16:07.572+0000][gc,phases   ] GC(7)   Other: 4.3ms
[2025-05-21T14:16:07.575+0000][gc,heap     ] GC(7) Eden regions: 607->0(608)
[2025-05-21T14:16:07.576+0000][gc,heap     ] GC(7) Survivor regions: 7->6(77)
[2025-05-21T14:16:07.577+0000][gc,heap     ] GC(7) Old regions: 18->18
[2025-05-21T14:16:07.589+0000][gc,heap     ] GC(7) Humongous regions: 131->131
[2025-05-21T14:16:07.591+0000][gc,metaspace] GC(7) Metaspace: 13657K(14080K)->13657K(14080K) NonClass: 12028K(12224K)->12028K(12224K) Class: 1628K(1856K)->1628K(1856K)
[2025-05-21T14:16:07.591+0000][gc          ] GC(7) Pause Young (Normal) (G1 Evacuation Pause) 762M->153M(1024M) 73.015ms
[2025-05-21T14:16:07.593+0000][gc,cpu      ] GC(7) User=0.08s Sys=0.01s Real=0.07s
[2025-05-21T14:16:37.038+0000][gc,start    ] GC(8) Pause Young (Normal) (G1 Evacuation Pause)
[2025-05-21T14:16:37.039+0000][gc,task     ] GC(8) Using 10 workers of 10 for evacuation
[2025-05-21T14:16:37.053+0000][gc,phases   ] GC(8)   Pre Evacuate Collection Set: 1.8ms
[2025-05-21T14:16:37.053+0000][gc,phases   ] GC(8)   Merge Heap Roots: 0.2ms
[2025-05-21T14:16:37.053+0000][gc,phases   ] GC(8)   Evacuate Collection Set: 9.0ms
[2025-05-21T14:16:37.054+0000][gc,phases   ] GC(8)   Post Evacuate Collection Set: 1.9ms
[2025-05-21T14:16:37.054+0000][gc,phases   ] GC(8)   Other: 0.8ms
[2025-05-21T14:16:37.054+0000][gc,heap     ] GC(8) Eden regions: 608->0(604)
[2025-05-21T14:16:37.055+0000][gc,heap     ] GC(8) Survivor regions: 6->10(77)
[2025-05-21T14:16:37.055+0000][gc,heap     ] GC(8) Old regions: 18->18
[2025-05-21T14:16:37.055+0000][gc,heap     ] GC(8) Humongous regions: 131->131
[2025-05-21T14:16:37.056+0000][gc,metaspace] GC(8) Metaspace: 13773K(14208K)->13773K(14208K) NonClass: 12144K(12352K)->12144K(12352K) Class: 1629K(1856K)->1629K(1856K)
[2025-05-21T14:16:37.056+0000][gc          ] GC(8) Pause Young (Normal) (G1 Evacuation Pause) 761M->158M(1024M) 18.071ms
[2025-05-21T14:16:37.057+0000][gc,cpu      ] GC(8) User=0.02s Sys=0.07s Real=0.01s
[2025-05-21T14:17:26.108+0000][gc,start    ] GC(9) Pause Young (Normal) (G1 Evacuation Pause)
[2025-05-21T14:17:26.109+0000][gc,task     ] GC(9) Using 10 workers of 10 for evacuation
[2025-05-21T14:17:26.113+0000][gc,phases   ] GC(9)   Pre Evacuate Collection Set: 0.3ms
[2025-05-21T14:17:26.113+0000][gc,phases   ] GC(9)   Merge Heap Roots: 0.2ms
[2025-05-21T14:17:26.113+0000][gc,phases   ] GC(9)   Evacuate Collection Set: 2.2ms
[2025-05-21T14:17:26.113+0000][gc,phases   ] GC(9)   Post Evacuate Collection Set: 1.1ms
[2025-05-21T14:17:26.113+0000][gc,phases   ] GC(9)   Other: 0.3ms
[2025-05-21T14:17:26.114+0000][gc,heap     ] GC(9) Eden regions: 604->0(608)
[2025-05-21T14:17:26.114+0000][gc,heap     ] GC(9) Survivor regions: 10->6(77)
[2025-05-21T14:17:26.114+0000][gc,heap     ] GC(9) Old regions: 18->18
[2025-05-21T14:17:26.114+0000][gc,heap     ] GC(9) Humongous regions: 131->131
[2025-05-21T14:17:26.114+0000][gc,metaspace] GC(9) Metaspace: 13824K(14208K)->13824K(14208K) NonClass: 12195K(12352K)->12195K(12352K) Class: 1629K(1856K)->1629K(1856K)
[2025-05-21T14:17:26.114+0000][gc          ] GC(9) Pause Young (Normal) (G1 Evacuation Pause) 762M->154M(1024M) 5.896ms
[2025-05-21T14:17:26.114+0000][gc,cpu      ] GC(9) User=0.02s Sys=0.00s Real=0.00s
[2025-05-21T14:18:06.256+0000][gc,start    ] GC(10) Pause Young (Normal) (G1 Evacuation Pause)
[2025-05-21T14:18:06.256+0000][gc,task     ] GC(10) Using 10 workers of 10 for evacuation
[2025-05-21T14:18:06.260+0000][gc,phases   ] GC(10)   Pre Evacuate Collection Set: 0.4ms
[2025-05-21T14:18:06.261+0000][gc,phases   ] GC(10)   Merge Heap Roots: 0.2ms
[2025-05-21T14:18:06.261+0000][gc,phases   ] GC(10)   Evacuate Collection Set: 2.3ms
[2025-05-21T14:18:06.261+0000][gc,phases   ] GC(10)   Post Evacuate Collection Set: 1.0ms
[2025-05-21T14:18:06.261+0000][gc,phases   ] GC(10)   Other: 0.3ms
[2025-05-21T14:18:06.261+0000][gc,heap     ] GC(10) Eden regions: 608->0(607)
[2025-05-21T14:18:06.261+0000][gc,heap     ] GC(10) Survivor regions: 6->7(77)
[2025-05-21T14:18:06.261+0000][gc,heap     ] GC(10) Old regions: 18->18
[2025-05-21T14:18:06.262+0000][gc,heap     ] GC(10) Humongous regions: 131->131
[2025-05-21T14:18:06.262+0000][gc,metaspace] GC(10) Metaspace: 13894K(14336K)->13894K(14336K) NonClass: 12264K(12480K)->12264K(12480K) Class: 1630K(1856K)->1630K(1856K)
[2025-05-21T14:18:06.262+0000][gc          ] GC(10) Pause Young (Normal) (G1 Evacuation Pause) 762M->154M(1024M) 5.953ms
[2025-05-21T14:18:06.262+0000][gc,cpu      ] GC(10) User=0.02s Sys=0.01s Real=0.00s
[2025-05-21T14:18:46.302+0000][gc,start    ] GC(11) Pause Young (Normal) (G1 Evacuation Pause)
[2025-05-21T14:18:46.302+0000][gc,task     ] GC(11) Using 10 workers of 10 for evacuation
[2025-05-21T14:18:46.307+0000][gc,phases   ] GC(11)   Pre Evacuate Collection Set: 0.3ms
[2025-05-21T14:18:46.307+0000][gc,phases   ] GC(11)   Merge Heap Roots: 0.2ms
[2025-05-21T14:18:46.308+0000][gc,phases   ] GC(11)   Evacuate Collection Set: 3.4ms
[2025-05-21T14:18:46.308+0000][gc,phases   ] GC(11)   Post Evacuate Collection Set: 1.1ms
[2025-05-21T14:18:46.308+0000][gc,phases   ] GC(11)   Other: 0.3ms
[2025-05-21T14:18:46.308+0000][gc,heap     ] GC(11) Eden regions: 607->0(606)
[2025-05-21T14:18:46.308+0000][gc,heap     ] GC(11) Survivor regions: 7->8(77)
[2025-05-21T14:18:46.308+0000][gc,heap     ] GC(11) Old regions: 18->18
[2025-05-21T14:18:46.308+0000][gc,heap     ] GC(11) Humongous regions: 137->131
[2025-05-21T14:18:46.308+0000][gc,metaspace] GC(11) Metaspace: 14841K(15232K)->14841K(15232K) NonClass: 13062K(13248K)->13062K(13248K) Class: 1779K(1984K)->1779K(1984K)
[2025-05-21T14:18:46.309+0000][gc          ] GC(11) Pause Young (Normal) (G1 Evacuation Pause) 767M->156M(1024M) 6.918ms
[2025-05-21T14:18:46.309+0000][gc,cpu      ] GC(11) User=0.00s Sys=0.03s Real=0.01s
[2025-05-21T14:19:26.379+0000][gc,start    ] GC(12) Pause Young (Normal) (G1 Evacuation Pause)
[2025-05-21T14:19:26.379+0000][gc,task     ] GC(12) Using 10 workers of 10 for evacuation
[2025-05-21T14:19:26.385+0000][gc,phases   ] GC(12)   Pre Evacuate Collection Set: 0.4ms
[2025-05-21T14:19:26.385+0000][gc,phases   ] GC(12)   Merge Heap Roots: 0.2ms
[2025-05-21T14:19:26.385+0000][gc,phases   ] GC(12)   Evacuate Collection Set: 3.4ms
[2025-05-21T14:19:26.385+0000][gc,phases   ] GC(12)   Post Evacuate Collection Set: 1.1ms
[2025-05-21T14:19:26.385+0000][gc,phases   ] GC(12)   Other: 0.2ms
[2025-05-21T14:19:26.386+0000][gc,heap     ] GC(12) Eden regions: 606->0(604)
[2025-05-21T14:19:26.386+0000][gc,heap     ] GC(12) Survivor regions: 8->10(77)
[2025-05-21T14:19:26.386+0000][gc,heap     ] GC(12) Old regions: 18->18
[2025-05-21T14:19:26.386+0000][gc,heap     ] GC(12) Humongous regions: 131->131
[2025-05-21T14:19:26.386+0000][gc,metaspace] GC(12) Metaspace: 15132K(15488K)->15132K(15488K) NonClass: 13352K(13504K)->13352K(13504K) Class: 1779K(1984K)->1779K(1984K)
[2025-05-21T14:19:26.386+0000][gc          ] GC(12) Pause Young (Normal) (G1 Evacuation Pause) 762M->157M(1024M) 7.059ms
[2025-05-21T14:19:26.386+0000][gc,cpu      ] GC(12) User=0.03s Sys=0.01s Real=0.01s
[2025-05-21T14:20:06.373+0000][gc,start    ] GC(13) Pause Young (Normal) (G1 Evacuation Pause)
[2025-05-21T14:20:06.374+0000][gc,task     ] GC(13) Using 10 workers of 10 for evacuation
[2025-05-21T14:20:06.380+0000][gc,phases   ] GC(13)   Pre Evacuate Collection Set: 0.4ms
[2025-05-21T14:20:06.380+0000][gc,phases   ] GC(13)   Merge Heap Roots: 0.2ms
[2025-05-21T14:20:06.381+0000][gc,phases   ] GC(13)   Evacuate Collection Set: 3.6ms
[2025-05-21T14:20:06.381+0000][gc,phases   ] GC(13)   Post Evacuate Collection Set: 1.5ms
[2025-05-21T14:20:06.381+0000][gc,phases   ] GC(13)   Other: 0.4ms
[2025-05-21T14:20:06.381+0000][gc,heap     ] GC(13) Eden regions: 604->0(603)
[2025-05-21T14:20:06.381+0000][gc,heap     ] GC(13) Survivor regions: 10->11(77)
[2025-05-21T14:20:06.381+0000][gc,heap     ] GC(13) Old regions: 18->18
[2025-05-21T14:20:06.381+0000][gc,heap     ] GC(13) Humongous regions: 131->131
[2025-05-21T14:20:06.382+0000][gc,metaspace] GC(13) Metaspace: 15217K(15616K)->15217K(15616K) NonClass: 13438K(13632K)->13438K(13632K) Class: 1779K(1984K)->1779K(1984K)
[2025-05-21T14:20:06.382+0000][gc          ] GC(13) Pause Young (Normal) (G1 Evacuation Pause) 761M->159M(1024M) 8.469ms
[2025-05-21T14:20:06.382+0000][gc,cpu      ] GC(13) User=0.03s Sys=0.00s Real=0.01s
[2025-05-21T14:20:46.338+0000][gc,start    ] GC(14) Pause Young (Normal) (G1 Evacuation Pause)
[2025-05-21T14:20:46.339+0000][gc,task     ] GC(14) Using 10 workers of 10 for evacuation
[2025-05-21T14:20:46.346+0000][gc,phases   ] GC(14)   Pre Evacuate Collection Set: 0.3ms
[2025-05-21T14:20:46.346+0000][gc,phases   ] GC(14)   Merge Heap Roots: 0.2ms
[2025-05-21T14:20:46.347+0000][gc,phases   ] GC(14)   Evacuate Collection Set: 5.4ms
[2025-05-21T14:20:46.347+0000][gc,phases   ] GC(14)   Post Evacuate Collection Set: 1.3ms
[2025-05-21T14:20:46.347+0000][gc,phases   ] GC(14)   Other: 0.3ms
[2025-05-21T14:20:46.347+0000][gc,heap     ] GC(14) Eden regions: 603->0(601)
[2025-05-21T14:20:46.347+0000][gc,heap     ] GC(14) Survivor regions: 11->13(77)
[2025-05-21T14:20:46.347+0000][gc,heap     ] GC(14) Old regions: 18->18
[2025-05-21T14:20:46.347+0000][gc,heap     ] GC(14) Humongous regions: 131->131
[2025-05-21T14:20:46.348+0000][gc,metaspace] GC(14) Metaspace: 15320K(15744K)->15320K(15744K) NonClass: 13537K(13760K)->13537K(13760K) Class: 1783K(1984K)->1783K(1984K)
[2025-05-21T14:20:46.348+0000][gc          ] GC(14) Pause Young (Normal) (G1 Evacuation Pause) 762M->161M(1024M) 9.305ms
[2025-05-21T14:20:46.348+0000][gc,cpu      ] GC(14) User=0.06s Sys=0.00s Real=0.01s
[2025-05-21T14:21:26.343+0000][gc,start    ] GC(15) Pause Young (Normal) (G1 Evacuation Pause)
[2025-05-21T14:21:26.343+0000][gc,task     ] GC(15) Using 10 workers of 10 for evacuation
[2025-05-21T14:21:26.350+0000][gc,phases   ] GC(15)   Pre Evacuate Collection Set: 0.4ms
[2025-05-21T14:21:26.350+0000][gc,phases   ] GC(15)   Merge Heap Roots: 0.2ms
[2025-05-21T14:21:26.350+0000][gc,phases   ] GC(15)   Evacuate Collection Set: 3.8ms
[2025-05-21T14:21:26.350+0000][gc,phases   ] GC(15)   Post Evacuate Collection Set: 1.6ms
[2025-05-21T14:21:26.350+0000][gc,phases   ] GC(15)   Other: 0.4ms
[2025-05-21T14:21:26.350+0000][gc,heap     ] GC(15) Eden regions: 601->0(604)
[2025-05-21T14:21:26.351+0000][gc,heap     ] GC(15) Survivor regions: 13->10(77)
[2025-05-21T14:21:26.351+0000][gc,heap     ] GC(15) Old regions: 18->18
[2025-05-21T14:21:26.351+0000][gc,heap     ] GC(15) Humongous regions: 131->131
[2025-05-21T14:21:26.351+0000][gc,metaspace] GC(15) Metaspace: 15369K(15808K)->15369K(15808K) NonClass: 13583K(13824K)->13583K(13824K) Class: 1785K(1984K)->1785K(1984K)
[2025-05-21T14:21:26.351+0000][gc          ] GC(15) Pause Young (Normal) (G1 Evacuation Pause) 762M->157M(1024M) 8.600ms
[2025-05-21T14:21:26.352+0000][gc,cpu      ] GC(15) User=0.05s Sys=0.00s Real=0.01s
[2025-05-21T14:22:06.324+0000][gc,start    ] GC(16) Pause Young (Normal) (G1 Evacuation Pause)
[2025-05-21T14:22:06.324+0000][gc,task     ] GC(16) Using 10 workers of 10 for evacuation
[2025-05-21T14:22:06.331+0000][gc,phases   ] GC(16)   Pre Evacuate Collection Set: 0.5ms
[2025-05-21T14:22:06.332+0000][gc,phases   ] GC(16)   Merge Heap Roots: 0.2ms
[2025-05-21T14:22:06.332+0000][gc,phases   ] GC(16)   Evacuate Collection Set: 4.2ms
[2025-05-21T14:22:06.332+0000][gc,phases   ] GC(16)   Post Evacuate Collection Set: 1.2ms
[2025-05-21T14:22:06.332+0000][gc,phases   ] GC(16)   Other: 0.9ms
[2025-05-21T14:22:06.332+0000][gc,heap     ] GC(16) Eden regions: 604->0(603)
[2025-05-21T14:22:06.332+0000][gc,heap     ] GC(16) Survivor regions: 10->11(77)
[2025-05-21T14:22:06.333+0000][gc,heap     ] GC(16) Old regions: 18->18
[2025-05-21T14:22:06.333+0000][gc,heap     ] GC(16) Humongous regions: 131->131
[2025-05-21T14:22:06.333+0000][gc,metaspace] GC(16) Metaspace: 15416K(15808K)->15416K(15808K) NonClass: 13630K(13824K)->13630K(13824K) Class: 1785K(1984K)->1785K(1984K)
[2025-05-21T14:22:06.333+0000][gc          ] GC(16) Pause Young (Normal) (G1 Evacuation Pause) 761M->158M(1024M) 9.619ms
[2025-05-21T14:22:06.333+0000][gc,cpu      ] GC(16) User=0.04s Sys=0.00s Real=0.01s
[2025-05-21T14:22:46.430+0000][gc,start    ] GC(17) Pause Young (Normal) (G1 Evacuation Pause)
[2025-05-21T14:22:46.430+0000][gc,task     ] GC(17) Using 10 workers of 10 for evacuation
[2025-05-21T14:22:46.451+0000][gc,phases   ] GC(17)   Pre Evacuate Collection Set: 0.7ms
[2025-05-21T14:22:46.451+0000][gc,phases   ] GC(17)   Merge Heap Roots: 0.4ms
[2025-05-21T14:22:46.452+0000][gc,phases   ] GC(17)   Evacuate Collection Set: 16.4ms
[2025-05-21T14:22:46.452+0000][gc,phases   ] GC(17)   Post Evacuate Collection Set: 3.2ms
[2025-05-21T14:22:46.452+0000][gc,phases   ] GC(17)   Other: 0.3ms
[2025-05-21T14:22:46.452+0000][gc,heap     ] GC(17) Eden regions: 603->0(605)
[2025-05-21T14:22:46.453+0000][gc,heap     ] GC(17) Survivor regions: 11->9(77)
[2025-05-21T14:22:46.453+0000][gc,heap     ] GC(17) Old regions: 18->20
[2025-05-21T14:22:46.453+0000][gc,heap     ] GC(17) Humongous regions: 131->131
[2025-05-21T14:22:46.453+0000][gc,metaspace] GC(17) Metaspace: 15565K(16000K)->15565K(16000K) NonClass: 13768K(14016K)->13768K(14016K) Class: 1797K(1984K)->1797K(1984K)
[2025-05-21T14:22:46.454+0000][gc          ] GC(17) Pause Young (Normal) (G1 Evacuation Pause) 761M->159M(1024M) 24.004ms
[2025-05-21T14:22:46.454+0000][gc,cpu      ] GC(17) User=0.07s Sys=0.00s Real=0.02s
[2025-05-21T14:23:07.265+0000][gc,start    ] GC(18) Pause Young (Normal) (G1 Evacuation Pause)
[2025-05-21T14:23:07.265+0000][gc,task     ] GC(18) Using 10 workers of 10 for evacuation
[2025-05-21T14:23:07.278+0000][gc,phases   ] GC(18)   Pre Evacuate Collection Set: 0.6ms
[2025-05-21T14:23:07.279+0000][gc,phases   ] GC(18)   Merge Heap Roots: 0.2ms
[2025-05-21T14:23:07.279+0000][gc,phases   ] GC(18)   Evacuate Collection Set: 9.5ms
[2025-05-21T14:23:07.280+0000][gc,phases   ] GC(18)   Post Evacuate Collection Set: 2.2ms
[2025-05-21T14:23:07.280+0000][gc,phases   ] GC(18)   Other: 0.4ms
[2025-05-21T14:23:07.280+0000][gc,heap     ] GC(18) Eden regions: 605->0(601)
[2025-05-21T14:23:07.281+0000][gc,heap     ] GC(18) Survivor regions: 9->13(77)
[2025-05-21T14:23:07.281+0000][gc,heap     ] GC(18) Old regions: 20->22
[2025-05-21T14:23:07.282+0000][gc,heap     ] GC(18) Humongous regions: 131->131
[2025-05-21T14:23:07.282+0000][gc,metaspace] GC(18) Metaspace: 16087K(16512K)->16087K(16512K) NonClass: 14255K(14464K)->14255K(14464K) Class: 1832K(2048K)->1832K(2048K)
[2025-05-21T14:23:07.282+0000][gc          ] GC(18) Pause Young (Normal) (G1 Evacuation Pause) 764M->165M(1024M) 17.399ms
[2025-05-21T14:23:07.283+0000][gc,cpu      ] GC(18) User=0.06s Sys=0.02s Real=0.01s
[2025-05-21T14:23:36.136+0000][gc,start    ] GC(19) Pause Young (Normal) (G1 Evacuation Pause)
[2025-05-21T14:23:36.137+0000][gc,task     ] GC(19) Using 10 workers of 10 for evacuation
[2025-05-21T14:23:36.159+0000][gc,phases   ] GC(19)   Pre Evacuate Collection Set: 0.4ms
[2025-05-21T14:23:36.159+0000][gc,phases   ] GC(19)   Merge Heap Roots: 0.2ms
[2025-05-21T14:23:36.159+0000][gc,phases   ] GC(19)   Evacuate Collection Set: 16.1ms
[2025-05-21T14:23:36.159+0000][gc,phases   ] GC(19)   Post Evacuate Collection Set: 3.5ms
[2025-05-21T14:23:36.160+0000][gc,phases   ] GC(19)   Other: 1.2ms
[2025-05-21T14:23:36.160+0000][gc,heap     ] GC(19) Eden regions: 601->0(605)
[2025-05-21T14:23:36.160+0000][gc,heap     ] GC(19) Survivor regions: 13->9(77)
[2025-05-21T14:23:36.160+0000][gc,heap     ] GC(19) Old regions: 22->22
[2025-05-21T14:23:36.161+0000][gc,heap     ] GC(19) Humongous regions: 131->131
[2025-05-21T14:23:36.161+0000][gc,metaspace] GC(19) Metaspace: 16206K(16640K)->16206K(16640K) NonClass: 14361K(14592K)->14361K(14592K) Class: 1845K(2048K)->1845K(2048K)
[2025-05-21T14:23:36.162+0000][gc          ] GC(19) Pause Young (Normal) (G1 Evacuation Pause) 766M->161M(1024M) 25.717ms
[2025-05-21T14:23:36.162+0000][gc,cpu      ] GC(19) User=0.05s Sys=0.01s Real=0.02s
[2025-05-21T14:23:38.001+0000][gc,start    ] GC(20) Pause Young (Concurrent Start) (CodeCache GC Threshold)
[2025-05-21T14:23:38.003+0000][gc,task     ] GC(20) Using 10 workers of 10 for evacuation
[2025-05-21T14:23:38.021+0000][gc,phases   ] GC(20)   Pre Evacuate Collection Set: 3.5ms
[2025-05-21T14:23:38.026+0000][gc,phases   ] GC(20)   Merge Heap Roots: 0.4ms
[2025-05-21T14:23:38.027+0000][gc,phases   ] GC(20)   Evacuate Collection Set: 10.2ms
[2025-05-21T14:23:38.027+0000][gc,phases   ] GC(20)   Post Evacuate Collection Set: 2.0ms
[2025-05-21T14:23:38.027+0000][gc,phases   ] GC(20)   Other: 1.8ms
[2025-05-21T14:23:38.028+0000][gc,heap     ] GC(20) Eden regions: 166->0(605)
[2025-05-21T14:23:38.028+0000][gc,heap     ] GC(20) Survivor regions: 9->9(77)
[2025-05-21T14:23:38.028+0000][gc,heap     ] GC(20) Old regions: 22->22
[2025-05-21T14:23:38.029+0000][gc,heap     ] GC(20) Humongous regions: 131->131
[2025-05-21T14:23:38.029+0000][gc,metaspace] GC(20) Metaspace: 16215K(16640K)->16215K(16640K) NonClass: 14370K(14592K)->14370K(14592K) Class: 1845K(2048K)->1845K(2048K)
[2025-05-21T14:23:38.029+0000][gc          ] GC(20) Pause Young (Concurrent Start) (CodeCache GC Threshold) 327M->161M(1024M) 28.661ms
[2025-05-21T14:23:38.030+0000][gc,cpu      ] GC(20) User=0.03s Sys=0.01s Real=0.03s
[2025-05-21T14:23:38.030+0000][gc          ] GC(21) Concurrent Mark Cycle
[2025-05-21T14:23:38.031+0000][gc,marking  ] GC(21) Concurrent Scan Root Regions
[2025-05-21T14:23:38.043+0000][gc,marking  ] GC(21) Concurrent Scan Root Regions 12.077ms
[2025-05-21T14:23:38.045+0000][gc,marking  ] GC(21) Concurrent Mark
[2025-05-21T14:23:38.046+0000][gc,marking  ] GC(21) Concurrent Mark From Roots
[2025-05-21T14:23:38.049+0000][gc,task     ] GC(21) Using 3 workers of 3 for marking
[2025-05-21T14:23:38.082+0000][gc,marking  ] GC(21) Concurrent Mark From Roots 35.440ms
[2025-05-21T14:23:38.084+0000][gc,marking  ] GC(21) Concurrent Preclean
[2025-05-21T14:23:38.086+0000][gc,marking  ] GC(21) Concurrent Preclean 1.722ms
[2025-05-21T14:23:38.092+0000][gc,start    ] GC(21) Pause Remark
[2025-05-21T14:23:38.129+0000][gc          ] GC(21) Pause Remark 164M->164M(1024M) 37.543ms
[2025-05-21T14:23:38.132+0000][gc,cpu      ] GC(21) User=0.07s Sys=0.02s Real=0.04s
[2025-05-21T14:23:38.138+0000][gc,marking  ] GC(21) Concurrent Mark 92.974ms
[2025-05-21T14:23:38.140+0000][gc,marking  ] GC(21) Concurrent Rebuild Remembered Sets and Scrub Regions
[2025-05-21T14:23:38.147+0000][gc,marking  ] GC(21) Concurrent Rebuild Remembered Sets and Scrub Regions 6.823ms
[2025-05-21T14:23:38.150+0000][gc,start    ] GC(21) Pause Cleanup
[2025-05-21T14:23:38.152+0000][gc          ] GC(21) Pause Cleanup 164M->164M(1024M) 1.624ms
[2025-05-21T14:23:38.155+0000][gc,cpu      ] GC(21) User=0.00s Sys=0.00s Real=0.01s
[2025-05-21T14:23:38.155+0000][gc,marking  ] GC(21) Concurrent Clear Claimed Marks
[2025-05-21T14:23:38.156+0000][gc,marking  ] GC(21) Concurrent Clear Claimed Marks 0.253ms
[2025-05-21T14:23:38.157+0000][gc,marking  ] GC(21) Concurrent Cleanup for Next Mark
[2025-05-21T14:23:38.171+0000][gc,marking  ] GC(21) Concurrent Cleanup for Next Mark 13.786ms
[2025-05-21T14:23:38.172+0000][gc          ] GC(21) Concurrent Mark Cycle 141.870ms
[2025-05-21T14:24:06.356+0000][gc,start    ] GC(22) Pause Young (Prepare Mixed) (G1 Evacuation Pause)
[2025-05-21T14:24:06.359+0000][gc,task     ] GC(22) Using 10 workers of 10 for evacuation
[2025-05-21T14:24:06.379+0000][gc,phases   ] GC(22)   Pre Evacuate Collection Set: 1.5ms
[2025-05-21T14:24:06.380+0000][gc,phases   ] GC(22)   Merge Heap Roots: 2.0ms
[2025-05-21T14:24:06.381+0000][gc,phases   ] GC(22)   Evacuate Collection Set: 10.9ms
[2025-05-21T14:24:06.381+0000][gc,phases   ] GC(22)   Post Evacuate Collection Set: 4.6ms
[2025-05-21T14:24:06.382+0000][gc,phases   ] GC(22)   Other: 1.5ms
[2025-05-21T14:24:06.382+0000][gc,heap     ] GC(22) Eden regions: 605->0(604)
[2025-05-21T14:24:06.382+0000][gc,heap     ] GC(22) Survivor regions: 9->10(77)
[2025-05-21T14:24:06.383+0000][gc,heap     ] GC(22) Old regions: 22->23
[2025-05-21T14:24:06.383+0000][gc,heap     ] GC(22) Humongous regions: 131->131
[2025-05-21T14:24:06.384+0000][gc,metaspace] GC(22) Metaspace: 16287K(16768K)->16287K(16768K) NonClass: 14437K(14656K)->14437K(14656K) Class: 1850K(2112K)->1850K(2112K)
[2025-05-21T14:24:06.384+0000][gc          ] GC(22) Pause Young (Prepare Mixed) (G1 Evacuation Pause) 766M->163M(1024M) 28.039ms
[2025-05-21T14:24:06.386+0000][gc,cpu      ] GC(22) User=0.08s Sys=0.02s Real=0.03s
[2025-05-21T14:24:27.382+0000][gc,start    ] GC(23) Pause Young (Mixed) (G1 Evacuation Pause)
[2025-05-21T14:24:27.388+0000][gc,task     ] GC(23) Using 10 workers of 10 for evacuation
[2025-05-21T14:24:27.414+0000][gc,phases   ] GC(23)   Pre Evacuate Collection Set: 1.0ms
[2025-05-21T14:24:27.415+0000][gc,phases   ] GC(23)   Merge Heap Roots: 0.2ms
[2025-05-21T14:24:27.416+0000][gc,phases   ] GC(23)   Evacuate Collection Set: 14.7ms
[2025-05-21T14:24:27.417+0000][gc,phases   ] GC(23)   Post Evacuate Collection Set: 3.7ms
[2025-05-21T14:24:27.418+0000][gc,phases   ] GC(23)   Other: 6.7ms
[2025-05-21T14:24:27.425+0000][gc,heap     ] GC(23) Eden regions: 604->0(604)
[2025-05-21T14:24:27.428+0000][gc,heap     ] GC(23) Survivor regions: 10->10(77)
[2025-05-21T14:24:27.434+0000][gc,heap     ] GC(23) Old regions: 23->23
[2025-05-21T14:24:27.446+0000][gc,heap     ] GC(23) Humongous regions: 131->131
[2025-05-21T14:24:27.448+0000][gc,metaspace] GC(23) Metaspace: 16305K(16832K)->16305K(16832K) NonClass: 14455K(14720K)->14455K(14720K) Class: 1850K(2112K)->1850K(2112K)
[2025-05-21T14:24:27.448+0000][gc          ] GC(23) Pause Young (Mixed) (G1 Evacuation Pause) 767M->162M(1024M) 65.960ms
[2025-05-21T14:24:27.449+0000][gc,cpu      ] GC(23) User=0.06s Sys=0.02s Real=0.07s
[2025-05-21T14:24:55.907+0000][gc,start    ] GC(24) Pause Young (Normal) (G1 Evacuation Pause)
[2025-05-21T14:24:55.911+0000][gc,task     ] GC(24) Using 10 workers of 10 for evacuation
[2025-05-21T14:24:55.947+0000][gc,phases   ] GC(24)   Pre Evacuate Collection Set: 0.3ms
[2025-05-21T14:24:55.947+0000][gc,phases   ] GC(24)   Merge Heap Roots: 0.2ms
[2025-05-21T14:24:55.948+0000][gc,phases   ] GC(24)   Evacuate Collection Set: 29.6ms
[2025-05-21T14:24:55.949+0000][gc,phases   ] GC(24)   Post Evacuate Collection Set: 5.0ms
[2025-05-21T14:24:55.950+0000][gc,phases   ] GC(24)   Other: 1.0ms
[2025-05-21T14:24:55.955+0000][gc,heap     ] GC(24) Eden regions: 604->0(608)
[2025-05-21T14:24:55.970+0000][gc,heap     ] GC(24) Survivor regions: 10->6(77)
[2025-05-21T14:24:55.975+0000][gc,heap     ] GC(24) Old regions: 23->23
[2025-05-21T14:24:55.986+0000][gc,heap     ] GC(24) Humongous regions: 131->131
[2025-05-21T14:24:55.990+0000][gc,metaspace] GC(24) Metaspace: 16317K(16832K)->16317K(16832K) NonClass: 14467K(14720K)->14467K(14720K) Class: 1850K(2112K)->1850K(2112K)
[2025-05-21T14:24:56.002+0000][gc          ] GC(24) Pause Young (Normal) (G1 Evacuation Pause) 766M->159M(1024M) 94.692ms
[2025-05-21T14:24:56.004+0000][gc,cpu      ] GC(24) User=0.04s Sys=0.00s Real=0.09s
[2025-05-21T14:25:16.937+0000][gc,start    ] GC(25) Pause Young (Normal) (G1 Evacuation Pause)
[2025-05-21T14:25:16.948+0000][gc,task     ] GC(25) Using 10 workers of 10 for evacuation
[2025-05-21T14:25:17.005+0000][gc,phases   ] GC(25)   Pre Evacuate Collection Set: 0.6ms
[2025-05-21T14:25:17.007+0000][gc,phases   ] GC(25)   Merge Heap Roots: 1.2ms
[2025-05-21T14:25:17.011+0000][gc,phases   ] GC(25)   Evacuate Collection Set: 19.7ms
[2025-05-21T14:25:17.013+0000][gc,phases   ] GC(25)   Post Evacuate Collection Set: 16.7ms
[2025-05-21T14:25:17.014+0000][gc,phases   ] GC(25)   Other: 18.8ms
[2025-05-21T14:25:17.016+0000][gc,heap     ] GC(25) Eden regions: 608->0(602)
[2025-05-21T14:25:17.018+0000][gc,heap     ] GC(25) Survivor regions: 6->12(77)
[2025-05-21T14:25:17.020+0000][gc,heap     ] GC(25) Old regions: 23->23
[2025-05-21T14:25:17.022+0000][gc,heap     ] GC(25) Humongous regions: 131->131
[2025-05-21T14:25:17.023+0000][gc,metaspace] GC(25) Metaspace: 16379K(16832K)->16379K(16832K) NonClass: 14516K(14720K)->14516K(14720K) Class: 1863K(2112K)->1863K(2112K)
[2025-05-21T14:25:17.025+0000][gc          ] GC(25) Pause Young (Normal) (G1 Evacuation Pause) 767M->165M(1024M) 87.784ms
[2025-05-21T14:25:17.030+0000][gc,cpu      ] GC(25) User=0.07s Sys=0.04s Real=0.09s
[2025-05-21T14:25:46.782+0000][gc,start    ] GC(26) Pause Young (Normal) (G1 Evacuation Pause)
[2025-05-21T14:25:46.782+0000][gc,task     ] GC(26) Using 10 workers of 10 for evacuation
[2025-05-21T14:25:46.789+0000][gc,phases   ] GC(26)   Pre Evacuate Collection Set: 0.4ms
[2025-05-21T14:25:46.789+0000][gc,phases   ] GC(26)   Merge Heap Roots: 0.3ms
[2025-05-21T14:25:46.789+0000][gc,phases   ] GC(26)   Evacuate Collection Set: 3.9ms
[2025-05-21T14:25:46.790+0000][gc,phases   ] GC(26)   Post Evacuate Collection Set: 1.4ms
[2025-05-21T14:25:46.790+0000][gc,phases   ] GC(26)   Other: 0.3ms
[2025-05-21T14:25:46.790+0000][gc,heap     ] GC(26) Eden regions: 602->0(602)
[2025-05-21T14:25:46.790+0000][gc,heap     ] GC(26) Survivor regions: 12->12(77)
[2025-05-21T14:25:46.790+0000][gc,heap     ] GC(26) Old regions: 23->23
[2025-05-21T14:25:46.791+0000][gc,heap     ] GC(26) Humongous regions: 131->131
[2025-05-21T14:25:46.791+0000][gc,metaspace] GC(26) Metaspace: 16432K(16896K)->16432K(16896K) NonClass: 14569K(14784K)->14569K(14784K) Class: 1863K(2112K)->1863K(2112K)
[2025-05-21T14:25:46.791+0000][gc          ] GC(26) Pause Young (Normal) (G1 Evacuation Pause) 767M->164M(1024M) 8.896ms
[2025-05-21T14:25:46.791+0000][gc,cpu      ] GC(26) User=0.03s Sys=0.01s Real=0.01s
[2025-05-21T14:26:26.176+0000][gc,start    ] GC(27) Pause Young (Normal) (G1 Evacuation Pause)
[2025-05-21T14:26:26.176+0000][gc,task     ] GC(27) Using 10 workers of 10 for evacuation
[2025-05-21T14:26:26.184+0000][gc,phases   ] GC(27)   Pre Evacuate Collection Set: 0.7ms
[2025-05-21T14:26:26.184+0000][gc,phases   ] GC(27)   Merge Heap Roots: 0.2ms
[2025-05-21T14:26:26.184+0000][gc,phases   ] GC(27)   Evacuate Collection Set: 4.8ms
[2025-05-21T14:26:26.184+0000][gc,phases   ] GC(27)   Post Evacuate Collection Set: 1.3ms
[2025-05-21T14:26:26.185+0000][gc,phases   ] GC(27)   Other: 0.3ms
[2025-05-21T14:26:26.185+0000][gc,heap     ] GC(27) Eden regions: 602->0(604)
[2025-05-21T14:26:26.185+0000][gc,heap     ] GC(27) Survivor regions: 12->10(77)
[2025-05-21T14:26:26.185+0000][gc,heap     ] GC(27) Old regions: 23->23
[2025-05-21T14:26:26.185+0000][gc,heap     ] GC(27) Humongous regions: 131->131
[2025-05-21T14:26:26.186+0000][gc,metaspace] GC(27) Metaspace: 16460K(16960K)->16460K(16960K) NonClass: 14597K(14848K)->14597K(14848K) Class: 1863K(2112K)->1863K(2112K)
[2025-05-21T14:26:26.186+0000][gc          ] GC(27) Pause Young (Normal) (G1 Evacuation Pause) 766M->163M(1024M) 9.976ms
[2025-05-21T14:26:26.186+0000][gc,cpu      ] GC(27) User=0.05s Sys=0.00s Real=0.01s
[2025-05-21T14:26:56.584+0000][gc,start    ] GC(28) Pause Young (Normal) (G1 Evacuation Pause)
[2025-05-21T14:26:56.585+0000][gc,task     ] GC(28) Using 10 workers of 10 for evacuation
[2025-05-21T14:26:56.591+0000][gc,phases   ] GC(28)   Pre Evacuate Collection Set: 0.4ms
[2025-05-21T14:26:56.591+0000][gc,phases   ] GC(28)   Merge Heap Roots: 0.2ms
[2025-05-21T14:26:56.591+0000][gc,phases   ] GC(28)   Evacuate Collection Set: 4.2ms
[2025-05-21T14:26:56.592+0000][gc,phases   ] GC(28)   Post Evacuate Collection Set: 1.3ms
[2025-05-21T14:26:56.592+0000][gc,phases   ] GC(28)   Other: 0.3ms
[2025-05-21T14:26:56.592+0000][gc,heap     ] GC(28) Eden regions: 604->0(601)
[2025-05-21T14:26:56.592+0000][gc,heap     ] GC(28) Survivor regions: 10->13(77)
[2025-05-21T14:26:56.593+0000][gc,heap     ] GC(28) Old regions: 23->23
[2025-05-21T14:26:56.593+0000][gc,heap     ] GC(28) Humongous regions: 131->131
[2025-05-21T14:26:56.593+0000][gc,metaspace] GC(28) Metaspace: 16476K(16960K)->16476K(16960K) NonClass: 14613K(14848K)->14613K(14848K) Class: 1863K(2112K)->1863K(2112K)
[2025-05-21T14:26:56.593+0000][gc          ] GC(28) Pause Young (Normal) (G1 Evacuation Pause) 767M->166M(1024M) 9.136ms
[2025-05-21T14:26:56.594+0000][gc,cpu      ] GC(28) User=0.04s Sys=0.00s Real=0.01s
[2025-05-21T14:27:34.635+0000][gc,start    ] GC(29) Pause Young (Normal) (G1 Evacuation Pause)
[2025-05-21T14:27:34.636+0000][gc,task     ] GC(29) Using 10 workers of 10 for evacuation
[2025-05-21T14:27:34.644+0000][gc,phases   ] GC(29)   Pre Evacuate Collection Set: 0.5ms
[2025-05-21T14:27:34.644+0000][gc,phases   ] GC(29)   Merge Heap Roots: 0.3ms
[2025-05-21T14:27:34.644+0000][gc,phases   ] GC(29)   Evacuate Collection Set: 2.6ms
[2025-05-21T14:27:34.645+0000][gc,phases   ] GC(29)   Post Evacuate Collection Set: 1.1ms
[2025-05-21T14:27:34.645+0000][gc,phases   ] GC(29)   Other: 2.8ms
[2025-05-21T14:27:34.645+0000][gc,heap     ] GC(29) Eden regions: 601->0(606)
[2025-05-21T14:27:34.646+0000][gc,heap     ] GC(29) Survivor regions: 13->8(77)
[2025-05-21T14:27:34.646+0000][gc,heap     ] GC(29) Old regions: 23->23
[2025-05-21T14:27:34.647+0000][gc,heap     ] GC(29) Humongous regions: 131->131
[2025-05-21T14:27:34.648+0000][gc,metaspace] GC(29) Metaspace: 16513K(17024K)->16513K(17024K) NonClass: 14650K(14912K)->14650K(14912K) Class: 1863K(2112K)->1863K(2112K)
[2025-05-21T14:27:34.648+0000][gc          ] GC(29) Pause Young (Normal) (G1 Evacuation Pause) 767M->161M(1024M) 13.050ms
[2025-05-21T14:27:34.649+0000][gc,cpu      ] GC(29) User=0.01s Sys=0.01s Real=0.02s
[2025-05-21T14:28:06.414+0000][gc,start    ] GC(30) Pause Young (Normal) (G1 Evacuation Pause)
[2025-05-21T14:28:06.414+0000][gc,task     ] GC(30) Using 10 workers of 10 for evacuation
[2025-05-21T14:28:06.420+0000][gc,phases   ] GC(30)   Pre Evacuate Collection Set: 0.4ms
[2025-05-21T14:28:06.420+0000][gc,phases   ] GC(30)   Merge Heap Roots: 0.2ms
[2025-05-21T14:28:06.420+0000][gc,phases   ] GC(30)   Evacuate Collection Set: 3.5ms
[2025-05-21T14:28:06.420+0000][gc,phases   ] GC(30)   Post Evacuate Collection Set: 1.3ms
[2025-05-21T14:28:06.420+0000][gc,phases   ] GC(30)   Other: 0.2ms
[2025-05-21T14:28:06.421+0000][gc,heap     ] GC(30) Eden regions: 606->0(603)
[2025-05-21T14:28:06.421+0000][gc,heap     ] GC(30) Survivor regions: 8->11(77)
[2025-05-21T14:28:06.421+0000][gc,heap     ] GC(30) Old regions: 23->23
[2025-05-21T14:28:06.421+0000][gc,heap     ] GC(30) Humongous regions: 131->131
[2025-05-21T14:28:06.421+0000][gc,metaspace] GC(30) Metaspace: 16528K(17024K)->16528K(17024K) NonClass: 14665K(14912K)->14665K(14912K) Class: 1863K(2112K)->1863K(2112K)
[2025-05-21T14:28:06.421+0000][gc          ] GC(30) Pause Young (Normal) (G1 Evacuation Pause) 767M->164M(1024M) 7.680ms
[2025-05-21T14:28:06.422+0000][gc,cpu      ] GC(30) User=0.01s Sys=0.02s Real=0.01s
[2025-05-21T14:28:36.894+0000][gc,start    ] GC(31) Pause Young (Normal) (G1 Evacuation Pause)
[2025-05-21T14:28:36.894+0000][gc,task     ] GC(31) Using 10 workers of 10 for evacuation
[2025-05-21T14:28:36.903+0000][gc,phases   ] GC(31)   Pre Evacuate Collection Set: 0.6ms
[2025-05-21T14:28:36.903+0000][gc,phases   ] GC(31)   Merge Heap Roots: 0.2ms
[2025-05-21T14:28:36.904+0000][gc,phases   ] GC(31)   Evacuate Collection Set: 6.9ms
[2025-05-21T14:28:36.904+0000][gc,phases   ] GC(31)   Post Evacuate Collection Set: 1.4ms
[2025-05-21T14:28:36.904+0000][gc,phases   ] GC(31)   Other: 0.3ms
[2025-05-21T14:28:36.904+0000][gc,heap     ] GC(31) Eden regions: 603->0(600)
[2025-05-21T14:28:36.904+0000][gc,heap     ] GC(31) Survivor regions: 11->14(77)
[2025-05-21T14:28:36.905+0000][gc,heap     ] GC(31) Old regions: 23->24
[2025-05-21T14:28:36.905+0000][gc,heap     ] GC(31) Humongous regions: 131->131
[2025-05-21T14:28:36.905+0000][gc,metaspace] GC(31) Metaspace: 16534K(17024K)->16534K(17024K) NonClass: 14670K(14912K)->14670K(14912K) Class: 1863K(2112K)->1863K(2112K)
[2025-05-21T14:28:36.905+0000][gc          ] GC(31) Pause Young (Normal) (G1 Evacuation Pause) 767M->167M(1024M) 11.871ms
[2025-05-21T14:28:36.906+0000][gc,cpu      ] GC(31) User=0.05s Sys=0.00s Real=0.01s
[2025-05-21T14:29:16.280+0000][gc,start    ] GC(32) Pause Young (Normal) (G1 Evacuation Pause)
[2025-05-21T14:29:16.281+0000][gc,task     ] GC(32) Using 10 workers of 10 for evacuation
[2025-05-21T14:29:16.287+0000][gc,phases   ] GC(32)   Pre Evacuate Collection Set: 0.4ms
[2025-05-21T14:29:16.287+0000][gc,phases   ] GC(32)   Merge Heap Roots: 0.2ms
[2025-05-21T14:29:16.287+0000][gc,phases   ] GC(32)   Evacuate Collection Set: 4.1ms
[2025-05-21T14:29:16.287+0000][gc,phases   ] GC(32)   Post Evacuate Collection Set: 1.1ms
[2025-05-21T14:29:16.288+0000][gc,phases   ] GC(32)   Other: 0.3ms
[2025-05-21T14:29:16.288+0000][gc,heap     ] GC(32) Eden regions: 600->0(601)
[2025-05-21T14:29:16.288+0000][gc,heap     ] GC(32) Survivor regions: 14->13(77)
[2025-05-21T14:29:16.289+0000][gc,heap     ] GC(32) Old regions: 24->24
[2025-05-21T14:29:16.289+0000][gc,heap     ] GC(32) Humongous regions: 131->131
[2025-05-21T14:29:16.289+0000][gc,metaspace] GC(32) Metaspace: 16566K(17024K)->16566K(17024K) NonClass: 14703K(14912K)->14703K(14912K) Class: 1863K(2112K)->1863K(2112K)
[2025-05-21T14:29:16.289+0000][gc          ] GC(32) Pause Young (Normal) (G1 Evacuation Pause) 767M->166M(1024M) 8.807ms
[2025-05-21T14:29:16.289+0000][gc,cpu      ] GC(32) User=0.03s Sys=0.01s Real=0.01s
[2025-05-21T14:29:46.586+0000][gc,start    ] GC(33) Pause Young (Normal) (G1 Evacuation Pause)
[2025-05-21T14:29:46.587+0000][gc,task     ] GC(33) Using 10 workers of 10 for evacuation
[2025-05-21T14:29:46.592+0000][gc,phases   ] GC(33)   Pre Evacuate Collection Set: 0.3ms
[2025-05-21T14:29:46.592+0000][gc,phases   ] GC(33)   Merge Heap Roots: 0.3ms
[2025-05-21T14:29:46.593+0000][gc,phases   ] GC(33)   Evacuate Collection Set: 3.6ms
[2025-05-21T14:29:46.593+0000][gc,phases   ] GC(33)   Post Evacuate Collection Set: 1.1ms
[2025-05-21T14:29:46.593+0000][gc,phases   ] GC(33)   Other: 0.3ms
[2025-05-21T14:29:46.593+0000][gc,heap     ] GC(33) Eden regions: 601->0(603)
[2025-05-21T14:29:46.593+0000][gc,heap     ] GC(33) Survivor regions: 13->11(77)
[2025-05-21T14:29:46.593+0000][gc,heap     ] GC(33) Old regions: 24->24
[2025-05-21T14:29:46.594+0000][gc,heap     ] GC(33) Humongous regions: 131->131
[2025-05-21T14:29:46.594+0000][gc,metaspace] GC(33) Metaspace: 16585K(17024K)->16585K(17024K) NonClass: 14722K(14912K)->14722K(14912K) Class: 1863K(2112K)->1863K(2112K)
[2025-05-21T14:29:46.594+0000][gc          ] GC(33) Pause Young (Normal) (G1 Evacuation Pause) 767M->165M(1024M) 7.769ms
[2025-05-21T14:29:46.594+0000][gc,cpu      ] GC(33) User=0.02s Sys=0.01s Real=0.01s
[2025-05-21T14:30:26.109+0000][gc,start    ] GC(34) Pause Young (Normal) (G1 Evacuation Pause)
[2025-05-21T14:30:26.110+0000][gc,task     ] GC(34) Using 10 workers of 10 for evacuation
[2025-05-21T14:30:26.116+0000][gc,phases   ] GC(34)   Pre Evacuate Collection Set: 0.5ms
[2025-05-21T14:30:26.116+0000][gc,phases   ] GC(34)   Merge Heap Roots: 0.2ms
[2025-05-21T14:30:26.116+0000][gc,phases   ] GC(34)   Evacuate Collection Set: 3.5ms
[2025-05-21T14:30:26.116+0000][gc,phases   ] GC(34)   Post Evacuate Collection Set: 1.6ms
[2025-05-21T14:30:26.117+0000][gc,phases   ] GC(34)   Other: 0.5ms
[2025-05-21T14:30:26.117+0000][gc,heap     ] GC(34) Eden regions: 603->0(603)
[2025-05-21T14:30:26.117+0000][gc,heap     ] GC(34) Survivor regions: 11->11(77)
[2025-05-21T14:30:26.117+0000][gc,heap     ] GC(34) Old regions: 24->24
[2025-05-21T14:30:26.117+0000][gc,heap     ] GC(34) Humongous regions: 131->131
[2025-05-21T14:30:26.118+0000][gc,metaspace] GC(34) Metaspace: 16621K(17024K)->16621K(17024K) NonClass: 14758K(14912K)->14758K(14912K) Class: 1863K(2112K)->1863K(2112K)
[2025-05-21T14:30:26.118+0000][gc          ] GC(34) Pause Young (Normal) (G1 Evacuation Pause) 768M->164M(1024M) 8.579ms
[2025-05-21T14:30:26.118+0000][gc,cpu      ] GC(34) User=0.04s Sys=0.00s Real=0.01s
[2025-05-21T14:30:56.371+0000][gc,start    ] GC(35) Pause Young (Normal) (G1 Evacuation Pause)
[2025-05-21T14:30:56.371+0000][gc,task     ] GC(35) Using 10 workers of 10 for evacuation
[2025-05-21T14:30:56.377+0000][gc,phases   ] GC(35)   Pre Evacuate Collection Set: 0.3ms
[2025-05-21T14:30:56.377+0000][gc,phases   ] GC(35)   Merge Heap Roots: 0.2ms
[2025-05-21T14:30:56.377+0000][gc,phases   ] GC(35)   Evacuate Collection Set: 4.0ms
[2025-05-21T14:30:56.377+0000][gc,phases   ] GC(35)   Post Evacuate Collection Set: 1.1ms
[2025-05-21T14:30:56.378+0000][gc,phases   ] GC(35)   Other: 0.3ms
[2025-05-21T14:30:56.378+0000][gc,heap     ] GC(35) Eden regions: 603->0(601)
[2025-05-21T14:30:56.378+0000][gc,heap     ] GC(35) Survivor regions: 11->13(77)
[2025-05-21T14:30:56.378+0000][gc,heap     ] GC(35) Old regions: 24->24
[2025-05-21T14:30:56.378+0000][gc,heap     ] GC(35) Humongous regions: 131->131
[2025-05-21T14:30:56.378+0000][gc,metaspace] GC(35) Metaspace: 16647K(17152K)->16647K(17152K) NonClass: 14783K(15040K)->14783K(15040K) Class: 1863K(2112K)->1863K(2112K)
[2025-05-21T14:30:56.378+0000][gc          ] GC(35) Pause Young (Normal) (G1 Evacuation Pause) 767M->167M(1024M) 7.835ms
[2025-05-21T14:30:56.379+0000][gc,cpu      ] GC(35) User=0.04s Sys=0.00s Real=0.01s
[2025-05-21T14:31:26.890+0000][gc,start    ] GC(36) Pause Young (Normal) (GCLocker Initiated GC)
[2025-05-21T14:31:26.890+0000][gc,task     ] GC(36) Using 10 workers of 10 for evacuation
[2025-05-21T14:31:26.900+0000][gc,phases   ] GC(36)   Pre Evacuate Collection Set: 0.5ms
[2025-05-21T14:31:26.901+0000][gc,phases   ] GC(36)   Merge Heap Roots: 0.3ms
[2025-05-21T14:31:26.901+0000][gc,phases   ] GC(36)   Evacuate Collection Set: 7.3ms
[2025-05-21T14:31:26.902+0000][gc,phases   ] GC(36)   Post Evacuate Collection Set: 1.3ms
[2025-05-21T14:31:26.902+0000][gc,phases   ] GC(36)   Other: 0.3ms
[2025-05-21T14:31:26.902+0000][gc,heap     ] GC(36) Eden regions: 602->0(599)
[2025-05-21T14:31:26.903+0000][gc,heap     ] GC(36) Survivor regions: 13->15(77)
[2025-05-21T14:31:26.903+0000][gc,heap     ] GC(36) Old regions: 24->24
[2025-05-21T14:31:26.903+0000][gc,heap     ] GC(36) Humongous regions: 131->131
[2025-05-21T14:31:26.903+0000][gc,metaspace] GC(36) Metaspace: 16664K(17152K)->16664K(17152K) NonClass: 14800K(15040K)->14800K(15040K) Class: 1863K(2112K)->1863K(2112K)
[2025-05-21T14:31:26.904+0000][gc          ] GC(36) Pause Young (Normal) (GCLocker Initiated GC) 768M->169M(1024M) 13.833ms
[2025-05-21T14:31:26.904+0000][gc,cpu      ] GC(36) User=0.03s Sys=0.03s Real=0.02s
[2025-05-21T14:32:06.278+0000][gc,start    ] GC(37) Pause Young (Normal) (G1 Evacuation Pause)
[2025-05-21T14:32:06.279+0000][gc,task     ] GC(37) Using 10 workers of 10 for evacuation
[2025-05-21T14:32:06.289+0000][gc,phases   ] GC(37)   Pre Evacuate Collection Set: 0.4ms
[2025-05-21T14:32:06.289+0000][gc,phases   ] GC(37)   Merge Heap Roots: 0.2ms
[2025-05-21T14:32:06.290+0000][gc,phases   ] GC(37)   Evacuate Collection Set: 7.7ms
[2025-05-21T14:32:06.290+0000][gc,phases   ] GC(37)   Post Evacuate Collection Set: 1.2ms
[2025-05-21T14:32:06.290+0000][gc,phases   ] GC(37)   Other: 0.3ms
[2025-05-21T14:32:06.290+0000][gc,heap     ] GC(37) Eden regions: 599->0(598)
[2025-05-21T14:32:06.290+0000][gc,heap     ] GC(37) Survivor regions: 15->16(77)
[2025-05-21T14:32:06.290+0000][gc,heap     ] GC(37) Old regions: 24->25
[2025-05-21T14:32:06.291+0000][gc,heap     ] GC(37) Humongous regions: 131->131
[2025-05-21T14:32:06.291+0000][gc,metaspace] GC(37) Metaspace: 16667K(17152K)->16667K(17152K) NonClass: 14803K(15040K)->14803K(15040K) Class: 1863K(2112K)->1863K(2112K)
[2025-05-21T14:32:06.291+0000][gc          ] GC(37) Pause Young (Normal) (G1 Evacuation Pause) 768M->170M(1024M) 12.401ms
[2025-05-21T14:32:06.291+0000][gc,cpu      ] GC(37) User=0.06s Sys=0.01s Real=0.02s
[2025-05-21T14:32:36.966+0000][gc,start    ] GC(38) Pause Young (Normal) (G1 Evacuation Pause)
[2025-05-21T14:32:36.967+0000][gc,task     ] GC(38) Using 10 workers of 10 for evacuation
[2025-05-21T14:32:36.984+0000][gc,phases   ] GC(38)   Pre Evacuate Collection Set: 1.8ms
[2025-05-21T14:32:36.985+0000][gc,phases   ] GC(38)   Merge Heap Roots: 0.3ms
[2025-05-21T14:32:36.992+0000][gc,phases   ] GC(38)   Evacuate Collection Set: 9.9ms
[2025-05-21T14:32:36.993+0000][gc,phases   ] GC(38)   Post Evacuate Collection Set: 4.5ms
[2025-05-21T14:32:36.993+0000][gc,phases   ] GC(38)   Other: 0.9ms
[2025-05-21T14:32:36.994+0000][gc,heap     ] GC(38) Eden regions: 598->0(599)
[2025-05-21T14:32:36.996+0000][gc,heap     ] GC(38) Survivor regions: 16->15(77)
[2025-05-21T14:32:36.998+0000][gc,heap     ] GC(38) Old regions: 25->25
[2025-05-21T14:32:36.999+0000][gc,heap     ] GC(38) Humongous regions: 131->131
[2025-05-21T14:32:37.001+0000][gc,metaspace] GC(38) Metaspace: 16675K(17152K)->16675K(17152K) NonClass: 14811K(15040K)->14811K(15040K) Class: 1863K(2112K)->1863K(2112K)
[2025-05-21T14:32:37.002+0000][gc          ] GC(38) Pause Young (Normal) (G1 Evacuation Pause) 768M->169M(1024M) 36.475ms
[2025-05-21T14:32:37.006+0000][gc,cpu      ] GC(38) User=0.09s Sys=0.01s Real=0.04s
[2025-05-21T14:33:16.120+0000][gc,start    ] GC(39) Pause Young (Normal) (G1 Evacuation Pause)
[2025-05-21T14:33:16.120+0000][gc,task     ] GC(39) Using 10 workers of 10 for evacuation
[2025-05-21T14:33:16.127+0000][gc,phases   ] GC(39)   Pre Evacuate Collection Set: 0.5ms
[2025-05-21T14:33:16.127+0000][gc,phases   ] GC(39)   Merge Heap Roots: 0.2ms
[2025-05-21T14:33:16.127+0000][gc,phases   ] GC(39)   Evacuate Collection Set: 4.8ms
[2025-05-21T14:33:16.127+0000][gc,phases   ] GC(39)   Post Evacuate Collection Set: 1.2ms
[2025-05-21T14:33:16.128+0000][gc,phases   ] GC(39)   Other: 0.4ms
[2025-05-21T14:33:16.128+0000][gc,heap     ] GC(39) Eden regions: 599->0(600)
[2025-05-21T14:33:16.128+0000][gc,heap     ] GC(39) Survivor regions: 15->14(77)
[2025-05-21T14:33:16.128+0000][gc,heap     ] GC(39) Old regions: 25->25
[2025-05-21T14:33:16.128+0000][gc,heap     ] GC(39) Humongous regions: 131->131
[2025-05-21T14:33:16.129+0000][gc,metaspace] GC(39) Metaspace: 16686K(17152K)->16686K(17152K) NonClass: 14823K(15040K)->14823K(15040K) Class: 1863K(2112K)->1863K(2112K)
[2025-05-21T14:33:16.129+0000][gc          ] GC(39) Pause Young (Normal) (G1 Evacuation Pause) 768M->169M(1024M) 9.390ms
[2025-05-21T14:33:16.129+0000][gc,cpu      ] GC(39) User=0.04s Sys=0.00s Real=0.01s
[2025-05-21T14:33:46.363+0000][gc,start    ] GC(40) Pause Young (Normal) (G1 Evacuation Pause)
[2025-05-21T14:33:46.363+0000][gc,task     ] GC(40) Using 10 workers of 10 for evacuation
[2025-05-21T14:33:46.370+0000][gc,phases   ] GC(40)   Pre Evacuate Collection Set: 0.3ms
[2025-05-21T14:33:46.370+0000][gc,phases   ] GC(40)   Merge Heap Roots: 0.2ms
[2025-05-21T14:33:46.371+0000][gc,phases   ] GC(40)   Evacuate Collection Set: 4.8ms
[2025-05-21T14:33:46.371+0000][gc,phases   ] GC(40)   Post Evacuate Collection Set: 1.1ms
[2025-05-21T14:33:46.371+0000][gc,phases   ] GC(40)   Other: 0.3ms
[2025-05-21T14:33:46.371+0000][gc,heap     ] GC(40) Eden regions: 600->0(597)
[2025-05-21T14:33:46.371+0000][gc,heap     ] GC(40) Survivor regions: 14->17(77)
[2025-05-21T14:33:46.371+0000][gc,heap     ] GC(40) Old regions: 25->25
[2025-05-21T14:33:46.371+0000][gc,heap     ] GC(40) Humongous regions: 131->131
[2025-05-21T14:33:46.372+0000][gc,metaspace] GC(40) Metaspace: 16690K(17152K)->16690K(17152K) NonClass: 14826K(15040K)->14826K(15040K) Class: 1863K(2112K)->1863K(2112K)
[2025-05-21T14:33:46.372+0000][gc          ] GC(40) Pause Young (Normal) (G1 Evacuation Pause) 769M->172M(1024M) 8.583ms
[2025-05-21T14:33:46.372+0000][gc,cpu      ] GC(40) User=0.05s Sys=0.00s Real=0.01s
[2025-05-21T14:34:16.469+0000][gc,start    ] GC(41) Pause Young (Normal) (G1 Evacuation Pause)
[2025-05-21T14:34:16.474+0000][gc,task     ] GC(41) Using 10 workers of 10 for evacuation
[2025-05-21T14:34:16.517+0000][gc,phases   ] GC(41)   Pre Evacuate Collection Set: 0.8ms
[2025-05-21T14:34:16.517+0000][gc,phases   ] GC(41)   Merge Heap Roots: 0.3ms
[2025-05-21T14:34:16.520+0000][gc,phases   ] GC(41)   Evacuate Collection Set: 34.9ms
[2025-05-21T14:34:16.524+0000][gc,phases   ] GC(41)   Post Evacuate Collection Set: 3.2ms
[2025-05-21T14:34:16.545+0000][gc,phases   ] GC(41)   Other: 3.3ms
[2025-05-21T14:34:16.553+0000][gc,heap     ] GC(41) Eden regions: 597->0(594)
[2025-05-21T14:34:16.554+0000][gc,heap     ] GC(41) Survivor regions: 17->20(77)
[2025-05-21T14:34:16.558+0000][gc,heap     ] GC(41) Old regions: 25->26
[2025-05-21T14:34:16.568+0000][gc,heap     ] GC(41) Humongous regions: 131->131
[2025-05-21T14:34:16.569+0000][gc,metaspace] GC(41) Metaspace: 16709K(17152K)->16709K(17152K) NonClass: 14845K(15040K)->14845K(15040K) Class: 1863K(2112K)->1863K(2112K)
[2025-05-21T14:34:16.570+0000][gc          ] GC(41) Pause Young (Normal) (G1 Evacuation Pause) 769M->176M(1024M) 100.707ms
[2025-05-21T14:34:16.573+0000][gc,cpu      ] GC(41) User=0.10s Sys=0.05s Real=0.10s
[2025-05-21T14:34:36.947+0000][gc,start    ] GC(42) Pause Young (Normal) (G1 Evacuation Pause)
[2025-05-21T14:34:36.950+0000][gc,task     ] GC(42) Using 10 workers of 10 for evacuation
[2025-05-21T14:34:36.976+0000][gc,phases   ] GC(42)   Pre Evacuate Collection Set: 0.5ms
[2025-05-21T14:34:36.977+0000][gc,phases   ] GC(42)   Merge Heap Roots: 0.3ms
[2025-05-21T14:34:36.978+0000][gc,phases   ] GC(42)   Evacuate Collection Set: 21.8ms
[2025-05-21T14:34:36.979+0000][gc,phases   ] GC(42)   Post Evacuate Collection Set: 1.8ms
[2025-05-21T14:34:36.982+0000][gc,phases   ] GC(42)   Other: 2.3ms
[2025-05-21T14:34:36.985+0000][gc,heap     ] GC(42) Eden regions: 594->0(594)
[2025-05-21T14:34:36.985+0000][gc,heap     ] GC(42) Survivor regions: 20->20(77)
[2025-05-21T14:34:36.986+0000][gc,heap     ] GC(42) Old regions: 26->27
[2025-05-21T14:34:36.987+0000][gc,heap     ] GC(42) Humongous regions: 131->131
[2025-05-21T14:34:36.988+0000][gc,metaspace] GC(42) Metaspace: 16938K(17472K)->16938K(17472K) NonClass: 15041K(15296K)->15041K(15296K) Class: 1897K(2176K)->1897K(2176K)
[2025-05-21T14:34:36.989+0000][gc          ] GC(42) Pause Young (Normal) (G1 Evacuation Pause) 770M->176M(1024M) 41.178ms
[2025-05-21T14:34:36.990+0000][gc,cpu      ] GC(42) User=0.05s Sys=0.04s Real=0.04s
[2025-05-21T14:35:00.969+0000][gc,start    ] GC(43) Pause Young (Normal) (G1 Evacuation Pause)
[2025-05-21T14:35:00.969+0000][gc,task     ] GC(43) Using 10 workers of 10 for evacuation
[2025-05-21T14:35:00.982+0000][gc,phases   ] GC(43)   Pre Evacuate Collection Set: 0.4ms
[2025-05-21T14:35:00.983+0000][gc,phases   ] GC(43)   Merge Heap Roots: 0.2ms
[2025-05-21T14:35:00.984+0000][gc,phases   ] GC(43)   Evacuate Collection Set: 9.8ms
[2025-05-21T14:35:00.984+0000][gc,phases   ] GC(43)   Post Evacuate Collection Set: 2.2ms
[2025-05-21T14:35:00.984+0000][gc,phases   ] GC(43)   Other: 0.4ms
[2025-05-21T14:35:00.985+0000][gc,heap     ] GC(43) Eden regions: 594->0(597)
[2025-05-21T14:35:00.986+0000][gc,heap     ] GC(43) Survivor regions: 20->17(77)
[2025-05-21T14:35:00.987+0000][gc,heap     ] GC(43) Old regions: 27->28
[2025-05-21T14:35:00.987+0000][gc,heap     ] GC(43) Humongous regions: 131->131
[2025-05-21T14:35:00.988+0000][gc,metaspace] GC(43) Metaspace: 16970K(17472K)->16970K(17472K) NonClass: 15071K(15296K)->15071K(15296K) Class: 1899K(2176K)->1899K(2176K)
[2025-05-21T14:35:00.988+0000][gc          ] GC(43) Pause Young (Normal) (G1 Evacuation Pause) 770M->175M(1024M) 19.475ms
[2025-05-21T14:35:00.989+0000][gc,cpu      ] GC(43) User=0.06s Sys=0.00s Real=0.02s
[2025-05-21T14:35:26.245+0000][gc,start    ] GC(44) Pause Young (Normal) (G1 Evacuation Pause)
[2025-05-21T14:35:26.249+0000][gc,task     ] GC(44) Using 10 workers of 10 for evacuation
[2025-05-21T14:35:26.281+0000][gc,phases   ] GC(44)   Pre Evacuate Collection Set: 0.7ms
[2025-05-21T14:35:26.289+0000][gc,phases   ] GC(44)   Merge Heap Roots: 1.3ms
[2025-05-21T14:35:26.291+0000][gc,phases   ] GC(44)   Evacuate Collection Set: 25.4ms
[2025-05-21T14:35:26.293+0000][gc,phases   ] GC(44)   Post Evacuate Collection Set: 2.4ms
[2025-05-21T14:35:26.294+0000][gc,phases   ] GC(44)   Other: 2.6ms
[2025-05-21T14:35:26.295+0000][gc,heap     ] GC(44) Eden regions: 597->0(594)
[2025-05-21T14:35:26.296+0000][gc,heap     ] GC(44) Survivor regions: 17->20(77)
[2025-05-21T14:35:26.297+0000][gc,heap     ] GC(44) Old regions: 28->29
[2025-05-21T14:35:26.299+0000][gc,heap     ] GC(44) Humongous regions: 131->131
[2025-05-21T14:35:26.300+0000][gc,metaspace] GC(44) Metaspace: 16972K(17472K)->16972K(17472K) NonClass: 15073K(15296K)->15073K(15296K) Class: 1899K(2176K)->1899K(2176K)
[2025-05-21T14:35:26.302+0000][gc          ] GC(44) Pause Young (Normal) (G1 Evacuation Pause) 772M->178M(1024M) 57.404ms
[2025-05-21T14:35:26.304+0000][gc,cpu      ] GC(44) User=0.06s Sys=0.04s Real=0.06s
[2025-05-21T14:35:46.797+0000][gc,start    ] GC(45) Pause Young (Normal) (G1 Evacuation Pause)
[2025-05-21T14:35:46.797+0000][gc,task     ] GC(45) Using 10 workers of 10 for evacuation
[2025-05-21T14:35:46.815+0000][gc,phases   ] GC(45)   Pre Evacuate Collection Set: 0.4ms
[2025-05-21T14:35:46.815+0000][gc,phases   ] GC(45)   Merge Heap Roots: 0.3ms
[2025-05-21T14:35:46.816+0000][gc,phases   ] GC(45)   Evacuate Collection Set: 15.0ms
[2025-05-21T14:35:46.816+0000][gc,phases   ] GC(45)   Post Evacuate Collection Set: 1.9ms
[2025-05-21T14:35:46.816+0000][gc,phases   ] GC(45)   Other: 0.4ms
[2025-05-21T14:35:46.817+0000][gc,heap     ] GC(45) Eden regions: 594->0(588)
[2025-05-21T14:35:46.817+0000][gc,heap     ] GC(45) Survivor regions: 20->26(77)
[2025-05-21T14:35:46.817+0000][gc,heap     ] GC(45) Old regions: 29->29
[2025-05-21T14:35:46.818+0000][gc,heap     ] GC(45) Humongous regions: 131->131
[2025-05-21T14:35:46.818+0000][gc,metaspace] GC(45) Metaspace: 16997K(17472K)->16997K(17472K) NonClass: 15095K(15296K)->15095K(15296K) Class: 1901K(2176K)->1901K(2176K)
[2025-05-21T14:35:46.818+0000][gc          ] GC(45) Pause Young (Normal) (G1 Evacuation Pause) 772M->184M(1024M) 21.449ms
[2025-05-21T14:35:46.819+0000][gc,cpu      ] GC(45) User=0.10s Sys=0.04s Real=0.03s
[2025-05-21T14:36:17.734+0000][gc,start    ] GC(46) Pause Young (Normal) (G1 Evacuation Pause)
[2025-05-21T14:36:17.734+0000][gc,task     ] GC(46) Using 10 workers of 10 for evacuation
[2025-05-21T14:36:17.743+0000][gc,phases   ] GC(46)   Pre Evacuate Collection Set: 0.4ms
[2025-05-21T14:36:17.743+0000][gc,phases   ] GC(46)   Merge Heap Roots: 0.2ms
[2025-05-21T14:36:17.743+0000][gc,phases   ] GC(46)   Evacuate Collection Set: 6.4ms
[2025-05-21T14:36:17.743+0000][gc,phases   ] GC(46)   Post Evacuate Collection Set: 1.0ms
[2025-05-21T14:36:17.743+0000][gc,phases   ] GC(46)   Other: 0.4ms
[2025-05-21T14:36:17.744+0000][gc,heap     ] GC(46) Eden regions: 588->0(589)
[2025-05-21T14:36:17.744+0000][gc,heap     ] GC(46) Survivor regions: 26->25(77)
[2025-05-21T14:36:17.744+0000][gc,heap     ] GC(46) Old regions: 29->30
[2025-05-21T14:36:17.744+0000][gc,heap     ] GC(46) Humongous regions: 131->131
[2025-05-21T14:36:17.744+0000][gc,metaspace] GC(46) Metaspace: 17009K(17536K)->17009K(17536K) NonClass: 15108K(15360K)->15108K(15360K) Class: 1901K(2176K)->1901K(2176K)
[2025-05-21T14:36:17.744+0000][gc          ] GC(46) Pause Young (Normal) (G1 Evacuation Pause) 772M->185M(1024M) 10.478ms
[2025-05-21T14:36:17.745+0000][gc,cpu      ] GC(46) User=0.07s Sys=0.00s Real=0.01s
[2025-05-21T14:36:56.226+0000][gc,start    ] GC(47) Pause Young (Normal) (G1 Evacuation Pause)
[2025-05-21T14:36:56.226+0000][gc,task     ] GC(47) Using 10 workers of 10 for evacuation
[2025-05-21T14:36:56.235+0000][gc,phases   ] GC(47)   Pre Evacuate Collection Set: 0.4ms
[2025-05-21T14:36:56.235+0000][gc,phases   ] GC(47)   Merge Heap Roots: 0.3ms
[2025-05-21T14:36:56.235+0000][gc,phases   ] GC(47)   Evacuate Collection Set: 6.5ms
[2025-05-21T14:36:56.235+0000][gc,phases   ] GC(47)   Post Evacuate Collection Set: 1.2ms
[2025-05-21T14:36:56.235+0000][gc,phases   ] GC(47)   Other: 0.3ms
[2025-05-21T14:36:56.236+0000][gc,heap     ] GC(47) Eden regions: 589->0(591)
[2025-05-21T14:36:56.236+0000][gc,heap     ] GC(47) Survivor regions: 25->23(77)
[2025-05-21T14:36:56.236+0000][gc,heap     ] GC(47) Old regions: 30->31
[2025-05-21T14:36:56.236+0000][gc,heap     ] GC(47) Humongous regions: 131->131
[2025-05-21T14:36:56.236+0000][gc,metaspace] GC(47) Metaspace: 17009K(17536K)->17009K(17536K) NonClass: 15108K(15360K)->15108K(15360K) Class: 1901K(2176K)->1901K(2176K)
[2025-05-21T14:36:56.236+0000][gc          ] GC(47) Pause Young (Normal) (G1 Evacuation Pause) 774M->183M(1024M) 10.524ms
[2025-05-21T14:36:56.236+0000][gc,cpu      ] GC(47) User=0.07s Sys=0.00s Real=0.01s
[2025-05-21T14:37:26.434+0000][gc,start    ] GC(48) Pause Young (Normal) (G1 Evacuation Pause)
[2025-05-21T14:37:26.434+0000][gc,task     ] GC(48) Using 10 workers of 10 for evacuation
[2025-05-21T14:37:26.443+0000][gc,phases   ] GC(48)   Pre Evacuate Collection Set: 0.3ms
[2025-05-21T14:37:26.443+0000][gc,phases   ] GC(48)   Merge Heap Roots: 0.2ms
[2025-05-21T14:37:26.443+0000][gc,phases   ] GC(48)   Evacuate Collection Set: 6.8ms
[2025-05-21T14:37:26.443+0000][gc,phases   ] GC(48)   Post Evacuate Collection Set: 0.9ms
[2025-05-21T14:37:26.443+0000][gc,phases   ] GC(48)   Other: 0.3ms
[2025-05-21T14:37:26.444+0000][gc,heap     ] GC(48) Eden regions: 591->0(589)
[2025-05-21T14:37:26.444+0000][gc,heap     ] GC(48) Survivor regions: 23->25(77)
[2025-05-21T14:37:26.444+0000][gc,heap     ] GC(48) Old regions: 31->31
[2025-05-21T14:37:26.445+0000][gc,heap     ] GC(48) Humongous regions: 131->131
[2025-05-21T14:37:26.445+0000][gc,metaspace] GC(48) Metaspace: 17015K(17536K)->17015K(17536K) NonClass: 15113K(15360K)->15113K(15360K) Class: 1901K(2176K)->1901K(2176K)
[2025-05-21T14:37:26.445+0000][gc          ] GC(48) Pause Young (Normal) (G1 Evacuation Pause) 774M->186M(1024M) 11.335ms
[2025-05-21T14:37:26.445+0000][gc,cpu      ] GC(48) User=0.06s Sys=0.01s Real=0.01s
[2025-05-21T14:37:57.680+0000][gc,start    ] GC(49) Pause Young (Normal) (G1 Evacuation Pause)
[2025-05-21T14:37:57.680+0000][gc,task     ] GC(49) Using 10 workers of 10 for evacuation
[2025-05-21T14:37:57.689+0000][gc,phases   ] GC(49)   Pre Evacuate Collection Set: 0.3ms
[2025-05-21T14:37:57.689+0000][gc,phases   ] GC(49)   Merge Heap Roots: 0.2ms
[2025-05-21T14:37:57.689+0000][gc,phases   ] GC(49)   Evacuate Collection Set: 7.0ms
[2025-05-21T14:37:57.689+0000][gc,phases   ] GC(49)   Post Evacuate Collection Set: 1.0ms
[2025-05-21T14:37:57.689+0000][gc,phases   ] GC(49)   Other: 0.2ms
[2025-05-21T14:37:57.689+0000][gc,heap     ] GC(49) Eden regions: 589->0(591)
[2025-05-21T14:37:57.690+0000][gc,heap     ] GC(49) Survivor regions: 25->23(77)
[2025-05-21T14:37:57.690+0000][gc,heap     ] GC(49) Old regions: 31->32
[2025-05-21T14:37:57.690+0000][gc,heap     ] GC(49) Humongous regions: 131->131
[2025-05-21T14:37:57.690+0000][gc,metaspace] GC(49) Metaspace: 17019K(17536K)->17019K(17536K) NonClass: 15117K(15360K)->15117K(15360K) Class: 1901K(2176K)->1901K(2176K)
[2025-05-21T14:37:57.690+0000][gc          ] GC(49) Pause Young (Normal) (G1 Evacuation Pause) 775M->185M(1024M) 10.683ms
[2025-05-21T14:37:57.690+0000][gc,cpu      ] GC(49) User=0.07s Sys=0.00s Real=0.01s
[2025-05-21T14:38:36.393+0000][gc,start    ] GC(50) Pause Young (Normal) (G1 Evacuation Pause)
[2025-05-21T14:38:36.393+0000][gc,task     ] GC(50) Using 10 workers of 10 for evacuation
[2025-05-21T14:38:36.416+0000][gc,phases   ] GC(50)   Pre Evacuate Collection Set: 0.6ms
[2025-05-21T14:38:36.417+0000][gc,phases   ] GC(50)   Merge Heap Roots: 0.3ms
[2025-05-21T14:38:36.417+0000][gc,phases   ] GC(50)   Evacuate Collection Set: 20.2ms
[2025-05-21T14:38:36.417+0000][gc,phases   ] GC(50)   Post Evacuate Collection Set: 1.7ms
[2025-05-21T14:38:36.418+0000][gc,phases   ] GC(50)   Other: 0.5ms
[2025-05-21T14:38:36.418+0000][gc,heap     ] GC(50) Eden regions: 591->0(588)
[2025-05-21T14:38:36.419+0000][gc,heap     ] GC(50) Survivor regions: 23->26(77)
[2025-05-21T14:38:36.419+0000][gc,heap     ] GC(50) Old regions: 32->33
[2025-05-21T14:38:36.419+0000][gc,heap     ] GC(50) Humongous regions: 131->131
[2025-05-21T14:38:36.422+0000][gc,metaspace] GC(50) Metaspace: 17019K(17536K)->17019K(17536K) NonClass: 15117K(15360K)->15117K(15360K) Class: 1901K(2176K)->1901K(2176K)
[2025-05-21T14:38:36.423+0000][gc          ] GC(50) Pause Young (Normal) (G1 Evacuation Pause) 776M->188M(1024M) 30.170ms
[2025-05-21T14:38:36.423+0000][gc,cpu      ] GC(50) User=0.16s Sys=0.01s Real=0.03s
[2025-05-21T14:39:06.500+0000][gc,start    ] GC(51) Pause Young (Normal) (G1 Evacuation Pause)
[2025-05-21T14:39:06.500+0000][gc,task     ] GC(51) Using 10 workers of 10 for evacuation
[2025-05-21T14:39:06.511+0000][gc,phases   ] GC(51)   Pre Evacuate Collection Set: 0.3ms
[2025-05-21T14:39:06.512+0000][gc,phases   ] GC(51)   Merge Heap Roots: 0.2ms
[2025-05-21T14:39:06.512+0000][gc,phases   ] GC(51)   Evacuate Collection Set: 9.1ms
[2025-05-21T14:39:06.512+0000][gc,phases   ] GC(51)   Post Evacuate Collection Set: 1.2ms
[2025-05-21T14:39:06.512+0000][gc,phases   ] GC(51)   Other: 0.3ms
[2025-05-21T14:39:06.512+0000][gc,heap     ] GC(51) Eden regions: 588->0(585)
[2025-05-21T14:39:06.512+0000][gc,heap     ] GC(51) Survivor regions: 26->29(77)
[2025-05-21T14:39:06.513+0000][gc,heap     ] GC(51) Old regions: 33->34
[2025-05-21T14:39:06.513+0000][gc,heap     ] GC(51) Humongous regions: 131->131
[2025-05-21T14:39:06.513+0000][gc,metaspace] GC(51) Metaspace: 17027K(17536K)->17027K(17536K) NonClass: 15125K(15360K)->15125K(15360K) Class: 1901K(2176K)->1901K(2176K)
[2025-05-21T14:39:06.513+0000][gc          ] GC(51) Pause Young (Normal) (G1 Evacuation Pause) 776M->192M(1024M) 13.234ms
[2025-05-21T14:39:06.513+0000][gc,cpu      ] GC(51) User=0.06s Sys=0.03s Real=0.01s
[2025-05-21T14:39:36.926+0000][gc,start    ] GC(52) Pause Young (Normal) (G1 Evacuation Pause)
[2025-05-21T14:39:36.926+0000][gc,task     ] GC(52) Using 10 workers of 10 for evacuation
[2025-05-21T14:39:36.936+0000][gc,phases   ] GC(52)   Pre Evacuate Collection Set: 0.3ms
[2025-05-21T14:39:36.936+0000][gc,phases   ] GC(52)   Merge Heap Roots: 0.2ms
[2025-05-21T14:39:36.936+0000][gc,phases   ] GC(52)   Evacuate Collection Set: 7.7ms
[2025-05-21T14:39:36.936+0000][gc,phases   ] GC(52)   Post Evacuate Collection Set: 1.2ms
[2025-05-21T14:39:36.936+0000][gc,phases   ] GC(52)   Other: 0.3ms
[2025-05-21T14:39:36.937+0000][gc,heap     ] GC(52) Eden regions: 585->0(590)
[2025-05-21T14:39:36.937+0000][gc,heap     ] GC(52) Survivor regions: 29->24(77)
[2025-05-21T14:39:36.937+0000][gc,heap     ] GC(52) Old regions: 34->35
[2025-05-21T14:39:36.937+0000][gc,heap     ] GC(52) Humongous regions: 131->131
[2025-05-21T14:39:36.937+0000][gc,metaspace] GC(52) Metaspace: 17027K(17536K)->17027K(17536K) NonClass: 15125K(15360K)->15125K(15360K) Class: 1901K(2176K)->1901K(2176K)
[2025-05-21T14:39:36.938+0000][gc          ] GC(52) Pause Young (Normal) (G1 Evacuation Pause) 777M->188M(1024M) 11.797ms
[2025-05-21T14:39:36.938+0000][gc,cpu      ] GC(52) User=0.08s Sys=0.00s Real=0.02s
[2025-05-21T14:40:16.208+0000][gc,start    ] GC(53) Pause Young (Normal) (G1 Evacuation Pause)
[2025-05-21T14:40:16.208+0000][gc,task     ] GC(53) Using 10 workers of 10 for evacuation
[2025-05-21T14:40:16.223+0000][gc,phases   ] GC(53)   Pre Evacuate Collection Set: 0.4ms
[2025-05-21T14:40:16.223+0000][gc,phases   ] GC(53)   Merge Heap Roots: 0.2ms
[2025-05-21T14:40:16.223+0000][gc,phases   ] GC(53)   Evacuate Collection Set: 11.4ms
[2025-05-21T14:40:16.223+0000][gc,phases   ] GC(53)   Post Evacuate Collection Set: 1.8ms
[2025-05-21T14:40:16.224+0000][gc,phases   ] GC(53)   Other: 0.5ms
[2025-05-21T14:40:16.224+0000][gc,heap     ] GC(53) Eden regions: 590->0(589)
[2025-05-21T14:40:16.224+0000][gc,heap     ] GC(53) Survivor regions: 24->25(77)
[2025-05-21T14:40:16.225+0000][gc,heap     ] GC(53) Old regions: 35->36
[2025-05-21T14:40:16.225+0000][gc,heap     ] GC(53) Humongous regions: 131->131
[2025-05-21T14:40:16.225+0000][gc,metaspace] GC(53) Metaspace: 17031K(17536K)->17031K(17536K) NonClass: 15129K(15360K)->15129K(15360K) Class: 1901K(2176K)->1901K(2176K)
[2025-05-21T14:40:16.226+0000][gc          ] GC(53) Pause Young (Normal) (G1 Evacuation Pause) 778M->190M(1024M) 17.631ms
[2025-05-21T14:40:16.226+0000][gc,cpu      ] GC(53) User=0.08s Sys=0.00s Real=0.01s
[2025-05-21T14:40:47.192+0000][gc,start    ] GC(54) Pause Young (Normal) (G1 Evacuation Pause)
[2025-05-21T14:40:47.193+0000][gc,task     ] GC(54) Using 10 workers of 10 for evacuation
[2025-05-21T14:40:47.229+0000][gc,phases   ] GC(54)   Pre Evacuate Collection Set: 1.0ms
[2025-05-21T14:40:47.230+0000][gc,phases   ] GC(54)   Merge Heap Roots: 0.6ms
[2025-05-21T14:40:47.230+0000][gc,phases   ] GC(54)   Evacuate Collection Set: 31.6ms
[2025-05-21T14:40:47.230+0000][gc,phases   ] GC(54)   Post Evacuate Collection Set: 2.3ms
[2025-05-21T14:40:47.231+0000][gc,phases   ] GC(54)   Other: 0.6ms
[2025-05-21T14:40:47.231+0000][gc,heap     ] GC(54) Eden regions: 589->0(587)
[2025-05-21T14:40:47.231+0000][gc,heap     ] GC(54) Survivor regions: 25->27(77)
[2025-05-21T14:40:47.232+0000][gc,heap     ] GC(54) Old regions: 36->37
[2025-05-21T14:40:47.232+0000][gc,heap     ] GC(54) Humongous regions: 131->131
[2025-05-21T14:40:47.232+0000][gc,metaspace] GC(54) Metaspace: 17035K(17536K)->17035K(17536K) NonClass: 15134K(15360K)->15134K(15360K) Class: 1901K(2176K)->1901K(2176K)
[2025-05-21T14:40:47.232+0000][gc          ] GC(54) Pause Young (Normal) (G1 Evacuation Pause) 779M->194M(1024M) 40.378ms
[2025-05-21T14:40:47.233+0000][gc,cpu      ] GC(54) User=0.17s Sys=0.01s Real=0.04s
[2025-05-21T14:41:26.233+0000][gc,start    ] GC(55) Pause Young (Normal) (G1 Evacuation Pause)
[2025-05-21T14:41:26.233+0000][gc,task     ] GC(55) Using 10 workers of 10 for evacuation
[2025-05-21T14:41:26.246+0000][gc,phases   ] GC(55)   Pre Evacuate Collection Set: 0.4ms
[2025-05-21T14:41:26.247+0000][gc,phases   ] GC(55)   Merge Heap Roots: 0.2ms
[2025-05-21T14:41:26.247+0000][gc,phases   ] GC(55)   Evacuate Collection Set: 9.7ms
[2025-05-21T14:41:26.247+0000][gc,phases   ] GC(55)   Post Evacuate Collection Set: 2.7ms
[2025-05-21T14:41:26.247+0000][gc,phases   ] GC(55)   Other: 0.4ms
[2025-05-21T14:41:26.247+0000][gc,heap     ] GC(55) Eden regions: 587->0(587)
[2025-05-21T14:41:26.248+0000][gc,heap     ] GC(55) Survivor regions: 27->27(77)
[2025-05-21T14:41:26.248+0000][gc,heap     ] GC(55) Old regions: 37->37
[2025-05-21T14:41:26.248+0000][gc,heap     ] GC(55) Humongous regions: 131->131
[2025-05-21T14:41:26.248+0000][gc,metaspace] GC(55) Metaspace: 17035K(17536K)->17035K(17536K) NonClass: 15134K(15360K)->15134K(15360K) Class: 1901K(2176K)->1901K(2176K)
[2025-05-21T14:41:26.248+0000][gc          ] GC(55) Pause Young (Normal) (G1 Evacuation Pause) 781M->194M(1024M) 15.829ms
[2025-05-21T14:41:26.249+0000][gc,cpu      ] GC(55) User=0.07s Sys=0.02s Real=0.01s
[2025-05-21T14:42:06.013+0000][gc,start    ] GC(56) Pause Young (Normal) (G1 Evacuation Pause)
[2025-05-21T14:42:06.013+0000][gc,task     ] GC(56) Using 10 workers of 10 for evacuation
[2025-05-21T14:42:06.022+0000][gc,phases   ] GC(56)   Pre Evacuate Collection Set: 0.4ms
[2025-05-21T14:42:06.023+0000][gc,phases   ] GC(56)   Merge Heap Roots: 0.3ms
[2025-05-21T14:42:06.023+0000][gc,phases   ] GC(56)   Evacuate Collection Set: 7.7ms
[2025-05-21T14:42:06.023+0000][gc,phases   ] GC(56)   Post Evacuate Collection Set: 1.0ms
[2025-05-21T14:42:06.023+0000][gc,phases   ] GC(56)   Other: 0.3ms
[2025-05-21T14:42:06.023+0000][gc,heap     ] GC(56) Eden regions: 587->0(594)
[2025-05-21T14:42:06.024+0000][gc,heap     ] GC(56) Survivor regions: 27->20(77)
[2025-05-21T14:42:06.024+0000][gc,heap     ] GC(56) Old regions: 37->40
[2025-05-21T14:42:06.024+0000][gc,heap     ] GC(56) Humongous regions: 131->131
[2025-05-21T14:42:06.024+0000][gc,metaspace] GC(56) Metaspace: 17074K(17600K)->17074K(17600K) NonClass: 15172K(15424K)->15172K(15424K) Class: 1901K(2176K)->1901K(2176K)
[2025-05-21T14:42:06.024+0000][gc          ] GC(56) Pause Young (Normal) (G1 Evacuation Pause) 781M->190M(1024M) 11.700ms
[2025-05-21T14:42:06.024+0000][gc,cpu      ] GC(56) User=0.06s Sys=0.01s Real=0.01s
[2025-05-21T14:42:36.532+0000][gc,start    ] GC(57) Pause Young (Normal) (G1 Evacuation Pause)
[2025-05-21T14:42:36.533+0000][gc,task     ] GC(57) Using 10 workers of 10 for evacuation
[2025-05-21T14:42:36.564+0000][gc,phases   ] GC(57)   Pre Evacuate Collection Set: 0.3ms
[2025-05-21T14:42:36.564+0000][gc,phases   ] GC(57)   Merge Heap Roots: 0.3ms
[2025-05-21T14:42:36.564+0000][gc,phases   ] GC(57)   Evacuate Collection Set: 25.1ms
[2025-05-21T14:42:36.564+0000][gc,phases   ] GC(57)   Post Evacuate Collection Set: 4.3ms
[2025-05-21T14:42:36.565+0000][gc,phases   ] GC(57)   Other: 0.4ms
[2025-05-21T14:42:36.565+0000][gc,heap     ] GC(57) Eden regions: 594->0(593)
[2025-05-21T14:42:36.565+0000][gc,heap     ] GC(57) Survivor regions: 20->21(77)
[2025-05-21T14:42:36.565+0000][gc,heap     ] GC(57) Old regions: 40->43
[2025-05-21T14:42:36.565+0000][gc,heap     ] GC(57) Humongous regions: 131->131
[2025-05-21T14:42:36.565+0000][gc,metaspace] GC(57) Metaspace: 17075K(17600K)->17075K(17600K) NonClass: 15174K(15424K)->15174K(15424K) Class: 1901K(2176K)->1901K(2176K)
[2025-05-21T14:42:36.566+0000][gc          ] GC(57) Pause Young (Normal) (G1 Evacuation Pause) 784M->193M(1024M) 33.417ms
[2025-05-21T14:42:36.566+0000][gc,cpu      ] GC(57) User=0.07s Sys=0.00s Real=0.03s
[2025-05-21T14:43:16.211+0000][gc,start    ] GC(58) Pause Young (Normal) (G1 Evacuation Pause)
[2025-05-21T14:43:16.212+0000][gc,task     ] GC(58) Using 10 workers of 10 for evacuation
[2025-05-21T14:43:16.223+0000][gc,phases   ] GC(58)   Pre Evacuate Collection Set: 0.7ms
[2025-05-21T14:43:16.223+0000][gc,phases   ] GC(58)   Merge Heap Roots: 0.2ms
[2025-05-21T14:43:16.223+0000][gc,phases   ] GC(58)   Evacuate Collection Set: 8.6ms
[2025-05-21T14:43:16.223+0000][gc,phases   ] GC(58)   Post Evacuate Collection Set: 1.2ms
[2025-05-21T14:43:16.223+0000][gc,phases   ] GC(58)   Other: 0.2ms
[2025-05-21T14:43:16.223+0000][gc,heap     ] GC(58) Eden regions: 593->0(595)
[2025-05-21T14:43:16.224+0000][gc,heap     ] GC(58) Survivor regions: 21->19(77)
[2025-05-21T14:43:16.224+0000][gc,heap     ] GC(58) Old regions: 43->45
[2025-05-21T14:43:16.224+0000][gc,heap     ] GC(58) Humongous regions: 131->131
[2025-05-21T14:43:16.224+0000][gc,metaspace] GC(58) Metaspace: 17082K(17600K)->17082K(17600K) NonClass: 15180K(15424K)->15180K(15424K) Class: 1901K(2176K)->1901K(2176K)
[2025-05-21T14:43:16.224+0000][gc          ] GC(58) Pause Young (Normal) (G1 Evacuation Pause) 786M->193M(1024M) 12.901ms
[2025-05-21T14:43:16.224+0000][gc,cpu      ] GC(58) User=0.09s Sys=0.00s Real=0.01s
[2025-05-21T14:43:48.358+0000][gc,start    ] GC(59) Pause Young (Normal) (G1 Evacuation Pause)
[2025-05-21T14:43:48.358+0000][gc,task     ] GC(59) Using 10 workers of 10 for evacuation
[2025-05-21T14:43:48.368+0000][gc,phases   ] GC(59)   Pre Evacuate Collection Set: 0.3ms
[2025-05-21T14:43:48.368+0000][gc,phases   ] GC(59)   Merge Heap Roots: 0.2ms
[2025-05-21T14:43:48.368+0000][gc,phases   ] GC(59)   Evacuate Collection Set: 7.8ms
[2025-05-21T14:43:48.369+0000][gc,phases   ] GC(59)   Post Evacuate Collection Set: 1.2ms
[2025-05-21T14:43:48.369+0000][gc,phases   ] GC(59)   Other: 0.3ms
[2025-05-21T14:43:48.369+0000][gc,heap     ] GC(59) Eden regions: 595->0(596)
[2025-05-21T14:43:48.369+0000][gc,heap     ] GC(59) Survivor regions: 19->18(77)
[2025-05-21T14:43:48.369+0000][gc,heap     ] GC(59) Old regions: 45->47
[2025-05-21T14:43:48.370+0000][gc,heap     ] GC(59) Humongous regions: 131->131
[2025-05-21T14:43:48.370+0000][gc,metaspace] GC(59) Metaspace: 17084K(17600K)->17084K(17600K) NonClass: 15183K(15424K)->15183K(15424K) Class: 1901K(2176K)->1901K(2176K)
[2025-05-21T14:43:48.370+0000][gc          ] GC(59) Pause Young (Normal) (G1 Evacuation Pause) 788M->194M(1024M) 12.147ms
[2025-05-21T14:43:48.370+0000][gc,cpu      ] GC(59) User=0.05s Sys=0.01s Real=0.01s
[2025-05-21T14:44:15.568+0000][gc,start    ] GC(60) Pause Young (Normal) (G1 Evacuation Pause)
[2025-05-21T14:44:15.571+0000][gc,task     ] GC(60) Using 10 workers of 10 for evacuation
[2025-05-21T14:44:15.631+0000][gc,phases   ] GC(60)   Pre Evacuate Collection Set: 0.4ms
[2025-05-21T14:44:15.633+0000][gc,phases   ] GC(60)   Merge Heap Roots: 0.3ms
[2025-05-21T14:44:15.633+0000][gc,phases   ] GC(60)   Evacuate Collection Set: 48.9ms
[2025-05-21T14:44:15.635+0000][gc,phases   ] GC(60)   Post Evacuate Collection Set: 8.0ms
[2025-05-21T14:44:15.649+0000][gc,phases   ] GC(60)   Other: 2.0ms
[2025-05-21T14:44:15.649+0000][gc,heap     ] GC(60) Eden regions: 596->0(592)
[2025-05-21T14:44:15.649+0000][gc,heap     ] GC(60) Survivor regions: 18->22(77)
[2025-05-21T14:44:15.654+0000][gc,heap     ] GC(60) Old regions: 47->48
[2025-05-21T14:44:15.656+0000][gc,heap     ] GC(60) Humongous regions: 131->131
[2025-05-21T14:44:15.658+0000][gc,metaspace] GC(60) Metaspace: 17110K(17600K)->17110K(17600K) NonClass: 15208K(15424K)->15208K(15424K) Class: 1901K(2176K)->1901K(2176K)
[2025-05-21T14:44:15.665+0000][gc          ] GC(60) Pause Young (Normal) (G1 Evacuation Pause) 790M->200M(1024M) 96.537ms
[2025-05-21T14:44:15.667+0000][gc,cpu      ] GC(60) User=0.10s Sys=0.04s Real=0.10s
[2025-05-21T14:44:36.674+0000][gc,start    ] GC(61) Pause Young (Normal) (G1 Evacuation Pause)
[2025-05-21T14:44:36.678+0000][gc,task     ] GC(61) Using 10 workers of 10 for evacuation
[2025-05-21T14:44:36.716+0000][gc,phases   ] GC(61)   Pre Evacuate Collection Set: 0.5ms
[2025-05-21T14:44:36.718+0000][gc,phases   ] GC(61)   Merge Heap Roots: 0.6ms
[2025-05-21T14:44:36.723+0000][gc,phases   ] GC(61)   Evacuate Collection Set: 30.9ms
[2025-05-21T14:44:36.724+0000][gc,phases   ] GC(61)   Post Evacuate Collection Set: 2.3ms
[2025-05-21T14:44:36.725+0000][gc,phases   ] GC(61)   Other: 3.7ms
[2025-05-21T14:44:36.725+0000][gc,heap     ] GC(61) Eden regions: 592->0(593)
[2025-05-21T14:44:36.727+0000][gc,heap     ] GC(61) Survivor regions: 22->21(77)
[2025-05-21T14:44:36.736+0000][gc,heap     ] GC(61) Old regions: 48->50
[2025-05-21T14:44:36.736+0000][gc,heap     ] GC(61) Humongous regions: 131->131
[2025-05-21T14:44:36.737+0000][gc,metaspace] GC(61) Metaspace: 17131K(17600K)->17131K(17600K) NonClass: 15230K(15424K)->15230K(15424K) Class: 1901K(2176K)->1901K(2176K)
[2025-05-21T14:44:36.738+0000][gc          ] GC(61) Pause Young (Normal) (G1 Evacuation Pause) 792M->200M(1024M) 63.412ms
[2025-05-21T14:44:36.739+0000][gc,cpu      ] GC(61) User=0.11s Sys=0.03s Real=0.07s
[2025-05-21T14:44:57.149+0000][gc,start    ] GC(62) Pause Young (Normal) (G1 Evacuation Pause)
[2025-05-21T14:44:57.149+0000][gc,task     ] GC(62) Using 10 workers of 10 for evacuation
[2025-05-21T14:44:57.163+0000][gc,phases   ] GC(62)   Pre Evacuate Collection Set: 0.4ms
[2025-05-21T14:44:57.163+0000][gc,phases   ] GC(62)   Merge Heap Roots: 0.2ms
[2025-05-21T14:44:57.163+0000][gc,phases   ] GC(62)   Evacuate Collection Set: 11.3ms
[2025-05-21T14:44:57.163+0000][gc,phases   ] GC(62)   Post Evacuate Collection Set: 1.2ms
[2025-05-21T14:44:57.164+0000][gc,phases   ] GC(62)   Other: 0.3ms
[2025-05-21T14:44:57.164+0000][gc,heap     ] GC(62) Eden regions: 593->0(588)
[2025-05-21T14:44:57.164+0000][gc,heap     ] GC(62) Survivor regions: 21->26(77)
[2025-05-21T14:44:57.164+0000][gc,heap     ] GC(62) Old regions: 50->51
[2025-05-21T14:44:57.164+0000][gc,heap     ] GC(62) Humongous regions: 131->131
[2025-05-21T14:44:57.164+0000][gc,metaspace] GC(62) Metaspace: 17134K(17600K)->17134K(17600K) NonClass: 15233K(15424K)->15233K(15424K) Class: 1901K(2176K)->1901K(2176K)
[2025-05-21T14:44:57.165+0000][gc          ] GC(62) Pause Young (Normal) (G1 Evacuation Pause) 793M->207M(1024M) 15.460ms
[2025-05-21T14:44:57.165+0000][gc,cpu      ] GC(62) User=0.10s Sys=0.00s Real=0.02s
[2025-05-21T14:45:22.345+0000][gc,start    ] GC(63) Pause Young (Normal) (G1 Evacuation Pause)
[2025-05-21T14:45:22.347+0000][gc,task     ] GC(63) Using 10 workers of 10 for evacuation
[2025-05-21T14:45:22.363+0000][gc,phases   ] GC(63)   Pre Evacuate Collection Set: 0.9ms
[2025-05-21T14:45:22.364+0000][gc,phases   ] GC(63)   Merge Heap Roots: 0.4ms
[2025-05-21T14:45:22.364+0000][gc,phases   ] GC(63)   Evacuate Collection Set: 12.2ms
[2025-05-21T14:45:22.365+0000][gc,phases   ] GC(63)   Post Evacuate Collection Set: 1.8ms
[2025-05-21T14:45:22.367+0000][gc,phases   ] GC(63)   Other: 1.2ms
[2025-05-21T14:45:22.368+0000][gc,heap     ] GC(63) Eden regions: 588->0(591)
[2025-05-21T14:45:22.369+0000][gc,heap     ] GC(63) Survivor regions: 26->23(77)
[2025-05-21T14:45:22.369+0000][gc,heap     ] GC(63) Old regions: 51->52
[2025-05-21T14:45:22.370+0000][gc,heap     ] GC(63) Humongous regions: 131->131
[2025-05-21T14:45:22.371+0000][gc,metaspace] GC(63) Metaspace: 17177K(17728K)->17177K(17728K) NonClass: 15275K(15552K)->15275K(15552K) Class: 1902K(2176K)->1902K(2176K)
[2025-05-21T14:45:22.372+0000][gc          ] GC(63) Pause Young (Normal) (G1 Evacuation Pause) 795M->205M(1024M) 27.413ms
[2025-05-21T14:45:22.373+0000][gc,cpu      ] GC(63) User=0.09s Sys=0.01s Real=0.03s
[2025-05-21T14:45:33.874+0000][gc,heap,exit] Heap
[2025-05-21T14:45:33.875+0000][gc,heap,exit]  garbage-first heap   total 1048576K, used 480168K [0x00000000c0000000, 0x0000000100000000)
[2025-05-21T14:45:33.875+0000][gc,heap,exit]   region size 1024K, 287 young (293888K), 23 survivors (23552K)
[2025-05-21T14:45:33.875+0000][gc,heap,exit]  Metaspace       used 18047K, committed 18560K, reserved 1114112K
[2025-05-21T14:45:33.875+0000][gc,heap,exit]   class space    used 2105K, committed 2368K, reserved 1048576K
