[2025-05-20T23:12:48.867+0000][gc,init] CardTable entry size: 512
[2025-05-20T23:12:48.869+0000][gc     ] Using G1
[2025-05-20T23:12:48.899+0000][gc,init] Version: 21.0.4+7-LTS (release)
[2025-05-20T23:12:48.899+0000][gc,init] CPUs: 12 total, 12 available
[2025-05-20T23:12:48.901+0000][gc,init] Memory: 15597M
[2025-05-20T23:12:48.909+0000][gc,init] Large Page Support: Disabled
[2025-05-20T23:12:48.915+0000][gc,init] NUMA Support: Disabled
[2025-05-20T23:12:48.920+0000][gc,init] Compressed Oops: Enabled (32-bit)
[2025-05-20T23:12:48.925+0000][gc,init] Heap Region Size: 1M
[2025-05-20T23:12:48.933+0000][gc,init] Heap Min Capacity: 1G
[2025-05-20T23:12:48.945+0000][gc,init] Heap Initial Capacity: 1G
[2025-05-20T23:12:48.951+0000][gc,init] Heap Max Capacity: 1G
[2025-05-20T23:12:48.965+0000][gc,init] Pre-touch: Disabled
[2025-05-20T23:12:48.965+0000][gc,init] Parallel Workers: 10
[2025-05-20T23:12:48.965+0000][gc,init] Concurrent Workers: 3
[2025-05-20T23:12:48.965+0000][gc,init] Concurrent Refinement Workers: 10
[2025-05-20T23:12:48.966+0000][gc,init] Periodic GC: Disabled
[2025-05-20T23:12:49.053+0000][gc,metaspace] CDS archive(s) mapped at: [0x00007f0bbc000000-0x00007f0bbcbbe000-0x00007f0bbf674000), size 57098240, SharedBaseAddress: 0x00007f0bbc000000, ArchiveRelocationMode: 1.
[2025-05-20T23:12:49.057+0000][gc,metaspace] Compressed class space mapped at: 0x00007f0bc0000000-0x00007f0c00000000, reserved size: 1073741824
[2025-05-20T23:12:49.058+0000][gc,metaspace] Narrow klass base: 0x00007f0bbc000000, Narrow klass shift: 0, Narrow klass range: 0x100000000
[2025-05-20T23:12:55.780+0000][gc,start    ] GC(0) Pause Young (Normal) (G1 Evacuation Pause)
[2025-05-20T23:12:55.815+0000][gc,task     ] GC(0) Using 10 workers of 10 for evacuation
[2025-05-20T23:12:55.903+0000][gc,phases   ] GC(0)   Pre Evacuate Collection Set: 0.3ms
[2025-05-20T23:12:55.903+0000][gc,phases   ] GC(0)   Merge Heap Roots: 0.1ms
[2025-05-20T23:12:55.903+0000][gc,phases   ] GC(0)   Evacuate Collection Set: 58.0ms
[2025-05-20T23:12:55.903+0000][gc,phases   ] GC(0)   Post Evacuate Collection Set: 16.5ms
[2025-05-20T23:12:55.904+0000][gc,phases   ] GC(0)   Other: 44.1ms
[2025-05-20T23:12:55.905+0000][gc,heap     ] GC(0) Eden regions: 51->0(44)
[2025-05-20T23:12:55.905+0000][gc,heap     ] GC(0) Survivor regions: 0->7(7)
[2025-05-20T23:12:55.905+0000][gc,heap     ] GC(0) Old regions: 1->7
[2025-05-20T23:12:55.905+0000][gc,heap     ] GC(0) Humongous regions: 1->1
[2025-05-20T23:12:55.905+0000][gc,metaspace] GC(0) Metaspace: 5782K(6016K)->5782K(6016K) NonClass: 5114K(5248K)->5114K(5248K) Class: 668K(768K)->668K(768K)
[2025-05-20T23:12:55.906+0000][gc          ] GC(0) Pause Young (Normal) (G1 Evacuation Pause) 52M->14M(1024M) 125.599ms
[2025-05-20T23:12:55.908+0000][gc,cpu      ] GC(0) User=0.19s Sys=0.04s Real=0.13s
[2025-05-20T23:12:57.345+0000][gc,start    ] GC(1) Pause Young (Normal) (G1 Evacuation Pause)
[2025-05-20T23:12:57.346+0000][gc,task     ] GC(1) Using 10 workers of 10 for evacuation
[2025-05-20T23:12:57.375+0000][gc,phases   ] GC(1)   Pre Evacuate Collection Set: 0.8ms
[2025-05-20T23:12:57.376+0000][gc,phases   ] GC(1)   Merge Heap Roots: 0.1ms
[2025-05-20T23:12:57.376+0000][gc,phases   ] GC(1)   Evacuate Collection Set: 25.7ms
[2025-05-20T23:12:57.377+0000][gc,phases   ] GC(1)   Post Evacuate Collection Set: 1.5ms
[2025-05-20T23:12:57.379+0000][gc,phases   ] GC(1)   Other: 1.2ms
[2025-05-20T23:12:57.379+0000][gc,heap     ] GC(1) Eden regions: 44->0(50)
[2025-05-20T23:12:57.379+0000][gc,heap     ] GC(1) Survivor regions: 7->5(7)
[2025-05-20T23:12:57.380+0000][gc,heap     ] GC(1) Old regions: 7->14
[2025-05-20T23:12:57.380+0000][gc,heap     ] GC(1) Humongous regions: 1->1
[2025-05-20T23:12:57.381+0000][gc,metaspace] GC(1) Metaspace: 7655K(7872K)->7655K(7872K) NonClass: 6742K(6848K)->6742K(6848K) Class: 912K(1024K)->912K(1024K)
[2025-05-20T23:12:57.381+0000][gc          ] GC(1) Pause Young (Normal) (G1 Evacuation Pause) 58M->18M(1024M) 36.341ms
[2025-05-20T23:12:57.381+0000][gc,cpu      ] GC(1) User=0.04s Sys=0.00s Real=0.04s
[2025-05-20T23:12:59.053+0000][gc,start    ] GC(2) Pause Young (Normal) (G1 Evacuation Pause)
[2025-05-20T23:12:59.053+0000][gc,task     ] GC(2) Using 10 workers of 10 for evacuation
[2025-05-20T23:12:59.080+0000][gc,phases   ] GC(2)   Pre Evacuate Collection Set: 0.3ms
[2025-05-20T23:12:59.080+0000][gc,phases   ] GC(2)   Merge Heap Roots: 0.1ms
[2025-05-20T23:12:59.081+0000][gc,phases   ] GC(2)   Evacuate Collection Set: 24.4ms
[2025-05-20T23:12:59.081+0000][gc,phases   ] GC(2)   Post Evacuate Collection Set: 1.3ms
[2025-05-20T23:12:59.081+0000][gc,phases   ] GC(2)   Other: 0.4ms
[2025-05-20T23:12:59.081+0000][gc,heap     ] GC(2) Eden regions: 56->0(182)
[2025-05-20T23:12:59.081+0000][gc,heap     ] GC(2) Survivor regions: 5->7(8)
[2025-05-20T23:12:59.082+0000][gc,heap     ] GC(2) Old regions: 14->14
[2025-05-20T23:12:59.082+0000][gc,heap     ] GC(2) Humongous regions: 130->130
[2025-05-20T23:12:59.082+0000][gc,metaspace] GC(2) Metaspace: 8167K(8448K)->8167K(8448K) NonClass: 7188K(7360K)->7188K(7360K) Class: 978K(1088K)->978K(1088K)
[2025-05-20T23:12:59.082+0000][gc          ] GC(2) Pause Young (Normal) (G1 Evacuation Pause) 203M->149M(1024M) 28.957ms
[2025-05-20T23:12:59.082+0000][gc,cpu      ] GC(2) User=0.01s Sys=0.03s Real=0.03s
[2025-05-20T23:13:06.895+0000][gc,start    ] GC(3) Pause Young (Normal) (G1 Evacuation Pause)
[2025-05-20T23:13:06.895+0000][gc,task     ] GC(3) Using 10 workers of 10 for evacuation
[2025-05-20T23:13:06.905+0000][gc,phases   ] GC(3)   Pre Evacuate Collection Set: 0.4ms
[2025-05-20T23:13:06.905+0000][gc,phases   ] GC(3)   Merge Heap Roots: 0.3ms
[2025-05-20T23:13:06.905+0000][gc,phases   ] GC(3)   Evacuate Collection Set: 7.7ms
[2025-05-20T23:13:06.906+0000][gc,phases   ] GC(3)   Post Evacuate Collection Set: 1.1ms
[2025-05-20T23:13:06.906+0000][gc,phases   ] GC(3)   Other: 0.3ms
[2025-05-20T23:13:06.906+0000][gc,heap     ] GC(3) Eden regions: 193->0(602)
[2025-05-20T23:13:06.906+0000][gc,heap     ] GC(3) Survivor regions: 7->12(25)
[2025-05-20T23:13:06.906+0000][gc,heap     ] GC(3) Old regions: 14->14
[2025-05-20T23:13:06.906+0000][gc,heap     ] GC(3) Humongous regions: 131->130
[2025-05-20T23:13:06.907+0000][gc,metaspace] GC(3) Metaspace: 11547K(11904K)->11547K(11904K) NonClass: 10065K(10240K)->10065K(10240K) Class: 1481K(1664K)->1481K(1664K)
[2025-05-20T23:13:06.907+0000][gc          ] GC(3) Pause Young (Normal) (G1 Evacuation Pause) 343M->155M(1024M) 12.174ms
[2025-05-20T23:13:06.907+0000][gc,cpu      ] GC(3) User=0.05s Sys=0.01s Real=0.01s
[2025-05-20T23:13:56.176+0000][gc,start    ] GC(4) Pause Young (Normal) (G1 Evacuation Pause)
[2025-05-20T23:13:56.177+0000][gc,task     ] GC(4) Using 10 workers of 10 for evacuation
[2025-05-20T23:13:56.185+0000][gc,phases   ] GC(4)   Pre Evacuate Collection Set: 0.6ms
[2025-05-20T23:13:56.185+0000][gc,phases   ] GC(4)   Merge Heap Roots: 0.2ms
[2025-05-20T23:13:56.186+0000][gc,phases   ] GC(4)   Evacuate Collection Set: 5.9ms
[2025-05-20T23:13:56.186+0000][gc,phases   ] GC(4)   Post Evacuate Collection Set: 1.2ms
[2025-05-20T23:13:56.186+0000][gc,phases   ] GC(4)   Other: 0.4ms
[2025-05-20T23:13:56.186+0000][gc,heap     ] GC(4) Eden regions: 602->0(605)
[2025-05-20T23:13:56.186+0000][gc,heap     ] GC(4) Survivor regions: 12->9(77)
[2025-05-20T23:13:56.186+0000][gc,heap     ] GC(4) Old regions: 14->14
[2025-05-20T23:13:56.186+0000][gc,heap     ] GC(4) Humongous regions: 131->130
[2025-05-20T23:13:56.187+0000][gc,metaspace] GC(4) Metaspace: 12488K(12864K)->12488K(12864K) NonClass: 10912K(11072K)->10912K(11072K) Class: 1576K(1792K)->1576K(1792K)
[2025-05-20T23:13:56.187+0000][gc          ] GC(4) Pause Young (Normal) (G1 Evacuation Pause) 758M->152M(1024M) 10.406ms
[2025-05-20T23:13:56.187+0000][gc,cpu      ] GC(4) User=0.04s Sys=0.01s Real=0.01s
[2025-05-20T23:14:36.290+0000][gc,start    ] GC(5) Pause Young (Normal) (G1 Evacuation Pause)
[2025-05-20T23:14:36.290+0000][gc,task     ] GC(5) Using 10 workers of 10 for evacuation
[2025-05-20T23:14:36.296+0000][gc,phases   ] GC(5)   Pre Evacuate Collection Set: 0.5ms
[2025-05-20T23:14:36.296+0000][gc,phases   ] GC(5)   Merge Heap Roots: 0.2ms
[2025-05-20T23:14:36.297+0000][gc,phases   ] GC(5)   Evacuate Collection Set: 3.9ms
[2025-05-20T23:14:36.297+0000][gc,phases   ] GC(5)   Post Evacuate Collection Set: 1.1ms
[2025-05-20T23:14:36.297+0000][gc,phases   ] GC(5)   Other: 0.4ms
[2025-05-20T23:14:36.297+0000][gc,heap     ] GC(5) Eden regions: 605->0(604)
[2025-05-20T23:14:36.297+0000][gc,heap     ] GC(5) Survivor regions: 9->10(77)
[2025-05-20T23:14:36.297+0000][gc,heap     ] GC(5) Old regions: 14->14
[2025-05-20T23:14:36.298+0000][gc,heap     ] GC(5) Humongous regions: 130->130
[2025-05-20T23:14:36.298+0000][gc,metaspace] GC(5) Metaspace: 12815K(13248K)->12815K(13248K) NonClass: 11234K(11456K)->11234K(11456K) Class: 1581K(1792K)->1581K(1792K)
[2025-05-20T23:14:36.298+0000][gc          ] GC(5) Pause Young (Normal) (G1 Evacuation Pause) 757M->153M(1024M) 8.075ms
[2025-05-20T23:14:36.298+0000][gc,cpu      ] GC(5) User=0.03s Sys=0.00s Real=0.00s
[2025-05-20T23:15:16.456+0000][gc,start    ] GC(6) Pause Young (Normal) (G1 Evacuation Pause)
[2025-05-20T23:15:16.457+0000][gc,task     ] GC(6) Using 10 workers of 10 for evacuation
[2025-05-20T23:15:16.462+0000][gc,phases   ] GC(6)   Pre Evacuate Collection Set: 0.3ms
[2025-05-20T23:15:16.462+0000][gc,phases   ] GC(6)   Merge Heap Roots: 0.2ms
[2025-05-20T23:15:16.462+0000][gc,phases   ] GC(6)   Evacuate Collection Set: 3.3ms
[2025-05-20T23:15:16.462+0000][gc,phases   ] GC(6)   Post Evacuate Collection Set: 1.2ms
[2025-05-20T23:15:16.462+0000][gc,phases   ] GC(6)   Other: 0.3ms
[2025-05-20T23:15:16.463+0000][gc,heap     ] GC(6) Eden regions: 604->0(603)
[2025-05-20T23:15:16.463+0000][gc,heap     ] GC(6) Survivor regions: 10->11(77)
[2025-05-20T23:15:16.463+0000][gc,heap     ] GC(6) Old regions: 14->14
[2025-05-20T23:15:16.463+0000][gc,heap     ] GC(6) Humongous regions: 130->130
[2025-05-20T23:15:16.463+0000][gc,metaspace] GC(6) Metaspace: 13049K(13440K)->13049K(13440K) NonClass: 11466K(11648K)->11466K(11648K) Class: 1582K(1792K)->1582K(1792K)
[2025-05-20T23:15:16.463+0000][gc          ] GC(6) Pause Young (Normal) (G1 Evacuation Pause) 757M->154M(1024M) 7.142ms
[2025-05-20T23:15:16.464+0000][gc,cpu      ] GC(6) User=0.03s Sys=0.00s Real=0.01s
[2025-05-20T23:15:56.607+0000][gc,start    ] GC(7) Pause Young (Normal) (G1 Evacuation Pause)
[2025-05-20T23:15:56.607+0000][gc,task     ] GC(7) Using 10 workers of 10 for evacuation
[2025-05-20T23:15:56.614+0000][gc,phases   ] GC(7)   Pre Evacuate Collection Set: 0.3ms
[2025-05-20T23:15:56.615+0000][gc,phases   ] GC(7)   Merge Heap Roots: 0.2ms
[2025-05-20T23:15:56.615+0000][gc,phases   ] GC(7)   Evacuate Collection Set: 5.2ms
[2025-05-20T23:15:56.615+0000][gc,phases   ] GC(7)   Post Evacuate Collection Set: 1.2ms
[2025-05-20T23:15:56.615+0000][gc,phases   ] GC(7)   Other: 0.3ms
[2025-05-20T23:15:56.615+0000][gc,heap     ] GC(7) Eden regions: 603->0(601)
[2025-05-20T23:15:56.615+0000][gc,heap     ] GC(7) Survivor regions: 11->13(77)
[2025-05-20T23:15:56.616+0000][gc,heap     ] GC(7) Old regions: 14->14
[2025-05-20T23:15:56.616+0000][gc,heap     ] GC(7) Humongous regions: 130->130
[2025-05-20T23:15:56.616+0000][gc,metaspace] GC(7) Metaspace: 13177K(13568K)->13177K(13568K) NonClass: 11587K(11776K)->11587K(11776K) Class: 1589K(1792K)->1589K(1792K)
[2025-05-20T23:15:56.616+0000][gc          ] GC(7) Pause Young (Normal) (G1 Evacuation Pause) 757M->156M(1024M) 9.199ms
[2025-05-20T23:15:56.616+0000][gc,cpu      ] GC(7) User=0.04s Sys=0.00s Real=0.00s
[2025-05-20T23:16:46.232+0000][gc,start    ] GC(8) Pause Young (Normal) (G1 Evacuation Pause)
[2025-05-20T23:16:46.233+0000][gc,task     ] GC(8) Using 10 workers of 10 for evacuation
[2025-05-20T23:16:46.237+0000][gc,phases   ] GC(8)   Pre Evacuate Collection Set: 0.3ms
[2025-05-20T23:16:46.238+0000][gc,phases   ] GC(8)   Merge Heap Roots: 0.3ms
[2025-05-20T23:16:46.238+0000][gc,phases   ] GC(8)   Evacuate Collection Set: 2.7ms
[2025-05-20T23:16:46.238+0000][gc,phases   ] GC(8)   Post Evacuate Collection Set: 1.0ms
[2025-05-20T23:16:46.238+0000][gc,phases   ] GC(8)   Other: 0.3ms
[2025-05-20T23:16:46.238+0000][gc,heap     ] GC(8) Eden regions: 601->0(604)
[2025-05-20T23:16:46.238+0000][gc,heap     ] GC(8) Survivor regions: 13->10(77)
[2025-05-20T23:16:46.238+0000][gc,heap     ] GC(8) Old regions: 14->14
[2025-05-20T23:16:46.238+0000][gc,heap     ] GC(8) Humongous regions: 130->130
[2025-05-20T23:16:46.238+0000][gc,metaspace] GC(8) Metaspace: 13252K(13632K)->13252K(13632K) NonClass: 11661K(11840K)->11661K(11840K) Class: 1590K(1792K)->1590K(1792K)
[2025-05-20T23:16:46.239+0000][gc          ] GC(8) Pause Young (Normal) (G1 Evacuation Pause) 757M->153M(1024M) 6.420ms
[2025-05-20T23:16:46.239+0000][gc,cpu      ] GC(8) User=0.00s Sys=0.02s Real=0.01s
[2025-05-20T23:17:26.392+0000][gc,start    ] GC(9) Pause Young (Normal) (G1 Evacuation Pause)
[2025-05-20T23:17:26.393+0000][gc,task     ] GC(9) Using 10 workers of 10 for evacuation
[2025-05-20T23:17:26.398+0000][gc,phases   ] GC(9)   Pre Evacuate Collection Set: 0.4ms
[2025-05-20T23:17:26.399+0000][gc,phases   ] GC(9)   Merge Heap Roots: 0.3ms
[2025-05-20T23:17:26.399+0000][gc,phases   ] GC(9)   Evacuate Collection Set: 3.1ms
[2025-05-20T23:17:26.399+0000][gc,phases   ] GC(9)   Post Evacuate Collection Set: 1.1ms
[2025-05-20T23:17:26.399+0000][gc,phases   ] GC(9)   Other: 0.4ms
[2025-05-20T23:17:26.399+0000][gc,heap     ] GC(9) Eden regions: 604->0(603)
[2025-05-20T23:17:26.399+0000][gc,heap     ] GC(9) Survivor regions: 10->11(77)
[2025-05-20T23:17:26.399+0000][gc,heap     ] GC(9) Old regions: 14->14
[2025-05-20T23:17:26.399+0000][gc,heap     ] GC(9) Humongous regions: 130->130
[2025-05-20T23:17:26.399+0000][gc,metaspace] GC(9) Metaspace: 13368K(13760K)->13368K(13760K) NonClass: 11776K(11968K)->11776K(11968K) Class: 1591K(1792K)->1591K(1792K)
[2025-05-20T23:17:26.400+0000][gc          ] GC(9) Pause Young (Normal) (G1 Evacuation Pause) 757M->154M(1024M) 7.175ms
[2025-05-20T23:17:26.400+0000][gc,cpu      ] GC(9) User=0.03s Sys=0.01s Real=0.01s
[2025-05-20T23:18:06.541+0000][gc,start    ] GC(10) Pause Young (Normal) (G1 Evacuation Pause)
[2025-05-20T23:18:06.541+0000][gc,task     ] GC(10) Using 10 workers of 10 for evacuation
[2025-05-20T23:18:06.547+0000][gc,phases   ] GC(10)   Pre Evacuate Collection Set: 0.5ms
[2025-05-20T23:18:06.547+0000][gc,phases   ] GC(10)   Merge Heap Roots: 0.3ms
[2025-05-20T23:18:06.548+0000][gc,phases   ] GC(10)   Evacuate Collection Set: 3.9ms
[2025-05-20T23:18:06.548+0000][gc,phases   ] GC(10)   Post Evacuate Collection Set: 1.1ms
[2025-05-20T23:18:06.548+0000][gc,phases   ] GC(10)   Other: 0.4ms
[2025-05-20T23:18:06.548+0000][gc,heap     ] GC(10) Eden regions: 603->0(601)
[2025-05-20T23:18:06.548+0000][gc,heap     ] GC(10) Survivor regions: 11->13(77)
[2025-05-20T23:18:06.548+0000][gc,heap     ] GC(10) Old regions: 14->14
[2025-05-20T23:18:06.548+0000][gc,heap     ] GC(10) Humongous regions: 136->130
[2025-05-20T23:18:06.549+0000][gc,metaspace] GC(10) Metaspace: 14200K(14656K)->14200K(14656K) NonClass: 12458K(12672K)->12458K(12672K) Class: 1741K(1984K)->1741K(1984K)
[2025-05-20T23:18:06.549+0000][gc          ] GC(10) Pause Young (Normal) (G1 Evacuation Pause) 763M->155M(1024M) 8.185ms
[2025-05-20T23:18:06.549+0000][gc,cpu      ] GC(10) User=0.03s Sys=0.01s Real=0.00s
[2025-05-20T23:18:46.583+0000][gc,start    ] GC(11) Pause Young (Normal) (G1 Evacuation Pause)
[2025-05-20T23:18:46.583+0000][gc,task     ] GC(11) Using 10 workers of 10 for evacuation
[2025-05-20T23:18:46.592+0000][gc,phases   ] GC(11)   Pre Evacuate Collection Set: 0.6ms
[2025-05-20T23:18:46.592+0000][gc,phases   ] GC(11)   Merge Heap Roots: 0.3ms
[2025-05-20T23:18:46.592+0000][gc,phases   ] GC(11)   Evacuate Collection Set: 5.8ms
[2025-05-20T23:18:46.592+0000][gc,phases   ] GC(11)   Post Evacuate Collection Set: 1.5ms
[2025-05-20T23:18:46.592+0000][gc,phases   ] GC(11)   Other: 0.4ms
[2025-05-20T23:18:46.593+0000][gc,heap     ] GC(11) Eden regions: 601->0(599)
[2025-05-20T23:18:46.593+0000][gc,heap     ] GC(11) Survivor regions: 13->15(77)
[2025-05-20T23:18:46.593+0000][gc,heap     ] GC(11) Old regions: 14->14
[2025-05-20T23:18:46.593+0000][gc,heap     ] GC(11) Humongous regions: 130->130
[2025-05-20T23:18:46.593+0000][gc,metaspace] GC(11) Metaspace: 14440K(14912K)->14440K(14912K) NonClass: 12698K(12928K)->12698K(12928K) Class: 1742K(1984K)->1742K(1984K)
[2025-05-20T23:18:46.593+0000][gc          ] GC(11) Pause Young (Normal) (G1 Evacuation Pause) 756M->158M(1024M) 10.676ms
[2025-05-20T23:18:46.594+0000][gc,cpu      ] GC(11) User=0.01s Sys=0.05s Real=0.01s
[2025-05-20T23:19:36.134+0000][gc,start    ] GC(12) Pause Young (Normal) (G1 Evacuation Pause)
[2025-05-20T23:19:36.134+0000][gc,task     ] GC(12) Using 10 workers of 10 for evacuation
[2025-05-20T23:19:36.140+0000][gc,phases   ] GC(12)   Pre Evacuate Collection Set: 0.3ms
[2025-05-20T23:19:36.140+0000][gc,phases   ] GC(12)   Merge Heap Roots: 0.2ms
[2025-05-20T23:19:36.140+0000][gc,phases   ] GC(12)   Evacuate Collection Set: 3.9ms
[2025-05-20T23:19:36.140+0000][gc,phases   ] GC(12)   Post Evacuate Collection Set: 1.2ms
[2025-05-20T23:19:36.141+0000][gc,phases   ] GC(12)   Other: 0.3ms
[2025-05-20T23:19:36.141+0000][gc,heap     ] GC(12) Eden regions: 599->0(602)
[2025-05-20T23:19:36.141+0000][gc,heap     ] GC(12) Survivor regions: 15->12(77)
[2025-05-20T23:19:36.141+0000][gc,heap     ] GC(12) Old regions: 14->14
[2025-05-20T23:19:36.141+0000][gc,heap     ] GC(12) Humongous regions: 130->130
[2025-05-20T23:19:36.141+0000][gc,metaspace] GC(12) Metaspace: 14775K(15232K)->14775K(15232K) NonClass: 13033K(13248K)->13033K(13248K) Class: 1742K(1984K)->1742K(1984K)
[2025-05-20T23:19:36.141+0000][gc          ] GC(12) Pause Young (Normal) (G1 Evacuation Pause) 757M->155M(1024M) 7.773ms
[2025-05-20T23:19:36.142+0000][gc,cpu      ] GC(12) User=0.04s Sys=0.00s Real=0.01s
[2025-05-20T23:20:16.196+0000][gc,start    ] GC(13) Pause Young (Normal) (G1 Evacuation Pause)
[2025-05-20T23:20:16.196+0000][gc,task     ] GC(13) Using 10 workers of 10 for evacuation
[2025-05-20T23:20:16.203+0000][gc,phases   ] GC(13)   Pre Evacuate Collection Set: 0.3ms
[2025-05-20T23:20:16.203+0000][gc,phases   ] GC(13)   Merge Heap Roots: 0.2ms
[2025-05-20T23:20:16.203+0000][gc,phases   ] GC(13)   Evacuate Collection Set: 4.4ms
[2025-05-20T23:20:16.203+0000][gc,phases   ] GC(13)   Post Evacuate Collection Set: 1.2ms
[2025-05-20T23:20:16.203+0000][gc,phases   ] GC(13)   Other: 0.3ms
[2025-05-20T23:20:16.204+0000][gc,heap     ] GC(13) Eden regions: 602->0(600)
[2025-05-20T23:20:16.204+0000][gc,heap     ] GC(13) Survivor regions: 12->14(77)
[2025-05-20T23:20:16.204+0000][gc,heap     ] GC(13) Old regions: 14->14
[2025-05-20T23:20:16.204+0000][gc,heap     ] GC(13) Humongous regions: 130->130
[2025-05-20T23:20:16.204+0000][gc,metaspace] GC(13) Metaspace: 14864K(15296K)->14864K(15296K) NonClass: 13118K(13312K)->13118K(13312K) Class: 1746K(1984K)->1746K(1984K)
[2025-05-20T23:20:16.204+0000][gc          ] GC(13) Pause Young (Normal) (G1 Evacuation Pause) 757M->157M(1024M) 8.318ms
[2025-05-20T23:20:16.205+0000][gc,cpu      ] GC(13) User=0.03s Sys=0.01s Real=0.00s
[2025-05-20T23:20:56.215+0000][gc,start    ] GC(14) Pause Young (Normal) (G1 Evacuation Pause)
[2025-05-20T23:20:56.216+0000][gc,task     ] GC(14) Using 10 workers of 10 for evacuation
[2025-05-20T23:20:56.222+0000][gc,phases   ] GC(14)   Pre Evacuate Collection Set: 0.4ms
[2025-05-20T23:20:56.222+0000][gc,phases   ] GC(14)   Merge Heap Roots: 0.2ms
[2025-05-20T23:20:56.222+0000][gc,phases   ] GC(14)   Evacuate Collection Set: 3.7ms
[2025-05-20T23:20:56.222+0000][gc,phases   ] GC(14)   Post Evacuate Collection Set: 1.2ms
[2025-05-20T23:20:56.222+0000][gc,phases   ] GC(14)   Other: 0.4ms
[2025-05-20T23:20:56.222+0000][gc,heap     ] GC(14) Eden regions: 600->0(602)
[2025-05-20T23:20:56.222+0000][gc,heap     ] GC(14) Survivor regions: 14->12(77)
[2025-05-20T23:20:56.223+0000][gc,heap     ] GC(14) Old regions: 14->14
[2025-05-20T23:20:56.223+0000][gc,heap     ] GC(14) Humongous regions: 130->130
[2025-05-20T23:20:56.223+0000][gc,metaspace] GC(14) Metaspace: 14922K(15360K)->14922K(15360K) NonClass: 13173K(13376K)->13173K(13376K) Class: 1748K(1984K)->1748K(1984K)
[2025-05-20T23:20:56.223+0000][gc          ] GC(14) Pause Young (Normal) (G1 Evacuation Pause) 757M->155M(1024M) 7.927ms
[2025-05-20T23:20:56.223+0000][gc,cpu      ] GC(14) User=0.03s Sys=0.00s Real=0.00s
[2025-05-20T23:21:36.259+0000][gc,start    ] GC(15) Pause Young (Normal) (G1 Evacuation Pause)
[2025-05-20T23:21:36.259+0000][gc,task     ] GC(15) Using 10 workers of 10 for evacuation
[2025-05-20T23:21:36.265+0000][gc,phases   ] GC(15)   Pre Evacuate Collection Set: 0.4ms
[2025-05-20T23:21:36.265+0000][gc,phases   ] GC(15)   Merge Heap Roots: 0.2ms
[2025-05-20T23:21:36.265+0000][gc,phases   ] GC(15)   Evacuate Collection Set: 3.8ms
[2025-05-20T23:21:36.266+0000][gc,phases   ] GC(15)   Post Evacuate Collection Set: 1.2ms
[2025-05-20T23:21:36.266+0000][gc,phases   ] GC(15)   Other: 0.3ms
[2025-05-20T23:21:36.266+0000][gc,heap     ] GC(15) Eden regions: 602->0(601)
[2025-05-20T23:21:36.266+0000][gc,heap     ] GC(15) Survivor regions: 12->13(77)
[2025-05-20T23:21:36.266+0000][gc,heap     ] GC(15) Old regions: 14->14
[2025-05-20T23:21:36.266+0000][gc,heap     ] GC(15) Humongous regions: 130->130
[2025-05-20T23:21:36.267+0000][gc,metaspace] GC(15) Metaspace: 14945K(15360K)->14945K(15360K) NonClass: 13197K(13376K)->13197K(13376K) Class: 1748K(1984K)->1748K(1984K)
[2025-05-20T23:21:36.267+0000][gc          ] GC(15) Pause Young (Normal) (G1 Evacuation Pause) 757M->156M(1024M) 8.141ms
[2025-05-20T23:21:36.267+0000][gc,cpu      ] GC(15) User=0.04s Sys=0.00s Real=0.01s
[2025-05-20T23:22:16.304+0000][gc,start    ] GC(16) Pause Young (Normal) (G1 Evacuation Pause)
[2025-05-20T23:22:16.304+0000][gc,task     ] GC(16) Using 10 workers of 10 for evacuation
[2025-05-20T23:22:16.311+0000][gc,phases   ] GC(16)   Pre Evacuate Collection Set: 0.4ms
[2025-05-20T23:22:16.312+0000][gc,phases   ] GC(16)   Merge Heap Roots: 0.2ms
[2025-05-20T23:22:16.312+0000][gc,phases   ] GC(16)   Evacuate Collection Set: 4.5ms
[2025-05-20T23:22:16.312+0000][gc,phases   ] GC(16)   Post Evacuate Collection Set: 1.5ms
[2025-05-20T23:22:16.312+0000][gc,phases   ] GC(16)   Other: 0.4ms
[2025-05-20T23:22:16.312+0000][gc,heap     ] GC(16) Eden regions: 601->0(603)
[2025-05-20T23:22:16.313+0000][gc,heap     ] GC(16) Survivor regions: 13->11(77)
[2025-05-20T23:22:16.313+0000][gc,heap     ] GC(16) Old regions: 14->17
[2025-05-20T23:22:16.313+0000][gc,heap     ] GC(16) Humongous regions: 130->130
[2025-05-20T23:22:16.313+0000][gc,metaspace] GC(16) Metaspace: 14973K(15360K)->14973K(15360K) NonClass: 13224K(13376K)->13224K(13376K) Class: 1748K(1984K)->1748K(1984K)
[2025-05-20T23:22:16.314+0000][gc          ] GC(16) Pause Young (Normal) (G1 Evacuation Pause) 757M->157M(1024M) 9.472ms
[2025-05-20T23:22:16.314+0000][gc,cpu      ] GC(16) User=0.04s Sys=0.00s Real=0.01s
[2025-05-20T23:22:56.338+0000][gc,start    ] GC(17) Pause Young (Normal) (G1 Evacuation Pause)
[2025-05-20T23:22:56.339+0000][gc,task     ] GC(17) Using 10 workers of 10 for evacuation
[2025-05-20T23:22:56.344+0000][gc,phases   ] GC(17)   Pre Evacuate Collection Set: 0.3ms
[2025-05-20T23:22:56.345+0000][gc,phases   ] GC(17)   Merge Heap Roots: 0.2ms
[2025-05-20T23:22:56.345+0000][gc,phases   ] GC(17)   Evacuate Collection Set: 3.8ms
[2025-05-20T23:22:56.345+0000][gc,phases   ] GC(17)   Post Evacuate Collection Set: 1.3ms
[2025-05-20T23:22:56.345+0000][gc,phases   ] GC(17)   Other: 0.3ms
[2025-05-20T23:22:56.345+0000][gc,heap     ] GC(17) Eden regions: 603->0(603)
[2025-05-20T23:22:56.345+0000][gc,heap     ] GC(17) Survivor regions: 11->11(77)
[2025-05-20T23:22:56.345+0000][gc,heap     ] GC(17) Old regions: 17->18
[2025-05-20T23:22:56.346+0000][gc,heap     ] GC(17) Humongous regions: 130->130
[2025-05-20T23:22:56.346+0000][gc,metaspace] GC(17) Metaspace: 14983K(15424K)->14983K(15424K) NonClass: 13235K(13440K)->13235K(13440K) Class: 1748K(1984K)->1748K(1984K)
[2025-05-20T23:22:56.346+0000][gc          ] GC(17) Pause Young (Normal) (G1 Evacuation Pause) 760M->158M(1024M) 7.494ms
[2025-05-20T23:22:56.346+0000][gc,cpu      ] GC(17) User=0.03s Sys=0.00s Real=0.00s
[2025-05-20T23:23:36.366+0000][gc,start    ] GC(18) Pause Young (Normal) (G1 Evacuation Pause)
[2025-05-20T23:23:36.367+0000][gc,task     ] GC(18) Using 10 workers of 10 for evacuation
[2025-05-20T23:23:36.373+0000][gc,phases   ] GC(18)   Pre Evacuate Collection Set: 0.3ms
[2025-05-20T23:23:36.374+0000][gc,phases   ] GC(18)   Merge Heap Roots: 0.2ms
[2025-05-20T23:23:36.374+0000][gc,phases   ] GC(18)   Evacuate Collection Set: 4.6ms
[2025-05-20T23:23:36.374+0000][gc,phases   ] GC(18)   Post Evacuate Collection Set: 1.3ms
[2025-05-20T23:23:36.374+0000][gc,phases   ] GC(18)   Other: 0.4ms
[2025-05-20T23:23:36.374+0000][gc,heap     ] GC(18) Eden regions: 603->0(608)
[2025-05-20T23:23:36.374+0000][gc,heap     ] GC(18) Survivor regions: 11->6(77)
[2025-05-20T23:23:36.374+0000][gc,heap     ] GC(18) Old regions: 18->22
[2025-05-20T23:23:36.375+0000][gc,heap     ] GC(18) Humongous regions: 130->130
[2025-05-20T23:23:36.375+0000][gc,metaspace] GC(18) Metaspace: 15103K(15552K)->15103K(15552K) NonClass: 13339K(13568K)->13339K(13568K) Class: 1764K(1984K)->1764K(1984K)
[2025-05-20T23:23:36.375+0000][gc          ] GC(18) Pause Young (Normal) (G1 Evacuation Pause) 761M->156M(1024M) 8.674ms
[2025-05-20T23:23:36.375+0000][gc,cpu      ] GC(18) User=0.04s Sys=0.00s Real=0.00s
[2025-05-20T23:24:16.387+0000][gc,start    ] GC(19) Pause Young (Normal) (G1 Evacuation Pause)
[2025-05-20T23:24:16.388+0000][gc,task     ] GC(19) Using 10 workers of 10 for evacuation
[2025-05-20T23:24:16.392+0000][gc,phases   ] GC(19)   Pre Evacuate Collection Set: 0.3ms
[2025-05-20T23:24:16.392+0000][gc,phases   ] GC(19)   Merge Heap Roots: 0.2ms
[2025-05-20T23:24:16.392+0000][gc,phases   ] GC(19)   Evacuate Collection Set: 2.2ms
[2025-05-20T23:24:16.393+0000][gc,phases   ] GC(19)   Post Evacuate Collection Set: 1.1ms
[2025-05-20T23:24:16.393+0000][gc,phases   ] GC(19)   Other: 0.4ms
[2025-05-20T23:24:16.393+0000][gc,heap     ] GC(19) Eden regions: 608->0(608)
[2025-05-20T23:24:16.393+0000][gc,heap     ] GC(19) Survivor regions: 6->6(77)
[2025-05-20T23:24:16.393+0000][gc,heap     ] GC(19) Old regions: 22->22
[2025-05-20T23:24:16.393+0000][gc,heap     ] GC(19) Humongous regions: 130->130
[2025-05-20T23:24:16.393+0000][gc,metaspace] GC(19) Metaspace: 15110K(15552K)->15110K(15552K) NonClass: 13346K(13568K)->13346K(13568K) Class: 1764K(1984K)->1764K(1984K)
[2025-05-20T23:24:16.394+0000][gc          ] GC(19) Pause Young (Normal) (G1 Evacuation Pause) 764M->157M(1024M) 6.252ms
[2025-05-20T23:24:16.394+0000][gc,cpu      ] GC(19) User=0.02s Sys=0.00s Real=0.00s
[2025-05-20T23:24:56.465+0000][gc,start    ] GC(20) Pause Young (Normal) (G1 Evacuation Pause)
[2025-05-20T23:24:56.466+0000][gc,task     ] GC(20) Using 10 workers of 10 for evacuation
[2025-05-20T23:24:56.471+0000][gc,phases   ] GC(20)   Pre Evacuate Collection Set: 0.4ms
[2025-05-20T23:24:56.471+0000][gc,phases   ] GC(20)   Merge Heap Roots: 0.4ms
[2025-05-20T23:24:56.471+0000][gc,phases   ] GC(20)   Evacuate Collection Set: 2.7ms
[2025-05-20T23:24:56.471+0000][gc,phases   ] GC(20)   Post Evacuate Collection Set: 1.1ms
[2025-05-20T23:24:56.472+0000][gc,phases   ] GC(20)   Other: 0.4ms
[2025-05-20T23:24:56.472+0000][gc,heap     ] GC(20) Eden regions: 608->0(606)
[2025-05-20T23:24:56.472+0000][gc,heap     ] GC(20) Survivor regions: 6->8(77)
[2025-05-20T23:24:56.472+0000][gc,heap     ] GC(20) Old regions: 22->23
[2025-05-20T23:24:56.472+0000][gc,heap     ] GC(20) Humongous regions: 130->130
[2025-05-20T23:24:56.472+0000][gc,metaspace] GC(20) Metaspace: 15122K(15552K)->15122K(15552K) NonClass: 13358K(13568K)->13358K(13568K) Class: 1764K(1984K)->1764K(1984K)
[2025-05-20T23:24:56.472+0000][gc          ] GC(20) Pause Young (Normal) (G1 Evacuation Pause) 765M->159M(1024M) 6.893ms
[2025-05-20T23:24:56.473+0000][gc,cpu      ] GC(20) User=0.02s Sys=0.01s Real=0.00s
[2025-05-20T23:25:36.497+0000][gc,start    ] GC(21) Pause Young (Normal) (G1 Evacuation Pause)
[2025-05-20T23:25:36.497+0000][gc,task     ] GC(21) Using 10 workers of 10 for evacuation
[2025-05-20T23:25:36.503+0000][gc,phases   ] GC(21)   Pre Evacuate Collection Set: 0.4ms
[2025-05-20T23:25:36.503+0000][gc,phases   ] GC(21)   Merge Heap Roots: 0.3ms
[2025-05-20T23:25:36.504+0000][gc,phases   ] GC(21)   Evacuate Collection Set: 3.5ms
[2025-05-20T23:25:36.504+0000][gc,phases   ] GC(21)   Post Evacuate Collection Set: 1.1ms
[2025-05-20T23:25:36.504+0000][gc,phases   ] GC(21)   Other: 0.4ms
[2025-05-20T23:25:36.504+0000][gc,heap     ] GC(21) Eden regions: 606->0(605)
[2025-05-20T23:25:36.504+0000][gc,heap     ] GC(21) Survivor regions: 8->9(77)
[2025-05-20T23:25:36.504+0000][gc,heap     ] GC(21) Old regions: 23->23
[2025-05-20T23:25:36.504+0000][gc,heap     ] GC(21) Humongous regions: 130->130
[2025-05-20T23:25:36.505+0000][gc,metaspace] GC(21) Metaspace: 15140K(15552K)->15140K(15552K) NonClass: 13375K(13568K)->13375K(13568K) Class: 1764K(1984K)->1764K(1984K)
[2025-05-20T23:25:36.505+0000][gc          ] GC(21) Pause Young (Normal) (G1 Evacuation Pause) 765M->160M(1024M) 7.727ms
[2025-05-20T23:25:36.505+0000][gc,cpu      ] GC(21) User=0.04s Sys=0.00s Real=0.01s
[2025-05-20T23:26:16.542+0000][gc,start    ] GC(22) Pause Young (Normal) (G1 Evacuation Pause)
[2025-05-20T23:26:16.542+0000][gc,task     ] GC(22) Using 10 workers of 10 for evacuation
[2025-05-20T23:26:16.547+0000][gc,phases   ] GC(22)   Pre Evacuate Collection Set: 0.3ms
[2025-05-20T23:26:16.547+0000][gc,phases   ] GC(22)   Merge Heap Roots: 0.2ms
[2025-05-20T23:26:16.548+0000][gc,phases   ] GC(22)   Evacuate Collection Set: 2.9ms
[2025-05-20T23:26:16.548+0000][gc,phases   ] GC(22)   Post Evacuate Collection Set: 1.1ms
[2025-05-20T23:26:16.548+0000][gc,phases   ] GC(22)   Other: 0.3ms
[2025-05-20T23:26:16.548+0000][gc,heap     ] GC(22) Eden regions: 605->0(604)
[2025-05-20T23:26:16.548+0000][gc,heap     ] GC(22) Survivor regions: 9->10(77)
[2025-05-20T23:26:16.548+0000][gc,heap     ] GC(22) Old regions: 23->23
[2025-05-20T23:26:16.548+0000][gc,heap     ] GC(22) Humongous regions: 130->130
[2025-05-20T23:26:16.548+0000][gc,metaspace] GC(22) Metaspace: 15156K(15616K)->15156K(15616K) NonClass: 13391K(13632K)->13391K(13632K) Class: 1764K(1984K)->1764K(1984K)
[2025-05-20T23:26:16.549+0000][gc          ] GC(22) Pause Young (Normal) (G1 Evacuation Pause) 765M->161M(1024M) 6.644ms
[2025-05-20T23:26:16.549+0000][gc,cpu      ] GC(22) User=0.03s Sys=0.00s Real=0.00s
[2025-05-20T23:26:56.578+0000][gc,start    ] GC(23) Pause Young (Normal) (G1 Evacuation Pause)
[2025-05-20T23:26:56.578+0000][gc,task     ] GC(23) Using 10 workers of 10 for evacuation
[2025-05-20T23:26:56.583+0000][gc,phases   ] GC(23)   Pre Evacuate Collection Set: 0.4ms
[2025-05-20T23:26:56.583+0000][gc,phases   ] GC(23)   Merge Heap Roots: 0.3ms
[2025-05-20T23:26:56.584+0000][gc,phases   ] GC(23)   Evacuate Collection Set: 2.5ms
[2025-05-20T23:26:56.584+0000][gc,phases   ] GC(23)   Post Evacuate Collection Set: 1.2ms
[2025-05-20T23:26:56.584+0000][gc,phases   ] GC(23)   Other: 0.4ms
[2025-05-20T23:26:56.584+0000][gc,heap     ] GC(23) Eden regions: 604->0(606)
[2025-05-20T23:26:56.585+0000][gc,heap     ] GC(23) Survivor regions: 10->8(77)
[2025-05-20T23:26:56.585+0000][gc,heap     ] GC(23) Old regions: 23->23
[2025-05-20T23:26:56.585+0000][gc,heap     ] GC(23) Humongous regions: 130->130
[2025-05-20T23:26:56.585+0000][gc,metaspace] GC(23) Metaspace: 15182K(15616K)->15182K(15616K) NonClass: 13417K(13632K)->13417K(13632K) Class: 1764K(1984K)->1764K(1984K)
[2025-05-20T23:26:56.585+0000][gc          ] GC(23) Pause Young (Normal) (G1 Evacuation Pause) 765M->159M(1024M) 7.447ms
[2025-05-20T23:26:56.585+0000][gc,cpu      ] GC(23) User=0.02s Sys=0.00s Real=0.01s
[2025-05-20T23:27:40.189+0000][gc,start    ] GC(24) Pause Young (Normal) (G1 Evacuation Pause)
[2025-05-20T23:27:40.189+0000][gc,task     ] GC(24) Using 10 workers of 10 for evacuation
[2025-05-20T23:27:40.193+0000][gc,phases   ] GC(24)   Pre Evacuate Collection Set: 0.4ms
[2025-05-20T23:27:40.194+0000][gc,phases   ] GC(24)   Merge Heap Roots: 0.2ms
[2025-05-20T23:27:40.194+0000][gc,phases   ] GC(24)   Evacuate Collection Set: 2.0ms
[2025-05-20T23:27:40.194+0000][gc,phases   ] GC(24)   Post Evacuate Collection Set: 1.2ms
[2025-05-20T23:27:40.194+0000][gc,phases   ] GC(24)   Other: 0.3ms
[2025-05-20T23:27:40.194+0000][gc,heap     ] GC(24) Eden regions: 606->0(609)
[2025-05-20T23:27:40.195+0000][gc,heap     ] GC(24) Survivor regions: 8->5(77)
[2025-05-20T23:27:40.196+0000][gc,heap     ] GC(24) Old regions: 23->23
[2025-05-20T23:27:40.196+0000][gc,heap     ] GC(24) Humongous regions: 130->130
[2025-05-20T23:27:40.196+0000][gc,metaspace] GC(24) Metaspace: 15213K(15616K)->15213K(15616K) NonClass: 13448K(13632K)->13448K(13632K) Class: 1764K(1984K)->1764K(1984K)
[2025-05-20T23:27:40.196+0000][gc          ] GC(24) Pause Young (Normal) (G1 Evacuation Pause) 765M->157M(1024M) 7.671ms
[2025-05-20T23:27:40.197+0000][gc,cpu      ] GC(24) User=0.02s Sys=0.00s Real=0.01s
[2025-05-20T23:28:26.118+0000][gc,start    ] GC(25) Pause Young (Normal) (G1 Evacuation Pause)
[2025-05-20T23:28:26.119+0000][gc,task     ] GC(25) Using 10 workers of 10 for evacuation
[2025-05-20T23:28:26.123+0000][gc,phases   ] GC(25)   Pre Evacuate Collection Set: 0.3ms
[2025-05-20T23:28:26.123+0000][gc,phases   ] GC(25)   Merge Heap Roots: 0.3ms
[2025-05-20T23:28:26.123+0000][gc,phases   ] GC(25)   Evacuate Collection Set: 2.4ms
[2025-05-20T23:28:26.124+0000][gc,phases   ] GC(25)   Post Evacuate Collection Set: 1.0ms
[2025-05-20T23:28:26.124+0000][gc,phases   ] GC(25)   Other: 0.3ms
[2025-05-20T23:28:26.124+0000][gc,heap     ] GC(25) Eden regions: 609->0(608)
[2025-05-20T23:28:26.124+0000][gc,heap     ] GC(25) Survivor regions: 5->6(77)
[2025-05-20T23:28:26.124+0000][gc,heap     ] GC(25) Old regions: 23->23
[2025-05-20T23:28:26.124+0000][gc,heap     ] GC(25) Humongous regions: 130->130
[2025-05-20T23:28:26.124+0000][gc,metaspace] GC(25) Metaspace: 15221K(15616K)->15221K(15616K) NonClass: 13456K(13632K)->13456K(13632K) Class: 1764K(1984K)->1764K(1984K)
[2025-05-20T23:28:26.125+0000][gc          ] GC(25) Pause Young (Normal) (G1 Evacuation Pause) 766M->158M(1024M) 6.346ms
[2025-05-20T23:28:26.125+0000][gc,cpu      ] GC(25) User=0.02s Sys=0.00s Real=0.01s
[2025-05-20T23:29:06.156+0000][gc,start    ] GC(26) Pause Young (Normal) (G1 Evacuation Pause)
[2025-05-20T23:29:06.157+0000][gc,task     ] GC(26) Using 10 workers of 10 for evacuation
[2025-05-20T23:29:06.161+0000][gc,phases   ] GC(26)   Pre Evacuate Collection Set: 0.4ms
[2025-05-20T23:29:06.161+0000][gc,phases   ] GC(26)   Merge Heap Roots: 0.3ms
[2025-05-20T23:29:06.161+0000][gc,phases   ] GC(26)   Evacuate Collection Set: 2.0ms
[2025-05-20T23:29:06.161+0000][gc,phases   ] GC(26)   Post Evacuate Collection Set: 0.9ms
[2025-05-20T23:29:06.161+0000][gc,phases   ] GC(26)   Other: 0.4ms
[2025-05-20T23:29:06.161+0000][gc,heap     ] GC(26) Eden regions: 608->0(607)
[2025-05-20T23:29:06.162+0000][gc,heap     ] GC(26) Survivor regions: 6->7(77)
[2025-05-20T23:29:06.162+0000][gc,heap     ] GC(26) Old regions: 23->23
[2025-05-20T23:29:06.162+0000][gc,heap     ] GC(26) Humongous regions: 130->130
[2025-05-20T23:29:06.162+0000][gc,metaspace] GC(26) Metaspace: 15245K(15616K)->15245K(15616K) NonClass: 13480K(13632K)->13480K(13632K) Class: 1764K(1984K)->1764K(1984K)
[2025-05-20T23:29:06.162+0000][gc          ] GC(26) Pause Young (Normal) (G1 Evacuation Pause) 766M->159M(1024M) 6.001ms
[2025-05-20T23:29:06.162+0000][gc,cpu      ] GC(26) User=0.02s Sys=0.00s Real=0.01s
[2025-05-20T23:29:46.197+0000][gc,start    ] GC(27) Pause Young (Normal) (G1 Evacuation Pause)
[2025-05-20T23:29:46.198+0000][gc,task     ] GC(27) Using 10 workers of 10 for evacuation
[2025-05-20T23:29:46.202+0000][gc,phases   ] GC(27)   Pre Evacuate Collection Set: 0.5ms
[2025-05-20T23:29:46.202+0000][gc,phases   ] GC(27)   Merge Heap Roots: 0.4ms
[2025-05-20T23:29:46.202+0000][gc,phases   ] GC(27)   Evacuate Collection Set: 2.0ms
[2025-05-20T23:29:46.202+0000][gc,phases   ] GC(27)   Post Evacuate Collection Set: 0.9ms
[2025-05-20T23:29:46.203+0000][gc,phases   ] GC(27)   Other: 0.5ms
[2025-05-20T23:29:46.203+0000][gc,heap     ] GC(27) Eden regions: 607->0(609)
[2025-05-20T23:29:46.203+0000][gc,heap     ] GC(27) Survivor regions: 7->5(77)
[2025-05-20T23:29:46.203+0000][gc,heap     ] GC(27) Old regions: 23->23
[2025-05-20T23:29:46.203+0000][gc,heap     ] GC(27) Humongous regions: 130->130
[2025-05-20T23:29:46.203+0000][gc,metaspace] GC(27) Metaspace: 15296K(15680K)->15296K(15680K) NonClass: 13531K(13696K)->13531K(13696K) Class: 1764K(1984K)->1764K(1984K)
[2025-05-20T23:29:46.203+0000][gc          ] GC(27) Pause Young (Normal) (G1 Evacuation Pause) 766M->157M(1024M) 6.141ms
[2025-05-20T23:29:46.204+0000][gc,cpu      ] GC(27) User=0.01s Sys=0.02s Real=0.01s
[2025-05-20T23:30:26.261+0000][gc,start    ] GC(28) Pause Young (Normal) (G1 Evacuation Pause)
[2025-05-20T23:30:26.261+0000][gc,task     ] GC(28) Using 10 workers of 10 for evacuation
[2025-05-20T23:30:26.265+0000][gc,phases   ] GC(28)   Pre Evacuate Collection Set: 0.4ms
[2025-05-20T23:30:26.265+0000][gc,phases   ] GC(28)   Merge Heap Roots: 0.3ms
[2025-05-20T23:30:26.265+0000][gc,phases   ] GC(28)   Evacuate Collection Set: 1.9ms
[2025-05-20T23:30:26.266+0000][gc,phases   ] GC(28)   Post Evacuate Collection Set: 0.9ms
[2025-05-20T23:30:26.266+0000][gc,phases   ] GC(28)   Other: 0.3ms
[2025-05-20T23:30:26.266+0000][gc,heap     ] GC(28) Eden regions: 609->0(608)
[2025-05-20T23:30:26.266+0000][gc,heap     ] GC(28) Survivor regions: 5->6(77)
[2025-05-20T23:30:26.266+0000][gc,heap     ] GC(28) Old regions: 23->23
[2025-05-20T23:30:26.266+0000][gc,heap     ] GC(28) Humongous regions: 130->130
[2025-05-20T23:30:26.266+0000][gc,metaspace] GC(28) Metaspace: 15334K(15744K)->15334K(15744K) NonClass: 13569K(13760K)->13569K(13760K) Class: 1765K(1984K)->1765K(1984K)
[2025-05-20T23:30:26.266+0000][gc          ] GC(28) Pause Young (Normal) (G1 Evacuation Pause) 766M->158M(1024M) 5.512ms
[2025-05-20T23:30:26.267+0000][gc,cpu      ] GC(28) User=0.02s Sys=0.00s Real=0.00s
[2025-05-20T23:31:06.285+0000][gc,start    ] GC(29) Pause Young (Normal) (G1 Evacuation Pause)
[2025-05-20T23:31:06.285+0000][gc,task     ] GC(29) Using 10 workers of 10 for evacuation
[2025-05-20T23:31:06.290+0000][gc,phases   ] GC(29)   Pre Evacuate Collection Set: 0.3ms
[2025-05-20T23:31:06.290+0000][gc,phases   ] GC(29)   Merge Heap Roots: 0.2ms
[2025-05-20T23:31:06.291+0000][gc,phases   ] GC(29)   Evacuate Collection Set: 3.2ms
[2025-05-20T23:31:06.291+0000][gc,phases   ] GC(29)   Post Evacuate Collection Set: 1.1ms
[2025-05-20T23:31:06.291+0000][gc,phases   ] GC(29)   Other: 0.3ms
[2025-05-20T23:31:06.291+0000][gc,heap     ] GC(29) Eden regions: 608->0(607)
[2025-05-20T23:31:06.291+0000][gc,heap     ] GC(29) Survivor regions: 6->7(77)
[2025-05-20T23:31:06.291+0000][gc,heap     ] GC(29) Old regions: 23->24
[2025-05-20T23:31:06.291+0000][gc,heap     ] GC(29) Humongous regions: 130->130
[2025-05-20T23:31:06.292+0000][gc,metaspace] GC(29) Metaspace: 15351K(15808K)->15351K(15808K) NonClass: 13586K(13824K)->13586K(13824K) Class: 1765K(1984K)->1765K(1984K)
[2025-05-20T23:31:06.292+0000][gc          ] GC(29) Pause Young (Normal) (G1 Evacuation Pause) 766M->159M(1024M) 7.121ms
[2025-05-20T23:31:06.292+0000][gc,cpu      ] GC(29) User=0.00s Sys=0.03s Real=0.01s
[2025-05-20T23:31:46.333+0000][gc,start    ] GC(30) Pause Young (Normal) (G1 Evacuation Pause)
[2025-05-20T23:31:46.333+0000][gc,task     ] GC(30) Using 10 workers of 10 for evacuation
[2025-05-20T23:31:46.338+0000][gc,phases   ] GC(30)   Pre Evacuate Collection Set: 0.5ms
[2025-05-20T23:31:46.338+0000][gc,phases   ] GC(30)   Merge Heap Roots: 0.3ms
[2025-05-20T23:31:46.338+0000][gc,phases   ] GC(30)   Evacuate Collection Set: 2.6ms
[2025-05-20T23:31:46.338+0000][gc,phases   ] GC(30)   Post Evacuate Collection Set: 1.2ms
[2025-05-20T23:31:46.339+0000][gc,phases   ] GC(30)   Other: 0.5ms
[2025-05-20T23:31:46.339+0000][gc,heap     ] GC(30) Eden regions: 607->0(606)
[2025-05-20T23:31:46.339+0000][gc,heap     ] GC(30) Survivor regions: 7->8(77)
[2025-05-20T23:31:46.339+0000][gc,heap     ] GC(30) Old regions: 24->24
[2025-05-20T23:31:46.339+0000][gc,heap     ] GC(30) Humongous regions: 130->130
[2025-05-20T23:31:46.339+0000][gc,metaspace] GC(30) Metaspace: 15363K(15808K)->15363K(15808K) NonClass: 13598K(13824K)->13598K(13824K) Class: 1765K(1984K)->1765K(1984K)
[2025-05-20T23:31:46.340+0000][gc          ] GC(30) Pause Young (Normal) (G1 Evacuation Pause) 766M->160M(1024M) 6.831ms
[2025-05-20T23:31:46.340+0000][gc,cpu      ] GC(30) User=0.03s Sys=0.00s Real=0.01s
[2025-05-20T23:32:16.192+0000][gc,start    ] GC(31) Pause Young (Normal) (G1 Evacuation Pause)
[2025-05-20T23:32:16.193+0000][gc,task     ] GC(31) Using 10 workers of 10 for evacuation
[2025-05-20T23:32:16.215+0000][gc,phases   ] GC(31)   Pre Evacuate Collection Set: 0.8ms
[2025-05-20T23:32:16.215+0000][gc,phases   ] GC(31)   Merge Heap Roots: 0.4ms
[2025-05-20T23:32:16.215+0000][gc,phases   ] GC(31)   Evacuate Collection Set: 17.5ms
[2025-05-20T23:32:16.215+0000][gc,phases   ] GC(31)   Post Evacuate Collection Set: 2.6ms
[2025-05-20T23:32:16.216+0000][gc,phases   ] GC(31)   Other: 0.5ms
[2025-05-20T23:32:16.216+0000][gc,heap     ] GC(31) Eden regions: 606->0(605)
[2025-05-20T23:32:16.216+0000][gc,heap     ] GC(31) Survivor regions: 8->9(77)
[2025-05-20T23:32:16.216+0000][gc,heap     ] GC(31) Old regions: 24->24
[2025-05-20T23:32:16.216+0000][gc,heap     ] GC(31) Humongous regions: 131->130
[2025-05-20T23:32:16.217+0000][gc,metaspace] GC(31) Metaspace: 16001K(16448K)->16001K(16448K) NonClass: 14192K(14400K)->14192K(14400K) Class: 1808K(2048K)->1808K(2048K)
[2025-05-20T23:32:16.217+0000][gc          ] GC(31) Pause Young (Normal) (G1 Evacuation Pause) 767M->161M(1024M) 24.434ms
[2025-05-20T23:32:16.217+0000][gc,cpu      ] GC(31) User=0.07s Sys=0.00s Real=0.03s
[2025-05-20T23:32:36.437+0000][gc,start    ] GC(32) Pause Young (Normal) (G1 Evacuation Pause)
[2025-05-20T23:32:36.438+0000][gc,task     ] GC(32) Using 10 workers of 10 for evacuation
[2025-05-20T23:32:36.443+0000][gc,phases   ] GC(32)   Pre Evacuate Collection Set: 0.4ms
[2025-05-20T23:32:36.443+0000][gc,phases   ] GC(32)   Merge Heap Roots: 0.3ms
[2025-05-20T23:32:36.443+0000][gc,phases   ] GC(32)   Evacuate Collection Set: 3.2ms
[2025-05-20T23:32:36.444+0000][gc,phases   ] GC(32)   Post Evacuate Collection Set: 1.1ms
[2025-05-20T23:32:36.444+0000][gc,phases   ] GC(32)   Other: 0.3ms
[2025-05-20T23:32:36.444+0000][gc,heap     ] GC(32) Eden regions: 605->0(604)
[2025-05-20T23:32:36.444+0000][gc,heap     ] GC(32) Survivor regions: 9->10(77)
[2025-05-20T23:32:36.444+0000][gc,heap     ] GC(32) Old regions: 24->24
[2025-05-20T23:32:36.445+0000][gc,heap     ] GC(32) Humongous regions: 130->130
[2025-05-20T23:32:36.445+0000][gc,metaspace] GC(32) Metaspace: 16074K(16512K)->16074K(16512K) NonClass: 14254K(14464K)->14254K(14464K) Class: 1819K(2048K)->1819K(2048K)
[2025-05-20T23:32:36.445+0000][gc          ] GC(32) Pause Young (Normal) (G1 Evacuation Pause) 766M->162M(1024M) 7.420ms
[2025-05-20T23:32:36.445+0000][gc,cpu      ] GC(32) User=0.03s Sys=0.00s Real=0.01s
[2025-05-20T23:32:58.964+0000][gc,start    ] GC(33) Pause Young (Normal) (G1 Evacuation Pause)
[2025-05-20T23:32:58.964+0000][gc,task     ] GC(33) Using 10 workers of 10 for evacuation
[2025-05-20T23:32:58.968+0000][gc,phases   ] GC(33)   Pre Evacuate Collection Set: 0.4ms
[2025-05-20T23:32:58.969+0000][gc,phases   ] GC(33)   Merge Heap Roots: 0.2ms
[2025-05-20T23:32:58.969+0000][gc,phases   ] GC(33)   Evacuate Collection Set: 2.6ms
[2025-05-20T23:32:58.969+0000][gc,phases   ] GC(33)   Post Evacuate Collection Set: 1.0ms
[2025-05-20T23:32:58.969+0000][gc,phases   ] GC(33)   Other: 0.3ms
[2025-05-20T23:32:58.969+0000][gc,heap     ] GC(33) Eden regions: 604->0(606)
[2025-05-20T23:32:58.970+0000][gc,heap     ] GC(33) Survivor regions: 10->8(77)
[2025-05-20T23:32:58.970+0000][gc,heap     ] GC(33) Old regions: 24->24
[2025-05-20T23:32:58.970+0000][gc,heap     ] GC(33) Humongous regions: 130->130
[2025-05-20T23:32:58.970+0000][gc,metaspace] GC(33) Metaspace: 16076K(16512K)->16076K(16512K) NonClass: 14256K(14464K)->14256K(14464K) Class: 1819K(2048K)->1819K(2048K)
[2025-05-20T23:32:58.970+0000][gc          ] GC(33) Pause Young (Normal) (G1 Evacuation Pause) 766M->160M(1024M) 6.793ms
[2025-05-20T23:32:58.971+0000][gc,cpu      ] GC(33) User=0.02s Sys=0.01s Real=0.00s
[2025-05-20T23:33:26.054+0000][gc,start    ] GC(34) Pause Young (Normal) (G1 Evacuation Pause)
[2025-05-20T23:33:26.054+0000][gc,task     ] GC(34) Using 10 workers of 10 for evacuation
[2025-05-20T23:33:26.059+0000][gc,phases   ] GC(34)   Pre Evacuate Collection Set: 0.4ms
[2025-05-20T23:33:26.059+0000][gc,phases   ] GC(34)   Merge Heap Roots: 0.3ms
[2025-05-20T23:33:26.059+0000][gc,phases   ] GC(34)   Evacuate Collection Set: 3.0ms
[2025-05-20T23:33:26.060+0000][gc,phases   ] GC(34)   Post Evacuate Collection Set: 1.0ms
[2025-05-20T23:33:26.060+0000][gc,phases   ] GC(34)   Other: 0.3ms
[2025-05-20T23:33:26.060+0000][gc,heap     ] GC(34) Eden regions: 606->0(604)
[2025-05-20T23:33:26.060+0000][gc,heap     ] GC(34) Survivor regions: 8->10(77)
[2025-05-20T23:33:26.060+0000][gc,heap     ] GC(34) Old regions: 24->24
[2025-05-20T23:33:26.060+0000][gc,heap     ] GC(34) Humongous regions: 130->130
[2025-05-20T23:33:26.060+0000][gc,metaspace] GC(34) Metaspace: 16134K(16576K)->16134K(16576K) NonClass: 14314K(14528K)->14314K(14528K) Class: 1819K(2048K)->1819K(2048K)
[2025-05-20T23:33:26.061+0000][gc          ] GC(34) Pause Young (Normal) (G1 Evacuation Pause) 766M->163M(1024M) 6.940ms
[2025-05-20T23:33:26.061+0000][gc,cpu      ] GC(34) User=0.03s Sys=0.00s Real=0.00s
[2025-05-20T23:33:46.335+0000][gc,start    ] GC(35) Pause Young (Normal) (G1 Evacuation Pause)
[2025-05-20T23:33:46.335+0000][gc,task     ] GC(35) Using 10 workers of 10 for evacuation
[2025-05-20T23:33:46.341+0000][gc,phases   ] GC(35)   Pre Evacuate Collection Set: 0.4ms
[2025-05-20T23:33:46.342+0000][gc,phases   ] GC(35)   Merge Heap Roots: 0.2ms
[2025-05-20T23:33:46.342+0000][gc,phases   ] GC(35)   Evacuate Collection Set: 3.6ms
[2025-05-20T23:33:46.342+0000][gc,phases   ] GC(35)   Post Evacuate Collection Set: 1.2ms
[2025-05-20T23:33:46.342+0000][gc,phases   ] GC(35)   Other: 0.4ms
[2025-05-20T23:33:46.342+0000][gc,heap     ] GC(35) Eden regions: 604->0(603)
[2025-05-20T23:33:46.342+0000][gc,heap     ] GC(35) Survivor regions: 10->11(77)
[2025-05-20T23:33:46.343+0000][gc,heap     ] GC(35) Old regions: 24->24
[2025-05-20T23:33:46.343+0000][gc,heap     ] GC(35) Humongous regions: 130->130
[2025-05-20T23:33:46.343+0000][gc,metaspace] GC(35) Metaspace: 16215K(16640K)->16215K(16640K) NonClass: 14382K(14592K)->14382K(14592K) Class: 1833K(2048K)->1833K(2048K)
[2025-05-20T23:33:46.343+0000][gc          ] GC(35) Pause Young (Normal) (G1 Evacuation Pause) 767M->164M(1024M) 7.998ms
[2025-05-20T23:33:46.343+0000][gc,cpu      ] GC(35) User=0.03s Sys=0.02s Real=0.01s
[2025-05-20T23:34:06.468+0000][gc,start    ] GC(36) Pause Young (Concurrent Start) (CodeCache GC Threshold)
[2025-05-20T23:34:06.469+0000][gc,task     ] GC(36) Using 10 workers of 10 for evacuation
[2025-05-20T23:34:06.475+0000][gc,phases   ] GC(36)   Pre Evacuate Collection Set: 0.4ms
[2025-05-20T23:34:06.475+0000][gc,phases   ] GC(36)   Merge Heap Roots: 0.2ms
[2025-05-20T23:34:06.475+0000][gc,phases   ] GC(36)   Evacuate Collection Set: 4.2ms
[2025-05-20T23:34:06.475+0000][gc,phases   ] GC(36)   Post Evacuate Collection Set: 1.1ms
[2025-05-20T23:34:06.476+0000][gc,phases   ] GC(36)   Other: 0.4ms
[2025-05-20T23:34:06.476+0000][gc,heap     ] GC(36) Eden regions: 386->0(599)
[2025-05-20T23:34:06.476+0000][gc,heap     ] GC(36) Survivor regions: 11->15(77)
[2025-05-20T23:34:06.476+0000][gc,heap     ] GC(36) Old regions: 24->24
[2025-05-20T23:34:06.476+0000][gc,heap     ] GC(36) Humongous regions: 130->130
[2025-05-20T23:34:06.477+0000][gc,metaspace] GC(36) Metaspace: 16357K(16832K)->16357K(16832K) NonClass: 14501K(14720K)->14501K(14720K) Class: 1855K(2112K)->1855K(2112K)
[2025-05-20T23:34:06.477+0000][gc          ] GC(36) Pause Young (Concurrent Start) (CodeCache GC Threshold) 549M->168M(1024M) 8.712ms
[2025-05-20T23:34:06.477+0000][gc          ] GC(37) Concurrent Mark Cycle
[2025-05-20T23:34:06.477+0000][gc,cpu      ] GC(36) User=0.01s Sys=0.04s Real=0.01s
[2025-05-20T23:34:06.477+0000][gc,marking  ] GC(37) Concurrent Scan Root Regions
[2025-05-20T23:34:06.480+0000][gc,marking  ] GC(37) Concurrent Scan Root Regions 2.835ms
[2025-05-20T23:34:06.481+0000][gc,marking  ] GC(37) Concurrent Mark
[2025-05-20T23:34:06.481+0000][gc,marking  ] GC(37) Concurrent Mark From Roots
[2025-05-20T23:34:06.481+0000][gc,task     ] GC(37) Using 3 workers of 3 for marking
[2025-05-20T23:34:06.491+0000][gc,marking  ] GC(37) Concurrent Mark From Roots 10.025ms
[2025-05-20T23:34:06.491+0000][gc,marking  ] GC(37) Concurrent Preclean
[2025-05-20T23:34:06.492+0000][gc,marking  ] GC(37) Concurrent Preclean 0.346ms
[2025-05-20T23:34:06.492+0000][gc,start    ] GC(37) Pause Remark
[2025-05-20T23:34:06.498+0000][gc          ] GC(37) Pause Remark 171M->171M(1024M) 6.611ms
[2025-05-20T23:34:06.499+0000][gc,cpu      ] GC(37) User=0.04s Sys=0.00s Real=0.00s
[2025-05-20T23:34:06.499+0000][gc,marking  ] GC(37) Concurrent Mark 18.447ms
[2025-05-20T23:34:06.499+0000][gc,marking  ] GC(37) Concurrent Rebuild Remembered Sets and Scrub Regions
[2025-05-20T23:34:06.503+0000][gc,marking  ] GC(37) Concurrent Rebuild Remembered Sets and Scrub Regions 3.560ms
[2025-05-20T23:34:06.503+0000][gc,start    ] GC(37) Pause Cleanup
[2025-05-20T23:34:06.504+0000][gc          ] GC(37) Pause Cleanup 172M->172M(1024M) 0.410ms
[2025-05-20T23:34:06.504+0000][gc,cpu      ] GC(37) User=0.00s Sys=0.00s Real=0.00s
[2025-05-20T23:34:06.504+0000][gc,marking  ] GC(37) Concurrent Clear Claimed Marks
[2025-05-20T23:34:06.504+0000][gc,marking  ] GC(37) Concurrent Clear Claimed Marks 0.213ms
[2025-05-20T23:34:06.504+0000][gc,marking  ] GC(37) Concurrent Cleanup for Next Mark
[2025-05-20T23:34:06.509+0000][gc,marking  ] GC(37) Concurrent Cleanup for Next Mark 4.173ms
[2025-05-20T23:34:06.509+0000][gc          ] GC(37) Concurrent Mark Cycle 31.637ms
[2025-05-20T23:34:46.334+0000][gc,start    ] GC(38) Pause Young (Prepare Mixed) (G1 Evacuation Pause)
[2025-05-20T23:34:46.335+0000][gc,task     ] GC(38) Using 10 workers of 10 for evacuation
[2025-05-20T23:34:46.340+0000][gc,phases   ] GC(38)   Pre Evacuate Collection Set: 0.3ms
[2025-05-20T23:34:46.340+0000][gc,phases   ] GC(38)   Merge Heap Roots: 0.2ms
[2025-05-20T23:34:46.340+0000][gc,phases   ] GC(38)   Evacuate Collection Set: 3.1ms
[2025-05-20T23:34:46.341+0000][gc,phases   ] GC(38)   Post Evacuate Collection Set: 1.2ms
[2025-05-20T23:34:46.341+0000][gc,phases   ] GC(38)   Other: 0.3ms
[2025-05-20T23:34:46.341+0000][gc,heap     ] GC(38) Eden regions: 599->0(604)
[2025-05-20T23:34:46.341+0000][gc,heap     ] GC(38) Survivor regions: 15->10(77)
[2025-05-20T23:34:46.341+0000][gc,heap     ] GC(38) Old regions: 24->24
[2025-05-20T23:34:46.341+0000][gc,heap     ] GC(38) Humongous regions: 130->130
[2025-05-20T23:34:46.342+0000][gc,metaspace] GC(38) Metaspace: 16351K(16896K)->16351K(16896K) NonClass: 14508K(14784K)->14508K(14784K) Class: 1842K(2112K)->1842K(2112K)
[2025-05-20T23:34:46.342+0000][gc          ] GC(38) Pause Young (Prepare Mixed) (G1 Evacuation Pause) 767M->163M(1024M) 7.314ms
[2025-05-20T23:34:46.342+0000][gc,cpu      ] GC(38) User=0.02s Sys=0.01s Real=0.01s
[2025-05-20T23:35:26.219+0000][gc,start    ] GC(39) Pause Young (Mixed) (G1 Evacuation Pause)
[2025-05-20T23:35:26.219+0000][gc,task     ] GC(39) Using 10 workers of 10 for evacuation
[2025-05-20T23:35:26.224+0000][gc,phases   ] GC(39)   Pre Evacuate Collection Set: 0.4ms
[2025-05-20T23:35:26.224+0000][gc,phases   ] GC(39)   Merge Heap Roots: 0.3ms
[2025-05-20T23:35:26.224+0000][gc,phases   ] GC(39)   Evacuate Collection Set: 2.8ms
[2025-05-20T23:35:26.225+0000][gc,phases   ] GC(39)   Post Evacuate Collection Set: 1.0ms
[2025-05-20T23:35:26.225+0000][gc,phases   ] GC(39)   Other: 0.2ms
[2025-05-20T23:35:26.225+0000][gc,heap     ] GC(39) Eden regions: 604->0(604)
[2025-05-20T23:35:26.225+0000][gc,heap     ] GC(39) Survivor regions: 10->10(77)
[2025-05-20T23:35:26.225+0000][gc,heap     ] GC(39) Old regions: 24->23
[2025-05-20T23:35:26.225+0000][gc,heap     ] GC(39) Humongous regions: 130->130
[2025-05-20T23:35:26.225+0000][gc,metaspace] GC(39) Metaspace: 16353K(16896K)->16353K(16896K) NonClass: 14510K(14784K)->14510K(14784K) Class: 1842K(2112K)->1842K(2112K)
[2025-05-20T23:35:26.225+0000][gc          ] GC(39) Pause Young (Mixed) (G1 Evacuation Pause) 767M->162M(1024M) 6.574ms
[2025-05-20T23:35:26.226+0000][gc,cpu      ] GC(39) User=0.03s Sys=0.00s Real=0.00s
[2025-05-20T23:36:06.146+0000][gc,start    ] GC(40) Pause Young (Normal) (G1 Evacuation Pause)
[2025-05-20T23:36:06.146+0000][gc,task     ] GC(40) Using 10 workers of 10 for evacuation
[2025-05-20T23:36:06.151+0000][gc,phases   ] GC(40)   Pre Evacuate Collection Set: 0.3ms
[2025-05-20T23:36:06.151+0000][gc,phases   ] GC(40)   Merge Heap Roots: 0.2ms
[2025-05-20T23:36:06.152+0000][gc,phases   ] GC(40)   Evacuate Collection Set: 3.1ms
[2025-05-20T23:36:06.152+0000][gc,phases   ] GC(40)   Post Evacuate Collection Set: 1.0ms
[2025-05-20T23:36:06.152+0000][gc,phases   ] GC(40)   Other: 0.3ms
[2025-05-20T23:36:06.152+0000][gc,heap     ] GC(40) Eden regions: 604->0(604)
[2025-05-20T23:36:06.152+0000][gc,heap     ] GC(40) Survivor regions: 10->10(77)
[2025-05-20T23:36:06.152+0000][gc,heap     ] GC(40) Old regions: 23->24
[2025-05-20T23:36:06.153+0000][gc,heap     ] GC(40) Humongous regions: 130->130
[2025-05-20T23:36:06.153+0000][gc,metaspace] GC(40) Metaspace: 16362K(16896K)->16362K(16896K) NonClass: 14519K(14784K)->14519K(14784K) Class: 1842K(2112K)->1842K(2112K)
[2025-05-20T23:36:06.153+0000][gc          ] GC(40) Pause Young (Normal) (G1 Evacuation Pause) 766M->162M(1024M) 7.289ms
[2025-05-20T23:36:06.153+0000][gc,cpu      ] GC(40) User=0.03s Sys=0.01s Real=0.00s
[2025-05-20T23:36:37.821+0000][gc,start    ] GC(41) Pause Young (Normal) (G1 Evacuation Pause)
[2025-05-20T23:36:37.821+0000][gc,task     ] GC(41) Using 10 workers of 10 for evacuation
[2025-05-20T23:36:37.827+0000][gc,phases   ] GC(41)   Pre Evacuate Collection Set: 0.4ms
[2025-05-20T23:36:37.827+0000][gc,phases   ] GC(41)   Merge Heap Roots: 0.2ms
[2025-05-20T23:36:37.827+0000][gc,phases   ] GC(41)   Evacuate Collection Set: 2.9ms
[2025-05-20T23:36:37.827+0000][gc,phases   ] GC(41)   Post Evacuate Collection Set: 1.3ms
[2025-05-20T23:36:37.827+0000][gc,phases   ] GC(41)   Other: 0.3ms
[2025-05-20T23:36:37.827+0000][gc,heap     ] GC(41) Eden regions: 604->0(603)
[2025-05-20T23:36:37.827+0000][gc,heap     ] GC(41) Survivor regions: 10->11(77)
[2025-05-20T23:36:37.828+0000][gc,heap     ] GC(41) Old regions: 24->24
[2025-05-20T23:36:37.828+0000][gc,heap     ] GC(41) Humongous regions: 130->130
[2025-05-20T23:36:37.828+0000][gc,metaspace] GC(41) Metaspace: 16363K(16896K)->16363K(16896K) NonClass: 14521K(14784K)->14521K(14784K) Class: 1842K(2112K)->1842K(2112K)
[2025-05-20T23:36:37.828+0000][gc          ] GC(41) Pause Young (Normal) (G1 Evacuation Pause) 766M->163M(1024M) 7.094ms
[2025-05-20T23:36:37.828+0000][gc,cpu      ] GC(41) User=0.03s Sys=0.00s Real=0.01s
[2025-05-20T23:37:16.844+0000][gc,start    ] GC(42) Pause Young (Normal) (G1 Evacuation Pause)
[2025-05-20T23:37:16.845+0000][gc,task     ] GC(42) Using 10 workers of 10 for evacuation
[2025-05-20T23:37:16.857+0000][gc,phases   ] GC(42)   Pre Evacuate Collection Set: 0.4ms
[2025-05-20T23:37:16.857+0000][gc,phases   ] GC(42)   Merge Heap Roots: 0.2ms
[2025-05-20T23:37:16.859+0000][gc,phases   ] GC(42)   Evacuate Collection Set: 7.9ms
[2025-05-20T23:37:16.859+0000][gc,phases   ] GC(42)   Post Evacuate Collection Set: 3.0ms
[2025-05-20T23:37:16.860+0000][gc,phases   ] GC(42)   Other: 0.5ms
[2025-05-20T23:37:16.860+0000][gc,heap     ] GC(42) Eden regions: 603->0(599)
[2025-05-20T23:37:16.862+0000][gc,heap     ] GC(42) Survivor regions: 11->15(77)
[2025-05-20T23:37:16.862+0000][gc,heap     ] GC(42) Old regions: 24->24
[2025-05-20T23:37:16.862+0000][gc,heap     ] GC(42) Humongous regions: 130->130
[2025-05-20T23:37:16.864+0000][gc,metaspace] GC(42) Metaspace: 16378K(16896K)->16378K(16896K) NonClass: 14535K(14784K)->14535K(14784K) Class: 1842K(2112K)->1842K(2112K)
[2025-05-20T23:37:16.865+0000][gc          ] GC(42) Pause Young (Normal) (G1 Evacuation Pause) 766M->168M(1024M) 21.211ms
[2025-05-20T23:37:16.866+0000][gc,cpu      ] GC(42) User=0.05s Sys=0.00s Real=0.02s
[2025-05-20T23:37:56.210+0000][gc,start    ] GC(43) Pause Young (Normal) (G1 Evacuation Pause)
[2025-05-20T23:37:56.211+0000][gc,task     ] GC(43) Using 10 workers of 10 for evacuation
[2025-05-20T23:37:56.216+0000][gc,phases   ] GC(43)   Pre Evacuate Collection Set: 0.4ms
[2025-05-20T23:37:56.216+0000][gc,phases   ] GC(43)   Merge Heap Roots: 0.2ms
[2025-05-20T23:37:56.216+0000][gc,phases   ] GC(43)   Evacuate Collection Set: 3.0ms
[2025-05-20T23:37:56.216+0000][gc,phases   ] GC(43)   Post Evacuate Collection Set: 1.1ms
[2025-05-20T23:37:56.217+0000][gc,phases   ] GC(43)   Other: 0.4ms
[2025-05-20T23:37:56.217+0000][gc,heap     ] GC(43) Eden regions: 599->0(603)
[2025-05-20T23:37:56.217+0000][gc,heap     ] GC(43) Survivor regions: 15->11(77)
[2025-05-20T23:37:56.217+0000][gc,heap     ] GC(43) Old regions: 24->24
[2025-05-20T23:37:56.217+0000][gc,heap     ] GC(43) Humongous regions: 130->130
[2025-05-20T23:37:56.217+0000][gc,metaspace] GC(43) Metaspace: 16622K(17024K)->16622K(17024K) NonClass: 14765K(14912K)->14765K(14912K) Class: 1856K(2112K)->1856K(2112K)
[2025-05-20T23:37:56.217+0000][gc          ] GC(43) Pause Young (Normal) (G1 Evacuation Pause) 767M->164M(1024M) 6.681ms
[2025-05-20T23:37:56.217+0000][gc,cpu      ] GC(43) User=0.03s Sys=0.01s Real=0.01s
[2025-05-20T23:38:17.879+0000][gc,start    ] GC(44) Pause Young (Normal) (G1 Evacuation Pause)
[2025-05-20T23:38:17.880+0000][gc,task     ] GC(44) Using 10 workers of 10 for evacuation
[2025-05-20T23:38:17.890+0000][gc,phases   ] GC(44)   Pre Evacuate Collection Set: 0.4ms
[2025-05-20T23:38:17.890+0000][gc,phases   ] GC(44)   Merge Heap Roots: 0.2ms
[2025-05-20T23:38:17.891+0000][gc,phases   ] GC(44)   Evacuate Collection Set: 5.4ms
[2025-05-20T23:38:17.891+0000][gc,phases   ] GC(44)   Post Evacuate Collection Set: 1.1ms
[2025-05-20T23:38:17.891+0000][gc,phases   ] GC(44)   Other: 2.9ms
[2025-05-20T23:38:17.892+0000][gc,heap     ] GC(44) Eden regions: 603->0(601)
[2025-05-20T23:38:17.894+0000][gc,heap     ] GC(44) Survivor regions: 11->13(77)
[2025-05-20T23:38:17.895+0000][gc,heap     ] GC(44) Old regions: 24->24
[2025-05-20T23:38:17.898+0000][gc,heap     ] GC(44) Humongous regions: 130->130
[2025-05-20T23:38:17.901+0000][gc,metaspace] GC(44) Metaspace: 16653K(17088K)->16653K(17088K) NonClass: 14797K(14976K)->14797K(14976K) Class: 1856K(2112K)->1856K(2112K)
[2025-05-20T23:38:17.902+0000][gc          ] GC(44) Pause Young (Normal) (G1 Evacuation Pause) 767M->165M(1024M) 23.394ms
[2025-05-20T23:38:17.903+0000][gc,cpu      ] GC(44) User=0.05s Sys=0.00s Real=0.03s
[2025-05-20T23:38:45.845+0000][gc,start    ] GC(45) Pause Young (Normal) (G1 Evacuation Pause)
[2025-05-20T23:38:45.852+0000][gc,task     ] GC(45) Using 10 workers of 10 for evacuation
[2025-05-20T23:38:45.894+0000][gc,phases   ] GC(45)   Pre Evacuate Collection Set: 0.4ms
[2025-05-20T23:38:45.895+0000][gc,phases   ] GC(45)   Merge Heap Roots: 1.1ms
[2025-05-20T23:38:45.895+0000][gc,phases   ] GC(45)   Evacuate Collection Set: 38.0ms
[2025-05-20T23:38:45.895+0000][gc,phases   ] GC(45)   Post Evacuate Collection Set: 1.8ms
[2025-05-20T23:38:45.895+0000][gc,phases   ] GC(45)   Other: 2.8ms
[2025-05-20T23:38:45.895+0000][gc,heap     ] GC(45) Eden regions: 601->0(600)
[2025-05-20T23:38:45.896+0000][gc,heap     ] GC(45) Survivor regions: 13->14(77)
[2025-05-20T23:38:45.896+0000][gc,heap     ] GC(45) Old regions: 24->24
[2025-05-20T23:38:45.896+0000][gc,heap     ] GC(45) Humongous regions: 130->130
[2025-05-20T23:38:45.896+0000][gc,metaspace] GC(45) Metaspace: 16703K(17152K)->16703K(17152K) NonClass: 14845K(15040K)->14845K(15040K) Class: 1857K(2112K)->1857K(2112K)
[2025-05-20T23:38:45.896+0000][gc          ] GC(45) Pause Young (Normal) (G1 Evacuation Pause) 766M->167M(1024M) 51.623ms
[2025-05-20T23:38:45.897+0000][gc,cpu      ] GC(45) User=0.09s Sys=0.01s Real=0.05s
[2025-05-20T23:39:06.604+0000][gc,start    ] GC(46) Pause Young (Normal) (G1 Evacuation Pause)
[2025-05-20T23:39:06.605+0000][gc,task     ] GC(46) Using 10 workers of 10 for evacuation
[2025-05-20T23:39:06.619+0000][gc,phases   ] GC(46)   Pre Evacuate Collection Set: 0.4ms
[2025-05-20T23:39:06.620+0000][gc,phases   ] GC(46)   Merge Heap Roots: 0.2ms
[2025-05-20T23:39:06.620+0000][gc,phases   ] GC(46)   Evacuate Collection Set: 11.0ms
[2025-05-20T23:39:06.620+0000][gc,phases   ] GC(46)   Post Evacuate Collection Set: 2.8ms
[2025-05-20T23:39:06.621+0000][gc,phases   ] GC(46)   Other: 0.5ms
[2025-05-20T23:39:06.623+0000][gc,heap     ] GC(46) Eden regions: 600->0(600)
[2025-05-20T23:39:06.623+0000][gc,heap     ] GC(46) Survivor regions: 14->14(77)
[2025-05-20T23:39:06.624+0000][gc,heap     ] GC(46) Old regions: 24->25
[2025-05-20T23:39:06.624+0000][gc,heap     ] GC(46) Humongous regions: 130->130
[2025-05-20T23:39:06.625+0000][gc,metaspace] GC(46) Metaspace: 16734K(17216K)->16734K(17216K) NonClass: 14877K(15104K)->14877K(15104K) Class: 1857K(2112K)->1857K(2112K)
[2025-05-20T23:39:06.625+0000][gc          ] GC(46) Pause Young (Normal) (G1 Evacuation Pause) 767M->168M(1024M) 20.671ms
[2025-05-20T23:39:06.625+0000][gc,cpu      ] GC(46) User=0.06s Sys=0.00s Real=0.02s
[2025-05-20T23:39:27.240+0000][gc,start    ] GC(47) Pause Young (Normal) (G1 Evacuation Pause)
[2025-05-20T23:39:27.241+0000][gc,task     ] GC(47) Using 10 workers of 10 for evacuation
[2025-05-20T23:39:27.290+0000][gc,phases   ] GC(47)   Pre Evacuate Collection Set: 0.7ms
[2025-05-20T23:39:27.291+0000][gc,phases   ] GC(47)   Merge Heap Roots: 0.3ms
[2025-05-20T23:39:27.291+0000][gc,phases   ] GC(47)   Evacuate Collection Set: 45.4ms
[2025-05-20T23:39:27.291+0000][gc,phases   ] GC(47)   Post Evacuate Collection Set: 3.1ms
[2025-05-20T23:39:27.292+0000][gc,phases   ] GC(47)   Other: 0.3ms
[2025-05-20T23:39:27.292+0000][gc,heap     ] GC(47) Eden regions: 600->0(596)
[2025-05-20T23:39:27.293+0000][gc,heap     ] GC(47) Survivor regions: 14->18(77)
[2025-05-20T23:39:27.293+0000][gc,heap     ] GC(47) Old regions: 25->26
[2025-05-20T23:39:27.293+0000][gc,heap     ] GC(47) Humongous regions: 130->130
[2025-05-20T23:39:27.293+0000][gc,metaspace] GC(47) Metaspace: 16748K(17216K)->16748K(17216K) NonClass: 14890K(15104K)->14890K(15104K) Class: 1857K(2112K)->1857K(2112K)
[2025-05-20T23:39:27.294+0000][gc          ] GC(47) Pause Young (Normal) (G1 Evacuation Pause) 768M->173M(1024M) 53.849ms
[2025-05-20T23:39:27.294+0000][gc,cpu      ] GC(47) User=0.09s Sys=0.02s Real=0.05s
[2025-05-20T23:39:53.450+0000][gc,start    ] GC(48) Pause Young (Normal) (G1 Evacuation Pause)
[2025-05-20T23:39:53.451+0000][gc,task     ] GC(48) Using 10 workers of 10 for evacuation
[2025-05-20T23:39:53.460+0000][gc,phases   ] GC(48)   Pre Evacuate Collection Set: 1.0ms
[2025-05-20T23:39:53.461+0000][gc,phases   ] GC(48)   Merge Heap Roots: 0.2ms
[2025-05-20T23:39:53.461+0000][gc,phases   ] GC(48)   Evacuate Collection Set: 5.1ms
[2025-05-20T23:39:53.462+0000][gc,phases   ] GC(48)   Post Evacuate Collection Set: 2.8ms
[2025-05-20T23:39:53.462+0000][gc,phases   ] GC(48)   Other: 0.7ms
[2025-05-20T23:39:53.463+0000][gc,heap     ] GC(48) Eden regions: 596->0(603)
[2025-05-20T23:39:53.463+0000][gc,heap     ] GC(48) Survivor regions: 18->11(77)
[2025-05-20T23:39:53.463+0000][gc,heap     ] GC(48) Old regions: 26->27
[2025-05-20T23:39:53.464+0000][gc,heap     ] GC(48) Humongous regions: 130->130
[2025-05-20T23:39:53.464+0000][gc,metaspace] GC(48) Metaspace: 16754K(17216K)->16754K(17216K) NonClass: 14896K(15104K)->14896K(15104K) Class: 1857K(2112K)->1857K(2112K)
[2025-05-20T23:39:53.464+0000][gc          ] GC(48) Pause Young (Normal) (G1 Evacuation Pause) 769M->167M(1024M) 14.383ms
[2025-05-20T23:39:53.464+0000][gc,cpu      ] GC(48) User=0.05s Sys=0.00s Real=0.01s
[2025-05-20T23:40:16.404+0000][gc,start    ] GC(49) Pause Young (Normal) (G1 Evacuation Pause)
[2025-05-20T23:40:16.404+0000][gc,task     ] GC(49) Using 10 workers of 10 for evacuation
[2025-05-20T23:40:16.427+0000][gc,phases   ] GC(49)   Pre Evacuate Collection Set: 0.8ms
[2025-05-20T23:40:16.427+0000][gc,phases   ] GC(49)   Merge Heap Roots: 0.2ms
[2025-05-20T23:40:16.428+0000][gc,phases   ] GC(49)   Evacuate Collection Set: 19.2ms
[2025-05-20T23:40:16.428+0000][gc,phases   ] GC(49)   Post Evacuate Collection Set: 1.8ms
[2025-05-20T23:40:16.429+0000][gc,phases   ] GC(49)   Other: 0.6ms
[2025-05-20T23:40:16.429+0000][gc,heap     ] GC(49) Eden regions: 603->0(598)
[2025-05-20T23:40:16.429+0000][gc,heap     ] GC(49) Survivor regions: 11->16(77)
[2025-05-20T23:40:16.430+0000][gc,heap     ] GC(49) Old regions: 27->28
[2025-05-20T23:40:16.431+0000][gc,heap     ] GC(49) Humongous regions: 130->130
[2025-05-20T23:40:16.431+0000][gc,metaspace] GC(49) Metaspace: 16782K(17216K)->16782K(17216K) NonClass: 14924K(15104K)->14924K(15104K) Class: 1858K(2112K)->1858K(2112K)
[2025-05-20T23:40:16.432+0000][gc          ] GC(49) Pause Young (Normal) (G1 Evacuation Pause) 770M->173M(1024M) 27.686ms
[2025-05-20T23:40:16.432+0000][gc,cpu      ] GC(49) User=0.02s Sys=0.04s Real=0.03s
[2025-05-20T23:40:36.799+0000][gc,start    ] GC(50) Pause Young (Normal) (G1 Evacuation Pause)
[2025-05-20T23:40:36.800+0000][gc,task     ] GC(50) Using 10 workers of 10 for evacuation
[2025-05-20T23:40:36.812+0000][gc,phases   ] GC(50)   Pre Evacuate Collection Set: 0.5ms
[2025-05-20T23:40:36.812+0000][gc,phases   ] GC(50)   Merge Heap Roots: 0.3ms
[2025-05-20T23:40:36.812+0000][gc,phases   ] GC(50)   Evacuate Collection Set: 8.7ms
[2025-05-20T23:40:36.813+0000][gc,phases   ] GC(50)   Post Evacuate Collection Set: 2.2ms
[2025-05-20T23:40:36.813+0000][gc,phases   ] GC(50)   Other: 0.4ms
[2025-05-20T23:40:36.813+0000][gc,heap     ] GC(50) Eden regions: 598->0(597)
[2025-05-20T23:40:36.814+0000][gc,heap     ] GC(50) Survivor regions: 16->17(77)
[2025-05-20T23:40:36.814+0000][gc,heap     ] GC(50) Old regions: 28->28
[2025-05-20T23:40:36.815+0000][gc,heap     ] GC(50) Humongous regions: 130->130
[2025-05-20T23:40:36.815+0000][gc,metaspace] GC(50) Metaspace: 16797K(17216K)->16797K(17216K) NonClass: 14938K(15104K)->14938K(15104K) Class: 1858K(2112K)->1858K(2112K)
[2025-05-20T23:40:36.815+0000][gc          ] GC(50) Pause Young (Normal) (G1 Evacuation Pause) 771M->174M(1024M) 16.225ms
[2025-05-20T23:40:36.816+0000][gc,cpu      ] GC(50) User=0.07s Sys=0.00s Real=0.02s
[2025-05-20T23:40:59.113+0000][gc,start    ] GC(51) Pause Young (Normal) (G1 Evacuation Pause)
[2025-05-20T23:40:59.113+0000][gc,task     ] GC(51) Using 10 workers of 10 for evacuation
[2025-05-20T23:40:59.122+0000][gc,phases   ] GC(51)   Pre Evacuate Collection Set: 0.5ms
[2025-05-20T23:40:59.122+0000][gc,phases   ] GC(51)   Merge Heap Roots: 0.2ms
[2025-05-20T23:40:59.122+0000][gc,phases   ] GC(51)   Evacuate Collection Set: 6.2ms
[2025-05-20T23:40:59.123+0000][gc,phases   ] GC(51)   Post Evacuate Collection Set: 1.3ms
[2025-05-20T23:40:59.124+0000][gc,phases   ] GC(51)   Other: 0.5ms
[2025-05-20T23:40:59.124+0000][gc,heap     ] GC(51) Eden regions: 597->0(600)
[2025-05-20T23:40:59.124+0000][gc,heap     ] GC(51) Survivor regions: 17->14(77)
[2025-05-20T23:40:59.125+0000][gc,heap     ] GC(51) Old regions: 28->29
[2025-05-20T23:40:59.125+0000][gc,heap     ] GC(51) Humongous regions: 130->130
[2025-05-20T23:40:59.125+0000][gc,metaspace] GC(51) Metaspace: 16798K(17216K)->16798K(17216K) NonClass: 14940K(15104K)->14940K(15104K) Class: 1858K(2112K)->1858K(2112K)
[2025-05-20T23:40:59.125+0000][gc          ] GC(51) Pause Young (Normal) (G1 Evacuation Pause) 771M->171M(1024M) 12.630ms
[2025-05-20T23:40:59.125+0000][gc,cpu      ] GC(51) User=0.04s Sys=0.00s Real=0.02s
[2025-05-20T23:41:26.051+0000][gc,start    ] GC(52) Pause Young (Normal) (G1 Evacuation Pause)
[2025-05-20T23:41:26.051+0000][gc,task     ] GC(52) Using 10 workers of 10 for evacuation
[2025-05-20T23:41:26.059+0000][gc,phases   ] GC(52)   Pre Evacuate Collection Set: 0.4ms
[2025-05-20T23:41:26.059+0000][gc,phases   ] GC(52)   Merge Heap Roots: 0.2ms
[2025-05-20T23:41:26.059+0000][gc,phases   ] GC(52)   Evacuate Collection Set: 5.4ms
[2025-05-20T23:41:26.059+0000][gc,phases   ] GC(52)   Post Evacuate Collection Set: 1.2ms
[2025-05-20T23:41:26.060+0000][gc,phases   ] GC(52)   Other: 0.3ms
[2025-05-20T23:41:26.060+0000][gc,heap     ] GC(52) Eden regions: 600->0(598)
[2025-05-20T23:41:26.060+0000][gc,heap     ] GC(52) Survivor regions: 14->16(77)
[2025-05-20T23:41:26.060+0000][gc,heap     ] GC(52) Old regions: 29->29
[2025-05-20T23:41:26.060+0000][gc,heap     ] GC(52) Humongous regions: 130->130
[2025-05-20T23:41:26.060+0000][gc,metaspace] GC(52) Metaspace: 16819K(17216K)->16819K(17216K) NonClass: 14960K(15104K)->14960K(15104K) Class: 1858K(2112K)->1858K(2112K)
[2025-05-20T23:41:26.061+0000][gc          ] GC(52) Pause Young (Normal) (G1 Evacuation Pause) 771M->173M(1024M) 9.635ms
[2025-05-20T23:41:26.061+0000][gc,cpu      ] GC(52) User=0.04s Sys=0.00s Real=0.01s
[2025-05-20T23:41:46.795+0000][gc,start    ] GC(53) Pause Young (Normal) (G1 Evacuation Pause)
[2025-05-20T23:41:46.796+0000][gc,task     ] GC(53) Using 10 workers of 10 for evacuation
[2025-05-20T23:41:46.823+0000][gc,phases   ] GC(53)   Pre Evacuate Collection Set: 1.0ms
[2025-05-20T23:41:46.830+0000][gc,phases   ] GC(53)   Merge Heap Roots: 1.5ms
[2025-05-20T23:41:46.831+0000][gc,phases   ] GC(53)   Evacuate Collection Set: 14.4ms
[2025-05-20T23:41:46.834+0000][gc,phases   ] GC(53)   Post Evacuate Collection Set: 6.5ms
[2025-05-20T23:41:46.836+0000][gc,phases   ] GC(53)   Other: 2.8ms
[2025-05-20T23:41:46.838+0000][gc,heap     ] GC(53) Eden regions: 598->0(598)
[2025-05-20T23:41:46.838+0000][gc,heap     ] GC(53) Survivor regions: 16->16(77)
[2025-05-20T23:41:46.839+0000][gc,heap     ] GC(53) Old regions: 29->29
[2025-05-20T23:41:46.843+0000][gc,heap     ] GC(53) Humongous regions: 130->130
[2025-05-20T23:41:46.845+0000][gc,metaspace] GC(53) Metaspace: 16819K(17216K)->16819K(17216K) NonClass: 14960K(15104K)->14960K(15104K) Class: 1858K(2112K)->1858K(2112K)
[2025-05-20T23:41:46.848+0000][gc          ] GC(53) Pause Young (Normal) (G1 Evacuation Pause) 771M->173M(1024M) 52.087ms
[2025-05-20T23:41:46.850+0000][gc,cpu      ] GC(53) User=0.06s Sys=0.03s Real=0.05s
[2025-05-20T23:42:07.841+0000][gc,start    ] GC(54) Pause Young (Normal) (G1 Evacuation Pause)
[2025-05-20T23:42:07.841+0000][gc,task     ] GC(54) Using 10 workers of 10 for evacuation
[2025-05-20T23:42:07.868+0000][gc,phases   ] GC(54)   Pre Evacuate Collection Set: 1.4ms
[2025-05-20T23:42:07.868+0000][gc,phases   ] GC(54)   Merge Heap Roots: 0.4ms
[2025-05-20T23:42:07.869+0000][gc,phases   ] GC(54)   Evacuate Collection Set: 19.9ms
[2025-05-20T23:42:07.869+0000][gc,phases   ] GC(54)   Post Evacuate Collection Set: 3.8ms
[2025-05-20T23:42:07.869+0000][gc,phases   ] GC(54)   Other: 0.9ms
[2025-05-20T23:42:07.870+0000][gc,heap     ] GC(54) Eden regions: 598->0(596)
[2025-05-20T23:42:07.871+0000][gc,heap     ] GC(54) Survivor regions: 16->18(77)
[2025-05-20T23:42:07.871+0000][gc,heap     ] GC(54) Old regions: 29->29
[2025-05-20T23:42:07.871+0000][gc,heap     ] GC(54) Humongous regions: 130->130
[2025-05-20T23:42:07.872+0000][gc,metaspace] GC(54) Metaspace: 16821K(17216K)->16821K(17216K) NonClass: 14963K(15104K)->14963K(15104K) Class: 1858K(2112K)->1858K(2112K)
[2025-05-20T23:42:07.872+0000][gc          ] GC(54) Pause Young (Normal) (G1 Evacuation Pause) 771M->175M(1024M) 31.437ms
[2025-05-20T23:42:07.872+0000][gc,cpu      ] GC(54) User=0.08s Sys=0.01s Real=0.03s
[2025-05-20T23:42:35.426+0000][gc,start    ] GC(55) Pause Young (Normal) (G1 Evacuation Pause)
[2025-05-20T23:42:35.427+0000][gc,task     ] GC(55) Using 10 workers of 10 for evacuation
[2025-05-20T23:42:35.436+0000][gc,phases   ] GC(55)   Pre Evacuate Collection Set: 0.4ms
[2025-05-20T23:42:35.437+0000][gc,phases   ] GC(55)   Merge Heap Roots: 0.3ms
[2025-05-20T23:42:35.438+0000][gc,phases   ] GC(55)   Evacuate Collection Set: 6.0ms
[2025-05-20T23:42:35.439+0000][gc,phases   ] GC(55)   Post Evacuate Collection Set: 1.2ms
[2025-05-20T23:42:35.439+0000][gc,phases   ] GC(55)   Other: 0.7ms
[2025-05-20T23:42:35.439+0000][gc,heap     ] GC(55) Eden regions: 596->0(600)
[2025-05-20T23:42:35.440+0000][gc,heap     ] GC(55) Survivor regions: 18->14(77)
[2025-05-20T23:42:35.440+0000][gc,heap     ] GC(55) Old regions: 29->29
[2025-05-20T23:42:35.441+0000][gc,heap     ] GC(55) Humongous regions: 130->130
[2025-05-20T23:42:35.441+0000][gc,metaspace] GC(55) Metaspace: 16830K(17216K)->16830K(17216K) NonClass: 14972K(15104K)->14972K(15104K) Class: 1858K(2112K)->1858K(2112K)
[2025-05-20T23:42:35.442+0000][gc          ] GC(55) Pause Young (Normal) (G1 Evacuation Pause) 771M->172M(1024M) 16.141ms
[2025-05-20T23:42:35.443+0000][gc,cpu      ] GC(55) User=0.03s Sys=0.00s Real=0.02s
[2025-05-20T23:42:56.559+0000][gc,start    ] GC(56) Pause Young (Normal) (G1 Evacuation Pause)
[2025-05-20T23:42:56.559+0000][gc,task     ] GC(56) Using 10 workers of 10 for evacuation
[2025-05-20T23:42:56.567+0000][gc,phases   ] GC(56)   Pre Evacuate Collection Set: 0.5ms
[2025-05-20T23:42:56.568+0000][gc,phases   ] GC(56)   Merge Heap Roots: 0.3ms
[2025-05-20T23:42:56.568+0000][gc,phases   ] GC(56)   Evacuate Collection Set: 5.8ms
[2025-05-20T23:42:56.568+0000][gc,phases   ] GC(56)   Post Evacuate Collection Set: 1.3ms
[2025-05-20T23:42:56.569+0000][gc,phases   ] GC(56)   Other: 0.3ms
[2025-05-20T23:42:56.569+0000][gc,heap     ] GC(56) Eden regions: 600->0(595)
[2025-05-20T23:42:56.569+0000][gc,heap     ] GC(56) Survivor regions: 14->19(77)
[2025-05-20T23:42:56.570+0000][gc,heap     ] GC(56) Old regions: 29->29
[2025-05-20T23:42:56.570+0000][gc,heap     ] GC(56) Humongous regions: 130->130
[2025-05-20T23:42:56.570+0000][gc,metaspace] GC(56) Metaspace: 16849K(17344K)->16849K(17344K) NonClass: 14991K(15232K)->14991K(15232K) Class: 1858K(2112K)->1858K(2112K)
[2025-05-20T23:42:56.570+0000][gc          ] GC(56) Pause Young (Normal) (G1 Evacuation Pause) 772M->177M(1024M) 11.947ms
[2025-05-20T23:42:56.571+0000][gc,cpu      ] GC(56) User=0.04s Sys=0.02s Real=0.01s
[2025-05-20T23:43:17.127+0000][gc,start    ] GC(57) Pause Young (Normal) (G1 Evacuation Pause)
[2025-05-20T23:43:17.127+0000][gc,task     ] GC(57) Using 10 workers of 10 for evacuation
[2025-05-20T23:43:17.145+0000][gc,phases   ] GC(57)   Pre Evacuate Collection Set: 0.9ms
[2025-05-20T23:43:17.146+0000][gc,phases   ] GC(57)   Merge Heap Roots: 0.2ms
[2025-05-20T23:43:17.147+0000][gc,phases   ] GC(57)   Evacuate Collection Set: 13.7ms
[2025-05-20T23:43:17.147+0000][gc,phases   ] GC(57)   Post Evacuate Collection Set: 2.1ms
[2025-05-20T23:43:17.148+0000][gc,phases   ] GC(57)   Other: 0.9ms
[2025-05-20T23:43:17.148+0000][gc,heap     ] GC(57) Eden regions: 595->0(593)
[2025-05-20T23:43:17.148+0000][gc,heap     ] GC(57) Survivor regions: 19->21(77)
[2025-05-20T23:43:17.149+0000][gc,heap     ] GC(57) Old regions: 29->30
[2025-05-20T23:43:17.149+0000][gc,heap     ] GC(57) Humongous regions: 130->130
[2025-05-20T23:43:17.150+0000][gc,metaspace] GC(57) Metaspace: 16874K(17344K)->16874K(17344K) NonClass: 15016K(15232K)->15016K(15232K) Class: 1858K(2112K)->1858K(2112K)
[2025-05-20T23:43:17.150+0000][gc          ] GC(57) Pause Young (Normal) (G1 Evacuation Pause) 772M->179M(1024M) 23.152ms
[2025-05-20T23:43:17.151+0000][gc,cpu      ] GC(57) User=0.05s Sys=0.05s Real=0.02s
[2025-05-20T23:43:56.058+0000][gc,start    ] GC(58) Pause Young (Normal) (G1 Evacuation Pause)
[2025-05-20T23:43:56.058+0000][gc,task     ] GC(58) Using 10 workers of 10 for evacuation
[2025-05-20T23:43:56.065+0000][gc,phases   ] GC(58)   Pre Evacuate Collection Set: 0.4ms
[2025-05-20T23:43:56.065+0000][gc,phases   ] GC(58)   Merge Heap Roots: 0.2ms
[2025-05-20T23:43:56.065+0000][gc,phases   ] GC(58)   Evacuate Collection Set: 5.0ms
[2025-05-20T23:43:56.066+0000][gc,phases   ] GC(58)   Post Evacuate Collection Set: 1.3ms
[2025-05-20T23:43:56.066+0000][gc,phases   ] GC(58)   Other: 0.3ms
[2025-05-20T23:43:56.066+0000][gc,heap     ] GC(58) Eden regions: 593->0(595)
[2025-05-20T23:43:56.066+0000][gc,heap     ] GC(58) Survivor regions: 21->19(77)
[2025-05-20T23:43:56.066+0000][gc,heap     ] GC(58) Old regions: 30->30
[2025-05-20T23:43:56.066+0000][gc,heap     ] GC(58) Humongous regions: 130->130
[2025-05-20T23:43:56.066+0000][gc,metaspace] GC(58) Metaspace: 16893K(17344K)->16893K(17344K) NonClass: 15034K(15232K)->15034K(15232K) Class: 1858K(2112K)->1858K(2112K)
[2025-05-20T23:43:56.067+0000][gc          ] GC(58) Pause Young (Normal) (G1 Evacuation Pause) 772M->178M(1024M) 9.014ms
[2025-05-20T23:43:56.067+0000][gc,cpu      ] GC(58) User=0.05s Sys=0.01s Real=0.01s
[2025-05-20T23:44:26.265+0000][gc,start    ] GC(59) Pause Young (Normal) (G1 Evacuation Pause)
[2025-05-20T23:44:26.265+0000][gc,task     ] GC(59) Using 10 workers of 10 for evacuation
[2025-05-20T23:44:26.274+0000][gc,phases   ] GC(59)   Pre Evacuate Collection Set: 0.3ms
[2025-05-20T23:44:26.274+0000][gc,phases   ] GC(59)   Merge Heap Roots: 0.2ms
[2025-05-20T23:44:26.274+0000][gc,phases   ] GC(59)   Evacuate Collection Set: 7.0ms
[2025-05-20T23:44:26.274+0000][gc,phases   ] GC(59)   Post Evacuate Collection Set: 1.0ms
[2025-05-20T23:44:26.275+0000][gc,phases   ] GC(59)   Other: 0.3ms
[2025-05-20T23:44:26.275+0000][gc,heap     ] GC(59) Eden regions: 595->0(593)
[2025-05-20T23:44:26.275+0000][gc,heap     ] GC(59) Survivor regions: 19->21(77)
[2025-05-20T23:44:26.275+0000][gc,heap     ] GC(59) Old regions: 30->32
[2025-05-20T23:44:26.275+0000][gc,heap     ] GC(59) Humongous regions: 130->130
[2025-05-20T23:44:26.276+0000][gc,metaspace] GC(59) Metaspace: 16896K(17344K)->16896K(17344K) NonClass: 15038K(15232K)->15038K(15232K) Class: 1858K(2112K)->1858K(2112K)
[2025-05-20T23:44:26.276+0000][gc          ] GC(59) Pause Young (Normal) (G1 Evacuation Pause) 773M->182M(1024M) 10.953ms
[2025-05-20T23:44:26.276+0000][gc,cpu      ] GC(59) User=0.07s Sys=0.00s Real=0.01s
[2025-05-20T23:44:56.462+0000][gc,start    ] GC(60) Pause Young (Normal) (G1 Evacuation Pause)
[2025-05-20T23:44:56.462+0000][gc,task     ] GC(60) Using 10 workers of 10 for evacuation
[2025-05-20T23:44:56.469+0000][gc,phases   ] GC(60)   Pre Evacuate Collection Set: 0.3ms
[2025-05-20T23:44:56.469+0000][gc,phases   ] GC(60)   Merge Heap Roots: 0.2ms
[2025-05-20T23:44:56.469+0000][gc,phases   ] GC(60)   Evacuate Collection Set: 5.0ms
[2025-05-20T23:44:56.469+0000][gc,phases   ] GC(60)   Post Evacuate Collection Set: 1.0ms
[2025-05-20T23:44:56.470+0000][gc,phases   ] GC(60)   Other: 0.3ms
[2025-05-20T23:44:56.470+0000][gc,heap     ] GC(60) Eden regions: 593->0(596)
[2025-05-20T23:44:56.470+0000][gc,heap     ] GC(60) Survivor regions: 21->18(77)
[2025-05-20T23:44:56.470+0000][gc,heap     ] GC(60) Old regions: 32->33
[2025-05-20T23:44:56.470+0000][gc,heap     ] GC(60) Humongous regions: 130->130
[2025-05-20T23:44:56.470+0000][gc,metaspace] GC(60) Metaspace: 16951K(17408K)->16951K(17408K) NonClass: 15093K(15296K)->15093K(15296K) Class: 1858K(2112K)->1858K(2112K)
[2025-05-20T23:44:56.470+0000][gc          ] GC(60) Pause Young (Normal) (G1 Evacuation Pause) 775M->180M(1024M) 8.588ms
[2025-05-20T23:44:56.471+0000][gc,cpu      ] GC(60) User=0.04s Sys=0.00s Real=0.00s
[2025-05-20T23:45:36.079+0000][gc,start    ] GC(61) Pause Young (Normal) (G1 Evacuation Pause)
[2025-05-20T23:45:36.080+0000][gc,task     ] GC(61) Using 10 workers of 10 for evacuation
[2025-05-20T23:45:36.087+0000][gc,phases   ] GC(61)   Pre Evacuate Collection Set: 0.3ms
[2025-05-20T23:45:36.087+0000][gc,phases   ] GC(61)   Merge Heap Roots: 0.2ms
[2025-05-20T23:45:36.087+0000][gc,phases   ] GC(61)   Evacuate Collection Set: 5.5ms
[2025-05-20T23:45:36.088+0000][gc,phases   ] GC(61)   Post Evacuate Collection Set: 1.2ms
[2025-05-20T23:45:36.088+0000][gc,phases   ] GC(61)   Other: 0.3ms
[2025-05-20T23:45:36.088+0000][gc,heap     ] GC(61) Eden regions: 596->0(597)
[2025-05-20T23:45:36.088+0000][gc,heap     ] GC(61) Survivor regions: 18->17(77)
[2025-05-20T23:45:36.088+0000][gc,heap     ] GC(61) Old regions: 33->34
[2025-05-20T23:45:36.088+0000][gc,heap     ] GC(61) Humongous regions: 130->130
[2025-05-20T23:45:36.089+0000][gc,metaspace] GC(61) Metaspace: 16951K(17408K)->16951K(17408K) NonClass: 15093K(15296K)->15093K(15296K) Class: 1858K(2112K)->1858K(2112K)
[2025-05-20T23:45:36.089+0000][gc          ] GC(61) Pause Young (Normal) (G1 Evacuation Pause) 776M->180M(1024M) 9.518ms
[2025-05-20T23:45:36.089+0000][gc,cpu      ] GC(61) User=0.05s Sys=0.01s Real=0.00s
[2025-05-20T23:46:06.282+0000][gc,start    ] GC(62) Pause Young (Normal) (G1 Evacuation Pause)
[2025-05-20T23:46:06.283+0000][gc,task     ] GC(62) Using 10 workers of 10 for evacuation
[2025-05-20T23:46:06.289+0000][gc,phases   ] GC(62)   Pre Evacuate Collection Set: 0.3ms
[2025-05-20T23:46:06.289+0000][gc,phases   ] GC(62)   Merge Heap Roots: 0.2ms
[2025-05-20T23:46:06.290+0000][gc,phases   ] GC(62)   Evacuate Collection Set: 4.9ms
[2025-05-20T23:46:06.290+0000][gc,phases   ] GC(62)   Post Evacuate Collection Set: 1.0ms
[2025-05-20T23:46:06.290+0000][gc,phases   ] GC(62)   Other: 0.3ms
[2025-05-20T23:46:06.290+0000][gc,heap     ] GC(62) Eden regions: 597->0(594)
[2025-05-20T23:46:06.290+0000][gc,heap     ] GC(62) Survivor regions: 17->20(77)
[2025-05-20T23:46:06.290+0000][gc,heap     ] GC(62) Old regions: 34->35
[2025-05-20T23:46:06.291+0000][gc,heap     ] GC(62) Humongous regions: 130->130
[2025-05-20T23:46:06.291+0000][gc,metaspace] GC(62) Metaspace: 16951K(17408K)->16951K(17408K) NonClass: 15093K(15296K)->15093K(15296K) Class: 1858K(2112K)->1858K(2112K)
[2025-05-20T23:46:06.291+0000][gc          ] GC(62) Pause Young (Normal) (G1 Evacuation Pause) 777M->183M(1024M) 8.809ms
[2025-05-20T23:46:06.291+0000][gc,cpu      ] GC(62) User=0.05s Sys=0.00s Real=0.01s
[2025-05-20T23:46:36.544+0000][gc,start    ] GC(63) Pause Young (Normal) (G1 Evacuation Pause)
[2025-05-20T23:46:36.544+0000][gc,task     ] GC(63) Using 10 workers of 10 for evacuation
[2025-05-20T23:46:36.553+0000][gc,phases   ] GC(63)   Pre Evacuate Collection Set: 0.3ms
[2025-05-20T23:46:36.553+0000][gc,phases   ] GC(63)   Merge Heap Roots: 0.2ms
[2025-05-20T23:46:36.553+0000][gc,phases   ] GC(63)   Evacuate Collection Set: 7.2ms
[2025-05-20T23:46:36.554+0000][gc,phases   ] GC(63)   Post Evacuate Collection Set: 1.0ms
[2025-05-20T23:46:36.554+0000][gc,phases   ] GC(63)   Other: 0.2ms
[2025-05-20T23:46:36.554+0000][gc,heap     ] GC(63) Eden regions: 594->0(592)
[2025-05-20T23:46:36.554+0000][gc,heap     ] GC(63) Survivor regions: 20->22(77)
[2025-05-20T23:46:36.554+0000][gc,heap     ] GC(63) Old regions: 35->35
[2025-05-20T23:46:36.555+0000][gc,heap     ] GC(63) Humongous regions: 130->130
[2025-05-20T23:46:36.555+0000][gc,metaspace] GC(63) Metaspace: 16953K(17408K)->16953K(17408K) NonClass: 15095K(15296K)->15095K(15296K) Class: 1858K(2112K)->1858K(2112K)
[2025-05-20T23:46:36.555+0000][gc          ] GC(63) Pause Young (Normal) (G1 Evacuation Pause) 777M->186M(1024M) 11.313ms
[2025-05-20T23:46:36.555+0000][gc,cpu      ] GC(63) User=0.06s Sys=0.00s Real=0.01s
[2025-05-20T23:47:16.085+0000][gc,start    ] GC(64) Pause Young (Normal) (G1 Evacuation Pause)
[2025-05-20T23:47:16.085+0000][gc,task     ] GC(64) Using 10 workers of 10 for evacuation
[2025-05-20T23:47:16.094+0000][gc,phases   ] GC(64)   Pre Evacuate Collection Set: 0.4ms
[2025-05-20T23:47:16.095+0000][gc,phases   ] GC(64)   Merge Heap Roots: 0.3ms
[2025-05-20T23:47:16.095+0000][gc,phases   ] GC(64)   Evacuate Collection Set: 7.4ms
[2025-05-20T23:47:16.095+0000][gc,phases   ] GC(64)   Post Evacuate Collection Set: 1.0ms
[2025-05-20T23:47:16.095+0000][gc,phases   ] GC(64)   Other: 0.3ms
[2025-05-20T23:47:16.095+0000][gc,heap     ] GC(64) Eden regions: 592->0(594)
[2025-05-20T23:47:16.095+0000][gc,heap     ] GC(64) Survivor regions: 22->20(77)
[2025-05-20T23:47:16.096+0000][gc,heap     ] GC(64) Old regions: 35->36
[2025-05-20T23:47:16.096+0000][gc,heap     ] GC(64) Humongous regions: 130->130
[2025-05-20T23:47:16.096+0000][gc,metaspace] GC(64) Metaspace: 16979K(17408K)->16979K(17408K) NonClass: 15120K(15296K)->15120K(15296K) Class: 1858K(2112K)->1858K(2112K)
[2025-05-20T23:47:16.096+0000][gc          ] GC(64) Pause Young (Normal) (G1 Evacuation Pause) 778M->185M(1024M) 11.197ms
[2025-05-20T23:47:16.096+0000][gc,cpu      ] GC(64) User=0.07s Sys=0.02s Real=0.02s
[2025-05-20T23:47:46.326+0000][gc,start    ] GC(65) Pause Young (Normal) (G1 Evacuation Pause)
[2025-05-20T23:47:46.326+0000][gc,task     ] GC(65) Using 10 workers of 10 for evacuation
[2025-05-20T23:47:46.334+0000][gc,phases   ] GC(65)   Pre Evacuate Collection Set: 0.4ms
[2025-05-20T23:47:46.335+0000][gc,phases   ] GC(65)   Merge Heap Roots: 0.3ms
[2025-05-20T23:47:46.335+0000][gc,phases   ] GC(65)   Evacuate Collection Set: 6.0ms
[2025-05-20T23:47:46.335+0000][gc,phases   ] GC(65)   Post Evacuate Collection Set: 1.2ms
[2025-05-20T23:47:46.335+0000][gc,phases   ] GC(65)   Other: 0.5ms
[2025-05-20T23:47:46.335+0000][gc,heap     ] GC(65) Eden regions: 594->0(595)
[2025-05-20T23:47:46.335+0000][gc,heap     ] GC(65) Survivor regions: 20->19(77)
[2025-05-20T23:47:46.336+0000][gc,heap     ] GC(65) Old regions: 36->37
[2025-05-20T23:47:46.336+0000][gc,heap     ] GC(65) Humongous regions: 130->130
[2025-05-20T23:47:46.336+0000][gc,metaspace] GC(65) Metaspace: 16982K(17408K)->16982K(17408K) NonClass: 15123K(15296K)->15123K(15296K) Class: 1858K(2112K)->1858K(2112K)
[2025-05-20T23:47:46.336+0000][gc          ] GC(65) Pause Young (Normal) (G1 Evacuation Pause) 779M->185M(1024M) 10.535ms
[2025-05-20T23:47:46.337+0000][gc,cpu      ] GC(65) User=0.05s Sys=0.01s Real=0.01s
[2025-05-20T23:48:16.490+0000][gc,start    ] GC(66) Pause Young (Normal) (G1 Evacuation Pause)
[2025-05-20T23:48:16.490+0000][gc,task     ] GC(66) Using 10 workers of 10 for evacuation
[2025-05-20T23:48:16.500+0000][gc,phases   ] GC(66)   Pre Evacuate Collection Set: 0.4ms
[2025-05-20T23:48:16.500+0000][gc,phases   ] GC(66)   Merge Heap Roots: 0.3ms
[2025-05-20T23:48:16.500+0000][gc,phases   ] GC(66)   Evacuate Collection Set: 7.8ms
[2025-05-20T23:48:16.500+0000][gc,phases   ] GC(66)   Post Evacuate Collection Set: 1.0ms
[2025-05-20T23:48:16.500+0000][gc,phases   ] GC(66)   Other: 0.3ms
[2025-05-20T23:48:16.501+0000][gc,heap     ] GC(66) Eden regions: 595->0(593)
[2025-05-20T23:48:16.501+0000][gc,heap     ] GC(66) Survivor regions: 19->21(77)
[2025-05-20T23:48:16.501+0000][gc,heap     ] GC(66) Old regions: 37->38
[2025-05-20T23:48:16.501+0000][gc,heap     ] GC(66) Humongous regions: 130->130
[2025-05-20T23:48:16.501+0000][gc,metaspace] GC(66) Metaspace: 16982K(17408K)->16982K(17408K) NonClass: 15123K(15296K)->15123K(15296K) Class: 1858K(2112K)->1858K(2112K)
[2025-05-20T23:48:16.502+0000][gc          ] GC(66) Pause Young (Normal) (G1 Evacuation Pause) 780M->188M(1024M) 11.956ms
[2025-05-20T23:48:16.502+0000][gc,cpu      ] GC(66) User=0.07s Sys=0.00s Real=0.01s
[2025-05-20T23:48:56.080+0000][gc,start    ] GC(67) Pause Young (Normal) (G1 Evacuation Pause)
[2025-05-20T23:48:56.081+0000][gc,task     ] GC(67) Using 10 workers of 10 for evacuation
[2025-05-20T23:48:56.088+0000][gc,phases   ] GC(67)   Pre Evacuate Collection Set: 0.4ms
[2025-05-20T23:48:56.088+0000][gc,phases   ] GC(67)   Merge Heap Roots: 0.2ms
[2025-05-20T23:48:56.088+0000][gc,phases   ] GC(67)   Evacuate Collection Set: 5.4ms
[2025-05-20T23:48:56.089+0000][gc,phases   ] GC(67)   Post Evacuate Collection Set: 0.9ms
[2025-05-20T23:48:56.089+0000][gc,phases   ] GC(67)   Other: 0.3ms
[2025-05-20T23:48:56.089+0000][gc,heap     ] GC(67) Eden regions: 593->0(595)
[2025-05-20T23:48:56.089+0000][gc,heap     ] GC(67) Survivor regions: 21->19(77)
[2025-05-20T23:48:56.089+0000][gc,heap     ] GC(67) Old regions: 38->39
[2025-05-20T23:48:56.089+0000][gc,heap     ] GC(67) Humongous regions: 130->130
[2025-05-20T23:48:56.089+0000][gc,metaspace] GC(67) Metaspace: 16983K(17408K)->16983K(17408K) NonClass: 15124K(15296K)->15124K(15296K) Class: 1858K(2112K)->1858K(2112K)
[2025-05-20T23:48:56.090+0000][gc          ] GC(67) Pause Young (Normal) (G1 Evacuation Pause) 781M->187M(1024M) 9.264ms
[2025-05-20T23:48:56.090+0000][gc,cpu      ] GC(67) User=0.01s Sys=0.04s Real=0.01s
[2025-05-20T23:49:26.286+0000][gc,start    ] GC(68) Pause Young (Normal) (G1 Evacuation Pause)
[2025-05-20T23:49:26.286+0000][gc,task     ] GC(68) Using 10 workers of 10 for evacuation
[2025-05-20T23:49:26.294+0000][gc,phases   ] GC(68)   Pre Evacuate Collection Set: 0.3ms
[2025-05-20T23:49:26.294+0000][gc,phases   ] GC(68)   Merge Heap Roots: 0.2ms
[2025-05-20T23:49:26.295+0000][gc,phases   ] GC(68)   Evacuate Collection Set: 6.6ms
[2025-05-20T23:49:26.295+0000][gc,phases   ] GC(68)   Post Evacuate Collection Set: 1.0ms
[2025-05-20T23:49:26.295+0000][gc,phases   ] GC(68)   Other: 0.2ms
[2025-05-20T23:49:26.295+0000][gc,heap     ] GC(68) Eden regions: 595->0(592)
[2025-05-20T23:49:26.295+0000][gc,heap     ] GC(68) Survivor regions: 19->22(77)
[2025-05-20T23:49:26.295+0000][gc,heap     ] GC(68) Old regions: 39->40
[2025-05-20T23:49:26.296+0000][gc,heap     ] GC(68) Humongous regions: 130->130
[2025-05-20T23:49:26.296+0000][gc,metaspace] GC(68) Metaspace: 16984K(17408K)->16984K(17408K) NonClass: 15126K(15296K)->15126K(15296K) Class: 1858K(2112K)->1858K(2112K)
[2025-05-20T23:49:26.296+0000][gc          ] GC(68) Pause Young (Normal) (G1 Evacuation Pause) 782M->190M(1024M) 10.659ms
[2025-05-20T23:49:26.296+0000][gc,cpu      ] GC(68) User=0.07s Sys=0.00s Real=0.01s
[2025-05-20T23:49:56.479+0000][gc,start    ] GC(69) Pause Young (Normal) (G1 Evacuation Pause)
[2025-05-20T23:49:56.479+0000][gc,task     ] GC(69) Using 10 workers of 10 for evacuation
[2025-05-20T23:49:56.489+0000][gc,phases   ] GC(69)   Pre Evacuate Collection Set: 0.3ms
[2025-05-20T23:49:56.489+0000][gc,phases   ] GC(69)   Merge Heap Roots: 0.2ms
[2025-05-20T23:49:56.489+0000][gc,phases   ] GC(69)   Evacuate Collection Set: 7.4ms
[2025-05-20T23:49:56.489+0000][gc,phases   ] GC(69)   Post Evacuate Collection Set: 1.1ms
[2025-05-20T23:49:56.489+0000][gc,phases   ] GC(69)   Other: 0.3ms
[2025-05-20T23:49:56.489+0000][gc,heap     ] GC(69) Eden regions: 592->0(590)
[2025-05-20T23:49:56.490+0000][gc,heap     ] GC(69) Survivor regions: 22->24(77)
[2025-05-20T23:49:56.490+0000][gc,heap     ] GC(69) Old regions: 40->40
[2025-05-20T23:49:56.490+0000][gc,heap     ] GC(69) Humongous regions: 130->130
[2025-05-20T23:49:56.490+0000][gc,metaspace] GC(69) Metaspace: 16985K(17408K)->16985K(17408K) NonClass: 15126K(15296K)->15126K(15296K) Class: 1858K(2112K)->1858K(2112K)
[2025-05-20T23:49:56.490+0000][gc          ] GC(69) Pause Young (Normal) (G1 Evacuation Pause) 782M->193M(1024M) 11.213ms
[2025-05-20T23:49:56.490+0000][gc,cpu      ] GC(69) User=0.05s Sys=0.01s Real=0.01s
[2025-05-20T23:50:36.082+0000][gc,start    ] GC(70) Pause Young (Normal) (G1 Evacuation Pause)
[2025-05-20T23:50:36.082+0000][gc,task     ] GC(70) Using 10 workers of 10 for evacuation
[2025-05-20T23:50:36.090+0000][gc,phases   ] GC(70)   Pre Evacuate Collection Set: 0.4ms
[2025-05-20T23:50:36.091+0000][gc,phases   ] GC(70)   Merge Heap Roots: 0.3ms
[2025-05-20T23:50:36.091+0000][gc,phases   ] GC(70)   Evacuate Collection Set: 5.9ms
[2025-05-20T23:50:36.091+0000][gc,phases   ] GC(70)   Post Evacuate Collection Set: 1.2ms
[2025-05-20T23:50:36.091+0000][gc,phases   ] GC(70)   Other: 0.3ms
[2025-05-20T23:50:36.092+0000][gc,heap     ] GC(70) Eden regions: 590->0(595)
[2025-05-20T23:50:36.092+0000][gc,heap     ] GC(70) Survivor regions: 24->19(77)
[2025-05-20T23:50:36.092+0000][gc,heap     ] GC(70) Old regions: 40->41
[2025-05-20T23:50:36.092+0000][gc,heap     ] GC(70) Humongous regions: 130->130
[2025-05-20T23:50:36.093+0000][gc,metaspace] GC(70) Metaspace: 16987K(17408K)->16987K(17408K) NonClass: 15128K(15296K)->15128K(15296K) Class: 1858K(2112K)->1858K(2112K)
[2025-05-20T23:50:36.093+0000][gc          ] GC(70) Pause Young (Normal) (G1 Evacuation Pause) 783M->189M(1024M) 10.677ms
[2025-05-20T23:50:36.093+0000][gc,cpu      ] GC(70) User=0.06s Sys=0.00s Real=0.01s
[2025-05-20T23:51:06.275+0000][gc,start    ] GC(71) Pause Young (Normal) (G1 Evacuation Pause)
[2025-05-20T23:51:06.275+0000][gc,task     ] GC(71) Using 10 workers of 10 for evacuation
[2025-05-20T23:51:06.284+0000][gc,phases   ] GC(71)   Pre Evacuate Collection Set: 0.4ms
[2025-05-20T23:51:06.284+0000][gc,phases   ] GC(71)   Merge Heap Roots: 0.3ms
[2025-05-20T23:51:06.284+0000][gc,phases   ] GC(71)   Evacuate Collection Set: 6.4ms
[2025-05-20T23:51:06.284+0000][gc,phases   ] GC(71)   Post Evacuate Collection Set: 1.4ms
[2025-05-20T23:51:06.284+0000][gc,phases   ] GC(71)   Other: 0.3ms
[2025-05-20T23:51:06.285+0000][gc,heap     ] GC(71) Eden regions: 595->0(594)
[2025-05-20T23:51:06.285+0000][gc,heap     ] GC(71) Survivor regions: 19->20(77)
[2025-05-20T23:51:06.285+0000][gc,heap     ] GC(71) Old regions: 41->42
[2025-05-20T23:51:06.285+0000][gc,heap     ] GC(71) Humongous regions: 130->130
[2025-05-20T23:51:06.285+0000][gc,metaspace] GC(71) Metaspace: 16992K(17408K)->16992K(17408K) NonClass: 15133K(15296K)->15133K(15296K) Class: 1858K(2112K)->1858K(2112K)
[2025-05-20T23:51:06.285+0000][gc          ] GC(71) Pause Young (Normal) (G1 Evacuation Pause) 784M->191M(1024M) 10.896ms
[2025-05-20T23:51:06.286+0000][gc,cpu      ] GC(71) User=0.05s Sys=0.02s Real=0.01s
[2025-05-20T23:51:36.557+0000][gc,start    ] GC(72) Pause Young (Normal) (G1 Evacuation Pause)
[2025-05-20T23:51:36.557+0000][gc,task     ] GC(72) Using 10 workers of 10 for evacuation
[2025-05-20T23:51:36.565+0000][gc,phases   ] GC(72)   Pre Evacuate Collection Set: 0.3ms
[2025-05-20T23:51:36.566+0000][gc,phases   ] GC(72)   Merge Heap Roots: 0.2ms
[2025-05-20T23:51:36.566+0000][gc,phases   ] GC(72)   Evacuate Collection Set: 6.3ms
[2025-05-20T23:51:36.566+0000][gc,phases   ] GC(72)   Post Evacuate Collection Set: 1.3ms
[2025-05-20T23:51:36.566+0000][gc,phases   ] GC(72)   Other: 0.4ms
[2025-05-20T23:51:36.566+0000][gc,heap     ] GC(72) Eden regions: 594->0(592)
[2025-05-20T23:51:36.567+0000][gc,heap     ] GC(72) Survivor regions: 20->22(77)
[2025-05-20T23:51:36.567+0000][gc,heap     ] GC(72) Old regions: 42->43
[2025-05-20T23:51:36.567+0000][gc,heap     ] GC(72) Humongous regions: 130->130
[2025-05-20T23:51:36.567+0000][gc,metaspace] GC(72) Metaspace: 17004K(17408K)->17004K(17408K) NonClass: 15146K(15296K)->15146K(15296K) Class: 1858K(2112K)->1858K(2112K)
[2025-05-20T23:51:36.568+0000][gc          ] GC(72) Pause Young (Normal) (G1 Evacuation Pause) 785M->194M(1024M) 10.726ms
[2025-05-20T23:51:36.568+0000][gc,cpu      ] GC(72) User=0.07s Sys=0.00s Real=0.01s
[2025-05-20T23:52:16.058+0000][gc,start    ] GC(73) Pause Young (Normal) (G1 Evacuation Pause)
[2025-05-20T23:52:16.058+0000][gc,task     ] GC(73) Using 10 workers of 10 for evacuation
[2025-05-20T23:52:16.066+0000][gc,phases   ] GC(73)   Pre Evacuate Collection Set: 0.3ms
[2025-05-20T23:52:16.066+0000][gc,phases   ] GC(73)   Merge Heap Roots: 0.2ms
[2025-05-20T23:52:16.066+0000][gc,phases   ] GC(73)   Evacuate Collection Set: 5.9ms
[2025-05-20T23:52:16.066+0000][gc,phases   ] GC(73)   Post Evacuate Collection Set: 1.2ms
[2025-05-20T23:52:16.066+0000][gc,phases   ] GC(73)   Other: 0.2ms
[2025-05-20T23:52:16.067+0000][gc,heap     ] GC(73) Eden regions: 592->0(594)
[2025-05-20T23:52:16.067+0000][gc,heap     ] GC(73) Survivor regions: 22->20(77)
[2025-05-20T23:52:16.067+0000][gc,heap     ] GC(73) Old regions: 43->45
[2025-05-20T23:52:16.067+0000][gc,heap     ] GC(73) Humongous regions: 130->130
[2025-05-20T23:52:16.067+0000][gc,metaspace] GC(73) Metaspace: 17007K(17408K)->17007K(17408K) NonClass: 15148K(15296K)->15148K(15296K) Class: 1858K(2112K)->1858K(2112K)
[2025-05-20T23:52:16.067+0000][gc          ] GC(73) Pause Young (Normal) (G1 Evacuation Pause) 786M->194M(1024M) 9.913ms
[2025-05-20T23:52:16.068+0000][gc,cpu      ] GC(73) User=0.06s Sys=0.00s Real=0.01s
[2025-05-20T23:52:46.364+0000][gc,start    ] GC(74) Pause Young (Normal) (G1 Evacuation Pause)
[2025-05-20T23:52:46.364+0000][gc,task     ] GC(74) Using 10 workers of 10 for evacuation
[2025-05-20T23:52:46.375+0000][gc,phases   ] GC(74)   Pre Evacuate Collection Set: 0.4ms
[2025-05-20T23:52:46.375+0000][gc,phases   ] GC(74)   Merge Heap Roots: 0.2ms
[2025-05-20T23:52:46.375+0000][gc,phases   ] GC(74)   Evacuate Collection Set: 8.6ms
[2025-05-20T23:52:46.375+0000][gc,phases   ] GC(74)   Post Evacuate Collection Set: 1.2ms
[2025-05-20T23:52:46.376+0000][gc,phases   ] GC(74)   Other: 0.4ms
[2025-05-20T23:52:46.376+0000][gc,heap     ] GC(74) Eden regions: 594->0(592)
[2025-05-20T23:52:46.376+0000][gc,heap     ] GC(74) Survivor regions: 20->22(77)
[2025-05-20T23:52:46.376+0000][gc,heap     ] GC(74) Old regions: 45->46
[2025-05-20T23:52:46.377+0000][gc,heap     ] GC(74) Humongous regions: 130->130
[2025-05-20T23:52:46.377+0000][gc,metaspace] GC(74) Metaspace: 17011K(17408K)->17011K(17408K) NonClass: 15152K(15296K)->15152K(15296K) Class: 1858K(2112K)->1858K(2112K)
[2025-05-20T23:52:46.377+0000][gc          ] GC(74) Pause Young (Normal) (G1 Evacuation Pause) 788M->196M(1024M) 13.287ms
[2025-05-20T23:52:46.377+0000][gc,cpu      ] GC(74) User=0.07s Sys=0.01s Real=0.01s
[2025-05-20T23:53:16.474+0000][gc,start    ] GC(75) Pause Young (Normal) (G1 Evacuation Pause)
[2025-05-20T23:53:16.474+0000][gc,task     ] GC(75) Using 10 workers of 10 for evacuation
[2025-05-20T23:53:16.483+0000][gc,phases   ] GC(75)   Pre Evacuate Collection Set: 0.5ms
[2025-05-20T23:53:16.483+0000][gc,phases   ] GC(75)   Merge Heap Roots: 0.2ms
[2025-05-20T23:53:16.483+0000][gc,phases   ] GC(75)   Evacuate Collection Set: 6.2ms
[2025-05-20T23:53:16.483+0000][gc,phases   ] GC(75)   Post Evacuate Collection Set: 1.2ms
[2025-05-20T23:53:16.484+0000][gc,phases   ] GC(75)   Other: 0.3ms
[2025-05-20T23:53:16.484+0000][gc,heap     ] GC(75) Eden regions: 592->0(594)
[2025-05-20T23:53:16.484+0000][gc,heap     ] GC(75) Survivor regions: 22->20(77)
[2025-05-20T23:53:16.484+0000][gc,heap     ] GC(75) Old regions: 46->47
[2025-05-20T23:53:16.484+0000][gc,heap     ] GC(75) Humongous regions: 130->130
[2025-05-20T23:53:16.484+0000][gc,metaspace] GC(75) Metaspace: 17011K(17408K)->17011K(17408K) NonClass: 15152K(15296K)->15152K(15296K) Class: 1858K(2112K)->1858K(2112K)
[2025-05-20T23:53:16.485+0000][gc          ] GC(75) Pause Young (Normal) (G1 Evacuation Pause) 788M->196M(1024M) 10.790ms
[2025-05-20T23:53:16.485+0000][gc,cpu      ] GC(75) User=0.05s Sys=0.02s Real=0.01s
[2025-05-20T23:53:46.213+0000][gc,heap,exit] Heap
[2025-05-20T23:53:46.213+0000][gc,heap,exit]  garbage-first heap   total 1048576K, used 630852K [0x00000000c0000000, 0x0000000100000000)
[2025-05-20T23:53:46.213+0000][gc,heap,exit]   region size 1024K, 440 young (450560K), 20 survivors (20480K)
[2025-05-20T23:53:46.213+0000][gc,heap,exit]  Metaspace       used 17852K, committed 18304K, reserved 1114112K
[2025-05-20T23:53:46.214+0000][gc,heap,exit]   class space    used 2070K, committed 2304K, reserved 1048576K
