[2025-05-24T00:28:26.740+0000][gc,init] CardTable entry size: 512
[2025-05-24T00:28:26.741+0000][gc     ] Using G1
[2025-05-24T00:28:26.766+0000][gc,init] Version: 21.0.4+7-LTS (release)
[2025-05-24T00:28:26.767+0000][gc,init] CPUs: 12 total, 12 available
[2025-05-24T00:28:26.769+0000][gc,init] Memory: 15597M
[2025-05-24T00:28:26.769+0000][gc,init] Large Page Support: Disabled
[2025-05-24T00:28:26.770+0000][gc,init] NUMA Support: Disabled
[2025-05-24T00:28:26.770+0000][gc,init] Compressed Oops: Enabled (32-bit)
[2025-05-24T00:28:26.777+0000][gc,init] Heap Region Size: 1M
[2025-05-24T00:28:26.777+0000][gc,init] Heap Min Capacity: 1G
[2025-05-24T00:28:26.777+0000][gc,init] Heap Initial Capacity: 1G
[2025-05-24T00:28:26.781+0000][gc,init] Heap Max Capacity: 1G
[2025-05-24T00:28:26.783+0000][gc,init] Pre-touch: Disabled
[2025-05-24T00:28:26.783+0000][gc,init] Parallel Workers: 10
[2025-05-24T00:28:26.785+0000][gc,init] Concurrent Workers: 3
[2025-05-24T00:28:26.792+0000][gc,init] Concurrent Refinement Workers: 10
[2025-05-24T00:28:26.794+0000][gc,init] Periodic GC: Disabled
[2025-05-24T00:28:26.897+0000][gc,metaspace] CDS archive(s) mapped at: [0x00007f8c9f000000-0x00007f8c9fbbe000-0x00007f8ca2674000), size 57098240, SharedBaseAddress: 0x00007f8c9f000000, ArchiveRelocationMode: 1.
[2025-05-24T00:28:26.911+0000][gc,metaspace] Compressed class space mapped at: 0x00007f8ca3000000-0x00007f8ce3000000, reserved size: 1073741824
[2025-05-24T00:28:26.911+0000][gc,metaspace] Narrow klass base: 0x00007f8c9f000000, Narrow klass shift: 0, Narrow klass range: 0x100000000
[2025-05-24T00:28:30.687+0000][gc,start    ] GC(0) Pause Young (Normal) (G1 Evacuation Pause)
[2025-05-24T00:28:30.693+0000][gc,task     ] GC(0) Using 10 workers of 10 for evacuation
[2025-05-24T00:28:30.729+0000][gc,phases   ] GC(0)   Pre Evacuate Collection Set: 0.4ms
[2025-05-24T00:28:30.729+0000][gc,phases   ] GC(0)   Merge Heap Roots: 0.2ms
[2025-05-24T00:28:30.730+0000][gc,phases   ] GC(0)   Evacuate Collection Set: 30.3ms
[2025-05-24T00:28:30.730+0000][gc,phases   ] GC(0)   Post Evacuate Collection Set: 4.7ms
[2025-05-24T00:28:30.730+0000][gc,phases   ] GC(0)   Other: 5.2ms
[2025-05-24T00:28:30.731+0000][gc,heap     ] GC(0) Eden regions: 51->0(44)
[2025-05-24T00:28:30.731+0000][gc,heap     ] GC(0) Survivor regions: 0->7(7)
[2025-05-24T00:28:30.732+0000][gc,heap     ] GC(0) Old regions: 1->7
[2025-05-24T00:28:30.732+0000][gc,heap     ] GC(0) Humongous regions: 1->1
[2025-05-24T00:28:30.732+0000][gc,metaspace] GC(0) Metaspace: 5599K(5824K)->5599K(5824K) NonClass: 4939K(5056K)->4939K(5056K) Class: 659K(768K)->659K(768K)
[2025-05-24T00:28:30.734+0000][gc          ] GC(0) Pause Young (Normal) (G1 Evacuation Pause) 52M->14M(1024M) 46.655ms
[2025-05-24T00:28:30.736+0000][gc,cpu      ] GC(0) User=0.11s Sys=0.02s Real=0.05s
[2025-05-24T00:28:39.477+0000][gc,start    ] GC(1) Pause Young (Normal) (G1 Evacuation Pause)
[2025-05-24T00:28:39.478+0000][gc,task     ] GC(1) Using 10 workers of 10 for evacuation
[2025-05-24T00:28:39.531+0000][gc,phases   ] GC(1)   Pre Evacuate Collection Set: 2.9ms
[2025-05-24T00:28:39.539+0000][gc,phases   ] GC(1)   Merge Heap Roots: 0.4ms
[2025-05-24T00:28:39.540+0000][gc,phases   ] GC(1)   Evacuate Collection Set: 47.5ms
[2025-05-24T00:28:39.541+0000][gc,phases   ] GC(1)   Post Evacuate Collection Set: 2.0ms
[2025-05-24T00:28:39.541+0000][gc,phases   ] GC(1)   Other: 0.5ms
[2025-05-24T00:28:39.541+0000][gc,heap     ] GC(1) Eden regions: 44->0(45)
[2025-05-24T00:28:39.541+0000][gc,heap     ] GC(1) Survivor regions: 7->6(7)
[2025-05-24T00:28:39.542+0000][gc,heap     ] GC(1) Old regions: 7->14
[2025-05-24T00:28:39.545+0000][gc,heap     ] GC(1) Humongous regions: 130->130
[2025-05-24T00:28:39.545+0000][gc,metaspace] GC(1) Metaspace: 8882K(9216K)->8882K(9216K) NonClass: 7686K(7872K)->7686K(7872K) Class: 1195K(1344K)->1195K(1344K)
[2025-05-24T00:28:39.545+0000][gc          ] GC(1) Pause Young (Normal) (G1 Evacuation Pause) 187M->149M(1024M) 68.799ms
[2025-05-24T00:28:39.546+0000][gc,cpu      ] GC(1) User=0.08s Sys=0.02s Real=0.06s
[2025-05-24T00:28:40.583+0000][gc,start    ] GC(2) Pause Young (Normal) (G1 Evacuation Pause)
[2025-05-24T00:28:40.584+0000][gc,task     ] GC(2) Using 10 workers of 10 for evacuation
[2025-05-24T00:28:40.620+0000][gc,phases   ] GC(2)   Pre Evacuate Collection Set: 0.7ms
[2025-05-24T00:28:40.620+0000][gc,phases   ] GC(2)   Merge Heap Roots: 0.1ms
[2025-05-24T00:28:40.620+0000][gc,phases   ] GC(2)   Evacuate Collection Set: 19.6ms
[2025-05-24T00:28:40.621+0000][gc,phases   ] GC(2)   Post Evacuate Collection Set: 7.5ms
[2025-05-24T00:28:40.625+0000][gc,phases   ] GC(2)   Other: 7.6ms
[2025-05-24T00:28:40.626+0000][gc,heap     ] GC(2) Eden regions: 50->0(121)
[2025-05-24T00:28:40.629+0000][gc,heap     ] GC(2) Survivor regions: 6->2(7)
[2025-05-24T00:28:40.630+0000][gc,heap     ] GC(2) Old regions: 14->20
[2025-05-24T00:28:40.631+0000][gc,heap     ] GC(2) Humongous regions: 130->130
[2025-05-24T00:28:40.631+0000][gc,metaspace] GC(2) Metaspace: 9314K(9664K)->9314K(9664K) NonClass: 8053K(8256K)->8053K(8256K) Class: 1260K(1408K)->1260K(1408K)
[2025-05-24T00:28:40.633+0000][gc          ] GC(2) Pause Young (Normal) (G1 Evacuation Pause) 199M->151M(1024M) 49.710ms
[2025-05-24T00:28:40.633+0000][gc,cpu      ] GC(2) User=0.05s Sys=0.05s Real=0.05s
[2025-05-24T00:28:48.906+0000][gc,start    ] GC(3) Pause Young (Normal) (G1 Evacuation Pause)
[2025-05-24T00:28:48.907+0000][gc,task     ] GC(3) Using 10 workers of 10 for evacuation
[2025-05-24T00:28:48.917+0000][gc,phases   ] GC(3)   Pre Evacuate Collection Set: 0.4ms
[2025-05-24T00:28:48.917+0000][gc,phases   ] GC(3)   Merge Heap Roots: 0.2ms
[2025-05-24T00:28:48.918+0000][gc,phases   ] GC(3)   Evacuate Collection Set: 8.3ms
[2025-05-24T00:28:48.918+0000][gc,phases   ] GC(3)   Post Evacuate Collection Set: 1.2ms
[2025-05-24T00:28:48.918+0000][gc,phases   ] GC(3)   Other: 0.4ms
[2025-05-24T00:28:48.918+0000][gc,heap     ] GC(3) Eden regions: 126->0(308)
[2025-05-24T00:28:48.919+0000][gc,heap     ] GC(3) Survivor regions: 2->8(16)
[2025-05-24T00:28:48.919+0000][gc,heap     ] GC(3) Old regions: 20->20
[2025-05-24T00:28:48.919+0000][gc,heap     ] GC(3) Humongous regions: 131->130
[2025-05-24T00:28:48.919+0000][gc,metaspace] GC(3) Metaspace: 12020K(12416K)->12020K(12416K) NonClass: 10440K(10624K)->10440K(10624K) Class: 1579K(1792K)->1579K(1792K)
[2025-05-24T00:28:48.920+0000][gc          ] GC(3) Pause Young (Normal) (G1 Evacuation Pause) 278M->157M(1024M) 13.428ms
[2025-05-24T00:28:48.920+0000][gc,cpu      ] GC(3) User=0.06s Sys=0.00s Real=0.02s
[2025-05-24T00:29:09.034+0000][gc,start    ] GC(4) Pause Young (Normal) (G1 Evacuation Pause)
[2025-05-24T00:29:09.034+0000][gc,task     ] GC(4) Using 10 workers of 10 for evacuation
[2025-05-24T00:29:09.049+0000][gc,phases   ] GC(4)   Pre Evacuate Collection Set: 0.5ms
[2025-05-24T00:29:09.050+0000][gc,phases   ] GC(4)   Merge Heap Roots: 0.3ms
[2025-05-24T00:29:09.050+0000][gc,phases   ] GC(4)   Evacuate Collection Set: 12.0ms
[2025-05-24T00:29:09.051+0000][gc,phases   ] GC(4)   Post Evacuate Collection Set: 1.6ms
[2025-05-24T00:29:09.051+0000][gc,phases   ] GC(4)   Other: 0.4ms
[2025-05-24T00:29:09.051+0000][gc,heap     ] GC(4) Eden regions: 316->0(605)
[2025-05-24T00:29:09.052+0000][gc,heap     ] GC(4) Survivor regions: 8->9(41)
[2025-05-24T00:29:09.052+0000][gc,heap     ] GC(4) Old regions: 20->20
[2025-05-24T00:29:09.052+0000][gc,heap     ] GC(4) Humongous regions: 131->130
[2025-05-24T00:29:09.052+0000][gc,metaspace] GC(4) Metaspace: 12475K(12864K)->12475K(12864K) NonClass: 10869K(11072K)->10869K(11072K) Class: 1605K(1792K)->1605K(1792K)
[2025-05-24T00:29:09.053+0000][gc          ] GC(4) Pause Young (Normal) (G1 Evacuation Pause) 474M->158M(1024M) 18.862ms
[2025-05-24T00:29:09.053+0000][gc,cpu      ] GC(4) User=0.03s Sys=0.05s Real=0.02s
[2025-05-24T00:29:49.081+0000][gc,start    ] GC(5) Pause Young (Normal) (G1 Evacuation Pause)
[2025-05-24T00:29:49.082+0000][gc,task     ] GC(5) Using 10 workers of 10 for evacuation
[2025-05-24T00:29:49.095+0000][gc,phases   ] GC(5)   Pre Evacuate Collection Set: 0.7ms
[2025-05-24T00:29:49.096+0000][gc,phases   ] GC(5)   Merge Heap Roots: 0.7ms
[2025-05-24T00:29:49.096+0000][gc,phases   ] GC(5)   Evacuate Collection Set: 9.8ms
[2025-05-24T00:29:49.096+0000][gc,phases   ] GC(5)   Post Evacuate Collection Set: 1.6ms
[2025-05-24T00:29:49.096+0000][gc,phases   ] GC(5)   Other: 0.8ms
[2025-05-24T00:29:49.097+0000][gc,heap     ] GC(5) Eden regions: 605->0(604)
[2025-05-24T00:29:49.097+0000][gc,heap     ] GC(5) Survivor regions: 9->10(77)
[2025-05-24T00:29:49.097+0000][gc,heap     ] GC(5) Old regions: 20->20
[2025-05-24T00:29:49.097+0000][gc,heap     ] GC(5) Humongous regions: 130->130
[2025-05-24T00:29:49.098+0000][gc,metaspace] GC(5) Metaspace: 12989K(13376K)->12989K(13376K) NonClass: 11377K(11584K)->11377K(11584K) Class: 1612K(1792K)->1612K(1792K)
[2025-05-24T00:29:49.098+0000][gc          ] GC(5) Pause Young (Normal) (G1 Evacuation Pause) 763M->159M(1024M) 17.052ms
[2025-05-24T00:29:49.098+0000][gc,cpu      ] GC(5) User=0.06s Sys=0.01s Real=0.02s
[2025-05-24T00:30:29.060+0000][gc,start    ] GC(6) Pause Young (Normal) (G1 Evacuation Pause)
[2025-05-24T00:30:29.061+0000][gc,task     ] GC(6) Using 10 workers of 10 for evacuation
[2025-05-24T00:30:29.070+0000][gc,phases   ] GC(6)   Pre Evacuate Collection Set: 0.7ms
[2025-05-24T00:30:29.070+0000][gc,phases   ] GC(6)   Merge Heap Roots: 0.4ms
[2025-05-24T00:30:29.070+0000][gc,phases   ] GC(6)   Evacuate Collection Set: 5.2ms
[2025-05-24T00:30:29.071+0000][gc,phases   ] GC(6)   Post Evacuate Collection Set: 1.9ms
[2025-05-24T00:30:29.071+0000][gc,phases   ] GC(6)   Other: 0.7ms
[2025-05-24T00:30:29.071+0000][gc,heap     ] GC(6) Eden regions: 604->0(603)
[2025-05-24T00:30:29.072+0000][gc,heap     ] GC(6) Survivor regions: 10->11(77)
[2025-05-24T00:30:29.072+0000][gc,heap     ] GC(6) Old regions: 20->20
[2025-05-24T00:30:29.072+0000][gc,heap     ] GC(6) Humongous regions: 130->130
[2025-05-24T00:30:29.072+0000][gc,metaspace] GC(6) Metaspace: 13297K(13696K)->13297K(13696K) NonClass: 11681K(11904K)->11681K(11904K) Class: 1616K(1792K)->1616K(1792K)
[2025-05-24T00:30:29.073+0000][gc          ] GC(6) Pause Young (Normal) (G1 Evacuation Pause) 763M->160M(1024M) 12.264ms
[2025-05-24T00:30:29.073+0000][gc,cpu      ] GC(6) User=0.04s Sys=0.01s Real=0.02s
[2025-05-24T00:31:00.213+0000][gc,start    ] GC(7) Pause Young (Normal) (G1 Evacuation Pause)
[2025-05-24T00:31:00.217+0000][gc,task     ] GC(7) Using 10 workers of 10 for evacuation
[2025-05-24T00:31:00.290+0000][gc,phases   ] GC(7)   Pre Evacuate Collection Set: 2.6ms
[2025-05-24T00:31:00.294+0000][gc,phases   ] GC(7)   Merge Heap Roots: 0.3ms
[2025-05-24T00:31:00.296+0000][gc,phases   ] GC(7)   Evacuate Collection Set: 55.0ms
[2025-05-24T00:31:00.296+0000][gc,phases   ] GC(7)   Post Evacuate Collection Set: 12.3ms
[2025-05-24T00:31:00.298+0000][gc,phases   ] GC(7)   Other: 4.1ms
[2025-05-24T00:31:00.301+0000][gc,heap     ] GC(7) Eden regions: 603->0(601)
[2025-05-24T00:31:00.310+0000][gc,heap     ] GC(7) Survivor regions: 11->13(77)
[2025-05-24T00:31:00.311+0000][gc,heap     ] GC(7) Old regions: 20->20
[2025-05-24T00:31:00.311+0000][gc,heap     ] GC(7) Humongous regions: 131->130
[2025-05-24T00:31:00.312+0000][gc,metaspace] GC(7) Metaspace: 14380K(14720K)->14380K(14720K) NonClass: 12712K(12864K)->12712K(12864K) Class: 1667K(1856K)->1667K(1856K)
[2025-05-24T00:31:00.312+0000][gc          ] GC(7) Pause Young (Normal) (G1 Evacuation Pause) 764M->162M(1024M) 99.071ms
[2025-05-24T00:31:00.313+0000][gc,cpu      ] GC(7) User=0.06s Sys=0.02s Real=0.10s
[2025-05-24T00:31:29.799+0000][gc,start    ] GC(8) Pause Young (Normal) (G1 Evacuation Pause)
[2025-05-24T00:31:29.800+0000][gc,task     ] GC(8) Using 10 workers of 10 for evacuation
[2025-05-24T00:31:29.816+0000][gc,phases   ] GC(8)   Pre Evacuate Collection Set: 0.5ms
[2025-05-24T00:31:29.817+0000][gc,phases   ] GC(8)   Merge Heap Roots: 0.3ms
[2025-05-24T00:31:29.817+0000][gc,phases   ] GC(8)   Evacuate Collection Set: 14.0ms
[2025-05-24T00:31:29.817+0000][gc,phases   ] GC(8)   Post Evacuate Collection Set: 1.5ms
[2025-05-24T00:31:29.817+0000][gc,phases   ] GC(8)   Other: 0.4ms
[2025-05-24T00:31:29.818+0000][gc,heap     ] GC(8) Eden regions: 601->0(599)
[2025-05-24T00:31:29.818+0000][gc,heap     ] GC(8) Survivor regions: 13->15(77)
[2025-05-24T00:31:29.818+0000][gc,heap     ] GC(8) Old regions: 20->20
[2025-05-24T00:31:29.819+0000][gc,heap     ] GC(8) Humongous regions: 130->130
[2025-05-24T00:31:29.819+0000][gc,metaspace] GC(8) Metaspace: 14901K(15296K)->14901K(15296K) NonClass: 13202K(13376K)->13202K(13376K) Class: 1698K(1920K)->1698K(1920K)
[2025-05-24T00:31:29.819+0000][gc          ] GC(8) Pause Young (Normal) (G1 Evacuation Pause) 763M->164M(1024M) 20.072ms
[2025-05-24T00:31:29.819+0000][gc,cpu      ] GC(8) User=0.05s Sys=0.04s Real=0.02s
[2025-05-24T00:31:59.692+0000][gc,start    ] GC(9) Pause Young (Normal) (G1 Evacuation Pause)
[2025-05-24T00:31:59.693+0000][gc,task     ] GC(9) Using 10 workers of 10 for evacuation
[2025-05-24T00:31:59.702+0000][gc,phases   ] GC(9)   Pre Evacuate Collection Set: 0.5ms
[2025-05-24T00:31:59.702+0000][gc,phases   ] GC(9)   Merge Heap Roots: 0.2ms
[2025-05-24T00:31:59.703+0000][gc,phases   ] GC(9)   Evacuate Collection Set: 7.1ms
[2025-05-24T00:31:59.703+0000][gc,phases   ] GC(9)   Post Evacuate Collection Set: 1.5ms
[2025-05-24T00:31:59.703+0000][gc,phases   ] GC(9)   Other: 0.3ms
[2025-05-24T00:31:59.703+0000][gc,heap     ] GC(9) Eden regions: 599->0(598)
[2025-05-24T00:31:59.703+0000][gc,heap     ] GC(9) Survivor regions: 15->16(77)
[2025-05-24T00:31:59.703+0000][gc,heap     ] GC(9) Old regions: 20->20
[2025-05-24T00:31:59.704+0000][gc,heap     ] GC(9) Humongous regions: 130->130
[2025-05-24T00:31:59.704+0000][gc,metaspace] GC(9) Metaspace: 15066K(15488K)->15066K(15488K) NonClass: 13366K(13568K)->13366K(13568K) Class: 1700K(1920K)->1700K(1920K)
[2025-05-24T00:31:59.704+0000][gc          ] GC(9) Pause Young (Normal) (G1 Evacuation Pause) 763M->164M(1024M) 11.752ms
[2025-05-24T00:31:59.704+0000][gc,cpu      ] GC(9) User=0.06s Sys=0.00s Real=0.01s
[2025-05-24T00:32:39.193+0000][gc,start    ] GC(10) Pause Young (Normal) (G1 Evacuation Pause)
[2025-05-24T00:32:39.193+0000][gc,task     ] GC(10) Using 10 workers of 10 for evacuation
[2025-05-24T00:32:39.201+0000][gc,phases   ] GC(10)   Pre Evacuate Collection Set: 0.4ms
[2025-05-24T00:32:39.201+0000][gc,phases   ] GC(10)   Merge Heap Roots: 0.3ms
[2025-05-24T00:32:39.202+0000][gc,phases   ] GC(10)   Evacuate Collection Set: 5.3ms
[2025-05-24T00:32:39.202+0000][gc,phases   ] GC(10)   Post Evacuate Collection Set: 1.3ms
[2025-05-24T00:32:39.202+0000][gc,phases   ] GC(10)   Other: 0.3ms
[2025-05-24T00:32:39.202+0000][gc,heap     ] GC(10) Eden regions: 598->0(599)
[2025-05-24T00:32:39.202+0000][gc,heap     ] GC(10) Survivor regions: 16->15(77)
[2025-05-24T00:32:39.202+0000][gc,heap     ] GC(10) Old regions: 20->20
[2025-05-24T00:32:39.203+0000][gc,heap     ] GC(10) Humongous regions: 130->130
[2025-05-24T00:32:39.203+0000][gc,metaspace] GC(10) Metaspace: 15151K(15552K)->15151K(15552K) NonClass: 13450K(13632K)->13450K(13632K) Class: 1701K(1920K)->1701K(1920K)
[2025-05-24T00:32:39.203+0000][gc          ] GC(10) Pause Young (Normal) (G1 Evacuation Pause) 762M->164M(1024M) 10.105ms
[2025-05-24T00:32:39.203+0000][gc,cpu      ] GC(10) User=0.04s Sys=0.01s Real=0.01s
[2025-05-24T00:33:19.075+0000][gc,start    ] GC(11) Pause Young (Normal) (G1 Evacuation Pause)
[2025-05-24T00:33:19.075+0000][gc,task     ] GC(11) Using 10 workers of 10 for evacuation
[2025-05-24T00:33:19.087+0000][gc,phases   ] GC(11)   Pre Evacuate Collection Set: 0.5ms
[2025-05-24T00:33:19.088+0000][gc,phases   ] GC(11)   Merge Heap Roots: 0.3ms
[2025-05-24T00:33:19.088+0000][gc,phases   ] GC(11)   Evacuate Collection Set: 8.9ms
[2025-05-24T00:33:19.088+0000][gc,phases   ] GC(11)   Post Evacuate Collection Set: 1.7ms
[2025-05-24T00:33:19.088+0000][gc,phases   ] GC(11)   Other: 0.4ms
[2025-05-24T00:33:19.089+0000][gc,heap     ] GC(11) Eden regions: 599->0(598)
[2025-05-24T00:33:19.089+0000][gc,heap     ] GC(11) Survivor regions: 15->16(77)
[2025-05-24T00:33:19.089+0000][gc,heap     ] GC(11) Old regions: 20->20
[2025-05-24T00:33:19.089+0000][gc,heap     ] GC(11) Humongous regions: 130->130
[2025-05-24T00:33:19.090+0000][gc,metaspace] GC(11) Metaspace: 15191K(15552K)->15191K(15552K) NonClass: 13488K(13632K)->13488K(13632K) Class: 1703K(1920K)->1703K(1920K)
[2025-05-24T00:33:19.090+0000][gc          ] GC(11) Pause Young (Normal) (G1 Evacuation Pause) 763M->165M(1024M) 15.033ms
[2025-05-24T00:33:19.090+0000][gc,cpu      ] GC(11) User=0.08s Sys=0.00s Real=0.01s
[2025-05-24T00:33:49.981+0000][gc,start    ] GC(12) Pause Young (Normal) (G1 Evacuation Pause)
[2025-05-24T00:33:49.981+0000][gc,task     ] GC(12) Using 10 workers of 10 for evacuation
[2025-05-24T00:33:49.993+0000][gc,phases   ] GC(12)   Pre Evacuate Collection Set: 0.5ms
[2025-05-24T00:33:49.994+0000][gc,phases   ] GC(12)   Merge Heap Roots: 0.4ms
[2025-05-24T00:33:49.994+0000][gc,phases   ] GC(12)   Evacuate Collection Set: 9.1ms
[2025-05-24T00:33:49.994+0000][gc,phases   ] GC(12)   Post Evacuate Collection Set: 1.9ms
[2025-05-24T00:33:49.994+0000][gc,phases   ] GC(12)   Other: 0.5ms
[2025-05-24T00:33:49.995+0000][gc,heap     ] GC(12) Eden regions: 598->0(599)
[2025-05-24T00:33:49.995+0000][gc,heap     ] GC(12) Survivor regions: 16->15(77)
[2025-05-24T00:33:49.995+0000][gc,heap     ] GC(12) Old regions: 20->20
[2025-05-24T00:33:49.995+0000][gc,heap     ] GC(12) Humongous regions: 130->130
[2025-05-24T00:33:49.995+0000][gc,metaspace] GC(12) Metaspace: 15238K(15680K)->15238K(15680K) NonClass: 13533K(13760K)->13533K(13760K) Class: 1705K(1920K)->1705K(1920K)
[2025-05-24T00:33:49.996+0000][gc          ] GC(12) Pause Young (Normal) (G1 Evacuation Pause) 763M->164M(1024M) 14.969ms
[2025-05-24T00:33:49.996+0000][gc,cpu      ] GC(12) User=0.05s Sys=0.02s Real=0.02s
[2025-05-24T00:34:29.533+0000][gc,start    ] GC(13) Pause Young (Normal) (G1 Evacuation Pause)
[2025-05-24T00:34:29.533+0000][gc,task     ] GC(13) Using 10 workers of 10 for evacuation
[2025-05-24T00:34:29.547+0000][gc,phases   ] GC(13)   Pre Evacuate Collection Set: 0.4ms
[2025-05-24T00:34:29.547+0000][gc,phases   ] GC(13)   Merge Heap Roots: 0.3ms
[2025-05-24T00:34:29.548+0000][gc,phases   ] GC(13)   Evacuate Collection Set: 11.0ms
[2025-05-24T00:34:29.548+0000][gc,phases   ] GC(13)   Post Evacuate Collection Set: 1.7ms
[2025-05-24T00:34:29.548+0000][gc,phases   ] GC(13)   Other: 0.3ms
[2025-05-24T00:34:29.548+0000][gc,heap     ] GC(13) Eden regions: 599->0(595)
[2025-05-24T00:34:29.548+0000][gc,heap     ] GC(13) Survivor regions: 15->19(77)
[2025-05-24T00:34:29.549+0000][gc,heap     ] GC(13) Old regions: 20->20
[2025-05-24T00:34:29.549+0000][gc,heap     ] GC(13) Humongous regions: 130->130
[2025-05-24T00:34:29.549+0000][gc,metaspace] GC(13) Metaspace: 15275K(15680K)->15275K(15680K) NonClass: 13565K(13760K)->13565K(13760K) Class: 1709K(1920K)->1709K(1920K)
[2025-05-24T00:34:29.549+0000][gc          ] GC(13) Pause Young (Normal) (G1 Evacuation Pause) 763M->168M(1024M) 16.542ms
[2025-05-24T00:34:29.550+0000][gc,cpu      ] GC(13) User=0.07s Sys=0.02s Real=0.01s
[2025-05-24T00:35:08.793+0000][gc,start    ] GC(14) Pause Young (Normal) (G1 Evacuation Pause)
[2025-05-24T00:35:08.794+0000][gc,task     ] GC(14) Using 10 workers of 10 for evacuation
[2025-05-24T00:35:08.804+0000][gc,phases   ] GC(14)   Pre Evacuate Collection Set: 0.5ms
[2025-05-24T00:35:08.804+0000][gc,phases   ] GC(14)   Merge Heap Roots: 0.3ms
[2025-05-24T00:35:08.804+0000][gc,phases   ] GC(14)   Evacuate Collection Set: 7.0ms
[2025-05-24T00:35:08.804+0000][gc,phases   ] GC(14)   Post Evacuate Collection Set: 1.9ms
[2025-05-24T00:35:08.805+0000][gc,phases   ] GC(14)   Other: 0.4ms
[2025-05-24T00:35:08.805+0000][gc,heap     ] GC(14) Eden regions: 595->0(597)
[2025-05-24T00:35:08.805+0000][gc,heap     ] GC(14) Survivor regions: 19->17(77)
[2025-05-24T00:35:08.805+0000][gc,heap     ] GC(14) Old regions: 20->20
[2025-05-24T00:35:08.805+0000][gc,heap     ] GC(14) Humongous regions: 131->130
[2025-05-24T00:35:08.805+0000][gc,metaspace] GC(14) Metaspace: 15584K(16000K)->15584K(16000K) NonClass: 13822K(14016K)->13822K(14016K) Class: 1762K(1984K)->1762K(1984K)
[2025-05-24T00:35:08.806+0000][gc          ] GC(14) Pause Young (Normal) (G1 Evacuation Pause) 764M->166M(1024M) 12.349ms
[2025-05-24T00:35:08.806+0000][gc,cpu      ] GC(14) User=0.06s Sys=0.00s Real=0.01s
[2025-05-24T00:35:39.517+0000][gc,start    ] GC(15) Pause Young (Normal) (G1 Evacuation Pause)
[2025-05-24T00:35:39.518+0000][gc,task     ] GC(15) Using 10 workers of 10 for evacuation
[2025-05-24T00:35:39.541+0000][gc,phases   ] GC(15)   Pre Evacuate Collection Set: 0.6ms
[2025-05-24T00:35:39.541+0000][gc,phases   ] GC(15)   Merge Heap Roots: 0.3ms
[2025-05-24T00:35:39.542+0000][gc,phases   ] GC(15)   Evacuate Collection Set: 19.6ms
[2025-05-24T00:35:39.542+0000][gc,phases   ] GC(15)   Post Evacuate Collection Set: 2.0ms
[2025-05-24T00:35:39.542+0000][gc,phases   ] GC(15)   Other: 0.5ms
[2025-05-24T00:35:39.543+0000][gc,heap     ] GC(15) Eden regions: 597->0(595)
[2025-05-24T00:35:39.543+0000][gc,heap     ] GC(15) Survivor regions: 17->19(77)
[2025-05-24T00:35:39.543+0000][gc,heap     ] GC(15) Old regions: 20->20
[2025-05-24T00:35:39.544+0000][gc,heap     ] GC(15) Humongous regions: 130->130
[2025-05-24T00:35:39.544+0000][gc,metaspace] GC(15) Metaspace: 15718K(16128K)->15718K(16128K) NonClass: 13930K(14144K)->13930K(14144K) Class: 1787K(1984K)->1787K(1984K)
[2025-05-24T00:35:39.544+0000][gc          ] GC(15) Pause Young (Normal) (G1 Evacuation Pause) 763M->168M(1024M) 26.946ms
[2025-05-24T00:35:39.545+0000][gc,cpu      ] GC(15) User=0.14s Sys=0.03s Real=0.02s
[2025-05-24T00:36:19.058+0000][gc,start    ] GC(16) Pause Young (Normal) (G1 Evacuation Pause)
[2025-05-24T00:36:19.058+0000][gc,task     ] GC(16) Using 10 workers of 10 for evacuation
[2025-05-24T00:36:19.066+0000][gc,phases   ] GC(16)   Pre Evacuate Collection Set: 0.4ms
[2025-05-24T00:36:19.066+0000][gc,phases   ] GC(16)   Merge Heap Roots: 0.3ms
[2025-05-24T00:36:19.067+0000][gc,phases   ] GC(16)   Evacuate Collection Set: 5.7ms
[2025-05-24T00:36:19.067+0000][gc,phases   ] GC(16)   Post Evacuate Collection Set: 1.1ms
[2025-05-24T00:36:19.067+0000][gc,phases   ] GC(16)   Other: 0.3ms
[2025-05-24T00:36:19.067+0000][gc,heap     ] GC(16) Eden regions: 595->0(599)
[2025-05-24T00:36:19.067+0000][gc,heap     ] GC(16) Survivor regions: 19->15(77)
[2025-05-24T00:36:19.068+0000][gc,heap     ] GC(16) Old regions: 20->20
[2025-05-24T00:36:19.068+0000][gc,heap     ] GC(16) Humongous regions: 130->130
[2025-05-24T00:36:19.068+0000][gc,metaspace] GC(16) Metaspace: 15763K(16128K)->15763K(16128K) NonClass: 13975K(14144K)->13975K(14144K) Class: 1787K(1984K)->1787K(1984K)
[2025-05-24T00:36:19.068+0000][gc          ] GC(16) Pause Young (Normal) (G1 Evacuation Pause) 763M->164M(1024M) 10.179ms
[2025-05-24T00:36:19.068+0000][gc,cpu      ] GC(16) User=0.05s Sys=0.00s Real=0.01s
[2025-05-24T00:36:58.830+0000][gc,start    ] GC(17) Pause Young (Normal) (G1 Evacuation Pause)
[2025-05-24T00:36:58.831+0000][gc,task     ] GC(17) Using 10 workers of 10 for evacuation
[2025-05-24T00:36:58.845+0000][gc,phases   ] GC(17)   Pre Evacuate Collection Set: 0.4ms
[2025-05-24T00:36:58.846+0000][gc,phases   ] GC(17)   Merge Heap Roots: 0.3ms
[2025-05-24T00:36:58.846+0000][gc,phases   ] GC(17)   Evacuate Collection Set: 12.2ms
[2025-05-24T00:36:58.846+0000][gc,phases   ] GC(17)   Post Evacuate Collection Set: 1.5ms
[2025-05-24T00:36:58.846+0000][gc,phases   ] GC(17)   Other: 0.3ms
[2025-05-24T00:36:58.847+0000][gc,heap     ] GC(17) Eden regions: 599->0(600)
[2025-05-24T00:36:58.847+0000][gc,heap     ] GC(17) Survivor regions: 15->14(77)
[2025-05-24T00:36:58.847+0000][gc,heap     ] GC(17) Old regions: 20->22
[2025-05-24T00:36:58.847+0000][gc,heap     ] GC(17) Humongous regions: 131->130
[2025-05-24T00:36:58.847+0000][gc,metaspace] GC(17) Metaspace: 15846K(16256K)->15846K(16256K) NonClass: 14054K(14272K)->14054K(14272K) Class: 1791K(1984K)->1791K(1984K)
[2025-05-24T00:36:58.848+0000][gc          ] GC(17) Pause Young (Normal) (G1 Evacuation Pause) 764M->164M(1024M) 17.185ms
[2025-05-24T00:36:58.848+0000][gc,cpu      ] GC(17) User=0.08s Sys=0.01s Real=0.02s
[2025-05-24T00:37:29.093+0000][gc,start    ] GC(18) Pause Young (Normal) (G1 Evacuation Pause)
[2025-05-24T00:37:29.093+0000][gc,task     ] GC(18) Using 10 workers of 10 for evacuation
[2025-05-24T00:37:29.106+0000][gc,phases   ] GC(18)   Pre Evacuate Collection Set: 0.4ms
[2025-05-24T00:37:29.106+0000][gc,phases   ] GC(18)   Merge Heap Roots: 0.2ms
[2025-05-24T00:37:29.107+0000][gc,phases   ] GC(18)   Evacuate Collection Set: 10.9ms
[2025-05-24T00:37:29.107+0000][gc,phases   ] GC(18)   Post Evacuate Collection Set: 1.3ms
[2025-05-24T00:37:29.107+0000][gc,phases   ] GC(18)   Other: 0.4ms
[2025-05-24T00:37:29.107+0000][gc,heap     ] GC(18) Eden regions: 600->0(603)
[2025-05-24T00:37:29.108+0000][gc,heap     ] GC(18) Survivor regions: 14->11(77)
[2025-05-24T00:37:29.108+0000][gc,heap     ] GC(18) Old regions: 22->27
[2025-05-24T00:37:29.108+0000][gc,heap     ] GC(18) Humongous regions: 131->130
[2025-05-24T00:37:29.108+0000][gc,metaspace] GC(18) Metaspace: 15888K(16256K)->15888K(16256K) NonClass: 14097K(14272K)->14097K(14272K) Class: 1791K(1984K)->1791K(1984K)
[2025-05-24T00:37:29.109+0000][gc          ] GC(18) Pause Young (Normal) (G1 Evacuation Pause) 765M->166M(1024M) 16.283ms
[2025-05-24T00:37:29.109+0000][gc,cpu      ] GC(18) User=0.07s Sys=0.03s Real=0.01s
[2025-05-24T00:37:59.471+0000][gc,start    ] GC(19) Pause Young (Normal) (G1 Evacuation Pause)
[2025-05-24T00:37:59.471+0000][gc,task     ] GC(19) Using 10 workers of 10 for evacuation
[2025-05-24T00:37:59.480+0000][gc,phases   ] GC(19)   Pre Evacuate Collection Set: 0.4ms
[2025-05-24T00:37:59.480+0000][gc,phases   ] GC(19)   Merge Heap Roots: 0.2ms
[2025-05-24T00:37:59.480+0000][gc,phases   ] GC(19)   Evacuate Collection Set: 6.1ms
[2025-05-24T00:37:59.481+0000][gc,phases   ] GC(19)   Post Evacuate Collection Set: 1.8ms
[2025-05-24T00:37:59.481+0000][gc,phases   ] GC(19)   Other: 0.3ms
[2025-05-24T00:37:59.481+0000][gc,heap     ] GC(19) Eden regions: 603->0(602)
[2025-05-24T00:37:59.481+0000][gc,heap     ] GC(19) Survivor regions: 11->12(77)
[2025-05-24T00:37:59.482+0000][gc,heap     ] GC(19) Old regions: 27->27
[2025-05-24T00:37:59.482+0000][gc,heap     ] GC(19) Humongous regions: 130->130
[2025-05-24T00:37:59.482+0000][gc,metaspace] GC(19) Metaspace: 15906K(16256K)->15906K(16256K) NonClass: 14114K(14272K)->14114K(14272K) Class: 1791K(1984K)->1791K(1984K)
[2025-05-24T00:37:59.482+0000][gc          ] GC(19) Pause Young (Normal) (G1 Evacuation Pause) 769M->168M(1024M) 11.769ms
[2025-05-24T00:37:59.483+0000][gc,cpu      ] GC(19) User=0.05s Sys=0.01s Real=0.01s
[2025-05-24T00:38:39.056+0000][gc,start    ] GC(20) Pause Young (Normal) (G1 Evacuation Pause)
[2025-05-24T00:38:39.057+0000][gc,task     ] GC(20) Using 10 workers of 10 for evacuation
[2025-05-24T00:38:39.067+0000][gc,phases   ] GC(20)   Pre Evacuate Collection Set: 0.8ms
[2025-05-24T00:38:39.067+0000][gc,phases   ] GC(20)   Merge Heap Roots: 0.3ms
[2025-05-24T00:38:39.067+0000][gc,phases   ] GC(20)   Evacuate Collection Set: 6.6ms
[2025-05-24T00:38:39.068+0000][gc,phases   ] GC(20)   Post Evacuate Collection Set: 1.6ms
[2025-05-24T00:38:39.068+0000][gc,phases   ] GC(20)   Other: 0.7ms
[2025-05-24T00:38:39.068+0000][gc,heap     ] GC(20) Eden regions: 602->0(602)
[2025-05-24T00:38:39.068+0000][gc,heap     ] GC(20) Survivor regions: 12->12(77)
[2025-05-24T00:38:39.068+0000][gc,heap     ] GC(20) Old regions: 27->28
[2025-05-24T00:38:39.069+0000][gc,heap     ] GC(20) Humongous regions: 130->130
[2025-05-24T00:38:39.069+0000][gc,metaspace] GC(20) Metaspace: 15958K(16384K)->15958K(16384K) NonClass: 14164K(14400K)->14164K(14400K) Class: 1794K(1984K)->1794K(1984K)
[2025-05-24T00:38:39.069+0000][gc          ] GC(20) Pause Young (Normal) (G1 Evacuation Pause) 770M->168M(1024M) 12.725ms
[2025-05-24T00:38:39.069+0000][gc,cpu      ] GC(20) User=0.05s Sys=0.01s Real=0.02s
[2025-05-24T00:39:18.778+0000][gc,start    ] GC(21) Pause Young (Normal) (G1 Evacuation Pause)
[2025-05-24T00:39:18.779+0000][gc,task     ] GC(21) Using 10 workers of 10 for evacuation
[2025-05-24T00:39:18.791+0000][gc,phases   ] GC(21)   Pre Evacuate Collection Set: 0.5ms
[2025-05-24T00:39:18.792+0000][gc,phases   ] GC(21)   Merge Heap Roots: 0.4ms
[2025-05-24T00:39:18.792+0000][gc,phases   ] GC(21)   Evacuate Collection Set: 9.2ms
[2025-05-24T00:39:18.792+0000][gc,phases   ] GC(21)   Post Evacuate Collection Set: 1.7ms
[2025-05-24T00:39:18.792+0000][gc,phases   ] GC(21)   Other: 0.5ms
[2025-05-24T00:39:18.792+0000][gc,heap     ] GC(21) Eden regions: 602->0(601)
[2025-05-24T00:39:18.793+0000][gc,heap     ] GC(21) Survivor regions: 12->13(77)
[2025-05-24T00:39:18.793+0000][gc,heap     ] GC(21) Old regions: 28->28
[2025-05-24T00:39:18.793+0000][gc,heap     ] GC(21) Humongous regions: 130->130
[2025-05-24T00:39:18.793+0000][gc,metaspace] GC(21) Metaspace: 16057K(16512K)->16057K(16512K) NonClass: 14258K(14464K)->14258K(14464K) Class: 1798K(2048K)->1798K(2048K)
[2025-05-24T00:39:18.794+0000][gc          ] GC(21) Pause Young (Normal) (G1 Evacuation Pause) 770M->169M(1024M) 15.570ms
[2025-05-24T00:39:18.794+0000][gc,cpu      ] GC(21) User=0.06s Sys=0.00s Real=0.01s
[2025-05-24T00:39:49.557+0000][gc,start    ] GC(22) Pause Young (Normal) (G1 Evacuation Pause)
[2025-05-24T00:39:49.558+0000][gc,task     ] GC(22) Using 10 workers of 10 for evacuation
[2025-05-24T00:39:49.568+0000][gc,phases   ] GC(22)   Pre Evacuate Collection Set: 0.6ms
[2025-05-24T00:39:49.569+0000][gc,phases   ] GC(22)   Merge Heap Roots: 0.3ms
[2025-05-24T00:39:49.569+0000][gc,phases   ] GC(22)   Evacuate Collection Set: 7.5ms
[2025-05-24T00:39:49.569+0000][gc,phases   ] GC(22)   Post Evacuate Collection Set: 1.6ms
[2025-05-24T00:39:49.569+0000][gc,phases   ] GC(22)   Other: 0.5ms
[2025-05-24T00:39:49.570+0000][gc,heap     ] GC(22) Eden regions: 601->0(599)
[2025-05-24T00:39:49.570+0000][gc,heap     ] GC(22) Survivor regions: 13->15(77)
[2025-05-24T00:39:49.570+0000][gc,heap     ] GC(22) Old regions: 28->28
[2025-05-24T00:39:49.570+0000][gc,heap     ] GC(22) Humongous regions: 130->130
[2025-05-24T00:39:49.571+0000][gc,metaspace] GC(22) Metaspace: 16081K(16512K)->16081K(16512K) NonClass: 14283K(14464K)->14283K(14464K) Class: 1798K(2048K)->1798K(2048K)
[2025-05-24T00:39:49.571+0000][gc          ] GC(22) Pause Young (Normal) (G1 Evacuation Pause) 770M->172M(1024M) 13.600ms
[2025-05-24T00:39:49.571+0000][gc,cpu      ] GC(22) User=0.06s Sys=0.00s Real=0.01s
[2025-05-24T00:40:29.030+0000][gc,start    ] GC(23) Pause Young (Normal) (G1 Evacuation Pause)
[2025-05-24T00:40:29.030+0000][gc,task     ] GC(23) Using 10 workers of 10 for evacuation
[2025-05-24T00:40:29.037+0000][gc,phases   ] GC(23)   Pre Evacuate Collection Set: 0.4ms
[2025-05-24T00:40:29.037+0000][gc,phases   ] GC(23)   Merge Heap Roots: 0.2ms
[2025-05-24T00:40:29.037+0000][gc,phases   ] GC(23)   Evacuate Collection Set: 4.5ms
[2025-05-24T00:40:29.037+0000][gc,phases   ] GC(23)   Post Evacuate Collection Set: 1.0ms
[2025-05-24T00:40:29.037+0000][gc,phases   ] GC(23)   Other: 0.3ms
[2025-05-24T00:40:29.037+0000][gc,heap     ] GC(23) Eden regions: 599->0(604)
[2025-05-24T00:40:29.038+0000][gc,heap     ] GC(23) Survivor regions: 15->10(77)
[2025-05-24T00:40:29.038+0000][gc,heap     ] GC(23) Old regions: 28->29
[2025-05-24T00:40:29.038+0000][gc,heap     ] GC(23) Humongous regions: 130->130
[2025-05-24T00:40:29.038+0000][gc,metaspace] GC(23) Metaspace: 16087K(16512K)->16087K(16512K) NonClass: 14289K(14464K)->14289K(14464K) Class: 1798K(2048K)->1798K(2048K)
[2025-05-24T00:40:29.038+0000][gc          ] GC(23) Pause Young (Normal) (G1 Evacuation Pause) 771M->168M(1024M) 8.430ms
[2025-05-24T00:40:29.038+0000][gc,cpu      ] GC(23) User=0.05s Sys=0.00s Real=0.01s
[2025-05-24T00:41:08.945+0000][gc,start    ] GC(24) Pause Young (Normal) (G1 Evacuation Pause)
[2025-05-24T00:41:08.945+0000][gc,task     ] GC(24) Using 10 workers of 10 for evacuation
[2025-05-24T00:41:08.955+0000][gc,phases   ] GC(24)   Pre Evacuate Collection Set: 0.7ms
[2025-05-24T00:41:08.956+0000][gc,phases   ] GC(24)   Merge Heap Roots: 0.3ms
[2025-05-24T00:41:08.956+0000][gc,phases   ] GC(24)   Evacuate Collection Set: 6.9ms
[2025-05-24T00:41:08.956+0000][gc,phases   ] GC(24)   Post Evacuate Collection Set: 1.4ms
[2025-05-24T00:41:08.957+0000][gc,phases   ] GC(24)   Other: 0.7ms
[2025-05-24T00:41:08.957+0000][gc,heap     ] GC(24) Eden regions: 604->0(603)
[2025-05-24T00:41:08.957+0000][gc,heap     ] GC(24) Survivor regions: 10->11(77)
[2025-05-24T00:41:08.957+0000][gc,heap     ] GC(24) Old regions: 29->30
[2025-05-24T00:41:08.958+0000][gc,heap     ] GC(24) Humongous regions: 130->130
[2025-05-24T00:41:08.958+0000][gc,metaspace] GC(24) Metaspace: 16116K(16576K)->16116K(16576K) NonClass: 14317K(14528K)->14317K(14528K) Class: 1798K(2048K)->1798K(2048K)
[2025-05-24T00:41:08.958+0000][gc          ] GC(24) Pause Young (Normal) (G1 Evacuation Pause) 772M->169M(1024M) 13.570ms
[2025-05-24T00:41:08.959+0000][gc,cpu      ] GC(24) User=0.06s Sys=0.00s Real=0.01s
[2025-05-24T00:41:39.338+0000][gc,start    ] GC(25) Pause Young (Normal) (G1 Evacuation Pause)
[2025-05-24T00:41:39.339+0000][gc,task     ] GC(25) Using 10 workers of 10 for evacuation
[2025-05-24T00:41:39.346+0000][gc,phases   ] GC(25)   Pre Evacuate Collection Set: 0.3ms
[2025-05-24T00:41:39.346+0000][gc,phases   ] GC(25)   Merge Heap Roots: 0.2ms
[2025-05-24T00:41:39.346+0000][gc,phases   ] GC(25)   Evacuate Collection Set: 5.3ms
[2025-05-24T00:41:39.346+0000][gc,phases   ] GC(25)   Post Evacuate Collection Set: 1.0ms
[2025-05-24T00:41:39.347+0000][gc,phases   ] GC(25)   Other: 0.3ms
[2025-05-24T00:41:39.347+0000][gc,heap     ] GC(25) Eden regions: 603->0(600)
[2025-05-24T00:41:39.347+0000][gc,heap     ] GC(25) Survivor regions: 11->14(77)
[2025-05-24T00:41:39.347+0000][gc,heap     ] GC(25) Old regions: 30->30
[2025-05-24T00:41:39.347+0000][gc,heap     ] GC(25) Humongous regions: 130->130
[2025-05-24T00:41:39.347+0000][gc,metaspace] GC(25) Metaspace: 16149K(16576K)->16149K(16576K) NonClass: 14350K(14528K)->14350K(14528K) Class: 1798K(2048K)->1798K(2048K)
[2025-05-24T00:41:39.347+0000][gc          ] GC(25) Pause Young (Normal) (G1 Evacuation Pause) 772M->172M(1024M) 9.238ms
[2025-05-24T00:41:39.348+0000][gc,cpu      ] GC(25) User=0.05s Sys=0.01s Real=0.00s
[2025-05-24T00:42:19.497+0000][gc,start    ] GC(26) Pause Young (Normal) (G1 Evacuation Pause)
[2025-05-24T00:42:19.497+0000][gc,task     ] GC(26) Using 10 workers of 10 for evacuation
[2025-05-24T00:42:19.506+0000][gc,phases   ] GC(26)   Pre Evacuate Collection Set: 0.4ms
[2025-05-24T00:42:19.507+0000][gc,phases   ] GC(26)   Merge Heap Roots: 0.3ms
[2025-05-24T00:42:19.507+0000][gc,phases   ] GC(26)   Evacuate Collection Set: 6.3ms
[2025-05-24T00:42:19.507+0000][gc,phases   ] GC(26)   Post Evacuate Collection Set: 1.9ms
[2025-05-24T00:42:19.508+0000][gc,phases   ] GC(26)   Other: 0.4ms
[2025-05-24T00:42:19.508+0000][gc,heap     ] GC(26) Eden regions: 600->0(601)
[2025-05-24T00:42:19.508+0000][gc,heap     ] GC(26) Survivor regions: 14->13(77)
[2025-05-24T00:42:19.508+0000][gc,heap     ] GC(26) Old regions: 30->31
[2025-05-24T00:42:19.509+0000][gc,heap     ] GC(26) Humongous regions: 130->130
[2025-05-24T00:42:19.509+0000][gc,metaspace] GC(26) Metaspace: 16170K(16576K)->16170K(16576K) NonClass: 14372K(14528K)->14372K(14528K) Class: 1798K(2048K)->1798K(2048K)
[2025-05-24T00:42:19.509+0000][gc          ] GC(26) Pause Young (Normal) (G1 Evacuation Pause) 772M->172M(1024M) 12.520ms
[2025-05-24T00:42:19.510+0000][gc,cpu      ] GC(26) User=0.05s Sys=0.01s Real=0.01s
[2025-05-24T00:42:43.029+0000][gc,start    ] GC(27) Pause Young (Concurrent Start) (CodeCache GC Threshold)
[2025-05-24T00:42:43.029+0000][gc,task     ] GC(27) Using 10 workers of 10 for evacuation
[2025-05-24T00:42:43.037+0000][gc,phases   ] GC(27)   Pre Evacuate Collection Set: 0.9ms
[2025-05-24T00:42:43.037+0000][gc,phases   ] GC(27)   Merge Heap Roots: 0.2ms
[2025-05-24T00:42:43.037+0000][gc,phases   ] GC(27)   Evacuate Collection Set: 4.8ms
[2025-05-24T00:42:43.037+0000][gc,phases   ] GC(27)   Post Evacuate Collection Set: 0.9ms
[2025-05-24T00:42:43.038+0000][gc,phases   ] GC(27)   Other: 0.5ms
[2025-05-24T00:42:43.038+0000][gc,heap     ] GC(27) Eden regions: 366->0(603)
[2025-05-24T00:42:43.038+0000][gc,heap     ] GC(27) Survivor regions: 13->11(77)
[2025-05-24T00:42:43.038+0000][gc,heap     ] GC(27) Old regions: 31->31
[2025-05-24T00:42:43.038+0000][gc,heap     ] GC(27) Humongous regions: 130->130
[2025-05-24T00:42:43.038+0000][gc,metaspace] GC(27) Metaspace: 16180K(16640K)->16180K(16640K) NonClass: 14381K(14592K)->14381K(14592K) Class: 1798K(2048K)->1798K(2048K)
[2025-05-24T00:42:43.039+0000][gc          ] GC(27) Pause Young (Concurrent Start) (CodeCache GC Threshold) 538M->171M(1024M) 9.707ms
[2025-05-24T00:42:43.039+0000][gc,cpu      ] GC(27) User=0.03s Sys=0.02s Real=0.01s
[2025-05-24T00:42:43.039+0000][gc          ] GC(28) Concurrent Mark Cycle
[2025-05-24T00:42:43.039+0000][gc,marking  ] GC(28) Concurrent Scan Root Regions
[2025-05-24T00:42:43.042+0000][gc,marking  ] GC(28) Concurrent Scan Root Regions 3.003ms
[2025-05-24T00:42:43.043+0000][gc,marking  ] GC(28) Concurrent Mark
[2025-05-24T00:42:43.043+0000][gc,marking  ] GC(28) Concurrent Mark From Roots
[2025-05-24T00:42:43.043+0000][gc,task     ] GC(28) Using 3 workers of 3 for marking
[2025-05-24T00:42:43.055+0000][gc,marking  ] GC(28) Concurrent Mark From Roots 11.812ms
[2025-05-24T00:42:43.055+0000][gc,marking  ] GC(28) Concurrent Preclean
[2025-05-24T00:42:43.055+0000][gc,marking  ] GC(28) Concurrent Preclean 0.419ms
[2025-05-24T00:42:43.056+0000][gc,start    ] GC(28) Pause Remark
[2025-05-24T00:42:43.063+0000][gc          ] GC(28) Pause Remark 171M->171M(1024M) 7.502ms
[2025-05-24T00:42:43.064+0000][gc,cpu      ] GC(28) User=0.04s Sys=0.00s Real=0.00s
[2025-05-24T00:42:43.064+0000][gc,marking  ] GC(28) Concurrent Mark 21.247ms
[2025-05-24T00:42:43.064+0000][gc,marking  ] GC(28) Concurrent Rebuild Remembered Sets and Scrub Regions
[2025-05-24T00:42:43.069+0000][gc,marking  ] GC(28) Concurrent Rebuild Remembered Sets and Scrub Regions 4.489ms
[2025-05-24T00:42:43.069+0000][gc,start    ] GC(28) Pause Cleanup
[2025-05-24T00:42:43.070+0000][gc          ] GC(28) Pause Cleanup 171M->171M(1024M) 0.661ms
[2025-05-24T00:42:43.070+0000][gc,cpu      ] GC(28) User=0.00s Sys=0.00s Real=0.00s
[2025-05-24T00:42:43.070+0000][gc,marking  ] GC(28) Concurrent Clear Claimed Marks
[2025-05-24T00:42:43.071+0000][gc,marking  ] GC(28) Concurrent Clear Claimed Marks 0.279ms
[2025-05-24T00:42:43.071+0000][gc,marking  ] GC(28) Concurrent Cleanup for Next Mark
[2025-05-24T00:42:43.075+0000][gc,marking  ] GC(28) Concurrent Cleanup for Next Mark 4.267ms
[2025-05-24T00:42:43.076+0000][gc          ] GC(28) Concurrent Mark Cycle 36.595ms
[2025-05-24T00:43:19.129+0000][gc,start    ] GC(29) Pause Young (Prepare Mixed) (G1 Evacuation Pause)
[2025-05-24T00:43:19.129+0000][gc,task     ] GC(29) Using 10 workers of 10 for evacuation
[2025-05-24T00:43:19.138+0000][gc,phases   ] GC(29)   Pre Evacuate Collection Set: 0.5ms
[2025-05-24T00:43:19.139+0000][gc,phases   ] GC(29)   Merge Heap Roots: 0.3ms
[2025-05-24T00:43:19.139+0000][gc,phases   ] GC(29)   Evacuate Collection Set: 6.3ms
[2025-05-24T00:43:19.139+0000][gc,phases   ] GC(29)   Post Evacuate Collection Set: 1.6ms
[2025-05-24T00:43:19.139+0000][gc,phases   ] GC(29)   Other: 0.5ms
[2025-05-24T00:43:19.139+0000][gc,heap     ] GC(29) Eden regions: 603->0(600)
[2025-05-24T00:43:19.140+0000][gc,heap     ] GC(29) Survivor regions: 11->14(77)
[2025-05-24T00:43:19.140+0000][gc,heap     ] GC(29) Old regions: 31->31
[2025-05-24T00:43:19.140+0000][gc,heap     ] GC(29) Humongous regions: 131->130
[2025-05-24T00:43:19.140+0000][gc,metaspace] GC(29) Metaspace: 16133K(16640K)->16133K(16640K) NonClass: 14349K(14592K)->14349K(14592K) Class: 1784K(2048K)->1784K(2048K)
[2025-05-24T00:43:19.141+0000][gc          ] GC(29) Pause Young (Prepare Mixed) (G1 Evacuation Pause) 775M->173M(1024M) 11.764ms
[2025-05-24T00:43:19.141+0000][gc,cpu      ] GC(29) User=0.06s Sys=0.00s Real=0.01s
[2025-05-24T00:43:49.206+0000][gc,start    ] GC(30) Pause Young (Mixed) (G1 Evacuation Pause)
[2025-05-24T00:43:49.207+0000][gc,task     ] GC(30) Using 10 workers of 10 for evacuation
[2025-05-24T00:43:49.216+0000][gc,phases   ] GC(30)   Pre Evacuate Collection Set: 0.4ms
[2025-05-24T00:43:49.216+0000][gc,phases   ] GC(30)   Merge Heap Roots: 0.2ms
[2025-05-24T00:43:49.216+0000][gc,phases   ] GC(30)   Evacuate Collection Set: 6.7ms
[2025-05-24T00:43:49.216+0000][gc,phases   ] GC(30)   Post Evacuate Collection Set: 1.4ms
[2025-05-24T00:43:49.217+0000][gc,phases   ] GC(30)   Other: 0.4ms
[2025-05-24T00:43:49.217+0000][gc,heap     ] GC(30) Eden regions: 600->0(597)
[2025-05-24T00:43:49.217+0000][gc,heap     ] GC(30) Survivor regions: 14->17(77)
[2025-05-24T00:43:49.217+0000][gc,heap     ] GC(30) Old regions: 31->30
[2025-05-24T00:43:49.217+0000][gc,heap     ] GC(30) Humongous regions: 130->130
[2025-05-24T00:43:49.218+0000][gc,metaspace] GC(30) Metaspace: 16153K(16640K)->16153K(16640K) NonClass: 14369K(14592K)->14369K(14592K) Class: 1784K(2048K)->1784K(2048K)
[2025-05-24T00:43:49.218+0000][gc          ] GC(30) Pause Young (Mixed) (G1 Evacuation Pause) 773M->175M(1024M) 11.770ms
[2025-05-24T00:43:49.218+0000][gc,cpu      ] GC(30) User=0.07s Sys=0.00s Real=0.01s
[2025-05-24T00:44:28.835+0000][gc,start    ] GC(31) Pause Young (Normal) (G1 Evacuation Pause)
[2025-05-24T00:44:28.835+0000][gc,task     ] GC(31) Using 10 workers of 10 for evacuation
[2025-05-24T00:44:28.848+0000][gc,phases   ] GC(31)   Pre Evacuate Collection Set: 0.5ms
[2025-05-24T00:44:28.848+0000][gc,phases   ] GC(31)   Merge Heap Roots: 0.4ms
[2025-05-24T00:44:28.848+0000][gc,phases   ] GC(31)   Evacuate Collection Set: 9.1ms
[2025-05-24T00:44:28.849+0000][gc,phases   ] GC(31)   Post Evacuate Collection Set: 1.7ms
[2025-05-24T00:44:28.849+0000][gc,phases   ] GC(31)   Other: 0.7ms
[2025-05-24T00:44:28.849+0000][gc,heap     ] GC(31) Eden regions: 597->0(602)
[2025-05-24T00:44:28.850+0000][gc,heap     ] GC(31) Survivor regions: 17->12(77)
[2025-05-24T00:44:28.850+0000][gc,heap     ] GC(31) Old regions: 30->30
[2025-05-24T00:44:28.850+0000][gc,heap     ] GC(31) Humongous regions: 130->130
[2025-05-24T00:44:28.851+0000][gc,metaspace] GC(31) Metaspace: 16174K(16640K)->16174K(16640K) NonClass: 14390K(14592K)->14390K(14592K) Class: 1784K(2048K)->1784K(2048K)
[2025-05-24T00:44:28.851+0000][gc          ] GC(31) Pause Young (Normal) (G1 Evacuation Pause) 772M->170M(1024M) 16.466ms
[2025-05-24T00:44:28.852+0000][gc,cpu      ] GC(31) User=0.08s Sys=0.00s Real=0.02s
[2025-05-24T00:44:59.517+0000][gc,start    ] GC(32) Pause Young (Normal) (G1 Evacuation Pause)
[2025-05-24T00:44:59.518+0000][gc,task     ] GC(32) Using 10 workers of 10 for evacuation
[2025-05-24T00:44:59.526+0000][gc,phases   ] GC(32)   Pre Evacuate Collection Set: 0.5ms
[2025-05-24T00:44:59.527+0000][gc,phases   ] GC(32)   Merge Heap Roots: 0.4ms
[2025-05-24T00:44:59.527+0000][gc,phases   ] GC(32)   Evacuate Collection Set: 5.5ms
[2025-05-24T00:44:59.527+0000][gc,phases   ] GC(32)   Post Evacuate Collection Set: 1.6ms
[2025-05-24T00:44:59.527+0000][gc,phases   ] GC(32)   Other: 0.6ms
[2025-05-24T00:44:59.528+0000][gc,heap     ] GC(32) Eden regions: 602->0(600)
[2025-05-24T00:44:59.528+0000][gc,heap     ] GC(32) Survivor regions: 12->14(77)
[2025-05-24T00:44:59.528+0000][gc,heap     ] GC(32) Old regions: 30->30
[2025-05-24T00:44:59.528+0000][gc,heap     ] GC(32) Humongous regions: 130->130
[2025-05-24T00:44:59.529+0000][gc,metaspace] GC(32) Metaspace: 16178K(16640K)->16178K(16640K) NonClass: 14394K(14592K)->14394K(14592K) Class: 1784K(2048K)->1784K(2048K)
[2025-05-24T00:44:59.529+0000][gc          ] GC(32) Pause Young (Normal) (G1 Evacuation Pause) 772M->173M(1024M) 11.620ms
[2025-05-24T00:44:59.529+0000][gc,cpu      ] GC(32) User=0.05s Sys=0.01s Real=0.02s
[2025-05-24T00:45:39.258+0000][gc,start    ] GC(33) Pause Young (Normal) (G1 Evacuation Pause)
[2025-05-24T00:45:39.258+0000][gc,task     ] GC(33) Using 10 workers of 10 for evacuation
[2025-05-24T00:45:39.270+0000][gc,phases   ] GC(33)   Pre Evacuate Collection Set: 0.5ms
[2025-05-24T00:45:39.270+0000][gc,phases   ] GC(33)   Merge Heap Roots: 0.3ms
[2025-05-24T00:45:39.270+0000][gc,phases   ] GC(33)   Evacuate Collection Set: 8.6ms
[2025-05-24T00:45:39.270+0000][gc,phases   ] GC(33)   Post Evacuate Collection Set: 1.4ms
[2025-05-24T00:45:39.271+0000][gc,phases   ] GC(33)   Other: 0.3ms
[2025-05-24T00:45:39.271+0000][gc,heap     ] GC(33) Eden regions: 600->0(599)
[2025-05-24T00:45:39.271+0000][gc,heap     ] GC(33) Survivor regions: 14->15(77)
[2025-05-24T00:45:39.271+0000][gc,heap     ] GC(33) Old regions: 30->30
[2025-05-24T00:45:39.271+0000][gc,heap     ] GC(33) Humongous regions: 130->130
[2025-05-24T00:45:39.272+0000][gc,metaspace] GC(33) Metaspace: 16217K(16704K)->16217K(16704K) NonClass: 14433K(14656K)->14433K(14656K) Class: 1784K(2048K)->1784K(2048K)
[2025-05-24T00:45:39.272+0000][gc          ] GC(33) Pause Young (Normal) (G1 Evacuation Pause) 773M->174M(1024M) 13.738ms
[2025-05-24T00:45:39.272+0000][gc,cpu      ] GC(33) User=0.09s Sys=0.01s Real=0.01s
[2025-05-24T00:46:19.021+0000][gc,start    ] GC(34) Pause Young (Normal) (G1 Evacuation Pause)
[2025-05-24T00:46:19.021+0000][gc,task     ] GC(34) Using 10 workers of 10 for evacuation
[2025-05-24T00:46:19.031+0000][gc,phases   ] GC(34)   Pre Evacuate Collection Set: 0.5ms
[2025-05-24T00:46:19.031+0000][gc,phases   ] GC(34)   Merge Heap Roots: 0.4ms
[2025-05-24T00:46:19.032+0000][gc,phases   ] GC(34)   Evacuate Collection Set: 7.1ms
[2025-05-24T00:46:19.032+0000][gc,phases   ] GC(34)   Post Evacuate Collection Set: 1.5ms
[2025-05-24T00:46:19.032+0000][gc,phases   ] GC(34)   Other: 0.5ms
[2025-05-24T00:46:19.033+0000][gc,heap     ] GC(34) Eden regions: 599->0(601)
[2025-05-24T00:46:19.033+0000][gc,heap     ] GC(34) Survivor regions: 15->13(77)
[2025-05-24T00:46:19.033+0000][gc,heap     ] GC(34) Old regions: 30->31
[2025-05-24T00:46:19.033+0000][gc,heap     ] GC(34) Humongous regions: 130->130
[2025-05-24T00:46:19.034+0000][gc,metaspace] GC(34) Metaspace: 16239K(16704K)->16239K(16704K) NonClass: 14454K(14656K)->14454K(14656K) Class: 1784K(2048K)->1784K(2048K)
[2025-05-24T00:46:19.034+0000][gc          ] GC(34) Pause Young (Normal) (G1 Evacuation Pause) 773M->173M(1024M) 13.413ms
[2025-05-24T00:46:19.034+0000][gc,cpu      ] GC(34) User=0.05s Sys=0.01s Real=0.02s
[2025-05-24T00:46:49.391+0000][gc,start    ] GC(35) Pause Young (Normal) (G1 Evacuation Pause)
[2025-05-24T00:46:49.392+0000][gc,task     ] GC(35) Using 10 workers of 10 for evacuation
[2025-05-24T00:46:49.401+0000][gc,phases   ] GC(35)   Pre Evacuate Collection Set: 0.6ms
[2025-05-24T00:46:49.401+0000][gc,phases   ] GC(35)   Merge Heap Roots: 0.3ms
[2025-05-24T00:46:49.402+0000][gc,phases   ] GC(35)   Evacuate Collection Set: 6.8ms
[2025-05-24T00:46:49.402+0000][gc,phases   ] GC(35)   Post Evacuate Collection Set: 1.2ms
[2025-05-24T00:46:49.402+0000][gc,phases   ] GC(35)   Other: 0.6ms
[2025-05-24T00:46:49.402+0000][gc,heap     ] GC(35) Eden regions: 601->0(597)
[2025-05-24T00:46:49.402+0000][gc,heap     ] GC(35) Survivor regions: 13->17(77)
[2025-05-24T00:46:49.402+0000][gc,heap     ] GC(35) Old regions: 31->32
[2025-05-24T00:46:49.403+0000][gc,heap     ] GC(35) Humongous regions: 130->130
[2025-05-24T00:46:49.403+0000][gc,metaspace] GC(35) Metaspace: 16261K(16704K)->16261K(16704K) NonClass: 14476K(14656K)->14476K(14656K) Class: 1784K(2048K)->1784K(2048K)
[2025-05-24T00:46:49.403+0000][gc          ] GC(35) Pause Young (Normal) (G1 Evacuation Pause) 774M->177M(1024M) 11.866ms
[2025-05-24T00:46:49.403+0000][gc,cpu      ] GC(35) User=0.06s Sys=0.01s Real=0.01s
[2025-05-24T00:47:29.411+0000][gc,start    ] GC(36) Pause Young (Normal) (G1 Evacuation Pause)
[2025-05-24T00:47:29.411+0000][gc,task     ] GC(36) Using 10 workers of 10 for evacuation
[2025-05-24T00:47:29.437+0000][gc,phases   ] GC(36)   Pre Evacuate Collection Set: 0.8ms
[2025-05-24T00:47:29.438+0000][gc,phases   ] GC(36)   Merge Heap Roots: 0.2ms
[2025-05-24T00:47:29.438+0000][gc,phases   ] GC(36)   Evacuate Collection Set: 22.6ms
[2025-05-24T00:47:29.438+0000][gc,phases   ] GC(36)   Post Evacuate Collection Set: 1.8ms
[2025-05-24T00:47:29.438+0000][gc,phases   ] GC(36)   Other: 0.4ms
[2025-05-24T00:47:29.438+0000][gc,heap     ] GC(36) Eden regions: 597->0(598)
[2025-05-24T00:47:29.438+0000][gc,heap     ] GC(36) Survivor regions: 17->16(77)
[2025-05-24T00:47:29.439+0000][gc,heap     ] GC(36) Old regions: 32->33
[2025-05-24T00:47:29.439+0000][gc,heap     ] GC(36) Humongous regions: 130->130
[2025-05-24T00:47:29.439+0000][gc,metaspace] GC(36) Metaspace: 16265K(16768K)->16265K(16768K) NonClass: 14481K(14720K)->14481K(14720K) Class: 1784K(2048K)->1784K(2048K)
[2025-05-24T00:47:29.439+0000][gc          ] GC(36) Pause Young (Normal) (G1 Evacuation Pause) 774M->178M(1024M) 28.123ms
[2025-05-24T00:47:29.440+0000][gc,cpu      ] GC(36) User=0.05s Sys=0.00s Real=0.03s
[2025-05-24T00:47:59.460+0000][gc,start    ] GC(37) Pause Young (Normal) (G1 Evacuation Pause)
[2025-05-24T00:47:59.460+0000][gc,task     ] GC(37) Using 10 workers of 10 for evacuation
[2025-05-24T00:47:59.472+0000][gc,phases   ] GC(37)   Pre Evacuate Collection Set: 0.5ms
[2025-05-24T00:47:59.473+0000][gc,phases   ] GC(37)   Merge Heap Roots: 0.2ms
[2025-05-24T00:47:59.473+0000][gc,phases   ] GC(37)   Evacuate Collection Set: 9.5ms
[2025-05-24T00:47:59.474+0000][gc,phases   ] GC(37)   Post Evacuate Collection Set: 1.7ms
[2025-05-24T00:47:59.474+0000][gc,phases   ] GC(37)   Other: 0.4ms
[2025-05-24T00:47:59.474+0000][gc,heap     ] GC(37) Eden regions: 598->0(596)
[2025-05-24T00:47:59.474+0000][gc,heap     ] GC(37) Survivor regions: 16->18(77)
[2025-05-24T00:47:59.475+0000][gc,heap     ] GC(37) Old regions: 33->33
[2025-05-24T00:47:59.475+0000][gc,heap     ] GC(37) Humongous regions: 130->130
[2025-05-24T00:47:59.475+0000][gc,metaspace] GC(37) Metaspace: 16305K(16768K)->16305K(16768K) NonClass: 14520K(14720K)->14520K(14720K) Class: 1785K(2048K)->1785K(2048K)
[2025-05-24T00:47:59.475+0000][gc          ] GC(37) Pause Young (Normal) (G1 Evacuation Pause) 776M->180M(1024M) 15.493ms
[2025-05-24T00:47:59.475+0000][gc,cpu      ] GC(37) User=0.09s Sys=0.00s Real=0.02s
[2025-05-24T00:48:38.756+0000][gc,start    ] GC(38) Pause Young (Normal) (G1 Evacuation Pause)
[2025-05-24T00:48:38.756+0000][gc,task     ] GC(38) Using 10 workers of 10 for evacuation
[2025-05-24T00:48:38.765+0000][gc,phases   ] GC(38)   Pre Evacuate Collection Set: 0.4ms
[2025-05-24T00:48:38.765+0000][gc,phases   ] GC(38)   Merge Heap Roots: 0.2ms
[2025-05-24T00:48:38.765+0000][gc,phases   ] GC(38)   Evacuate Collection Set: 6.3ms
[2025-05-24T00:48:38.766+0000][gc,phases   ] GC(38)   Post Evacuate Collection Set: 1.2ms
[2025-05-24T00:48:38.766+0000][gc,phases   ] GC(38)   Other: 0.4ms
[2025-05-24T00:48:38.766+0000][gc,heap     ] GC(38) Eden regions: 596->0(600)
[2025-05-24T00:48:38.767+0000][gc,heap     ] GC(38) Survivor regions: 18->14(77)
[2025-05-24T00:48:38.767+0000][gc,heap     ] GC(38) Old regions: 33->34
[2025-05-24T00:48:38.767+0000][gc,heap     ] GC(38) Humongous regions: 130->130
[2025-05-24T00:48:38.767+0000][gc,metaspace] GC(38) Metaspace: 16309K(16768K)->16309K(16768K) NonClass: 14524K(14720K)->14524K(14720K) Class: 1785K(2048K)->1785K(2048K)
[2025-05-24T00:48:38.767+0000][gc          ] GC(38) Pause Young (Normal) (G1 Evacuation Pause) 776M->177M(1024M) 11.505ms
[2025-05-24T00:48:38.768+0000][gc,cpu      ] GC(38) User=0.07s Sys=0.00s Real=0.01s
[2025-05-24T00:49:09.560+0000][gc,start    ] GC(39) Pause Young (Normal) (G1 Evacuation Pause)
[2025-05-24T00:49:09.560+0000][gc,task     ] GC(39) Using 10 workers of 10 for evacuation
[2025-05-24T00:49:09.571+0000][gc,phases   ] GC(39)   Pre Evacuate Collection Set: 0.5ms
[2025-05-24T00:49:09.572+0000][gc,phases   ] GC(39)   Merge Heap Roots: 0.3ms
[2025-05-24T00:49:09.572+0000][gc,phases   ] GC(39)   Evacuate Collection Set: 7.8ms
[2025-05-24T00:49:09.573+0000][gc,phases   ] GC(39)   Post Evacuate Collection Set: 2.1ms
[2025-05-24T00:49:09.573+0000][gc,phases   ] GC(39)   Other: 0.4ms
[2025-05-24T00:49:09.573+0000][gc,heap     ] GC(39) Eden regions: 600->0(597)
[2025-05-24T00:49:09.574+0000][gc,heap     ] GC(39) Survivor regions: 14->17(77)
[2025-05-24T00:49:09.574+0000][gc,heap     ] GC(39) Old regions: 34->35
[2025-05-24T00:49:09.574+0000][gc,heap     ] GC(39) Humongous regions: 130->130
[2025-05-24T00:49:09.575+0000][gc,metaspace] GC(39) Metaspace: 16312K(16768K)->16312K(16768K) NonClass: 14527K(14720K)->14527K(14720K) Class: 1785K(2048K)->1785K(2048K)
[2025-05-24T00:49:09.575+0000][gc          ] GC(39) Pause Young (Normal) (G1 Evacuation Pause) 777M->180M(1024M) 15.237ms
[2025-05-24T00:49:09.575+0000][gc,cpu      ] GC(39) User=0.07s Sys=0.01s Real=0.01s
[2025-05-24T00:49:48.873+0000][gc,start    ] GC(40) Pause Young (Normal) (G1 Evacuation Pause)
[2025-05-24T00:49:48.873+0000][gc,task     ] GC(40) Using 10 workers of 10 for evacuation
[2025-05-24T00:49:48.882+0000][gc,phases   ] GC(40)   Pre Evacuate Collection Set: 0.4ms
[2025-05-24T00:49:48.882+0000][gc,phases   ] GC(40)   Merge Heap Roots: 0.3ms
[2025-05-24T00:49:48.882+0000][gc,phases   ] GC(40)   Evacuate Collection Set: 6.6ms
[2025-05-24T00:49:48.883+0000][gc,phases   ] GC(40)   Post Evacuate Collection Set: 1.1ms
[2025-05-24T00:49:48.883+0000][gc,phases   ] GC(40)   Other: 0.4ms
[2025-05-24T00:49:48.883+0000][gc,heap     ] GC(40) Eden regions: 597->0(598)
[2025-05-24T00:49:48.883+0000][gc,heap     ] GC(40) Survivor regions: 17->16(77)
[2025-05-24T00:49:48.883+0000][gc,heap     ] GC(40) Old regions: 35->35
[2025-05-24T00:49:48.883+0000][gc,heap     ] GC(40) Humongous regions: 130->130
[2025-05-24T00:49:48.883+0000][gc,metaspace] GC(40) Metaspace: 16430K(16832K)->16430K(16832K) NonClass: 14628K(14784K)->14628K(14784K) Class: 1802K(2048K)->1802K(2048K)
[2025-05-24T00:49:48.884+0000][gc          ] GC(40) Pause Young (Normal) (G1 Evacuation Pause) 777M->180M(1024M) 11.096ms
[2025-05-24T00:49:48.884+0000][gc,cpu      ] GC(40) User=0.07s Sys=0.00s Real=0.01s
[2025-05-24T00:50:19.568+0000][gc,start    ] GC(41) Pause Young (Normal) (G1 Evacuation Pause)
[2025-05-24T00:50:19.568+0000][gc,task     ] GC(41) Using 10 workers of 10 for evacuation
[2025-05-24T00:50:19.583+0000][gc,phases   ] GC(41)   Pre Evacuate Collection Set: 0.5ms
[2025-05-24T00:50:19.583+0000][gc,phases   ] GC(41)   Merge Heap Roots: 0.3ms
[2025-05-24T00:50:19.584+0000][gc,phases   ] GC(41)   Evacuate Collection Set: 11.9ms
[2025-05-24T00:50:19.584+0000][gc,phases   ] GC(41)   Post Evacuate Collection Set: 1.6ms
[2025-05-24T00:50:19.584+0000][gc,phases   ] GC(41)   Other: 0.5ms
[2025-05-24T00:50:19.584+0000][gc,heap     ] GC(41) Eden regions: 598->0(595)
[2025-05-24T00:50:19.585+0000][gc,heap     ] GC(41) Survivor regions: 16->19(77)
[2025-05-24T00:50:19.585+0000][gc,heap     ] GC(41) Old regions: 35->36
[2025-05-24T00:50:19.585+0000][gc,heap     ] GC(41) Humongous regions: 130->130
[2025-05-24T00:50:19.585+0000][gc,metaspace] GC(41) Metaspace: 16566K(17024K)->16566K(17024K) NonClass: 14745K(14976K)->14745K(14976K) Class: 1820K(2048K)->1820K(2048K)
[2025-05-24T00:50:19.586+0000][gc          ] GC(41) Pause Young (Normal) (G1 Evacuation Pause) 778M->184M(1024M) 17.845ms
[2025-05-24T00:50:19.586+0000][gc,cpu      ] GC(41) User=0.02s Sys=0.09s Real=0.02s
[2025-05-24T00:50:59.037+0000][gc,start    ] GC(42) Pause Young (Normal) (G1 Evacuation Pause)
[2025-05-24T00:50:59.037+0000][gc,task     ] GC(42) Using 10 workers of 10 for evacuation
[2025-05-24T00:50:59.050+0000][gc,phases   ] GC(42)   Pre Evacuate Collection Set: 0.5ms
[2025-05-24T00:50:59.050+0000][gc,phases   ] GC(42)   Merge Heap Roots: 0.3ms
[2025-05-24T00:50:59.051+0000][gc,phases   ] GC(42)   Evacuate Collection Set: 9.9ms
[2025-05-24T00:50:59.051+0000][gc,phases   ] GC(42)   Post Evacuate Collection Set: 1.5ms
[2025-05-24T00:50:59.051+0000][gc,phases   ] GC(42)   Other: 0.5ms
[2025-05-24T00:50:59.051+0000][gc,heap     ] GC(42) Eden regions: 595->0(595)
[2025-05-24T00:50:59.052+0000][gc,heap     ] GC(42) Survivor regions: 19->19(77)
[2025-05-24T00:50:59.052+0000][gc,heap     ] GC(42) Old regions: 36->36
[2025-05-24T00:50:59.052+0000][gc,heap     ] GC(42) Humongous regions: 130->130
[2025-05-24T00:50:59.052+0000][gc,metaspace] GC(42) Metaspace: 16573K(17024K)->16573K(17024K) NonClass: 14752K(14976K)->14752K(14976K) Class: 1820K(2048K)->1820K(2048K)
[2025-05-24T00:50:59.053+0000][gc          ] GC(42) Pause Young (Normal) (G1 Evacuation Pause) 779M->184M(1024M) 16.076ms
[2025-05-24T00:50:59.053+0000][gc,cpu      ] GC(42) User=0.08s Sys=0.00s Real=0.01s
[2025-05-24T00:51:29.746+0000][gc,start    ] GC(43) Pause Young (Normal) (G1 Evacuation Pause)
[2025-05-24T00:51:29.746+0000][gc,task     ] GC(43) Using 10 workers of 10 for evacuation
[2025-05-24T00:51:29.759+0000][gc,phases   ] GC(43)   Pre Evacuate Collection Set: 0.6ms
[2025-05-24T00:51:29.759+0000][gc,phases   ] GC(43)   Merge Heap Roots: 0.3ms
[2025-05-24T00:51:29.759+0000][gc,phases   ] GC(43)   Evacuate Collection Set: 9.0ms
[2025-05-24T00:51:29.760+0000][gc,phases   ] GC(43)   Post Evacuate Collection Set: 1.9ms
[2025-05-24T00:51:29.760+0000][gc,phases   ] GC(43)   Other: 0.4ms
[2025-05-24T00:51:29.760+0000][gc,heap     ] GC(43) Eden regions: 595->0(599)
[2025-05-24T00:51:29.760+0000][gc,heap     ] GC(43) Survivor regions: 19->15(77)
[2025-05-24T00:51:29.761+0000][gc,heap     ] GC(43) Old regions: 36->36
[2025-05-24T00:51:29.761+0000][gc,heap     ] GC(43) Humongous regions: 130->130
[2025-05-24T00:51:29.761+0000][gc,metaspace] GC(43) Metaspace: 16577K(17024K)->16577K(17024K) NonClass: 14756K(14976K)->14756K(14976K) Class: 1821K(2048K)->1821K(2048K)
[2025-05-24T00:51:29.762+0000][gc          ] GC(43) Pause Young (Normal) (G1 Evacuation Pause) 779M->180M(1024M) 15.580ms
[2025-05-24T00:51:29.762+0000][gc,cpu      ] GC(43) User=0.08s Sys=0.01s Real=0.02s
[2025-05-24T00:52:09.189+0000][gc,start    ] GC(44) Pause Young (Normal) (G1 Evacuation Pause)
[2025-05-24T00:52:09.189+0000][gc,task     ] GC(44) Using 10 workers of 10 for evacuation
[2025-05-24T00:52:09.199+0000][gc,phases   ] GC(44)   Pre Evacuate Collection Set: 0.4ms
[2025-05-24T00:52:09.199+0000][gc,phases   ] GC(44)   Merge Heap Roots: 0.2ms
[2025-05-24T00:52:09.199+0000][gc,phases   ] GC(44)   Evacuate Collection Set: 7.3ms
[2025-05-24T00:52:09.200+0000][gc,phases   ] GC(44)   Post Evacuate Collection Set: 1.5ms
[2025-05-24T00:52:09.200+0000][gc,phases   ] GC(44)   Other: 0.3ms
[2025-05-24T00:52:09.200+0000][gc,heap     ] GC(44) Eden regions: 599->0(598)
[2025-05-24T00:52:09.200+0000][gc,heap     ] GC(44) Survivor regions: 15->16(77)
[2025-05-24T00:52:09.200+0000][gc,heap     ] GC(44) Old regions: 36->37
[2025-05-24T00:52:09.200+0000][gc,heap     ] GC(44) Humongous regions: 130->130
[2025-05-24T00:52:09.201+0000][gc,metaspace] GC(44) Metaspace: 16598K(17024K)->16598K(17024K) NonClass: 14772K(14976K)->14772K(14976K) Class: 1825K(2048K)->1825K(2048K)
[2025-05-24T00:52:09.201+0000][gc          ] GC(44) Pause Young (Normal) (G1 Evacuation Pause) 779M->182M(1024M) 11.994ms
[2025-05-24T00:52:09.201+0000][gc,cpu      ] GC(44) User=0.06s Sys=0.00s Real=0.01s
[2025-05-24T00:52:39.368+0000][gc,start    ] GC(45) Pause Young (Normal) (G1 Evacuation Pause)
[2025-05-24T00:52:39.368+0000][gc,task     ] GC(45) Using 10 workers of 10 for evacuation
[2025-05-24T00:52:39.380+0000][gc,phases   ] GC(45)   Pre Evacuate Collection Set: 0.4ms
[2025-05-24T00:52:39.380+0000][gc,phases   ] GC(45)   Merge Heap Roots: 0.2ms
[2025-05-24T00:52:39.380+0000][gc,phases   ] GC(45)   Evacuate Collection Set: 9.7ms
[2025-05-24T00:52:39.381+0000][gc,phases   ] GC(45)   Post Evacuate Collection Set: 1.2ms
[2025-05-24T00:52:39.381+0000][gc,phases   ] GC(45)   Other: 0.4ms
[2025-05-24T00:52:39.381+0000][gc,heap     ] GC(45) Eden regions: 598->0(591)
[2025-05-24T00:52:39.381+0000][gc,heap     ] GC(45) Survivor regions: 16->23(77)
[2025-05-24T00:52:39.381+0000][gc,heap     ] GC(45) Old regions: 37->38
[2025-05-24T00:52:39.381+0000][gc,heap     ] GC(45) Humongous regions: 130->130
[2025-05-24T00:52:39.381+0000][gc,metaspace] GC(45) Metaspace: 16610K(17024K)->16610K(17024K) NonClass: 14785K(14976K)->14785K(14976K) Class: 1825K(2048K)->1825K(2048K)
[2025-05-24T00:52:39.382+0000][gc          ] GC(45) Pause Young (Normal) (G1 Evacuation Pause) 780M->190M(1024M) 13.845ms
[2025-05-24T00:52:39.382+0000][gc,cpu      ] GC(45) User=0.09s Sys=0.01s Real=0.01s
[2025-05-24T00:53:19.263+0000][gc,start    ] GC(46) Pause Young (Normal) (G1 Evacuation Pause)
[2025-05-24T00:53:19.263+0000][gc,task     ] GC(46) Using 10 workers of 10 for evacuation
[2025-05-24T00:53:19.276+0000][gc,phases   ] GC(46)   Pre Evacuate Collection Set: 0.7ms
[2025-05-24T00:53:19.276+0000][gc,phases   ] GC(46)   Merge Heap Roots: 0.4ms
[2025-05-24T00:53:19.276+0000][gc,phases   ] GC(46)   Evacuate Collection Set: 9.4ms
[2025-05-24T00:53:19.277+0000][gc,phases   ] GC(46)   Post Evacuate Collection Set: 1.6ms
[2025-05-24T00:53:19.277+0000][gc,phases   ] GC(46)   Other: 0.5ms
[2025-05-24T00:53:19.277+0000][gc,heap     ] GC(46) Eden regions: 591->0(598)
[2025-05-24T00:53:19.277+0000][gc,heap     ] GC(46) Survivor regions: 23->16(77)
[2025-05-24T00:53:19.277+0000][gc,heap     ] GC(46) Old regions: 38->39
[2025-05-24T00:53:19.278+0000][gc,heap     ] GC(46) Humongous regions: 130->130
[2025-05-24T00:53:19.278+0000][gc,metaspace] GC(46) Metaspace: 16628K(17088K)->16628K(17088K) NonClass: 14802K(15040K)->14802K(15040K) Class: 1825K(2048K)->1825K(2048K)
[2025-05-24T00:53:19.279+0000][gc          ] GC(46) Pause Young (Normal) (G1 Evacuation Pause) 781M->184M(1024M) 15.914ms
[2025-05-24T00:53:19.279+0000][gc,cpu      ] GC(46) User=0.08s Sys=0.01s Real=0.02s
[2025-05-24T00:53:58.841+0000][gc,start    ] GC(47) Pause Young (Normal) (G1 Evacuation Pause)
[2025-05-24T00:53:58.842+0000][gc,task     ] GC(47) Using 10 workers of 10 for evacuation
[2025-05-24T00:53:58.855+0000][gc,phases   ] GC(47)   Pre Evacuate Collection Set: 0.7ms
[2025-05-24T00:53:58.855+0000][gc,phases   ] GC(47)   Merge Heap Roots: 0.3ms
[2025-05-24T00:53:58.855+0000][gc,phases   ] GC(47)   Evacuate Collection Set: 10.0ms
[2025-05-24T00:53:58.856+0000][gc,phases   ] GC(47)   Post Evacuate Collection Set: 1.5ms
[2025-05-24T00:53:58.856+0000][gc,phases   ] GC(47)   Other: 0.6ms
[2025-05-24T00:53:58.856+0000][gc,heap     ] GC(47) Eden regions: 598->0(599)
[2025-05-24T00:53:58.856+0000][gc,heap     ] GC(47) Survivor regions: 16->15(77)
[2025-05-24T00:53:58.856+0000][gc,heap     ] GC(47) Old regions: 39->40
[2025-05-24T00:53:58.857+0000][gc,heap     ] GC(47) Humongous regions: 130->130
[2025-05-24T00:53:58.857+0000][gc,metaspace] GC(47) Metaspace: 16629K(17088K)->16629K(17088K) NonClass: 14803K(15040K)->14803K(15040K) Class: 1825K(2048K)->1825K(2048K)
[2025-05-24T00:53:58.857+0000][gc          ] GC(47) Pause Young (Normal) (G1 Evacuation Pause) 782M->184M(1024M) 16.218ms
[2025-05-24T00:53:58.857+0000][gc,cpu      ] GC(47) User=0.09s Sys=0.00s Real=0.02s
[2025-05-24T00:54:29.371+0000][gc,start    ] GC(48) Pause Young (Normal) (G1 Evacuation Pause)
[2025-05-24T00:54:29.371+0000][gc,task     ] GC(48) Using 10 workers of 10 for evacuation
[2025-05-24T00:54:29.381+0000][gc,phases   ] GC(48)   Pre Evacuate Collection Set: 0.4ms
[2025-05-24T00:54:29.381+0000][gc,phases   ] GC(48)   Merge Heap Roots: 0.2ms
[2025-05-24T00:54:29.381+0000][gc,phases   ] GC(48)   Evacuate Collection Set: 7.6ms
[2025-05-24T00:54:29.382+0000][gc,phases   ] GC(48)   Post Evacuate Collection Set: 1.2ms
[2025-05-24T00:54:29.382+0000][gc,phases   ] GC(48)   Other: 0.4ms
[2025-05-24T00:54:29.382+0000][gc,heap     ] GC(48) Eden regions: 599->0(596)
[2025-05-24T00:54:29.382+0000][gc,heap     ] GC(48) Survivor regions: 15->18(77)
[2025-05-24T00:54:29.382+0000][gc,heap     ] GC(48) Old regions: 40->40
[2025-05-24T00:54:29.383+0000][gc,heap     ] GC(48) Humongous regions: 130->130
[2025-05-24T00:54:29.383+0000][gc,metaspace] GC(48) Metaspace: 16655K(17088K)->16655K(17088K) NonClass: 14830K(15040K)->14830K(15040K) Class: 1825K(2048K)->1825K(2048K)
[2025-05-24T00:54:29.383+0000][gc          ] GC(48) Pause Young (Normal) (G1 Evacuation Pause) 783M->187M(1024M) 11.948ms
[2025-05-24T00:54:29.383+0000][gc,cpu      ] GC(48) User=0.08s Sys=0.00s Real=0.01s
[2025-05-24T00:55:08.976+0000][gc,start    ] GC(49) Pause Young (Normal) (G1 Evacuation Pause)
[2025-05-24T00:55:08.977+0000][gc,task     ] GC(49) Using 10 workers of 10 for evacuation
[2025-05-24T00:55:08.985+0000][gc,phases   ] GC(49)   Pre Evacuate Collection Set: 0.4ms
[2025-05-24T00:55:08.985+0000][gc,phases   ] GC(49)   Merge Heap Roots: 0.2ms
[2025-05-24T00:55:08.985+0000][gc,phases   ] GC(49)   Evacuate Collection Set: 6.1ms
[2025-05-24T00:55:08.985+0000][gc,phases   ] GC(49)   Post Evacuate Collection Set: 1.2ms
[2025-05-24T00:55:08.986+0000][gc,phases   ] GC(49)   Other: 0.3ms
[2025-05-24T00:55:08.986+0000][gc,heap     ] GC(49) Eden regions: 596->0(596)
[2025-05-24T00:55:08.986+0000][gc,heap     ] GC(49) Survivor regions: 18->18(77)
[2025-05-24T00:55:08.986+0000][gc,heap     ] GC(49) Old regions: 40->40
[2025-05-24T00:55:08.986+0000][gc,heap     ] GC(49) Humongous regions: 130->130
[2025-05-24T00:55:08.987+0000][gc,metaspace] GC(49) Metaspace: 16687K(17088K)->16687K(17088K) NonClass: 14861K(15040K)->14861K(15040K) Class: 1825K(2048K)->1825K(2048K)
[2025-05-24T00:55:08.987+0000][gc          ] GC(49) Pause Young (Normal) (G1 Evacuation Pause) 783M->187M(1024M) 10.595ms
[2025-05-24T00:55:08.987+0000][gc,cpu      ] GC(49) User=0.05s Sys=0.01s Real=0.01s
[2025-05-24T00:55:48.724+0000][gc,start    ] GC(50) Pause Young (Normal) (G1 Evacuation Pause)
[2025-05-24T00:55:48.725+0000][gc,task     ] GC(50) Using 10 workers of 10 for evacuation
[2025-05-24T00:55:48.753+0000][gc,phases   ] GC(50)   Pre Evacuate Collection Set: 0.9ms
[2025-05-24T00:55:48.753+0000][gc,phases   ] GC(50)   Merge Heap Roots: 0.5ms
[2025-05-24T00:55:48.754+0000][gc,phases   ] GC(50)   Evacuate Collection Set: 24.2ms
[2025-05-24T00:55:48.754+0000][gc,phases   ] GC(50)   Post Evacuate Collection Set: 2.2ms
[2025-05-24T00:55:48.754+0000][gc,phases   ] GC(50)   Other: 0.5ms
[2025-05-24T00:55:48.755+0000][gc,heap     ] GC(50) Eden regions: 596->0(596)
[2025-05-24T00:55:48.755+0000][gc,heap     ] GC(50) Survivor regions: 18->18(77)
[2025-05-24T00:55:48.756+0000][gc,heap     ] GC(50) Old regions: 40->41
[2025-05-24T00:55:48.756+0000][gc,heap     ] GC(50) Humongous regions: 130->130
[2025-05-24T00:55:48.756+0000][gc,metaspace] GC(50) Metaspace: 16687K(17088K)->16687K(17088K) NonClass: 14861K(15040K)->14861K(15040K) Class: 1825K(2048K)->1825K(2048K)
[2025-05-24T00:55:48.757+0000][gc          ] GC(50) Pause Young (Normal) (G1 Evacuation Pause) 783M->187M(1024M) 32.571ms
[2025-05-24T00:55:48.757+0000][gc,cpu      ] GC(50) User=0.15s Sys=0.03s Real=0.03s
[2025-05-24T00:56:19.441+0000][gc,start    ] GC(51) Pause Young (Normal) (G1 Evacuation Pause)
[2025-05-24T00:56:19.442+0000][gc,task     ] GC(51) Using 10 workers of 10 for evacuation
[2025-05-24T00:56:19.454+0000][gc,phases   ] GC(51)   Pre Evacuate Collection Set: 0.6ms
[2025-05-24T00:56:19.455+0000][gc,phases   ] GC(51)   Merge Heap Roots: 0.3ms
[2025-05-24T00:56:19.455+0000][gc,phases   ] GC(51)   Evacuate Collection Set: 9.3ms
[2025-05-24T00:56:19.455+0000][gc,phases   ] GC(51)   Post Evacuate Collection Set: 1.7ms
[2025-05-24T00:56:19.456+0000][gc,phases   ] GC(51)   Other: 0.5ms
[2025-05-24T00:56:19.456+0000][gc,heap     ] GC(51) Eden regions: 596->0(593)
[2025-05-24T00:56:19.456+0000][gc,heap     ] GC(51) Survivor regions: 18->21(77)
[2025-05-24T00:56:19.456+0000][gc,heap     ] GC(51) Old regions: 41->41
[2025-05-24T00:56:19.457+0000][gc,heap     ] GC(51) Humongous regions: 130->130
[2025-05-24T00:56:19.457+0000][gc,metaspace] GC(51) Metaspace: 16687K(17088K)->16687K(17088K) NonClass: 14861K(15040K)->14861K(15040K) Class: 1825K(2048K)->1825K(2048K)
[2025-05-24T00:56:19.457+0000][gc          ] GC(51) Pause Young (Normal) (G1 Evacuation Pause) 783M->191M(1024M) 15.865ms
[2025-05-24T00:56:19.457+0000][gc,cpu      ] GC(51) User=0.07s Sys=0.02s Real=0.02s
[2025-05-24T00:56:38.962+0000][gc,heap,exit] Heap
[2025-05-24T00:56:38.962+0000][gc,heap,exit]  garbage-first heap   total 1048576K, used 439908K [0x00000000c0000000, 0x0000000100000000)
[2025-05-24T00:56:38.962+0000][gc,heap,exit]   region size 1024K, 253 young (259072K), 21 survivors (21504K)
[2025-05-24T00:56:38.962+0000][gc,heap,exit]  Metaspace       used 17298K, committed 17792K, reserved 1114112K
[2025-05-24T00:56:38.962+0000][gc,heap,exit]   class space    used 1989K, committed 2240K, reserved 1048576K
