[2025-05-24T01:04:53.608+0000][gc,init] CardTable entry size: 512
[2025-05-24T01:04:53.609+0000][gc     ] Using G1
[2025-05-24T01:04:53.654+0000][gc,init] Version: 21.0.4+7-LTS (release)
[2025-05-24T01:04:53.654+0000][gc,init] CPUs: 12 total, 12 available
[2025-05-24T01:04:53.655+0000][gc,init] Memory: 15597M
[2025-05-24T01:04:53.655+0000][gc,init] Large Page Support: Disabled
[2025-05-24T01:04:53.655+0000][gc,init] NUMA Support: Disabled
[2025-05-24T01:04:53.656+0000][gc,init] Compressed Oops: Enabled (32-bit)
[2025-05-24T01:04:53.662+0000][gc,init] Heap Region Size: 1M
[2025-05-24T01:04:53.665+0000][gc,init] Heap Min Capacity: 1G
[2025-05-24T01:04:53.665+0000][gc,init] Heap Initial Capacity: 1G
[2025-05-24T01:04:53.665+0000][gc,init] Heap Max Capacity: 1G
[2025-05-24T01:04:53.665+0000][gc,init] Pre-touch: Disabled
[2025-05-24T01:04:53.666+0000][gc,init] Parallel Workers: 10
[2025-05-24T01:04:53.666+0000][gc,init] Concurrent Workers: 3
[2025-05-24T01:04:53.666+0000][gc,init] Concurrent Refinement Workers: 10
[2025-05-24T01:04:53.666+0000][gc,init] Periodic GC: Disabled
[2025-05-24T01:04:53.762+0000][gc,metaspace] CDS archive(s) mapped at: [0x00007ff99a000000-0x00007ff99abbe000-0x00007ff99d674000), size 57098240, SharedBaseAddress: 0x00007ff99a000000, ArchiveRelocationMode: 1.
[2025-05-24T01:04:53.772+0000][gc,metaspace] Compressed class space mapped at: 0x00007ff99e000000-0x00007ff9de000000, reserved size: 1073741824
[2025-05-24T01:04:53.772+0000][gc,metaspace] Narrow klass base: 0x00007ff99a000000, Narrow klass shift: 0, Narrow klass range: 0x100000000
[2025-05-24T01:04:57.738+0000][gc,start    ] GC(0) Pause Young (Normal) (G1 Evacuation Pause)
[2025-05-24T01:04:57.761+0000][gc,task     ] GC(0) Using 10 workers of 10 for evacuation
[2025-05-24T01:04:57.787+0000][gc,phases   ] GC(0)   Pre Evacuate Collection Set: 0.7ms
[2025-05-24T01:04:57.787+0000][gc,phases   ] GC(0)   Merge Heap Roots: 0.1ms
[2025-05-24T01:04:57.788+0000][gc,phases   ] GC(0)   Evacuate Collection Set: 22.4ms
[2025-05-24T01:04:57.789+0000][gc,phases   ] GC(0)   Post Evacuate Collection Set: 2.2ms
[2025-05-24T01:04:57.789+0000][gc,phases   ] GC(0)   Other: 23.0ms
[2025-05-24T01:04:57.789+0000][gc,heap     ] GC(0) Eden regions: 51->0(46)
[2025-05-24T01:04:57.789+0000][gc,heap     ] GC(0) Survivor regions: 0->7(7)
[2025-05-24T01:04:57.789+0000][gc,heap     ] GC(0) Old regions: 1->4
[2025-05-24T01:04:57.790+0000][gc,heap     ] GC(0) Humongous regions: 1->1
[2025-05-24T01:04:57.790+0000][gc,metaspace] GC(0) Metaspace: 6213K(6528K)->6213K(6528K) NonClass: 5457K(5632K)->5457K(5632K) Class: 755K(896K)->755K(896K)
[2025-05-24T01:04:57.790+0000][gc          ] GC(0) Pause Young (Normal) (G1 Evacuation Pause) 52M->11M(1024M) 52.443ms
[2025-05-24T01:04:57.790+0000][gc,cpu      ] GC(0) User=0.10s Sys=0.02s Real=0.05s
[2025-05-24T01:05:05.896+0000][gc,start    ] GC(1) Pause Young (Normal) (G1 Evacuation Pause)
[2025-05-24T01:05:05.899+0000][gc,task     ] GC(1) Using 10 workers of 10 for evacuation
[2025-05-24T01:05:05.924+0000][gc,phases   ] GC(1)   Pre Evacuate Collection Set: 1.5ms
[2025-05-24T01:05:05.924+0000][gc,phases   ] GC(1)   Merge Heap Roots: 0.2ms
[2025-05-24T01:05:05.925+0000][gc,phases   ] GC(1)   Evacuate Collection Set: 20.9ms
[2025-05-24T01:05:05.925+0000][gc,phases   ] GC(1)   Post Evacuate Collection Set: 2.1ms
[2025-05-24T01:05:05.925+0000][gc,phases   ] GC(1)   Other: 0.4ms
[2025-05-24T01:05:05.926+0000][gc,heap     ] GC(1) Eden regions: 46->0(51)
[2025-05-24T01:05:05.926+0000][gc,heap     ] GC(1) Survivor regions: 7->7(7)
[2025-05-24T01:05:05.926+0000][gc,heap     ] GC(1) Old regions: 4->12
[2025-05-24T01:05:05.926+0000][gc,heap     ] GC(1) Humongous regions: 130->130
[2025-05-24T01:05:05.926+0000][gc,metaspace] GC(1) Metaspace: 9699K(9984K)->9699K(9984K) NonClass: 8407K(8576K)->8407K(8576K) Class: 1292K(1408K)->1292K(1408K)
[2025-05-24T01:05:05.926+0000][gc          ] GC(1) Pause Young (Normal) (G1 Evacuation Pause) 186M->148M(1024M) 30.320ms
[2025-05-24T01:05:05.927+0000][gc,cpu      ] GC(1) User=0.06s Sys=0.01s Real=0.03s
[2025-05-24T01:05:06.638+0000][gc,start    ] GC(2) Pause Young (Normal) (G1 Evacuation Pause)
[2025-05-24T01:05:06.640+0000][gc,task     ] GC(2) Using 10 workers of 10 for evacuation
[2025-05-24T01:05:06.656+0000][gc,phases   ] GC(2)   Pre Evacuate Collection Set: 1.3ms
[2025-05-24T01:05:06.658+0000][gc,phases   ] GC(2)   Merge Heap Roots: 0.1ms
[2025-05-24T01:05:06.659+0000][gc,phases   ] GC(2)   Evacuate Collection Set: 12.5ms
[2025-05-24T01:05:06.659+0000][gc,phases   ] GC(2)   Post Evacuate Collection Set: 1.3ms
[2025-05-24T01:05:06.659+0000][gc,phases   ] GC(2)   Other: 0.3ms
[2025-05-24T01:05:06.660+0000][gc,heap     ] GC(2) Eden regions: 53->0(249)
[2025-05-24T01:05:06.660+0000][gc,heap     ] GC(2) Survivor regions: 7->2(8)
[2025-05-24T01:05:06.660+0000][gc,heap     ] GC(2) Old regions: 12->19
[2025-05-24T01:05:06.660+0000][gc,heap     ] GC(2) Humongous regions: 130->130
[2025-05-24T01:05:06.660+0000][gc,metaspace] GC(2) Metaspace: 10390K(10688K)->10390K(10688K) NonClass: 8976K(9152K)->8976K(9152K) Class: 1414K(1536K)->1414K(1536K)
[2025-05-24T01:05:06.661+0000][gc          ] GC(2) Pause Young (Normal) (G1 Evacuation Pause) 201M->150M(1024M) 22.141ms
[2025-05-24T01:05:06.661+0000][gc,cpu      ] GC(2) User=0.03s Sys=0.02s Real=0.03s
[2025-05-24T01:05:16.774+0000][gc,start    ] GC(3) Pause Young (Normal) (G1 Evacuation Pause)
[2025-05-24T01:05:16.774+0000][gc,task     ] GC(3) Using 10 workers of 10 for evacuation
[2025-05-24T01:05:16.785+0000][gc,phases   ] GC(3)   Pre Evacuate Collection Set: 0.4ms
[2025-05-24T01:05:16.785+0000][gc,phases   ] GC(3)   Merge Heap Roots: 0.3ms
[2025-05-24T01:05:16.786+0000][gc,phases   ] GC(3)   Evacuate Collection Set: 8.4ms
[2025-05-24T01:05:16.786+0000][gc,phases   ] GC(3)   Post Evacuate Collection Set: 1.0ms
[2025-05-24T01:05:16.786+0000][gc,phases   ] GC(3)   Other: 0.5ms
[2025-05-24T01:05:16.786+0000][gc,heap     ] GC(3) Eden regions: 247->0(380)
[2025-05-24T01:05:16.786+0000][gc,heap     ] GC(3) Survivor regions: 2->10(32)
[2025-05-24T01:05:16.787+0000][gc,heap     ] GC(3) Old regions: 19->19
[2025-05-24T01:05:16.787+0000][gc,heap     ] GC(3) Humongous regions: 130->130
[2025-05-24T01:05:16.787+0000][gc,metaspace] GC(3) Metaspace: 12102K(12480K)->12102K(12480K) NonClass: 10503K(10688K)->10503K(10688K) Class: 1599K(1792K)->1599K(1792K)
[2025-05-24T01:05:16.788+0000][gc          ] GC(3) Pause Young (Normal) (G1 Evacuation Pause) 397M->158M(1024M) 13.659ms
[2025-05-24T01:05:16.788+0000][gc,cpu      ] GC(3) User=0.00s Sys=0.07s Real=0.01s
[2025-05-24T01:05:46.218+0000][gc,start    ] GC(4) Pause Young (Normal) (G1 Evacuation Pause)
[2025-05-24T01:05:46.218+0000][gc,task     ] GC(4) Using 10 workers of 10 for evacuation
[2025-05-24T01:05:46.232+0000][gc,phases   ] GC(4)   Pre Evacuate Collection Set: 0.5ms
[2025-05-24T01:05:46.232+0000][gc,phases   ] GC(4)   Merge Heap Roots: 0.3ms
[2025-05-24T01:05:46.233+0000][gc,phases   ] GC(4)   Evacuate Collection Set: 11.2ms
[2025-05-24T01:05:46.233+0000][gc,phases   ] GC(4)   Post Evacuate Collection Set: 1.5ms
[2025-05-24T01:05:46.233+0000][gc,phases   ] GC(4)   Other: 0.4ms
[2025-05-24T01:05:46.233+0000][gc,heap     ] GC(4) Eden regions: 377->0(605)
[2025-05-24T01:05:46.233+0000][gc,heap     ] GC(4) Survivor regions: 10->9(49)
[2025-05-24T01:05:46.234+0000][gc,heap     ] GC(4) Old regions: 19->19
[2025-05-24T01:05:46.234+0000][gc,heap     ] GC(4) Humongous regions: 131->130
[2025-05-24T01:05:46.234+0000][gc,metaspace] GC(4) Metaspace: 12713K(13056K)->12713K(13056K) NonClass: 11087K(11264K)->11087K(11264K) Class: 1626K(1792K)->1626K(1792K)
[2025-05-24T01:05:46.234+0000][gc          ] GC(4) Pause Young (Normal) (G1 Evacuation Pause) 536M->157M(1024M) 16.657ms
[2025-05-24T01:05:46.235+0000][gc,cpu      ] GC(4) User=0.02s Sys=0.04s Real=0.02s
[2025-05-24T01:06:26.172+0000][gc,start    ] GC(5) Pause Young (Normal) (G1 Evacuation Pause)
[2025-05-24T01:06:26.173+0000][gc,task     ] GC(5) Using 10 workers of 10 for evacuation
[2025-05-24T01:06:26.188+0000][gc,phases   ] GC(5)   Pre Evacuate Collection Set: 0.5ms
[2025-05-24T01:06:26.189+0000][gc,phases   ] GC(5)   Merge Heap Roots: 0.3ms
[2025-05-24T01:06:26.189+0000][gc,phases   ] GC(5)   Evacuate Collection Set: 12.4ms
[2025-05-24T01:06:26.189+0000][gc,phases   ] GC(5)   Post Evacuate Collection Set: 1.8ms
[2025-05-24T01:06:26.189+0000][gc,phases   ] GC(5)   Other: 0.6ms
[2025-05-24T01:06:26.190+0000][gc,heap     ] GC(5) Eden regions: 605->0(603)
[2025-05-24T01:06:26.190+0000][gc,heap     ] GC(5) Survivor regions: 9->11(77)
[2025-05-24T01:06:26.190+0000][gc,heap     ] GC(5) Old regions: 19->19
[2025-05-24T01:06:26.190+0000][gc,heap     ] GC(5) Humongous regions: 130->130
[2025-05-24T01:06:26.191+0000][gc,metaspace] GC(5) Metaspace: 13284K(13696K)->13284K(13696K) NonClass: 11652K(11840K)->11652K(11840K) Class: 1631K(1856K)->1631K(1856K)
[2025-05-24T01:06:26.191+0000][gc          ] GC(5) Pause Young (Normal) (G1 Evacuation Pause) 762M->159M(1024M) 18.649ms
[2025-05-24T01:06:26.191+0000][gc,cpu      ] GC(5) User=0.02s Sys=0.05s Real=0.02s
[2025-05-24T01:07:06.048+0000][gc,start    ] GC(6) Pause Young (Normal) (G1 Evacuation Pause)
[2025-05-24T01:07:06.049+0000][gc,task     ] GC(6) Using 10 workers of 10 for evacuation
[2025-05-24T01:07:06.057+0000][gc,phases   ] GC(6)   Pre Evacuate Collection Set: 0.5ms
[2025-05-24T01:07:06.057+0000][gc,phases   ] GC(6)   Merge Heap Roots: 0.3ms
[2025-05-24T01:07:06.057+0000][gc,phases   ] GC(6)   Evacuate Collection Set: 5.2ms
[2025-05-24T01:07:06.057+0000][gc,phases   ] GC(6)   Post Evacuate Collection Set: 1.6ms
[2025-05-24T01:07:06.058+0000][gc,phases   ] GC(6)   Other: 0.6ms
[2025-05-24T01:07:06.058+0000][gc,heap     ] GC(6) Eden regions: 603->0(603)
[2025-05-24T01:07:06.058+0000][gc,heap     ] GC(6) Survivor regions: 11->11(77)
[2025-05-24T01:07:06.058+0000][gc,heap     ] GC(6) Old regions: 19->19
[2025-05-24T01:07:06.059+0000][gc,heap     ] GC(6) Humongous regions: 130->130
[2025-05-24T01:07:06.059+0000][gc,metaspace] GC(6) Metaspace: 13607K(14016K)->13607K(14016K) NonClass: 11972K(12160K)->11972K(12160K) Class: 1635K(1856K)->1635K(1856K)
[2025-05-24T01:07:06.059+0000][gc          ] GC(6) Pause Young (Normal) (G1 Evacuation Pause) 762M->159M(1024M) 10.935ms
[2025-05-24T01:07:06.059+0000][gc,cpu      ] GC(6) User=0.05s Sys=0.00s Real=0.01s
[2025-05-24T01:07:25.945+0000][gc,heap,exit] Heap
[2025-05-24T01:07:25.945+0000][gc,heap,exit]  garbage-first heap   total 1048576K, used 447381K [0x00000000c0000000, 0x0000000100000000)
[2025-05-24T01:07:25.945+0000][gc,heap,exit]   region size 1024K, 288 young (294912K), 11 survivors (11264K)
[2025-05-24T01:07:25.946+0000][gc,heap,exit]  Metaspace       used 14488K, committed 14784K, reserved 1114112K
[2025-05-24T01:07:25.946+0000][gc,heap,exit]   class space    used 1812K, committed 1984K, reserved 1048576K
