[2025-05-21T12:15:20.866+0000][gc,init] CardTable entry size: 512
[2025-05-21T12:15:20.869+0000][gc     ] Using G1
[2025-05-21T12:15:20.915+0000][gc,init] Version: 21.0.4+7-LTS (release)
[2025-05-21T12:15:20.916+0000][gc,init] CPUs: 12 total, 12 available
[2025-05-21T12:15:20.916+0000][gc,init] Memory: 15597M
[2025-05-21T12:15:20.916+0000][gc,init] Large Page Support: Disabled
[2025-05-21T12:15:20.916+0000][gc,init] NUMA Support: Disabled
[2025-05-21T12:15:20.917+0000][gc,init] Compressed Oops: Enabled (32-bit)
[2025-05-21T12:15:20.917+0000][gc,init] Heap Region Size: 1M
[2025-05-21T12:15:20.917+0000][gc,init] Heap Min Capacity: 1G
[2025-05-21T12:15:20.917+0000][gc,init] Heap Initial Capacity: 1G
[2025-05-21T12:15:20.917+0000][gc,init] Heap Max Capacity: 1G
[2025-05-21T12:15:20.918+0000][gc,init] Pre-touch: Disabled
[2025-05-21T12:15:20.918+0000][gc,init] Parallel Workers: 10
[2025-05-21T12:15:20.918+0000][gc,init] Concurrent Workers: 3
[2025-05-21T12:15:20.918+0000][gc,init] Concurrent Refinement Workers: 10
[2025-05-21T12:15:20.918+0000][gc,init] Periodic GC: Disabled
[2025-05-21T12:15:20.969+0000][gc,metaspace] CDS archive(s) mapped at: [0x00007fd32f000000-0x00007fd32fbbe000-0x00007fd332674000), size 57098240, SharedBaseAddress: 0x00007fd32f000000, ArchiveRelocationMode: 1.
[2025-05-21T12:15:20.969+0000][gc,metaspace] Compressed class space mapped at: 0x00007fd333000000-0x00007fd373000000, reserved size: 1073741824
[2025-05-21T12:15:20.970+0000][gc,metaspace] Narrow klass base: 0x00007fd32f000000, Narrow klass shift: 0, Narrow klass range: 0x100000000
[2025-05-21T12:15:26.916+0000][gc,start    ] GC(0) Pause Young (Normal) (G1 Evacuation Pause)
[2025-05-21T12:15:27.001+0000][gc,task     ] GC(0) Using 10 workers of 10 for evacuation
[2025-05-21T12:15:27.112+0000][gc,phases   ] GC(0)   Pre Evacuate Collection Set: 0.3ms
[2025-05-21T12:15:27.113+0000][gc,phases   ] GC(0)   Merge Heap Roots: 0.1ms
[2025-05-21T12:15:27.113+0000][gc,phases   ] GC(0)   Evacuate Collection Set: 98.1ms
[2025-05-21T12:15:27.113+0000][gc,phases   ] GC(0)   Post Evacuate Collection Set: 1.7ms
[2025-05-21T12:15:27.113+0000][gc,phases   ] GC(0)   Other: 91.5ms
[2025-05-21T12:15:27.114+0000][gc,heap     ] GC(0) Eden regions: 51->0(44)
[2025-05-21T12:15:27.114+0000][gc,heap     ] GC(0) Survivor regions: 0->7(7)
[2025-05-21T12:15:27.114+0000][gc,heap     ] GC(0) Old regions: 1->5
[2025-05-21T12:15:27.114+0000][gc,heap     ] GC(0) Humongous regions: 2->2
[2025-05-21T12:15:27.114+0000][gc,metaspace] GC(0) Metaspace: 5743K(5952K)->5743K(5952K) NonClass: 5050K(5120K)->5050K(5120K) Class: 692K(832K)->692K(832K)
[2025-05-21T12:15:27.115+0000][gc          ] GC(0) Pause Young (Normal) (G1 Evacuation Pause) 53M->13M(1024M) 198.551ms
[2025-05-21T12:15:27.115+0000][gc,cpu      ] GC(0) User=0.06s Sys=0.03s Real=0.20s
[2025-05-21T12:15:30.760+0000][gc,start    ] GC(1) Pause Young (Normal) (G1 Evacuation Pause)
[2025-05-21T12:15:30.765+0000][gc,task     ] GC(1) Using 10 workers of 10 for evacuation
[2025-05-21T12:15:30.882+0000][gc,phases   ] GC(1)   Pre Evacuate Collection Set: 0.3ms
[2025-05-21T12:15:30.884+0000][gc,phases   ] GC(1)   Merge Heap Roots: 0.1ms
[2025-05-21T12:15:30.887+0000][gc,phases   ] GC(1)   Evacuate Collection Set: 112.7ms
[2025-05-21T12:15:30.891+0000][gc,phases   ] GC(1)   Post Evacuate Collection Set: 2.0ms
[2025-05-21T12:15:30.901+0000][gc,phases   ] GC(1)   Other: 2.1ms
[2025-05-21T12:15:30.902+0000][gc,heap     ] GC(1) Eden regions: 44->0(46)
[2025-05-21T12:15:30.906+0000][gc,heap     ] GC(1) Survivor regions: 7->7(7)
[2025-05-21T12:15:30.912+0000][gc,heap     ] GC(1) Old regions: 5->12
[2025-05-21T12:15:30.912+0000][gc,heap     ] GC(1) Humongous regions: 3->3
[2025-05-21T12:15:30.913+0000][gc,metaspace] GC(1) Metaspace: 8920K(9216K)->8920K(9216K) NonClass: 7845K(8000K)->7845K(8000K) Class: 1075K(1216K)->1075K(1216K)
[2025-05-21T12:15:30.913+0000][gc          ] GC(1) Pause Young (Normal) (G1 Evacuation Pause) 58M->20M(1024M) 152.362ms
[2025-05-21T12:15:30.913+0000][gc,cpu      ] GC(1) User=0.03s Sys=0.04s Real=0.16s
[2025-05-21T12:15:36.250+0000][gc,start    ] GC(2) Pause Young (Normal) (G1 Evacuation Pause)
[2025-05-21T12:15:36.250+0000][gc,task     ] GC(2) Using 10 workers of 10 for evacuation
[2025-05-21T12:15:36.268+0000][gc,phases   ] GC(2)   Pre Evacuate Collection Set: 0.4ms
[2025-05-21T12:15:36.269+0000][gc,phases   ] GC(2)   Merge Heap Roots: 0.1ms
[2025-05-21T12:15:36.269+0000][gc,phases   ] GC(2)   Evacuate Collection Set: 14.4ms
[2025-05-21T12:15:36.269+0000][gc,phases   ] GC(2)   Post Evacuate Collection Set: 2.8ms
[2025-05-21T12:15:36.270+0000][gc,phases   ] GC(2)   Other: 0.3ms
[2025-05-21T12:15:36.270+0000][gc,heap     ] GC(2) Eden regions: 51->0(124)
[2025-05-21T12:15:36.270+0000][gc,heap     ] GC(2) Survivor regions: 7->5(8)
[2025-05-21T12:15:36.271+0000][gc,heap     ] GC(2) Old regions: 12->18
[2025-05-21T12:15:36.274+0000][gc,heap     ] GC(2) Humongous regions: 132->131
[2025-05-21T12:15:36.276+0000][gc,metaspace] GC(2) Metaspace: 11118K(11520K)->11118K(11520K) NonClass: 9706K(9920K)->9706K(9920K) Class: 1411K(1600K)->1411K(1600K)
[2025-05-21T12:15:36.279+0000][gc          ] GC(2) Pause Young (Normal) (G1 Evacuation Pause) 200M->152M(1024M) 28.922ms
[2025-05-21T12:15:36.279+0000][gc,cpu      ] GC(2) User=0.04s Sys=0.03s Real=0.03s
[2025-05-21T12:15:37.404+0000][gc,start    ] GC(3) Pause Young (Normal) (G1 Evacuation Pause)
[2025-05-21T12:15:37.416+0000][gc,task     ] GC(3) Using 10 workers of 10 for evacuation
[2025-05-21T12:15:37.438+0000][gc,phases   ] GC(3)   Pre Evacuate Collection Set: 0.3ms
[2025-05-21T12:15:37.438+0000][gc,phases   ] GC(3)   Merge Heap Roots: 0.1ms
[2025-05-21T12:15:37.439+0000][gc,phases   ] GC(3)   Evacuate Collection Set: 18.4ms
[2025-05-21T12:15:37.439+0000][gc,phases   ] GC(3)   Post Evacuate Collection Set: 1.3ms
[2025-05-21T12:15:37.439+0000][gc,phases   ] GC(3)   Other: 1.5ms
[2025-05-21T12:15:37.440+0000][gc,heap     ] GC(3) Eden regions: 122->0(555)
[2025-05-21T12:15:37.440+0000][gc,heap     ] GC(3) Survivor regions: 5->9(16)
[2025-05-21T12:15:37.440+0000][gc,heap     ] GC(3) Old regions: 18->18
[2025-05-21T12:15:37.440+0000][gc,heap     ] GC(3) Humongous regions: 131->131
[2025-05-21T12:15:37.440+0000][gc,metaspace] GC(3) Metaspace: 11485K(11840K)->11485K(11840K) NonClass: 10011K(10176K)->10011K(10176K) Class: 1474K(1664K)->1474K(1664K)
[2025-05-21T12:15:37.441+0000][gc          ] GC(3) Pause Young (Normal) (G1 Evacuation Pause) 274M->157M(1024M) 36.836ms
[2025-05-21T12:15:37.441+0000][gc,cpu      ] GC(3) User=0.02s Sys=0.06s Real=0.04s
[2025-05-21T12:16:16.652+0000][gc,start    ] GC(4) Pause Young (Normal) (G1 Evacuation Pause)
[2025-05-21T12:16:16.652+0000][gc,task     ] GC(4) Using 10 workers of 10 for evacuation
[2025-05-21T12:16:16.662+0000][gc,phases   ] GC(4)   Pre Evacuate Collection Set: 0.4ms
[2025-05-21T12:16:16.662+0000][gc,phases   ] GC(4)   Merge Heap Roots: 0.2ms
[2025-05-21T12:16:16.662+0000][gc,phases   ] GC(4)   Evacuate Collection Set: 7.4ms
[2025-05-21T12:16:16.663+0000][gc,phases   ] GC(4)   Post Evacuate Collection Set: 1.4ms
[2025-05-21T12:16:16.663+0000][gc,phases   ] GC(4)   Other: 0.4ms
[2025-05-21T12:16:16.663+0000][gc,heap     ] GC(4) Eden regions: 559->0(605)
[2025-05-21T12:16:16.663+0000][gc,heap     ] GC(4) Survivor regions: 9->9(71)
[2025-05-21T12:16:16.663+0000][gc,heap     ] GC(4) Old regions: 18->18
[2025-05-21T12:16:16.663+0000][gc,heap     ] GC(4) Humongous regions: 132->131
[2025-05-21T12:16:16.663+0000][gc,metaspace] GC(4) Metaspace: 12260K(12608K)->12260K(12608K) NonClass: 10725K(10880K)->10725K(10880K) Class: 1535K(1728K)->1535K(1728K)
[2025-05-21T12:16:16.663+0000][gc          ] GC(4) Pause Young (Normal) (G1 Evacuation Pause) 717M->156M(1024M) 11.585ms
[2025-05-21T12:16:16.664+0000][gc,cpu      ] GC(4) User=0.02s Sys=0.04s Real=0.01s
[2025-05-21T12:17:06.125+0000][gc,start    ] GC(5) Pause Young (Normal) (G1 Evacuation Pause)
[2025-05-21T12:17:06.125+0000][gc,task     ] GC(5) Using 10 workers of 10 for evacuation
[2025-05-21T12:17:06.131+0000][gc,phases   ] GC(5)   Pre Evacuate Collection Set: 0.4ms
[2025-05-21T12:17:06.131+0000][gc,phases   ] GC(5)   Merge Heap Roots: 0.3ms
[2025-05-21T12:17:06.132+0000][gc,phases   ] GC(5)   Evacuate Collection Set: 3.8ms
[2025-05-21T12:17:06.132+0000][gc,phases   ] GC(5)   Post Evacuate Collection Set: 1.1ms
[2025-05-21T12:17:06.132+0000][gc,phases   ] GC(5)   Other: 0.3ms
[2025-05-21T12:17:06.132+0000][gc,heap     ] GC(5) Eden regions: 605->0(608)
[2025-05-21T12:17:06.132+0000][gc,heap     ] GC(5) Survivor regions: 9->6(77)
[2025-05-21T12:17:06.132+0000][gc,heap     ] GC(5) Old regions: 18->18
[2025-05-21T12:17:06.132+0000][gc,heap     ] GC(5) Humongous regions: 131->131
[2025-05-21T12:17:06.133+0000][gc,metaspace] GC(5) Metaspace: 12655K(13056K)->12655K(13056K) NonClass: 11111K(11328K)->11111K(11328K) Class: 1543K(1728K)->1543K(1728K)
[2025-05-21T12:17:06.133+0000][gc          ] GC(5) Pause Young (Normal) (G1 Evacuation Pause) 761M->153M(1024M) 7.924ms
[2025-05-21T12:17:06.133+0000][gc,cpu      ] GC(5) User=0.00s Sys=0.04s Real=0.01s
[2025-05-21T12:17:46.268+0000][gc,start    ] GC(6) Pause Young (Normal) (G1 Evacuation Pause)
[2025-05-21T12:17:46.269+0000][gc,task     ] GC(6) Using 10 workers of 10 for evacuation
[2025-05-21T12:17:46.273+0000][gc,phases   ] GC(6)   Pre Evacuate Collection Set: 0.3ms
[2025-05-21T12:17:46.273+0000][gc,phases   ] GC(6)   Merge Heap Roots: 0.2ms
[2025-05-21T12:17:46.273+0000][gc,phases   ] GC(6)   Evacuate Collection Set: 2.2ms
[2025-05-21T12:17:46.273+0000][gc,phases   ] GC(6)   Post Evacuate Collection Set: 1.1ms
[2025-05-21T12:17:46.274+0000][gc,phases   ] GC(6)   Other: 0.2ms
[2025-05-21T12:17:46.274+0000][gc,heap     ] GC(6) Eden regions: 608->0(607)
[2025-05-21T12:17:46.274+0000][gc,heap     ] GC(6) Survivor regions: 6->7(77)
[2025-05-21T12:17:46.274+0000][gc,heap     ] GC(6) Old regions: 18->18
[2025-05-21T12:17:46.274+0000][gc,heap     ] GC(6) Humongous regions: 131->131
[2025-05-21T12:17:46.274+0000][gc,metaspace] GC(6) Metaspace: 12906K(13248K)->12906K(13248K) NonClass: 11362K(11520K)->11362K(11520K) Class: 1543K(1728K)->1543K(1728K)
[2025-05-21T12:17:46.275+0000][gc          ] GC(6) Pause Young (Normal) (G1 Evacuation Pause) 761M->154M(1024M) 6.174ms
[2025-05-21T12:17:46.275+0000][gc,cpu      ] GC(6) User=0.02s Sys=0.00s Real=0.00s
[2025-05-21T12:18:26.465+0000][gc,start    ] GC(7) Pause Young (Normal) (G1 Evacuation Pause)
[2025-05-21T12:18:26.465+0000][gc,task     ] GC(7) Using 10 workers of 10 for evacuation
[2025-05-21T12:18:26.469+0000][gc,phases   ] GC(7)   Pre Evacuate Collection Set: 0.3ms
[2025-05-21T12:18:26.469+0000][gc,phases   ] GC(7)   Merge Heap Roots: 0.2ms
[2025-05-21T12:18:26.469+0000][gc,phases   ] GC(7)   Evacuate Collection Set: 2.2ms
[2025-05-21T12:18:26.470+0000][gc,phases   ] GC(7)   Post Evacuate Collection Set: 0.9ms
[2025-05-21T12:18:26.470+0000][gc,phases   ] GC(7)   Other: 0.3ms
[2025-05-21T12:18:26.470+0000][gc,heap     ] GC(7) Eden regions: 607->0(607)
[2025-05-21T12:18:26.470+0000][gc,heap     ] GC(7) Survivor regions: 7->7(77)
[2025-05-21T12:18:26.470+0000][gc,heap     ] GC(7) Old regions: 18->18
[2025-05-21T12:18:26.470+0000][gc,heap     ] GC(7) Humongous regions: 131->131
[2025-05-21T12:18:26.470+0000][gc,metaspace] GC(7) Metaspace: 13042K(13440K)->13042K(13440K) NonClass: 11490K(11712K)->11490K(11712K) Class: 1551K(1728K)->1551K(1728K)
[2025-05-21T12:18:26.471+0000][gc          ] GC(7) Pause Young (Normal) (G1 Evacuation Pause) 761M->155M(1024M) 5.859ms
[2025-05-21T12:18:26.471+0000][gc,cpu      ] GC(7) User=0.02s Sys=0.01s Real=0.01s
[2025-05-21T12:19:06.603+0000][gc,start    ] GC(8) Pause Young (Normal) (G1 Evacuation Pause)
[2025-05-21T12:19:06.604+0000][gc,task     ] GC(8) Using 10 workers of 10 for evacuation
[2025-05-21T12:19:06.610+0000][gc,phases   ] GC(8)   Pre Evacuate Collection Set: 0.3ms
[2025-05-21T12:19:06.610+0000][gc,phases   ] GC(8)   Merge Heap Roots: 0.2ms
[2025-05-21T12:19:06.610+0000][gc,phases   ] GC(8)   Evacuate Collection Set: 4.3ms
[2025-05-21T12:19:06.610+0000][gc,phases   ] GC(8)   Post Evacuate Collection Set: 1.1ms
[2025-05-21T12:19:06.611+0000][gc,phases   ] GC(8)   Other: 0.3ms
[2025-05-21T12:19:06.611+0000][gc,heap     ] GC(8) Eden regions: 607->0(605)
[2025-05-21T12:19:06.611+0000][gc,heap     ] GC(8) Survivor regions: 7->9(77)
[2025-05-21T12:19:06.611+0000][gc,heap     ] GC(8) Old regions: 18->18
[2025-05-21T12:19:06.611+0000][gc,heap     ] GC(8) Humongous regions: 131->131
[2025-05-21T12:19:06.611+0000][gc,metaspace] GC(8) Metaspace: 13125K(13504K)->13125K(13504K) NonClass: 11573K(11776K)->11573K(11776K) Class: 1552K(1728K)->1552K(1728K)
[2025-05-21T12:19:06.611+0000][gc          ] GC(8) Pause Young (Normal) (G1 Evacuation Pause) 762M->157M(1024M) 8.072ms
[2025-05-21T12:19:06.611+0000][gc,cpu      ] GC(8) User=0.02s Sys=0.02s Real=0.01s
[2025-05-21T12:19:56.178+0000][gc,start    ] GC(9) Pause Young (Normal) (G1 Evacuation Pause)
[2025-05-21T12:19:56.178+0000][gc,task     ] GC(9) Using 10 workers of 10 for evacuation
[2025-05-21T12:19:56.182+0000][gc,phases   ] GC(9)   Pre Evacuate Collection Set: 0.3ms
[2025-05-21T12:19:56.182+0000][gc,phases   ] GC(9)   Merge Heap Roots: 0.2ms
[2025-05-21T12:19:56.182+0000][gc,phases   ] GC(9)   Evacuate Collection Set: 2.1ms
[2025-05-21T12:19:56.182+0000][gc,phases   ] GC(9)   Post Evacuate Collection Set: 1.0ms
[2025-05-21T12:19:56.182+0000][gc,phases   ] GC(9)   Other: 0.3ms
[2025-05-21T12:19:56.183+0000][gc,heap     ] GC(9) Eden regions: 605->0(608)
[2025-05-21T12:19:56.183+0000][gc,heap     ] GC(9) Survivor regions: 9->6(77)
[2025-05-21T12:19:56.183+0000][gc,heap     ] GC(9) Old regions: 18->18
[2025-05-21T12:19:56.183+0000][gc,heap     ] GC(9) Humongous regions: 131->131
[2025-05-21T12:19:56.183+0000][gc,metaspace] GC(9) Metaspace: 13215K(13568K)->13215K(13568K) NonClass: 11661K(11840K)->11661K(11840K) Class: 1553K(1728K)->1553K(1728K)
[2025-05-21T12:19:56.183+0000][gc          ] GC(9) Pause Young (Normal) (G1 Evacuation Pause) 762M->154M(1024M) 5.634ms
[2025-05-21T12:19:56.183+0000][gc,cpu      ] GC(9) User=0.02s Sys=0.01s Real=0.01s
[2025-05-21T12:20:36.333+0000][gc,start    ] GC(10) Pause Young (Normal) (G1 Evacuation Pause)
[2025-05-21T12:20:36.334+0000][gc,task     ] GC(10) Using 10 workers of 10 for evacuation
[2025-05-21T12:20:36.340+0000][gc,phases   ] GC(10)   Pre Evacuate Collection Set: 0.3ms
[2025-05-21T12:20:36.340+0000][gc,phases   ] GC(10)   Merge Heap Roots: 0.2ms
[2025-05-21T12:20:36.340+0000][gc,phases   ] GC(10)   Evacuate Collection Set: 3.8ms
[2025-05-21T12:20:36.340+0000][gc,phases   ] GC(10)   Post Evacuate Collection Set: 1.6ms
[2025-05-21T12:20:36.341+0000][gc,phases   ] GC(10)   Other: 0.3ms
[2025-05-21T12:20:36.341+0000][gc,heap     ] GC(10) Eden regions: 608->0(606)
[2025-05-21T12:20:36.341+0000][gc,heap     ] GC(10) Survivor regions: 6->8(77)
[2025-05-21T12:20:36.341+0000][gc,heap     ] GC(10) Old regions: 18->18
[2025-05-21T12:20:36.341+0000][gc,heap     ] GC(10) Humongous regions: 137->131
[2025-05-21T12:20:36.341+0000][gc,metaspace] GC(10) Metaspace: 14026K(14464K)->14026K(14464K) NonClass: 12325K(12544K)->12325K(12544K) Class: 1700K(1920K)->1700K(1920K)
[2025-05-21T12:20:36.342+0000][gc          ] GC(10) Pause Young (Normal) (G1 Evacuation Pause) 768M->155M(1024M) 8.773ms
[2025-05-21T12:20:36.342+0000][gc,cpu      ] GC(10) User=0.03s Sys=0.00s Real=0.00s
[2025-05-21T12:21:16.358+0000][gc,start    ] GC(11) Pause Young (Normal) (G1 Evacuation Pause)
[2025-05-21T12:21:16.358+0000][gc,task     ] GC(11) Using 10 workers of 10 for evacuation
[2025-05-21T12:21:16.363+0000][gc,phases   ] GC(11)   Pre Evacuate Collection Set: 0.3ms
[2025-05-21T12:21:16.364+0000][gc,phases   ] GC(11)   Merge Heap Roots: 0.2ms
[2025-05-21T12:21:16.364+0000][gc,phases   ] GC(11)   Evacuate Collection Set: 3.3ms
[2025-05-21T12:21:16.364+0000][gc,phases   ] GC(11)   Post Evacuate Collection Set: 1.2ms
[2025-05-21T12:21:16.364+0000][gc,phases   ] GC(11)   Other: 0.3ms
[2025-05-21T12:21:16.365+0000][gc,heap     ] GC(11) Eden regions: 606->0(605)
[2025-05-21T12:21:16.365+0000][gc,heap     ] GC(11) Survivor regions: 8->9(77)
[2025-05-21T12:21:16.365+0000][gc,heap     ] GC(11) Old regions: 18->18
[2025-05-21T12:21:16.365+0000][gc,heap     ] GC(11) Humongous regions: 131->131
[2025-05-21T12:21:16.365+0000][gc,metaspace] GC(11) Metaspace: 14238K(14656K)->14238K(14656K) NonClass: 12536K(12736K)->12536K(12736K) Class: 1702K(1920K)->1702K(1920K)
[2025-05-21T12:21:16.365+0000][gc          ] GC(11) Pause Young (Normal) (G1 Evacuation Pause) 761M->157M(1024M) 7.581ms
[2025-05-21T12:21:16.366+0000][gc,cpu      ] GC(11) User=0.03s Sys=0.00s Real=0.01s
[2025-05-21T12:21:56.413+0000][gc,start    ] GC(12) Pause Young (Normal) (G1 Evacuation Pause)
[2025-05-21T12:21:56.414+0000][gc,task     ] GC(12) Using 10 workers of 10 for evacuation
[2025-05-21T12:21:56.421+0000][gc,phases   ] GC(12)   Pre Evacuate Collection Set: 0.3ms
[2025-05-21T12:21:56.421+0000][gc,phases   ] GC(12)   Merge Heap Roots: 0.2ms
[2025-05-21T12:21:56.421+0000][gc,phases   ] GC(12)   Evacuate Collection Set: 4.9ms
[2025-05-21T12:21:56.422+0000][gc,phases   ] GC(12)   Post Evacuate Collection Set: 1.2ms
[2025-05-21T12:21:56.422+0000][gc,phases   ] GC(12)   Other: 0.3ms
[2025-05-21T12:21:56.422+0000][gc,heap     ] GC(12) Eden regions: 605->0(603)
[2025-05-21T12:21:56.423+0000][gc,heap     ] GC(12) Survivor regions: 9->11(77)
[2025-05-21T12:21:56.423+0000][gc,heap     ] GC(12) Old regions: 18->18
[2025-05-21T12:21:56.423+0000][gc,heap     ] GC(12) Humongous regions: 131->131
[2025-05-21T12:21:56.423+0000][gc,metaspace] GC(12) Metaspace: 14431K(14912K)->14431K(14912K) NonClass: 12728K(12992K)->12728K(12992K) Class: 1702K(1920K)->1702K(1920K)
[2025-05-21T12:21:56.424+0000][gc          ] GC(12) Pause Young (Normal) (G1 Evacuation Pause) 762M->159M(1024M) 10.107ms
[2025-05-21T12:21:56.424+0000][gc,cpu      ] GC(12) User=0.00s Sys=0.05s Real=0.01s
[2025-05-21T12:22:36.451+0000][gc,start    ] GC(13) Pause Young (Normal) (G1 Evacuation Pause)
[2025-05-21T12:22:36.451+0000][gc,task     ] GC(13) Using 10 workers of 10 for evacuation
[2025-05-21T12:22:36.464+0000][gc,phases   ] GC(13)   Pre Evacuate Collection Set: 0.5ms
[2025-05-21T12:22:36.464+0000][gc,phases   ] GC(13)   Merge Heap Roots: 0.7ms
[2025-05-21T12:22:36.464+0000][gc,phases   ] GC(13)   Evacuate Collection Set: 9.2ms
[2025-05-21T12:22:36.465+0000][gc,phases   ] GC(13)   Post Evacuate Collection Set: 1.7ms
[2025-05-21T12:22:36.465+0000][gc,phases   ] GC(13)   Other: 0.4ms
[2025-05-21T12:22:36.465+0000][gc,heap     ] GC(13) Eden regions: 603->0(601)
[2025-05-21T12:22:36.465+0000][gc,heap     ] GC(13) Survivor regions: 11->13(77)
[2025-05-21T12:22:36.465+0000][gc,heap     ] GC(13) Old regions: 18->18
[2025-05-21T12:22:36.466+0000][gc,heap     ] GC(13) Humongous regions: 131->131
[2025-05-21T12:22:36.466+0000][gc,metaspace] GC(13) Metaspace: 14663K(15040K)->14663K(15040K) NonClass: 12957K(13120K)->12957K(13120K) Class: 1705K(1920K)->1705K(1920K)
[2025-05-21T12:22:36.466+0000][gc          ] GC(13) Pause Young (Normal) (G1 Evacuation Pause) 762M->161M(1024M) 15.348ms
[2025-05-21T12:22:36.466+0000][gc,cpu      ] GC(13) User=0.06s Sys=0.00s Real=0.01s
[2025-05-21T12:23:16.431+0000][gc,start    ] GC(14) Pause Young (Normal) (G1 Evacuation Pause)
[2025-05-21T12:23:16.432+0000][gc,task     ] GC(14) Using 10 workers of 10 for evacuation
[2025-05-21T12:23:16.440+0000][gc,phases   ] GC(14)   Pre Evacuate Collection Set: 0.3ms
[2025-05-21T12:23:16.440+0000][gc,phases   ] GC(14)   Merge Heap Roots: 0.3ms
[2025-05-21T12:23:16.440+0000][gc,phases   ] GC(14)   Evacuate Collection Set: 5.7ms
[2025-05-21T12:23:16.441+0000][gc,phases   ] GC(14)   Post Evacuate Collection Set: 1.5ms
[2025-05-21T12:23:16.441+0000][gc,phases   ] GC(14)   Other: 0.4ms
[2025-05-21T12:23:16.441+0000][gc,heap     ] GC(14) Eden regions: 601->0(600)
[2025-05-21T12:23:16.441+0000][gc,heap     ] GC(14) Survivor regions: 13->14(77)
[2025-05-21T12:23:16.441+0000][gc,heap     ] GC(14) Old regions: 18->18
[2025-05-21T12:23:16.441+0000][gc,heap     ] GC(14) Humongous regions: 131->131
[2025-05-21T12:23:16.442+0000][gc,metaspace] GC(14) Metaspace: 14706K(15168K)->14706K(15168K) NonClass: 13001K(13248K)->13001K(13248K) Class: 1705K(1920K)->1705K(1920K)
[2025-05-21T12:23:16.442+0000][gc          ] GC(14) Pause Young (Normal) (G1 Evacuation Pause) 762M->161M(1024M) 10.303ms
[2025-05-21T12:23:16.442+0000][gc,cpu      ] GC(14) User=0.05s Sys=0.00s Real=0.01s
[2025-05-21T12:23:56.454+0000][gc,start    ] GC(15) Pause Young (Normal) (G1 Evacuation Pause)
[2025-05-21T12:23:56.454+0000][gc,task     ] GC(15) Using 10 workers of 10 for evacuation
[2025-05-21T12:23:56.460+0000][gc,phases   ] GC(15)   Pre Evacuate Collection Set: 0.4ms
[2025-05-21T12:23:56.460+0000][gc,phases   ] GC(15)   Merge Heap Roots: 0.2ms
[2025-05-21T12:23:56.460+0000][gc,phases   ] GC(15)   Evacuate Collection Set: 3.6ms
[2025-05-21T12:23:56.460+0000][gc,phases   ] GC(15)   Post Evacuate Collection Set: 1.2ms
[2025-05-21T12:23:56.460+0000][gc,phases   ] GC(15)   Other: 0.3ms
[2025-05-21T12:23:56.461+0000][gc,heap     ] GC(15) Eden regions: 600->0(603)
[2025-05-21T12:23:56.461+0000][gc,heap     ] GC(15) Survivor regions: 14->11(77)
[2025-05-21T12:23:56.461+0000][gc,heap     ] GC(15) Old regions: 18->18
[2025-05-21T12:23:56.461+0000][gc,heap     ] GC(15) Humongous regions: 131->131
[2025-05-21T12:23:56.461+0000][gc,metaspace] GC(15) Metaspace: 14770K(15168K)->14770K(15168K) NonClass: 13061K(13248K)->13061K(13248K) Class: 1708K(1920K)->1708K(1920K)
[2025-05-21T12:23:56.461+0000][gc          ] GC(15) Pause Young (Normal) (G1 Evacuation Pause) 761M->159M(1024M) 7.610ms
[2025-05-21T12:23:56.462+0000][gc,cpu      ] GC(15) User=0.03s Sys=0.00s Real=0.01s
[2025-05-21T12:24:36.450+0000][gc,start    ] GC(16) Pause Young (Normal) (G1 Evacuation Pause)
[2025-05-21T12:24:36.450+0000][gc,task     ] GC(16) Using 10 workers of 10 for evacuation
[2025-05-21T12:24:36.456+0000][gc,phases   ] GC(16)   Pre Evacuate Collection Set: 0.4ms
[2025-05-21T12:24:36.456+0000][gc,phases   ] GC(16)   Merge Heap Roots: 0.2ms
[2025-05-21T12:24:36.456+0000][gc,phases   ] GC(16)   Evacuate Collection Set: 3.8ms
[2025-05-21T12:24:36.456+0000][gc,phases   ] GC(16)   Post Evacuate Collection Set: 1.3ms
[2025-05-21T12:24:36.457+0000][gc,phases   ] GC(16)   Other: 0.2ms
[2025-05-21T12:24:36.457+0000][gc,heap     ] GC(16) Eden regions: 603->0(602)
[2025-05-21T12:24:36.457+0000][gc,heap     ] GC(16) Survivor regions: 11->12(77)
[2025-05-21T12:24:36.457+0000][gc,heap     ] GC(16) Old regions: 18->18
[2025-05-21T12:24:36.457+0000][gc,heap     ] GC(16) Humongous regions: 131->131
[2025-05-21T12:24:36.457+0000][gc,metaspace] GC(16) Metaspace: 14812K(15168K)->14812K(15168K) NonClass: 13103K(13248K)->13103K(13248K) Class: 1708K(1920K)->1708K(1920K)
[2025-05-21T12:24:36.457+0000][gc          ] GC(16) Pause Young (Normal) (G1 Evacuation Pause) 762M->160M(1024M) 7.545ms
[2025-05-21T12:24:36.457+0000][gc,cpu      ] GC(16) User=0.02s Sys=0.02s Real=0.01s
[2025-05-21T12:25:16.454+0000][gc,start    ] GC(17) Pause Young (Normal) (G1 Evacuation Pause)
[2025-05-21T12:25:16.454+0000][gc,task     ] GC(17) Using 10 workers of 10 for evacuation
[2025-05-21T12:25:16.461+0000][gc,phases   ] GC(17)   Pre Evacuate Collection Set: 0.3ms
[2025-05-21T12:25:16.461+0000][gc,phases   ] GC(17)   Merge Heap Roots: 0.2ms
[2025-05-21T12:25:16.461+0000][gc,phases   ] GC(17)   Evacuate Collection Set: 4.6ms
[2025-05-21T12:25:16.461+0000][gc,phases   ] GC(17)   Post Evacuate Collection Set: 1.3ms
[2025-05-21T12:25:16.461+0000][gc,phases   ] GC(17)   Other: 0.3ms
[2025-05-21T12:25:16.461+0000][gc,heap     ] GC(17) Eden regions: 602->0(604)
[2025-05-21T12:25:16.461+0000][gc,heap     ] GC(17) Survivor regions: 12->10(77)
[2025-05-21T12:25:16.462+0000][gc,heap     ] GC(17) Old regions: 18->21
[2025-05-21T12:25:16.462+0000][gc,heap     ] GC(17) Humongous regions: 131->131
[2025-05-21T12:25:16.462+0000][gc,metaspace] GC(17) Metaspace: 14837K(15232K)->14837K(15232K) NonClass: 13128K(13312K)->13128K(13312K) Class: 1708K(1920K)->1708K(1920K)
[2025-05-21T12:25:16.462+0000][gc          ] GC(17) Pause Young (Normal) (G1 Evacuation Pause) 762M->161M(1024M) 8.407ms
[2025-05-21T12:25:16.462+0000][gc,cpu      ] GC(17) User=0.04s Sys=0.01s Real=0.00s
[2025-05-21T12:25:56.471+0000][gc,start    ] GC(18) Pause Young (Normal) (G1 Evacuation Pause)
[2025-05-21T12:25:56.471+0000][gc,task     ] GC(18) Using 10 workers of 10 for evacuation
[2025-05-21T12:25:56.476+0000][gc,phases   ] GC(18)   Pre Evacuate Collection Set: 0.4ms
[2025-05-21T12:25:56.476+0000][gc,phases   ] GC(18)   Merge Heap Roots: 0.2ms
[2025-05-21T12:25:56.477+0000][gc,phases   ] GC(18)   Evacuate Collection Set: 3.6ms
[2025-05-21T12:25:56.477+0000][gc,phases   ] GC(18)   Post Evacuate Collection Set: 1.1ms
[2025-05-21T12:25:56.477+0000][gc,phases   ] GC(18)   Other: 0.2ms
[2025-05-21T12:25:56.477+0000][gc,heap     ] GC(18) Eden regions: 604->0(604)
[2025-05-21T12:25:56.477+0000][gc,heap     ] GC(18) Survivor regions: 10->10(77)
[2025-05-21T12:25:56.477+0000][gc,heap     ] GC(18) Old regions: 21->22
[2025-05-21T12:25:56.477+0000][gc,heap     ] GC(18) Humongous regions: 131->131
[2025-05-21T12:25:56.477+0000][gc,metaspace] GC(18) Metaspace: 14928K(15424K)->14928K(15424K) NonClass: 13205K(13440K)->13205K(13440K) Class: 1722K(1984K)->1722K(1984K)
[2025-05-21T12:25:56.478+0000][gc          ] GC(18) Pause Young (Normal) (G1 Evacuation Pause) 765M->162M(1024M) 6.967ms
[2025-05-21T12:25:56.478+0000][gc,cpu      ] GC(18) User=0.03s Sys=0.00s Real=0.01s
[2025-05-21T12:26:36.458+0000][gc,start    ] GC(19) Pause Young (Normal) (G1 Evacuation Pause)
[2025-05-21T12:26:36.458+0000][gc,task     ] GC(19) Using 10 workers of 10 for evacuation
[2025-05-21T12:26:36.462+0000][gc,phases   ] GC(19)   Pre Evacuate Collection Set: 0.4ms
[2025-05-21T12:26:36.462+0000][gc,phases   ] GC(19)   Merge Heap Roots: 0.2ms
[2025-05-21T12:26:36.462+0000][gc,phases   ] GC(19)   Evacuate Collection Set: 2.3ms
[2025-05-21T12:26:36.463+0000][gc,phases   ] GC(19)   Post Evacuate Collection Set: 1.1ms
[2025-05-21T12:26:36.463+0000][gc,phases   ] GC(19)   Other: 0.2ms
[2025-05-21T12:26:36.463+0000][gc,heap     ] GC(19) Eden regions: 604->0(607)
[2025-05-21T12:26:36.463+0000][gc,heap     ] GC(19) Survivor regions: 10->7(77)
[2025-05-21T12:26:36.463+0000][gc,heap     ] GC(19) Old regions: 22->23
[2025-05-21T12:26:36.463+0000][gc,heap     ] GC(19) Humongous regions: 131->131
[2025-05-21T12:26:36.463+0000][gc,metaspace] GC(19) Metaspace: 14959K(15424K)->14959K(15424K) NonClass: 13234K(13440K)->13234K(13440K) Class: 1724K(1984K)->1724K(1984K)
[2025-05-21T12:26:36.463+0000][gc          ] GC(19) Pause Young (Normal) (G1 Evacuation Pause) 766M->159M(1024M) 5.626ms
[2025-05-21T12:26:36.463+0000][gc,cpu      ] GC(19) User=0.02s Sys=0.00s Real=0.01s
[2025-05-21T12:27:16.477+0000][gc,start    ] GC(20) Pause Young (Normal) (G1 Evacuation Pause)
[2025-05-21T12:27:16.478+0000][gc,task     ] GC(20) Using 10 workers of 10 for evacuation
[2025-05-21T12:27:16.482+0000][gc,phases   ] GC(20)   Pre Evacuate Collection Set: 0.4ms
[2025-05-21T12:27:16.483+0000][gc,phases   ] GC(20)   Merge Heap Roots: 0.2ms
[2025-05-21T12:27:16.483+0000][gc,phases   ] GC(20)   Evacuate Collection Set: 2.8ms
[2025-05-21T12:27:16.483+0000][gc,phases   ] GC(20)   Post Evacuate Collection Set: 1.1ms
[2025-05-21T12:27:16.483+0000][gc,phases   ] GC(20)   Other: 0.3ms
[2025-05-21T12:27:16.483+0000][gc,heap     ] GC(20) Eden regions: 607->0(606)
[2025-05-21T12:27:16.483+0000][gc,heap     ] GC(20) Survivor regions: 7->8(77)
[2025-05-21T12:27:16.483+0000][gc,heap     ] GC(20) Old regions: 23->23
[2025-05-21T12:27:16.483+0000][gc,heap     ] GC(20) Humongous regions: 131->131
[2025-05-21T12:27:16.484+0000][gc,metaspace] GC(20) Metaspace: 14964K(15424K)->14964K(15424K) NonClass: 13239K(13440K)->13239K(13440K) Class: 1724K(1984K)->1724K(1984K)
[2025-05-21T12:27:16.484+0000][gc          ] GC(20) Pause Young (Normal) (G1 Evacuation Pause) 766M->160M(1024M) 6.400ms
[2025-05-21T12:27:16.484+0000][gc,cpu      ] GC(20) User=0.02s Sys=0.01s Real=0.01s
[2025-05-21T12:27:56.503+0000][gc,start    ] GC(21) Pause Young (Normal) (G1 Evacuation Pause)
[2025-05-21T12:27:56.503+0000][gc,task     ] GC(21) Using 10 workers of 10 for evacuation
[2025-05-21T12:27:56.508+0000][gc,phases   ] GC(21)   Pre Evacuate Collection Set: 0.4ms
[2025-05-21T12:27:56.509+0000][gc,phases   ] GC(21)   Merge Heap Roots: 0.3ms
[2025-05-21T12:27:56.509+0000][gc,phases   ] GC(21)   Evacuate Collection Set: 2.8ms
[2025-05-21T12:27:56.509+0000][gc,phases   ] GC(21)   Post Evacuate Collection Set: 1.0ms
[2025-05-21T12:27:56.509+0000][gc,phases   ] GC(21)   Other: 0.3ms
[2025-05-21T12:27:56.509+0000][gc,heap     ] GC(21) Eden regions: 606->0(605)
[2025-05-21T12:27:56.509+0000][gc,heap     ] GC(21) Survivor regions: 8->9(77)
[2025-05-21T12:27:56.509+0000][gc,heap     ] GC(21) Old regions: 23->23
[2025-05-21T12:27:56.509+0000][gc,heap     ] GC(21) Humongous regions: 131->131
[2025-05-21T12:27:56.510+0000][gc,metaspace] GC(21) Metaspace: 14987K(15424K)->14987K(15424K) NonClass: 13262K(13440K)->13262K(13440K) Class: 1724K(1984K)->1724K(1984K)
[2025-05-21T12:27:56.510+0000][gc          ] GC(21) Pause Young (Normal) (G1 Evacuation Pause) 766M->161M(1024M) 6.610ms
[2025-05-21T12:27:56.510+0000][gc,cpu      ] GC(21) User=0.03s Sys=0.01s Real=0.01s
[2025-05-21T12:28:36.507+0000][gc,start    ] GC(22) Pause Young (Normal) (G1 Evacuation Pause)
[2025-05-21T12:28:36.508+0000][gc,task     ] GC(22) Using 10 workers of 10 for evacuation
[2025-05-21T12:28:36.512+0000][gc,phases   ] GC(22)   Pre Evacuate Collection Set: 0.4ms
[2025-05-21T12:28:36.513+0000][gc,phases   ] GC(22)   Merge Heap Roots: 0.4ms
[2025-05-21T12:28:36.513+0000][gc,phases   ] GC(22)   Evacuate Collection Set: 2.8ms
[2025-05-21T12:28:36.513+0000][gc,phases   ] GC(22)   Post Evacuate Collection Set: 0.9ms
[2025-05-21T12:28:36.513+0000][gc,phases   ] GC(22)   Other: 0.2ms
[2025-05-21T12:28:36.513+0000][gc,heap     ] GC(22) Eden regions: 605->0(604)
[2025-05-21T12:28:36.513+0000][gc,heap     ] GC(22) Survivor regions: 9->10(77)
[2025-05-21T12:28:36.513+0000][gc,heap     ] GC(22) Old regions: 23->23
[2025-05-21T12:28:36.513+0000][gc,heap     ] GC(22) Humongous regions: 131->131
[2025-05-21T12:28:36.513+0000][gc,metaspace] GC(22) Metaspace: 15003K(15488K)->15003K(15488K) NonClass: 13278K(13504K)->13278K(13504K) Class: 1724K(1984K)->1724K(1984K)
[2025-05-21T12:28:36.514+0000][gc          ] GC(22) Pause Young (Normal) (G1 Evacuation Pause) 766M->162M(1024M) 6.303ms
[2025-05-21T12:28:36.514+0000][gc,cpu      ] GC(22) User=0.03s Sys=0.00s Real=0.00s
[2025-05-21T12:29:16.485+0000][gc,start    ] GC(23) Pause Young (Normal) (G1 Evacuation Pause)
[2025-05-21T12:29:16.485+0000][gc,task     ] GC(23) Using 10 workers of 10 for evacuation
[2025-05-21T12:29:16.489+0000][gc,phases   ] GC(23)   Pre Evacuate Collection Set: 0.4ms
[2025-05-21T12:29:16.489+0000][gc,phases   ] GC(23)   Merge Heap Roots: 0.2ms
[2025-05-21T12:29:16.489+0000][gc,phases   ] GC(23)   Evacuate Collection Set: 2.2ms
[2025-05-21T12:29:16.489+0000][gc,phases   ] GC(23)   Post Evacuate Collection Set: 0.9ms
[2025-05-21T12:29:16.490+0000][gc,phases   ] GC(23)   Other: 0.3ms
[2025-05-21T12:29:16.490+0000][gc,heap     ] GC(23) Eden regions: 604->0(607)
[2025-05-21T12:29:16.490+0000][gc,heap     ] GC(23) Survivor regions: 10->7(77)
[2025-05-21T12:29:16.490+0000][gc,heap     ] GC(23) Old regions: 23->23
[2025-05-21T12:29:16.490+0000][gc,heap     ] GC(23) Humongous regions: 131->131
[2025-05-21T12:29:16.490+0000][gc,metaspace] GC(23) Metaspace: 15065K(15552K)->15065K(15552K) NonClass: 13340K(13568K)->13340K(13568K) Class: 1724K(1984K)->1724K(1984K)
[2025-05-21T12:29:16.490+0000][gc          ] GC(23) Pause Young (Normal) (G1 Evacuation Pause) 766M->160M(1024M) 5.869ms
[2025-05-21T12:29:16.491+0000][gc,cpu      ] GC(23) User=0.02s Sys=0.00s Real=0.00s
[2025-05-21T12:29:56.503+0000][gc,start    ] GC(24) Pause Young (Normal) (G1 Evacuation Pause)
[2025-05-21T12:29:56.504+0000][gc,task     ] GC(24) Using 10 workers of 10 for evacuation
[2025-05-21T12:29:56.509+0000][gc,phases   ] GC(24)   Pre Evacuate Collection Set: 0.4ms
[2025-05-21T12:29:56.509+0000][gc,phases   ] GC(24)   Merge Heap Roots: 0.3ms
[2025-05-21T12:29:56.509+0000][gc,phases   ] GC(24)   Evacuate Collection Set: 2.7ms
[2025-05-21T12:29:56.509+0000][gc,phases   ] GC(24)   Post Evacuate Collection Set: 1.2ms
[2025-05-21T12:29:56.509+0000][gc,phases   ] GC(24)   Other: 0.3ms
[2025-05-21T12:29:56.509+0000][gc,heap     ] GC(24) Eden regions: 607->0(606)
[2025-05-21T12:29:56.510+0000][gc,heap     ] GC(24) Survivor regions: 7->8(77)
[2025-05-21T12:29:56.510+0000][gc,heap     ] GC(24) Old regions: 23->23
[2025-05-21T12:29:56.510+0000][gc,heap     ] GC(24) Humongous regions: 131->131
[2025-05-21T12:29:56.510+0000][gc,metaspace] GC(24) Metaspace: 15361K(15808K)->15361K(15808K) NonClass: 13583K(13824K)->13583K(13824K) Class: 1778K(1984K)->1778K(1984K)
[2025-05-21T12:29:56.510+0000][gc          ] GC(24) Pause Young (Normal) (G1 Evacuation Pause) 767M->160M(1024M) 6.733ms
[2025-05-21T12:29:56.510+0000][gc,cpu      ] GC(24) User=0.02s Sys=0.01s Real=0.00s
[2025-05-21T12:30:18.994+0000][gc,start    ] GC(25) Pause Young (Normal) (G1 Evacuation Pause)
[2025-05-21T12:30:18.994+0000][gc,task     ] GC(25) Using 10 workers of 10 for evacuation
[2025-05-21T12:30:18.999+0000][gc,phases   ] GC(25)   Pre Evacuate Collection Set: 0.4ms
[2025-05-21T12:30:18.999+0000][gc,phases   ] GC(25)   Merge Heap Roots: 0.3ms
[2025-05-21T12:30:18.999+0000][gc,phases   ] GC(25)   Evacuate Collection Set: 2.5ms
[2025-05-21T12:30:19.000+0000][gc,phases   ] GC(25)   Post Evacuate Collection Set: 1.2ms
[2025-05-21T12:30:19.000+0000][gc,phases   ] GC(25)   Other: 0.3ms
[2025-05-21T12:30:19.000+0000][gc,heap     ] GC(25) Eden regions: 606->0(608)
[2025-05-21T12:30:19.000+0000][gc,heap     ] GC(25) Survivor regions: 8->6(77)
[2025-05-21T12:30:19.000+0000][gc,heap     ] GC(25) Old regions: 23->24
[2025-05-21T12:30:19.000+0000][gc,heap     ] GC(25) Humongous regions: 131->131
[2025-05-21T12:30:19.000+0000][gc,metaspace] GC(25) Metaspace: 15938K(16384K)->15938K(16384K) NonClass: 14125K(14336K)->14125K(14336K) Class: 1813K(2048K)->1813K(2048K)
[2025-05-21T12:30:19.001+0000][gc          ] GC(25) Pause Young (Normal) (G1 Evacuation Pause) 766M->159M(1024M) 6.497ms
[2025-05-21T12:30:19.001+0000][gc,cpu      ] GC(25) User=0.03s Sys=0.01s Real=0.01s
[2025-05-21T12:30:44.461+0000][gc,start    ] GC(26) Pause Young (Normal) (G1 Evacuation Pause)
[2025-05-21T12:30:44.461+0000][gc,task     ] GC(26) Using 10 workers of 10 for evacuation
[2025-05-21T12:30:44.466+0000][gc,phases   ] GC(26)   Pre Evacuate Collection Set: 0.3ms
[2025-05-21T12:30:44.466+0000][gc,phases   ] GC(26)   Merge Heap Roots: 0.2ms
[2025-05-21T12:30:44.466+0000][gc,phases   ] GC(26)   Evacuate Collection Set: 2.8ms
[2025-05-21T12:30:44.467+0000][gc,phases   ] GC(26)   Post Evacuate Collection Set: 1.1ms
[2025-05-21T12:30:44.467+0000][gc,phases   ] GC(26)   Other: 0.3ms
[2025-05-21T12:30:44.467+0000][gc,heap     ] GC(26) Eden regions: 608->0(606)
[2025-05-21T12:30:44.467+0000][gc,heap     ] GC(26) Survivor regions: 6->8(77)
[2025-05-21T12:30:44.467+0000][gc,heap     ] GC(26) Old regions: 24->24
[2025-05-21T12:30:44.467+0000][gc,heap     ] GC(26) Humongous regions: 131->131
[2025-05-21T12:30:44.468+0000][gc,metaspace] GC(26) Metaspace: 15956K(16384K)->15956K(16384K) NonClass: 14142K(14336K)->14142K(14336K) Class: 1813K(2048K)->1813K(2048K)
[2025-05-21T12:30:44.468+0000][gc          ] GC(26) Pause Young (Normal) (G1 Evacuation Pause) 767M->161M(1024M) 6.657ms
[2025-05-21T12:30:44.468+0000][gc,cpu      ] GC(26) User=0.02s Sys=0.00s Real=0.01s
[2025-05-21T12:31:06.266+0000][gc,start    ] GC(27) Pause Young (Normal) (G1 Evacuation Pause)
[2025-05-21T12:31:06.266+0000][gc,task     ] GC(27) Using 10 workers of 10 for evacuation
[2025-05-21T12:31:06.271+0000][gc,phases   ] GC(27)   Pre Evacuate Collection Set: 0.3ms
[2025-05-21T12:31:06.271+0000][gc,phases   ] GC(27)   Merge Heap Roots: 0.2ms
[2025-05-21T12:31:06.271+0000][gc,phases   ] GC(27)   Evacuate Collection Set: 3.5ms
[2025-05-21T12:31:06.272+0000][gc,phases   ] GC(27)   Post Evacuate Collection Set: 1.0ms
[2025-05-21T12:31:06.272+0000][gc,phases   ] GC(27)   Other: 0.2ms
[2025-05-21T12:31:06.272+0000][gc,heap     ] GC(27) Eden regions: 606->0(605)
[2025-05-21T12:31:06.272+0000][gc,heap     ] GC(27) Survivor regions: 8->9(77)
[2025-05-21T12:31:06.272+0000][gc,heap     ] GC(27) Old regions: 24->24
[2025-05-21T12:31:06.272+0000][gc,heap     ] GC(27) Humongous regions: 131->131
[2025-05-21T12:31:06.272+0000][gc,metaspace] GC(27) Metaspace: 15961K(16384K)->15961K(16384K) NonClass: 14146K(14336K)->14146K(14336K) Class: 1814K(2048K)->1814K(2048K)
[2025-05-21T12:31:06.273+0000][gc          ] GC(27) Pause Young (Normal) (G1 Evacuation Pause) 767M->163M(1024M) 7.163ms
[2025-05-21T12:31:06.273+0000][gc,cpu      ] GC(27) User=0.03s Sys=0.00s Real=0.01s
[2025-05-21T12:31:26.521+0000][gc,start    ] GC(28) Pause Young (Normal) (G1 Evacuation Pause)
[2025-05-21T12:31:26.522+0000][gc,task     ] GC(28) Using 10 workers of 10 for evacuation
[2025-05-21T12:31:26.527+0000][gc,phases   ] GC(28)   Pre Evacuate Collection Set: 0.4ms
[2025-05-21T12:31:26.528+0000][gc,phases   ] GC(28)   Merge Heap Roots: 0.2ms
[2025-05-21T12:31:26.528+0000][gc,phases   ] GC(28)   Evacuate Collection Set: 3.8ms
[2025-05-21T12:31:26.528+0000][gc,phases   ] GC(28)   Post Evacuate Collection Set: 1.0ms
[2025-05-21T12:31:26.528+0000][gc,phases   ] GC(28)   Other: 0.3ms
[2025-05-21T12:31:26.528+0000][gc,heap     ] GC(28) Eden regions: 605->0(604)
[2025-05-21T12:31:26.528+0000][gc,heap     ] GC(28) Survivor regions: 9->10(77)
[2025-05-21T12:31:26.529+0000][gc,heap     ] GC(28) Old regions: 24->24
[2025-05-21T12:31:26.529+0000][gc,heap     ] GC(28) Humongous regions: 131->131
[2025-05-21T12:31:26.529+0000][gc,metaspace] GC(28) Metaspace: 15983K(16384K)->15983K(16384K) NonClass: 14168K(14336K)->14168K(14336K) Class: 1814K(2048K)->1814K(2048K)
[2025-05-21T12:31:26.529+0000][gc          ] GC(28) Pause Young (Normal) (G1 Evacuation Pause) 768M->164M(1024M) 7.660ms
[2025-05-21T12:31:26.529+0000][gc,cpu      ] GC(28) User=0.03s Sys=0.02s Real=0.01s
[2025-05-21T12:31:47.629+0000][gc,start    ] GC(29) Pause Young (Normal) (G1 Evacuation Pause)
[2025-05-21T12:31:47.630+0000][gc,task     ] GC(29) Using 10 workers of 10 for evacuation
[2025-05-21T12:31:47.634+0000][gc,phases   ] GC(29)   Pre Evacuate Collection Set: 0.5ms
[2025-05-21T12:31:47.635+0000][gc,phases   ] GC(29)   Merge Heap Roots: 0.2ms
[2025-05-21T12:31:47.635+0000][gc,phases   ] GC(29)   Evacuate Collection Set: 2.6ms
[2025-05-21T12:31:47.635+0000][gc,phases   ] GC(29)   Post Evacuate Collection Set: 1.1ms
[2025-05-21T12:31:47.636+0000][gc,phases   ] GC(29)   Other: 0.4ms
[2025-05-21T12:31:47.636+0000][gc,heap     ] GC(29) Eden regions: 604->0(606)
[2025-05-21T12:31:47.636+0000][gc,heap     ] GC(29) Survivor regions: 10->8(77)
[2025-05-21T12:31:47.636+0000][gc,heap     ] GC(29) Old regions: 24->24
[2025-05-21T12:31:47.636+0000][gc,heap     ] GC(29) Humongous regions: 131->131
[2025-05-21T12:31:47.636+0000][gc,metaspace] GC(29) Metaspace: 15984K(16384K)->15984K(16384K) NonClass: 14170K(14336K)->14170K(14336K) Class: 1814K(2048K)->1814K(2048K)
[2025-05-21T12:31:47.637+0000][gc          ] GC(29) Pause Young (Normal) (G1 Evacuation Pause) 768M->162M(1024M) 7.391ms
[2025-05-21T12:31:47.637+0000][gc,cpu      ] GC(29) User=0.02s Sys=0.00s Real=0.01s
[2025-05-21T12:32:13.045+0000][gc,start    ] GC(30) Pause Young (Normal) (G1 Evacuation Pause)
[2025-05-21T12:32:13.046+0000][gc,task     ] GC(30) Using 10 workers of 10 for evacuation
[2025-05-21T12:32:13.049+0000][gc,phases   ] GC(30)   Pre Evacuate Collection Set: 0.3ms
[2025-05-21T12:32:13.050+0000][gc,phases   ] GC(30)   Merge Heap Roots: 0.2ms
[2025-05-21T12:32:13.050+0000][gc,phases   ] GC(30)   Evacuate Collection Set: 1.8ms
[2025-05-21T12:32:13.050+0000][gc,phases   ] GC(30)   Post Evacuate Collection Set: 1.0ms
[2025-05-21T12:32:13.050+0000][gc,phases   ] GC(30)   Other: 0.2ms
[2025-05-21T12:32:13.050+0000][gc,heap     ] GC(30) Eden regions: 606->0(609)
[2025-05-21T12:32:13.050+0000][gc,heap     ] GC(30) Survivor regions: 8->5(77)
[2025-05-21T12:32:13.050+0000][gc,heap     ] GC(30) Old regions: 24->24
[2025-05-21T12:32:13.051+0000][gc,heap     ] GC(30) Humongous regions: 131->131
[2025-05-21T12:32:13.051+0000][gc,metaspace] GC(30) Metaspace: 15996K(16448K)->15996K(16448K) NonClass: 14182K(14400K)->14182K(14400K) Class: 1814K(2048K)->1814K(2048K)
[2025-05-21T12:32:13.051+0000][gc          ] GC(30) Pause Young (Normal) (G1 Evacuation Pause) 768M->158M(1024M) 5.440ms
[2025-05-21T12:32:13.051+0000][gc,cpu      ] GC(30) User=0.01s Sys=0.00s Real=0.00s
[2025-05-21T12:32:36.376+0000][gc,start    ] GC(31) Pause Young (Normal) (G1 Evacuation Pause)
[2025-05-21T12:32:36.380+0000][gc,task     ] GC(31) Using 10 workers of 10 for evacuation
[2025-05-21T12:32:36.385+0000][gc,phases   ] GC(31)   Pre Evacuate Collection Set: 0.3ms
[2025-05-21T12:32:36.385+0000][gc,phases   ] GC(31)   Merge Heap Roots: 0.2ms
[2025-05-21T12:32:36.385+0000][gc,phases   ] GC(31)   Evacuate Collection Set: 2.7ms
[2025-05-21T12:32:36.386+0000][gc,phases   ] GC(31)   Post Evacuate Collection Set: 1.1ms
[2025-05-21T12:32:36.386+0000][gc,phases   ] GC(31)   Other: 0.3ms
[2025-05-21T12:32:36.386+0000][gc,heap     ] GC(31) Eden regions: 609->0(608)
[2025-05-21T12:32:36.387+0000][gc,heap     ] GC(31) Survivor regions: 5->6(77)
[2025-05-21T12:32:36.387+0000][gc,heap     ] GC(31) Old regions: 24->24
[2025-05-21T12:32:36.387+0000][gc,heap     ] GC(31) Humongous regions: 131->131
[2025-05-21T12:32:36.387+0000][gc,metaspace] GC(31) Metaspace: 16029K(16512K)->16029K(16512K) NonClass: 14214K(14464K)->14214K(14464K) Class: 1814K(2048K)->1814K(2048K)
[2025-05-21T12:32:36.387+0000][gc          ] GC(31) Pause Young (Normal) (G1 Evacuation Pause) 767M->160M(1024M) 11.741ms
[2025-05-21T12:32:36.388+0000][gc,cpu      ] GC(31) User=0.02s Sys=0.01s Real=0.01s
[2025-05-21T12:32:56.628+0000][gc,start    ] GC(32) Pause Young (Normal) (G1 Evacuation Pause)
[2025-05-21T12:32:56.628+0000][gc,task     ] GC(32) Using 10 workers of 10 for evacuation
[2025-05-21T12:32:56.634+0000][gc,phases   ] GC(32)   Pre Evacuate Collection Set: 0.3ms
[2025-05-21T12:32:56.634+0000][gc,phases   ] GC(32)   Merge Heap Roots: 0.2ms
[2025-05-21T12:32:56.635+0000][gc,phases   ] GC(32)   Evacuate Collection Set: 4.5ms
[2025-05-21T12:32:56.635+0000][gc,phases   ] GC(32)   Post Evacuate Collection Set: 1.1ms
[2025-05-21T12:32:56.635+0000][gc,phases   ] GC(32)   Other: 0.2ms
[2025-05-21T12:32:56.635+0000][gc,heap     ] GC(32) Eden regions: 608->0(601)
[2025-05-21T12:32:56.635+0000][gc,heap     ] GC(32) Survivor regions: 6->13(77)
[2025-05-21T12:32:56.635+0000][gc,heap     ] GC(32) Old regions: 24->24
[2025-05-21T12:32:56.636+0000][gc,heap     ] GC(32) Humongous regions: 131->131
[2025-05-21T12:32:56.636+0000][gc,metaspace] GC(32) Metaspace: 16043K(16512K)->16043K(16512K) NonClass: 14228K(14464K)->14228K(14464K) Class: 1814K(2048K)->1814K(2048K)
[2025-05-21T12:32:56.636+0000][gc          ] GC(32) Pause Young (Normal) (G1 Evacuation Pause) 768M->167M(1024M) 8.452ms
[2025-05-21T12:32:56.636+0000][gc,cpu      ] GC(32) User=0.05s Sys=0.00s Real=0.01s
[2025-05-21T12:32:58.336+0000][gc,start    ] GC(33) Pause Young (Concurrent Start) (CodeCache GC Threshold)
[2025-05-21T12:32:58.336+0000][gc,task     ] GC(33) Using 10 workers of 10 for evacuation
[2025-05-21T12:32:58.340+0000][gc,phases   ] GC(33)   Pre Evacuate Collection Set: 0.4ms
[2025-05-21T12:32:58.341+0000][gc,phases   ] GC(33)   Merge Heap Roots: 0.2ms
[2025-05-21T12:32:58.341+0000][gc,phases   ] GC(33)   Evacuate Collection Set: 2.1ms
[2025-05-21T12:32:58.341+0000][gc,phases   ] GC(33)   Post Evacuate Collection Set: 0.9ms
[2025-05-21T12:32:58.341+0000][gc,phases   ] GC(33)   Other: 0.3ms
[2025-05-21T12:32:58.341+0000][gc,heap     ] GC(33) Eden regions: 35->0(609)
[2025-05-21T12:32:58.341+0000][gc,heap     ] GC(33) Survivor regions: 13->5(77)
[2025-05-21T12:32:58.342+0000][gc,heap     ] GC(33) Old regions: 24->24
[2025-05-21T12:32:58.342+0000][gc,heap     ] GC(33) Humongous regions: 131->131
[2025-05-21T12:32:58.342+0000][gc,metaspace] GC(33) Metaspace: 16044K(16512K)->16044K(16512K) NonClass: 14229K(14464K)->14229K(14464K) Class: 1814K(2048K)->1814K(2048K)
[2025-05-21T12:32:58.342+0000][gc          ] GC(33) Pause Young (Concurrent Start) (CodeCache GC Threshold) 201M->159M(1024M) 5.915ms
[2025-05-21T12:32:58.342+0000][gc          ] GC(34) Concurrent Mark Cycle
[2025-05-21T12:32:58.343+0000][gc,marking  ] GC(34) Concurrent Scan Root Regions
[2025-05-21T12:32:58.342+0000][gc,cpu      ] GC(33) User=0.02s Sys=0.01s Real=0.01s
[2025-05-21T12:32:58.344+0000][gc,marking  ] GC(34) Concurrent Scan Root Regions 1.806ms
[2025-05-21T12:32:58.345+0000][gc,marking  ] GC(34) Concurrent Mark
[2025-05-21T12:32:58.345+0000][gc,marking  ] GC(34) Concurrent Mark From Roots
[2025-05-21T12:32:58.345+0000][gc,task     ] GC(34) Using 3 workers of 3 for marking
[2025-05-21T12:32:58.357+0000][gc,marking  ] GC(34) Concurrent Mark From Roots 12.313ms
[2025-05-21T12:32:58.357+0000][gc,marking  ] GC(34) Concurrent Preclean
[2025-05-21T12:32:58.358+0000][gc,marking  ] GC(34) Concurrent Preclean 0.349ms
[2025-05-21T12:32:58.358+0000][gc,start    ] GC(34) Pause Remark
[2025-05-21T12:32:58.366+0000][gc          ] GC(34) Pause Remark 161M->161M(1024M) 8.299ms
[2025-05-21T12:32:58.366+0000][gc,cpu      ] GC(34) User=0.06s Sys=0.00s Real=0.01s
[2025-05-21T12:32:58.367+0000][gc,marking  ] GC(34) Concurrent Mark 22.156ms
[2025-05-21T12:32:58.367+0000][gc,marking  ] GC(34) Concurrent Rebuild Remembered Sets and Scrub Regions
[2025-05-21T12:32:58.371+0000][gc,marking  ] GC(34) Concurrent Rebuild Remembered Sets and Scrub Regions 4.244ms
[2025-05-21T12:32:58.371+0000][gc,start    ] GC(34) Pause Cleanup
[2025-05-21T12:32:58.372+0000][gc          ] GC(34) Pause Cleanup 161M->161M(1024M) 0.395ms
[2025-05-21T12:32:58.372+0000][gc,cpu      ] GC(34) User=0.00s Sys=0.00s Real=0.00s
[2025-05-21T12:32:58.372+0000][gc,marking  ] GC(34) Concurrent Clear Claimed Marks
[2025-05-21T12:32:58.372+0000][gc,marking  ] GC(34) Concurrent Clear Claimed Marks 0.174ms
[2025-05-21T12:32:58.373+0000][gc,marking  ] GC(34) Concurrent Cleanup for Next Mark
[2025-05-21T12:32:58.378+0000][gc,marking  ] GC(34) Concurrent Cleanup for Next Mark 5.338ms
[2025-05-21T12:32:58.378+0000][gc          ] GC(34) Concurrent Mark Cycle 35.852ms
[2025-05-21T12:33:23.941+0000][gc,start    ] GC(35) Pause Young (Prepare Mixed) (G1 Evacuation Pause)
[2025-05-21T12:33:23.941+0000][gc,task     ] GC(35) Using 10 workers of 10 for evacuation
[2025-05-21T12:33:23.945+0000][gc,phases   ] GC(35)   Pre Evacuate Collection Set: 0.3ms
[2025-05-21T12:33:23.945+0000][gc,phases   ] GC(35)   Merge Heap Roots: 0.2ms
[2025-05-21T12:33:23.945+0000][gc,phases   ] GC(35)   Evacuate Collection Set: 2.4ms
[2025-05-21T12:33:23.945+0000][gc,phases   ] GC(35)   Post Evacuate Collection Set: 1.0ms
[2025-05-21T12:33:23.946+0000][gc,phases   ] GC(35)   Other: 0.2ms
[2025-05-21T12:33:23.946+0000][gc,heap     ] GC(35) Eden regions: 609->0(608)
[2025-05-21T12:33:23.946+0000][gc,heap     ] GC(35) Survivor regions: 5->6(77)
[2025-05-21T12:33:23.946+0000][gc,heap     ] GC(35) Old regions: 24->24
[2025-05-21T12:33:23.946+0000][gc,heap     ] GC(35) Humongous regions: 131->131
[2025-05-21T12:33:23.946+0000][gc,metaspace] GC(35) Metaspace: 15938K(16512K)->15938K(16512K) NonClass: 14152K(14464K)->14152K(14464K) Class: 1785K(2048K)->1785K(2048K)
[2025-05-21T12:33:23.946+0000][gc          ] GC(35) Pause Young (Prepare Mixed) (G1 Evacuation Pause) 768M->160M(1024M) 5.805ms
[2025-05-21T12:33:23.947+0000][gc,cpu      ] GC(35) User=0.02s Sys=0.00s Real=0.00s
[2025-05-21T12:33:46.226+0000][gc,start    ] GC(36) Pause Young (Mixed) (G1 Evacuation Pause)
[2025-05-21T12:33:46.226+0000][gc,task     ] GC(36) Using 10 workers of 10 for evacuation
[2025-05-21T12:33:46.231+0000][gc,phases   ] GC(36)   Pre Evacuate Collection Set: 0.3ms
[2025-05-21T12:33:46.232+0000][gc,phases   ] GC(36)   Merge Heap Roots: 0.2ms
[2025-05-21T12:33:46.232+0000][gc,phases   ] GC(36)   Evacuate Collection Set: 3.3ms
[2025-05-21T12:33:46.232+0000][gc,phases   ] GC(36)   Post Evacuate Collection Set: 1.1ms
[2025-05-21T12:33:46.232+0000][gc,phases   ] GC(36)   Other: 0.2ms
[2025-05-21T12:33:46.232+0000][gc,heap     ] GC(36) Eden regions: 608->0(606)
[2025-05-21T12:33:46.232+0000][gc,heap     ] GC(36) Survivor regions: 6->8(77)
[2025-05-21T12:33:46.233+0000][gc,heap     ] GC(36) Old regions: 24->24
[2025-05-21T12:33:46.233+0000][gc,heap     ] GC(36) Humongous regions: 131->131
[2025-05-21T12:33:46.233+0000][gc,metaspace] GC(36) Metaspace: 15945K(16512K)->15945K(16512K) NonClass: 14160K(14464K)->14160K(14464K) Class: 1785K(2048K)->1785K(2048K)
[2025-05-21T12:33:46.233+0000][gc          ] GC(36) Pause Young (Mixed) (G1 Evacuation Pause) 768M->161M(1024M) 7.126ms
[2025-05-21T12:33:46.233+0000][gc,cpu      ] GC(36) User=0.03s Sys=0.00s Real=0.01s
[2025-05-21T12:34:06.473+0000][gc,start    ] GC(37) Pause Young (Normal) (G1 Evacuation Pause)
[2025-05-21T12:34:06.473+0000][gc,task     ] GC(37) Using 10 workers of 10 for evacuation
[2025-05-21T12:34:06.481+0000][gc,phases   ] GC(37)   Pre Evacuate Collection Set: 0.4ms
[2025-05-21T12:34:06.481+0000][gc,phases   ] GC(37)   Merge Heap Roots: 0.2ms
[2025-05-21T12:34:06.482+0000][gc,phases   ] GC(37)   Evacuate Collection Set: 4.5ms
[2025-05-21T12:34:06.482+0000][gc,phases   ] GC(37)   Post Evacuate Collection Set: 2.6ms
[2025-05-21T12:34:06.482+0000][gc,phases   ] GC(37)   Other: 0.3ms
[2025-05-21T12:34:06.483+0000][gc,heap     ] GC(37) Eden regions: 606->0(605)
[2025-05-21T12:34:06.484+0000][gc,heap     ] GC(37) Survivor regions: 8->9(77)
[2025-05-21T12:34:06.484+0000][gc,heap     ] GC(37) Old regions: 24->24
[2025-05-21T12:34:06.484+0000][gc,heap     ] GC(37) Humongous regions: 131->131
[2025-05-21T12:34:06.485+0000][gc,metaspace] GC(37) Metaspace: 15949K(16512K)->15949K(16512K) NonClass: 14163K(14464K)->14163K(14464K) Class: 1785K(2048K)->1785K(2048K)
[2025-05-21T12:34:06.485+0000][gc          ] GC(37) Pause Young (Normal) (G1 Evacuation Pause) 767M->163M(1024M) 12.131ms
[2025-05-21T12:34:06.485+0000][gc,cpu      ] GC(37) User=0.04s Sys=0.00s Real=0.01s
[2025-05-21T12:34:27.126+0000][gc,start    ] GC(38) Pause Young (Normal) (G1 Evacuation Pause)
[2025-05-21T12:34:27.127+0000][gc,task     ] GC(38) Using 10 workers of 10 for evacuation
[2025-05-21T12:34:27.134+0000][gc,phases   ] GC(38)   Pre Evacuate Collection Set: 0.3ms
[2025-05-21T12:34:27.135+0000][gc,phases   ] GC(38)   Merge Heap Roots: 0.2ms
[2025-05-21T12:34:27.135+0000][gc,phases   ] GC(38)   Evacuate Collection Set: 5.2ms
[2025-05-21T12:34:27.135+0000][gc,phases   ] GC(38)   Post Evacuate Collection Set: 1.6ms
[2025-05-21T12:34:27.135+0000][gc,phases   ] GC(38)   Other: 0.3ms
[2025-05-21T12:34:27.135+0000][gc,heap     ] GC(38) Eden regions: 605->0(608)
[2025-05-21T12:34:27.135+0000][gc,heap     ] GC(38) Survivor regions: 9->6(77)
[2025-05-21T12:34:27.136+0000][gc,heap     ] GC(38) Old regions: 24->24
[2025-05-21T12:34:27.136+0000][gc,heap     ] GC(38) Humongous regions: 131->131
[2025-05-21T12:34:27.136+0000][gc,metaspace] GC(38) Metaspace: 15949K(16512K)->15949K(16512K) NonClass: 14163K(14464K)->14163K(14464K) Class: 1785K(2048K)->1785K(2048K)
[2025-05-21T12:34:27.136+0000][gc          ] GC(38) Pause Young (Normal) (G1 Evacuation Pause) 768M->160M(1024M) 9.756ms
[2025-05-21T12:34:27.136+0000][gc,cpu      ] GC(38) User=0.01s Sys=0.02s Real=0.01s
[2025-05-21T12:34:52.952+0000][gc,start    ] GC(39) Pause Young (Normal) (G1 Evacuation Pause)
[2025-05-21T12:34:52.952+0000][gc,task     ] GC(39) Using 10 workers of 10 for evacuation
[2025-05-21T12:34:52.957+0000][gc,phases   ] GC(39)   Pre Evacuate Collection Set: 0.3ms
[2025-05-21T12:34:52.958+0000][gc,phases   ] GC(39)   Merge Heap Roots: 0.3ms
[2025-05-21T12:34:52.958+0000][gc,phases   ] GC(39)   Evacuate Collection Set: 3.1ms
[2025-05-21T12:34:52.958+0000][gc,phases   ] GC(39)   Post Evacuate Collection Set: 1.1ms
[2025-05-21T12:34:52.958+0000][gc,phases   ] GC(39)   Other: 0.2ms
[2025-05-21T12:34:52.958+0000][gc,heap     ] GC(39) Eden regions: 608->0(606)
[2025-05-21T12:34:52.958+0000][gc,heap     ] GC(39) Survivor regions: 6->8(77)
[2025-05-21T12:34:52.958+0000][gc,heap     ] GC(39) Old regions: 24->24
[2025-05-21T12:34:52.959+0000][gc,heap     ] GC(39) Humongous regions: 131->131
[2025-05-21T12:34:52.959+0000][gc,metaspace] GC(39) Metaspace: 15951K(16512K)->15951K(16512K) NonClass: 14165K(14464K)->14165K(14464K) Class: 1785K(2048K)->1785K(2048K)
[2025-05-21T12:34:52.959+0000][gc          ] GC(39) Pause Young (Normal) (G1 Evacuation Pause) 768M->162M(1024M) 6.704ms
[2025-05-21T12:34:52.959+0000][gc,cpu      ] GC(39) User=0.03s Sys=0.00s Real=0.01s
[2025-05-21T12:35:16.158+0000][gc,start    ] GC(40) Pause Young (Normal) (G1 Evacuation Pause)
[2025-05-21T12:35:16.158+0000][gc,task     ] GC(40) Using 10 workers of 10 for evacuation
[2025-05-21T12:35:16.162+0000][gc,phases   ] GC(40)   Pre Evacuate Collection Set: 0.3ms
[2025-05-21T12:35:16.163+0000][gc,phases   ] GC(40)   Merge Heap Roots: 0.2ms
[2025-05-21T12:35:16.163+0000][gc,phases   ] GC(40)   Evacuate Collection Set: 2.1ms
[2025-05-21T12:35:16.163+0000][gc,phases   ] GC(40)   Post Evacuate Collection Set: 1.0ms
[2025-05-21T12:35:16.163+0000][gc,phases   ] GC(40)   Other: 0.2ms
[2025-05-21T12:35:16.163+0000][gc,heap     ] GC(40) Eden regions: 606->0(609)
[2025-05-21T12:35:16.163+0000][gc,heap     ] GC(40) Survivor regions: 8->5(77)
[2025-05-21T12:35:16.163+0000][gc,heap     ] GC(40) Old regions: 24->24
[2025-05-21T12:35:16.164+0000][gc,heap     ] GC(40) Humongous regions: 131->131
[2025-05-21T12:35:16.164+0000][gc,metaspace] GC(40) Metaspace: 15955K(16512K)->15955K(16512K) NonClass: 14170K(14464K)->14170K(14464K) Class: 1785K(2048K)->1785K(2048K)
[2025-05-21T12:35:16.164+0000][gc          ] GC(40) Pause Young (Normal) (G1 Evacuation Pause) 768M->159M(1024M) 5.799ms
[2025-05-21T12:35:16.164+0000][gc,cpu      ] GC(40) User=0.01s Sys=0.01s Real=0.00s
[2025-05-21T12:35:36.432+0000][gc,start    ] GC(41) Pause Young (Normal) (G1 Evacuation Pause)
[2025-05-21T12:35:36.432+0000][gc,task     ] GC(41) Using 10 workers of 10 for evacuation
[2025-05-21T12:35:36.438+0000][gc,phases   ] GC(41)   Pre Evacuate Collection Set: 0.3ms
[2025-05-21T12:35:36.438+0000][gc,phases   ] GC(41)   Merge Heap Roots: 0.2ms
[2025-05-21T12:35:36.438+0000][gc,phases   ] GC(41)   Evacuate Collection Set: 3.9ms
[2025-05-21T12:35:36.438+0000][gc,phases   ] GC(41)   Post Evacuate Collection Set: 1.1ms
[2025-05-21T12:35:36.439+0000][gc,phases   ] GC(41)   Other: 0.3ms
[2025-05-21T12:35:36.439+0000][gc,heap     ] GC(41) Eden regions: 609->0(603)
[2025-05-21T12:35:36.439+0000][gc,heap     ] GC(41) Survivor regions: 5->11(77)
[2025-05-21T12:35:36.439+0000][gc,heap     ] GC(41) Old regions: 24->25
[2025-05-21T12:35:36.439+0000][gc,heap     ] GC(41) Humongous regions: 131->131
[2025-05-21T12:35:36.439+0000][gc,metaspace] GC(41) Metaspace: 15955K(16512K)->15955K(16512K) NonClass: 14170K(14464K)->14170K(14464K) Class: 1785K(2048K)->1785K(2048K)
[2025-05-21T12:35:36.440+0000][gc          ] GC(41) Pause Young (Normal) (G1 Evacuation Pause) 768M->165M(1024M) 7.939ms
[2025-05-21T12:35:36.440+0000][gc,cpu      ] GC(41) User=0.04s Sys=0.00s Real=0.01s
[2025-05-21T12:35:56.716+0000][gc,start    ] GC(42) Pause Young (Normal) (G1 Evacuation Pause)
[2025-05-21T12:35:56.716+0000][gc,task     ] GC(42) Using 10 workers of 10 for evacuation
[2025-05-21T12:35:56.722+0000][gc,phases   ] GC(42)   Pre Evacuate Collection Set: 0.4ms
[2025-05-21T12:35:56.722+0000][gc,phases   ] GC(42)   Merge Heap Roots: 0.2ms
[2025-05-21T12:35:56.723+0000][gc,phases   ] GC(42)   Evacuate Collection Set: 4.1ms
[2025-05-21T12:35:56.723+0000][gc,phases   ] GC(42)   Post Evacuate Collection Set: 1.1ms
[2025-05-21T12:35:56.723+0000][gc,phases   ] GC(42)   Other: 0.3ms
[2025-05-21T12:35:56.724+0000][gc,heap     ] GC(42) Eden regions: 603->0(602)
[2025-05-21T12:35:56.724+0000][gc,heap     ] GC(42) Survivor regions: 11->12(77)
[2025-05-21T12:35:56.724+0000][gc,heap     ] GC(42) Old regions: 25->25
[2025-05-21T12:35:56.724+0000][gc,heap     ] GC(42) Humongous regions: 131->131
[2025-05-21T12:35:56.724+0000][gc,metaspace] GC(42) Metaspace: 15957K(16512K)->15957K(16512K) NonClass: 14172K(14464K)->14172K(14464K) Class: 1785K(2048K)->1785K(2048K)
[2025-05-21T12:35:56.725+0000][gc          ] GC(42) Pause Young (Normal) (G1 Evacuation Pause) 768M->166M(1024M) 8.736ms
[2025-05-21T12:35:56.725+0000][gc,cpu      ] GC(42) User=0.04s Sys=0.00s Real=0.01s
[2025-05-21T12:36:21.352+0000][gc,start    ] GC(43) Pause Young (Normal) (G1 Evacuation Pause)
[2025-05-21T12:36:21.352+0000][gc,task     ] GC(43) Using 10 workers of 10 for evacuation
[2025-05-21T12:36:21.356+0000][gc,phases   ] GC(43)   Pre Evacuate Collection Set: 0.3ms
[2025-05-21T12:36:21.356+0000][gc,phases   ] GC(43)   Merge Heap Roots: 0.2ms
[2025-05-21T12:36:21.356+0000][gc,phases   ] GC(43)   Evacuate Collection Set: 2.1ms
[2025-05-21T12:36:21.356+0000][gc,phases   ] GC(43)   Post Evacuate Collection Set: 1.0ms
[2025-05-21T12:36:21.357+0000][gc,phases   ] GC(43)   Other: 0.3ms
[2025-05-21T12:36:21.357+0000][gc,heap     ] GC(43) Eden regions: 602->0(608)
[2025-05-21T12:36:21.357+0000][gc,heap     ] GC(43) Survivor regions: 12->6(77)
[2025-05-21T12:36:21.357+0000][gc,heap     ] GC(43) Old regions: 25->25
[2025-05-21T12:36:21.357+0000][gc,heap     ] GC(43) Humongous regions: 131->131
[2025-05-21T12:36:21.357+0000][gc,metaspace] GC(43) Metaspace: 15964K(16512K)->15964K(16512K) NonClass: 14179K(14464K)->14179K(14464K) Class: 1785K(2048K)->1785K(2048K)
[2025-05-21T12:36:21.358+0000][gc          ] GC(43) Pause Young (Normal) (G1 Evacuation Pause) 768M->160M(1024M) 5.944ms
[2025-05-21T12:36:21.358+0000][gc,cpu      ] GC(43) User=0.02s Sys=0.01s Real=0.01s
[2025-05-21T12:36:46.116+0000][gc,start    ] GC(44) Pause Young (Normal) (G1 Evacuation Pause)
[2025-05-21T12:36:46.116+0000][gc,task     ] GC(44) Using 10 workers of 10 for evacuation
[2025-05-21T12:36:46.121+0000][gc,phases   ] GC(44)   Pre Evacuate Collection Set: 0.4ms
[2025-05-21T12:36:46.122+0000][gc,phases   ] GC(44)   Merge Heap Roots: 0.2ms
[2025-05-21T12:36:46.122+0000][gc,phases   ] GC(44)   Evacuate Collection Set: 3.0ms
[2025-05-21T12:36:46.122+0000][gc,phases   ] GC(44)   Post Evacuate Collection Set: 1.2ms
[2025-05-21T12:36:46.122+0000][gc,phases   ] GC(44)   Other: 0.4ms
[2025-05-21T12:36:46.122+0000][gc,heap     ] GC(44) Eden regions: 608->0(606)
[2025-05-21T12:36:46.122+0000][gc,heap     ] GC(44) Survivor regions: 6->8(77)
[2025-05-21T12:36:46.123+0000][gc,heap     ] GC(44) Old regions: 25->25
[2025-05-21T12:36:46.123+0000][gc,heap     ] GC(44) Humongous regions: 131->131
[2025-05-21T12:36:46.123+0000][gc,metaspace] GC(44) Metaspace: 16172K(16640K)->16172K(16640K) NonClass: 14353K(14592K)->14353K(14592K) Class: 1819K(2048K)->1819K(2048K)
[2025-05-21T12:36:46.123+0000][gc          ] GC(44) Pause Young (Normal) (G1 Evacuation Pause) 768M->162M(1024M) 7.429ms
[2025-05-21T12:36:46.123+0000][gc,cpu      ] GC(44) User=0.02s Sys=0.01s Real=0.01s
[2025-05-21T12:37:06.391+0000][gc,start    ] GC(45) Pause Young (Normal) (G1 Evacuation Pause)
[2025-05-21T12:37:06.391+0000][gc,task     ] GC(45) Using 10 workers of 10 for evacuation
[2025-05-21T12:37:06.396+0000][gc,phases   ] GC(45)   Pre Evacuate Collection Set: 0.4ms
[2025-05-21T12:37:06.397+0000][gc,phases   ] GC(45)   Merge Heap Roots: 0.2ms
[2025-05-21T12:37:06.397+0000][gc,phases   ] GC(45)   Evacuate Collection Set: 3.2ms
[2025-05-21T12:37:06.397+0000][gc,phases   ] GC(45)   Post Evacuate Collection Set: 1.0ms
[2025-05-21T12:37:06.397+0000][gc,phases   ] GC(45)   Other: 0.3ms
[2025-05-21T12:37:06.397+0000][gc,heap     ] GC(45) Eden regions: 606->0(604)
[2025-05-21T12:37:06.397+0000][gc,heap     ] GC(45) Survivor regions: 8->10(77)
[2025-05-21T12:37:06.398+0000][gc,heap     ] GC(45) Old regions: 25->25
[2025-05-21T12:37:06.398+0000][gc,heap     ] GC(45) Humongous regions: 131->131
[2025-05-21T12:37:06.398+0000][gc,metaspace] GC(45) Metaspace: 16205K(16640K)->16205K(16640K) NonClass: 14385K(14592K)->14385K(14592K) Class: 1820K(2048K)->1820K(2048K)
[2025-05-21T12:37:06.398+0000][gc          ] GC(45) Pause Young (Normal) (G1 Evacuation Pause) 768M->164M(1024M) 7.394ms
[2025-05-21T12:37:06.399+0000][gc,cpu      ] GC(45) User=0.02s Sys=0.00s Real=0.00s
[2025-05-21T12:37:26.626+0000][gc,start    ] GC(46) Pause Young (Normal) (G1 Evacuation Pause)
[2025-05-21T12:37:26.626+0000][gc,task     ] GC(46) Using 10 workers of 10 for evacuation
[2025-05-21T12:37:26.631+0000][gc,phases   ] GC(46)   Pre Evacuate Collection Set: 0.4ms
[2025-05-21T12:37:26.632+0000][gc,phases   ] GC(46)   Merge Heap Roots: 0.2ms
[2025-05-21T12:37:26.632+0000][gc,phases   ] GC(46)   Evacuate Collection Set: 3.5ms
[2025-05-21T12:37:26.632+0000][gc,phases   ] GC(46)   Post Evacuate Collection Set: 1.1ms
[2025-05-21T12:37:26.632+0000][gc,phases   ] GC(46)   Other: 0.3ms
[2025-05-21T12:37:26.632+0000][gc,heap     ] GC(46) Eden regions: 604->0(603)
[2025-05-21T12:37:26.632+0000][gc,heap     ] GC(46) Survivor regions: 10->11(77)
[2025-05-21T12:37:26.632+0000][gc,heap     ] GC(46) Old regions: 25->25
[2025-05-21T12:37:26.633+0000][gc,heap     ] GC(46) Humongous regions: 131->131
[2025-05-21T12:37:26.633+0000][gc,metaspace] GC(46) Metaspace: 16211K(16640K)->16211K(16640K) NonClass: 14390K(14592K)->14390K(14592K) Class: 1820K(2048K)->1820K(2048K)
[2025-05-21T12:37:26.633+0000][gc          ] GC(46) Pause Young (Normal) (G1 Evacuation Pause) 768M->166M(1024M) 7.298ms
[2025-05-21T12:37:26.633+0000][gc,cpu      ] GC(46) User=0.04s Sys=0.00s Real=0.01s
[2025-05-21T12:37:52.547+0000][gc,start    ] GC(47) Pause Young (Normal) (G1 Evacuation Pause)
[2025-05-21T12:37:52.548+0000][gc,task     ] GC(47) Using 10 workers of 10 for evacuation
[2025-05-21T12:37:52.553+0000][gc,phases   ] GC(47)   Pre Evacuate Collection Set: 0.4ms
[2025-05-21T12:37:52.553+0000][gc,phases   ] GC(47)   Merge Heap Roots: 0.2ms
[2025-05-21T12:37:52.553+0000][gc,phases   ] GC(47)   Evacuate Collection Set: 3.0ms
[2025-05-21T12:37:52.553+0000][gc,phases   ] GC(47)   Post Evacuate Collection Set: 1.1ms
[2025-05-21T12:37:52.554+0000][gc,phases   ] GC(47)   Other: 0.4ms
[2025-05-21T12:37:52.554+0000][gc,heap     ] GC(47) Eden regions: 603->0(604)
[2025-05-21T12:37:52.554+0000][gc,heap     ] GC(47) Survivor regions: 11->10(77)
[2025-05-21T12:37:52.554+0000][gc,heap     ] GC(47) Old regions: 25->25
[2025-05-21T12:37:52.554+0000][gc,heap     ] GC(47) Humongous regions: 131->131
[2025-05-21T12:37:52.554+0000][gc,metaspace] GC(47) Metaspace: 16217K(16640K)->16217K(16640K) NonClass: 14396K(14592K)->14396K(14592K) Class: 1820K(2048K)->1820K(2048K)
[2025-05-21T12:37:52.555+0000][gc          ] GC(47) Pause Young (Normal) (G1 Evacuation Pause) 769M->164M(1024M) 7.158ms
[2025-05-21T12:37:52.555+0000][gc,cpu      ] GC(47) User=0.03s Sys=0.00s Real=0.01s
[2025-05-21T12:38:16.180+0000][gc,start    ] GC(48) Pause Young (Normal) (G1 Evacuation Pause)
[2025-05-21T12:38:16.180+0000][gc,task     ] GC(48) Using 10 workers of 10 for evacuation
[2025-05-21T12:38:16.186+0000][gc,phases   ] GC(48)   Pre Evacuate Collection Set: 0.4ms
[2025-05-21T12:38:16.186+0000][gc,phases   ] GC(48)   Merge Heap Roots: 0.2ms
[2025-05-21T12:38:16.186+0000][gc,phases   ] GC(48)   Evacuate Collection Set: 3.6ms
[2025-05-21T12:38:16.186+0000][gc,phases   ] GC(48)   Post Evacuate Collection Set: 1.0ms
[2025-05-21T12:38:16.187+0000][gc,phases   ] GC(48)   Other: 0.3ms
[2025-05-21T12:38:16.187+0000][gc,heap     ] GC(48) Eden regions: 604->0(602)
[2025-05-21T12:38:16.187+0000][gc,heap     ] GC(48) Survivor regions: 10->12(77)
[2025-05-21T12:38:16.187+0000][gc,heap     ] GC(48) Old regions: 25->25
[2025-05-21T12:38:16.187+0000][gc,heap     ] GC(48) Humongous regions: 131->131
[2025-05-21T12:38:16.187+0000][gc,metaspace] GC(48) Metaspace: 16217K(16640K)->16217K(16640K) NonClass: 14397K(14592K)->14397K(14592K) Class: 1820K(2048K)->1820K(2048K)
[2025-05-21T12:38:16.188+0000][gc          ] GC(48) Pause Young (Normal) (G1 Evacuation Pause) 768M->167M(1024M) 7.910ms
[2025-05-21T12:38:16.188+0000][gc,cpu      ] GC(48) User=0.03s Sys=0.00s Real=0.01s
[2025-05-21T12:38:36.432+0000][gc,start    ] GC(49) Pause Young (Normal) (G1 Evacuation Pause)
[2025-05-21T12:38:36.432+0000][gc,task     ] GC(49) Using 10 workers of 10 for evacuation
[2025-05-21T12:38:36.438+0000][gc,phases   ] GC(49)   Pre Evacuate Collection Set: 0.3ms
[2025-05-21T12:38:36.439+0000][gc,phases   ] GC(49)   Merge Heap Roots: 0.2ms
[2025-05-21T12:38:36.439+0000][gc,phases   ] GC(49)   Evacuate Collection Set: 4.3ms
[2025-05-21T12:38:36.439+0000][gc,phases   ] GC(49)   Post Evacuate Collection Set: 1.1ms
[2025-05-21T12:38:36.439+0000][gc,phases   ] GC(49)   Other: 0.2ms
[2025-05-21T12:38:36.439+0000][gc,heap     ] GC(49) Eden regions: 602->0(601)
[2025-05-21T12:38:36.440+0000][gc,heap     ] GC(49) Survivor regions: 12->13(77)
[2025-05-21T12:38:36.440+0000][gc,heap     ] GC(49) Old regions: 25->25
[2025-05-21T12:38:36.440+0000][gc,heap     ] GC(49) Humongous regions: 131->131
[2025-05-21T12:38:36.440+0000][gc,metaspace] GC(49) Metaspace: 16217K(16640K)->16217K(16640K) NonClass: 14397K(14592K)->14397K(14592K) Class: 1820K(2048K)->1820K(2048K)
[2025-05-21T12:38:36.440+0000][gc          ] GC(49) Pause Young (Normal) (G1 Evacuation Pause) 769M->168M(1024M) 8.181ms
[2025-05-21T12:38:36.440+0000][gc,cpu      ] GC(49) User=0.04s Sys=0.00s Real=0.01s
[2025-05-21T12:38:57.406+0000][gc,start    ] GC(50) Pause Young (Normal) (G1 Evacuation Pause)
[2025-05-21T12:38:57.407+0000][gc,task     ] GC(50) Using 10 workers of 10 for evacuation
[2025-05-21T12:38:57.411+0000][gc,phases   ] GC(50)   Pre Evacuate Collection Set: 0.3ms
[2025-05-21T12:38:57.412+0000][gc,phases   ] GC(50)   Merge Heap Roots: 0.2ms
[2025-05-21T12:38:57.412+0000][gc,phases   ] GC(50)   Evacuate Collection Set: 3.1ms
[2025-05-21T12:38:57.412+0000][gc,phases   ] GC(50)   Post Evacuate Collection Set: 1.1ms
[2025-05-21T12:38:57.412+0000][gc,phases   ] GC(50)   Other: 0.3ms
[2025-05-21T12:38:57.412+0000][gc,heap     ] GC(50) Eden regions: 601->0(603)
[2025-05-21T12:38:57.412+0000][gc,heap     ] GC(50) Survivor regions: 13->11(77)
[2025-05-21T12:38:57.413+0000][gc,heap     ] GC(50) Old regions: 25->25
[2025-05-21T12:38:57.413+0000][gc,heap     ] GC(50) Humongous regions: 131->131
[2025-05-21T12:38:57.413+0000][gc,metaspace] GC(50) Metaspace: 16218K(16640K)->16218K(16640K) NonClass: 14397K(14592K)->14397K(14592K) Class: 1820K(2048K)->1820K(2048K)
[2025-05-21T12:38:57.413+0000][gc          ] GC(50) Pause Young (Normal) (G1 Evacuation Pause) 769M->166M(1024M) 6.999ms
[2025-05-21T12:38:57.413+0000][gc,cpu      ] GC(50) User=0.03s Sys=0.00s Real=0.00s
[2025-05-21T12:39:23.418+0000][gc,start    ] GC(51) Pause Young (Normal) (G1 Evacuation Pause)
[2025-05-21T12:39:23.418+0000][gc,task     ] GC(51) Using 10 workers of 10 for evacuation
[2025-05-21T12:39:23.424+0000][gc,phases   ] GC(51)   Pre Evacuate Collection Set: 0.3ms
[2025-05-21T12:39:23.424+0000][gc,phases   ] GC(51)   Merge Heap Roots: 0.2ms
[2025-05-21T12:39:23.425+0000][gc,phases   ] GC(51)   Evacuate Collection Set: 4.1ms
[2025-05-21T12:39:23.425+0000][gc,phases   ] GC(51)   Post Evacuate Collection Set: 1.2ms
[2025-05-21T12:39:23.425+0000][gc,phases   ] GC(51)   Other: 0.3ms
[2025-05-21T12:39:23.425+0000][gc,heap     ] GC(51) Eden regions: 603->0(600)
[2025-05-21T12:39:23.425+0000][gc,heap     ] GC(51) Survivor regions: 11->14(77)
[2025-05-21T12:39:23.425+0000][gc,heap     ] GC(51) Old regions: 25->25
[2025-05-21T12:39:23.426+0000][gc,heap     ] GC(51) Humongous regions: 131->131
[2025-05-21T12:39:23.426+0000][gc,metaspace] GC(51) Metaspace: 16225K(16640K)->16225K(16640K) NonClass: 14404K(14592K)->14404K(14592K) Class: 1820K(2048K)->1820K(2048K)
[2025-05-21T12:39:23.426+0000][gc          ] GC(51) Pause Young (Normal) (G1 Evacuation Pause) 769M->169M(1024M) 8.205ms
[2025-05-21T12:39:23.426+0000][gc,cpu      ] GC(51) User=0.03s Sys=0.01s Real=0.01s
[2025-05-21T12:39:46.178+0000][gc,start    ] GC(52) Pause Young (Normal) (G1 Evacuation Pause)
[2025-05-21T12:39:46.178+0000][gc,task     ] GC(52) Using 10 workers of 10 for evacuation
[2025-05-21T12:39:46.186+0000][gc,phases   ] GC(52)   Pre Evacuate Collection Set: 0.4ms
[2025-05-21T12:39:46.187+0000][gc,phases   ] GC(52)   Merge Heap Roots: 0.3ms
[2025-05-21T12:39:46.187+0000][gc,phases   ] GC(52)   Evacuate Collection Set: 6.2ms
[2025-05-21T12:39:46.187+0000][gc,phases   ] GC(52)   Post Evacuate Collection Set: 1.1ms
[2025-05-21T12:39:46.187+0000][gc,phases   ] GC(52)   Other: 0.3ms
[2025-05-21T12:39:46.187+0000][gc,heap     ] GC(52) Eden regions: 600->0(597)
[2025-05-21T12:39:46.187+0000][gc,heap     ] GC(52) Survivor regions: 14->17(77)
[2025-05-21T12:39:46.188+0000][gc,heap     ] GC(52) Old regions: 25->26
[2025-05-21T12:39:46.188+0000][gc,heap     ] GC(52) Humongous regions: 131->131
[2025-05-21T12:39:46.188+0000][gc,metaspace] GC(52) Metaspace: 16233K(16640K)->16233K(16640K) NonClass: 14413K(14592K)->14413K(14592K) Class: 1820K(2048K)->1820K(2048K)
[2025-05-21T12:39:46.188+0000][gc          ] GC(52) Pause Young (Normal) (G1 Evacuation Pause) 769M->172M(1024M) 10.568ms
[2025-05-21T12:39:46.188+0000][gc,cpu      ] GC(52) User=0.05s Sys=0.00s Real=0.01s
[2025-05-21T12:40:06.417+0000][gc,start    ] GC(53) Pause Young (Normal) (G1 Evacuation Pause)
[2025-05-21T12:40:06.418+0000][gc,task     ] GC(53) Using 10 workers of 10 for evacuation
[2025-05-21T12:40:06.426+0000][gc,phases   ] GC(53)   Pre Evacuate Collection Set: 0.4ms
[2025-05-21T12:40:06.427+0000][gc,phases   ] GC(53)   Merge Heap Roots: 0.2ms
[2025-05-21T12:40:06.427+0000][gc,phases   ] GC(53)   Evacuate Collection Set: 6.8ms
[2025-05-21T12:40:06.427+0000][gc,phases   ] GC(53)   Post Evacuate Collection Set: 1.1ms
[2025-05-21T12:40:06.427+0000][gc,phases   ] GC(53)   Other: 0.3ms
[2025-05-21T12:40:06.427+0000][gc,heap     ] GC(53) Eden regions: 597->0(596)
[2025-05-21T12:40:06.427+0000][gc,heap     ] GC(53) Survivor regions: 17->18(77)
[2025-05-21T12:40:06.427+0000][gc,heap     ] GC(53) Old regions: 26->26
[2025-05-21T12:40:06.428+0000][gc,heap     ] GC(53) Humongous regions: 131->131
[2025-05-21T12:40:06.428+0000][gc,metaspace] GC(53) Metaspace: 16234K(16640K)->16234K(16640K) NonClass: 14413K(14592K)->14413K(14592K) Class: 1820K(2048K)->1820K(2048K)
[2025-05-21T12:40:06.428+0000][gc          ] GC(53) Pause Young (Normal) (G1 Evacuation Pause) 769M->173M(1024M) 10.746ms
[2025-05-21T12:40:06.428+0000][gc,cpu      ] GC(53) User=0.05s Sys=0.00s Real=0.01s
[2025-05-21T12:40:26.640+0000][gc,start    ] GC(54) Pause Young (Normal) (G1 Evacuation Pause)
[2025-05-21T12:40:26.641+0000][gc,task     ] GC(54) Using 10 workers of 10 for evacuation
[2025-05-21T12:40:26.648+0000][gc,phases   ] GC(54)   Pre Evacuate Collection Set: 0.3ms
[2025-05-21T12:40:26.648+0000][gc,phases   ] GC(54)   Merge Heap Roots: 0.2ms
[2025-05-21T12:40:26.648+0000][gc,phases   ] GC(54)   Evacuate Collection Set: 5.3ms
[2025-05-21T12:40:26.648+0000][gc,phases   ] GC(54)   Post Evacuate Collection Set: 1.1ms
[2025-05-21T12:40:26.648+0000][gc,phases   ] GC(54)   Other: 0.3ms
[2025-05-21T12:40:26.649+0000][gc,heap     ] GC(54) Eden regions: 596->0(595)
[2025-05-21T12:40:26.649+0000][gc,heap     ] GC(54) Survivor regions: 18->19(77)
[2025-05-21T12:40:26.649+0000][gc,heap     ] GC(54) Old regions: 26->26
[2025-05-21T12:40:26.649+0000][gc,heap     ] GC(54) Humongous regions: 131->131
[2025-05-21T12:40:26.649+0000][gc,metaspace] GC(54) Metaspace: 16235K(16640K)->16235K(16640K) NonClass: 14414K(14592K)->14414K(14592K) Class: 1820K(2048K)->1820K(2048K)
[2025-05-21T12:40:26.649+0000][gc          ] GC(54) Pause Young (Normal) (G1 Evacuation Pause) 769M->174M(1024M) 8.951ms
[2025-05-21T12:40:26.650+0000][gc,cpu      ] GC(54) User=0.04s Sys=0.00s Real=0.01s
[2025-05-21T12:40:51.736+0000][gc,start    ] GC(55) Pause Young (Normal) (G1 Evacuation Pause)
[2025-05-21T12:40:51.736+0000][gc,task     ] GC(55) Using 10 workers of 10 for evacuation
[2025-05-21T12:40:51.743+0000][gc,phases   ] GC(55)   Pre Evacuate Collection Set: 0.4ms
[2025-05-21T12:40:51.744+0000][gc,phases   ] GC(55)   Merge Heap Roots: 0.2ms
[2025-05-21T12:40:51.744+0000][gc,phases   ] GC(55)   Evacuate Collection Set: 4.9ms
[2025-05-21T12:40:51.744+0000][gc,phases   ] GC(55)   Post Evacuate Collection Set: 1.3ms
[2025-05-21T12:40:51.744+0000][gc,phases   ] GC(55)   Other: 0.3ms
[2025-05-21T12:40:51.744+0000][gc,heap     ] GC(55) Eden regions: 595->0(597)
[2025-05-21T12:40:51.744+0000][gc,heap     ] GC(55) Survivor regions: 19->17(77)
[2025-05-21T12:40:51.745+0000][gc,heap     ] GC(55) Old regions: 26->26
[2025-05-21T12:40:51.745+0000][gc,heap     ] GC(55) Humongous regions: 131->131
[2025-05-21T12:40:51.745+0000][gc,metaspace] GC(55) Metaspace: 16251K(16640K)->16251K(16640K) NonClass: 14431K(14592K)->14431K(14592K) Class: 1820K(2048K)->1820K(2048K)
[2025-05-21T12:40:51.745+0000][gc          ] GC(55) Pause Young (Normal) (G1 Evacuation Pause) 769M->173M(1024M) 9.113ms
[2025-05-21T12:40:51.745+0000][gc,cpu      ] GC(55) User=0.05s Sys=0.00s Real=0.01s
[2025-05-21T12:41:16.114+0000][gc,start    ] GC(56) Pause Young (Normal) (G1 Evacuation Pause)
[2025-05-21T12:41:16.114+0000][gc,task     ] GC(56) Using 10 workers of 10 for evacuation
[2025-05-21T12:41:16.123+0000][gc,phases   ] GC(56)   Pre Evacuate Collection Set: 0.4ms
[2025-05-21T12:41:16.124+0000][gc,phases   ] GC(56)   Merge Heap Roots: 0.3ms
[2025-05-21T12:41:16.124+0000][gc,phases   ] GC(56)   Evacuate Collection Set: 7.2ms
[2025-05-21T12:41:16.125+0000][gc,phases   ] GC(56)   Post Evacuate Collection Set: 1.2ms
[2025-05-21T12:41:16.125+0000][gc,phases   ] GC(56)   Other: 0.3ms
[2025-05-21T12:41:16.125+0000][gc,heap     ] GC(56) Eden regions: 597->0(595)
[2025-05-21T12:41:16.125+0000][gc,heap     ] GC(56) Survivor regions: 17->19(77)
[2025-05-21T12:41:16.125+0000][gc,heap     ] GC(56) Old regions: 26->27
[2025-05-21T12:41:16.126+0000][gc,heap     ] GC(56) Humongous regions: 131->131
[2025-05-21T12:41:16.126+0000][gc,metaspace] GC(56) Metaspace: 16251K(16640K)->16251K(16640K) NonClass: 14431K(14592K)->14431K(14592K) Class: 1820K(2048K)->1820K(2048K)
[2025-05-21T12:41:16.126+0000][gc          ] GC(56) Pause Young (Normal) (G1 Evacuation Pause) 770M->175M(1024M) 12.119ms
[2025-05-21T12:41:16.126+0000][gc,cpu      ] GC(56) User=0.02s Sys=0.04s Real=0.01s
[2025-05-21T12:41:36.348+0000][gc,start    ] GC(57) Pause Young (Normal) (G1 Evacuation Pause)
[2025-05-21T12:41:36.348+0000][gc,task     ] GC(57) Using 10 workers of 10 for evacuation
[2025-05-21T12:41:36.356+0000][gc,phases   ] GC(57)   Pre Evacuate Collection Set: 0.3ms
[2025-05-21T12:41:36.356+0000][gc,phases   ] GC(57)   Merge Heap Roots: 0.2ms
[2025-05-21T12:41:36.356+0000][gc,phases   ] GC(57)   Evacuate Collection Set: 5.3ms
[2025-05-21T12:41:36.356+0000][gc,phases   ] GC(57)   Post Evacuate Collection Set: 1.0ms
[2025-05-21T12:41:36.356+0000][gc,phases   ] GC(57)   Other: 0.3ms
[2025-05-21T12:41:36.357+0000][gc,heap     ] GC(57) Eden regions: 595->0(595)
[2025-05-21T12:41:36.357+0000][gc,heap     ] GC(57) Survivor regions: 19->19(77)
[2025-05-21T12:41:36.357+0000][gc,heap     ] GC(57) Old regions: 27->27
[2025-05-21T12:41:36.357+0000][gc,heap     ] GC(57) Humongous regions: 131->131
[2025-05-21T12:41:36.357+0000][gc,metaspace] GC(57) Metaspace: 16262K(16704K)->16262K(16704K) NonClass: 14441K(14656K)->14441K(14656K) Class: 1820K(2048K)->1820K(2048K)
[2025-05-21T12:41:36.357+0000][gc          ] GC(57) Pause Young (Normal) (G1 Evacuation Pause) 770M->176M(1024M) 9.375ms
[2025-05-21T12:41:36.358+0000][gc,cpu      ] GC(57) User=0.05s Sys=0.01s Real=0.00s
[2025-05-21T12:41:56.548+0000][gc,start    ] GC(58) Pause Young (Normal) (G1 Evacuation Pause)
[2025-05-21T12:41:56.548+0000][gc,task     ] GC(58) Using 10 workers of 10 for evacuation
[2025-05-21T12:41:56.557+0000][gc,phases   ] GC(58)   Pre Evacuate Collection Set: 0.3ms
[2025-05-21T12:41:56.558+0000][gc,phases   ] GC(58)   Merge Heap Roots: 0.2ms
[2025-05-21T12:41:56.558+0000][gc,phases   ] GC(58)   Evacuate Collection Set: 7.7ms
[2025-05-21T12:41:56.558+0000][gc,phases   ] GC(58)   Post Evacuate Collection Set: 1.0ms
[2025-05-21T12:41:56.558+0000][gc,phases   ] GC(58)   Other: 0.3ms
[2025-05-21T12:41:56.558+0000][gc,heap     ] GC(58) Eden regions: 595->0(593)
[2025-05-21T12:41:56.558+0000][gc,heap     ] GC(58) Survivor regions: 19->21(77)
[2025-05-21T12:41:56.558+0000][gc,heap     ] GC(58) Old regions: 27->28
[2025-05-21T12:41:56.559+0000][gc,heap     ] GC(58) Humongous regions: 131->131
[2025-05-21T12:41:56.559+0000][gc,metaspace] GC(58) Metaspace: 16267K(16704K)->16267K(16704K) NonClass: 14446K(14656K)->14446K(14656K) Class: 1820K(2048K)->1820K(2048K)
[2025-05-21T12:41:56.559+0000][gc          ] GC(58) Pause Young (Normal) (G1 Evacuation Pause) 771M->178M(1024M) 11.384ms
[2025-05-21T12:41:56.559+0000][gc,cpu      ] GC(58) User=0.06s Sys=0.01s Real=0.01s
[2025-05-21T12:42:20.059+0000][gc,start    ] GC(59) Pause Young (Normal) (G1 Evacuation Pause)
[2025-05-21T12:42:20.060+0000][gc,task     ] GC(59) Using 10 workers of 10 for evacuation
[2025-05-21T12:42:20.069+0000][gc,phases   ] GC(59)   Pre Evacuate Collection Set: 1.1ms
[2025-05-21T12:42:20.070+0000][gc,phases   ] GC(59)   Merge Heap Roots: 0.2ms
[2025-05-21T12:42:20.070+0000][gc,phases   ] GC(59)   Evacuate Collection Set: 6.4ms
[2025-05-21T12:42:20.070+0000][gc,phases   ] GC(59)   Post Evacuate Collection Set: 1.1ms
[2025-05-21T12:42:20.070+0000][gc,phases   ] GC(59)   Other: 0.6ms
[2025-05-21T12:42:20.070+0000][gc,heap     ] GC(59) Eden regions: 593->0(597)
[2025-05-21T12:42:20.071+0000][gc,heap     ] GC(59) Survivor regions: 21->17(77)
[2025-05-21T12:42:20.071+0000][gc,heap     ] GC(59) Old regions: 28->29
[2025-05-21T12:42:20.071+0000][gc,heap     ] GC(59) Humongous regions: 131->131
[2025-05-21T12:42:20.071+0000][gc,metaspace] GC(59) Metaspace: 16267K(16704K)->16267K(16704K) NonClass: 14446K(14656K)->14446K(14656K) Class: 1820K(2048K)->1820K(2048K)
[2025-05-21T12:42:20.071+0000][gc          ] GC(59) Pause Young (Normal) (G1 Evacuation Pause) 771M->176M(1024M) 11.985ms
[2025-05-21T12:42:20.072+0000][gc,cpu      ] GC(59) User=0.04s Sys=0.02s Real=0.01s
[2025-05-21T12:42:45.590+0000][gc,start    ] GC(60) Pause Young (Normal) (G1 Evacuation Pause)
[2025-05-21T12:42:45.591+0000][gc,task     ] GC(60) Using 10 workers of 10 for evacuation
[2025-05-21T12:42:45.599+0000][gc,phases   ] GC(60)   Pre Evacuate Collection Set: 0.3ms
[2025-05-21T12:42:45.599+0000][gc,phases   ] GC(60)   Merge Heap Roots: 0.2ms
[2025-05-21T12:42:45.599+0000][gc,phases   ] GC(60)   Evacuate Collection Set: 6.4ms
[2025-05-21T12:42:45.599+0000][gc,phases   ] GC(60)   Post Evacuate Collection Set: 1.1ms
[2025-05-21T12:42:45.600+0000][gc,phases   ] GC(60)   Other: 0.3ms
[2025-05-21T12:42:45.600+0000][gc,heap     ] GC(60) Eden regions: 597->0(594)
[2025-05-21T12:42:45.600+0000][gc,heap     ] GC(60) Survivor regions: 17->20(77)
[2025-05-21T12:42:45.600+0000][gc,heap     ] GC(60) Old regions: 29->30
[2025-05-21T12:42:45.600+0000][gc,heap     ] GC(60) Humongous regions: 131->131
[2025-05-21T12:42:45.600+0000][gc,metaspace] GC(60) Metaspace: 16268K(16704K)->16268K(16704K) NonClass: 14447K(14656K)->14447K(14656K) Class: 1820K(2048K)->1820K(2048K)
[2025-05-21T12:42:45.600+0000][gc          ] GC(60) Pause Young (Normal) (G1 Evacuation Pause) 773M->179M(1024M) 10.034ms
[2025-05-21T12:42:45.601+0000][gc,cpu      ] GC(60) User=0.06s Sys=0.00s Real=0.01s
[2025-05-21T12:43:06.243+0000][gc,start    ] GC(61) Pause Young (Normal) (G1 Evacuation Pause)
[2025-05-21T12:43:06.244+0000][gc,task     ] GC(61) Using 10 workers of 10 for evacuation
[2025-05-21T12:43:06.254+0000][gc,phases   ] GC(61)   Pre Evacuate Collection Set: 0.4ms
[2025-05-21T12:43:06.255+0000][gc,phases   ] GC(61)   Merge Heap Roots: 0.3ms
[2025-05-21T12:43:06.255+0000][gc,phases   ] GC(61)   Evacuate Collection Set: 8.2ms
[2025-05-21T12:43:06.255+0000][gc,phases   ] GC(61)   Post Evacuate Collection Set: 1.3ms
[2025-05-21T12:43:06.255+0000][gc,phases   ] GC(61)   Other: 0.3ms
[2025-05-21T12:43:06.255+0000][gc,heap     ] GC(61) Eden regions: 594->0(595)
[2025-05-21T12:43:06.255+0000][gc,heap     ] GC(61) Survivor regions: 20->19(77)
[2025-05-21T12:43:06.255+0000][gc,heap     ] GC(61) Old regions: 30->31
[2025-05-21T12:43:06.256+0000][gc,heap     ] GC(61) Humongous regions: 131->131
[2025-05-21T12:43:06.256+0000][gc,metaspace] GC(61) Metaspace: 16272K(16704K)->16272K(16704K) NonClass: 14451K(14656K)->14451K(14656K) Class: 1820K(2048K)->1820K(2048K)
[2025-05-21T12:43:06.256+0000][gc          ] GC(61) Pause Young (Normal) (G1 Evacuation Pause) 773M->180M(1024M) 12.607ms
[2025-05-21T12:43:06.256+0000][gc,cpu      ] GC(61) User=0.05s Sys=0.02s Real=0.02s
[2025-05-21T12:43:26.500+0000][gc,start    ] GC(62) Pause Young (Normal) (G1 Evacuation Pause)
[2025-05-21T12:43:26.500+0000][gc,task     ] GC(62) Using 10 workers of 10 for evacuation
[2025-05-21T12:43:26.508+0000][gc,phases   ] GC(62)   Pre Evacuate Collection Set: 0.3ms
[2025-05-21T12:43:26.508+0000][gc,phases   ] GC(62)   Merge Heap Roots: 0.2ms
[2025-05-21T12:43:26.508+0000][gc,phases   ] GC(62)   Evacuate Collection Set: 6.0ms
[2025-05-21T12:43:26.508+0000][gc,phases   ] GC(62)   Post Evacuate Collection Set: 0.9ms
[2025-05-21T12:43:26.509+0000][gc,phases   ] GC(62)   Other: 0.2ms
[2025-05-21T12:43:26.509+0000][gc,heap     ] GC(62) Eden regions: 595->0(594)
[2025-05-21T12:43:26.509+0000][gc,heap     ] GC(62) Survivor regions: 19->20(77)
[2025-05-21T12:43:26.509+0000][gc,heap     ] GC(62) Old regions: 31->32
[2025-05-21T12:43:26.509+0000][gc,heap     ] GC(62) Humongous regions: 131->131
[2025-05-21T12:43:26.510+0000][gc,metaspace] GC(62) Metaspace: 16273K(16704K)->16273K(16704K) NonClass: 14452K(14656K)->14452K(14656K) Class: 1820K(2048K)->1820K(2048K)
[2025-05-21T12:43:26.510+0000][gc          ] GC(62) Pause Young (Normal) (G1 Evacuation Pause) 775M->181M(1024M) 10.253ms
[2025-05-21T12:43:26.510+0000][gc,cpu      ] GC(62) User=0.06s Sys=0.00s Real=0.01s
[2025-05-21T12:43:48.897+0000][gc,start    ] GC(63) Pause Young (Normal) (G1 Evacuation Pause)
[2025-05-21T12:43:48.898+0000][gc,task     ] GC(63) Using 10 workers of 10 for evacuation
[2025-05-21T12:43:48.906+0000][gc,phases   ] GC(63)   Pre Evacuate Collection Set: 0.4ms
[2025-05-21T12:43:48.907+0000][gc,phases   ] GC(63)   Merge Heap Roots: 0.2ms
[2025-05-21T12:43:48.907+0000][gc,phases   ] GC(63)   Evacuate Collection Set: 6.8ms
[2025-05-21T12:43:48.907+0000][gc,phases   ] GC(63)   Post Evacuate Collection Set: 0.9ms
[2025-05-21T12:43:48.907+0000][gc,phases   ] GC(63)   Other: 0.3ms
[2025-05-21T12:43:48.907+0000][gc,heap     ] GC(63) Eden regions: 594->0(597)
[2025-05-21T12:43:48.907+0000][gc,heap     ] GC(63) Survivor regions: 20->17(77)
[2025-05-21T12:43:48.907+0000][gc,heap     ] GC(63) Old regions: 32->33
[2025-05-21T12:43:48.908+0000][gc,heap     ] GC(63) Humongous regions: 131->131
[2025-05-21T12:43:48.908+0000][gc,metaspace] GC(63) Metaspace: 16292K(16704K)->16292K(16704K) NonClass: 14471K(14656K)->14471K(14656K) Class: 1821K(2048K)->1821K(2048K)
[2025-05-21T12:43:48.908+0000][gc          ] GC(63) Pause Young (Normal) (G1 Evacuation Pause) 775M->180M(1024M) 10.436ms
[2025-05-21T12:43:48.908+0000][gc,cpu      ] GC(63) User=0.05s Sys=0.00s Real=0.01s
[2025-05-21T12:44:14.735+0000][gc,start    ] GC(64) Pause Young (Normal) (G1 Evacuation Pause)
[2025-05-21T12:44:14.735+0000][gc,task     ] GC(64) Using 10 workers of 10 for evacuation
[2025-05-21T12:44:14.742+0000][gc,phases   ] GC(64)   Pre Evacuate Collection Set: 0.3ms
[2025-05-21T12:44:14.743+0000][gc,phases   ] GC(64)   Merge Heap Roots: 0.2ms
[2025-05-21T12:44:14.743+0000][gc,phases   ] GC(64)   Evacuate Collection Set: 5.6ms
[2025-05-21T12:44:14.743+0000][gc,phases   ] GC(64)   Post Evacuate Collection Set: 1.2ms
[2025-05-21T12:44:14.743+0000][gc,phases   ] GC(64)   Other: 0.3ms
[2025-05-21T12:44:14.743+0000][gc,heap     ] GC(64) Eden regions: 597->0(595)
[2025-05-21T12:44:14.743+0000][gc,heap     ] GC(64) Survivor regions: 17->19(77)
[2025-05-21T12:44:14.744+0000][gc,heap     ] GC(64) Old regions: 33->33
[2025-05-21T12:44:14.744+0000][gc,heap     ] GC(64) Humongous regions: 131->131
[2025-05-21T12:44:14.744+0000][gc,metaspace] GC(64) Metaspace: 16294K(16704K)->16294K(16704K) NonClass: 14473K(14656K)->14473K(14656K) Class: 1821K(2048K)->1821K(2048K)
[2025-05-21T12:44:14.744+0000][gc          ] GC(64) Pause Young (Normal) (G1 Evacuation Pause) 777M->182M(1024M) 9.568ms
[2025-05-21T12:44:14.744+0000][gc,cpu      ] GC(64) User=0.05s Sys=0.00s Real=0.01s
[2025-05-21T12:44:36.218+0000][gc,start    ] GC(65) Pause Young (Normal) (G1 Evacuation Pause)
[2025-05-21T12:44:36.218+0000][gc,task     ] GC(65) Using 10 workers of 10 for evacuation
[2025-05-21T12:44:36.226+0000][gc,phases   ] GC(65)   Pre Evacuate Collection Set: 0.3ms
[2025-05-21T12:44:36.226+0000][gc,phases   ] GC(65)   Merge Heap Roots: 0.2ms
[2025-05-21T12:44:36.226+0000][gc,phases   ] GC(65)   Evacuate Collection Set: 5.9ms
[2025-05-21T12:44:36.227+0000][gc,phases   ] GC(65)   Post Evacuate Collection Set: 1.1ms
[2025-05-21T12:44:36.227+0000][gc,phases   ] GC(65)   Other: 0.3ms
[2025-05-21T12:44:36.227+0000][gc,heap     ] GC(65) Eden regions: 595->0(594)
[2025-05-21T12:44:36.227+0000][gc,heap     ] GC(65) Survivor regions: 19->20(77)
[2025-05-21T12:44:36.227+0000][gc,heap     ] GC(65) Old regions: 33->34
[2025-05-21T12:44:36.228+0000][gc,heap     ] GC(65) Humongous regions: 131->131
[2025-05-21T12:44:36.228+0000][gc,metaspace] GC(65) Metaspace: 16295K(16704K)->16295K(16704K) NonClass: 14474K(14656K)->14474K(14656K) Class: 1821K(2048K)->1821K(2048K)
[2025-05-21T12:44:36.228+0000][gc          ] GC(65) Pause Young (Normal) (G1 Evacuation Pause) 777M->184M(1024M) 10.043ms
[2025-05-21T12:44:36.228+0000][gc,cpu      ] GC(65) User=0.05s Sys=0.01s Real=0.01s
[2025-05-21T12:44:56.484+0000][gc,start    ] GC(66) Pause Young (Normal) (G1 Evacuation Pause)
[2025-05-21T12:44:56.485+0000][gc,task     ] GC(66) Using 10 workers of 10 for evacuation
[2025-05-21T12:44:56.496+0000][gc,phases   ] GC(66)   Pre Evacuate Collection Set: 0.4ms
[2025-05-21T12:44:56.497+0000][gc,phases   ] GC(66)   Merge Heap Roots: 0.2ms
[2025-05-21T12:44:56.497+0000][gc,phases   ] GC(66)   Evacuate Collection Set: 9.6ms
[2025-05-21T12:44:56.497+0000][gc,phases   ] GC(66)   Post Evacuate Collection Set: 1.2ms
[2025-05-21T12:44:56.498+0000][gc,phases   ] GC(66)   Other: 0.3ms
[2025-05-21T12:44:56.498+0000][gc,heap     ] GC(66) Eden regions: 594->0(594)
[2025-05-21T12:44:56.498+0000][gc,heap     ] GC(66) Survivor regions: 20->20(77)
[2025-05-21T12:44:56.498+0000][gc,heap     ] GC(66) Old regions: 34->35
[2025-05-21T12:44:56.498+0000][gc,heap     ] GC(66) Humongous regions: 131->131
[2025-05-21T12:44:56.499+0000][gc,metaspace] GC(66) Metaspace: 16296K(16704K)->16296K(16704K) NonClass: 14475K(14656K)->14475K(14656K) Class: 1821K(2048K)->1821K(2048K)
[2025-05-21T12:44:56.499+0000][gc          ] GC(66) Pause Young (Normal) (G1 Evacuation Pause) 778M->185M(1024M) 14.438ms
[2025-05-21T12:44:56.499+0000][gc,cpu      ] GC(66) User=0.01s Sys=0.08s Real=0.02s
[2025-05-21T12:45:16.618+0000][gc,start    ] GC(67) Pause Young (Normal) (G1 Evacuation Pause)
[2025-05-21T12:45:16.618+0000][gc,task     ] GC(67) Using 10 workers of 10 for evacuation
[2025-05-21T12:45:16.628+0000][gc,phases   ] GC(67)   Pre Evacuate Collection Set: 0.4ms
[2025-05-21T12:45:16.628+0000][gc,phases   ] GC(67)   Merge Heap Roots: 0.2ms
[2025-05-21T12:45:16.628+0000][gc,phases   ] GC(67)   Evacuate Collection Set: 7.3ms
[2025-05-21T12:45:16.629+0000][gc,phases   ] GC(67)   Post Evacuate Collection Set: 1.1ms
[2025-05-21T12:45:16.629+0000][gc,phases   ] GC(67)   Other: 0.3ms
[2025-05-21T12:45:16.629+0000][gc,heap     ] GC(67) Eden regions: 594->0(594)
[2025-05-21T12:45:16.629+0000][gc,heap     ] GC(67) Survivor regions: 20->20(77)
[2025-05-21T12:45:16.629+0000][gc,heap     ] GC(67) Old regions: 35->36
[2025-05-21T12:45:16.629+0000][gc,heap     ] GC(67) Humongous regions: 131->131
[2025-05-21T12:45:16.629+0000][gc,metaspace] GC(67) Metaspace: 16296K(16704K)->16296K(16704K) NonClass: 14475K(14656K)->14475K(14656K) Class: 1821K(2048K)->1821K(2048K)
[2025-05-21T12:45:16.630+0000][gc          ] GC(67) Pause Young (Normal) (G1 Evacuation Pause) 779M->186M(1024M) 11.512ms
[2025-05-21T12:45:16.630+0000][gc,cpu      ] GC(67) User=0.06s Sys=0.03s Real=0.01s
[2025-05-21T12:45:40.014+0000][gc,start    ] GC(68) Pause Young (Normal) (G1 Evacuation Pause)
[2025-05-21T12:45:40.014+0000][gc,task     ] GC(68) Using 10 workers of 10 for evacuation
[2025-05-21T12:45:40.022+0000][gc,phases   ] GC(68)   Pre Evacuate Collection Set: 0.3ms
[2025-05-21T12:45:40.023+0000][gc,phases   ] GC(68)   Merge Heap Roots: 0.2ms
[2025-05-21T12:45:40.023+0000][gc,phases   ] GC(68)   Evacuate Collection Set: 6.3ms
[2025-05-21T12:45:40.023+0000][gc,phases   ] GC(68)   Post Evacuate Collection Set: 1.1ms
[2025-05-21T12:45:40.023+0000][gc,phases   ] GC(68)   Other: 0.2ms
[2025-05-21T12:45:40.023+0000][gc,heap     ] GC(68) Eden regions: 594->0(595)
[2025-05-21T12:45:40.023+0000][gc,heap     ] GC(68) Survivor regions: 20->19(77)
[2025-05-21T12:45:40.024+0000][gc,heap     ] GC(68) Old regions: 36->37
[2025-05-21T12:45:40.024+0000][gc,heap     ] GC(68) Humongous regions: 131->131
[2025-05-21T12:45:40.024+0000][gc,metaspace] GC(68) Metaspace: 16300K(16704K)->16300K(16704K) NonClass: 14479K(14656K)->14479K(14656K) Class: 1821K(2048K)->1821K(2048K)
[2025-05-21T12:45:40.024+0000][gc          ] GC(68) Pause Young (Normal) (G1 Evacuation Pause) 780M->185M(1024M) 10.404ms
[2025-05-21T12:45:40.024+0000][gc,cpu      ] GC(68) User=0.06s Sys=0.00s Real=0.01s
[2025-05-21T12:46:04.495+0000][gc,start    ] GC(69) Pause Young (Normal) (G1 Evacuation Pause)
[2025-05-21T12:46:04.495+0000][gc,task     ] GC(69) Using 10 workers of 10 for evacuation
[2025-05-21T12:46:04.503+0000][gc,phases   ] GC(69)   Pre Evacuate Collection Set: 0.3ms
[2025-05-21T12:46:04.503+0000][gc,phases   ] GC(69)   Merge Heap Roots: 0.2ms
[2025-05-21T12:46:04.503+0000][gc,phases   ] GC(69)   Evacuate Collection Set: 5.4ms
[2025-05-21T12:46:04.503+0000][gc,phases   ] GC(69)   Post Evacuate Collection Set: 1.1ms
[2025-05-21T12:46:04.503+0000][gc,phases   ] GC(69)   Other: 0.3ms
[2025-05-21T12:46:04.503+0000][gc,heap     ] GC(69) Eden regions: 595->0(599)
[2025-05-21T12:46:04.504+0000][gc,heap     ] GC(69) Survivor regions: 19->15(77)
[2025-05-21T12:46:04.504+0000][gc,heap     ] GC(69) Old regions: 37->38
[2025-05-21T12:46:04.504+0000][gc,heap     ] GC(69) Humongous regions: 131->131
[2025-05-21T12:46:04.504+0000][gc,metaspace] GC(69) Metaspace: 16303K(16704K)->16303K(16704K) NonClass: 14482K(14656K)->14482K(14656K) Class: 1821K(2048K)->1821K(2048K)
[2025-05-21T12:46:04.504+0000][gc          ] GC(69) Pause Young (Normal) (G1 Evacuation Pause) 780M->182M(1024M) 9.513ms
[2025-05-21T12:46:04.505+0000][gc,cpu      ] GC(69) User=0.05s Sys=0.00s Real=0.01s
[2025-05-21T12:46:26.204+0000][gc,start    ] GC(70) Pause Young (Normal) (G1 Evacuation Pause)
[2025-05-21T12:46:26.204+0000][gc,task     ] GC(70) Using 10 workers of 10 for evacuation
[2025-05-21T12:46:26.218+0000][gc,phases   ] GC(70)   Pre Evacuate Collection Set: 0.5ms
[2025-05-21T12:46:26.218+0000][gc,phases   ] GC(70)   Merge Heap Roots: 0.3ms
[2025-05-21T12:46:26.218+0000][gc,phases   ] GC(70)   Evacuate Collection Set: 10.4ms
[2025-05-21T12:46:26.218+0000][gc,phases   ] GC(70)   Post Evacuate Collection Set: 2.4ms
[2025-05-21T12:46:26.219+0000][gc,phases   ] GC(70)   Other: 0.3ms
[2025-05-21T12:46:26.219+0000][gc,heap     ] GC(70) Eden regions: 599->0(598)
[2025-05-21T12:46:26.219+0000][gc,heap     ] GC(70) Survivor regions: 15->16(77)
[2025-05-21T12:46:26.220+0000][gc,heap     ] GC(70) Old regions: 38->39
[2025-05-21T12:46:26.220+0000][gc,heap     ] GC(70) Humongous regions: 131->131
[2025-05-21T12:46:26.220+0000][gc,metaspace] GC(70) Metaspace: 16324K(16704K)->16324K(16704K) NonClass: 14502K(14656K)->14502K(14656K) Class: 1821K(2048K)->1821K(2048K)
[2025-05-21T12:46:26.220+0000][gc          ] GC(70) Pause Young (Normal) (G1 Evacuation Pause) 781M->184M(1024M) 16.397ms
[2025-05-21T12:46:26.220+0000][gc,cpu      ] GC(70) User=0.09s Sys=0.02s Real=0.02s
[2025-05-21T12:46:46.485+0000][gc,start    ] GC(71) Pause Young (Normal) (G1 Evacuation Pause)
[2025-05-21T12:46:46.485+0000][gc,task     ] GC(71) Using 10 workers of 10 for evacuation
[2025-05-21T12:46:46.494+0000][gc,phases   ] GC(71)   Pre Evacuate Collection Set: 0.3ms
[2025-05-21T12:46:46.495+0000][gc,phases   ] GC(71)   Merge Heap Roots: 0.2ms
[2025-05-21T12:46:46.495+0000][gc,phases   ] GC(71)   Evacuate Collection Set: 7.3ms
[2025-05-21T12:46:46.495+0000][gc,phases   ] GC(71)   Post Evacuate Collection Set: 1.1ms
[2025-05-21T12:46:46.495+0000][gc,phases   ] GC(71)   Other: 0.2ms
[2025-05-21T12:46:46.495+0000][gc,heap     ] GC(71) Eden regions: 598->0(593)
[2025-05-21T12:46:46.495+0000][gc,heap     ] GC(71) Survivor regions: 16->21(77)
[2025-05-21T12:46:46.495+0000][gc,heap     ] GC(71) Old regions: 39->40
[2025-05-21T12:46:46.496+0000][gc,heap     ] GC(71) Humongous regions: 131->131
[2025-05-21T12:46:46.496+0000][gc,metaspace] GC(71) Metaspace: 16328K(16768K)->16328K(16768K) NonClass: 14507K(14720K)->14507K(14720K) Class: 1821K(2048K)->1821K(2048K)
[2025-05-21T12:46:46.496+0000][gc          ] GC(71) Pause Young (Normal) (G1 Evacuation Pause) 782M->191M(1024M) 11.074ms
[2025-05-21T12:46:46.496+0000][gc,cpu      ] GC(71) User=0.07s Sys=0.00s Real=0.01s
[2025-05-21T12:47:06.650+0000][gc,start    ] GC(72) Pause Young (Normal) (G1 Evacuation Pause)
[2025-05-21T12:47:06.652+0000][gc,task     ] GC(72) Using 10 workers of 10 for evacuation
[2025-05-21T12:47:06.681+0000][gc,phases   ] GC(72)   Pre Evacuate Collection Set: 0.4ms
[2025-05-21T12:47:06.681+0000][gc,phases   ] GC(72)   Merge Heap Roots: 0.2ms
[2025-05-21T12:47:06.681+0000][gc,phases   ] GC(72)   Evacuate Collection Set: 23.8ms
[2025-05-21T12:47:06.681+0000][gc,phases   ] GC(72)   Post Evacuate Collection Set: 1.2ms
[2025-05-21T12:47:06.681+0000][gc,phases   ] GC(72)   Other: 3.4ms
[2025-05-21T12:47:06.681+0000][gc,heap     ] GC(72) Eden regions: 593->0(591)
[2025-05-21T12:47:06.682+0000][gc,heap     ] GC(72) Survivor regions: 21->23(77)
[2025-05-21T12:47:06.682+0000][gc,heap     ] GC(72) Old regions: 40->41
[2025-05-21T12:47:06.682+0000][gc,heap     ] GC(72) Humongous regions: 131->131
[2025-05-21T12:47:06.682+0000][gc,metaspace] GC(72) Metaspace: 16335K(16768K)->16335K(16768K) NonClass: 14514K(14720K)->14514K(14720K) Class: 1821K(2048K)->1821K(2048K)
[2025-05-21T12:47:06.682+0000][gc          ] GC(72) Pause Young (Normal) (G1 Evacuation Pause) 784M->193M(1024M) 31.767ms
[2025-05-21T12:47:06.682+0000][gc,cpu      ] GC(72) User=0.07s Sys=0.08s Real=0.04s
[2025-05-21T12:47:29.968+0000][gc,start    ] GC(73) Pause Young (Normal) (G1 Evacuation Pause)
[2025-05-21T12:47:29.968+0000][gc,task     ] GC(73) Using 10 workers of 10 for evacuation
[2025-05-21T12:47:29.975+0000][gc,phases   ] GC(73)   Pre Evacuate Collection Set: 0.3ms
[2025-05-21T12:47:29.976+0000][gc,phases   ] GC(73)   Merge Heap Roots: 0.2ms
[2025-05-21T12:47:29.976+0000][gc,phases   ] GC(73)   Evacuate Collection Set: 4.9ms
[2025-05-21T12:47:29.976+0000][gc,phases   ] GC(73)   Post Evacuate Collection Set: 1.3ms
[2025-05-21T12:47:29.976+0000][gc,phases   ] GC(73)   Other: 0.7ms
[2025-05-21T12:47:29.976+0000][gc,heap     ] GC(73) Eden regions: 591->0(599)
[2025-05-21T12:47:29.976+0000][gc,heap     ] GC(73) Survivor regions: 23->15(77)
[2025-05-21T12:47:29.976+0000][gc,heap     ] GC(73) Old regions: 41->41
[2025-05-21T12:47:29.977+0000][gc,heap     ] GC(73) Humongous regions: 131->131
[2025-05-21T12:47:29.977+0000][gc,metaspace] GC(73) Metaspace: 16375K(16768K)->16375K(16768K) NonClass: 14553K(14720K)->14553K(14720K) Class: 1821K(2048K)->1821K(2048K)
[2025-05-21T12:47:29.977+0000][gc          ] GC(73) Pause Young (Normal) (G1 Evacuation Pause) 784M->186M(1024M) 9.412ms
[2025-05-21T12:47:29.977+0000][gc,cpu      ] GC(73) User=0.05s Sys=0.00s Real=0.01s
[2025-05-21T12:47:55.906+0000][gc,start    ] GC(74) Pause Young (Normal) (G1 Evacuation Pause)
[2025-05-21T12:47:55.908+0000][gc,task     ] GC(74) Using 10 workers of 10 for evacuation
[2025-05-21T12:47:55.928+0000][gc,phases   ] GC(74)   Pre Evacuate Collection Set: 1.0ms
[2025-05-21T12:47:55.933+0000][gc,phases   ] GC(74)   Merge Heap Roots: 1.2ms
[2025-05-21T12:47:55.933+0000][gc,phases   ] GC(74)   Evacuate Collection Set: 16.0ms
[2025-05-21T12:47:55.934+0000][gc,phases   ] GC(74)   Post Evacuate Collection Set: 1.5ms
[2025-05-21T12:47:55.934+0000][gc,phases   ] GC(74)   Other: 0.8ms
[2025-05-21T12:47:55.935+0000][gc,heap     ] GC(74) Eden regions: 599->0(597)
[2025-05-21T12:47:55.936+0000][gc,heap     ] GC(74) Survivor regions: 15->17(77)
[2025-05-21T12:47:55.936+0000][gc,heap     ] GC(74) Old regions: 41->42
[2025-05-21T12:47:55.937+0000][gc,heap     ] GC(74) Humongous regions: 131->131
[2025-05-21T12:47:55.937+0000][gc,metaspace] GC(74) Metaspace: 16499K(16960K)->16499K(16960K) NonClass: 14641K(14848K)->14641K(14848K) Class: 1857K(2112K)->1857K(2112K)
[2025-05-21T12:47:55.938+0000][gc          ] GC(74) Pause Young (Normal) (G1 Evacuation Pause) 785M->189M(1024M) 31.650ms
[2025-05-21T12:47:55.938+0000][gc,cpu      ] GC(74) User=0.10s Sys=0.01s Real=0.03s
[2025-05-21T12:47:58.781+0000][gc,heap,exit] Heap
[2025-05-21T12:47:58.781+0000][gc,heap,exit]  garbage-first heap   total 1048576K, used 235872K [0x00000000c0000000, 0x0000000100000000)
[2025-05-21T12:47:58.781+0000][gc,heap,exit]   region size 1024K, 58 young (59392K), 17 survivors (17408K)
[2025-05-21T12:47:58.781+0000][gc,heap,exit]  Metaspace       used 17240K, committed 17664K, reserved 1114112K
[2025-05-21T12:47:58.781+0000][gc,heap,exit]   class space    used 2024K, committed 2240K, reserved 1048576K
