[2025-05-20T14:42:26.577+0000][gc,init] CardTable entry size: 512
[2025-05-20T14:42:26.580+0000][gc     ] Using G1
[2025-05-20T14:42:26.627+0000][gc,init] Version: 21.0.4+7-LTS (release)
[2025-05-20T14:42:26.627+0000][gc,init] CPUs: 12 total, 12 available
[2025-05-20T14:42:26.629+0000][gc,init] Memory: 15597M
[2025-05-20T14:42:26.630+0000][gc,init] Large Page Support: Disabled
[2025-05-20T14:42:26.630+0000][gc,init] NUMA Support: Disabled
[2025-05-20T14:42:26.630+0000][gc,init] Compressed Oops: Enabled (32-bit)
[2025-05-20T14:42:26.631+0000][gc,init] Heap Region Size: 1M
[2025-05-20T14:42:26.631+0000][gc,init] Heap Min Capacity: 1G
[2025-05-20T14:42:26.631+0000][gc,init] Heap Initial Capacity: 1G
[2025-05-20T14:42:26.631+0000][gc,init] Heap Max Capacity: 1G
[2025-05-20T14:42:26.631+0000][gc,init] Pre-touch: Disabled
[2025-05-20T14:42:26.632+0000][gc,init] Parallel Workers: 10
[2025-05-20T14:42:26.632+0000][gc,init] Concurrent Workers: 3
[2025-05-20T14:42:26.632+0000][gc,init] Concurrent Refinement Workers: 10
[2025-05-20T14:42:26.632+0000][gc,init] Periodic GC: Disabled
[2025-05-20T14:42:26.734+0000][gc,metaspace] CDS archive(s) mapped at: [0x00007f1d6c000000-0x00007f1d6cbbe000-0x00007f1d6f674000), size 57098240, SharedBaseAddress: 0x00007f1d6c000000, ArchiveRelocationMode: 1.
[2025-05-20T14:42:26.742+0000][gc,metaspace] Compressed class space mapped at: 0x00007f1d70000000-0x00007f1db0000000, reserved size: 1073741824
[2025-05-20T14:42:26.743+0000][gc,metaspace] Narrow klass base: 0x00007f1d6c000000, Narrow klass shift: 0, Narrow klass range: 0x100000000
[2025-05-20T14:42:29.927+0000][gc,start    ] GC(0) Pause Young (Normal) (G1 Evacuation Pause)
[2025-05-20T14:42:29.929+0000][gc,task     ] GC(0) Using 10 workers of 10 for evacuation
[2025-05-20T14:42:29.952+0000][gc,phases   ] GC(0)   Pre Evacuate Collection Set: 0.2ms
[2025-05-20T14:42:29.952+0000][gc,phases   ] GC(0)   Merge Heap Roots: 0.1ms
[2025-05-20T14:42:29.952+0000][gc,phases   ] GC(0)   Evacuate Collection Set: 21.3ms
[2025-05-20T14:42:29.952+0000][gc,phases   ] GC(0)   Post Evacuate Collection Set: 1.2ms
[2025-05-20T14:42:29.953+0000][gc,phases   ] GC(0)   Other: 1.2ms
[2025-05-20T14:42:29.953+0000][gc,heap     ] GC(0) Eden regions: 51->0(44)
[2025-05-20T14:42:29.953+0000][gc,heap     ] GC(0) Survivor regions: 0->7(7)
[2025-05-20T14:42:29.953+0000][gc,heap     ] GC(0) Old regions: 1->6
[2025-05-20T14:42:29.953+0000][gc,heap     ] GC(0) Humongous regions: 1->1
[2025-05-20T14:42:29.953+0000][gc,metaspace] GC(0) Metaspace: 5404K(5568K)->5404K(5568K) NonClass: 4765K(4864K)->4765K(4864K) Class: 639K(704K)->639K(704K)
[2025-05-20T14:42:29.954+0000][gc          ] GC(0) Pause Young (Normal) (G1 Evacuation Pause) 52M->13M(1024M) 26.100ms
[2025-05-20T14:42:29.954+0000][gc,cpu      ] GC(0) User=0.03s Sys=0.04s Real=0.02s
[2025-05-20T14:42:34.311+0000][gc,start    ] GC(1) Pause Young (Normal) (G1 Evacuation Pause)
[2025-05-20T14:42:34.312+0000][gc,task     ] GC(1) Using 10 workers of 10 for evacuation
[2025-05-20T14:42:34.326+0000][gc,phases   ] GC(1)   Pre Evacuate Collection Set: 0.3ms
[2025-05-20T14:42:34.326+0000][gc,phases   ] GC(1)   Merge Heap Roots: 0.2ms
[2025-05-20T14:42:34.326+0000][gc,phases   ] GC(1)   Evacuate Collection Set: 12.0ms
[2025-05-20T14:42:34.326+0000][gc,phases   ] GC(1)   Post Evacuate Collection Set: 1.4ms
[2025-05-20T14:42:34.326+0000][gc,phases   ] GC(1)   Other: 0.3ms
[2025-05-20T14:42:34.327+0000][gc,heap     ] GC(1) Eden regions: 44->0(62)
[2025-05-20T14:42:34.327+0000][gc,heap     ] GC(1) Survivor regions: 7->3(7)
[2025-05-20T14:42:34.327+0000][gc,heap     ] GC(1) Old regions: 6->13
[2025-05-20T14:42:34.327+0000][gc,heap     ] GC(1) Humongous regions: 1->1
[2025-05-20T14:42:34.327+0000][gc,metaspace] GC(1) Metaspace: 7639K(7936K)->7639K(7936K) NonClass: 6810K(6976K)->6810K(6976K) Class: 828K(960K)->828K(960K)
[2025-05-20T14:42:34.327+0000][gc          ] GC(1) Pause Young (Normal) (G1 Evacuation Pause) 57M->16M(1024M) 16.002ms
[2025-05-20T14:42:34.327+0000][gc,cpu      ] GC(1) User=0.03s Sys=0.02s Real=0.02s
[2025-05-20T14:42:34.905+0000][gc,start    ] GC(2) Pause Young (Normal) (G1 Evacuation Pause)
[2025-05-20T14:42:34.905+0000][gc,task     ] GC(2) Using 10 workers of 10 for evacuation
[2025-05-20T14:42:34.913+0000][gc,phases   ] GC(2)   Pre Evacuate Collection Set: 0.3ms
[2025-05-20T14:42:34.913+0000][gc,phases   ] GC(2)   Merge Heap Roots: 0.2ms
[2025-05-20T14:42:34.914+0000][gc,phases   ] GC(2)   Evacuate Collection Set: 6.8ms
[2025-05-20T14:42:34.914+0000][gc,phases   ] GC(2)   Post Evacuate Collection Set: 0.6ms
[2025-05-20T14:42:34.914+0000][gc,phases   ] GC(2)   Other: 0.3ms
[2025-05-20T14:42:34.914+0000][gc,heap     ] GC(2) Eden regions: 68->0(608)
[2025-05-20T14:42:34.914+0000][gc,heap     ] GC(2) Survivor regions: 3->6(9)
[2025-05-20T14:42:34.915+0000][gc,heap     ] GC(2) Old regions: 13->13
[2025-05-20T14:42:34.915+0000][gc,heap     ] GC(2) Humongous regions: 1->1
[2025-05-20T14:42:34.915+0000][gc,metaspace] GC(2) Metaspace: 8692K(9024K)->8692K(9024K) NonClass: 7713K(7872K)->7713K(7872K) Class: 979K(1152K)->979K(1152K)
[2025-05-20T14:42:34.915+0000][gc          ] GC(2) Pause Young (Normal) (G1 Evacuation Pause) 84M->19M(1024M) 10.516ms
[2025-05-20T14:42:34.915+0000][gc,cpu      ] GC(2) User=0.05s Sys=0.00s Real=0.01s
[2025-05-20T14:43:00.042+0000][gc,start    ] GC(3) Pause Young (Normal) (G1 Evacuation Pause)
[2025-05-20T14:43:00.042+0000][gc,task     ] GC(3) Using 10 workers of 10 for evacuation
[2025-05-20T14:43:00.051+0000][gc,phases   ] GC(3)   Pre Evacuate Collection Set: 0.6ms
[2025-05-20T14:43:00.051+0000][gc,phases   ] GC(3)   Merge Heap Roots: 0.2ms
[2025-05-20T14:43:00.051+0000][gc,phases   ] GC(3)   Evacuate Collection Set: 6.3ms
[2025-05-20T14:43:00.051+0000][gc,phases   ] GC(3)   Post Evacuate Collection Set: 1.1ms
[2025-05-20T14:43:00.051+0000][gc,phases   ] GC(3)   Other: 0.3ms
[2025-05-20T14:43:00.052+0000][gc,heap     ] GC(3) Eden regions: 608->0(609)
[2025-05-20T14:43:00.052+0000][gc,heap     ] GC(3) Survivor regions: 6->5(77)
[2025-05-20T14:43:00.052+0000][gc,heap     ] GC(3) Old regions: 13->13
[2025-05-20T14:43:00.052+0000][gc,heap     ] GC(3) Humongous regions: 1->1
[2025-05-20T14:43:00.052+0000][gc,metaspace] GC(3) Metaspace: 9914K(10304K)->9914K(10304K) NonClass: 8849K(9024K)->8849K(9024K) Class: 1064K(1280K)->1064K(1280K)
[2025-05-20T14:43:00.052+0000][gc          ] GC(3) Pause Young (Normal) (G1 Evacuation Pause) 627M->18M(1024M) 10.071ms
[2025-05-20T14:43:00.052+0000][gc,cpu      ] GC(3) User=0.00s Sys=0.07s Real=0.01s
[2025-05-20T14:43:24.057+0000][gc,start    ] GC(4) Pause Young (Normal) (G1 Evacuation Pause)
[2025-05-20T14:43:24.057+0000][gc,task     ] GC(4) Using 10 workers of 10 for evacuation
[2025-05-20T14:43:24.061+0000][gc,phases   ] GC(4)   Pre Evacuate Collection Set: 0.3ms
[2025-05-20T14:43:24.061+0000][gc,phases   ] GC(4)   Merge Heap Roots: 0.2ms
[2025-05-20T14:43:24.062+0000][gc,phases   ] GC(4)   Evacuate Collection Set: 2.5ms
[2025-05-20T14:43:24.062+0000][gc,phases   ] GC(4)   Post Evacuate Collection Set: 1.0ms
[2025-05-20T14:43:24.062+0000][gc,phases   ] GC(4)   Other: 0.3ms
[2025-05-20T14:43:24.062+0000][gc,heap     ] GC(4) Eden regions: 609->0(609)
[2025-05-20T14:43:24.062+0000][gc,heap     ] GC(4) Survivor regions: 5->5(77)
[2025-05-20T14:43:24.062+0000][gc,heap     ] GC(4) Old regions: 13->13
[2025-05-20T14:43:24.063+0000][gc,heap     ] GC(4) Humongous regions: 1->1
[2025-05-20T14:43:24.063+0000][gc,metaspace] GC(4) Metaspace: 10140K(10496K)->10140K(10496K) NonClass: 9070K(9216K)->9070K(9216K) Class: 1069K(1280K)->1069K(1280K)
[2025-05-20T14:43:24.063+0000][gc          ] GC(4) Pause Young (Normal) (G1 Evacuation Pause) 627M->18M(1024M) 6.296ms
[2025-05-20T14:43:24.063+0000][gc,cpu      ] GC(4) User=0.02s Sys=0.01s Real=0.00s
[2025-05-20T14:44:14.222+0000][gc,start    ] GC(5) Pause Young (Normal) (G1 Evacuation Pause)
[2025-05-20T14:44:14.223+0000][gc,task     ] GC(5) Using 10 workers of 10 for evacuation
[2025-05-20T14:44:14.228+0000][gc,phases   ] GC(5)   Pre Evacuate Collection Set: 0.4ms
[2025-05-20T14:44:14.229+0000][gc,phases   ] GC(5)   Merge Heap Roots: 0.2ms
[2025-05-20T14:44:14.229+0000][gc,phases   ] GC(5)   Evacuate Collection Set: 3.4ms
[2025-05-20T14:44:14.229+0000][gc,phases   ] GC(5)   Post Evacuate Collection Set: 1.1ms
[2025-05-20T14:44:14.229+0000][gc,phases   ] GC(5)   Other: 0.4ms
[2025-05-20T14:44:14.229+0000][gc,heap     ] GC(5) Eden regions: 609->0(607)
[2025-05-20T14:44:14.229+0000][gc,heap     ] GC(5) Survivor regions: 5->7(77)
[2025-05-20T14:44:14.229+0000][gc,heap     ] GC(5) Old regions: 13->13
[2025-05-20T14:44:14.229+0000][gc,heap     ] GC(5) Humongous regions: 1->1
[2025-05-20T14:44:14.229+0000][gc,metaspace] GC(5) Metaspace: 10446K(10752K)->10446K(10752K) NonClass: 9362K(9472K)->9362K(9472K) Class: 1084K(1280K)->1084K(1280K)
[2025-05-20T14:44:14.230+0000][gc          ] GC(5) Pause Young (Normal) (G1 Evacuation Pause) 627M->20M(1024M) 7.197ms
[2025-05-20T14:44:14.230+0000][gc,cpu      ] GC(5) User=0.02s Sys=0.01s Real=0.01s
[2025-05-20T14:45:00.204+0000][gc,heap,exit] Heap
[2025-05-20T14:45:00.204+0000][gc,heap,exit]  garbage-first heap   total 1048576K, used 436497K [0x00000000c0000000, 0x0000000100000000)
[2025-05-20T14:45:00.204+0000][gc,heap,exit]   region size 1024K, 414 young (423936K), 7 survivors (7168K)
[2025-05-20T14:45:00.204+0000][gc,heap,exit]  Metaspace       used 10930K, committed 11328K, reserved 1114112K
[2025-05-20T14:45:00.205+0000][gc,heap,exit]   class space    used 1157K, committed 1344K, reserved 1048576K
