[2025-05-20T23:12:48.417+0000][gc,init] CardTable entry size: 512
[2025-05-20T23:12:48.418+0000][gc     ] Using G1
[2025-05-20T23:12:48.445+0000][gc,init] Version: 21.0.4+7-LTS (release)
[2025-05-20T23:12:48.446+0000][gc,init] CPUs: 12 total, 12 available
[2025-05-20T23:12:48.451+0000][gc,init] Memory: 15597M
[2025-05-20T23:12:48.452+0000][gc,init] Large Page Support: Disabled
[2025-05-20T23:12:48.454+0000][gc,init] NUMA Support: Disabled
[2025-05-20T23:12:48.459+0000][gc,init] Compressed Oops: Enabled (32-bit)
[2025-05-20T23:12:48.459+0000][gc,init] Heap Region Size: 1M
[2025-05-20T23:12:48.460+0000][gc,init] Heap Min Capacity: 1G
[2025-05-20T23:12:48.460+0000][gc,init] Heap Initial Capacity: 1G
[2025-05-20T23:12:48.461+0000][gc,init] Heap Max Capacity: 1G
[2025-05-20T23:12:48.461+0000][gc,init] Pre-touch: Disabled
[2025-05-20T23:12:48.461+0000][gc,init] Parallel Workers: 10
[2025-05-20T23:12:48.461+0000][gc,init] Concurrent Workers: 3
[2025-05-20T23:12:48.464+0000][gc,init] Concurrent Refinement Workers: 10
[2025-05-20T23:12:48.470+0000][gc,init] Periodic GC: Disabled
[2025-05-20T23:12:48.648+0000][gc,metaspace] CDS archive(s) mapped at: [0x00007f0dd7000000-0x00007f0dd7bbe000-0x00007f0dda674000), size 57098240, SharedBaseAddress: 0x00007f0dd7000000, ArchiveRelocationMode: 1.
[2025-05-20T23:12:48.651+0000][gc,metaspace] Compressed class space mapped at: 0x00007f0ddb000000-0x00007f0e1b000000, reserved size: 1073741824
[2025-05-20T23:12:48.654+0000][gc,metaspace] Narrow klass base: 0x00007f0dd7000000, Narrow klass shift: 0, Narrow klass range: 0x100000000
[2025-05-20T23:12:54.874+0000][gc,start    ] GC(0) Pause Young (Normal) (G1 Evacuation Pause)
[2025-05-20T23:12:54.928+0000][gc,task     ] GC(0) Using 10 workers of 10 for evacuation
[2025-05-20T23:12:54.994+0000][gc,phases   ] GC(0)   Pre Evacuate Collection Set: 0.6ms
[2025-05-20T23:12:54.994+0000][gc,phases   ] GC(0)   Merge Heap Roots: 0.3ms
[2025-05-20T23:12:54.995+0000][gc,phases   ] GC(0)   Evacuate Collection Set: 48.4ms
[2025-05-20T23:12:54.996+0000][gc,phases   ] GC(0)   Post Evacuate Collection Set: 16.4ms
[2025-05-20T23:12:54.996+0000][gc,phases   ] GC(0)   Other: 51.8ms
[2025-05-20T23:12:54.996+0000][gc,heap     ] GC(0) Eden regions: 51->0(44)
[2025-05-20T23:12:54.996+0000][gc,heap     ] GC(0) Survivor regions: 0->7(7)
[2025-05-20T23:12:54.997+0000][gc,heap     ] GC(0) Old regions: 1->6
[2025-05-20T23:12:54.997+0000][gc,heap     ] GC(0) Humongous regions: 1->1
[2025-05-20T23:12:54.997+0000][gc,metaspace] GC(0) Metaspace: 5946K(6144K)->5946K(6144K) NonClass: 5288K(5376K)->5288K(5376K) Class: 657K(768K)->657K(768K)
[2025-05-20T23:12:54.998+0000][gc          ] GC(0) Pause Young (Normal) (G1 Evacuation Pause) 52M->13M(1024M) 124.491ms
[2025-05-20T23:12:54.998+0000][gc,cpu      ] GC(0) User=0.10s Sys=0.05s Real=0.13s
[2025-05-20T23:12:56.332+0000][gc,start    ] GC(1) Pause Young (Normal) (G1 Evacuation Pause)
[2025-05-20T23:12:56.333+0000][gc,task     ] GC(1) Using 10 workers of 10 for evacuation
[2025-05-20T23:12:56.376+0000][gc,phases   ] GC(1)   Pre Evacuate Collection Set: 0.4ms
[2025-05-20T23:12:56.377+0000][gc,phases   ] GC(1)   Merge Heap Roots: 0.1ms
[2025-05-20T23:12:56.378+0000][gc,phases   ] GC(1)   Evacuate Collection Set: 41.2ms
[2025-05-20T23:12:56.378+0000][gc,phases   ] GC(1)   Post Evacuate Collection Set: 1.2ms
[2025-05-20T23:12:56.378+0000][gc,phases   ] GC(1)   Other: 0.5ms
[2025-05-20T23:12:56.379+0000][gc,heap     ] GC(1) Eden regions: 44->0(54)
[2025-05-20T23:12:56.379+0000][gc,heap     ] GC(1) Survivor regions: 7->4(7)
[2025-05-20T23:12:56.379+0000][gc,heap     ] GC(1) Old regions: 6->14
[2025-05-20T23:12:56.379+0000][gc,heap     ] GC(1) Humongous regions: 1->1
[2025-05-20T23:12:56.380+0000][gc,metaspace] GC(1) Metaspace: 7238K(7488K)->7238K(7488K) NonClass: 6377K(6528K)->6377K(6528K) Class: 860K(960K)->860K(960K)
[2025-05-20T23:12:56.380+0000][gc          ] GC(1) Pause Young (Normal) (G1 Evacuation Pause) 57M->17M(1024M) 47.888ms
[2025-05-20T23:12:56.380+0000][gc,cpu      ] GC(1) User=0.06s Sys=0.02s Real=0.05s
[2025-05-20T23:12:58.128+0000][gc,start    ] GC(2) Pause Young (Normal) (G1 Evacuation Pause)
[2025-05-20T23:12:58.132+0000][gc,task     ] GC(2) Using 10 workers of 10 for evacuation
[2025-05-20T23:12:58.173+0000][gc,phases   ] GC(2)   Pre Evacuate Collection Set: 0.3ms
[2025-05-20T23:12:58.174+0000][gc,phases   ] GC(2)   Merge Heap Roots: 0.1ms
[2025-05-20T23:12:58.175+0000][gc,phases   ] GC(2)   Evacuate Collection Set: 36.3ms
[2025-05-20T23:12:58.175+0000][gc,phases   ] GC(2)   Post Evacuate Collection Set: 0.8ms
[2025-05-20T23:12:58.175+0000][gc,phases   ] GC(2)   Other: 2.8ms
[2025-05-20T23:12:58.176+0000][gc,heap     ] GC(2) Eden regions: 58->0(227)
[2025-05-20T23:12:58.176+0000][gc,heap     ] GC(2) Survivor regions: 4->6(8)
[2025-05-20T23:12:58.176+0000][gc,heap     ] GC(2) Old regions: 14->14
[2025-05-20T23:12:58.177+0000][gc,heap     ] GC(2) Humongous regions: 1->1
[2025-05-20T23:12:58.178+0000][gc,metaspace] GC(2) Metaspace: 8991K(9280K)->8991K(9280K) NonClass: 7932K(8064K)->7932K(8064K) Class: 1058K(1216K)->1058K(1216K)
[2025-05-20T23:12:58.179+0000][gc          ] GC(2) Pause Young (Normal) (G1 Evacuation Pause) 75M->20M(1024M) 50.300ms
[2025-05-20T23:12:58.179+0000][gc,cpu      ] GC(2) User=0.07s Sys=0.00s Real=0.05s
[2025-05-20T23:13:24.267+0000][gc,start    ] GC(3) Pause Young (Normal) (G1 Evacuation Pause)
[2025-05-20T23:13:24.267+0000][gc,task     ] GC(3) Using 10 workers of 10 for evacuation
[2025-05-20T23:13:24.277+0000][gc,phases   ] GC(3)   Pre Evacuate Collection Set: 0.4ms
[2025-05-20T23:13:24.277+0000][gc,phases   ] GC(3)   Merge Heap Roots: 0.2ms
[2025-05-20T23:13:24.277+0000][gc,phases   ] GC(3)   Evacuate Collection Set: 7.4ms
[2025-05-20T23:13:24.277+0000][gc,phases   ] GC(3)   Post Evacuate Collection Set: 1.1ms
[2025-05-20T23:13:24.277+0000][gc,phases   ] GC(3)   Other: 0.3ms
[2025-05-20T23:13:24.277+0000][gc,heap     ] GC(3) Eden regions: 239->0(407)
[2025-05-20T23:13:24.278+0000][gc,heap     ] GC(3) Survivor regions: 6->8(31)
[2025-05-20T23:13:24.278+0000][gc,heap     ] GC(3) Old regions: 14->14
[2025-05-20T23:13:24.278+0000][gc,heap     ] GC(3) Humongous regions: 1->1
[2025-05-20T23:13:24.278+0000][gc,metaspace] GC(3) Metaspace: 9903K(10240K)->9903K(10240K) NonClass: 8800K(8960K)->8800K(8960K) Class: 1103K(1280K)->1103K(1280K)
[2025-05-20T23:13:24.278+0000][gc          ] GC(3) Pause Young (Normal) (G1 Evacuation Pause) 259M->21M(1024M) 11.114ms
[2025-05-20T23:13:24.278+0000][gc,cpu      ] GC(3) User=0.03s Sys=0.01s Real=0.01s
[2025-05-20T23:14:14.062+0000][gc,start    ] GC(4) Pause Young (Normal) (G1 Evacuation Pause)
[2025-05-20T23:14:14.062+0000][gc,task     ] GC(4) Using 10 workers of 10 for evacuation
[2025-05-20T23:14:14.070+0000][gc,phases   ] GC(4)   Pre Evacuate Collection Set: 0.6ms
[2025-05-20T23:14:14.070+0000][gc,phases   ] GC(4)   Merge Heap Roots: 0.2ms
[2025-05-20T23:14:14.070+0000][gc,phases   ] GC(4)   Evacuate Collection Set: 5.2ms
[2025-05-20T23:14:14.070+0000][gc,phases   ] GC(4)   Post Evacuate Collection Set: 1.0ms
[2025-05-20T23:14:14.071+0000][gc,phases   ] GC(4)   Other: 0.3ms
[2025-05-20T23:14:14.071+0000][gc,heap     ] GC(4) Eden regions: 412->0(606)
[2025-05-20T23:14:14.071+0000][gc,heap     ] GC(4) Survivor regions: 8->8(53)
[2025-05-20T23:14:14.071+0000][gc,heap     ] GC(4) Old regions: 14->14
[2025-05-20T23:14:14.071+0000][gc,heap     ] GC(4) Humongous regions: 1->1
[2025-05-20T23:14:14.071+0000][gc,metaspace] GC(4) Metaspace: 10365K(10688K)->10365K(10688K) NonClass: 9249K(9408K)->9249K(9408K) Class: 1116K(1280K)->1116K(1280K)
[2025-05-20T23:14:14.072+0000][gc          ] GC(4) Pause Young (Normal) (G1 Evacuation Pause) 433M->21M(1024M) 9.928ms
[2025-05-20T23:14:14.072+0000][gc,cpu      ] GC(4) User=0.04s Sys=0.01s Real=0.01s
[2025-05-20T23:15:14.367+0000][gc,start    ] GC(5) Pause Young (Normal) (G1 Evacuation Pause)
[2025-05-20T23:15:14.367+0000][gc,task     ] GC(5) Using 10 workers of 10 for evacuation
[2025-05-20T23:15:14.375+0000][gc,phases   ] GC(5)   Pre Evacuate Collection Set: 0.3ms
[2025-05-20T23:15:14.375+0000][gc,phases   ] GC(5)   Merge Heap Roots: 0.2ms
[2025-05-20T23:15:14.375+0000][gc,phases   ] GC(5)   Evacuate Collection Set: 5.4ms
[2025-05-20T23:15:14.375+0000][gc,phases   ] GC(5)   Post Evacuate Collection Set: 1.0ms
[2025-05-20T23:15:14.375+0000][gc,phases   ] GC(5)   Other: 0.4ms
[2025-05-20T23:15:14.375+0000][gc,heap     ] GC(5) Eden regions: 606->0(605)
[2025-05-20T23:15:14.376+0000][gc,heap     ] GC(5) Survivor regions: 8->9(77)
[2025-05-20T23:15:14.376+0000][gc,heap     ] GC(5) Old regions: 14->14
[2025-05-20T23:15:14.376+0000][gc,heap     ] GC(5) Humongous regions: 1->1
[2025-05-20T23:15:14.376+0000][gc,metaspace] GC(5) Metaspace: 10659K(11008K)->10659K(11008K) NonClass: 9540K(9664K)->9540K(9664K) Class: 1119K(1344K)->1119K(1344K)
[2025-05-20T23:15:14.376+0000][gc          ] GC(5) Pause Young (Normal) (G1 Evacuation Pause) 627M->22M(1024M) 9.041ms
[2025-05-20T23:15:14.376+0000][gc,cpu      ] GC(5) User=0.03s Sys=0.01s Real=0.01s
[2025-05-20T23:16:24.255+0000][gc,start    ] GC(6) Pause Young (Normal) (G1 Evacuation Pause)
[2025-05-20T23:16:24.256+0000][gc,task     ] GC(6) Using 10 workers of 10 for evacuation
[2025-05-20T23:16:24.260+0000][gc,phases   ] GC(6)   Pre Evacuate Collection Set: 0.4ms
[2025-05-20T23:16:24.260+0000][gc,phases   ] GC(6)   Merge Heap Roots: 0.2ms
[2025-05-20T23:16:24.260+0000][gc,phases   ] GC(6)   Evacuate Collection Set: 2.4ms
[2025-05-20T23:16:24.260+0000][gc,phases   ] GC(6)   Post Evacuate Collection Set: 0.9ms
[2025-05-20T23:16:24.261+0000][gc,phases   ] GC(6)   Other: 0.4ms
[2025-05-20T23:16:24.261+0000][gc,heap     ] GC(6) Eden regions: 605->0(606)
[2025-05-20T23:16:24.261+0000][gc,heap     ] GC(6) Survivor regions: 9->8(77)
[2025-05-20T23:16:24.261+0000][gc,heap     ] GC(6) Old regions: 14->14
[2025-05-20T23:16:24.261+0000][gc,heap     ] GC(6) Humongous regions: 1->1
[2025-05-20T23:16:24.261+0000][gc,metaspace] GC(6) Metaspace: 10855K(11264K)->10855K(11264K) NonClass: 9728K(9920K)->9728K(9920K) Class: 1127K(1344K)->1127K(1344K)
[2025-05-20T23:16:24.262+0000][gc          ] GC(6) Pause Young (Normal) (G1 Evacuation Pause) 627M->22M(1024M) 6.428ms
[2025-05-20T23:16:24.262+0000][gc,cpu      ] GC(6) User=0.02s Sys=0.01s Real=0.01s
[2025-05-20T23:17:34.160+0000][gc,start    ] GC(7) Pause Young (Normal) (G1 Evacuation Pause)
[2025-05-20T23:17:34.161+0000][gc,task     ] GC(7) Using 10 workers of 10 for evacuation
[2025-05-20T23:17:34.165+0000][gc,phases   ] GC(7)   Pre Evacuate Collection Set: 0.3ms
[2025-05-20T23:17:34.165+0000][gc,phases   ] GC(7)   Merge Heap Roots: 0.2ms
[2025-05-20T23:17:34.165+0000][gc,phases   ] GC(7)   Evacuate Collection Set: 2.6ms
[2025-05-20T23:17:34.165+0000][gc,phases   ] GC(7)   Post Evacuate Collection Set: 0.9ms
[2025-05-20T23:17:34.166+0000][gc,phases   ] GC(7)   Other: 0.3ms
[2025-05-20T23:17:34.166+0000][gc,heap     ] GC(7) Eden regions: 606->0(606)
[2025-05-20T23:17:34.166+0000][gc,heap     ] GC(7) Survivor regions: 8->8(77)
[2025-05-20T23:17:34.166+0000][gc,heap     ] GC(7) Old regions: 14->14
[2025-05-20T23:17:34.166+0000][gc,heap     ] GC(7) Humongous regions: 1->1
[2025-05-20T23:17:34.166+0000][gc,metaspace] GC(7) Metaspace: 11041K(11456K)->11041K(11456K) NonClass: 9912K(10112K)->9912K(10112K) Class: 1128K(1344K)->1128K(1344K)
[2025-05-20T23:17:34.166+0000][gc          ] GC(7) Pause Young (Normal) (G1 Evacuation Pause) 628M->22M(1024M) 6.139ms
[2025-05-20T23:17:34.167+0000][gc,cpu      ] GC(7) User=0.03s Sys=0.00s Real=0.01s
[2025-05-20T23:18:44.109+0000][gc,start    ] GC(8) Pause Young (Normal) (G1 Evacuation Pause)
[2025-05-20T23:18:44.110+0000][gc,task     ] GC(8) Using 10 workers of 10 for evacuation
[2025-05-20T23:18:44.114+0000][gc,phases   ] GC(8)   Pre Evacuate Collection Set: 0.4ms
[2025-05-20T23:18:44.115+0000][gc,phases   ] GC(8)   Merge Heap Roots: 0.2ms
[2025-05-20T23:18:44.115+0000][gc,phases   ] GC(8)   Evacuate Collection Set: 2.5ms
[2025-05-20T23:18:44.115+0000][gc,phases   ] GC(8)   Post Evacuate Collection Set: 1.1ms
[2025-05-20T23:18:44.115+0000][gc,phases   ] GC(8)   Other: 0.4ms
[2025-05-20T23:18:44.115+0000][gc,heap     ] GC(8) Eden regions: 606->0(606)
[2025-05-20T23:18:44.115+0000][gc,heap     ] GC(8) Survivor regions: 8->8(77)
[2025-05-20T23:18:44.115+0000][gc,heap     ] GC(8) Old regions: 14->14
[2025-05-20T23:18:44.116+0000][gc,heap     ] GC(8) Humongous regions: 1->1
[2025-05-20T23:18:44.116+0000][gc,metaspace] GC(8) Metaspace: 11091K(11456K)->11091K(11456K) NonClass: 9960K(10112K)->9960K(10112K) Class: 1131K(1344K)->1131K(1344K)
[2025-05-20T23:18:44.116+0000][gc          ] GC(8) Pause Young (Normal) (G1 Evacuation Pause) 628M->21M(1024M) 6.686ms
[2025-05-20T23:18:44.116+0000][gc,cpu      ] GC(8) User=0.02s Sys=0.00s Real=0.00s
[2025-05-20T23:19:54.036+0000][gc,start    ] GC(9) Pause Young (Normal) (G1 Evacuation Pause)
[2025-05-20T23:19:54.036+0000][gc,task     ] GC(9) Using 10 workers of 10 for evacuation
[2025-05-20T23:19:54.041+0000][gc,phases   ] GC(9)   Pre Evacuate Collection Set: 0.4ms
[2025-05-20T23:19:54.041+0000][gc,phases   ] GC(9)   Merge Heap Roots: 0.2ms
[2025-05-20T23:19:54.041+0000][gc,phases   ] GC(9)   Evacuate Collection Set: 2.8ms
[2025-05-20T23:19:54.042+0000][gc,phases   ] GC(9)   Post Evacuate Collection Set: 1.1ms
[2025-05-20T23:19:54.042+0000][gc,phases   ] GC(9)   Other: 0.3ms
[2025-05-20T23:19:54.042+0000][gc,heap     ] GC(9) Eden regions: 606->0(606)
[2025-05-20T23:19:54.042+0000][gc,heap     ] GC(9) Survivor regions: 8->8(77)
[2025-05-20T23:19:54.042+0000][gc,heap     ] GC(9) Old regions: 14->14
[2025-05-20T23:19:54.043+0000][gc,heap     ] GC(9) Humongous regions: 1->1
[2025-05-20T23:19:54.043+0000][gc,metaspace] GC(9) Metaspace: 11135K(11520K)->11135K(11520K) NonClass: 10004K(10176K)->10004K(10176K) Class: 1131K(1344K)->1131K(1344K)
[2025-05-20T23:19:54.043+0000][gc          ] GC(9) Pause Young (Normal) (G1 Evacuation Pause) 627M->21M(1024M) 7.392ms
[2025-05-20T23:19:54.043+0000][gc,cpu      ] GC(9) User=0.02s Sys=0.00s Real=0.01s
[2025-05-20T23:20:54.325+0000][gc,start    ] GC(10) Pause Young (Normal) (G1 Evacuation Pause)
[2025-05-20T23:20:54.325+0000][gc,task     ] GC(10) Using 10 workers of 10 for evacuation
[2025-05-20T23:20:54.330+0000][gc,phases   ] GC(10)   Pre Evacuate Collection Set: 0.3ms
[2025-05-20T23:20:54.330+0000][gc,phases   ] GC(10)   Merge Heap Roots: 0.3ms
[2025-05-20T23:20:54.330+0000][gc,phases   ] GC(10)   Evacuate Collection Set: 2.7ms
[2025-05-20T23:20:54.330+0000][gc,phases   ] GC(10)   Post Evacuate Collection Set: 1.0ms
[2025-05-20T23:20:54.330+0000][gc,phases   ] GC(10)   Other: 0.3ms
[2025-05-20T23:20:54.330+0000][gc,heap     ] GC(10) Eden regions: 606->0(605)
[2025-05-20T23:20:54.331+0000][gc,heap     ] GC(10) Survivor regions: 8->9(77)
[2025-05-20T23:20:54.331+0000][gc,heap     ] GC(10) Old regions: 14->14
[2025-05-20T23:20:54.331+0000][gc,heap     ] GC(10) Humongous regions: 1->1
[2025-05-20T23:20:54.331+0000][gc,metaspace] GC(10) Metaspace: 11184K(11584K)->11184K(11584K) NonClass: 10049K(10240K)->10049K(10240K) Class: 1134K(1344K)->1134K(1344K)
[2025-05-20T23:20:54.331+0000][gc          ] GC(10) Pause Young (Normal) (G1 Evacuation Pause) 627M->22M(1024M) 6.709ms
[2025-05-20T23:20:54.332+0000][gc,cpu      ] GC(10) User=0.02s Sys=0.00s Real=0.00s
[2025-05-20T23:22:04.247+0000][gc,start    ] GC(11) Pause Young (Normal) (G1 Evacuation Pause)
[2025-05-20T23:22:04.247+0000][gc,task     ] GC(11) Using 10 workers of 10 for evacuation
[2025-05-20T23:22:04.252+0000][gc,phases   ] GC(11)   Pre Evacuate Collection Set: 0.4ms
[2025-05-20T23:22:04.252+0000][gc,phases   ] GC(11)   Merge Heap Roots: 0.2ms
[2025-05-20T23:22:04.252+0000][gc,phases   ] GC(11)   Evacuate Collection Set: 2.4ms
[2025-05-20T23:22:04.252+0000][gc,phases   ] GC(11)   Post Evacuate Collection Set: 1.1ms
[2025-05-20T23:22:04.252+0000][gc,phases   ] GC(11)   Other: 0.3ms
[2025-05-20T23:22:04.252+0000][gc,heap     ] GC(11) Eden regions: 605->0(606)
[2025-05-20T23:22:04.253+0000][gc,heap     ] GC(11) Survivor regions: 9->8(77)
[2025-05-20T23:22:04.253+0000][gc,heap     ] GC(11) Old regions: 14->14
[2025-05-20T23:22:04.253+0000][gc,heap     ] GC(11) Humongous regions: 1->1
[2025-05-20T23:22:04.253+0000][gc,metaspace] GC(11) Metaspace: 11224K(11584K)->11224K(11584K) NonClass: 10089K(10240K)->10089K(10240K) Class: 1135K(1344K)->1135K(1344K)
[2025-05-20T23:22:04.253+0000][gc          ] GC(11) Pause Young (Normal) (G1 Evacuation Pause) 627M->22M(1024M) 6.019ms
[2025-05-20T23:22:04.253+0000][gc,cpu      ] GC(11) User=0.03s Sys=0.01s Real=0.01s
[2025-05-20T23:23:14.177+0000][gc,start    ] GC(12) Pause Young (Normal) (G1 Evacuation Pause)
[2025-05-20T23:23:14.177+0000][gc,task     ] GC(12) Using 10 workers of 10 for evacuation
[2025-05-20T23:23:14.182+0000][gc,phases   ] GC(12)   Pre Evacuate Collection Set: 0.4ms
[2025-05-20T23:23:14.182+0000][gc,phases   ] GC(12)   Merge Heap Roots: 0.2ms
[2025-05-20T23:23:14.183+0000][gc,phases   ] GC(12)   Evacuate Collection Set: 2.7ms
[2025-05-20T23:23:14.183+0000][gc,phases   ] GC(12)   Post Evacuate Collection Set: 1.0ms
[2025-05-20T23:23:14.183+0000][gc,phases   ] GC(12)   Other: 0.5ms
[2025-05-20T23:23:14.183+0000][gc,heap     ] GC(12) Eden regions: 606->0(606)
[2025-05-20T23:23:14.183+0000][gc,heap     ] GC(12) Survivor regions: 8->8(77)
[2025-05-20T23:23:14.183+0000][gc,heap     ] GC(12) Old regions: 14->14
[2025-05-20T23:23:14.183+0000][gc,heap     ] GC(12) Humongous regions: 1->1
[2025-05-20T23:23:14.184+0000][gc,metaspace] GC(12) Metaspace: 11258K(11648K)->11258K(11648K) NonClass: 10122K(10304K)->10122K(10304K) Class: 1135K(1344K)->1135K(1344K)
[2025-05-20T23:23:14.184+0000][gc          ] GC(12) Pause Young (Normal) (G1 Evacuation Pause) 628M->21M(1024M) 6.867ms
[2025-05-20T23:23:14.184+0000][gc,cpu      ] GC(12) User=0.03s Sys=0.00s Real=0.01s
[2025-05-20T23:24:24.112+0000][gc,start    ] GC(13) Pause Young (Normal) (G1 Evacuation Pause)
[2025-05-20T23:24:24.112+0000][gc,task     ] GC(13) Using 10 workers of 10 for evacuation
[2025-05-20T23:24:24.117+0000][gc,phases   ] GC(13)   Pre Evacuate Collection Set: 0.5ms
[2025-05-20T23:24:24.117+0000][gc,phases   ] GC(13)   Merge Heap Roots: 0.3ms
[2025-05-20T23:24:24.117+0000][gc,phases   ] GC(13)   Evacuate Collection Set: 2.7ms
[2025-05-20T23:24:24.117+0000][gc,phases   ] GC(13)   Post Evacuate Collection Set: 1.0ms
[2025-05-20T23:24:24.118+0000][gc,phases   ] GC(13)   Other: 0.4ms
[2025-05-20T23:24:24.118+0000][gc,heap     ] GC(13) Eden regions: 606->0(606)
[2025-05-20T23:24:24.118+0000][gc,heap     ] GC(13) Survivor regions: 8->8(77)
[2025-05-20T23:24:24.118+0000][gc,heap     ] GC(13) Old regions: 14->14
[2025-05-20T23:24:24.118+0000][gc,heap     ] GC(13) Humongous regions: 1->1
[2025-05-20T23:24:24.118+0000][gc,metaspace] GC(13) Metaspace: 11318K(11712K)->11318K(11712K) NonClass: 10178K(10368K)->10178K(10368K) Class: 1140K(1344K)->1140K(1344K)
[2025-05-20T23:24:24.119+0000][gc          ] GC(13) Pause Young (Normal) (G1 Evacuation Pause) 627M->21M(1024M) 6.975ms
[2025-05-20T23:24:24.119+0000][gc,cpu      ] GC(13) User=0.03s Sys=0.00s Real=0.01s
[2025-05-20T23:25:34.037+0000][gc,start    ] GC(14) Pause Young (Normal) (G1 Evacuation Pause)
[2025-05-20T23:25:34.037+0000][gc,task     ] GC(14) Using 10 workers of 10 for evacuation
[2025-05-20T23:25:34.041+0000][gc,phases   ] GC(14)   Pre Evacuate Collection Set: 0.4ms
[2025-05-20T23:25:34.042+0000][gc,phases   ] GC(14)   Merge Heap Roots: 0.3ms
[2025-05-20T23:25:34.042+0000][gc,phases   ] GC(14)   Evacuate Collection Set: 2.3ms
[2025-05-20T23:25:34.042+0000][gc,phases   ] GC(14)   Post Evacuate Collection Set: 1.1ms
[2025-05-20T23:25:34.042+0000][gc,phases   ] GC(14)   Other: 0.3ms
[2025-05-20T23:25:34.042+0000][gc,heap     ] GC(14) Eden regions: 606->0(606)
[2025-05-20T23:25:34.042+0000][gc,heap     ] GC(14) Survivor regions: 8->8(77)
[2025-05-20T23:25:34.042+0000][gc,heap     ] GC(14) Old regions: 14->14
[2025-05-20T23:25:34.043+0000][gc,heap     ] GC(14) Humongous regions: 1->1
[2025-05-20T23:25:34.043+0000][gc,metaspace] GC(14) Metaspace: 11330K(11712K)->11330K(11712K) NonClass: 10189K(10368K)->10189K(10368K) Class: 1140K(1344K)->1140K(1344K)
[2025-05-20T23:25:34.043+0000][gc          ] GC(14) Pause Young (Normal) (G1 Evacuation Pause) 627M->21M(1024M) 6.034ms
[2025-05-20T23:25:34.043+0000][gc,cpu      ] GC(14) User=0.02s Sys=0.01s Real=0.01s
[2025-05-20T23:26:43.973+0000][gc,start    ] GC(15) Pause Young (Normal) (G1 Evacuation Pause)
[2025-05-20T23:26:43.974+0000][gc,task     ] GC(15) Using 10 workers of 10 for evacuation
[2025-05-20T23:26:43.978+0000][gc,phases   ] GC(15)   Pre Evacuate Collection Set: 0.5ms
[2025-05-20T23:26:43.979+0000][gc,phases   ] GC(15)   Merge Heap Roots: 0.3ms
[2025-05-20T23:26:43.979+0000][gc,phases   ] GC(15)   Evacuate Collection Set: 2.6ms
[2025-05-20T23:26:43.979+0000][gc,phases   ] GC(15)   Post Evacuate Collection Set: 1.2ms
[2025-05-20T23:26:43.979+0000][gc,phases   ] GC(15)   Other: 0.3ms
[2025-05-20T23:26:43.979+0000][gc,heap     ] GC(15) Eden regions: 606->0(607)
[2025-05-20T23:26:43.979+0000][gc,heap     ] GC(15) Survivor regions: 8->7(77)
[2025-05-20T23:26:43.980+0000][gc,heap     ] GC(15) Old regions: 14->14
[2025-05-20T23:26:43.980+0000][gc,heap     ] GC(15) Humongous regions: 1->1
[2025-05-20T23:26:43.980+0000][gc,metaspace] GC(15) Metaspace: 11350K(11712K)->11350K(11712K) NonClass: 10210K(10368K)->10210K(10368K) Class: 1140K(1344K)->1140K(1344K)
[2025-05-20T23:26:43.980+0000][gc          ] GC(15) Pause Young (Normal) (G1 Evacuation Pause) 627M->21M(1024M) 6.764ms
[2025-05-20T23:26:43.980+0000][gc,cpu      ] GC(15) User=0.01s Sys=0.01s Real=0.01s
[2025-05-20T23:27:44.264+0000][gc,start    ] GC(16) Pause Young (Normal) (G1 Evacuation Pause)
[2025-05-20T23:27:44.264+0000][gc,task     ] GC(16) Using 10 workers of 10 for evacuation
[2025-05-20T23:27:44.271+0000][gc,phases   ] GC(16)   Pre Evacuate Collection Set: 0.3ms
[2025-05-20T23:27:44.271+0000][gc,phases   ] GC(16)   Merge Heap Roots: 0.2ms
[2025-05-20T23:27:44.272+0000][gc,phases   ] GC(16)   Evacuate Collection Set: 4.7ms
[2025-05-20T23:27:44.272+0000][gc,phases   ] GC(16)   Post Evacuate Collection Set: 1.2ms
[2025-05-20T23:27:44.272+0000][gc,phases   ] GC(16)   Other: 0.3ms
[2025-05-20T23:27:44.272+0000][gc,heap     ] GC(16) Eden regions: 607->0(608)
[2025-05-20T23:27:44.272+0000][gc,heap     ] GC(16) Survivor regions: 7->6(77)
[2025-05-20T23:27:44.272+0000][gc,heap     ] GC(16) Old regions: 14->17
[2025-05-20T23:27:44.272+0000][gc,heap     ] GC(16) Humongous regions: 1->1
[2025-05-20T23:27:44.272+0000][gc,metaspace] GC(16) Metaspace: 11390K(11776K)->11390K(11776K) NonClass: 10249K(10432K)->10249K(10432K) Class: 1140K(1344K)->1140K(1344K)
[2025-05-20T23:27:44.273+0000][gc          ] GC(16) Pause Young (Normal) (G1 Evacuation Pause) 628M->22M(1024M) 8.684ms
[2025-05-20T23:27:44.273+0000][gc,cpu      ] GC(16) User=0.00s Sys=0.05s Real=0.01s
[2025-05-20T23:28:54.222+0000][gc,start    ] GC(17) Pause Young (Normal) (G1 Evacuation Pause)
[2025-05-20T23:28:54.222+0000][gc,task     ] GC(17) Using 10 workers of 10 for evacuation
[2025-05-20T23:28:54.227+0000][gc,phases   ] GC(17)   Pre Evacuate Collection Set: 0.3ms
[2025-05-20T23:28:54.227+0000][gc,phases   ] GC(17)   Merge Heap Roots: 0.2ms
[2025-05-20T23:28:54.227+0000][gc,phases   ] GC(17)   Evacuate Collection Set: 3.1ms
[2025-05-20T23:28:54.228+0000][gc,phases   ] GC(17)   Post Evacuate Collection Set: 1.0ms
[2025-05-20T23:28:54.228+0000][gc,phases   ] GC(17)   Other: 0.4ms
[2025-05-20T23:28:54.228+0000][gc,heap     ] GC(17) Eden regions: 608->0(611)
[2025-05-20T23:28:54.228+0000][gc,heap     ] GC(17) Survivor regions: 6->3(77)
[2025-05-20T23:28:54.228+0000][gc,heap     ] GC(17) Old regions: 17->19
[2025-05-20T23:28:54.228+0000][gc,heap     ] GC(17) Humongous regions: 1->1
[2025-05-20T23:28:54.228+0000][gc,metaspace] GC(17) Metaspace: 11421K(11840K)->11421K(11840K) NonClass: 10280K(10496K)->10280K(10496K) Class: 1140K(1344K)->1140K(1344K)
[2025-05-20T23:28:54.228+0000][gc          ] GC(17) Pause Young (Normal) (G1 Evacuation Pause) 630M->22M(1024M) 6.839ms
[2025-05-20T23:28:54.229+0000][gc,cpu      ] GC(17) User=0.03s Sys=0.00s Real=0.01s
[2025-05-20T23:30:04.173+0000][gc,start    ] GC(18) Pause Young (Normal) (G1 Evacuation Pause)
[2025-05-20T23:30:04.174+0000][gc,task     ] GC(18) Using 10 workers of 10 for evacuation
[2025-05-20T23:30:04.177+0000][gc,phases   ] GC(18)   Pre Evacuate Collection Set: 0.3ms
[2025-05-20T23:30:04.177+0000][gc,phases   ] GC(18)   Merge Heap Roots: 0.3ms
[2025-05-20T23:30:04.177+0000][gc,phases   ] GC(18)   Evacuate Collection Set: 1.5ms
[2025-05-20T23:30:04.177+0000][gc,phases   ] GC(18)   Post Evacuate Collection Set: 0.7ms
[2025-05-20T23:30:04.178+0000][gc,phases   ] GC(18)   Other: 0.4ms
[2025-05-20T23:30:04.178+0000][gc,heap     ] GC(18) Eden regions: 611->0(612)
[2025-05-20T23:30:04.178+0000][gc,heap     ] GC(18) Survivor regions: 3->2(77)
[2025-05-20T23:30:04.178+0000][gc,heap     ] GC(18) Old regions: 19->20
[2025-05-20T23:30:04.178+0000][gc,heap     ] GC(18) Humongous regions: 1->1
[2025-05-20T23:30:04.178+0000][gc,metaspace] GC(18) Metaspace: 11467K(11840K)->11467K(11840K) NonClass: 10326K(10496K)->10326K(10496K) Class: 1140K(1344K)->1140K(1344K)
[2025-05-20T23:30:04.178+0000][gc          ] GC(18) Pause Young (Normal) (G1 Evacuation Pause) 633M->22M(1024M) 5.463ms
[2025-05-20T23:30:04.179+0000][gc,cpu      ] GC(18) User=0.01s Sys=0.00s Real=0.00s
[2025-05-20T23:31:14.118+0000][gc,start    ] GC(19) Pause Young (Normal) (G1 Evacuation Pause)
[2025-05-20T23:31:14.118+0000][gc,task     ] GC(19) Using 10 workers of 10 for evacuation
[2025-05-20T23:31:14.121+0000][gc,phases   ] GC(19)   Pre Evacuate Collection Set: 0.3ms
[2025-05-20T23:31:14.121+0000][gc,phases   ] GC(19)   Merge Heap Roots: 0.2ms
[2025-05-20T23:31:14.121+0000][gc,phases   ] GC(19)   Evacuate Collection Set: 1.0ms
[2025-05-20T23:31:14.122+0000][gc,phases   ] GC(19)   Post Evacuate Collection Set: 0.8ms
[2025-05-20T23:31:14.122+0000][gc,phases   ] GC(19)   Other: 0.4ms
[2025-05-20T23:31:14.122+0000][gc,heap     ] GC(19) Eden regions: 612->0(612)
[2025-05-20T23:31:14.122+0000][gc,heap     ] GC(19) Survivor regions: 2->2(77)
[2025-05-20T23:31:14.122+0000][gc,heap     ] GC(19) Old regions: 20->20
[2025-05-20T23:31:14.122+0000][gc,heap     ] GC(19) Humongous regions: 1->1
[2025-05-20T23:31:14.122+0000][gc,metaspace] GC(19) Metaspace: 11483K(11904K)->11483K(11904K) NonClass: 10342K(10560K)->10342K(10560K) Class: 1141K(1344K)->1141K(1344K)
[2025-05-20T23:31:14.123+0000][gc          ] GC(19) Pause Young (Normal) (G1 Evacuation Pause) 634M->22M(1024M) 4.459ms
[2025-05-20T23:31:14.123+0000][gc,cpu      ] GC(19) User=0.01s Sys=0.00s Real=0.00s
[2025-05-20T23:32:24.249+0000][gc,start    ] GC(20) Pause Young (Normal) (G1 Evacuation Pause)
[2025-05-20T23:32:24.250+0000][gc,task     ] GC(20) Using 10 workers of 10 for evacuation
[2025-05-20T23:32:24.258+0000][gc,phases   ] GC(20)   Pre Evacuate Collection Set: 0.5ms
[2025-05-20T23:32:24.259+0000][gc,phases   ] GC(20)   Merge Heap Roots: 0.1ms
[2025-05-20T23:32:24.259+0000][gc,phases   ] GC(20)   Evacuate Collection Set: 5.0ms
[2025-05-20T23:32:24.259+0000][gc,phases   ] GC(20)   Post Evacuate Collection Set: 1.8ms
[2025-05-20T23:32:24.259+0000][gc,phases   ] GC(20)   Other: 1.0ms
[2025-05-20T23:32:24.260+0000][gc,heap     ] GC(20) Eden regions: 612->0(612)
[2025-05-20T23:32:24.260+0000][gc,heap     ] GC(20) Survivor regions: 2->2(77)
[2025-05-20T23:32:24.260+0000][gc,heap     ] GC(20) Old regions: 20->20
[2025-05-20T23:32:24.260+0000][gc,heap     ] GC(20) Humongous regions: 1->1
[2025-05-20T23:32:24.260+0000][gc,metaspace] GC(20) Metaspace: 11539K(11904K)->11539K(11904K) NonClass: 10392K(10560K)->10392K(10560K) Class: 1146K(1344K)->1146K(1344K)
[2025-05-20T23:32:24.261+0000][gc          ] GC(20) Pause Young (Normal) (G1 Evacuation Pause) 634M->22M(1024M) 11.533ms
[2025-05-20T23:32:24.261+0000][gc,cpu      ] GC(20) User=0.01s Sys=0.00s Real=0.01s
[2025-05-20T23:33:34.042+0000][gc,start    ] GC(21) Pause Young (Normal) (G1 Evacuation Pause)
[2025-05-20T23:33:34.042+0000][gc,task     ] GC(21) Using 10 workers of 10 for evacuation
[2025-05-20T23:33:34.045+0000][gc,phases   ] GC(21)   Pre Evacuate Collection Set: 0.4ms
[2025-05-20T23:33:34.045+0000][gc,phases   ] GC(21)   Merge Heap Roots: 0.3ms
[2025-05-20T23:33:34.045+0000][gc,phases   ] GC(21)   Evacuate Collection Set: 1.0ms
[2025-05-20T23:33:34.045+0000][gc,phases   ] GC(21)   Post Evacuate Collection Set: 0.9ms
[2025-05-20T23:33:34.045+0000][gc,phases   ] GC(21)   Other: 0.3ms
[2025-05-20T23:33:34.046+0000][gc,heap     ] GC(21) Eden regions: 612->0(613)
[2025-05-20T23:33:34.046+0000][gc,heap     ] GC(21) Survivor regions: 2->1(77)
[2025-05-20T23:33:34.046+0000][gc,heap     ] GC(21) Old regions: 20->20
[2025-05-20T23:33:34.046+0000][gc,heap     ] GC(21) Humongous regions: 1->1
[2025-05-20T23:33:34.046+0000][gc,metaspace] GC(21) Metaspace: 11564K(11904K)->11564K(11904K) NonClass: 10417K(10560K)->10417K(10560K) Class: 1146K(1344K)->1146K(1344K)
[2025-05-20T23:33:34.046+0000][gc          ] GC(21) Pause Young (Normal) (G1 Evacuation Pause) 634M->21M(1024M) 4.909ms
[2025-05-20T23:33:34.047+0000][gc,cpu      ] GC(21) User=0.00s Sys=0.01s Real=0.01s
[2025-05-20T23:34:43.985+0000][gc,start    ] GC(22) Pause Young (Normal) (G1 Evacuation Pause)
[2025-05-20T23:34:43.986+0000][gc,task     ] GC(22) Using 10 workers of 10 for evacuation
[2025-05-20T23:34:43.990+0000][gc,phases   ] GC(22)   Pre Evacuate Collection Set: 0.5ms
[2025-05-20T23:34:43.990+0000][gc,phases   ] GC(22)   Merge Heap Roots: 0.4ms
[2025-05-20T23:34:43.990+0000][gc,phases   ] GC(22)   Evacuate Collection Set: 1.9ms
[2025-05-20T23:34:43.990+0000][gc,phases   ] GC(22)   Post Evacuate Collection Set: 0.9ms
[2025-05-20T23:34:43.991+0000][gc,phases   ] GC(22)   Other: 0.4ms
[2025-05-20T23:34:43.991+0000][gc,heap     ] GC(22) Eden regions: 613->0(613)
[2025-05-20T23:34:43.991+0000][gc,heap     ] GC(22) Survivor regions: 1->1(77)
[2025-05-20T23:34:43.991+0000][gc,heap     ] GC(22) Old regions: 20->21
[2025-05-20T23:34:43.991+0000][gc,heap     ] GC(22) Humongous regions: 1->1
[2025-05-20T23:34:43.991+0000][gc,metaspace] GC(22) Metaspace: 11797K(12224K)->11797K(12224K) NonClass: 10615K(10816K)->10615K(10816K) Class: 1182K(1408K)->1182K(1408K)
[2025-05-20T23:34:43.991+0000][gc          ] GC(22) Pause Young (Normal) (G1 Evacuation Pause) 634M->21M(1024M) 5.886ms
[2025-05-20T23:34:43.991+0000][gc,cpu      ] GC(22) User=0.00s Sys=0.02s Real=0.01s
[2025-05-20T23:35:53.551+0000][gc,start    ] GC(23) Pause Young (Normal) (G1 Evacuation Pause)
[2025-05-20T23:35:53.552+0000][gc,task     ] GC(23) Using 10 workers of 10 for evacuation
[2025-05-20T23:35:53.554+0000][gc,phases   ] GC(23)   Pre Evacuate Collection Set: 0.4ms
[2025-05-20T23:35:53.555+0000][gc,phases   ] GC(23)   Merge Heap Roots: 0.2ms
[2025-05-20T23:35:53.555+0000][gc,phases   ] GC(23)   Evacuate Collection Set: 1.0ms
[2025-05-20T23:35:53.555+0000][gc,phases   ] GC(23)   Post Evacuate Collection Set: 0.9ms
[2025-05-20T23:35:53.555+0000][gc,phases   ] GC(23)   Other: 0.3ms
[2025-05-20T23:35:53.555+0000][gc,heap     ] GC(23) Eden regions: 613->0(613)
[2025-05-20T23:35:53.555+0000][gc,heap     ] GC(23) Survivor regions: 1->1(77)
[2025-05-20T23:35:53.555+0000][gc,heap     ] GC(23) Old regions: 21->21
[2025-05-20T23:35:53.556+0000][gc,heap     ] GC(23) Humongous regions: 1->1
[2025-05-20T23:35:53.556+0000][gc,metaspace] GC(23) Metaspace: 11800K(12224K)->11800K(12224K) NonClass: 10618K(10816K)->10618K(10816K) Class: 1182K(1408K)->1182K(1408K)
[2025-05-20T23:35:53.556+0000][gc          ] GC(23) Pause Young (Normal) (G1 Evacuation Pause) 634M->21M(1024M) 4.759ms
[2025-05-20T23:35:53.556+0000][gc,cpu      ] GC(23) User=0.01s Sys=0.00s Real=0.00s
[2025-05-20T23:36:54.217+0000][gc,start    ] GC(24) Pause Young (Normal) (G1 Evacuation Pause)
[2025-05-20T23:36:54.217+0000][gc,task     ] GC(24) Using 10 workers of 10 for evacuation
[2025-05-20T23:36:54.220+0000][gc,phases   ] GC(24)   Pre Evacuate Collection Set: 0.4ms
[2025-05-20T23:36:54.221+0000][gc,phases   ] GC(24)   Merge Heap Roots: 0.2ms
[2025-05-20T23:36:54.221+0000][gc,phases   ] GC(24)   Evacuate Collection Set: 1.2ms
[2025-05-20T23:36:54.221+0000][gc,phases   ] GC(24)   Post Evacuate Collection Set: 0.9ms
[2025-05-20T23:36:54.221+0000][gc,phases   ] GC(24)   Other: 0.3ms
[2025-05-20T23:36:54.221+0000][gc,heap     ] GC(24) Eden regions: 613->0(612)
[2025-05-20T23:36:54.221+0000][gc,heap     ] GC(24) Survivor regions: 1->2(77)
[2025-05-20T23:36:54.221+0000][gc,heap     ] GC(24) Old regions: 21->21
[2025-05-20T23:36:54.221+0000][gc,heap     ] GC(24) Humongous regions: 1->1
[2025-05-20T23:36:54.222+0000][gc,metaspace] GC(24) Metaspace: 11807K(12224K)->11807K(12224K) NonClass: 10625K(10816K)->10625K(10816K) Class: 1182K(1408K)->1182K(1408K)
[2025-05-20T23:36:54.222+0000][gc          ] GC(24) Pause Young (Normal) (G1 Evacuation Pause) 634M->22M(1024M) 4.796ms
[2025-05-20T23:36:54.222+0000][gc,cpu      ] GC(24) User=0.01s Sys=0.00s Real=0.00s
[2025-05-20T23:38:04.394+0000][gc,start    ] GC(25) Pause Young (Normal) (G1 Evacuation Pause)
[2025-05-20T23:38:04.395+0000][gc,task     ] GC(25) Using 10 workers of 10 for evacuation
[2025-05-20T23:38:04.399+0000][gc,phases   ] GC(25)   Pre Evacuate Collection Set: 0.5ms
[2025-05-20T23:38:04.399+0000][gc,phases   ] GC(25)   Merge Heap Roots: 0.2ms
[2025-05-20T23:38:04.400+0000][gc,phases   ] GC(25)   Evacuate Collection Set: 1.7ms
[2025-05-20T23:38:04.400+0000][gc,phases   ] GC(25)   Post Evacuate Collection Set: 1.4ms
[2025-05-20T23:38:04.400+0000][gc,phases   ] GC(25)   Other: 0.3ms
[2025-05-20T23:38:04.401+0000][gc,heap     ] GC(25) Eden regions: 612->0(612)
[2025-05-20T23:38:04.401+0000][gc,heap     ] GC(25) Survivor regions: 2->2(77)
[2025-05-20T23:38:04.401+0000][gc,heap     ] GC(25) Old regions: 21->21
[2025-05-20T23:38:04.401+0000][gc,heap     ] GC(25) Humongous regions: 1->1
[2025-05-20T23:38:04.401+0000][gc,metaspace] GC(25) Metaspace: 11812K(12224K)->11812K(12224K) NonClass: 10630K(10816K)->10630K(10816K) Class: 1182K(1408K)->1182K(1408K)
[2025-05-20T23:38:04.402+0000][gc          ] GC(25) Pause Young (Normal) (G1 Evacuation Pause) 634M->22M(1024M) 7.186ms
[2025-05-20T23:38:04.402+0000][gc,cpu      ] GC(25) User=0.01s Sys=0.00s Real=0.01s
[2025-05-20T23:39:14.435+0000][gc,start    ] GC(26) Pause Young (Normal) (G1 Evacuation Pause)
[2025-05-20T23:39:14.437+0000][gc,task     ] GC(26) Using 10 workers of 10 for evacuation
[2025-05-20T23:39:14.444+0000][gc,phases   ] GC(26)   Pre Evacuate Collection Set: 1.2ms
[2025-05-20T23:39:14.445+0000][gc,phases   ] GC(26)   Merge Heap Roots: 0.8ms
[2025-05-20T23:39:14.446+0000][gc,phases   ] GC(26)   Evacuate Collection Set: 2.6ms
[2025-05-20T23:39:14.446+0000][gc,phases   ] GC(26)   Post Evacuate Collection Set: 1.2ms
[2025-05-20T23:39:14.446+0000][gc,phases   ] GC(26)   Other: 1.1ms
[2025-05-20T23:39:14.447+0000][gc,heap     ] GC(26) Eden regions: 612->0(612)
[2025-05-20T23:39:14.448+0000][gc,heap     ] GC(26) Survivor regions: 2->2(77)
[2025-05-20T23:39:14.448+0000][gc,heap     ] GC(26) Old regions: 21->21
[2025-05-20T23:39:14.449+0000][gc,heap     ] GC(26) Humongous regions: 1->1
[2025-05-20T23:39:14.449+0000][gc,metaspace] GC(26) Metaspace: 11822K(12224K)->11822K(12224K) NonClass: 10640K(10816K)->10640K(10816K) Class: 1182K(1408K)->1182K(1408K)
[2025-05-20T23:39:14.449+0000][gc          ] GC(26) Pause Young (Normal) (G1 Evacuation Pause) 634M->22M(1024M) 14.470ms
[2025-05-20T23:39:14.450+0000][gc,cpu      ] GC(26) User=0.01s Sys=0.01s Real=0.02s
[2025-05-20T23:40:24.331+0000][gc,start    ] GC(27) Pause Young (Normal) (G1 Evacuation Pause)
[2025-05-20T23:40:24.337+0000][gc,task     ] GC(27) Using 10 workers of 10 for evacuation
[2025-05-20T23:40:24.353+0000][gc,phases   ] GC(27)   Pre Evacuate Collection Set: 1.3ms
[2025-05-20T23:40:24.354+0000][gc,phases   ] GC(27)   Merge Heap Roots: 0.2ms
[2025-05-20T23:40:24.355+0000][gc,phases   ] GC(27)   Evacuate Collection Set: 6.3ms
[2025-05-20T23:40:24.358+0000][gc,phases   ] GC(27)   Post Evacuate Collection Set: 7.7ms
[2025-05-20T23:40:24.362+0000][gc,phases   ] GC(27)   Other: 0.4ms
[2025-05-20T23:40:24.363+0000][gc,heap     ] GC(27) Eden regions: 612->0(612)
[2025-05-20T23:40:24.363+0000][gc,heap     ] GC(27) Survivor regions: 2->2(77)
[2025-05-20T23:40:24.366+0000][gc,heap     ] GC(27) Old regions: 21->21
[2025-05-20T23:40:24.369+0000][gc,heap     ] GC(27) Humongous regions: 1->1
[2025-05-20T23:40:24.369+0000][gc,metaspace] GC(27) Metaspace: 11826K(12224K)->11826K(12224K) NonClass: 10644K(10816K)->10644K(10816K) Class: 1182K(1408K)->1182K(1408K)
[2025-05-20T23:40:24.370+0000][gc          ] GC(27) Pause Young (Normal) (G1 Evacuation Pause) 634M->22M(1024M) 38.715ms
[2025-05-20T23:40:24.370+0000][gc,cpu      ] GC(27) User=0.01s Sys=0.01s Real=0.04s
[2025-05-20T23:41:34.174+0000][gc,start    ] GC(28) Pause Young (Normal) (G1 Evacuation Pause)
[2025-05-20T23:41:34.190+0000][gc,task     ] GC(28) Using 10 workers of 10 for evacuation
[2025-05-20T23:41:34.195+0000][gc,phases   ] GC(28)   Pre Evacuate Collection Set: 1.8ms
[2025-05-20T23:41:34.197+0000][gc,phases   ] GC(28)   Merge Heap Roots: 0.2ms
[2025-05-20T23:41:34.199+0000][gc,phases   ] GC(28)   Evacuate Collection Set: 1.0ms
[2025-05-20T23:41:34.199+0000][gc,phases   ] GC(28)   Post Evacuate Collection Set: 1.2ms
[2025-05-20T23:41:34.200+0000][gc,phases   ] GC(28)   Other: 1.7ms
[2025-05-20T23:41:34.201+0000][gc,heap     ] GC(28) Eden regions: 612->0(613)
[2025-05-20T23:41:34.201+0000][gc,heap     ] GC(28) Survivor regions: 2->1(77)
[2025-05-20T23:41:34.202+0000][gc,heap     ] GC(28) Old regions: 21->21
[2025-05-20T23:41:34.203+0000][gc,heap     ] GC(28) Humongous regions: 1->1
[2025-05-20T23:41:34.204+0000][gc,metaspace] GC(28) Metaspace: 11853K(12288K)->11853K(12288K) NonClass: 10671K(10880K)->10671K(10880K) Class: 1182K(1408K)->1182K(1408K)
[2025-05-20T23:41:34.204+0000][gc          ] GC(28) Pause Young (Normal) (G1 Evacuation Pause) 634M->22M(1024M) 30.578ms
[2025-05-20T23:41:34.205+0000][gc,cpu      ] GC(28) User=0.03s Sys=0.01s Real=0.04s
[2025-05-20T23:42:44.100+0000][gc,start    ] GC(29) Pause Young (Normal) (G1 Evacuation Pause)
[2025-05-20T23:42:44.102+0000][gc,task     ] GC(29) Using 10 workers of 10 for evacuation
[2025-05-20T23:42:44.114+0000][gc,phases   ] GC(29)   Pre Evacuate Collection Set: 2.3ms
[2025-05-20T23:42:44.115+0000][gc,phases   ] GC(29)   Merge Heap Roots: 0.4ms
[2025-05-20T23:42:44.126+0000][gc,phases   ] GC(29)   Evacuate Collection Set: 5.2ms
[2025-05-20T23:42:44.131+0000][gc,phases   ] GC(29)   Post Evacuate Collection Set: 3.0ms
[2025-05-20T23:42:44.139+0000][gc,phases   ] GC(29)   Other: 1.5ms
[2025-05-20T23:42:44.142+0000][gc,heap     ] GC(29) Eden regions: 613->0(613)
[2025-05-20T23:42:44.146+0000][gc,heap     ] GC(29) Survivor regions: 1->1(77)
[2025-05-20T23:42:44.150+0000][gc,heap     ] GC(29) Old regions: 21->21
[2025-05-20T23:42:44.150+0000][gc,heap     ] GC(29) Humongous regions: 1->1
[2025-05-20T23:42:44.153+0000][gc,metaspace] GC(29) Metaspace: 11856K(12288K)->11856K(12288K) NonClass: 10674K(10880K)->10674K(10880K) Class: 1182K(1408K)->1182K(1408K)
[2025-05-20T23:42:44.154+0000][gc          ] GC(29) Pause Young (Normal) (G1 Evacuation Pause) 635M->21M(1024M) 53.848ms
[2025-05-20T23:42:44.155+0000][gc,cpu      ] GC(29) User=0.05s Sys=0.00s Real=0.05s
[2025-05-20T23:43:53.954+0000][gc,start    ] GC(30) Pause Young (Normal) (G1 Evacuation Pause)
[2025-05-20T23:43:53.955+0000][gc,task     ] GC(30) Using 10 workers of 10 for evacuation
[2025-05-20T23:43:53.959+0000][gc,phases   ] GC(30)   Pre Evacuate Collection Set: 0.4ms
[2025-05-20T23:43:53.959+0000][gc,phases   ] GC(30)   Merge Heap Roots: 0.2ms
[2025-05-20T23:43:53.960+0000][gc,phases   ] GC(30)   Evacuate Collection Set: 2.2ms
[2025-05-20T23:43:53.960+0000][gc,phases   ] GC(30)   Post Evacuate Collection Set: 1.3ms
[2025-05-20T23:43:53.960+0000][gc,phases   ] GC(30)   Other: 0.4ms
[2025-05-20T23:43:53.960+0000][gc,heap     ] GC(30) Eden regions: 613->0(613)
[2025-05-20T23:43:53.960+0000][gc,heap     ] GC(30) Survivor regions: 1->1(77)
[2025-05-20T23:43:53.961+0000][gc,heap     ] GC(30) Old regions: 21->21
[2025-05-20T23:43:53.961+0000][gc,heap     ] GC(30) Humongous regions: 1->1
[2025-05-20T23:43:53.962+0000][gc,metaspace] GC(30) Metaspace: 11861K(12288K)->11861K(12288K) NonClass: 10679K(10880K)->10679K(10880K) Class: 1182K(1408K)->1182K(1408K)
[2025-05-20T23:43:53.962+0000][gc          ] GC(30) Pause Young (Normal) (G1 Evacuation Pause) 634M->21M(1024M) 7.479ms
[2025-05-20T23:43:53.962+0000][gc,cpu      ] GC(30) User=0.02s Sys=0.00s Real=0.01s
[2025-05-20T23:44:54.253+0000][gc,start    ] GC(31) Pause Young (Normal) (G1 Evacuation Pause)
[2025-05-20T23:44:54.253+0000][gc,task     ] GC(31) Using 10 workers of 10 for evacuation
[2025-05-20T23:44:54.257+0000][gc,phases   ] GC(31)   Pre Evacuate Collection Set: 0.5ms
[2025-05-20T23:44:54.257+0000][gc,phases   ] GC(31)   Merge Heap Roots: 0.3ms
[2025-05-20T23:44:54.257+0000][gc,phases   ] GC(31)   Evacuate Collection Set: 1.2ms
[2025-05-20T23:44:54.257+0000][gc,phases   ] GC(31)   Post Evacuate Collection Set: 1.1ms
[2025-05-20T23:44:54.258+0000][gc,phases   ] GC(31)   Other: 0.3ms
[2025-05-20T23:44:54.258+0000][gc,heap     ] GC(31) Eden regions: 613->0(611)
[2025-05-20T23:44:54.258+0000][gc,heap     ] GC(31) Survivor regions: 1->3(77)
[2025-05-20T23:44:54.258+0000][gc,heap     ] GC(31) Old regions: 21->21
[2025-05-20T23:44:54.258+0000][gc,heap     ] GC(31) Humongous regions: 1->1
[2025-05-20T23:44:54.258+0000][gc,metaspace] GC(31) Metaspace: 11909K(12352K)->11909K(12352K) NonClass: 10727K(10944K)->10727K(10944K) Class: 1182K(1408K)->1182K(1408K)
[2025-05-20T23:44:54.258+0000][gc          ] GC(31) Pause Young (Normal) (G1 Evacuation Pause) 634M->23M(1024M) 5.339ms
[2025-05-20T23:44:54.259+0000][gc,cpu      ] GC(31) User=0.01s Sys=0.00s Real=0.00s
[2025-05-20T23:46:04.177+0000][gc,start    ] GC(32) Pause Young (Normal) (G1 Evacuation Pause)
[2025-05-20T23:46:04.178+0000][gc,task     ] GC(32) Using 10 workers of 10 for evacuation
[2025-05-20T23:46:04.181+0000][gc,phases   ] GC(32)   Pre Evacuate Collection Set: 0.4ms
[2025-05-20T23:46:04.181+0000][gc,phases   ] GC(32)   Merge Heap Roots: 0.2ms
[2025-05-20T23:46:04.181+0000][gc,phases   ] GC(32)   Evacuate Collection Set: 1.0ms
[2025-05-20T23:46:04.181+0000][gc,phases   ] GC(32)   Post Evacuate Collection Set: 0.8ms
[2025-05-20T23:46:04.181+0000][gc,phases   ] GC(32)   Other: 0.3ms
[2025-05-20T23:46:04.181+0000][gc,heap     ] GC(32) Eden regions: 611->0(612)
[2025-05-20T23:46:04.181+0000][gc,heap     ] GC(32) Survivor regions: 3->2(77)
[2025-05-20T23:46:04.182+0000][gc,heap     ] GC(32) Old regions: 21->21
[2025-05-20T23:46:04.182+0000][gc,heap     ] GC(32) Humongous regions: 1->1
[2025-05-20T23:46:04.182+0000][gc,metaspace] GC(32) Metaspace: 11915K(12352K)->11915K(12352K) NonClass: 10732K(10944K)->10732K(10944K) Class: 1182K(1408K)->1182K(1408K)
[2025-05-20T23:46:04.182+0000][gc          ] GC(32) Pause Young (Normal) (G1 Evacuation Pause) 634M->22M(1024M) 4.424ms
[2025-05-20T23:46:04.182+0000][gc,cpu      ] GC(32) User=0.01s Sys=0.00s Real=0.01s
[2025-05-20T23:47:14.147+0000][gc,start    ] GC(33) Pause Young (Normal) (G1 Evacuation Pause)
[2025-05-20T23:47:14.147+0000][gc,task     ] GC(33) Using 10 workers of 10 for evacuation
[2025-05-20T23:47:14.150+0000][gc,phases   ] GC(33)   Pre Evacuate Collection Set: 0.4ms
[2025-05-20T23:47:14.151+0000][gc,phases   ] GC(33)   Merge Heap Roots: 0.3ms
[2025-05-20T23:47:14.151+0000][gc,phases   ] GC(33)   Evacuate Collection Set: 1.1ms
[2025-05-20T23:47:14.151+0000][gc,phases   ] GC(33)   Post Evacuate Collection Set: 0.9ms
[2025-05-20T23:47:14.151+0000][gc,phases   ] GC(33)   Other: 0.3ms
[2025-05-20T23:47:14.151+0000][gc,heap     ] GC(33) Eden regions: 612->0(612)
[2025-05-20T23:47:14.151+0000][gc,heap     ] GC(33) Survivor regions: 2->2(77)
[2025-05-20T23:47:14.151+0000][gc,heap     ] GC(33) Old regions: 21->21
[2025-05-20T23:47:14.152+0000][gc,heap     ] GC(33) Humongous regions: 1->1
[2025-05-20T23:47:14.152+0000][gc,metaspace] GC(33) Metaspace: 11942K(12352K)->11942K(12352K) NonClass: 10760K(10944K)->10760K(10944K) Class: 1182K(1408K)->1182K(1408K)
[2025-05-20T23:47:14.152+0000][gc          ] GC(33) Pause Young (Normal) (G1 Evacuation Pause) 634M->22M(1024M) 5.134ms
[2025-05-20T23:47:14.152+0000][gc,cpu      ] GC(33) User=0.01s Sys=0.00s Real=0.00s
[2025-05-20T23:48:24.132+0000][gc,start    ] GC(34) Pause Young (Normal) (G1 Evacuation Pause)
[2025-05-20T23:48:24.132+0000][gc,task     ] GC(34) Using 10 workers of 10 for evacuation
[2025-05-20T23:48:24.137+0000][gc,phases   ] GC(34)   Pre Evacuate Collection Set: 0.9ms
[2025-05-20T23:48:24.138+0000][gc,phases   ] GC(34)   Merge Heap Roots: 0.3ms
[2025-05-20T23:48:24.138+0000][gc,phases   ] GC(34)   Evacuate Collection Set: 1.8ms
[2025-05-20T23:48:24.138+0000][gc,phases   ] GC(34)   Post Evacuate Collection Set: 1.5ms
[2025-05-20T23:48:24.138+0000][gc,phases   ] GC(34)   Other: 0.3ms
[2025-05-20T23:48:24.138+0000][gc,heap     ] GC(34) Eden regions: 612->0(612)
[2025-05-20T23:48:24.139+0000][gc,heap     ] GC(34) Survivor regions: 2->2(77)
[2025-05-20T23:48:24.139+0000][gc,heap     ] GC(34) Old regions: 21->21
[2025-05-20T23:48:24.139+0000][gc,heap     ] GC(34) Humongous regions: 1->1
[2025-05-20T23:48:24.139+0000][gc,metaspace] GC(34) Metaspace: 11945K(12352K)->11945K(12352K) NonClass: 10763K(10944K)->10763K(10944K) Class: 1182K(1408K)->1182K(1408K)
[2025-05-20T23:48:24.139+0000][gc          ] GC(34) Pause Young (Normal) (G1 Evacuation Pause) 634M->22M(1024M) 7.364ms
[2025-05-20T23:48:24.140+0000][gc,cpu      ] GC(34) User=0.02s Sys=0.01s Real=0.01s
[2025-05-20T23:49:34.061+0000][gc,start    ] GC(35) Pause Young (Normal) (G1 Evacuation Pause)
[2025-05-20T23:49:34.062+0000][gc,task     ] GC(35) Using 10 workers of 10 for evacuation
[2025-05-20T23:49:34.065+0000][gc,phases   ] GC(35)   Pre Evacuate Collection Set: 0.4ms
[2025-05-20T23:49:34.065+0000][gc,phases   ] GC(35)   Merge Heap Roots: 0.2ms
[2025-05-20T23:49:34.065+0000][gc,phases   ] GC(35)   Evacuate Collection Set: 1.0ms
[2025-05-20T23:49:34.066+0000][gc,phases   ] GC(35)   Post Evacuate Collection Set: 1.1ms
[2025-05-20T23:49:34.066+0000][gc,phases   ] GC(35)   Other: 0.3ms
[2025-05-20T23:49:34.066+0000][gc,heap     ] GC(35) Eden regions: 612->0(612)
[2025-05-20T23:49:34.066+0000][gc,heap     ] GC(35) Survivor regions: 2->2(77)
[2025-05-20T23:49:34.066+0000][gc,heap     ] GC(35) Old regions: 21->21
[2025-05-20T23:49:34.067+0000][gc,heap     ] GC(35) Humongous regions: 1->1
[2025-05-20T23:49:34.067+0000][gc,metaspace] GC(35) Metaspace: 11957K(12352K)->11957K(12352K) NonClass: 10775K(10944K)->10775K(10944K) Class: 1182K(1408K)->1182K(1408K)
[2025-05-20T23:49:34.067+0000][gc          ] GC(35) Pause Young (Normal) (G1 Evacuation Pause) 634M->22M(1024M) 5.546ms
[2025-05-20T23:49:34.067+0000][gc,cpu      ] GC(35) User=0.01s Sys=0.00s Real=0.00s
[2025-05-20T23:50:44.024+0000][gc,start    ] GC(36) Pause Young (Normal) (G1 Evacuation Pause)
[2025-05-20T23:50:44.024+0000][gc,task     ] GC(36) Using 10 workers of 10 for evacuation
[2025-05-20T23:50:44.027+0000][gc,phases   ] GC(36)   Pre Evacuate Collection Set: 0.4ms
[2025-05-20T23:50:44.027+0000][gc,phases   ] GC(36)   Merge Heap Roots: 0.2ms
[2025-05-20T23:50:44.027+0000][gc,phases   ] GC(36)   Evacuate Collection Set: 0.8ms
[2025-05-20T23:50:44.027+0000][gc,phases   ] GC(36)   Post Evacuate Collection Set: 0.9ms
[2025-05-20T23:50:44.028+0000][gc,phases   ] GC(36)   Other: 0.3ms
[2025-05-20T23:50:44.028+0000][gc,heap     ] GC(36) Eden regions: 612->0(613)
[2025-05-20T23:50:44.028+0000][gc,heap     ] GC(36) Survivor regions: 2->1(77)
[2025-05-20T23:50:44.028+0000][gc,heap     ] GC(36) Old regions: 21->21
[2025-05-20T23:50:44.028+0000][gc,heap     ] GC(36) Humongous regions: 1->1
[2025-05-20T23:50:44.028+0000][gc,metaspace] GC(36) Metaspace: 11962K(12416K)->11962K(12416K) NonClass: 10780K(11008K)->10780K(11008K) Class: 1182K(1408K)->1182K(1408K)
[2025-05-20T23:50:44.029+0000][gc          ] GC(36) Pause Young (Normal) (G1 Evacuation Pause) 634M->22M(1024M) 4.917ms
[2025-05-20T23:50:44.029+0000][gc,cpu      ] GC(36) User=0.01s Sys=0.00s Real=0.01s
[2025-05-20T23:51:53.940+0000][gc,start    ] GC(37) Pause Young (Normal) (G1 Evacuation Pause)
[2025-05-20T23:51:53.941+0000][gc,task     ] GC(37) Using 10 workers of 10 for evacuation
[2025-05-20T23:51:53.944+0000][gc,phases   ] GC(37)   Pre Evacuate Collection Set: 0.4ms
[2025-05-20T23:51:53.944+0000][gc,phases   ] GC(37)   Merge Heap Roots: 0.3ms
[2025-05-20T23:51:53.944+0000][gc,phases   ] GC(37)   Evacuate Collection Set: 0.9ms
[2025-05-20T23:51:53.944+0000][gc,phases   ] GC(37)   Post Evacuate Collection Set: 0.8ms
[2025-05-20T23:51:53.944+0000][gc,phases   ] GC(37)   Other: 0.3ms
[2025-05-20T23:51:53.944+0000][gc,heap     ] GC(37) Eden regions: 613->0(613)
[2025-05-20T23:51:53.945+0000][gc,heap     ] GC(37) Survivor regions: 1->1(77)
[2025-05-20T23:51:53.945+0000][gc,heap     ] GC(37) Old regions: 21->21
[2025-05-20T23:51:53.945+0000][gc,heap     ] GC(37) Humongous regions: 1->1
[2025-05-20T23:51:53.945+0000][gc,metaspace] GC(37) Metaspace: 12001K(12480K)->12001K(12480K) NonClass: 10818K(11072K)->10818K(11072K) Class: 1182K(1408K)->1182K(1408K)
[2025-05-20T23:51:53.945+0000][gc          ] GC(37) Pause Young (Normal) (G1 Evacuation Pause) 635M->21M(1024M) 4.757ms
[2025-05-20T23:51:53.945+0000][gc,cpu      ] GC(37) User=0.01s Sys=0.00s Real=0.01s
[2025-05-20T23:52:54.237+0000][gc,start    ] GC(38) Pause Young (Normal) (G1 Evacuation Pause)
[2025-05-20T23:52:54.238+0000][gc,task     ] GC(38) Using 10 workers of 10 for evacuation
[2025-05-20T23:52:54.240+0000][gc,phases   ] GC(38)   Pre Evacuate Collection Set: 0.4ms
[2025-05-20T23:52:54.241+0000][gc,phases   ] GC(38)   Merge Heap Roots: 0.2ms
[2025-05-20T23:52:54.241+0000][gc,phases   ] GC(38)   Evacuate Collection Set: 1.0ms
[2025-05-20T23:52:54.241+0000][gc,phases   ] GC(38)   Post Evacuate Collection Set: 1.0ms
[2025-05-20T23:52:54.242+0000][gc,phases   ] GC(38)   Other: 0.4ms
[2025-05-20T23:52:54.242+0000][gc,heap     ] GC(38) Eden regions: 613->0(613)
[2025-05-20T23:52:54.242+0000][gc,heap     ] GC(38) Survivor regions: 1->1(77)
[2025-05-20T23:52:54.242+0000][gc,heap     ] GC(38) Old regions: 21->21
[2025-05-20T23:52:54.242+0000][gc,heap     ] GC(38) Humongous regions: 1->1
[2025-05-20T23:52:54.242+0000][gc,metaspace] GC(38) Metaspace: 12004K(12480K)->12004K(12480K) NonClass: 10822K(11072K)->10822K(11072K) Class: 1182K(1408K)->1182K(1408K)
[2025-05-20T23:52:54.243+0000][gc          ] GC(38) Pause Young (Normal) (G1 Evacuation Pause) 634M->21M(1024M) 5.395ms
[2025-05-20T23:52:54.243+0000][gc,cpu      ] GC(38) User=0.01s Sys=0.00s Real=0.01s
[2025-05-20T23:53:48.292+0000][gc,heap,exit] Heap
[2025-05-20T23:53:48.293+0000][gc,heap,exit]  garbage-first heap   total 1048576K, used 395824K [0x00000000c0000000, 0x0000000100000000)
[2025-05-20T23:53:48.293+0000][gc,heap,exit]   region size 1024K, 366 young (374784K), 1 survivors (1024K)
[2025-05-20T23:53:48.293+0000][gc,heap,exit]  Metaspace       used 12312K, committed 12672K, reserved 1114112K
[2025-05-20T23:53:48.293+0000][gc,heap,exit]   class space    used 1256K, committed 1472K, reserved 1048576K
