[2025-05-20T22:15:27.755+0000][gc,init] CardTable entry size: 512
[2025-05-20T22:15:27.755+0000][gc     ] Using G1
[2025-05-20T22:15:27.791+0000][gc,init] Version: 21.0.4+7-LTS (release)
[2025-05-20T22:15:27.801+0000][gc,init] CPUs: 12 total, 12 available
[2025-05-20T22:15:27.814+0000][gc,init] Memory: 15597M
[2025-05-20T22:15:27.821+0000][gc,init] Large Page Support: Disabled
[2025-05-20T22:15:27.822+0000][gc,init] NUMA Support: Disabled
[2025-05-20T22:15:27.822+0000][gc,init] Compressed Oops: Enabled (32-bit)
[2025-05-20T22:15:27.822+0000][gc,init] Heap Region Size: 1M
[2025-05-20T22:15:27.823+0000][gc,init] Heap Min Capacity: 1G
[2025-05-20T22:15:27.823+0000][gc,init] Heap Initial Capacity: 1G
[2025-05-20T22:15:27.823+0000][gc,init] Heap Max Capacity: 1G
[2025-05-20T22:15:27.823+0000][gc,init] Pre-touch: Disabled
[2025-05-20T22:15:27.823+0000][gc,init] Parallel Workers: 10
[2025-05-20T22:15:27.823+0000][gc,init] Concurrent Workers: 3
[2025-05-20T22:15:27.823+0000][gc,init] Concurrent Refinement Workers: 10
[2025-05-20T22:15:27.824+0000][gc,init] Periodic GC: Disabled
[2025-05-20T22:15:27.931+0000][gc,metaspace] CDS archive(s) mapped at: [0x00007fe3a0000000-0x00007fe3a0bbe000-0x00007fe3a3674000), size 57098240, SharedBaseAddress: 0x00007fe3a0000000, ArchiveRelocationMode: 1.
[2025-05-20T22:15:27.932+0000][gc,metaspace] Compressed class space mapped at: 0x00007fe3a4000000-0x00007fe3e4000000, reserved size: 1073741824
[2025-05-20T22:15:27.933+0000][gc,metaspace] Narrow klass base: 0x00007fe3a0000000, Narrow klass shift: 0, Narrow klass range: 0x100000000
[2025-05-20T22:15:33.355+0000][gc,start    ] GC(0) Pause Young (Normal) (G1 Evacuation Pause)
[2025-05-20T22:15:33.383+0000][gc,task     ] GC(0) Using 10 workers of 10 for evacuation
[2025-05-20T22:15:33.464+0000][gc,phases   ] GC(0)   Pre Evacuate Collection Set: 3.0ms
[2025-05-20T22:15:33.467+0000][gc,phases   ] GC(0)   Merge Heap Roots: 0.1ms
[2025-05-20T22:15:33.468+0000][gc,phases   ] GC(0)   Evacuate Collection Set: 74.3ms
[2025-05-20T22:15:33.469+0000][gc,phases   ] GC(0)   Post Evacuate Collection Set: 2.2ms
[2025-05-20T22:15:33.470+0000][gc,phases   ] GC(0)   Other: 26.9ms
[2025-05-20T22:15:33.471+0000][gc,heap     ] GC(0) Eden regions: 51->0(44)
[2025-05-20T22:15:33.477+0000][gc,heap     ] GC(0) Survivor regions: 0->7(7)
[2025-05-20T22:15:33.479+0000][gc,heap     ] GC(0) Old regions: 1->6
[2025-05-20T22:15:33.479+0000][gc,heap     ] GC(0) Humongous regions: 1->1
[2025-05-20T22:15:33.480+0000][gc,metaspace] GC(0) Metaspace: 5738K(5888K)->5738K(5888K) NonClass: 5085K(5184K)->5085K(5184K) Class: 653K(704K)->653K(704K)
[2025-05-20T22:15:33.480+0000][gc          ] GC(0) Pause Young (Normal) (G1 Evacuation Pause) 52M->13M(1024M) 124.767ms
[2025-05-20T22:15:33.480+0000][gc,cpu      ] GC(0) User=0.06s Sys=0.02s Real=0.12s
[2025-05-20T22:15:34.865+0000][gc,start    ] GC(1) Pause Young (Normal) (G1 Evacuation Pause)
[2025-05-20T22:15:34.869+0000][gc,task     ] GC(1) Using 10 workers of 10 for evacuation
[2025-05-20T22:15:34.902+0000][gc,phases   ] GC(1)   Pre Evacuate Collection Set: 0.4ms
[2025-05-20T22:15:34.903+0000][gc,phases   ] GC(1)   Merge Heap Roots: 0.2ms
[2025-05-20T22:15:34.903+0000][gc,phases   ] GC(1)   Evacuate Collection Set: 29.8ms
[2025-05-20T22:15:34.903+0000][gc,phases   ] GC(1)   Post Evacuate Collection Set: 1.1ms
[2025-05-20T22:15:34.903+0000][gc,phases   ] GC(1)   Other: 2.5ms
[2025-05-20T22:15:34.904+0000][gc,heap     ] GC(1) Eden regions: 44->0(55)
[2025-05-20T22:15:34.904+0000][gc,heap     ] GC(1) Survivor regions: 7->3(7)
[2025-05-20T22:15:34.904+0000][gc,heap     ] GC(1) Old regions: 6->15
[2025-05-20T22:15:34.905+0000][gc,heap     ] GC(1) Humongous regions: 1->1
[2025-05-20T22:15:34.905+0000][gc,metaspace] GC(1) Metaspace: 7403K(7680K)->7403K(7680K) NonClass: 6534K(6656K)->6534K(6656K) Class: 869K(1024K)->869K(1024K)
[2025-05-20T22:15:34.905+0000][gc          ] GC(1) Pause Young (Normal) (G1 Evacuation Pause) 57M->17M(1024M) 40.404ms
[2025-05-20T22:15:34.909+0000][gc,cpu      ] GC(1) User=0.04s Sys=0.02s Real=0.04s
[2025-05-20T22:15:35.528+0000][gc,start    ] GC(2) Pause Young (Normal) (G1 Evacuation Pause)
[2025-05-20T22:15:35.529+0000][gc,task     ] GC(2) Using 10 workers of 10 for evacuation
[2025-05-20T22:15:35.543+0000][gc,phases   ] GC(2)   Pre Evacuate Collection Set: 0.4ms
[2025-05-20T22:15:35.543+0000][gc,phases   ] GC(2)   Merge Heap Roots: 0.1ms
[2025-05-20T22:15:35.544+0000][gc,phases   ] GC(2)   Evacuate Collection Set: 10.2ms
[2025-05-20T22:15:35.544+0000][gc,phases   ] GC(2)   Post Evacuate Collection Set: 3.4ms
[2025-05-20T22:15:35.544+0000][gc,phases   ] GC(2)   Other: 0.4ms
[2025-05-20T22:15:35.545+0000][gc,heap     ] GC(2) Eden regions: 62->0(609)
[2025-05-20T22:15:35.545+0000][gc,heap     ] GC(2) Survivor regions: 3->5(9)
[2025-05-20T22:15:35.545+0000][gc,heap     ] GC(2) Old regions: 15->15
[2025-05-20T22:15:35.545+0000][gc,heap     ] GC(2) Humongous regions: 1->1
[2025-05-20T22:15:35.545+0000][gc,metaspace] GC(2) Metaspace: 8660K(8896K)->8660K(8896K) NonClass: 7622K(7744K)->7622K(7744K) Class: 1037K(1152K)->1037K(1152K)
[2025-05-20T22:15:35.545+0000][gc          ] GC(2) Pause Young (Normal) (G1 Evacuation Pause) 79M->20M(1024M) 17.845ms
[2025-05-20T22:15:35.546+0000][gc,cpu      ] GC(2) User=0.08s Sys=0.01s Real=0.02s
[2025-05-20T22:16:24.672+0000][gc,heap,exit] Heap
[2025-05-20T22:16:24.672+0000][gc,heap,exit]  garbage-first heap   total 1048576K, used 405523K [0x00000000c0000000, 0x0000000100000000)
[2025-05-20T22:16:24.672+0000][gc,heap,exit]   region size 1024K, 381 young (390144K), 5 survivors (5120K)
[2025-05-20T22:16:24.672+0000][gc,heap,exit]  Metaspace       used 10229K, committed 10624K, reserved 1114112K
[2025-05-20T22:16:24.673+0000][gc,heap,exit]   class space    used 1160K, committed 1344K, reserved 1048576K
