[2025-05-24T00:20:57.819+0000][gc,init] CardTable entry size: 512
[2025-05-24T00:20:57.819+0000][gc     ] Using G1
[2025-05-24T00:20:57.830+0000][gc,init] Version: 21.0.4+7-LTS (release)
[2025-05-24T00:20:57.830+0000][gc,init] CPUs: 12 total, 12 available
[2025-05-24T00:20:57.831+0000][gc,init] Memory: 15597M
[2025-05-24T00:20:57.831+0000][gc,init] Large Page Support: Disabled
[2025-05-24T00:20:57.831+0000][gc,init] NUMA Support: Disabled
[2025-05-24T00:20:57.831+0000][gc,init] Compressed Oops: Enabled (32-bit)
[2025-05-24T00:20:57.832+0000][gc,init] Heap Region Size: 1M
[2025-05-24T00:20:57.832+0000][gc,init] Heap Min Capacity: 1G
[2025-05-24T00:20:57.833+0000][gc,init] Heap Initial Capacity: 1G
[2025-05-24T00:20:57.833+0000][gc,init] Heap Max Capacity: 1G
[2025-05-24T00:20:57.833+0000][gc,init] Pre-touch: Disabled
[2025-05-24T00:20:57.833+0000][gc,init] Parallel Workers: 10
[2025-05-24T00:20:57.834+0000][gc,init] Concurrent Workers: 3
[2025-05-24T00:20:57.834+0000][gc,init] Concurrent Refinement Workers: 10
[2025-05-24T00:20:57.834+0000][gc,init] Periodic GC: Disabled
[2025-05-24T00:20:57.870+0000][gc,metaspace] CDS archive(s) mapped at: [0x00007ff2a2000000-0x00007ff2a2bbe000-0x00007ff2a5674000), size 57098240, SharedBaseAddress: 0x00007ff2a2000000, ArchiveRelocationMode: 1.
[2025-05-24T00:20:57.870+0000][gc,metaspace] Compressed class space mapped at: 0x00007ff2a6000000-0x00007ff2e6000000, reserved size: 1073741824
[2025-05-24T00:20:57.870+0000][gc,metaspace] Narrow klass base: 0x00007ff2a2000000, Narrow klass shift: 0, Narrow klass range: 0x100000000
[2025-05-24T00:21:03.447+0000][gc,start    ] GC(0) Pause Young (Normal) (G1 Evacuation Pause)
[2025-05-24T00:21:03.466+0000][gc,task     ] GC(0) Using 10 workers of 10 for evacuation
[2025-05-24T00:21:03.554+0000][gc,phases   ] GC(0)   Pre Evacuate Collection Set: 0.4ms
[2025-05-24T00:21:03.558+0000][gc,phases   ] GC(0)   Merge Heap Roots: 0.1ms
[2025-05-24T00:21:03.558+0000][gc,phases   ] GC(0)   Evacuate Collection Set: 54.4ms
[2025-05-24T00:21:03.558+0000][gc,phases   ] GC(0)   Post Evacuate Collection Set: 32.4ms
[2025-05-24T00:21:03.559+0000][gc,phases   ] GC(0)   Other: 16.9ms
[2025-05-24T00:21:03.559+0000][gc,heap     ] GC(0) Eden regions: 51->0(44)
[2025-05-24T00:21:03.559+0000][gc,heap     ] GC(0) Survivor regions: 0->7(7)
[2025-05-24T00:21:03.559+0000][gc,heap     ] GC(0) Old regions: 1->6
[2025-05-24T00:21:03.559+0000][gc,heap     ] GC(0) Humongous regions: 1->1
[2025-05-24T00:21:03.560+0000][gc,metaspace] GC(0) Metaspace: 5542K(5760K)->5542K(5760K) NonClass: 4903K(5056K)->4903K(5056K) Class: 638K(704K)->638K(704K)
[2025-05-24T00:21:03.561+0000][gc          ] GC(0) Pause Young (Normal) (G1 Evacuation Pause) 52M->13M(1024M) 113.184ms
[2025-05-24T00:21:03.561+0000][gc,cpu      ] GC(0) User=0.11s Sys=0.05s Real=0.11s
[2025-05-24T00:21:04.730+0000][gc,start    ] GC(1) Pause Young (Normal) (G1 Evacuation Pause)
[2025-05-24T00:21:04.731+0000][gc,task     ] GC(1) Using 10 workers of 10 for evacuation
[2025-05-24T00:21:04.770+0000][gc,phases   ] GC(1)   Pre Evacuate Collection Set: 0.4ms
[2025-05-24T00:21:04.771+0000][gc,phases   ] GC(1)   Merge Heap Roots: 0.1ms
[2025-05-24T00:21:04.772+0000][gc,phases   ] GC(1)   Evacuate Collection Set: 36.9ms
[2025-05-24T00:21:04.772+0000][gc,phases   ] GC(1)   Post Evacuate Collection Set: 1.0ms
[2025-05-24T00:21:04.772+0000][gc,phases   ] GC(1)   Other: 0.3ms
[2025-05-24T00:21:04.773+0000][gc,heap     ] GC(1) Eden regions: 44->0(54)
[2025-05-24T00:21:04.773+0000][gc,heap     ] GC(1) Survivor regions: 7->3(7)
[2025-05-24T00:21:04.773+0000][gc,heap     ] GC(1) Old regions: 6->14
[2025-05-24T00:21:04.773+0000][gc,heap     ] GC(1) Humongous regions: 1->1
[2025-05-24T00:21:04.773+0000][gc,metaspace] GC(1) Metaspace: 6944K(7232K)->6944K(7232K) NonClass: 6112K(6272K)->6112K(6272K) Class: 832K(960K)->832K(960K)
[2025-05-24T00:21:04.774+0000][gc          ] GC(1) Pause Young (Normal) (G1 Evacuation Pause) 57M->17M(1024M) 43.561ms
[2025-05-24T00:21:04.774+0000][gc,cpu      ] GC(1) User=0.05s Sys=0.00s Real=0.05s
[2025-05-24T00:21:05.683+0000][gc,start    ] GC(2) Pause Young (Normal) (G1 Evacuation Pause)
[2025-05-24T00:21:05.684+0000][gc,task     ] GC(2) Using 10 workers of 10 for evacuation
[2025-05-24T00:21:05.690+0000][gc,phases   ] GC(2)   Pre Evacuate Collection Set: 0.4ms
[2025-05-24T00:21:05.691+0000][gc,phases   ] GC(2)   Merge Heap Roots: 0.2ms
[2025-05-24T00:21:05.691+0000][gc,phases   ] GC(2)   Evacuate Collection Set: 5.1ms
[2025-05-24T00:21:05.691+0000][gc,phases   ] GC(2)   Post Evacuate Collection Set: 0.7ms
[2025-05-24T00:21:05.691+0000][gc,phases   ] GC(2)   Other: 0.3ms
[2025-05-24T00:21:05.691+0000][gc,heap     ] GC(2) Eden regions: 61->0(123)
[2025-05-24T00:21:05.692+0000][gc,heap     ] GC(2) Survivor regions: 3->5(8)
[2025-05-24T00:21:05.692+0000][gc,heap     ] GC(2) Old regions: 14->14
[2025-05-24T00:21:05.692+0000][gc,heap     ] GC(2) Humongous regions: 10->10
[2025-05-24T00:21:05.692+0000][gc,metaspace] GC(2) Metaspace: 8536K(8832K)->8536K(8832K) NonClass: 7511K(7680K)->7511K(7680K) Class: 1024K(1152K)->1024K(1152K)
[2025-05-24T00:21:05.692+0000][gc          ] GC(2) Pause Young (Normal) (G1 Evacuation Pause) 87M->28M(1024M) 9.104ms
[2025-05-24T00:21:05.693+0000][gc,cpu      ] GC(2) User=0.02s Sys=0.00s Real=0.01s
[2025-05-24T00:21:23.788+0000][gc,start    ] GC(3) Pause Young (Normal) (G1 Evacuation Pause)
[2025-05-24T00:21:23.788+0000][gc,task     ] GC(3) Using 10 workers of 10 for evacuation
[2025-05-24T00:21:23.797+0000][gc,phases   ] GC(3)   Pre Evacuate Collection Set: 0.3ms
[2025-05-24T00:21:23.797+0000][gc,phases   ] GC(3)   Merge Heap Roots: 0.2ms
[2025-05-24T00:21:23.797+0000][gc,phases   ] GC(3)   Evacuate Collection Set: 6.4ms
[2025-05-24T00:21:23.797+0000][gc,phases   ] GC(3)   Post Evacuate Collection Set: 1.3ms
[2025-05-24T00:21:23.798+0000][gc,phases   ] GC(3)   Other: 0.4ms
[2025-05-24T00:21:23.798+0000][gc,heap     ] GC(3) Eden regions: 128->0(609)
[2025-05-24T00:21:23.798+0000][gc,heap     ] GC(3) Survivor regions: 5->5(17)
[2025-05-24T00:21:23.798+0000][gc,heap     ] GC(3) Old regions: 14->14
[2025-05-24T00:21:23.798+0000][gc,heap     ] GC(3) Humongous regions: 10->10
[2025-05-24T00:21:23.798+0000][gc,metaspace] GC(3) Metaspace: 9821K(10176K)->9821K(10176K) NonClass: 8746K(8896K)->8746K(8896K) Class: 1075K(1280K)->1075K(1280K)
[2025-05-24T00:21:23.799+0000][gc          ] GC(3) Pause Young (Normal) (G1 Evacuation Pause) 156M->28M(1024M) 11.105ms
[2025-05-24T00:21:23.799+0000][gc,cpu      ] GC(3) User=0.05s Sys=0.00s Real=0.01s
[2025-05-24T00:22:23.970+0000][gc,start    ] GC(4) Pause Young (Normal) (G1 Evacuation Pause)
[2025-05-24T00:22:23.970+0000][gc,task     ] GC(4) Using 10 workers of 10 for evacuation
[2025-05-24T00:22:23.980+0000][gc,phases   ] GC(4)   Pre Evacuate Collection Set: 0.4ms
[2025-05-24T00:22:23.980+0000][gc,phases   ] GC(4)   Merge Heap Roots: 0.3ms
[2025-05-24T00:22:23.980+0000][gc,phases   ] GC(4)   Evacuate Collection Set: 7.0ms
[2025-05-24T00:22:23.980+0000][gc,phases   ] GC(4)   Post Evacuate Collection Set: 1.3ms
[2025-05-24T00:22:23.980+0000][gc,phases   ] GC(4)   Other: 0.4ms
[2025-05-24T00:22:23.981+0000][gc,heap     ] GC(4) Eden regions: 609->0(607)
[2025-05-24T00:22:23.981+0000][gc,heap     ] GC(4) Survivor regions: 5->7(77)
[2025-05-24T00:22:23.981+0000][gc,heap     ] GC(4) Old regions: 14->14
[2025-05-24T00:22:23.981+0000][gc,heap     ] GC(4) Humongous regions: 10->10
[2025-05-24T00:22:23.981+0000][gc,metaspace] GC(4) Metaspace: 10557K(10944K)->10557K(10944K) NonClass: 9468K(9664K)->9468K(9664K) Class: 1088K(1280K)->1088K(1280K)
[2025-05-24T00:22:23.981+0000][gc          ] GC(4) Pause Young (Normal) (G1 Evacuation Pause) 637M->29M(1024M) 11.234ms
[2025-05-24T00:22:23.981+0000][gc,cpu      ] GC(4) User=0.00s Sys=0.05s Real=0.01s
[2025-05-24T00:23:24.155+0000][gc,start    ] GC(5) Pause Young (Normal) (G1 Evacuation Pause)
[2025-05-24T00:23:24.155+0000][gc,task     ] GC(5) Using 10 workers of 10 for evacuation
[2025-05-24T00:23:24.169+0000][gc,phases   ] GC(5)   Pre Evacuate Collection Set: 1.1ms
[2025-05-24T00:23:24.169+0000][gc,phases   ] GC(5)   Merge Heap Roots: 0.4ms
[2025-05-24T00:23:24.169+0000][gc,phases   ] GC(5)   Evacuate Collection Set: 8.3ms
[2025-05-24T00:23:24.170+0000][gc,phases   ] GC(5)   Post Evacuate Collection Set: 2.9ms
[2025-05-24T00:23:24.170+0000][gc,phases   ] GC(5)   Other: 0.6ms
[2025-05-24T00:23:24.171+0000][gc,heap     ] GC(5) Eden regions: 607->0(607)
[2025-05-24T00:23:24.171+0000][gc,heap     ] GC(5) Survivor regions: 7->7(77)
[2025-05-24T00:23:24.171+0000][gc,heap     ] GC(5) Old regions: 14->14
[2025-05-24T00:23:24.171+0000][gc,heap     ] GC(5) Humongous regions: 10->10
[2025-05-24T00:23:24.172+0000][gc,metaspace] GC(5) Metaspace: 10920K(11264K)->10920K(11264K) NonClass: 9828K(9984K)->9828K(9984K) Class: 1092K(1280K)->1092K(1280K)
[2025-05-24T00:23:24.172+0000][gc          ] GC(5) Pause Young (Normal) (G1 Evacuation Pause) 636M->30M(1024M) 17.033ms
[2025-05-24T00:23:24.172+0000][gc,cpu      ] GC(5) User=0.08s Sys=0.00s Real=0.01s
[2025-05-24T00:24:24.295+0000][gc,start    ] GC(6) Pause Young (Normal) (G1 Evacuation Pause)
[2025-05-24T00:24:24.296+0000][gc,task     ] GC(6) Using 10 workers of 10 for evacuation
[2025-05-24T00:24:24.307+0000][gc,phases   ] GC(6)   Pre Evacuate Collection Set: 0.5ms
[2025-05-24T00:24:24.307+0000][gc,phases   ] GC(6)   Merge Heap Roots: 0.3ms
[2025-05-24T00:24:24.308+0000][gc,phases   ] GC(6)   Evacuate Collection Set: 8.2ms
[2025-05-24T00:24:24.308+0000][gc,phases   ] GC(6)   Post Evacuate Collection Set: 1.7ms
[2025-05-24T00:24:24.308+0000][gc,phases   ] GC(6)   Other: 0.5ms
[2025-05-24T00:24:24.308+0000][gc,heap     ] GC(6) Eden regions: 607->0(606)
[2025-05-24T00:24:24.309+0000][gc,heap     ] GC(6) Survivor regions: 7->8(77)
[2025-05-24T00:24:24.309+0000][gc,heap     ] GC(6) Old regions: 14->14
[2025-05-24T00:24:24.309+0000][gc,heap     ] GC(6) Humongous regions: 10->10
[2025-05-24T00:24:24.310+0000][gc,metaspace] GC(6) Metaspace: 11127K(11456K)->11127K(11456K) NonClass: 10026K(10176K)->10026K(10176K) Class: 1100K(1280K)->1100K(1280K)
[2025-05-24T00:24:24.310+0000][gc          ] GC(6) Pause Young (Normal) (G1 Evacuation Pause) 637M->31M(1024M) 14.920ms
[2025-05-24T00:24:24.310+0000][gc,cpu      ] GC(6) User=0.06s Sys=0.00s Real=0.02s
[2025-05-24T00:25:33.763+0000][gc,start    ] GC(7) Pause Young (Normal) (G1 Evacuation Pause)
[2025-05-24T00:25:33.764+0000][gc,task     ] GC(7) Using 10 workers of 10 for evacuation
[2025-05-24T00:25:33.772+0000][gc,phases   ] GC(7)   Pre Evacuate Collection Set: 0.8ms
[2025-05-24T00:25:33.772+0000][gc,phases   ] GC(7)   Merge Heap Roots: 0.6ms
[2025-05-24T00:25:33.773+0000][gc,phases   ] GC(7)   Evacuate Collection Set: 4.1ms
[2025-05-24T00:25:33.773+0000][gc,phases   ] GC(7)   Post Evacuate Collection Set: 1.9ms
[2025-05-24T00:25:33.774+0000][gc,phases   ] GC(7)   Other: 0.5ms
[2025-05-24T00:25:33.775+0000][gc,heap     ] GC(7) Eden regions: 606->0(607)
[2025-05-24T00:25:33.775+0000][gc,heap     ] GC(7) Survivor regions: 8->7(77)
[2025-05-24T00:25:33.775+0000][gc,heap     ] GC(7) Old regions: 14->14
[2025-05-24T00:25:33.776+0000][gc,heap     ] GC(7) Humongous regions: 10->10
[2025-05-24T00:25:33.776+0000][gc,metaspace] GC(7) Metaspace: 11321K(11712K)->11321K(11712K) NonClass: 10219K(10432K)->10219K(10432K) Class: 1102K(1280K)->1102K(1280K)
[2025-05-24T00:25:33.777+0000][gc          ] GC(7) Pause Young (Normal) (G1 Evacuation Pause) 637M->29M(1024M) 13.746ms
[2025-05-24T00:25:33.777+0000][gc,cpu      ] GC(7) User=0.03s Sys=0.01s Real=0.02s
[2025-05-24T00:26:33.874+0000][gc,start    ] GC(8) Pause Young (Normal) (G1 Evacuation Pause)
[2025-05-24T00:26:33.875+0000][gc,task     ] GC(8) Using 10 workers of 10 for evacuation
[2025-05-24T00:26:33.884+0000][gc,phases   ] GC(8)   Pre Evacuate Collection Set: 0.4ms
[2025-05-24T00:26:33.884+0000][gc,phases   ] GC(8)   Merge Heap Roots: 0.3ms
[2025-05-24T00:26:33.885+0000][gc,phases   ] GC(8)   Evacuate Collection Set: 5.9ms
[2025-05-24T00:26:33.885+0000][gc,phases   ] GC(8)   Post Evacuate Collection Set: 1.9ms
[2025-05-24T00:26:33.885+0000][gc,phases   ] GC(8)   Other: 0.7ms
[2025-05-24T00:26:33.886+0000][gc,heap     ] GC(8) Eden regions: 607->0(607)
[2025-05-24T00:26:33.886+0000][gc,heap     ] GC(8) Survivor regions: 7->7(77)
[2025-05-24T00:26:33.887+0000][gc,heap     ] GC(8) Old regions: 14->14
[2025-05-24T00:26:33.887+0000][gc,heap     ] GC(8) Humongous regions: 10->10
[2025-05-24T00:26:33.887+0000][gc,metaspace] GC(8) Metaspace: 11421K(11776K)->11421K(11776K) NonClass: 10316K(10496K)->10316K(10496K) Class: 1104K(1280K)->1104K(1280K)
[2025-05-24T00:26:33.888+0000][gc          ] GC(8) Pause Young (Normal) (G1 Evacuation Pause) 636M->30M(1024M) 13.821ms
[2025-05-24T00:26:33.889+0000][gc,cpu      ] GC(8) User=0.04s Sys=0.01s Real=0.01s
[2025-05-24T00:27:38.766+0000][gc,heap,exit] Heap
[2025-05-24T00:27:38.766+0000][gc,heap,exit]  garbage-first heap   total 1048576K, used 591201K [0x00000000c0000000, 0x0000000100000000)
[2025-05-24T00:27:38.766+0000][gc,heap,exit]   region size 1024K, 554 young (567296K), 7 survivors (7168K)
[2025-05-24T00:27:38.766+0000][gc,heap,exit]  Metaspace       used 11894K, committed 12288K, reserved 1114112K
[2025-05-24T00:27:38.766+0000][gc,heap,exit]   class space    used 1192K, committed 1408K, reserved 1048576K
