[2025-05-20T14:45:17.640+0000][gc,init] CardTable entry size: 512
[2025-05-20T14:45:17.650+0000][gc     ] Using G1
[2025-05-20T14:45:17.668+0000][gc,init] Version: 21.0.4+7-LTS (release)
[2025-05-20T14:45:17.669+0000][gc,init] CPUs: 12 total, 12 available
[2025-05-20T14:45:17.673+0000][gc,init] Memory: 15597M
[2025-05-20T14:45:17.674+0000][gc,init] Large Page Support: Disabled
[2025-05-20T14:45:17.675+0000][gc,init] NUMA Support: Disabled
[2025-05-20T14:45:17.676+0000][gc,init] Compressed Oops: Enabled (32-bit)
[2025-05-20T14:45:17.677+0000][gc,init] Heap Region Size: 1M
[2025-05-20T14:45:17.677+0000][gc,init] Heap Min Capacity: 1G
[2025-05-20T14:45:17.677+0000][gc,init] Heap Initial Capacity: 1G
[2025-05-20T14:45:17.678+0000][gc,init] Heap Max Capacity: 1G
[2025-05-20T14:45:17.678+0000][gc,init] Pre-touch: Disabled
[2025-05-20T14:45:17.678+0000][gc,init] Parallel Workers: 10
[2025-05-20T14:45:17.678+0000][gc,init] Concurrent Workers: 3
[2025-05-20T14:45:17.678+0000][gc,init] Concurrent Refinement Workers: 10
[2025-05-20T14:45:17.678+0000][gc,init] Periodic GC: Disabled
[2025-05-20T14:45:17.723+0000][gc,metaspace] CDS archive(s) mapped at: [0x00007f00fb000000-0x00007f00fbbbe000-0x00007f00fe674000), size 57098240, SharedBaseAddress: 0x00007f00fb000000, ArchiveRelocationMode: 1.
[2025-05-20T14:45:17.729+0000][gc,metaspace] Compressed class space mapped at: 0x00007f00ff000000-0x00007f013f000000, reserved size: 1073741824
[2025-05-20T14:45:17.732+0000][gc,metaspace] Narrow klass base: 0x00007f00fb000000, Narrow klass shift: 0, Narrow klass range: 0x100000000
[2025-05-20T14:45:21.082+0000][gc,start    ] GC(0) Pause Young (Normal) (G1 Evacuation Pause)
[2025-05-20T14:45:21.087+0000][gc,task     ] GC(0) Using 10 workers of 10 for evacuation
[2025-05-20T14:45:21.127+0000][gc,phases   ] GC(0)   Pre Evacuate Collection Set: 0.3ms
[2025-05-20T14:45:21.128+0000][gc,phases   ] GC(0)   Merge Heap Roots: 0.2ms
[2025-05-20T14:45:21.128+0000][gc,phases   ] GC(0)   Evacuate Collection Set: 35.9ms
[2025-05-20T14:45:21.128+0000][gc,phases   ] GC(0)   Post Evacuate Collection Set: 3.0ms
[2025-05-20T14:45:21.129+0000][gc,phases   ] GC(0)   Other: 3.6ms
[2025-05-20T14:45:21.129+0000][gc,heap     ] GC(0) Eden regions: 51->0(44)
[2025-05-20T14:45:21.129+0000][gc,heap     ] GC(0) Survivor regions: 0->7(7)
[2025-05-20T14:45:21.129+0000][gc,heap     ] GC(0) Old regions: 1->6
[2025-05-20T14:45:21.129+0000][gc,heap     ] GC(0) Humongous regions: 1->1
[2025-05-20T14:45:21.129+0000][gc,metaspace] GC(0) Metaspace: 5700K(5952K)->5700K(5952K) NonClass: 5032K(5184K)->5032K(5184K) Class: 667K(768K)->667K(768K)
[2025-05-20T14:45:21.130+0000][gc          ] GC(0) Pause Young (Normal) (G1 Evacuation Pause) 52M->13M(1024M) 47.189ms
[2025-05-20T14:45:21.130+0000][gc,cpu      ] GC(0) User=0.06s Sys=0.05s Real=0.04s
[2025-05-20T14:45:24.468+0000][gc,start    ] GC(1) Pause Young (Normal) (G1 Evacuation Pause)
[2025-05-20T14:45:24.469+0000][gc,task     ] GC(1) Using 10 workers of 10 for evacuation
[2025-05-20T14:45:24.482+0000][gc,phases   ] GC(1)   Pre Evacuate Collection Set: 0.3ms
[2025-05-20T14:45:24.482+0000][gc,phases   ] GC(1)   Merge Heap Roots: 0.1ms
[2025-05-20T14:45:24.482+0000][gc,phases   ] GC(1)   Evacuate Collection Set: 11.3ms
[2025-05-20T14:45:24.483+0000][gc,phases   ] GC(1)   Post Evacuate Collection Set: 1.3ms
[2025-05-20T14:45:24.483+0000][gc,phases   ] GC(1)   Other: 0.4ms
[2025-05-20T14:45:24.483+0000][gc,heap     ] GC(1) Eden regions: 44->0(57)
[2025-05-20T14:45:24.483+0000][gc,heap     ] GC(1) Survivor regions: 7->4(7)
[2025-05-20T14:45:24.483+0000][gc,heap     ] GC(1) Old regions: 6->14
[2025-05-20T14:45:24.483+0000][gc,heap     ] GC(1) Humongous regions: 1->1
[2025-05-20T14:45:24.484+0000][gc,metaspace] GC(1) Metaspace: 7980K(8256K)->7980K(8256K) NonClass: 7123K(7296K)->7123K(7296K) Class: 857K(960K)->857K(960K)
[2025-05-20T14:45:24.484+0000][gc          ] GC(1) Pause Young (Normal) (G1 Evacuation Pause) 57M->17M(1024M) 15.540ms
[2025-05-20T14:45:24.484+0000][gc,cpu      ] GC(1) User=0.03s Sys=0.03s Real=0.02s
[2025-05-20T14:45:25.268+0000][gc,start    ] GC(2) Pause Young (Normal) (G1 Evacuation Pause)
[2025-05-20T14:45:25.269+0000][gc,task     ] GC(2) Using 10 workers of 10 for evacuation
[2025-05-20T14:45:25.284+0000][gc,phases   ] GC(2)   Pre Evacuate Collection Set: 0.3ms
[2025-05-20T14:45:25.284+0000][gc,phases   ] GC(2)   Merge Heap Roots: 0.1ms
[2025-05-20T14:45:25.284+0000][gc,phases   ] GC(2)   Evacuate Collection Set: 13.4ms
[2025-05-20T14:45:25.285+0000][gc,phases   ] GC(2)   Post Evacuate Collection Set: 0.9ms
[2025-05-20T14:45:25.285+0000][gc,phases   ] GC(2)   Other: 0.6ms
[2025-05-20T14:45:25.286+0000][gc,heap     ] GC(2) Eden regions: 64->0(249)
[2025-05-20T14:45:25.286+0000][gc,heap     ] GC(2) Survivor regions: 4->6(9)
[2025-05-20T14:45:25.286+0000][gc,heap     ] GC(2) Old regions: 14->14
[2025-05-20T14:45:25.286+0000][gc,heap     ] GC(2) Humongous regions: 1->1
[2025-05-20T14:45:25.286+0000][gc,metaspace] GC(2) Metaspace: 8901K(9216K)->8901K(9216K) NonClass: 7909K(8064K)->7909K(8064K) Class: 992K(1152K)->992K(1152K)
[2025-05-20T14:45:25.286+0000][gc          ] GC(2) Pause Young (Normal) (G1 Evacuation Pause) 81M->20M(1024M) 18.316ms
[2025-05-20T14:45:25.287+0000][gc,cpu      ] GC(2) User=0.08s Sys=0.01s Real=0.02s
[2025-05-20T14:45:36.736+0000][gc,start    ] GC(3) Pause Young (Normal) (G1 Evacuation Pause)
[2025-05-20T14:45:36.737+0000][gc,task     ] GC(3) Using 10 workers of 10 for evacuation
[2025-05-20T14:45:36.743+0000][gc,phases   ] GC(3)   Pre Evacuate Collection Set: 0.3ms
[2025-05-20T14:45:36.743+0000][gc,phases   ] GC(3)   Merge Heap Roots: 0.2ms
[2025-05-20T14:45:36.743+0000][gc,phases   ] GC(3)   Evacuate Collection Set: 4.6ms
[2025-05-20T14:45:36.744+0000][gc,phases   ] GC(3)   Post Evacuate Collection Set: 0.8ms
[2025-05-20T14:45:36.744+0000][gc,phases   ] GC(3)   Other: 0.4ms
[2025-05-20T14:45:36.744+0000][gc,heap     ] GC(3) Eden regions: 266->0(609)
[2025-05-20T14:45:36.744+0000][gc,heap     ] GC(3) Survivor regions: 6->5(34)
[2025-05-20T14:45:36.744+0000][gc,heap     ] GC(3) Old regions: 14->14
[2025-05-20T14:45:36.744+0000][gc,heap     ] GC(3) Humongous regions: 1->1
[2025-05-20T14:45:36.744+0000][gc,metaspace] GC(3) Metaspace: 9916K(10304K)->9916K(10304K) NonClass: 8839K(9024K)->8839K(9024K) Class: 1076K(1280K)->1076K(1280K)
[2025-05-20T14:45:36.744+0000][gc          ] GC(3) Pause Young (Normal) (G1 Evacuation Pause) 286M->19M(1024M) 8.071ms
[2025-05-20T14:45:36.745+0000][gc,cpu      ] GC(3) User=0.00s Sys=0.03s Real=0.01s
[2025-05-20T14:46:02.755+0000][gc,start    ] GC(4) Pause Young (Normal) (G1 Evacuation Pause)
[2025-05-20T14:46:02.755+0000][gc,task     ] GC(4) Using 10 workers of 10 for evacuation
[2025-05-20T14:46:02.763+0000][gc,phases   ] GC(4)   Pre Evacuate Collection Set: 0.9ms
[2025-05-20T14:46:02.763+0000][gc,phases   ] GC(4)   Merge Heap Roots: 0.2ms
[2025-05-20T14:46:02.763+0000][gc,phases   ] GC(4)   Evacuate Collection Set: 4.5ms
[2025-05-20T14:46:02.763+0000][gc,phases   ] GC(4)   Post Evacuate Collection Set: 1.1ms
[2025-05-20T14:46:02.763+0000][gc,phases   ] GC(4)   Other: 0.3ms
[2025-05-20T14:46:02.763+0000][gc,heap     ] GC(4) Eden regions: 609->0(609)
[2025-05-20T14:46:02.764+0000][gc,heap     ] GC(4) Survivor regions: 5->5(77)
[2025-05-20T14:46:02.764+0000][gc,heap     ] GC(4) Old regions: 14->14
[2025-05-20T14:46:02.764+0000][gc,heap     ] GC(4) Humongous regions: 1->1
[2025-05-20T14:46:02.764+0000][gc,metaspace] GC(4) Metaspace: 10306K(10688K)->10306K(10688K) NonClass: 9224K(9408K)->9224K(9408K) Class: 1081K(1280K)->1081K(1280K)
[2025-05-20T14:46:02.764+0000][gc          ] GC(4) Pause Young (Normal) (G1 Evacuation Pause) 628M->19M(1024M) 9.242ms
[2025-05-20T14:46:02.765+0000][gc,cpu      ] GC(4) User=0.00s Sys=0.05s Real=0.01s
[2025-05-20T14:46:24.358+0000][gc,start    ] GC(5) Pause Young (Normal) (G1 Evacuation Pause)
[2025-05-20T14:46:24.359+0000][gc,task     ] GC(5) Using 10 workers of 10 for evacuation
[2025-05-20T14:46:24.366+0000][gc,phases   ] GC(5)   Pre Evacuate Collection Set: 1.0ms
[2025-05-20T14:46:24.366+0000][gc,phases   ] GC(5)   Merge Heap Roots: 0.2ms
[2025-05-20T14:46:24.367+0000][gc,phases   ] GC(5)   Evacuate Collection Set: 4.7ms
[2025-05-20T14:46:24.367+0000][gc,phases   ] GC(5)   Post Evacuate Collection Set: 1.1ms
[2025-05-20T14:46:24.367+0000][gc,phases   ] GC(5)   Other: 0.4ms
[2025-05-20T14:46:24.367+0000][gc,heap     ] GC(5) Eden regions: 609->0(607)
[2025-05-20T14:46:24.367+0000][gc,heap     ] GC(5) Survivor regions: 5->7(77)
[2025-05-20T14:46:24.368+0000][gc,heap     ] GC(5) Old regions: 14->14
[2025-05-20T14:46:24.368+0000][gc,heap     ] GC(5) Humongous regions: 1->1
[2025-05-20T14:46:24.368+0000][gc,metaspace] GC(5) Metaspace: 10533K(10944K)->10533K(10944K) NonClass: 9444K(9664K)->9444K(9664K) Class: 1089K(1280K)->1089K(1280K)
[2025-05-20T14:46:24.368+0000][gc          ] GC(5) Pause Young (Normal) (G1 Evacuation Pause) 628M->21M(1024M) 9.933ms
[2025-05-20T14:46:24.368+0000][gc,cpu      ] GC(5) User=0.03s Sys=0.02s Real=0.01s
[2025-05-20T14:46:49.317+0000][gc,start    ] GC(6) Pause Young (Normal) (G1 Evacuation Pause)
[2025-05-20T14:46:49.317+0000][gc,task     ] GC(6) Using 10 workers of 10 for evacuation
[2025-05-20T14:46:49.321+0000][gc,phases   ] GC(6)   Pre Evacuate Collection Set: 0.7ms
[2025-05-20T14:46:49.322+0000][gc,phases   ] GC(6)   Merge Heap Roots: 0.2ms
[2025-05-20T14:46:49.322+0000][gc,phases   ] GC(6)   Evacuate Collection Set: 2.2ms
[2025-05-20T14:46:49.322+0000][gc,phases   ] GC(6)   Post Evacuate Collection Set: 1.0ms
[2025-05-20T14:46:49.322+0000][gc,phases   ] GC(6)   Other: 0.3ms
[2025-05-20T14:46:49.322+0000][gc,heap     ] GC(6) Eden regions: 607->0(609)
[2025-05-20T14:46:49.322+0000][gc,heap     ] GC(6) Survivor regions: 7->5(77)
[2025-05-20T14:46:49.322+0000][gc,heap     ] GC(6) Old regions: 14->14
[2025-05-20T14:46:49.323+0000][gc,heap     ] GC(6) Humongous regions: 1->1
[2025-05-20T14:46:49.323+0000][gc,metaspace] GC(6) Metaspace: 10599K(10944K)->10599K(10944K) NonClass: 9510K(9664K)->9510K(9664K) Class: 1089K(1280K)->1089K(1280K)
[2025-05-20T14:46:49.323+0000][gc          ] GC(6) Pause Young (Normal) (G1 Evacuation Pause) 628M->19M(1024M) 6.050ms
[2025-05-20T14:46:49.323+0000][gc,cpu      ] GC(6) User=0.01s Sys=0.01s Real=0.00s
[2025-05-20T14:47:17.187+0000][gc,heap,exit] Heap
[2025-05-20T14:47:17.187+0000][gc,heap,exit]  garbage-first heap   total 1048576K, used 638209K [0x00000000c0000000, 0x0000000100000000)
[2025-05-20T14:47:17.187+0000][gc,heap,exit]   region size 1024K, 609 young (623616K), 5 survivors (5120K)
[2025-05-20T14:47:17.187+0000][gc,heap,exit]  Metaspace       used 11068K, committed 11456K, reserved 1114112K
[2025-05-20T14:47:17.187+0000][gc,heap,exit]   class space    used 1171K, committed 1344K, reserved 1048576K
