[2025-05-20T14:55:35.202+0000][gc,init] CardTable entry size: 512
[2025-05-20T14:55:35.202+0000][gc     ] Using G1
[2025-05-20T14:55:35.243+0000][gc,init] Version: 21.0.4+7-LTS (release)
[2025-05-20T14:55:35.243+0000][gc,init] CPUs: 12 total, 12 available
[2025-05-20T14:55:35.244+0000][gc,init] Memory: 15597M
[2025-05-20T14:55:35.244+0000][gc,init] Large Page Support: Disabled
[2025-05-20T14:55:35.244+0000][gc,init] NUMA Support: Disabled
[2025-05-20T14:55:35.245+0000][gc,init] Compressed Oops: Enabled (32-bit)
[2025-05-20T14:55:35.245+0000][gc,init] Heap Region Size: 1M
[2025-05-20T14:55:35.245+0000][gc,init] Heap Min Capacity: 1G
[2025-05-20T14:55:35.245+0000][gc,init] Heap Initial Capacity: 1G
[2025-05-20T14:55:35.245+0000][gc,init] Heap Max Capacity: 1G
[2025-05-20T14:55:35.245+0000][gc,init] Pre-touch: Disabled
[2025-05-20T14:55:35.246+0000][gc,init] Parallel Workers: 10
[2025-05-20T14:55:35.246+0000][gc,init] Concurrent Workers: 3
[2025-05-20T14:55:35.246+0000][gc,init] Concurrent Refinement Workers: 10
[2025-05-20T14:55:35.246+0000][gc,init] Periodic GC: Disabled
[2025-05-20T14:55:35.329+0000][gc,metaspace] CDS archive(s) mapped at: [0x00007f4d00000000-0x00007f4d00bbe000-0x00007f4d03674000), size 57098240, SharedBaseAddress: 0x00007f4d00000000, ArchiveRelocationMode: 1.
[2025-05-20T14:55:35.329+0000][gc,metaspace] Compressed class space mapped at: 0x00007f4d04000000-0x00007f4d44000000, reserved size: 1073741824
[2025-05-20T14:55:35.330+0000][gc,metaspace] Narrow klass base: 0x00007f4d00000000, Narrow klass shift: 0, Narrow klass range: 0x100000000
[2025-05-20T14:55:40.222+0000][gc,start    ] GC(0) Pause Young (Normal) (G1 Evacuation Pause)
[2025-05-20T14:55:40.232+0000][gc,task     ] GC(0) Using 10 workers of 10 for evacuation
[2025-05-20T14:55:40.269+0000][gc,phases   ] GC(0)   Pre Evacuate Collection Set: 0.3ms
[2025-05-20T14:55:40.269+0000][gc,phases   ] GC(0)   Merge Heap Roots: 0.1ms
[2025-05-20T14:55:40.270+0000][gc,phases   ] GC(0)   Evacuate Collection Set: 33.8ms
[2025-05-20T14:55:40.270+0000][gc,phases   ] GC(0)   Post Evacuate Collection Set: 2.5ms
[2025-05-20T14:55:40.270+0000][gc,phases   ] GC(0)   Other: 9.1ms
[2025-05-20T14:55:40.270+0000][gc,heap     ] GC(0) Eden regions: 51->0(44)
[2025-05-20T14:55:40.270+0000][gc,heap     ] GC(0) Survivor regions: 0->7(7)
[2025-05-20T14:55:40.270+0000][gc,heap     ] GC(0) Old regions: 1->6
[2025-05-20T14:55:40.271+0000][gc,heap     ] GC(0) Humongous regions: 1->1
[2025-05-20T14:55:40.271+0000][gc,metaspace] GC(0) Metaspace: 5749K(5952K)->5749K(5952K) NonClass: 5100K(5248K)->5100K(5248K) Class: 649K(704K)->649K(704K)
[2025-05-20T14:55:40.271+0000][gc          ] GC(0) Pause Young (Normal) (G1 Evacuation Pause) 52M->13M(1024M) 49.343ms
[2025-05-20T14:55:40.271+0000][gc,cpu      ] GC(0) User=0.08s Sys=0.03s Real=0.05s
[2025-05-20T14:55:44.330+0000][gc,start    ] GC(1) Pause Young (Normal) (G1 Evacuation Pause)
[2025-05-20T14:55:44.331+0000][gc,task     ] GC(1) Using 10 workers of 10 for evacuation
[2025-05-20T14:55:44.342+0000][gc,phases   ] GC(1)   Pre Evacuate Collection Set: 0.3ms
[2025-05-20T14:55:44.343+0000][gc,phases   ] GC(1)   Merge Heap Roots: 0.2ms
[2025-05-20T14:55:44.343+0000][gc,phases   ] GC(1)   Evacuate Collection Set: 9.4ms
[2025-05-20T14:55:44.343+0000][gc,phases   ] GC(1)   Post Evacuate Collection Set: 1.3ms
[2025-05-20T14:55:44.343+0000][gc,phases   ] GC(1)   Other: 0.4ms
[2025-05-20T14:55:44.343+0000][gc,heap     ] GC(1) Eden regions: 44->0(64)
[2025-05-20T14:55:44.344+0000][gc,heap     ] GC(1) Survivor regions: 7->3(7)
[2025-05-20T14:55:44.344+0000][gc,heap     ] GC(1) Old regions: 6->14
[2025-05-20T14:55:44.344+0000][gc,heap     ] GC(1) Humongous regions: 1->1
[2025-05-20T14:55:44.345+0000][gc,metaspace] GC(1) Metaspace: 7948K(8192K)->7948K(8192K) NonClass: 7112K(7232K)->7112K(7232K) Class: 835K(960K)->835K(960K)
[2025-05-20T14:55:44.345+0000][gc          ] GC(1) Pause Young (Normal) (G1 Evacuation Pause) 57M->17M(1024M) 14.632ms
[2025-05-20T14:55:44.345+0000][gc,cpu      ] GC(1) User=0.01s Sys=0.03s Real=0.02s
[2025-05-20T14:55:45.042+0000][gc,start    ] GC(2) Pause Young (Normal) (G1 Evacuation Pause)
[2025-05-20T14:55:45.043+0000][gc,task     ] GC(2) Using 10 workers of 10 for evacuation
[2025-05-20T14:55:45.053+0000][gc,phases   ] GC(2)   Pre Evacuate Collection Set: 0.4ms
[2025-05-20T14:55:45.054+0000][gc,phases   ] GC(2)   Merge Heap Roots: 0.2ms
[2025-05-20T14:55:45.054+0000][gc,phases   ] GC(2)   Evacuate Collection Set: 8.3ms
[2025-05-20T14:55:45.054+0000][gc,phases   ] GC(2)   Post Evacuate Collection Set: 1.0ms
[2025-05-20T14:55:45.054+0000][gc,phases   ] GC(2)   Other: 0.4ms
[2025-05-20T14:55:45.054+0000][gc,heap     ] GC(2) Eden regions: 73->0(562)
[2025-05-20T14:55:45.054+0000][gc,heap     ] GC(2) Survivor regions: 3->6(10)
[2025-05-20T14:55:45.055+0000][gc,heap     ] GC(2) Old regions: 14->14
[2025-05-20T14:55:45.055+0000][gc,heap     ] GC(2) Humongous regions: 1->1
[2025-05-20T14:55:45.055+0000][gc,metaspace] GC(2) Metaspace: 9162K(9472K)->9162K(9472K) NonClass: 8159K(8320K)->8159K(8320K) Class: 1003K(1152K)->1003K(1152K)
[2025-05-20T14:55:45.055+0000][gc          ] GC(2) Pause Young (Normal) (G1 Evacuation Pause) 90M->20M(1024M) 12.890ms
[2025-05-20T14:55:45.055+0000][gc,cpu      ] GC(2) User=0.06s Sys=0.03s Real=0.02s
[2025-05-20T14:56:03.277+0000][gc,heap,exit] Heap
[2025-05-20T14:56:03.278+0000][gc,heap,exit]  garbage-first heap   total 1048576K, used 278449K [0x00000000c0000000, 0x0000000100000000)
[2025-05-20T14:56:03.278+0000][gc,heap,exit]   region size 1024K, 258 young (264192K), 6 survivors (6144K)
[2025-05-20T14:56:03.278+0000][gc,heap,exit]  Metaspace       used 10298K, committed 10688K, reserved 1114112K
[2025-05-20T14:56:03.278+0000][gc,heap,exit]   class space    used 1147K, committed 1344K, reserved 1048576K
