[2025-05-20T22:21:36.980+0000][gc,init] CardTable entry size: 512
[2025-05-20T22:21:36.983+0000][gc     ] Using G1
[2025-05-20T22:21:37.040+0000][gc,init] Version: 21.0.4+7-LTS (release)
[2025-05-20T22:21:37.040+0000][gc,init] CPUs: 12 total, 12 available
[2025-05-20T22:21:37.041+0000][gc,init] Memory: 15597M
[2025-05-20T22:21:37.041+0000][gc,init] Large Page Support: Disabled
[2025-05-20T22:21:37.041+0000][gc,init] NUMA Support: Disabled
[2025-05-20T22:21:37.042+0000][gc,init] Compressed Oops: Enabled (32-bit)
[2025-05-20T22:21:37.042+0000][gc,init] Heap Region Size: 1M
[2025-05-20T22:21:37.042+0000][gc,init] Heap Min Capacity: 1G
[2025-05-20T22:21:37.042+0000][gc,init] Heap Initial Capacity: 1G
[2025-05-20T22:21:37.042+0000][gc,init] Heap Max Capacity: 1G
[2025-05-20T22:21:37.042+0000][gc,init] Pre-touch: Disabled
[2025-05-20T22:21:37.044+0000][gc,init] Parallel Workers: 10
[2025-05-20T22:21:37.045+0000][gc,init] Concurrent Workers: 3
[2025-05-20T22:21:37.045+0000][gc,init] Concurrent Refinement Workers: 10
[2025-05-20T22:21:37.046+0000][gc,init] Periodic GC: Disabled
[2025-05-20T22:21:37.104+0000][gc,metaspace] CDS archive(s) mapped at: [0x00007f3c96000000-0x00007f3c96bbe000-0x00007f3c99674000), size 57098240, SharedBaseAddress: 0x00007f3c96000000, ArchiveRelocationMode: 1.
[2025-05-20T22:21:37.120+0000][gc,metaspace] Compressed class space mapped at: 0x00007f3c9a000000-0x00007f3cda000000, reserved size: 1073741824
[2025-05-20T22:21:37.120+0000][gc,metaspace] Narrow klass base: 0x00007f3c96000000, Narrow klass shift: 0, Narrow klass range: 0x100000000
[2025-05-20T22:21:42.025+0000][gc,start    ] GC(0) Pause Young (Normal) (G1 Evacuation Pause)
[2025-05-20T22:21:42.027+0000][gc,task     ] GC(0) Using 10 workers of 10 for evacuation
[2025-05-20T22:21:42.067+0000][gc,phases   ] GC(0)   Pre Evacuate Collection Set: 0.4ms
[2025-05-20T22:21:42.067+0000][gc,phases   ] GC(0)   Merge Heap Roots: 0.1ms
[2025-05-20T22:21:42.067+0000][gc,phases   ] GC(0)   Evacuate Collection Set: 36.6ms
[2025-05-20T22:21:42.067+0000][gc,phases   ] GC(0)   Post Evacuate Collection Set: 2.1ms
[2025-05-20T22:21:42.068+0000][gc,phases   ] GC(0)   Other: 2.5ms
[2025-05-20T22:21:42.069+0000][gc,heap     ] GC(0) Eden regions: 51->0(44)
[2025-05-20T22:21:42.069+0000][gc,heap     ] GC(0) Survivor regions: 0->7(7)
[2025-05-20T22:21:42.069+0000][gc,heap     ] GC(0) Old regions: 1->6
[2025-05-20T22:21:42.069+0000][gc,heap     ] GC(0) Humongous regions: 1->1
[2025-05-20T22:21:42.069+0000][gc,metaspace] GC(0) Metaspace: 5736K(6016K)->5736K(6016K) NonClass: 5078K(5248K)->5078K(5248K) Class: 657K(768K)->657K(768K)
[2025-05-20T22:21:42.070+0000][gc          ] GC(0) Pause Young (Normal) (G1 Evacuation Pause) 52M->13M(1024M) 45.047ms
[2025-05-20T22:21:42.070+0000][gc,cpu      ] GC(0) User=0.07s Sys=0.03s Real=0.04s
[2025-05-20T22:21:44.438+0000][gc,start    ] GC(1) Pause Young (Normal) (G1 Evacuation Pause)
[2025-05-20T22:21:44.439+0000][gc,task     ] GC(1) Using 10 workers of 10 for evacuation
[2025-05-20T22:21:44.452+0000][gc,phases   ] GC(1)   Pre Evacuate Collection Set: 0.3ms
[2025-05-20T22:21:44.452+0000][gc,phases   ] GC(1)   Merge Heap Roots: 0.1ms
[2025-05-20T22:21:44.452+0000][gc,phases   ] GC(1)   Evacuate Collection Set: 10.8ms
[2025-05-20T22:21:44.452+0000][gc,phases   ] GC(1)   Post Evacuate Collection Set: 1.4ms
[2025-05-20T22:21:44.453+0000][gc,phases   ] GC(1)   Other: 0.4ms
[2025-05-20T22:21:44.453+0000][gc,heap     ] GC(1) Eden regions: 44->0(60)
[2025-05-20T22:21:44.453+0000][gc,heap     ] GC(1) Survivor regions: 7->4(7)
[2025-05-20T22:21:44.453+0000][gc,heap     ] GC(1) Old regions: 6->14
[2025-05-20T22:21:44.453+0000][gc,heap     ] GC(1) Humongous regions: 1->1
[2025-05-20T22:21:44.454+0000][gc,metaspace] GC(1) Metaspace: 7754K(8000K)->7754K(8000K) NonClass: 6902K(7040K)->6902K(7040K) Class: 852K(960K)->852K(960K)
[2025-05-20T22:21:44.454+0000][gc          ] GC(1) Pause Young (Normal) (G1 Evacuation Pause) 57M->18M(1024M) 15.907ms
[2025-05-20T22:21:44.454+0000][gc,cpu      ] GC(1) User=0.06s Sys=0.03s Real=0.02s
[2025-05-20T22:21:45.840+0000][gc,start    ] GC(2) Pause Young (Normal) (G1 Evacuation Pause)
[2025-05-20T22:21:45.841+0000][gc,task     ] GC(2) Using 10 workers of 10 for evacuation
[2025-05-20T22:21:45.890+0000][gc,phases   ] GC(2)   Pre Evacuate Collection Set: 0.4ms
[2025-05-20T22:21:45.892+0000][gc,phases   ] GC(2)   Merge Heap Roots: 0.1ms
[2025-05-20T22:21:45.900+0000][gc,phases   ] GC(2)   Evacuate Collection Set: 38.8ms
[2025-05-20T22:21:45.900+0000][gc,phases   ] GC(2)   Post Evacuate Collection Set: 9.8ms
[2025-05-20T22:21:45.901+0000][gc,phases   ] GC(2)   Other: 0.5ms
[2025-05-20T22:21:45.902+0000][gc,heap     ] GC(2) Eden regions: 67->0(465)
[2025-05-20T22:21:45.902+0000][gc,heap     ] GC(2) Survivor regions: 4->6(9)
[2025-05-20T22:21:45.902+0000][gc,heap     ] GC(2) Old regions: 14->14
[2025-05-20T22:21:45.903+0000][gc,heap     ] GC(2) Humongous regions: 1->1
[2025-05-20T22:21:45.904+0000][gc,metaspace] GC(2) Metaspace: 9252K(9600K)->9252K(9600K) NonClass: 8213K(8384K)->8213K(8384K) Class: 1038K(1216K)->1038K(1216K)
[2025-05-20T22:21:45.906+0000][gc          ] GC(2) Pause Young (Normal) (G1 Evacuation Pause) 85M->20M(1024M) 66.007ms
[2025-05-20T22:21:45.906+0000][gc,cpu      ] GC(2) User=0.06s Sys=0.04s Real=0.07s
[2025-05-20T22:22:44.182+0000][gc,start    ] GC(3) Pause Young (Normal) (G1 Evacuation Pause)
[2025-05-20T22:22:44.183+0000][gc,task     ] GC(3) Using 10 workers of 10 for evacuation
[2025-05-20T22:22:44.191+0000][gc,phases   ] GC(3)   Pre Evacuate Collection Set: 0.6ms
[2025-05-20T22:22:44.191+0000][gc,phases   ] GC(3)   Merge Heap Roots: 0.2ms
[2025-05-20T22:22:44.191+0000][gc,phases   ] GC(3)   Evacuate Collection Set: 5.6ms
[2025-05-20T22:22:44.191+0000][gc,phases   ] GC(3)   Post Evacuate Collection Set: 0.9ms
[2025-05-20T22:22:44.191+0000][gc,phases   ] GC(3)   Other: 0.5ms
[2025-05-20T22:22:44.191+0000][gc,heap     ] GC(3) Eden regions: 501->0(608)
[2025-05-20T22:22:44.191+0000][gc,heap     ] GC(3) Survivor regions: 6->6(64)
[2025-05-20T22:22:44.192+0000][gc,heap     ] GC(3) Old regions: 14->14
[2025-05-20T22:22:44.192+0000][gc,heap     ] GC(3) Humongous regions: 1->1
[2025-05-20T22:22:44.192+0000][gc,metaspace] GC(3) Metaspace: 10386K(10752K)->10386K(10752K) NonClass: 9296K(9472K)->9296K(9472K) Class: 1089K(1280K)->1089K(1280K)
[2025-05-20T22:22:44.192+0000][gc          ] GC(3) Pause Young (Normal) (G1 Evacuation Pause) 521M->20M(1024M) 9.698ms
[2025-05-20T22:22:44.192+0000][gc,cpu      ] GC(3) User=0.02s Sys=0.02s Real=0.01s
[2025-05-20T22:23:54.070+0000][gc,start    ] GC(4) Pause Young (Normal) (G1 Evacuation Pause)
[2025-05-20T22:23:54.070+0000][gc,task     ] GC(4) Using 10 workers of 10 for evacuation
[2025-05-20T22:23:54.078+0000][gc,phases   ] GC(4)   Pre Evacuate Collection Set: 0.4ms
[2025-05-20T22:23:54.078+0000][gc,phases   ] GC(4)   Merge Heap Roots: 0.3ms
[2025-05-20T22:23:54.078+0000][gc,phases   ] GC(4)   Evacuate Collection Set: 5.4ms
[2025-05-20T22:23:54.078+0000][gc,phases   ] GC(4)   Post Evacuate Collection Set: 1.1ms
[2025-05-20T22:23:54.078+0000][gc,phases   ] GC(4)   Other: 0.4ms
[2025-05-20T22:23:54.079+0000][gc,heap     ] GC(4) Eden regions: 608->0(609)
[2025-05-20T22:23:54.079+0000][gc,heap     ] GC(4) Survivor regions: 6->5(77)
[2025-05-20T22:23:54.079+0000][gc,heap     ] GC(4) Old regions: 14->14
[2025-05-20T22:23:54.079+0000][gc,heap     ] GC(4) Humongous regions: 1->1
[2025-05-20T22:23:54.079+0000][gc,metaspace] GC(4) Metaspace: 10795K(11136K)->10795K(11136K) NonClass: 9703K(9856K)->9703K(9856K) Class: 1092K(1280K)->1092K(1280K)
[2025-05-20T22:23:54.079+0000][gc          ] GC(4) Pause Young (Normal) (G1 Evacuation Pause) 628M->19M(1024M) 9.651ms
[2025-05-20T22:23:54.080+0000][gc,cpu      ] GC(4) User=0.04s Sys=0.00s Real=0.01s
[2025-05-20T22:24:33.324+0000][gc,heap,exit] Heap
[2025-05-20T22:24:33.324+0000][gc,heap,exit]  garbage-first heap   total 1048576K, used 384381K [0x00000000c0000000, 0x0000000100000000)
[2025-05-20T22:24:33.325+0000][gc,heap,exit]   region size 1024K, 361 young (369664K), 5 survivors (5120K)
[2025-05-20T22:24:33.325+0000][gc,heap,exit]  Metaspace       used 11210K, committed 11584K, reserved 1114112K
[2025-05-20T22:24:33.326+0000][gc,heap,exit]   class space    used 1177K, committed 1408K, reserved 1048576K
