[2025-05-24T13:06:26.948+0000][gc,init] CardTable entry size: 512
[2025-05-24T13:06:26.955+0000][gc     ] Using G1
[2025-05-24T13:06:26.976+0000][gc,init] Version: 21.0.4+7-LTS (release)
[2025-05-24T13:06:26.978+0000][gc,init] CPUs: 12 total, 12 available
[2025-05-24T13:06:26.978+0000][gc,init] Memory: 15597M
[2025-05-24T13:06:26.979+0000][gc,init] Large Page Support: Disabled
[2025-05-24T13:06:26.979+0000][gc,init] NUMA Support: Disabled
[2025-05-24T13:06:26.979+0000][gc,init] Compressed Oops: Enabled (32-bit)
[2025-05-24T13:06:26.980+0000][gc,init] Heap Region Size: 1M
[2025-05-24T13:06:26.983+0000][gc,init] Heap Min Capacity: 1G
[2025-05-24T13:06:26.986+0000][gc,init] Heap Initial Capacity: 1G
[2025-05-24T13:06:26.986+0000][gc,init] Heap Max Capacity: 1G
[2025-05-24T13:06:26.987+0000][gc,init] Pre-touch: Disabled
[2025-05-24T13:06:26.987+0000][gc,init] Parallel Workers: 10
[2025-05-24T13:06:26.987+0000][gc,init] Concurrent Workers: 3
[2025-05-24T13:06:26.987+0000][gc,init] Concurrent Refinement Workers: 10
[2025-05-24T13:06:26.988+0000][gc,init] Periodic GC: Disabled
[2025-05-24T13:06:27.036+0000][gc,metaspace] CDS archive(s) mapped at: [0x00007f68e6000000-0x00007f68e6bbe000-0x00007f68e9674000), size 57098240, SharedBaseAddress: 0x00007f68e6000000, ArchiveRelocationMode: 1.
[2025-05-24T13:06:27.038+0000][gc,metaspace] Compressed class space mapped at: 0x00007f68ea000000-0x00007f692a000000, reserved size: 1073741824
[2025-05-24T13:06:27.038+0000][gc,metaspace] Narrow klass base: 0x00007f68e6000000, Narrow klass shift: 0, Narrow klass range: 0x100000000
[2025-05-24T13:06:32.624+0000][gc,start    ] GC(0) Pause Young (Normal) (G1 Evacuation Pause)
[2025-05-24T13:06:32.694+0000][gc,task     ] GC(0) Using 10 workers of 10 for evacuation
[2025-05-24T13:06:32.784+0000][gc,phases   ] GC(0)   Pre Evacuate Collection Set: 1.3ms
[2025-05-24T13:06:32.784+0000][gc,phases   ] GC(0)   Merge Heap Roots: 0.1ms
[2025-05-24T13:06:32.784+0000][gc,phases   ] GC(0)   Evacuate Collection Set: 59.5ms
[2025-05-24T13:06:32.785+0000][gc,phases   ] GC(0)   Post Evacuate Collection Set: 26.2ms
[2025-05-24T13:06:32.785+0000][gc,phases   ] GC(0)   Other: 68.7ms
[2025-05-24T13:06:32.785+0000][gc,heap     ] GC(0) Eden regions: 51->0(44)
[2025-05-24T13:06:32.785+0000][gc,heap     ] GC(0) Survivor regions: 0->7(7)
[2025-05-24T13:06:32.785+0000][gc,heap     ] GC(0) Old regions: 1->6
[2025-05-24T13:06:32.785+0000][gc,heap     ] GC(0) Humongous regions: 1->1
[2025-05-24T13:06:32.785+0000][gc,metaspace] GC(0) Metaspace: 6319K(6656K)->6319K(6656K) NonClass: 5586K(5760K)->5586K(5760K) Class: 733K(896K)->733K(896K)
[2025-05-24T13:06:32.786+0000][gc          ] GC(0) Pause Young (Normal) (G1 Evacuation Pause) 52M->13M(1024M) 161.262ms
[2025-05-24T13:06:32.786+0000][gc,cpu      ] GC(0) User=0.08s Sys=0.03s Real=0.16s
[2025-05-24T13:06:39.964+0000][gc,start    ] GC(1) Pause Young (Normal) (G1 Evacuation Pause)
[2025-05-24T13:06:39.964+0000][gc,task     ] GC(1) Using 10 workers of 10 for evacuation
[2025-05-24T13:06:39.975+0000][gc,phases   ] GC(1)   Pre Evacuate Collection Set: 0.3ms
[2025-05-24T13:06:39.975+0000][gc,phases   ] GC(1)   Merge Heap Roots: 0.2ms
[2025-05-24T13:06:39.976+0000][gc,phases   ] GC(1)   Evacuate Collection Set: 8.5ms
[2025-05-24T13:06:39.976+0000][gc,phases   ] GC(1)   Post Evacuate Collection Set: 1.4ms
[2025-05-24T13:06:39.976+0000][gc,phases   ] GC(1)   Other: 0.5ms
[2025-05-24T13:06:39.976+0000][gc,heap     ] GC(1) Eden regions: 44->0(49)
[2025-05-24T13:06:39.976+0000][gc,heap     ] GC(1) Survivor regions: 7->6(7)
[2025-05-24T13:06:39.977+0000][gc,heap     ] GC(1) Old regions: 6->13
[2025-05-24T13:06:39.977+0000][gc,heap     ] GC(1) Humongous regions: 1->1
[2025-05-24T13:06:39.977+0000][gc,metaspace] GC(1) Metaspace: 9035K(9344K)->9035K(9344K) NonClass: 7993K(8192K)->7993K(8192K) Class: 1041K(1152K)->1041K(1152K)
[2025-05-24T13:06:39.977+0000][gc          ] GC(1) Pause Young (Normal) (G1 Evacuation Pause) 57M->18M(1024M) 13.402ms
[2025-05-24T13:06:39.977+0000][gc,cpu      ] GC(1) User=0.06s Sys=0.00s Real=0.01s
[2025-05-24T13:06:40.346+0000][gc,start    ] GC(2) Pause Young (Normal) (G1 Evacuation Pause)
[2025-05-24T13:06:40.346+0000][gc,task     ] GC(2) Using 10 workers of 10 for evacuation
[2025-05-24T13:06:40.358+0000][gc,phases   ] GC(2)   Pre Evacuate Collection Set: 0.4ms
[2025-05-24T13:06:40.359+0000][gc,phases   ] GC(2)   Merge Heap Roots: 0.2ms
[2025-05-24T13:06:40.359+0000][gc,phases   ] GC(2)   Evacuate Collection Set: 10.2ms
[2025-05-24T13:06:40.359+0000][gc,phases   ] GC(2)   Post Evacuate Collection Set: 0.8ms
[2025-05-24T13:06:40.359+0000][gc,phases   ] GC(2)   Other: 0.6ms
[2025-05-24T13:06:40.360+0000][gc,heap     ] GC(2) Eden regions: 55->0(528)
[2025-05-24T13:06:40.360+0000][gc,heap     ] GC(2) Survivor regions: 6->2(8)
[2025-05-24T13:06:40.360+0000][gc,heap     ] GC(2) Old regions: 13->18
[2025-05-24T13:06:40.360+0000][gc,heap     ] GC(2) Humongous regions: 1->1
[2025-05-24T13:06:40.360+0000][gc,metaspace] GC(2) Metaspace: 9184K(9408K)->9184K(9408K) NonClass: 8125K(8256K)->8125K(8256K) Class: 1059K(1152K)->1059K(1152K)
[2025-05-24T13:06:40.360+0000][gc          ] GC(2) Pause Young (Normal) (G1 Evacuation Pause) 73M->20M(1024M) 14.560ms
[2025-05-24T13:06:40.361+0000][gc,cpu      ] GC(2) User=0.03s Sys=0.01s Real=0.02s
[2025-05-24T13:07:49.858+0000][gc,start    ] GC(3) Pause Young (Normal) (G1 Evacuation Pause)
[2025-05-24T13:07:49.859+0000][gc,task     ] GC(3) Using 10 workers of 10 for evacuation
[2025-05-24T13:07:49.867+0000][gc,phases   ] GC(3)   Pre Evacuate Collection Set: 0.5ms
[2025-05-24T13:07:49.867+0000][gc,phases   ] GC(3)   Merge Heap Roots: 0.2ms
[2025-05-24T13:07:49.867+0000][gc,phases   ] GC(3)   Evacuate Collection Set: 4.9ms
[2025-05-24T13:07:49.867+0000][gc,phases   ] GC(3)   Post Evacuate Collection Set: 1.4ms
[2025-05-24T13:07:49.868+0000][gc,phases   ] GC(3)   Other: 0.6ms
[2025-05-24T13:07:49.868+0000][gc,heap     ] GC(3) Eden regions: 583->0(611)
[2025-05-24T13:07:49.868+0000][gc,heap     ] GC(3) Survivor regions: 2->3(74)
[2025-05-24T13:07:49.869+0000][gc,heap     ] GC(3) Old regions: 18->18
[2025-05-24T13:07:49.869+0000][gc,heap     ] GC(3) Humongous regions: 1->1
[2025-05-24T13:07:49.869+0000][gc,metaspace] GC(3) Metaspace: 10067K(10432K)->10067K(10432K) NonClass: 8985K(9152K)->8985K(9152K) Class: 1081K(1280K)->1081K(1280K)
[2025-05-24T13:07:49.869+0000][gc          ] GC(3) Pause Young (Normal) (G1 Evacuation Pause) 603M->21M(1024M) 10.864ms
[2025-05-24T13:07:49.870+0000][gc,cpu      ] GC(3) User=0.03s Sys=0.00s Real=0.01s
[2025-05-24T13:08:50.221+0000][gc,start    ] GC(4) Pause Young (Normal) (G1 Evacuation Pause)
[2025-05-24T13:08:50.221+0000][gc,task     ] GC(4) Using 10 workers of 10 for evacuation
[2025-05-24T13:08:50.233+0000][gc,phases   ] GC(4)   Pre Evacuate Collection Set: 0.6ms
[2025-05-24T13:08:50.234+0000][gc,phases   ] GC(4)   Merge Heap Roots: 0.3ms
[2025-05-24T13:08:50.234+0000][gc,phases   ] GC(4)   Evacuate Collection Set: 7.7ms
[2025-05-24T13:08:50.234+0000][gc,phases   ] GC(4)   Post Evacuate Collection Set: 1.7ms
[2025-05-24T13:08:50.235+0000][gc,phases   ] GC(4)   Other: 0.7ms
[2025-05-24T13:08:50.235+0000][gc,heap     ] GC(4) Eden regions: 611->0(609)
[2025-05-24T13:08:50.235+0000][gc,heap     ] GC(4) Survivor regions: 3->5(77)
[2025-05-24T13:08:50.235+0000][gc,heap     ] GC(4) Old regions: 18->18
[2025-05-24T13:08:50.236+0000][gc,heap     ] GC(4) Humongous regions: 1->1
[2025-05-24T13:08:50.236+0000][gc,metaspace] GC(4) Metaspace: 10393K(10752K)->10393K(10752K) NonClass: 9307K(9472K)->9307K(9472K) Class: 1085K(1280K)->1085K(1280K)
[2025-05-24T13:08:50.236+0000][gc          ] GC(4) Pause Young (Normal) (G1 Evacuation Pause) 632M->22M(1024M) 15.506ms
[2025-05-24T13:08:50.237+0000][gc,cpu      ] GC(4) User=0.01s Sys=0.05s Real=0.02s
[2025-05-24T13:10:00.007+0000][gc,start    ] GC(5) Pause Young (Normal) (G1 Evacuation Pause)
[2025-05-24T13:10:00.008+0000][gc,task     ] GC(5) Using 10 workers of 10 for evacuation
[2025-05-24T13:10:00.013+0000][gc,phases   ] GC(5)   Pre Evacuate Collection Set: 0.4ms
[2025-05-24T13:10:00.013+0000][gc,phases   ] GC(5)   Merge Heap Roots: 0.4ms
[2025-05-24T13:10:00.013+0000][gc,phases   ] GC(5)   Evacuate Collection Set: 2.5ms
[2025-05-24T13:10:00.014+0000][gc,phases   ] GC(5)   Post Evacuate Collection Set: 1.3ms
[2025-05-24T13:10:00.014+0000][gc,phases   ] GC(5)   Other: 0.5ms
[2025-05-24T13:10:00.014+0000][gc,heap     ] GC(5) Eden regions: 609->0(610)
[2025-05-24T13:10:00.015+0000][gc,heap     ] GC(5) Survivor regions: 5->4(77)
[2025-05-24T13:10:00.015+0000][gc,heap     ] GC(5) Old regions: 18->18
[2025-05-24T13:10:00.015+0000][gc,heap     ] GC(5) Humongous regions: 1->1
[2025-05-24T13:10:00.015+0000][gc,metaspace] GC(5) Metaspace: 10607K(11008K)->10607K(11008K) NonClass: 9514K(9728K)->9514K(9728K) Class: 1093K(1280K)->1093K(1280K)
[2025-05-24T13:10:00.016+0000][gc          ] GC(5) Pause Young (Normal) (G1 Evacuation Pause) 631M->21M(1024M) 8.397ms
[2025-05-24T13:10:00.016+0000][gc,cpu      ] GC(5) User=0.02s Sys=0.00s Real=0.01s
[2025-05-24T13:11:09.804+0000][gc,start    ] GC(6) Pause Young (Normal) (G1 Evacuation Pause)
[2025-05-24T13:11:09.804+0000][gc,task     ] GC(6) Using 10 workers of 10 for evacuation
[2025-05-24T13:11:09.809+0000][gc,phases   ] GC(6)   Pre Evacuate Collection Set: 0.4ms
[2025-05-24T13:11:09.809+0000][gc,phases   ] GC(6)   Merge Heap Roots: 0.3ms
[2025-05-24T13:11:09.809+0000][gc,phases   ] GC(6)   Evacuate Collection Set: 2.1ms
[2025-05-24T13:11:09.810+0000][gc,phases   ] GC(6)   Post Evacuate Collection Set: 1.1ms
[2025-05-24T13:11:09.810+0000][gc,phases   ] GC(6)   Other: 0.4ms
[2025-05-24T13:11:09.810+0000][gc,heap     ] GC(6) Eden regions: 610->0(611)
[2025-05-24T13:11:09.810+0000][gc,heap     ] GC(6) Survivor regions: 4->3(77)
[2025-05-24T13:11:09.811+0000][gc,heap     ] GC(6) Old regions: 18->18
[2025-05-24T13:11:09.811+0000][gc,heap     ] GC(6) Humongous regions: 1->1
[2025-05-24T13:11:09.811+0000][gc,metaspace] GC(6) Metaspace: 10792K(11200K)->10792K(11200K) NonClass: 9697K(9920K)->9697K(9920K) Class: 1094K(1280K)->1094K(1280K)
[2025-05-24T13:11:09.811+0000][gc          ] GC(6) Pause Young (Normal) (G1 Evacuation Pause) 631M->20M(1024M) 7.571ms
[2025-05-24T13:11:09.812+0000][gc,cpu      ] GC(6) User=0.01s Sys=0.00s Real=0.00s
[2025-05-24T13:12:10.065+0000][gc,start    ] GC(7) Pause Young (Normal) (G1 Evacuation Pause)
[2025-05-24T13:12:10.065+0000][gc,task     ] GC(7) Using 10 workers of 10 for evacuation
[2025-05-24T13:12:10.069+0000][gc,phases   ] GC(7)   Pre Evacuate Collection Set: 0.4ms
[2025-05-24T13:12:10.069+0000][gc,phases   ] GC(7)   Merge Heap Roots: 0.3ms
[2025-05-24T13:12:10.069+0000][gc,phases   ] GC(7)   Evacuate Collection Set: 2.1ms
[2025-05-24T13:12:10.070+0000][gc,phases   ] GC(7)   Post Evacuate Collection Set: 0.9ms
[2025-05-24T13:12:10.070+0000][gc,phases   ] GC(7)   Other: 0.3ms
[2025-05-24T13:12:10.070+0000][gc,heap     ] GC(7) Eden regions: 611->0(609)
[2025-05-24T13:12:10.070+0000][gc,heap     ] GC(7) Survivor regions: 3->5(77)
[2025-05-24T13:12:10.071+0000][gc,heap     ] GC(7) Old regions: 18->18
[2025-05-24T13:12:10.071+0000][gc,heap     ] GC(7) Humongous regions: 1->1
[2025-05-24T13:12:10.071+0000][gc,metaspace] GC(7) Metaspace: 10850K(11200K)->10850K(11200K) NonClass: 9753K(9920K)->9753K(9920K) Class: 1096K(1280K)->1096K(1280K)
[2025-05-24T13:12:10.071+0000][gc          ] GC(7) Pause Young (Normal) (G1 Evacuation Pause) 631M->22M(1024M) 6.436ms
[2025-05-24T13:12:10.071+0000][gc,cpu      ] GC(7) User=0.02s Sys=0.00s Real=0.01s
[2025-05-24T13:13:20.015+0000][gc,start    ] GC(8) Pause Young (Normal) (G1 Evacuation Pause)
[2025-05-24T13:13:20.016+0000][gc,task     ] GC(8) Using 10 workers of 10 for evacuation
[2025-05-24T13:13:20.021+0000][gc,phases   ] GC(8)   Pre Evacuate Collection Set: 0.5ms
[2025-05-24T13:13:20.021+0000][gc,phases   ] GC(8)   Merge Heap Roots: 0.3ms
[2025-05-24T13:13:20.021+0000][gc,phases   ] GC(8)   Evacuate Collection Set: 2.3ms
[2025-05-24T13:13:20.022+0000][gc,phases   ] GC(8)   Post Evacuate Collection Set: 1.3ms
[2025-05-24T13:13:20.022+0000][gc,phases   ] GC(8)   Other: 0.5ms
[2025-05-24T13:13:20.022+0000][gc,heap     ] GC(8) Eden regions: 609->0(610)
[2025-05-24T13:13:20.023+0000][gc,heap     ] GC(8) Survivor regions: 5->4(77)
[2025-05-24T13:13:20.023+0000][gc,heap     ] GC(8) Old regions: 18->18
[2025-05-24T13:13:20.023+0000][gc,heap     ] GC(8) Humongous regions: 1->1
[2025-05-24T13:13:20.023+0000][gc,metaspace] GC(8) Metaspace: 10889K(11200K)->10889K(11200K) NonClass: 9792K(9920K)->9792K(9920K) Class: 1097K(1280K)->1097K(1280K)
[2025-05-24T13:13:20.024+0000][gc          ] GC(8) Pause Young (Normal) (G1 Evacuation Pause) 631M->21M(1024M) 8.217ms
[2025-05-24T13:13:20.024+0000][gc,cpu      ] GC(8) User=0.02s Sys=0.00s Real=0.01s
[2025-05-24T13:14:29.837+0000][gc,start    ] GC(9) Pause Young (Normal) (G1 Evacuation Pause)
[2025-05-24T13:14:29.850+0000][gc,task     ] GC(9) Using 10 workers of 10 for evacuation
[2025-05-24T13:14:29.864+0000][gc,phases   ] GC(9)   Pre Evacuate Collection Set: 0.4ms
[2025-05-24T13:14:29.865+0000][gc,phases   ] GC(9)   Merge Heap Roots: 0.2ms
[2025-05-24T13:14:29.865+0000][gc,phases   ] GC(9)   Evacuate Collection Set: 1.7ms
[2025-05-24T13:14:29.865+0000][gc,phases   ] GC(9)   Post Evacuate Collection Set: 1.3ms
[2025-05-24T13:14:29.865+0000][gc,phases   ] GC(9)   Other: 11.1ms
[2025-05-24T13:14:29.865+0000][gc,heap     ] GC(9) Eden regions: 610->0(611)
[2025-05-24T13:14:29.866+0000][gc,heap     ] GC(9) Survivor regions: 4->3(77)
[2025-05-24T13:14:29.866+0000][gc,heap     ] GC(9) Old regions: 18->18
[2025-05-24T13:14:29.866+0000][gc,heap     ] GC(9) Humongous regions: 1->1
[2025-05-24T13:14:29.866+0000][gc,metaspace] GC(9) Metaspace: 10956K(11392K)->10956K(11392K) NonClass: 9854K(10048K)->9854K(10048K) Class: 1102K(1344K)->1102K(1344K)
[2025-05-24T13:14:29.866+0000][gc          ] GC(9) Pause Young (Normal) (G1 Evacuation Pause) 631M->21M(1024M) 28.953ms
[2025-05-24T13:14:29.867+0000][gc,cpu      ] GC(9) User=0.01s Sys=0.00s Real=0.03s
[2025-05-24T13:15:30.126+0000][gc,start    ] GC(10) Pause Young (Normal) (G1 Evacuation Pause)
[2025-05-24T13:15:30.126+0000][gc,task     ] GC(10) Using 10 workers of 10 for evacuation
[2025-05-24T13:15:30.131+0000][gc,phases   ] GC(10)   Pre Evacuate Collection Set: 0.3ms
[2025-05-24T13:15:30.131+0000][gc,phases   ] GC(10)   Merge Heap Roots: 0.2ms
[2025-05-24T13:15:30.132+0000][gc,phases   ] GC(10)   Evacuate Collection Set: 3.1ms
[2025-05-24T13:15:30.132+0000][gc,phases   ] GC(10)   Post Evacuate Collection Set: 1.1ms
[2025-05-24T13:15:30.132+0000][gc,phases   ] GC(10)   Other: 0.3ms
[2025-05-24T13:15:30.133+0000][gc,heap     ] GC(10) Eden regions: 611->0(609)
[2025-05-24T13:15:30.133+0000][gc,heap     ] GC(10) Survivor regions: 3->5(77)
[2025-05-24T13:15:30.133+0000][gc,heap     ] GC(10) Old regions: 18->18
[2025-05-24T13:15:30.133+0000][gc,heap     ] GC(10) Humongous regions: 1->1
[2025-05-24T13:15:30.133+0000][gc,metaspace] GC(10) Metaspace: 10990K(11392K)->10990K(11392K) NonClass: 9888K(10048K)->9888K(10048K) Class: 1102K(1344K)->1102K(1344K)
[2025-05-24T13:15:30.134+0000][gc          ] GC(10) Pause Young (Normal) (G1 Evacuation Pause) 632M->22M(1024M) 8.118ms
[2025-05-24T13:15:30.134+0000][gc,cpu      ] GC(10) User=0.02s Sys=0.00s Real=0.01s
[2025-05-24T13:16:40.017+0000][gc,start    ] GC(11) Pause Young (Normal) (G1 Evacuation Pause)
[2025-05-24T13:16:40.017+0000][gc,task     ] GC(11) Using 10 workers of 10 for evacuation
[2025-05-24T13:16:40.021+0000][gc,phases   ] GC(11)   Pre Evacuate Collection Set: 0.5ms
[2025-05-24T13:16:40.022+0000][gc,phases   ] GC(11)   Merge Heap Roots: 0.2ms
[2025-05-24T13:16:40.022+0000][gc,phases   ] GC(11)   Evacuate Collection Set: 2.0ms
[2025-05-24T13:16:40.022+0000][gc,phases   ] GC(11)   Post Evacuate Collection Set: 1.2ms
[2025-05-24T13:16:40.022+0000][gc,phases   ] GC(11)   Other: 0.3ms
[2025-05-24T13:16:40.022+0000][gc,heap     ] GC(11) Eden regions: 609->0(610)
[2025-05-24T13:16:40.022+0000][gc,heap     ] GC(11) Survivor regions: 5->4(77)
[2025-05-24T13:16:40.023+0000][gc,heap     ] GC(11) Old regions: 18->18
[2025-05-24T13:16:40.023+0000][gc,heap     ] GC(11) Humongous regions: 1->1
[2025-05-24T13:16:40.023+0000][gc,metaspace] GC(11) Metaspace: 11046K(11456K)->11046K(11456K) NonClass: 9936K(10112K)->9936K(10112K) Class: 1109K(1344K)->1109K(1344K)
[2025-05-24T13:16:40.023+0000][gc          ] GC(11) Pause Young (Normal) (G1 Evacuation Pause) 631M->22M(1024M) 6.489ms
[2025-05-24T13:16:40.023+0000][gc,cpu      ] GC(11) User=0.02s Sys=0.00s Real=0.00s
[2025-05-24T13:17:49.866+0000][gc,start    ] GC(12) Pause Young (Normal) (G1 Evacuation Pause)
[2025-05-24T13:17:49.867+0000][gc,task     ] GC(12) Using 10 workers of 10 for evacuation
[2025-05-24T13:17:49.871+0000][gc,phases   ] GC(12)   Pre Evacuate Collection Set: 0.5ms
[2025-05-24T13:17:49.872+0000][gc,phases   ] GC(12)   Merge Heap Roots: 0.3ms
[2025-05-24T13:17:49.872+0000][gc,phases   ] GC(12)   Evacuate Collection Set: 2.3ms
[2025-05-24T13:17:49.872+0000][gc,phases   ] GC(12)   Post Evacuate Collection Set: 1.2ms
[2025-05-24T13:17:49.872+0000][gc,phases   ] GC(12)   Other: 0.3ms
[2025-05-24T13:17:49.872+0000][gc,heap     ] GC(12) Eden regions: 610->0(610)
[2025-05-24T13:17:49.873+0000][gc,heap     ] GC(12) Survivor regions: 4->4(77)
[2025-05-24T13:17:49.873+0000][gc,heap     ] GC(12) Old regions: 18->18
[2025-05-24T13:17:49.873+0000][gc,heap     ] GC(12) Humongous regions: 1->1
[2025-05-24T13:17:49.873+0000][gc,metaspace] GC(12) Metaspace: 11119K(11520K)->11119K(11520K) NonClass: 10004K(10176K)->10004K(10176K) Class: 1114K(1344K)->1114K(1344K)
[2025-05-24T13:17:49.873+0000][gc          ] GC(12) Pause Young (Normal) (G1 Evacuation Pause) 632M->21M(1024M) 6.685ms
[2025-05-24T13:17:49.873+0000][gc,cpu      ] GC(12) User=0.02s Sys=0.00s Real=0.01s
[2025-05-24T13:18:56.119+0000][gc,start    ] GC(13) Pause Young (Normal) (G1 Evacuation Pause)
[2025-05-24T13:18:56.119+0000][gc,task     ] GC(13) Using 10 workers of 10 for evacuation
[2025-05-24T13:18:56.124+0000][gc,phases   ] GC(13)   Pre Evacuate Collection Set: 0.3ms
[2025-05-24T13:18:56.124+0000][gc,phases   ] GC(13)   Merge Heap Roots: 0.2ms
[2025-05-24T13:18:56.125+0000][gc,phases   ] GC(13)   Evacuate Collection Set: 2.3ms
[2025-05-24T13:18:56.125+0000][gc,phases   ] GC(13)   Post Evacuate Collection Set: 1.4ms
[2025-05-24T13:18:56.125+0000][gc,phases   ] GC(13)   Other: 0.3ms
[2025-05-24T13:18:56.125+0000][gc,heap     ] GC(13) Eden regions: 610->0(611)
[2025-05-24T13:18:56.126+0000][gc,heap     ] GC(13) Survivor regions: 4->3(77)
[2025-05-24T13:18:56.126+0000][gc,heap     ] GC(13) Old regions: 18->18
[2025-05-24T13:18:56.126+0000][gc,heap     ] GC(13) Humongous regions: 1->1
[2025-05-24T13:18:56.126+0000][gc,metaspace] GC(13) Metaspace: 11234K(11648K)->11234K(11648K) NonClass: 10102K(10304K)->10102K(10304K) Class: 1131K(1344K)->1131K(1344K)
[2025-05-24T13:18:56.127+0000][gc          ] GC(13) Pause Young (Normal) (G1 Evacuation Pause) 631M->21M(1024M) 7.787ms
[2025-05-24T13:18:56.127+0000][gc,cpu      ] GC(13) User=0.02s Sys=0.00s Real=0.00s
[2025-05-24T13:18:56.218+0000][gc,heap,exit] Heap
[2025-05-24T13:18:56.219+0000][gc,heap,exit]  garbage-first heap   total 1048576K, used 26536K [0x00000000c0000000, 0x0000000100000000)
[2025-05-24T13:18:56.219+0000][gc,heap,exit]   region size 1024K, 8 young (8192K), 3 survivors (3072K)
[2025-05-24T13:18:56.219+0000][gc,heap,exit]  Metaspace       used 11446K, committed 11840K, reserved 1114112K
[2025-05-24T13:18:56.219+0000][gc,heap,exit]   class space    used 1183K, committed 1408K, reserved 1048576K
