[2025-05-24T13:19:19.615+0000][gc,init] CardTable entry size: 512
[2025-05-24T13:19:19.616+0000][gc     ] Using G1
[2025-05-24T13:19:19.642+0000][gc,init] Version: 21.0.4+7-LTS (release)
[2025-05-24T13:19:19.642+0000][gc,init] CPUs: 12 total, 12 available
[2025-05-24T13:19:19.643+0000][gc,init] Memory: 15597M
[2025-05-24T13:19:19.643+0000][gc,init] Large Page Support: Disabled
[2025-05-24T13:19:19.645+0000][gc,init] NUMA Support: Disabled
[2025-05-24T13:19:19.645+0000][gc,init] Compressed Oops: Enabled (32-bit)
[2025-05-24T13:19:19.654+0000][gc,init] Heap Region Size: 1M
[2025-05-24T13:19:19.655+0000][gc,init] Heap Min Capacity: 1G
[2025-05-24T13:19:19.655+0000][gc,init] Heap Initial Capacity: 1G
[2025-05-24T13:19:19.655+0000][gc,init] Heap Max Capacity: 1G
[2025-05-24T13:19:19.656+0000][gc,init] Pre-touch: Disabled
[2025-05-24T13:19:19.656+0000][gc,init] Parallel Workers: 10
[2025-05-24T13:19:19.656+0000][gc,init] Concurrent Workers: 3
[2025-05-24T13:19:19.657+0000][gc,init] Concurrent Refinement Workers: 10
[2025-05-24T13:19:19.657+0000][gc,init] Periodic GC: Disabled
[2025-05-24T13:19:19.757+0000][gc,metaspace] CDS archive(s) mapped at: [0x00007f1a6f000000-0x00007f1a6fbbe000-0x00007f1a72674000), size 57098240, SharedBaseAddress: 0x00007f1a6f000000, ArchiveRelocationMode: 1.
[2025-05-24T13:19:19.762+0000][gc,metaspace] Compressed class space mapped at: 0x00007f1a73000000-0x00007f1ab3000000, reserved size: 1073741824
[2025-05-24T13:19:19.767+0000][gc,metaspace] Narrow klass base: 0x00007f1a6f000000, Narrow klass shift: 0, Narrow klass range: 0x100000000
[2025-05-24T13:19:24.814+0000][gc,start    ] GC(0) Pause Young (Normal) (G1 Evacuation Pause)
[2025-05-24T13:19:24.824+0000][gc,task     ] GC(0) Using 10 workers of 10 for evacuation
[2025-05-24T13:19:24.871+0000][gc,phases   ] GC(0)   Pre Evacuate Collection Set: 0.4ms
[2025-05-24T13:19:24.871+0000][gc,phases   ] GC(0)   Merge Heap Roots: 0.2ms
[2025-05-24T13:19:24.871+0000][gc,phases   ] GC(0)   Evacuate Collection Set: 43.0ms
[2025-05-24T13:19:24.873+0000][gc,phases   ] GC(0)   Post Evacuate Collection Set: 3.1ms
[2025-05-24T13:19:24.874+0000][gc,phases   ] GC(0)   Other: 9.4ms
[2025-05-24T13:19:24.874+0000][gc,heap     ] GC(0) Eden regions: 51->0(44)
[2025-05-24T13:19:24.874+0000][gc,heap     ] GC(0) Survivor regions: 0->7(7)
[2025-05-24T13:19:24.874+0000][gc,heap     ] GC(0) Old regions: 1->7
[2025-05-24T13:19:24.876+0000][gc,heap     ] GC(0) Humongous regions: 1->1
[2025-05-24T13:19:24.876+0000][gc,metaspace] GC(0) Metaspace: 5392K(5568K)->5392K(5568K) NonClass: 4755K(4864K)->4755K(4864K) Class: 636K(704K)->636K(704K)
[2025-05-24T13:19:24.877+0000][gc          ] GC(0) Pause Young (Normal) (G1 Evacuation Pause) 52M->14M(1024M) 62.375ms
[2025-05-24T13:19:24.878+0000][gc,cpu      ] GC(0) User=0.06s Sys=0.05s Real=0.07s
[2025-05-24T13:19:31.230+0000][gc,start    ] GC(1) Pause Young (Normal) (G1 Evacuation Pause)
[2025-05-24T13:19:31.230+0000][gc,task     ] GC(1) Using 10 workers of 10 for evacuation
[2025-05-24T13:19:31.241+0000][gc,phases   ] GC(1)   Pre Evacuate Collection Set: 0.3ms
[2025-05-24T13:19:31.242+0000][gc,phases   ] GC(1)   Merge Heap Roots: 0.3ms
[2025-05-24T13:19:31.242+0000][gc,phases   ] GC(1)   Evacuate Collection Set: 9.1ms
[2025-05-24T13:19:31.242+0000][gc,phases   ] GC(1)   Post Evacuate Collection Set: 1.3ms
[2025-05-24T13:19:31.242+0000][gc,phases   ] GC(1)   Other: 0.4ms
[2025-05-24T13:19:31.242+0000][gc,heap     ] GC(1) Eden regions: 44->0(60)
[2025-05-24T13:19:31.242+0000][gc,heap     ] GC(1) Survivor regions: 7->3(7)
[2025-05-24T13:19:31.242+0000][gc,heap     ] GC(1) Old regions: 7->14
[2025-05-24T13:19:31.243+0000][gc,heap     ] GC(1) Humongous regions: 1->1
[2025-05-24T13:19:31.243+0000][gc,metaspace] GC(1) Metaspace: 7201K(7424K)->7201K(7424K) NonClass: 6352K(6464K)->6352K(6464K) Class: 848K(960K)->848K(960K)
[2025-05-24T13:19:31.243+0000][gc          ] GC(1) Pause Young (Normal) (G1 Evacuation Pause) 58M->16M(1024M) 13.455ms
[2025-05-24T13:19:31.243+0000][gc,cpu      ] GC(1) User=0.06s Sys=0.00s Real=0.01s
[2025-05-24T13:19:31.798+0000][gc,start    ] GC(2) Pause Young (Normal) (G1 Evacuation Pause)
[2025-05-24T13:19:31.799+0000][gc,task     ] GC(2) Using 10 workers of 10 for evacuation
[2025-05-24T13:19:31.808+0000][gc,phases   ] GC(2)   Pre Evacuate Collection Set: 0.3ms
[2025-05-24T13:19:31.809+0000][gc,phases   ] GC(2)   Merge Heap Roots: 0.2ms
[2025-05-24T13:19:31.809+0000][gc,phases   ] GC(2)   Evacuate Collection Set: 7.9ms
[2025-05-24T13:19:31.809+0000][gc,phases   ] GC(2)   Post Evacuate Collection Set: 0.9ms
[2025-05-24T13:19:31.809+0000][gc,phases   ] GC(2)   Other: 0.3ms
[2025-05-24T13:19:31.810+0000][gc,heap     ] GC(2) Eden regions: 67->0(608)
[2025-05-24T13:19:31.810+0000][gc,heap     ] GC(2) Survivor regions: 3->6(9)
[2025-05-24T13:19:31.810+0000][gc,heap     ] GC(2) Old regions: 14->14
[2025-05-24T13:19:31.810+0000][gc,heap     ] GC(2) Humongous regions: 1->1
[2025-05-24T13:19:31.810+0000][gc,metaspace] GC(2) Metaspace: 8430K(8704K)->8430K(8704K) NonClass: 7413K(7552K)->7413K(7552K) Class: 1016K(1152K)->1016K(1152K)
[2025-05-24T13:19:31.810+0000][gc          ] GC(2) Pause Young (Normal) (G1 Evacuation Pause) 83M->19M(1024M) 12.162ms
[2025-05-24T13:19:31.811+0000][gc,cpu      ] GC(2) User=0.02s Sys=0.01s Real=0.01s
[2025-05-24T13:20:41.067+0000][gc,start    ] GC(3) Pause Young (Normal) (G1 Evacuation Pause)
[2025-05-24T13:20:41.067+0000][gc,task     ] GC(3) Using 10 workers of 10 for evacuation
[2025-05-24T13:20:41.078+0000][gc,phases   ] GC(3)   Pre Evacuate Collection Set: 0.5ms
[2025-05-24T13:20:41.078+0000][gc,phases   ] GC(3)   Merge Heap Roots: 0.3ms
[2025-05-24T13:20:41.078+0000][gc,phases   ] GC(3)   Evacuate Collection Set: 7.6ms
[2025-05-24T13:20:41.079+0000][gc,phases   ] GC(3)   Post Evacuate Collection Set: 1.6ms
[2025-05-24T13:20:41.079+0000][gc,phases   ] GC(3)   Other: 0.6ms
[2025-05-24T13:20:41.079+0000][gc,heap     ] GC(3) Eden regions: 608->0(609)
[2025-05-24T13:20:41.079+0000][gc,heap     ] GC(3) Survivor regions: 6->5(77)
[2025-05-24T13:20:41.079+0000][gc,heap     ] GC(3) Old regions: 14->14
[2025-05-24T13:20:41.080+0000][gc,heap     ] GC(3) Humongous regions: 1->1
[2025-05-24T13:20:41.080+0000][gc,metaspace] GC(3) Metaspace: 9805K(10176K)->9805K(10176K) NonClass: 8737K(8896K)->8737K(8896K) Class: 1068K(1280K)->1068K(1280K)
[2025-05-24T13:20:41.080+0000][gc          ] GC(3) Pause Young (Normal) (G1 Evacuation Pause) 627M->19M(1024M) 13.517ms
[2025-05-24T13:20:41.080+0000][gc,cpu      ] GC(3) User=0.03s Sys=0.03s Real=0.01s
[2025-05-24T13:21:50.852+0000][gc,start    ] GC(4) Pause Young (Normal) (G1 Evacuation Pause)
[2025-05-24T13:21:50.852+0000][gc,task     ] GC(4) Using 10 workers of 10 for evacuation
[2025-05-24T13:21:50.857+0000][gc,phases   ] GC(4)   Pre Evacuate Collection Set: 0.4ms
[2025-05-24T13:21:50.857+0000][gc,phases   ] GC(4)   Merge Heap Roots: 0.2ms
[2025-05-24T13:21:50.858+0000][gc,phases   ] GC(4)   Evacuate Collection Set: 2.7ms
[2025-05-24T13:21:50.858+0000][gc,phases   ] GC(4)   Post Evacuate Collection Set: 1.3ms
[2025-05-24T13:21:50.858+0000][gc,phases   ] GC(4)   Other: 0.3ms
[2025-05-24T13:21:50.858+0000][gc,heap     ] GC(4) Eden regions: 609->0(610)
[2025-05-24T13:21:50.859+0000][gc,heap     ] GC(4) Survivor regions: 5->4(77)
[2025-05-24T13:21:50.859+0000][gc,heap     ] GC(4) Old regions: 14->14
[2025-05-24T13:21:50.859+0000][gc,heap     ] GC(4) Humongous regions: 1->1
[2025-05-24T13:21:50.859+0000][gc,metaspace] GC(4) Metaspace: 10229K(10560K)->10229K(10560K) NonClass: 9157K(9280K)->9157K(9280K) Class: 1071K(1280K)->1071K(1280K)
[2025-05-24T13:21:50.859+0000][gc          ] GC(4) Pause Young (Normal) (G1 Evacuation Pause) 628M->18M(1024M) 7.543ms
[2025-05-24T13:21:50.860+0000][gc,cpu      ] GC(4) User=0.02s Sys=0.01s Real=0.00s
[2025-05-24T13:22:51.109+0000][gc,start    ] GC(5) Pause Young (Normal) (G1 Evacuation Pause)
[2025-05-24T13:22:51.110+0000][gc,task     ] GC(5) Using 10 workers of 10 for evacuation
[2025-05-24T13:22:51.117+0000][gc,phases   ] GC(5)   Pre Evacuate Collection Set: 0.4ms
[2025-05-24T13:22:51.117+0000][gc,phases   ] GC(5)   Merge Heap Roots: 0.3ms
[2025-05-24T13:22:51.117+0000][gc,phases   ] GC(5)   Evacuate Collection Set: 4.6ms
[2025-05-24T13:22:51.118+0000][gc,phases   ] GC(5)   Post Evacuate Collection Set: 1.4ms
[2025-05-24T13:22:51.118+0000][gc,phases   ] GC(5)   Other: 0.4ms
[2025-05-24T13:22:51.118+0000][gc,heap     ] GC(5) Eden regions: 610->0(608)
[2025-05-24T13:22:51.118+0000][gc,heap     ] GC(5) Survivor regions: 4->6(77)
[2025-05-24T13:22:51.118+0000][gc,heap     ] GC(5) Old regions: 14->14
[2025-05-24T13:22:51.119+0000][gc,heap     ] GC(5) Humongous regions: 1->1
[2025-05-24T13:22:51.119+0000][gc,metaspace] GC(5) Metaspace: 10455K(10816K)->10455K(10816K) NonClass: 9374K(9536K)->9374K(9536K) Class: 1081K(1280K)->1081K(1280K)
[2025-05-24T13:22:51.119+0000][gc          ] GC(5) Pause Young (Normal) (G1 Evacuation Pause) 628M->19M(1024M) 9.782ms
[2025-05-24T13:22:51.119+0000][gc,cpu      ] GC(5) User=0.02s Sys=0.00s Real=0.01s
[2025-05-24T13:24:00.925+0000][gc,start    ] GC(6) Pause Young (Normal) (G1 Evacuation Pause)
[2025-05-24T13:24:00.925+0000][gc,task     ] GC(6) Using 10 workers of 10 for evacuation
[2025-05-24T13:24:00.930+0000][gc,phases   ] GC(6)   Pre Evacuate Collection Set: 0.4ms
[2025-05-24T13:24:00.930+0000][gc,phases   ] GC(6)   Merge Heap Roots: 0.2ms
[2025-05-24T13:24:00.930+0000][gc,phases   ] GC(6)   Evacuate Collection Set: 2.4ms
[2025-05-24T13:24:00.931+0000][gc,phases   ] GC(6)   Post Evacuate Collection Set: 1.1ms
[2025-05-24T13:24:00.931+0000][gc,phases   ] GC(6)   Other: 0.4ms
[2025-05-24T13:24:00.931+0000][gc,heap     ] GC(6) Eden regions: 608->0(609)
[2025-05-24T13:24:00.931+0000][gc,heap     ] GC(6) Survivor regions: 6->5(77)
[2025-05-24T13:24:00.931+0000][gc,heap     ] GC(6) Old regions: 14->14
[2025-05-24T13:24:00.931+0000][gc,heap     ] GC(6) Humongous regions: 1->1
[2025-05-24T13:24:00.932+0000][gc,metaspace] GC(6) Metaspace: 10717K(11072K)->10717K(11072K) NonClass: 9634K(9792K)->9634K(9792K) Class: 1083K(1280K)->1083K(1280K)
[2025-05-24T13:24:00.932+0000][gc          ] GC(6) Pause Young (Normal) (G1 Evacuation Pause) 627M->18M(1024M) 6.627ms
[2025-05-24T13:24:00.932+0000][gc,cpu      ] GC(6) User=0.02s Sys=0.00s Real=0.01s
[2025-05-24T13:25:10.780+0000][gc,start    ] GC(7) Pause Young (Normal) (G1 Evacuation Pause)
[2025-05-24T13:25:10.780+0000][gc,task     ] GC(7) Using 10 workers of 10 for evacuation
[2025-05-24T13:25:10.784+0000][gc,phases   ] GC(7)   Pre Evacuate Collection Set: 0.3ms
[2025-05-24T13:25:10.784+0000][gc,phases   ] GC(7)   Merge Heap Roots: 0.2ms
[2025-05-24T13:25:10.785+0000][gc,phases   ] GC(7)   Evacuate Collection Set: 2.3ms
[2025-05-24T13:25:10.785+0000][gc,phases   ] GC(7)   Post Evacuate Collection Set: 1.0ms
[2025-05-24T13:25:10.785+0000][gc,phases   ] GC(7)   Other: 0.2ms
[2025-05-24T13:25:10.785+0000][gc,heap     ] GC(7) Eden regions: 609->0(609)
[2025-05-24T13:25:10.785+0000][gc,heap     ] GC(7) Survivor regions: 5->5(77)
[2025-05-24T13:25:10.785+0000][gc,heap     ] GC(7) Old regions: 14->14
[2025-05-24T13:25:10.785+0000][gc,heap     ] GC(7) Humongous regions: 1->1
[2025-05-24T13:25:10.786+0000][gc,metaspace] GC(7) Metaspace: 10778K(11136K)->10778K(11136K) NonClass: 9693K(9856K)->9693K(9856K) Class: 1085K(1280K)->1085K(1280K)
[2025-05-24T13:25:10.786+0000][gc          ] GC(7) Pause Young (Normal) (G1 Evacuation Pause) 627M->18M(1024M) 5.874ms
[2025-05-24T13:25:10.786+0000][gc,cpu      ] GC(7) User=0.02s Sys=0.00s Real=0.00s
[2025-05-24T13:26:11.054+0000][gc,start    ] GC(8) Pause Young (Normal) (G1 Evacuation Pause)
[2025-05-24T13:26:11.055+0000][gc,task     ] GC(8) Using 10 workers of 10 for evacuation
[2025-05-24T13:26:11.061+0000][gc,phases   ] GC(8)   Pre Evacuate Collection Set: 0.8ms
[2025-05-24T13:26:11.061+0000][gc,phases   ] GC(8)   Merge Heap Roots: 0.3ms
[2025-05-24T13:26:11.061+0000][gc,phases   ] GC(8)   Evacuate Collection Set: 2.9ms
[2025-05-24T13:26:11.062+0000][gc,phases   ] GC(8)   Post Evacuate Collection Set: 1.3ms
[2025-05-24T13:26:11.062+0000][gc,phases   ] GC(8)   Other: 0.5ms
[2025-05-24T13:26:11.062+0000][gc,heap     ] GC(8) Eden regions: 609->0(608)
[2025-05-24T13:26:11.062+0000][gc,heap     ] GC(8) Survivor regions: 5->6(77)
[2025-05-24T13:26:11.062+0000][gc,heap     ] GC(8) Old regions: 14->14
[2025-05-24T13:26:11.062+0000][gc,heap     ] GC(8) Humongous regions: 1->1
[2025-05-24T13:26:11.062+0000][gc,metaspace] GC(8) Metaspace: 10809K(11200K)->10809K(11200K) NonClass: 9724K(9920K)->9724K(9920K) Class: 1085K(1280K)->1085K(1280K)
[2025-05-24T13:26:11.063+0000][gc          ] GC(8) Pause Young (Normal) (G1 Evacuation Pause) 627M->19M(1024M) 8.246ms
[2025-05-24T13:26:11.063+0000][gc,cpu      ] GC(8) User=0.03s Sys=0.01s Real=0.01s
[2025-05-24T13:27:20.962+0000][gc,start    ] GC(9) Pause Young (Normal) (G1 Evacuation Pause)
[2025-05-24T13:27:20.963+0000][gc,task     ] GC(9) Using 10 workers of 10 for evacuation
[2025-05-24T13:27:20.969+0000][gc,phases   ] GC(9)   Pre Evacuate Collection Set: 0.5ms
[2025-05-24T13:27:20.970+0000][gc,phases   ] GC(9)   Merge Heap Roots: 0.4ms
[2025-05-24T13:27:20.970+0000][gc,phases   ] GC(9)   Evacuate Collection Set: 3.4ms
[2025-05-24T13:27:20.970+0000][gc,phases   ] GC(9)   Post Evacuate Collection Set: 1.3ms
[2025-05-24T13:27:20.971+0000][gc,phases   ] GC(9)   Other: 0.7ms
[2025-05-24T13:27:20.971+0000][gc,heap     ] GC(9) Eden regions: 608->0(609)
[2025-05-24T13:27:20.971+0000][gc,heap     ] GC(9) Survivor regions: 6->5(77)
[2025-05-24T13:27:20.971+0000][gc,heap     ] GC(9) Old regions: 14->14
[2025-05-24T13:27:20.972+0000][gc,heap     ] GC(9) Humongous regions: 1->1
[2025-05-24T13:27:20.972+0000][gc,metaspace] GC(9) Metaspace: 10869K(11264K)->10869K(11264K) NonClass: 9780K(9984K)->9780K(9984K) Class: 1089K(1280K)->1089K(1280K)
[2025-05-24T13:27:20.972+0000][gc          ] GC(9) Pause Young (Normal) (G1 Evacuation Pause) 627M->19M(1024M) 9.688ms
[2025-05-24T13:27:20.972+0000][gc,cpu      ] GC(9) User=0.03s Sys=0.00s Real=0.01s
[2025-05-24T13:28:30.775+0000][gc,start    ] GC(10) Pause Young (Normal) (G1 Evacuation Pause)
[2025-05-24T13:28:30.776+0000][gc,task     ] GC(10) Using 10 workers of 10 for evacuation
[2025-05-24T13:28:30.785+0000][gc,phases   ] GC(10)   Pre Evacuate Collection Set: 0.6ms
[2025-05-24T13:28:30.786+0000][gc,phases   ] GC(10)   Merge Heap Roots: 0.3ms
[2025-05-24T13:28:30.786+0000][gc,phases   ] GC(10)   Evacuate Collection Set: 4.7ms
[2025-05-24T13:28:30.787+0000][gc,phases   ] GC(10)   Post Evacuate Collection Set: 2.7ms
[2025-05-24T13:28:30.787+0000][gc,phases   ] GC(10)   Other: 0.8ms
[2025-05-24T13:28:30.787+0000][gc,heap     ] GC(10) Eden regions: 609->0(609)
[2025-05-24T13:28:30.788+0000][gc,heap     ] GC(10) Survivor regions: 5->5(77)
[2025-05-24T13:28:30.788+0000][gc,heap     ] GC(10) Old regions: 14->14
[2025-05-24T13:28:30.789+0000][gc,heap     ] GC(10) Humongous regions: 1->1
[2025-05-24T13:28:30.789+0000][gc,metaspace] GC(10) Metaspace: 10913K(11264K)->10913K(11264K) NonClass: 9824K(9984K)->9824K(9984K) Class: 1089K(1280K)->1089K(1280K)
[2025-05-24T13:28:30.789+0000][gc          ] GC(10) Pause Young (Normal) (G1 Evacuation Pause) 628M->18M(1024M) 13.845ms
[2025-05-24T13:28:30.790+0000][gc,cpu      ] GC(10) User=0.01s Sys=0.02s Real=0.02s
[2025-05-24T13:29:31.308+0000][gc,start    ] GC(11) Pause Young (Normal) (G1 Evacuation Pause)
[2025-05-24T13:29:31.309+0000][gc,task     ] GC(11) Using 10 workers of 10 for evacuation
[2025-05-24T13:29:31.318+0000][gc,phases   ] GC(11)   Pre Evacuate Collection Set: 0.6ms
[2025-05-24T13:29:31.319+0000][gc,phases   ] GC(11)   Merge Heap Roots: 0.2ms
[2025-05-24T13:29:31.319+0000][gc,phases   ] GC(11)   Evacuate Collection Set: 6.9ms
[2025-05-24T13:29:31.319+0000][gc,phases   ] GC(11)   Post Evacuate Collection Set: 1.8ms
[2025-05-24T13:29:31.319+0000][gc,phases   ] GC(11)   Other: 0.3ms
[2025-05-24T13:29:31.320+0000][gc,heap     ] GC(11) Eden regions: 609->0(608)
[2025-05-24T13:29:31.320+0000][gc,heap     ] GC(11) Survivor regions: 5->6(77)
[2025-05-24T13:29:31.320+0000][gc,heap     ] GC(11) Old regions: 14->14
[2025-05-24T13:29:31.320+0000][gc,heap     ] GC(11) Humongous regions: 1->1
[2025-05-24T13:29:31.320+0000][gc,metaspace] GC(11) Metaspace: 10958K(11328K)->10958K(11328K) NonClass: 9859K(10048K)->9859K(10048K) Class: 1098K(1280K)->1098K(1280K)
[2025-05-24T13:29:31.321+0000][gc          ] GC(11) Pause Young (Normal) (G1 Evacuation Pause) 627M->19M(1024M) 12.548ms
[2025-05-24T13:29:31.321+0000][gc,cpu      ] GC(11) User=0.03s Sys=0.01s Real=0.01s
[2025-05-24T13:30:41.134+0000][gc,start    ] GC(12) Pause Young (Normal) (G1 Evacuation Pause)
[2025-05-24T13:30:41.135+0000][gc,task     ] GC(12) Using 10 workers of 10 for evacuation
[2025-05-24T13:30:41.148+0000][gc,phases   ] GC(12)   Pre Evacuate Collection Set: 1.8ms
[2025-05-24T13:30:41.148+0000][gc,phases   ] GC(12)   Merge Heap Roots: 1.4ms
[2025-05-24T13:30:41.149+0000][gc,phases   ] GC(12)   Evacuate Collection Set: 6.6ms
[2025-05-24T13:30:41.150+0000][gc,phases   ] GC(12)   Post Evacuate Collection Set: 2.1ms
[2025-05-24T13:30:41.151+0000][gc,phases   ] GC(12)   Other: 1.2ms
[2025-05-24T13:30:41.151+0000][gc,heap     ] GC(12) Eden regions: 608->0(609)
[2025-05-24T13:30:41.152+0000][gc,heap     ] GC(12) Survivor regions: 6->5(77)
[2025-05-24T13:30:41.153+0000][gc,heap     ] GC(12) Old regions: 14->14
[2025-05-24T13:30:41.153+0000][gc,heap     ] GC(12) Humongous regions: 1->1
[2025-05-24T13:30:41.154+0000][gc,metaspace] GC(12) Metaspace: 11051K(11456K)->11051K(11456K) NonClass: 9947K(10112K)->9947K(10112K) Class: 1103K(1344K)->1103K(1344K)
[2025-05-24T13:30:41.155+0000][gc          ] GC(12) Pause Young (Normal) (G1 Evacuation Pause) 627M->19M(1024M) 20.398ms
[2025-05-24T13:30:41.155+0000][gc,cpu      ] GC(12) User=0.04s Sys=0.02s Real=0.02s
[2025-05-24T13:31:50.866+0000][gc,start    ] GC(13) Pause Young (Normal) (G1 Evacuation Pause)
[2025-05-24T13:31:50.866+0000][gc,task     ] GC(13) Using 10 workers of 10 for evacuation
[2025-05-24T13:31:50.876+0000][gc,phases   ] GC(13)   Pre Evacuate Collection Set: 0.6ms
[2025-05-24T13:31:50.877+0000][gc,phases   ] GC(13)   Merge Heap Roots: 0.3ms
[2025-05-24T13:31:50.877+0000][gc,phases   ] GC(13)   Evacuate Collection Set: 2.7ms
[2025-05-24T13:31:50.877+0000][gc,phases   ] GC(13)   Post Evacuate Collection Set: 5.5ms
[2025-05-24T13:31:50.878+0000][gc,phases   ] GC(13)   Other: 0.8ms
[2025-05-24T13:31:50.878+0000][gc,heap     ] GC(13) Eden regions: 609->0(609)
[2025-05-24T13:31:50.878+0000][gc,heap     ] GC(13) Survivor regions: 5->5(77)
[2025-05-24T13:31:50.879+0000][gc,heap     ] GC(13) Old regions: 14->14
[2025-05-24T13:31:50.879+0000][gc,heap     ] GC(13) Humongous regions: 1->1
[2025-05-24T13:31:50.879+0000][gc,metaspace] GC(13) Metaspace: 11056K(11456K)->11056K(11456K) NonClass: 9952K(10112K)->9952K(10112K) Class: 1103K(1344K)->1103K(1344K)
[2025-05-24T13:31:50.880+0000][gc          ] GC(13) Pause Young (Normal) (G1 Evacuation Pause) 628M->18M(1024M) 14.022ms
[2025-05-24T13:31:50.880+0000][gc,cpu      ] GC(13) User=0.03s Sys=0.00s Real=0.02s
[2025-05-24T13:32:51.233+0000][gc,start    ] GC(14) Pause Young (Normal) (G1 Evacuation Pause)
[2025-05-24T13:32:51.234+0000][gc,task     ] GC(14) Using 10 workers of 10 for evacuation
[2025-05-24T13:32:51.242+0000][gc,phases   ] GC(14)   Pre Evacuate Collection Set: 0.9ms
[2025-05-24T13:32:51.242+0000][gc,phases   ] GC(14)   Merge Heap Roots: 0.4ms
[2025-05-24T13:32:51.243+0000][gc,phases   ] GC(14)   Evacuate Collection Set: 4.7ms
[2025-05-24T13:32:51.243+0000][gc,phases   ] GC(14)   Post Evacuate Collection Set: 1.6ms
[2025-05-24T13:32:51.243+0000][gc,phases   ] GC(14)   Other: 0.7ms
[2025-05-24T13:32:51.243+0000][gc,heap     ] GC(14) Eden regions: 609->0(608)
[2025-05-24T13:32:51.244+0000][gc,heap     ] GC(14) Survivor regions: 5->6(77)
[2025-05-24T13:32:51.244+0000][gc,heap     ] GC(14) Old regions: 14->14
[2025-05-24T13:32:51.244+0000][gc,heap     ] GC(14) Humongous regions: 1->1
[2025-05-24T13:32:51.245+0000][gc,metaspace] GC(14) Metaspace: 11077K(11520K)->11077K(11520K) NonClass: 9973K(10176K)->9973K(10176K) Class: 1103K(1344K)->1103K(1344K)
[2025-05-24T13:32:51.245+0000][gc          ] GC(14) Pause Young (Normal) (G1 Evacuation Pause) 627M->20M(1024M) 11.972ms
[2025-05-24T13:32:51.245+0000][gc,cpu      ] GC(14) User=0.05s Sys=0.00s Real=0.02s
[2025-05-24T13:34:01.186+0000][gc,start    ] GC(15) Pause Young (Normal) (G1 Evacuation Pause)
[2025-05-24T13:34:01.188+0000][gc,task     ] GC(15) Using 10 workers of 10 for evacuation
[2025-05-24T13:34:01.234+0000][gc,phases   ] GC(15)   Pre Evacuate Collection Set: 0.5ms
[2025-05-24T13:34:01.235+0000][gc,phases   ] GC(15)   Merge Heap Roots: 0.2ms
[2025-05-24T13:34:01.235+0000][gc,phases   ] GC(15)   Evacuate Collection Set: 40.4ms
[2025-05-24T13:34:01.236+0000][gc,phases   ] GC(15)   Post Evacuate Collection Set: 2.8ms
[2025-05-24T13:34:01.236+0000][gc,phases   ] GC(15)   Other: 2.3ms
[2025-05-24T13:34:01.236+0000][gc,heap     ] GC(15) Eden regions: 608->0(609)
[2025-05-24T13:34:01.237+0000][gc,heap     ] GC(15) Survivor regions: 6->5(77)
[2025-05-24T13:34:01.237+0000][gc,heap     ] GC(15) Old regions: 14->14
[2025-05-24T13:34:01.237+0000][gc,heap     ] GC(15) Humongous regions: 1->1
[2025-05-24T13:34:01.237+0000][gc,metaspace] GC(15) Metaspace: 11127K(11520K)->11127K(11520K) NonClass: 10023K(10176K)->10023K(10176K) Class: 1104K(1344K)->1104K(1344K)
[2025-05-24T13:34:01.237+0000][gc          ] GC(15) Pause Young (Normal) (G1 Evacuation Pause) 628M->19M(1024M) 51.464ms
[2025-05-24T13:34:01.238+0000][gc,cpu      ] GC(15) User=0.03s Sys=0.03s Real=0.05s
[2025-05-24T13:35:10.944+0000][gc,start    ] GC(16) Pause Young (Normal) (G1 Evacuation Pause)
[2025-05-24T13:35:10.944+0000][gc,task     ] GC(16) Using 10 workers of 10 for evacuation
[2025-05-24T13:35:10.960+0000][gc,phases   ] GC(16)   Pre Evacuate Collection Set: 1.2ms
[2025-05-24T13:35:10.961+0000][gc,phases   ] GC(16)   Merge Heap Roots: 1.4ms
[2025-05-24T13:35:10.961+0000][gc,phases   ] GC(16)   Evacuate Collection Set: 10.7ms
[2025-05-24T13:35:10.961+0000][gc,phases   ] GC(16)   Post Evacuate Collection Set: 1.9ms
[2025-05-24T13:35:10.962+0000][gc,phases   ] GC(16)   Other: 1.0ms
[2025-05-24T13:35:10.962+0000][gc,heap     ] GC(16) Eden regions: 609->0(610)
[2025-05-24T13:35:10.963+0000][gc,heap     ] GC(16) Survivor regions: 5->4(77)
[2025-05-24T13:35:10.963+0000][gc,heap     ] GC(16) Old regions: 14->16
[2025-05-24T13:35:10.964+0000][gc,heap     ] GC(16) Humongous regions: 1->1
[2025-05-24T13:35:10.965+0000][gc,metaspace] GC(16) Metaspace: 11137K(11520K)->11137K(11520K) NonClass: 10032K(10176K)->10032K(10176K) Class: 1104K(1344K)->1104K(1344K)
[2025-05-24T13:35:10.965+0000][gc          ] GC(16) Pause Young (Normal) (G1 Evacuation Pause) 628M->19M(1024M) 21.516ms
[2025-05-24T13:35:10.966+0000][gc,cpu      ] GC(16) User=0.04s Sys=0.01s Real=0.02s
[2025-05-24T13:36:11.580+0000][gc,start    ] GC(17) Pause Young (Normal) (G1 Evacuation Pause)
[2025-05-24T13:36:11.581+0000][gc,task     ] GC(17) Using 10 workers of 10 for evacuation
[2025-05-24T13:36:11.594+0000][gc,phases   ] GC(17)   Pre Evacuate Collection Set: 1.0ms
[2025-05-24T13:36:11.595+0000][gc,phases   ] GC(17)   Merge Heap Roots: 0.4ms
[2025-05-24T13:36:11.595+0000][gc,phases   ] GC(17)   Evacuate Collection Set: 8.4ms
[2025-05-24T13:36:11.596+0000][gc,phases   ] GC(17)   Post Evacuate Collection Set: 1.9ms
[2025-05-24T13:36:11.596+0000][gc,phases   ] GC(17)   Other: 1.5ms
[2025-05-24T13:36:11.597+0000][gc,heap     ] GC(17) Eden regions: 610->0(610)
[2025-05-24T13:36:11.597+0000][gc,heap     ] GC(17) Survivor regions: 4->4(77)
[2025-05-24T13:36:11.598+0000][gc,heap     ] GC(17) Old regions: 16->17
[2025-05-24T13:36:11.599+0000][gc,heap     ] GC(17) Humongous regions: 1->1
[2025-05-24T13:36:11.599+0000][gc,metaspace] GC(17) Metaspace: 11157K(11520K)->11157K(11520K) NonClass: 10052K(10176K)->10052K(10176K) Class: 1104K(1344K)->1104K(1344K)
[2025-05-24T13:36:11.600+0000][gc          ] GC(17) Pause Young (Normal) (G1 Evacuation Pause) 629M->20M(1024M) 19.846ms
[2025-05-24T13:36:11.600+0000][gc,cpu      ] GC(17) User=0.04s Sys=0.01s Real=0.02s
[2025-05-24T13:37:21.402+0000][gc,start    ] GC(18) Pause Young (Normal) (G1 Evacuation Pause)
[2025-05-24T13:37:21.404+0000][gc,task     ] GC(18) Using 10 workers of 10 for evacuation
[2025-05-24T13:37:21.421+0000][gc,phases   ] GC(18)   Pre Evacuate Collection Set: 5.6ms
[2025-05-24T13:37:21.422+0000][gc,phases   ] GC(18)   Merge Heap Roots: 0.2ms
[2025-05-24T13:37:21.424+0000][gc,phases   ] GC(18)   Evacuate Collection Set: 5.2ms
[2025-05-24T13:37:21.425+0000][gc,phases   ] GC(18)   Post Evacuate Collection Set: 5.0ms
[2025-05-24T13:37:21.426+0000][gc,phases   ] GC(18)   Other: 1.7ms
[2025-05-24T13:37:21.426+0000][gc,heap     ] GC(18) Eden regions: 610->0(612)
[2025-05-24T13:37:21.427+0000][gc,heap     ] GC(18) Survivor regions: 4->2(77)
[2025-05-24T13:37:21.428+0000][gc,heap     ] GC(18) Old regions: 17->17
[2025-05-24T13:37:21.429+0000][gc,heap     ] GC(18) Humongous regions: 1->1
[2025-05-24T13:37:21.430+0000][gc,metaspace] GC(18) Metaspace: 11218K(11648K)->11218K(11648K) NonClass: 10112K(10304K)->10112K(10304K) Class: 1105K(1344K)->1105K(1344K)
[2025-05-24T13:37:21.431+0000][gc          ] GC(18) Pause Young (Normal) (G1 Evacuation Pause) 630M->19M(1024M) 28.032ms
[2025-05-24T13:37:21.431+0000][gc,cpu      ] GC(18) User=0.04s Sys=0.00s Real=0.03s
[2025-05-24T13:38:31.008+0000][gc,start    ] GC(19) Pause Young (Normal) (G1 Evacuation Pause)
[2025-05-24T13:38:31.008+0000][gc,task     ] GC(19) Using 10 workers of 10 for evacuation
[2025-05-24T13:38:31.012+0000][gc,phases   ] GC(19)   Pre Evacuate Collection Set: 0.6ms
[2025-05-24T13:38:31.013+0000][gc,phases   ] GC(19)   Merge Heap Roots: 0.3ms
[2025-05-24T13:38:31.013+0000][gc,phases   ] GC(19)   Evacuate Collection Set: 1.6ms
[2025-05-24T13:38:31.013+0000][gc,phases   ] GC(19)   Post Evacuate Collection Set: 1.6ms
[2025-05-24T13:38:31.014+0000][gc,phases   ] GC(19)   Other: 0.4ms
[2025-05-24T13:38:31.014+0000][gc,heap     ] GC(19) Eden regions: 612->0(612)
[2025-05-24T13:38:31.015+0000][gc,heap     ] GC(19) Survivor regions: 2->2(77)
[2025-05-24T13:38:31.015+0000][gc,heap     ] GC(19) Old regions: 17->18
[2025-05-24T13:38:31.015+0000][gc,heap     ] GC(19) Humongous regions: 1->1
[2025-05-24T13:38:31.016+0000][gc,metaspace] GC(19) Metaspace: 11225K(11648K)->11225K(11648K) NonClass: 10119K(10304K)->10119K(10304K) Class: 1105K(1344K)->1105K(1344K)
[2025-05-24T13:38:31.016+0000][gc          ] GC(19) Pause Young (Normal) (G1 Evacuation Pause) 631M->19M(1024M) 8.649ms
[2025-05-24T13:38:31.017+0000][gc,cpu      ] GC(19) User=0.01s Sys=0.00s Real=0.01s
[2025-05-24T13:39:40.854+0000][gc,start    ] GC(20) Pause Young (Normal) (G1 Evacuation Pause)
[2025-05-24T13:39:40.856+0000][gc,task     ] GC(20) Using 10 workers of 10 for evacuation
[2025-05-24T13:39:40.862+0000][gc,phases   ] GC(20)   Pre Evacuate Collection Set: 1.1ms
[2025-05-24T13:39:40.864+0000][gc,phases   ] GC(20)   Merge Heap Roots: 0.2ms
[2025-05-24T13:39:40.864+0000][gc,phases   ] GC(20)   Evacuate Collection Set: 2.4ms
[2025-05-24T13:39:40.865+0000][gc,phases   ] GC(20)   Post Evacuate Collection Set: 2.2ms
[2025-05-24T13:39:40.866+0000][gc,phases   ] GC(20)   Other: 1.0ms
[2025-05-24T13:39:40.867+0000][gc,heap     ] GC(20) Eden regions: 612->0(613)
[2025-05-24T13:39:40.867+0000][gc,heap     ] GC(20) Survivor regions: 2->1(77)
[2025-05-24T13:39:40.867+0000][gc,heap     ] GC(20) Old regions: 18->18
[2025-05-24T13:39:40.868+0000][gc,heap     ] GC(20) Humongous regions: 1->1
[2025-05-24T13:39:40.869+0000][gc,metaspace] GC(20) Metaspace: 11259K(11648K)->11259K(11648K) NonClass: 10154K(10304K)->10154K(10304K) Class: 1105K(1344K)->1105K(1344K)
[2025-05-24T13:39:40.870+0000][gc          ] GC(20) Pause Young (Normal) (G1 Evacuation Pause) 631M->18M(1024M) 15.438ms
[2025-05-24T13:39:40.870+0000][gc,cpu      ] GC(20) User=0.00s Sys=0.03s Real=0.02s
[2025-05-24T13:40:41.521+0000][gc,start    ] GC(21) Pause Young (Normal) (G1 Evacuation Pause)
[2025-05-24T13:40:41.522+0000][gc,task     ] GC(21) Using 10 workers of 10 for evacuation
[2025-05-24T13:40:41.528+0000][gc,phases   ] GC(21)   Pre Evacuate Collection Set: 0.6ms
[2025-05-24T13:40:41.528+0000][gc,phases   ] GC(21)   Merge Heap Roots: 0.2ms
[2025-05-24T13:40:41.530+0000][gc,phases   ] GC(21)   Evacuate Collection Set: 3.7ms
[2025-05-24T13:40:41.531+0000][gc,phases   ] GC(21)   Post Evacuate Collection Set: 1.2ms
[2025-05-24T13:40:41.532+0000][gc,phases   ] GC(21)   Other: 0.6ms
[2025-05-24T13:40:41.533+0000][gc,heap     ] GC(21) Eden regions: 613->0(611)
[2025-05-24T13:40:41.534+0000][gc,heap     ] GC(21) Survivor regions: 1->3(77)
[2025-05-24T13:40:41.536+0000][gc,heap     ] GC(21) Old regions: 18->18
[2025-05-24T13:40:41.537+0000][gc,heap     ] GC(21) Humongous regions: 1->1
[2025-05-24T13:40:41.539+0000][gc,metaspace] GC(21) Metaspace: 11499K(11968K)->11499K(11968K) NonClass: 10360K(10560K)->10360K(10560K) Class: 1138K(1408K)->1138K(1408K)
[2025-05-24T13:40:41.540+0000][gc          ] GC(21) Pause Young (Normal) (G1 Evacuation Pause) 631M->20M(1024M) 18.582ms
[2025-05-24T13:40:41.540+0000][gc,cpu      ] GC(21) User=0.01s Sys=0.01s Real=0.02s
[2025-05-24T13:41:51.204+0000][gc,start    ] GC(22) Pause Young (Normal) (G1 Evacuation Pause)
[2025-05-24T13:41:51.204+0000][gc,task     ] GC(22) Using 10 workers of 10 for evacuation
[2025-05-24T13:41:51.217+0000][gc,phases   ] GC(22)   Pre Evacuate Collection Set: 1.8ms
[2025-05-24T13:41:51.218+0000][gc,phases   ] GC(22)   Merge Heap Roots: 1.4ms
[2025-05-24T13:41:51.218+0000][gc,phases   ] GC(22)   Evacuate Collection Set: 7.2ms
[2025-05-24T13:41:51.218+0000][gc,phases   ] GC(22)   Post Evacuate Collection Set: 2.0ms
[2025-05-24T13:41:51.218+0000][gc,phases   ] GC(22)   Other: 0.7ms
[2025-05-24T13:41:51.219+0000][gc,heap     ] GC(22) Eden regions: 611->0(612)
[2025-05-24T13:41:51.219+0000][gc,heap     ] GC(22) Survivor regions: 3->2(77)
[2025-05-24T13:41:51.221+0000][gc,heap     ] GC(22) Old regions: 18->18
[2025-05-24T13:41:51.221+0000][gc,heap     ] GC(22) Humongous regions: 1->1
[2025-05-24T13:41:51.222+0000][gc,metaspace] GC(22) Metaspace: 11523K(11968K)->11523K(11968K) NonClass: 10383K(10560K)->10383K(10560K) Class: 1140K(1408K)->1140K(1408K)
[2025-05-24T13:41:51.222+0000][gc          ] GC(22) Pause Young (Normal) (G1 Evacuation Pause) 631M->19M(1024M) 18.181ms
[2025-05-24T13:41:51.222+0000][gc,cpu      ] GC(22) User=0.02s Sys=0.00s Real=0.02s
[2025-05-24T13:43:01.112+0000][gc,start    ] GC(23) Pause Young (Normal) (G1 Evacuation Pause)
[2025-05-24T13:43:01.114+0000][gc,task     ] GC(23) Using 10 workers of 10 for evacuation
[2025-05-24T13:43:01.121+0000][gc,phases   ] GC(23)   Pre Evacuate Collection Set: 0.8ms
[2025-05-24T13:43:01.121+0000][gc,phases   ] GC(23)   Merge Heap Roots: 0.3ms
[2025-05-24T13:43:01.123+0000][gc,phases   ] GC(23)   Evacuate Collection Set: 3.0ms
[2025-05-24T13:43:01.124+0000][gc,phases   ] GC(23)   Post Evacuate Collection Set: 1.9ms
[2025-05-24T13:43:01.126+0000][gc,phases   ] GC(23)   Other: 1.0ms
[2025-05-24T13:43:01.127+0000][gc,heap     ] GC(23) Eden regions: 612->0(612)
[2025-05-24T13:43:01.128+0000][gc,heap     ] GC(23) Survivor regions: 2->2(77)
[2025-05-24T13:43:01.129+0000][gc,heap     ] GC(23) Old regions: 18->18
[2025-05-24T13:43:01.132+0000][gc,heap     ] GC(23) Humongous regions: 1->1
[2025-05-24T13:43:01.134+0000][gc,metaspace] GC(23) Metaspace: 11524K(11968K)->11524K(11968K) NonClass: 10383K(10560K)->10383K(10560K) Class: 1140K(1408K)->1140K(1408K)
[2025-05-24T13:43:01.135+0000][gc          ] GC(23) Pause Young (Normal) (G1 Evacuation Pause) 631M->19M(1024M) 22.937ms
[2025-05-24T13:43:01.136+0000][gc,cpu      ] GC(23) User=0.02s Sys=0.01s Real=0.03s
[2025-05-24T13:44:10.780+0000][gc,start    ] GC(24) Pause Young (Normal) (G1 Evacuation Pause)
[2025-05-24T13:44:10.781+0000][gc,task     ] GC(24) Using 10 workers of 10 for evacuation
[2025-05-24T13:44:10.787+0000][gc,phases   ] GC(24)   Pre Evacuate Collection Set: 0.7ms
[2025-05-24T13:44:10.788+0000][gc,phases   ] GC(24)   Merge Heap Roots: 0.4ms
[2025-05-24T13:44:10.789+0000][gc,phases   ] GC(24)   Evacuate Collection Set: 2.8ms
[2025-05-24T13:44:10.790+0000][gc,phases   ] GC(24)   Post Evacuate Collection Set: 1.6ms
[2025-05-24T13:44:10.790+0000][gc,phases   ] GC(24)   Other: 1.0ms
[2025-05-24T13:44:10.791+0000][gc,heap     ] GC(24) Eden regions: 612->0(613)
[2025-05-24T13:44:10.792+0000][gc,heap     ] GC(24) Survivor regions: 2->1(77)
[2025-05-24T13:44:10.793+0000][gc,heap     ] GC(24) Old regions: 18->18
[2025-05-24T13:44:10.793+0000][gc,heap     ] GC(24) Humongous regions: 1->1
[2025-05-24T13:44:10.795+0000][gc,metaspace] GC(24) Metaspace: 11531K(12032K)->11531K(12032K) NonClass: 10390K(10624K)->10390K(10624K) Class: 1140K(1408K)->1140K(1408K)
[2025-05-24T13:44:10.795+0000][gc          ] GC(24) Pause Young (Normal) (G1 Evacuation Pause) 631M->18M(1024M) 15.955ms
[2025-05-24T13:44:10.796+0000][gc,cpu      ] GC(24) User=0.02s Sys=0.00s Real=0.02s
[2025-05-24T13:45:11.459+0000][gc,start    ] GC(25) Pause Young (Normal) (G1 Evacuation Pause)
[2025-05-24T13:45:11.460+0000][gc,task     ] GC(25) Using 10 workers of 10 for evacuation
[2025-05-24T13:45:11.474+0000][gc,phases   ] GC(25)   Pre Evacuate Collection Set: 2.6ms
[2025-05-24T13:45:11.475+0000][gc,phases   ] GC(25)   Merge Heap Roots: 0.4ms
[2025-05-24T13:45:11.476+0000][gc,phases   ] GC(25)   Evacuate Collection Set: 5.2ms
[2025-05-24T13:45:11.476+0000][gc,phases   ] GC(25)   Post Evacuate Collection Set: 4.5ms
[2025-05-24T13:45:11.477+0000][gc,phases   ] GC(25)   Other: 1.2ms
[2025-05-24T13:45:11.477+0000][gc,heap     ] GC(25) Eden regions: 613->0(611)
[2025-05-24T13:45:11.480+0000][gc,heap     ] GC(25) Survivor regions: 1->3(77)
[2025-05-24T13:45:11.481+0000][gc,heap     ] GC(25) Old regions: 18->18
[2025-05-24T13:45:11.482+0000][gc,heap     ] GC(25) Humongous regions: 1->1
[2025-05-24T13:45:11.483+0000][gc,metaspace] GC(25) Metaspace: 11532K(12032K)->11532K(12032K) NonClass: 10391K(10624K)->10391K(10624K) Class: 1140K(1408K)->1140K(1408K)
[2025-05-24T13:45:11.485+0000][gc          ] GC(25) Pause Young (Normal) (G1 Evacuation Pause) 631M->20M(1024M) 26.129ms
[2025-05-24T13:45:11.489+0000][gc,cpu      ] GC(25) User=0.04s Sys=0.01s Real=0.03s
[2025-05-24T13:46:21.224+0000][gc,start    ] GC(26) Pause Young (Normal) (G1 Evacuation Pause)
[2025-05-24T13:46:21.224+0000][gc,task     ] GC(26) Using 10 workers of 10 for evacuation
[2025-05-24T13:46:21.234+0000][gc,phases   ] GC(26)   Pre Evacuate Collection Set: 2.5ms
[2025-05-24T13:46:21.235+0000][gc,phases   ] GC(26)   Merge Heap Roots: 2.9ms
[2025-05-24T13:46:21.236+0000][gc,phases   ] GC(26)   Evacuate Collection Set: 1.9ms
[2025-05-24T13:46:21.236+0000][gc,phases   ] GC(26)   Post Evacuate Collection Set: 1.7ms
[2025-05-24T13:46:21.237+0000][gc,phases   ] GC(26)   Other: 1.0ms
[2025-05-24T13:46:21.238+0000][gc,heap     ] GC(26) Eden regions: 611->0(612)
[2025-05-24T13:46:21.238+0000][gc,heap     ] GC(26) Survivor regions: 3->2(77)
[2025-05-24T13:46:21.239+0000][gc,heap     ] GC(26) Old regions: 18->18
[2025-05-24T13:46:21.240+0000][gc,heap     ] GC(26) Humongous regions: 1->1
[2025-05-24T13:46:21.240+0000][gc,metaspace] GC(26) Metaspace: 11542K(12032K)->11542K(12032K) NonClass: 10401K(10624K)->10401K(10624K) Class: 1140K(1408K)->1140K(1408K)
[2025-05-24T13:46:21.241+0000][gc          ] GC(26) Pause Young (Normal) (G1 Evacuation Pause) 631M->19M(1024M) 17.103ms
[2025-05-24T13:46:21.242+0000][gc,cpu      ] GC(26) User=0.01s Sys=0.01s Real=0.01s
[2025-05-24T13:47:30.955+0000][gc,start    ] GC(27) Pause Young (Normal) (G1 Evacuation Pause)
[2025-05-24T13:47:30.956+0000][gc,task     ] GC(27) Using 10 workers of 10 for evacuation
[2025-05-24T13:47:30.962+0000][gc,phases   ] GC(27)   Pre Evacuate Collection Set: 0.6ms
[2025-05-24T13:47:30.963+0000][gc,phases   ] GC(27)   Merge Heap Roots: 1.9ms
[2025-05-24T13:47:30.963+0000][gc,phases   ] GC(27)   Evacuate Collection Set: 2.1ms
[2025-05-24T13:47:30.964+0000][gc,phases   ] GC(27)   Post Evacuate Collection Set: 1.2ms
[2025-05-24T13:47:30.964+0000][gc,phases   ] GC(27)   Other: 0.6ms
[2025-05-24T13:47:30.964+0000][gc,heap     ] GC(27) Eden regions: 612->0(612)
[2025-05-24T13:47:30.965+0000][gc,heap     ] GC(27) Survivor regions: 2->2(77)
[2025-05-24T13:47:30.965+0000][gc,heap     ] GC(27) Old regions: 18->18
[2025-05-24T13:47:30.965+0000][gc,heap     ] GC(27) Humongous regions: 1->1
[2025-05-24T13:47:30.966+0000][gc,metaspace] GC(27) Metaspace: 11543K(12032K)->11543K(12032K) NonClass: 10402K(10624K)->10402K(10624K) Class: 1140K(1408K)->1140K(1408K)
[2025-05-24T13:47:30.966+0000][gc          ] GC(27) Pause Young (Normal) (G1 Evacuation Pause) 631M->19M(1024M) 10.915ms
[2025-05-24T13:47:30.967+0000][gc,cpu      ] GC(27) User=0.02s Sys=0.00s Real=0.02s
[2025-05-24T13:48:40.756+0000][gc,start    ] GC(28) Pause Young (Normal) (G1 Evacuation Pause)
[2025-05-24T13:48:40.756+0000][gc,task     ] GC(28) Using 10 workers of 10 for evacuation
[2025-05-24T13:48:40.764+0000][gc,phases   ] GC(28)   Pre Evacuate Collection Set: 1.1ms
[2025-05-24T13:48:40.764+0000][gc,phases   ] GC(28)   Merge Heap Roots: 0.7ms
[2025-05-24T13:48:40.765+0000][gc,phases   ] GC(28)   Evacuate Collection Set: 3.3ms
[2025-05-24T13:48:40.765+0000][gc,phases   ] GC(28)   Post Evacuate Collection Set: 1.9ms
[2025-05-24T13:48:40.765+0000][gc,phases   ] GC(28)   Other: 0.5ms
[2025-05-24T13:48:40.766+0000][gc,heap     ] GC(28) Eden regions: 612->0(613)
[2025-05-24T13:48:40.769+0000][gc,heap     ] GC(28) Survivor regions: 2->1(77)
[2025-05-24T13:48:40.770+0000][gc,heap     ] GC(28) Old regions: 18->18
[2025-05-24T13:48:40.771+0000][gc,heap     ] GC(28) Humongous regions: 1->1
[2025-05-24T13:48:40.772+0000][gc,metaspace] GC(28) Metaspace: 11562K(12096K)->11562K(12096K) NonClass: 10421K(10688K)->10421K(10688K) Class: 1140K(1408K)->1140K(1408K)
[2025-05-24T13:48:40.772+0000][gc          ] GC(28) Pause Young (Normal) (G1 Evacuation Pause) 631M->18M(1024M) 16.281ms
[2025-05-24T13:48:40.773+0000][gc,cpu      ] GC(28) User=0.02s Sys=0.00s Real=0.01s
[2025-05-24T13:49:41.323+0000][gc,start    ] GC(29) Pause Young (Normal) (G1 Evacuation Pause)
[2025-05-24T13:49:41.324+0000][gc,task     ] GC(29) Using 10 workers of 10 for evacuation
[2025-05-24T13:49:41.336+0000][gc,phases   ] GC(29)   Pre Evacuate Collection Set: 1.0ms
[2025-05-24T13:49:41.337+0000][gc,phases   ] GC(29)   Merge Heap Roots: 0.4ms
[2025-05-24T13:49:41.337+0000][gc,phases   ] GC(29)   Evacuate Collection Set: 7.9ms
[2025-05-24T13:49:41.338+0000][gc,phases   ] GC(29)   Post Evacuate Collection Set: 1.5ms
[2025-05-24T13:49:41.338+0000][gc,phases   ] GC(29)   Other: 1.7ms
[2025-05-24T13:49:41.338+0000][gc,heap     ] GC(29) Eden regions: 613->0(612)
[2025-05-24T13:49:41.339+0000][gc,heap     ] GC(29) Survivor regions: 1->2(77)
[2025-05-24T13:49:41.339+0000][gc,heap     ] GC(29) Old regions: 18->18
[2025-05-24T13:49:41.340+0000][gc,heap     ] GC(29) Humongous regions: 1->1
[2025-05-24T13:49:41.341+0000][gc,metaspace] GC(29) Metaspace: 11566K(12096K)->11566K(12096K) NonClass: 10425K(10688K)->10425K(10688K) Class: 1140K(1408K)->1140K(1408K)
[2025-05-24T13:49:41.341+0000][gc          ] GC(29) Pause Young (Normal) (G1 Evacuation Pause) 631M->20M(1024M) 18.499ms
[2025-05-24T13:49:41.342+0000][gc,cpu      ] GC(29) User=0.02s Sys=0.01s Real=0.02s
[2025-05-24T13:50:51.150+0000][gc,start    ] GC(30) Pause Young (Normal) (G1 Evacuation Pause)
[2025-05-24T13:50:51.151+0000][gc,task     ] GC(30) Using 10 workers of 10 for evacuation
[2025-05-24T13:50:51.159+0000][gc,phases   ] GC(30)   Pre Evacuate Collection Set: 1.1ms
[2025-05-24T13:50:51.159+0000][gc,phases   ] GC(30)   Merge Heap Roots: 0.3ms
[2025-05-24T13:50:51.160+0000][gc,phases   ] GC(30)   Evacuate Collection Set: 3.7ms
[2025-05-24T13:50:51.161+0000][gc,phases   ] GC(30)   Post Evacuate Collection Set: 1.7ms
[2025-05-24T13:50:51.161+0000][gc,phases   ] GC(30)   Other: 1.0ms
[2025-05-24T13:50:51.162+0000][gc,heap     ] GC(30) Eden regions: 612->0(612)
[2025-05-24T13:50:51.162+0000][gc,heap     ] GC(30) Survivor regions: 2->2(77)
[2025-05-24T13:50:51.163+0000][gc,heap     ] GC(30) Old regions: 18->18
[2025-05-24T13:50:51.164+0000][gc,heap     ] GC(30) Humongous regions: 1->1
[2025-05-24T13:50:51.165+0000][gc,metaspace] GC(30) Metaspace: 11571K(12096K)->11571K(12096K) NonClass: 10431K(10688K)->10431K(10688K) Class: 1140K(1408K)->1140K(1408K)
[2025-05-24T13:50:51.166+0000][gc          ] GC(30) Pause Young (Normal) (G1 Evacuation Pause) 632M->19M(1024M) 15.835ms
[2025-05-24T13:50:51.166+0000][gc,cpu      ] GC(30) User=0.03s Sys=0.00s Real=0.02s
[2025-05-24T13:52:00.911+0000][gc,start    ] GC(31) Pause Young (Normal) (G1 Evacuation Pause)
[2025-05-24T13:52:00.911+0000][gc,task     ] GC(31) Using 10 workers of 10 for evacuation
[2025-05-24T13:52:00.916+0000][gc,phases   ] GC(31)   Pre Evacuate Collection Set: 0.8ms
[2025-05-24T13:52:00.916+0000][gc,phases   ] GC(31)   Merge Heap Roots: 0.3ms
[2025-05-24T13:52:00.916+0000][gc,phases   ] GC(31)   Evacuate Collection Set: 1.6ms
[2025-05-24T13:52:00.917+0000][gc,phases   ] GC(31)   Post Evacuate Collection Set: 1.2ms
[2025-05-24T13:52:00.917+0000][gc,phases   ] GC(31)   Other: 0.6ms
[2025-05-24T13:52:00.918+0000][gc,heap     ] GC(31) Eden regions: 612->0(612)
[2025-05-24T13:52:00.919+0000][gc,heap     ] GC(31) Survivor regions: 2->2(77)
[2025-05-24T13:52:00.919+0000][gc,heap     ] GC(31) Old regions: 18->18
[2025-05-24T13:52:00.919+0000][gc,heap     ] GC(31) Humongous regions: 1->1
[2025-05-24T13:52:00.920+0000][gc,metaspace] GC(31) Metaspace: 11618K(12096K)->11618K(12096K) NonClass: 10477K(10688K)->10477K(10688K) Class: 1140K(1408K)->1140K(1408K)
[2025-05-24T13:52:00.921+0000][gc          ] GC(31) Pause Young (Normal) (G1 Evacuation Pause) 631M->19M(1024M) 10.224ms
[2025-05-24T13:52:00.921+0000][gc,cpu      ] GC(31) User=0.02s Sys=0.00s Real=0.01s
[2025-05-24T13:53:10.708+0000][gc,start    ] GC(32) Pause Young (Normal) (G1 Evacuation Pause)
[2025-05-24T13:53:10.709+0000][gc,task     ] GC(32) Using 10 workers of 10 for evacuation
[2025-05-24T13:53:10.714+0000][gc,phases   ] GC(32)   Pre Evacuate Collection Set: 1.1ms
[2025-05-24T13:53:10.715+0000][gc,phases   ] GC(32)   Merge Heap Roots: 0.3ms
[2025-05-24T13:53:10.715+0000][gc,phases   ] GC(32)   Evacuate Collection Set: 1.7ms
[2025-05-24T13:53:10.716+0000][gc,phases   ] GC(32)   Post Evacuate Collection Set: 1.5ms
[2025-05-24T13:53:10.717+0000][gc,phases   ] GC(32)   Other: 0.7ms
[2025-05-24T13:53:10.717+0000][gc,heap     ] GC(32) Eden regions: 612->0(613)
[2025-05-24T13:53:10.718+0000][gc,heap     ] GC(32) Survivor regions: 2->1(77)
[2025-05-24T13:53:10.719+0000][gc,heap     ] GC(32) Old regions: 18->18
[2025-05-24T13:53:10.720+0000][gc,heap     ] GC(32) Humongous regions: 1->1
[2025-05-24T13:53:10.721+0000][gc,metaspace] GC(32) Metaspace: 11621K(12096K)->11621K(12096K) NonClass: 10480K(10688K)->10480K(10688K) Class: 1140K(1408K)->1140K(1408K)
[2025-05-24T13:53:10.722+0000][gc          ] GC(32) Pause Young (Normal) (G1 Evacuation Pause) 631M->18M(1024M) 13.782ms
[2025-05-24T13:53:10.722+0000][gc,cpu      ] GC(32) User=0.00s Sys=0.01s Real=0.01s
[2025-05-24T13:54:11.142+0000][gc,start    ] GC(33) Pause Young (Normal) (G1 Evacuation Pause)
[2025-05-24T13:54:11.143+0000][gc,task     ] GC(33) Using 10 workers of 10 for evacuation
[2025-05-24T13:54:11.146+0000][gc,phases   ] GC(33)   Pre Evacuate Collection Set: 0.3ms
[2025-05-24T13:54:11.147+0000][gc,phases   ] GC(33)   Merge Heap Roots: 0.2ms
[2025-05-24T13:54:11.147+0000][gc,phases   ] GC(33)   Evacuate Collection Set: 1.5ms
[2025-05-24T13:54:11.148+0000][gc,phases   ] GC(33)   Post Evacuate Collection Set: 1.5ms
[2025-05-24T13:54:11.148+0000][gc,phases   ] GC(33)   Other: 0.3ms
[2025-05-24T13:54:11.149+0000][gc,heap     ] GC(33) Eden regions: 613->0(611)
[2025-05-24T13:54:11.149+0000][gc,heap     ] GC(33) Survivor regions: 1->3(77)
[2025-05-24T13:54:11.149+0000][gc,heap     ] GC(33) Old regions: 18->18
[2025-05-24T13:54:11.150+0000][gc,heap     ] GC(33) Humongous regions: 1->1
[2025-05-24T13:54:11.150+0000][gc,metaspace] GC(33) Metaspace: 11650K(12096K)->11650K(12096K) NonClass: 10510K(10688K)->10510K(10688K) Class: 1140K(1408K)->1140K(1408K)
[2025-05-24T13:54:11.150+0000][gc          ] GC(33) Pause Young (Normal) (G1 Evacuation Pause) 631M->20M(1024M) 8.026ms
[2025-05-24T13:54:11.151+0000][gc,cpu      ] GC(33) User=0.01s Sys=0.00s Real=0.01s
[2025-05-24T13:55:21.035+0000][gc,start    ] GC(34) Pause Young (Normal) (G1 Evacuation Pause)
[2025-05-24T13:55:21.035+0000][gc,task     ] GC(34) Using 10 workers of 10 for evacuation
[2025-05-24T13:55:21.039+0000][gc,phases   ] GC(34)   Pre Evacuate Collection Set: 0.3ms
[2025-05-24T13:55:21.039+0000][gc,phases   ] GC(34)   Merge Heap Roots: 0.3ms
[2025-05-24T13:55:21.040+0000][gc,phases   ] GC(34)   Evacuate Collection Set: 1.3ms
[2025-05-24T13:55:21.040+0000][gc,phases   ] GC(34)   Post Evacuate Collection Set: 1.0ms
[2025-05-24T13:55:21.041+0000][gc,phases   ] GC(34)   Other: 0.7ms
[2025-05-24T13:55:21.041+0000][gc,heap     ] GC(34) Eden regions: 611->0(612)
[2025-05-24T13:55:21.041+0000][gc,heap     ] GC(34) Survivor regions: 3->2(77)
[2025-05-24T13:55:21.042+0000][gc,heap     ] GC(34) Old regions: 18->18
[2025-05-24T13:55:21.042+0000][gc,heap     ] GC(34) Humongous regions: 1->1
[2025-05-24T13:55:21.043+0000][gc,metaspace] GC(34) Metaspace: 11653K(12096K)->11653K(12096K) NonClass: 10512K(10688K)->10512K(10688K) Class: 1140K(1408K)->1140K(1408K)
[2025-05-24T13:55:21.043+0000][gc          ] GC(34) Pause Young (Normal) (G1 Evacuation Pause) 631M->19M(1024M) 8.618ms
[2025-05-24T13:55:21.044+0000][gc,cpu      ] GC(34) User=0.01s Sys=0.00s Real=0.01s
[2025-05-24T13:56:30.853+0000][gc,start    ] GC(35) Pause Young (Normal) (G1 Evacuation Pause)
[2025-05-24T13:56:30.853+0000][gc,task     ] GC(35) Using 10 workers of 10 for evacuation
[2025-05-24T13:56:30.859+0000][gc,phases   ] GC(35)   Pre Evacuate Collection Set: 0.4ms
[2025-05-24T13:56:30.859+0000][gc,phases   ] GC(35)   Merge Heap Roots: 0.2ms
[2025-05-24T13:56:30.859+0000][gc,phases   ] GC(35)   Evacuate Collection Set: 1.4ms
[2025-05-24T13:56:30.859+0000][gc,phases   ] GC(35)   Post Evacuate Collection Set: 2.4ms
[2025-05-24T13:56:30.860+0000][gc,phases   ] GC(35)   Other: 0.7ms
[2025-05-24T13:56:30.860+0000][gc,heap     ] GC(35) Eden regions: 612->0(612)
[2025-05-24T13:56:30.861+0000][gc,heap     ] GC(35) Survivor regions: 2->2(77)
[2025-05-24T13:56:30.861+0000][gc,heap     ] GC(35) Old regions: 18->18
[2025-05-24T13:56:30.861+0000][gc,heap     ] GC(35) Humongous regions: 1->1
[2025-05-24T13:56:30.862+0000][gc,metaspace] GC(35) Metaspace: 11663K(12160K)->11663K(12160K) NonClass: 10522K(10752K)->10522K(10752K) Class: 1140K(1408K)->1140K(1408K)
[2025-05-24T13:56:30.862+0000][gc          ] GC(35) Pause Young (Normal) (G1 Evacuation Pause) 631M->19M(1024M) 9.053ms
[2025-05-24T13:56:30.862+0000][gc,cpu      ] GC(35) User=0.00s Sys=0.02s Real=0.01s
[2025-05-24T13:57:40.676+0000][gc,start    ] GC(36) Pause Young (Normal) (G1 Evacuation Pause)
[2025-05-24T13:57:40.676+0000][gc,task     ] GC(36) Using 10 workers of 10 for evacuation
[2025-05-24T13:57:40.679+0000][gc,phases   ] GC(36)   Pre Evacuate Collection Set: 0.4ms
[2025-05-24T13:57:40.680+0000][gc,phases   ] GC(36)   Merge Heap Roots: 0.4ms
[2025-05-24T13:57:40.680+0000][gc,phases   ] GC(36)   Evacuate Collection Set: 0.9ms
[2025-05-24T13:57:40.680+0000][gc,phases   ] GC(36)   Post Evacuate Collection Set: 1.0ms
[2025-05-24T13:57:40.680+0000][gc,phases   ] GC(36)   Other: 0.3ms
[2025-05-24T13:57:40.680+0000][gc,heap     ] GC(36) Eden regions: 612->0(613)
[2025-05-24T13:57:40.681+0000][gc,heap     ] GC(36) Survivor regions: 2->1(77)
[2025-05-24T13:57:40.681+0000][gc,heap     ] GC(36) Old regions: 18->18
[2025-05-24T13:57:40.681+0000][gc,heap     ] GC(36) Humongous regions: 1->1
[2025-05-24T13:57:40.681+0000][gc,metaspace] GC(36) Metaspace: 11672K(12160K)->11672K(12160K) NonClass: 10531K(10752K)->10531K(10752K) Class: 1140K(1408K)->1140K(1408K)
[2025-05-24T13:57:40.682+0000][gc          ] GC(36) Pause Young (Normal) (G1 Evacuation Pause) 631M->18M(1024M) 5.615ms
[2025-05-24T13:57:40.682+0000][gc,cpu      ] GC(36) User=0.01s Sys=0.00s Real=0.01s
[2025-05-24T13:58:41.054+0000][gc,start    ] GC(37) Pause Young (Normal) (G1 Evacuation Pause)
[2025-05-24T13:58:41.055+0000][gc,task     ] GC(37) Using 10 workers of 10 for evacuation
[2025-05-24T13:58:41.058+0000][gc,phases   ] GC(37)   Pre Evacuate Collection Set: 0.4ms
[2025-05-24T13:58:41.058+0000][gc,phases   ] GC(37)   Merge Heap Roots: 0.2ms
[2025-05-24T13:58:41.058+0000][gc,phases   ] GC(37)   Evacuate Collection Set: 1.2ms
[2025-05-24T13:58:41.058+0000][gc,phases   ] GC(37)   Post Evacuate Collection Set: 0.8ms
[2025-05-24T13:58:41.058+0000][gc,phases   ] GC(37)   Other: 0.3ms
[2025-05-24T13:58:41.059+0000][gc,heap     ] GC(37) Eden regions: 613->0(612)
[2025-05-24T13:58:41.059+0000][gc,heap     ] GC(37) Survivor regions: 1->2(77)
[2025-05-24T13:58:41.059+0000][gc,heap     ] GC(37) Old regions: 18->18
[2025-05-24T13:58:41.059+0000][gc,heap     ] GC(37) Humongous regions: 1->1
[2025-05-24T13:58:41.059+0000][gc,metaspace] GC(37) Metaspace: 11700K(12160K)->11700K(12160K) NonClass: 10559K(10752K)->10559K(10752K) Class: 1140K(1408K)->1140K(1408K)
[2025-05-24T13:58:41.060+0000][gc          ] GC(37) Pause Young (Normal) (G1 Evacuation Pause) 631M->20M(1024M) 5.062ms
[2025-05-24T13:58:41.060+0000][gc,cpu      ] GC(37) User=0.01s Sys=0.00s Real=0.01s
[2025-05-24T13:59:50.956+0000][gc,start    ] GC(38) Pause Young (Normal) (G1 Evacuation Pause)
[2025-05-24T13:59:50.956+0000][gc,task     ] GC(38) Using 10 workers of 10 for evacuation
[2025-05-24T13:59:50.962+0000][gc,phases   ] GC(38)   Pre Evacuate Collection Set: 1.2ms
[2025-05-24T13:59:50.963+0000][gc,phases   ] GC(38)   Merge Heap Roots: 0.7ms
[2025-05-24T13:59:50.963+0000][gc,phases   ] GC(38)   Evacuate Collection Set: 1.4ms
[2025-05-24T13:59:50.963+0000][gc,phases   ] GC(38)   Post Evacuate Collection Set: 2.1ms
[2025-05-24T13:59:50.964+0000][gc,phases   ] GC(38)   Other: 0.8ms
[2025-05-24T13:59:50.964+0000][gc,heap     ] GC(38) Eden regions: 612->0(612)
[2025-05-24T13:59:50.964+0000][gc,heap     ] GC(38) Survivor regions: 2->2(77)
[2025-05-24T13:59:50.965+0000][gc,heap     ] GC(38) Old regions: 18->18
[2025-05-24T13:59:50.965+0000][gc,heap     ] GC(38) Humongous regions: 1->1
[2025-05-24T13:59:50.965+0000][gc,metaspace] GC(38) Metaspace: 11711K(12160K)->11711K(12160K) NonClass: 10570K(10752K)->10570K(10752K) Class: 1140K(1408K)->1140K(1408K)
[2025-05-24T13:59:50.966+0000][gc          ] GC(38) Pause Young (Normal) (G1 Evacuation Pause) 632M->19M(1024M) 9.977ms
[2025-05-24T13:59:50.966+0000][gc,cpu      ] GC(38) User=0.01s Sys=0.00s Real=0.01s
