[2025-05-20T14:47:57.395+0000][gc,init] CardTable entry size: 512
[2025-05-20T14:47:57.396+0000][gc     ] Using G1
[2025-05-20T14:47:57.437+0000][gc,init] Version: 21.0.4+7-LTS (release)
[2025-05-20T14:47:57.441+0000][gc,init] CPUs: 12 total, 12 available
[2025-05-20T14:47:57.443+0000][gc,init] Memory: 15597M
[2025-05-20T14:47:57.443+0000][gc,init] Large Page Support: Disabled
[2025-05-20T14:47:57.444+0000][gc,init] NUMA Support: Disabled
[2025-05-20T14:47:57.444+0000][gc,init] Compressed Oops: Enabled (32-bit)
[2025-05-20T14:47:57.444+0000][gc,init] Heap Region Size: 1M
[2025-05-20T14:47:57.444+0000][gc,init] Heap Min Capacity: 1G
[2025-05-20T14:47:57.444+0000][gc,init] Heap Initial Capacity: 1G
[2025-05-20T14:47:57.445+0000][gc,init] Heap Max Capacity: 1G
[2025-05-20T14:47:57.445+0000][gc,init] Pre-touch: Disabled
[2025-05-20T14:47:57.445+0000][gc,init] Parallel Workers: 10
[2025-05-20T14:47:57.445+0000][gc,init] Concurrent Workers: 3
[2025-05-20T14:47:57.445+0000][gc,init] Concurrent Refinement Workers: 10
[2025-05-20T14:47:57.445+0000][gc,init] Periodic GC: Disabled
[2025-05-20T14:47:57.547+0000][gc,metaspace] CDS archive(s) mapped at: [0x00007fb81b000000-0x00007fb81bbbe000-0x00007fb81e674000), size 57098240, SharedBaseAddress: 0x00007fb81b000000, ArchiveRelocationMode: 1.
[2025-05-20T14:47:57.549+0000][gc,metaspace] Compressed class space mapped at: 0x00007fb81f000000-0x00007fb85f000000, reserved size: 1073741824
[2025-05-20T14:47:57.550+0000][gc,metaspace] Narrow klass base: 0x00007fb81b000000, Narrow klass shift: 0, Narrow klass range: 0x100000000
[2025-05-20T14:48:02.385+0000][gc,start    ] GC(0) Pause Young (Normal) (G1 Evacuation Pause)
[2025-05-20T14:48:02.388+0000][gc,task     ] GC(0) Using 10 workers of 10 for evacuation
[2025-05-20T14:48:02.436+0000][gc,phases   ] GC(0)   Pre Evacuate Collection Set: 0.4ms
[2025-05-20T14:48:02.436+0000][gc,phases   ] GC(0)   Merge Heap Roots: 0.2ms
[2025-05-20T14:48:02.436+0000][gc,phases   ] GC(0)   Evacuate Collection Set: 32.5ms
[2025-05-20T14:48:02.437+0000][gc,phases   ] GC(0)   Post Evacuate Collection Set: 14.1ms
[2025-05-20T14:48:02.437+0000][gc,phases   ] GC(0)   Other: 3.2ms
[2025-05-20T14:48:02.437+0000][gc,heap     ] GC(0) Eden regions: 51->0(44)
[2025-05-20T14:48:02.437+0000][gc,heap     ] GC(0) Survivor regions: 0->7(7)
[2025-05-20T14:48:02.438+0000][gc,heap     ] GC(0) Old regions: 1->6
[2025-05-20T14:48:02.438+0000][gc,heap     ] GC(0) Humongous regions: 1->1
[2025-05-20T14:48:02.438+0000][gc,metaspace] GC(0) Metaspace: 5700K(5824K)->5700K(5824K) NonClass: 5047K(5120K)->5047K(5120K) Class: 652K(704K)->652K(704K)
[2025-05-20T14:48:02.438+0000][gc          ] GC(0) Pause Young (Normal) (G1 Evacuation Pause) 52M->13M(1024M) 52.905ms
[2025-05-20T14:48:02.438+0000][gc,cpu      ] GC(0) User=0.07s Sys=0.02s Real=0.05s
[2025-05-20T14:48:04.542+0000][gc,start    ] GC(1) Pause Young (Normal) (G1 Evacuation Pause)
[2025-05-20T14:48:04.543+0000][gc,task     ] GC(1) Using 10 workers of 10 for evacuation
[2025-05-20T14:48:04.580+0000][gc,phases   ] GC(1)   Pre Evacuate Collection Set: 1.4ms
[2025-05-20T14:48:04.581+0000][gc,phases   ] GC(1)   Merge Heap Roots: 1.3ms
[2025-05-20T14:48:04.581+0000][gc,phases   ] GC(1)   Evacuate Collection Set: 31.7ms
[2025-05-20T14:48:04.581+0000][gc,phases   ] GC(1)   Post Evacuate Collection Set: 2.2ms
[2025-05-20T14:48:04.581+0000][gc,phases   ] GC(1)   Other: 0.7ms
[2025-05-20T14:48:04.582+0000][gc,heap     ] GC(1) Eden regions: 44->0(47)
[2025-05-20T14:48:04.582+0000][gc,heap     ] GC(1) Survivor regions: 7->4(7)
[2025-05-20T14:48:04.583+0000][gc,heap     ] GC(1) Old regions: 6->14
[2025-05-20T14:48:04.583+0000][gc,heap     ] GC(1) Humongous regions: 1->1
[2025-05-20T14:48:04.583+0000][gc,metaspace] GC(1) Metaspace: 8133K(8448K)->8133K(8448K) NonClass: 7253K(7424K)->7253K(7424K) Class: 879K(1024K)->879K(1024K)
[2025-05-20T14:48:04.583+0000][gc          ] GC(1) Pause Young (Normal) (G1 Evacuation Pause) 57M->17M(1024M) 41.052ms
[2025-05-20T14:48:04.584+0000][gc,cpu      ] GC(1) User=0.09s Sys=0.00s Real=0.05s
[2025-05-20T14:48:05.008+0000][gc,start    ] GC(2) Pause Young (Normal) (G1 Evacuation Pause)
[2025-05-20T14:48:05.008+0000][gc,task     ] GC(2) Using 10 workers of 10 for evacuation
[2025-05-20T14:48:05.016+0000][gc,phases   ] GC(2)   Pre Evacuate Collection Set: 0.3ms
[2025-05-20T14:48:05.016+0000][gc,phases   ] GC(2)   Merge Heap Roots: 0.2ms
[2025-05-20T14:48:05.016+0000][gc,phases   ] GC(2)   Evacuate Collection Set: 5.6ms
[2025-05-20T14:48:05.016+0000][gc,phases   ] GC(2)   Post Evacuate Collection Set: 0.9ms
[2025-05-20T14:48:05.016+0000][gc,phases   ] GC(2)   Other: 0.5ms
[2025-05-20T14:48:05.016+0000][gc,heap     ] GC(2) Eden regions: 54->0(284)
[2025-05-20T14:48:05.017+0000][gc,heap     ] GC(2) Survivor regions: 4->5(8)
[2025-05-20T14:48:05.017+0000][gc,heap     ] GC(2) Old regions: 14->14
[2025-05-20T14:48:05.017+0000][gc,heap     ] GC(2) Humongous regions: 1->1
[2025-05-20T14:48:05.017+0000][gc,metaspace] GC(2) Metaspace: 8345K(8640K)->8345K(8640K) NonClass: 7433K(7616K)->7433K(7616K) Class: 911K(1024K)->911K(1024K)
[2025-05-20T14:48:05.017+0000][gc          ] GC(2) Pause Young (Normal) (G1 Evacuation Pause) 71M->18M(1024M) 9.549ms
[2025-05-20T14:48:05.017+0000][gc,cpu      ] GC(2) User=0.03s Sys=0.00s Real=0.01s
[2025-05-20T14:48:20.060+0000][gc,start    ] GC(3) Pause Young (Normal) (G1 Evacuation Pause)
[2025-05-20T14:48:20.060+0000][gc,task     ] GC(3) Using 10 workers of 10 for evacuation
[2025-05-20T14:48:20.068+0000][gc,phases   ] GC(3)   Pre Evacuate Collection Set: 0.3ms
[2025-05-20T14:48:20.069+0000][gc,phases   ] GC(3)   Merge Heap Roots: 0.2ms
[2025-05-20T14:48:20.069+0000][gc,phases   ] GC(3)   Evacuate Collection Set: 6.6ms
[2025-05-20T14:48:20.069+0000][gc,phases   ] GC(3)   Post Evacuate Collection Set: 0.8ms
[2025-05-20T14:48:20.069+0000][gc,phases   ] GC(3)   Other: 0.3ms
[2025-05-20T14:48:20.069+0000][gc,heap     ] GC(3) Eden regions: 310->0(609)
[2025-05-20T14:48:20.069+0000][gc,heap     ] GC(3) Survivor regions: 5->5(40)
[2025-05-20T14:48:20.070+0000][gc,heap     ] GC(3) Old regions: 14->14
[2025-05-20T14:48:20.070+0000][gc,heap     ] GC(3) Humongous regions: 1->1
[2025-05-20T14:48:20.070+0000][gc,metaspace] GC(3) Metaspace: 10014K(10368K)->10014K(10368K) NonClass: 8927K(9088K)->8927K(9088K) Class: 1087K(1280K)->1087K(1280K)
[2025-05-20T14:48:20.070+0000][gc          ] GC(3) Pause Young (Normal) (G1 Evacuation Pause) 328M->18M(1024M) 10.202ms
[2025-05-20T14:48:20.070+0000][gc,cpu      ] GC(3) User=0.05s Sys=0.00s Real=0.01s
[2025-05-20T14:48:44.294+0000][gc,start    ] GC(4) Pause Young (Normal) (G1 Evacuation Pause)
[2025-05-20T14:48:44.294+0000][gc,task     ] GC(4) Using 10 workers of 10 for evacuation
[2025-05-20T14:48:44.301+0000][gc,phases   ] GC(4)   Pre Evacuate Collection Set: 0.3ms
[2025-05-20T14:48:44.302+0000][gc,phases   ] GC(4)   Merge Heap Roots: 0.2ms
[2025-05-20T14:48:44.302+0000][gc,phases   ] GC(4)   Evacuate Collection Set: 5.5ms
[2025-05-20T14:48:44.302+0000][gc,phases   ] GC(4)   Post Evacuate Collection Set: 1.0ms
[2025-05-20T14:48:44.302+0000][gc,phases   ] GC(4)   Other: 0.4ms
[2025-05-20T14:48:44.302+0000][gc,heap     ] GC(4) Eden regions: 609->0(608)
[2025-05-20T14:48:44.302+0000][gc,heap     ] GC(4) Survivor regions: 5->6(77)
[2025-05-20T14:48:44.303+0000][gc,heap     ] GC(4) Old regions: 14->14
[2025-05-20T14:48:44.303+0000][gc,heap     ] GC(4) Humongous regions: 1->1
[2025-05-20T14:48:44.303+0000][gc,metaspace] GC(4) Metaspace: 10295K(10688K)->10295K(10688K) NonClass: 9203K(9408K)->9203K(9408K) Class: 1092K(1280K)->1092K(1280K)
[2025-05-20T14:48:44.303+0000][gc          ] GC(4) Pause Young (Normal) (G1 Evacuation Pause) 627M->20M(1024M) 9.232ms
[2025-05-20T14:48:44.303+0000][gc,cpu      ] GC(4) User=0.03s Sys=0.01s Real=0.01s
[2025-05-20T14:49:07.254+0000][gc,start    ] GC(5) Pause Young (Normal) (G1 Evacuation Pause)
[2025-05-20T14:49:07.254+0000][gc,task     ] GC(5) Using 10 workers of 10 for evacuation
[2025-05-20T14:49:07.259+0000][gc,phases   ] GC(5)   Pre Evacuate Collection Set: 0.4ms
[2025-05-20T14:49:07.260+0000][gc,phases   ] GC(5)   Merge Heap Roots: 0.2ms
[2025-05-20T14:49:07.260+0000][gc,phases   ] GC(5)   Evacuate Collection Set: 2.8ms
[2025-05-20T14:49:07.260+0000][gc,phases   ] GC(5)   Post Evacuate Collection Set: 1.1ms
[2025-05-20T14:49:07.260+0000][gc,phases   ] GC(5)   Other: 0.3ms
[2025-05-20T14:49:07.260+0000][gc,heap     ] GC(5) Eden regions: 608->0(609)
[2025-05-20T14:49:07.261+0000][gc,heap     ] GC(5) Survivor regions: 6->5(77)
[2025-05-20T14:49:07.261+0000][gc,heap     ] GC(5) Old regions: 14->14
[2025-05-20T14:49:07.261+0000][gc,heap     ] GC(5) Humongous regions: 1->1
[2025-05-20T14:49:07.261+0000][gc,metaspace] GC(5) Metaspace: 10596K(10944K)->10596K(10944K) NonClass: 9496K(9664K)->9496K(9664K) Class: 1099K(1280K)->1099K(1280K)
[2025-05-20T14:49:07.261+0000][gc          ] GC(5) Pause Young (Normal) (G1 Evacuation Pause) 628M->18M(1024M) 7.389ms
[2025-05-20T14:49:07.261+0000][gc,cpu      ] GC(5) User=0.01s Sys=0.01s Real=0.01s
[2025-05-20T14:49:32.689+0000][gc,start    ] GC(6) Pause Young (Normal) (G1 Evacuation Pause)
[2025-05-20T14:49:32.689+0000][gc,task     ] GC(6) Using 10 workers of 10 for evacuation
[2025-05-20T14:49:32.693+0000][gc,phases   ] GC(6)   Pre Evacuate Collection Set: 0.3ms
[2025-05-20T14:49:32.693+0000][gc,phases   ] GC(6)   Merge Heap Roots: 0.2ms
[2025-05-20T14:49:32.693+0000][gc,phases   ] GC(6)   Evacuate Collection Set: 2.0ms
[2025-05-20T14:49:32.693+0000][gc,phases   ] GC(6)   Post Evacuate Collection Set: 0.9ms
[2025-05-20T14:49:32.693+0000][gc,phases   ] GC(6)   Other: 0.2ms
[2025-05-20T14:49:32.693+0000][gc,heap     ] GC(6) Eden regions: 609->0(609)
[2025-05-20T14:49:32.694+0000][gc,heap     ] GC(6) Survivor regions: 5->5(77)
[2025-05-20T14:49:32.694+0000][gc,heap     ] GC(6) Old regions: 14->14
[2025-05-20T14:49:32.694+0000][gc,heap     ] GC(6) Humongous regions: 1->1
[2025-05-20T14:49:32.694+0000][gc,metaspace] GC(6) Metaspace: 10651K(10944K)->10651K(10944K) NonClass: 9551K(9664K)->9551K(9664K) Class: 1099K(1280K)->1099K(1280K)
[2025-05-20T14:49:32.694+0000][gc          ] GC(6) Pause Young (Normal) (G1 Evacuation Pause) 627M->18M(1024M) 5.256ms
[2025-05-20T14:49:32.694+0000][gc,cpu      ] GC(6) User=0.02s Sys=0.01s Real=0.00s
[2025-05-20T14:49:54.292+0000][gc,start    ] GC(7) Pause Young (Normal) (G1 Evacuation Pause)
[2025-05-20T14:49:54.292+0000][gc,task     ] GC(7) Using 10 workers of 10 for evacuation
[2025-05-20T14:49:54.297+0000][gc,phases   ] GC(7)   Pre Evacuate Collection Set: 0.4ms
[2025-05-20T14:49:54.298+0000][gc,phases   ] GC(7)   Merge Heap Roots: 0.2ms
[2025-05-20T14:49:54.298+0000][gc,phases   ] GC(7)   Evacuate Collection Set: 3.0ms
[2025-05-20T14:49:54.298+0000][gc,phases   ] GC(7)   Post Evacuate Collection Set: 0.9ms
[2025-05-20T14:49:54.298+0000][gc,phases   ] GC(7)   Other: 0.3ms
[2025-05-20T14:49:54.298+0000][gc,heap     ] GC(7) Eden regions: 609->0(607)
[2025-05-20T14:49:54.298+0000][gc,heap     ] GC(7) Survivor regions: 5->7(77)
[2025-05-20T14:49:54.298+0000][gc,heap     ] GC(7) Old regions: 14->14
[2025-05-20T14:49:54.299+0000][gc,heap     ] GC(7) Humongous regions: 1->1
[2025-05-20T14:49:54.299+0000][gc,metaspace] GC(7) Metaspace: 10752K(11072K)->10752K(11072K) NonClass: 9649K(9792K)->9649K(9792K) Class: 1102K(1280K)->1102K(1280K)
[2025-05-20T14:49:54.299+0000][gc          ] GC(7) Pause Young (Normal) (G1 Evacuation Pause) 627M->20M(1024M) 6.858ms
[2025-05-20T14:49:54.299+0000][gc,cpu      ] GC(7) User=0.02s Sys=0.01s Real=0.01s
[2025-05-20T14:50:18.785+0000][gc,start    ] GC(8) Pause Young (Normal) (G1 Evacuation Pause)
[2025-05-20T14:50:18.786+0000][gc,task     ] GC(8) Using 10 workers of 10 for evacuation
[2025-05-20T14:50:18.790+0000][gc,phases   ] GC(8)   Pre Evacuate Collection Set: 0.3ms
[2025-05-20T14:50:18.790+0000][gc,phases   ] GC(8)   Merge Heap Roots: 0.3ms
[2025-05-20T14:50:18.790+0000][gc,phases   ] GC(8)   Evacuate Collection Set: 2.0ms
[2025-05-20T14:50:18.790+0000][gc,phases   ] GC(8)   Post Evacuate Collection Set: 0.9ms
[2025-05-20T14:50:18.790+0000][gc,phases   ] GC(8)   Other: 0.3ms
[2025-05-20T14:50:18.790+0000][gc,heap     ] GC(8) Eden regions: 607->0(609)
[2025-05-20T14:50:18.790+0000][gc,heap     ] GC(8) Survivor regions: 7->5(77)
[2025-05-20T14:50:18.791+0000][gc,heap     ] GC(8) Old regions: 14->14
[2025-05-20T14:50:18.791+0000][gc,heap     ] GC(8) Humongous regions: 1->1
[2025-05-20T14:50:18.791+0000][gc,metaspace] GC(8) Metaspace: 10951K(11328K)->10951K(11328K) NonClass: 9847K(10048K)->9847K(10048K) Class: 1103K(1280K)->1103K(1280K)
[2025-05-20T14:50:18.791+0000][gc          ] GC(8) Pause Young (Normal) (G1 Evacuation Pause) 627M->18M(1024M) 5.444ms
[2025-05-20T14:50:18.791+0000][gc,cpu      ] GC(8) User=0.02s Sys=0.00s Real=0.01s
[2025-05-20T14:50:44.080+0000][gc,start    ] GC(9) Pause Young (Normal) (G1 Evacuation Pause)
[2025-05-20T14:50:44.080+0000][gc,task     ] GC(9) Using 10 workers of 10 for evacuation
[2025-05-20T14:50:44.084+0000][gc,phases   ] GC(9)   Pre Evacuate Collection Set: 0.3ms
[2025-05-20T14:50:44.085+0000][gc,phases   ] GC(9)   Merge Heap Roots: 0.2ms
[2025-05-20T14:50:44.085+0000][gc,phases   ] GC(9)   Evacuate Collection Set: 2.8ms
[2025-05-20T14:50:44.085+0000][gc,phases   ] GC(9)   Post Evacuate Collection Set: 0.9ms
[2025-05-20T14:50:44.085+0000][gc,phases   ] GC(9)   Other: 0.3ms
[2025-05-20T14:50:44.085+0000][gc,heap     ] GC(9) Eden regions: 609->0(608)
[2025-05-20T14:50:44.085+0000][gc,heap     ] GC(9) Survivor regions: 5->6(77)
[2025-05-20T14:50:44.085+0000][gc,heap     ] GC(9) Old regions: 14->14
[2025-05-20T14:50:44.085+0000][gc,heap     ] GC(9) Humongous regions: 1->1
[2025-05-20T14:50:44.086+0000][gc,metaspace] GC(9) Metaspace: 11015K(11392K)->11015K(11392K) NonClass: 9903K(10112K)->9903K(10112K) Class: 1111K(1280K)->1111K(1280K)
[2025-05-20T14:50:44.086+0000][gc          ] GC(9) Pause Young (Normal) (G1 Evacuation Pause) 627M->19M(1024M) 6.078ms
[2025-05-20T14:50:44.086+0000][gc,cpu      ] GC(9) User=0.01s Sys=0.01s Real=0.00s
[2025-05-20T14:51:05.402+0000][gc,start    ] GC(10) Pause Young (Normal) (G1 Evacuation Pause)
[2025-05-20T14:51:05.403+0000][gc,task     ] GC(10) Using 10 workers of 10 for evacuation
[2025-05-20T14:51:05.406+0000][gc,phases   ] GC(10)   Pre Evacuate Collection Set: 0.3ms
[2025-05-20T14:51:05.406+0000][gc,phases   ] GC(10)   Merge Heap Roots: 0.2ms
[2025-05-20T14:51:05.407+0000][gc,phases   ] GC(10)   Evacuate Collection Set: 1.9ms
[2025-05-20T14:51:05.407+0000][gc,phases   ] GC(10)   Post Evacuate Collection Set: 1.1ms
[2025-05-20T14:51:05.407+0000][gc,phases   ] GC(10)   Other: 0.2ms
[2025-05-20T14:51:05.407+0000][gc,heap     ] GC(10) Eden regions: 608->0(609)
[2025-05-20T14:51:05.407+0000][gc,heap     ] GC(10) Survivor regions: 6->5(77)
[2025-05-20T14:51:05.407+0000][gc,heap     ] GC(10) Old regions: 14->14
[2025-05-20T14:51:05.408+0000][gc,heap     ] GC(10) Humongous regions: 1->1
[2025-05-20T14:51:05.408+0000][gc,metaspace] GC(10) Metaspace: 11041K(11392K)->11041K(11392K) NonClass: 9929K(10112K)->9929K(10112K) Class: 1111K(1280K)->1111K(1280K)
[2025-05-20T14:51:05.408+0000][gc          ] GC(10) Pause Young (Normal) (G1 Evacuation Pause) 627M->18M(1024M) 5.745ms
[2025-05-20T14:51:05.408+0000][gc,cpu      ] GC(10) User=0.01s Sys=0.00s Real=0.01s
[2025-05-20T14:51:31.308+0000][gc,start    ] GC(11) Pause Young (Normal) (G1 Evacuation Pause)
[2025-05-20T14:51:31.309+0000][gc,task     ] GC(11) Using 10 workers of 10 for evacuation
[2025-05-20T14:51:31.313+0000][gc,phases   ] GC(11)   Pre Evacuate Collection Set: 0.3ms
[2025-05-20T14:51:31.313+0000][gc,phases   ] GC(11)   Merge Heap Roots: 0.2ms
[2025-05-20T14:51:31.313+0000][gc,phases   ] GC(11)   Evacuate Collection Set: 2.2ms
[2025-05-20T14:51:31.313+0000][gc,phases   ] GC(11)   Post Evacuate Collection Set: 1.1ms
[2025-05-20T14:51:31.314+0000][gc,phases   ] GC(11)   Other: 0.3ms
[2025-05-20T14:51:31.314+0000][gc,heap     ] GC(11) Eden regions: 609->0(609)
[2025-05-20T14:51:31.314+0000][gc,heap     ] GC(11) Survivor regions: 5->5(77)
[2025-05-20T14:51:31.314+0000][gc,heap     ] GC(11) Old regions: 14->14
[2025-05-20T14:51:31.314+0000][gc,heap     ] GC(11) Humongous regions: 1->1
[2025-05-20T14:51:31.314+0000][gc,metaspace] GC(11) Metaspace: 11152K(11456K)->11152K(11456K) NonClass: 10040K(10176K)->10040K(10176K) Class: 1111K(1280K)->1111K(1280K)
[2025-05-20T14:51:31.314+0000][gc          ] GC(11) Pause Young (Normal) (G1 Evacuation Pause) 627M->18M(1024M) 6.075ms
[2025-05-20T14:51:31.315+0000][gc,cpu      ] GC(11) User=0.01s Sys=0.02s Real=0.00s
[2025-05-20T14:51:54.240+0000][gc,start    ] GC(12) Pause Young (Normal) (G1 Evacuation Pause)
[2025-05-20T14:51:54.240+0000][gc,task     ] GC(12) Using 10 workers of 10 for evacuation
[2025-05-20T14:51:54.245+0000][gc,phases   ] GC(12)   Pre Evacuate Collection Set: 0.3ms
[2025-05-20T14:51:54.245+0000][gc,phases   ] GC(12)   Merge Heap Roots: 0.2ms
[2025-05-20T14:51:54.245+0000][gc,phases   ] GC(12)   Evacuate Collection Set: 2.5ms
[2025-05-20T14:51:54.245+0000][gc,phases   ] GC(12)   Post Evacuate Collection Set: 1.0ms
[2025-05-20T14:51:54.245+0000][gc,phases   ] GC(12)   Other: 0.3ms
[2025-05-20T14:51:54.246+0000][gc,heap     ] GC(12) Eden regions: 609->0(607)
[2025-05-20T14:51:54.246+0000][gc,heap     ] GC(12) Survivor regions: 5->7(77)
[2025-05-20T14:51:54.246+0000][gc,heap     ] GC(12) Old regions: 14->14
[2025-05-20T14:51:54.246+0000][gc,heap     ] GC(12) Humongous regions: 1->1
[2025-05-20T14:51:54.246+0000][gc,metaspace] GC(12) Metaspace: 11162K(11520K)->11162K(11520K) NonClass: 10050K(10240K)->10050K(10240K) Class: 1111K(1280K)->1111K(1280K)
[2025-05-20T14:51:54.246+0000][gc          ] GC(12) Pause Young (Normal) (G1 Evacuation Pause) 627M->20M(1024M) 6.242ms
[2025-05-20T14:51:54.247+0000][gc,cpu      ] GC(12) User=0.03s Sys=0.00s Real=0.01s
[2025-05-20T14:52:18.202+0000][gc,start    ] GC(13) Pause Young (Normal) (G1 Evacuation Pause)
[2025-05-20T14:52:18.203+0000][gc,task     ] GC(13) Using 10 workers of 10 for evacuation
[2025-05-20T14:52:18.207+0000][gc,phases   ] GC(13)   Pre Evacuate Collection Set: 0.3ms
[2025-05-20T14:52:18.207+0000][gc,phases   ] GC(13)   Merge Heap Roots: 0.2ms
[2025-05-20T14:52:18.207+0000][gc,phases   ] GC(13)   Evacuate Collection Set: 2.1ms
[2025-05-20T14:52:18.207+0000][gc,phases   ] GC(13)   Post Evacuate Collection Set: 1.2ms
[2025-05-20T14:52:18.207+0000][gc,phases   ] GC(13)   Other: 0.3ms
[2025-05-20T14:52:18.208+0000][gc,heap     ] GC(13) Eden regions: 607->0(608)
[2025-05-20T14:52:18.208+0000][gc,heap     ] GC(13) Survivor regions: 7->6(77)
[2025-05-20T14:52:18.208+0000][gc,heap     ] GC(13) Old regions: 14->14
[2025-05-20T14:52:18.208+0000][gc,heap     ] GC(13) Humongous regions: 1->1
[2025-05-20T14:52:18.208+0000][gc,metaspace] GC(13) Metaspace: 11263K(11712K)->11263K(11712K) NonClass: 10150K(10368K)->10150K(10368K) Class: 1113K(1344K)->1113K(1344K)
[2025-05-20T14:52:18.208+0000][gc          ] GC(13) Pause Young (Normal) (G1 Evacuation Pause) 627M->19M(1024M) 5.928ms
[2025-05-20T14:52:18.208+0000][gc,cpu      ] GC(13) User=0.00s Sys=0.02s Real=0.01s
[2025-05-20T14:52:44.016+0000][gc,start    ] GC(14) Pause Young (Normal) (G1 Evacuation Pause)
[2025-05-20T14:52:44.016+0000][gc,task     ] GC(14) Using 10 workers of 10 for evacuation
[2025-05-20T14:52:44.020+0000][gc,phases   ] GC(14)   Pre Evacuate Collection Set: 0.4ms
[2025-05-20T14:52:44.020+0000][gc,phases   ] GC(14)   Merge Heap Roots: 0.2ms
[2025-05-20T14:52:44.020+0000][gc,phases   ] GC(14)   Evacuate Collection Set: 2.1ms
[2025-05-20T14:52:44.021+0000][gc,phases   ] GC(14)   Post Evacuate Collection Set: 1.0ms
[2025-05-20T14:52:44.021+0000][gc,phases   ] GC(14)   Other: 0.3ms
[2025-05-20T14:52:44.021+0000][gc,heap     ] GC(14) Eden regions: 608->0(609)
[2025-05-20T14:52:44.021+0000][gc,heap     ] GC(14) Survivor regions: 6->5(77)
[2025-05-20T14:52:44.021+0000][gc,heap     ] GC(14) Old regions: 14->14
[2025-05-20T14:52:44.021+0000][gc,heap     ] GC(14) Humongous regions: 1->1
[2025-05-20T14:52:44.021+0000][gc,metaspace] GC(14) Metaspace: 11286K(11712K)->11286K(11712K) NonClass: 10173K(10368K)->10173K(10368K) Class: 1113K(1344K)->1113K(1344K)
[2025-05-20T14:52:44.021+0000][gc          ] GC(14) Pause Young (Normal) (G1 Evacuation Pause) 627M->19M(1024M) 5.437ms
[2025-05-20T14:52:44.022+0000][gc,cpu      ] GC(14) User=0.01s Sys=0.02s Real=0.00s
[2025-05-20T14:53:04.563+0000][gc,start    ] GC(15) Pause Young (Normal) (G1 Evacuation Pause)
[2025-05-20T14:53:04.564+0000][gc,task     ] GC(15) Using 10 workers of 10 for evacuation
[2025-05-20T14:53:04.569+0000][gc,phases   ] GC(15)   Pre Evacuate Collection Set: 0.4ms
[2025-05-20T14:53:04.569+0000][gc,phases   ] GC(15)   Merge Heap Roots: 0.2ms
[2025-05-20T14:53:04.569+0000][gc,phases   ] GC(15)   Evacuate Collection Set: 2.8ms
[2025-05-20T14:53:04.569+0000][gc,phases   ] GC(15)   Post Evacuate Collection Set: 1.2ms
[2025-05-20T14:53:04.570+0000][gc,phases   ] GC(15)   Other: 0.3ms
[2025-05-20T14:53:04.570+0000][gc,heap     ] GC(15) Eden regions: 609->0(609)
[2025-05-20T14:53:04.570+0000][gc,heap     ] GC(15) Survivor regions: 5->5(77)
[2025-05-20T14:53:04.570+0000][gc,heap     ] GC(15) Old regions: 14->14
[2025-05-20T14:53:04.570+0000][gc,heap     ] GC(15) Humongous regions: 1->1
[2025-05-20T14:53:04.570+0000][gc,metaspace] GC(15) Metaspace: 11295K(11712K)->11295K(11712K) NonClass: 10182K(10368K)->10182K(10368K) Class: 1113K(1344K)->1113K(1344K)
[2025-05-20T14:53:04.571+0000][gc          ] GC(15) Pause Young (Normal) (G1 Evacuation Pause) 628M->18M(1024M) 7.170ms
[2025-05-20T14:53:04.571+0000][gc,cpu      ] GC(15) User=0.02s Sys=0.01s Real=0.01s
[2025-05-20T14:53:29.729+0000][gc,start    ] GC(16) Pause Young (Normal) (G1 Evacuation Pause)
[2025-05-20T14:53:29.730+0000][gc,task     ] GC(16) Using 10 workers of 10 for evacuation
[2025-05-20T14:53:29.735+0000][gc,phases   ] GC(16)   Pre Evacuate Collection Set: 0.3ms
[2025-05-20T14:53:29.735+0000][gc,phases   ] GC(16)   Merge Heap Roots: 0.2ms
[2025-05-20T14:53:29.736+0000][gc,phases   ] GC(16)   Evacuate Collection Set: 3.8ms
[2025-05-20T14:53:29.736+0000][gc,phases   ] GC(16)   Post Evacuate Collection Set: 1.0ms
[2025-05-20T14:53:29.736+0000][gc,phases   ] GC(16)   Other: 0.3ms
[2025-05-20T14:53:29.736+0000][gc,heap     ] GC(16) Eden regions: 609->0(610)
[2025-05-20T14:53:29.736+0000][gc,heap     ] GC(16) Survivor regions: 5->4(77)
[2025-05-20T14:53:29.736+0000][gc,heap     ] GC(16) Old regions: 14->15
[2025-05-20T14:53:29.736+0000][gc,heap     ] GC(16) Humongous regions: 1->1
[2025-05-20T14:53:29.736+0000][gc,metaspace] GC(16) Metaspace: 11328K(11712K)->11328K(11712K) NonClass: 10212K(10368K)->10212K(10368K) Class: 1115K(1344K)->1115K(1344K)
[2025-05-20T14:53:29.737+0000][gc          ] GC(16) Pause Young (Normal) (G1 Evacuation Pause) 627M->19M(1024M) 7.165ms
[2025-05-20T14:53:29.737+0000][gc,cpu      ] GC(16) User=0.01s Sys=0.03s Real=0.01s
[2025-05-20T14:53:54.078+0000][gc,start    ] GC(17) Pause Young (Normal) (G1 Evacuation Pause)
[2025-05-20T14:53:54.079+0000][gc,task     ] GC(17) Using 10 workers of 10 for evacuation
[2025-05-20T14:53:54.082+0000][gc,phases   ] GC(17)   Pre Evacuate Collection Set: 0.3ms
[2025-05-20T14:53:54.082+0000][gc,phases   ] GC(17)   Merge Heap Roots: 0.2ms
[2025-05-20T14:53:54.082+0000][gc,phases   ] GC(17)   Evacuate Collection Set: 1.5ms
[2025-05-20T14:53:54.082+0000][gc,phases   ] GC(17)   Post Evacuate Collection Set: 0.9ms
[2025-05-20T14:53:54.082+0000][gc,phases   ] GC(17)   Other: 0.2ms
[2025-05-20T14:53:54.082+0000][gc,heap     ] GC(17) Eden regions: 610->0(610)
[2025-05-20T14:53:54.083+0000][gc,heap     ] GC(17) Survivor regions: 4->4(77)
[2025-05-20T14:53:54.083+0000][gc,heap     ] GC(17) Old regions: 15->15
[2025-05-20T14:53:54.083+0000][gc,heap     ] GC(17) Humongous regions: 1->1
[2025-05-20T14:53:54.083+0000][gc,metaspace] GC(17) Metaspace: 11332K(11776K)->11332K(11776K) NonClass: 10217K(10432K)->10217K(10432K) Class: 1115K(1344K)->1115K(1344K)
[2025-05-20T14:53:54.083+0000][gc          ] GC(17) Pause Young (Normal) (G1 Evacuation Pause) 629M->19M(1024M) 4.726ms
[2025-05-20T14:53:54.083+0000][gc,cpu      ] GC(17) User=0.01s Sys=0.01s Real=0.01s
[2025-05-20T14:54:16.518+0000][gc,start    ] GC(18) Pause Young (Normal) (G1 Evacuation Pause)
[2025-05-20T14:54:16.519+0000][gc,task     ] GC(18) Using 10 workers of 10 for evacuation
[2025-05-20T14:54:16.524+0000][gc,phases   ] GC(18)   Pre Evacuate Collection Set: 0.3ms
[2025-05-20T14:54:16.524+0000][gc,phases   ] GC(18)   Merge Heap Roots: 0.2ms
[2025-05-20T14:54:16.525+0000][gc,phases   ] GC(18)   Evacuate Collection Set: 3.5ms
[2025-05-20T14:54:16.525+0000][gc,phases   ] GC(18)   Post Evacuate Collection Set: 0.9ms
[2025-05-20T14:54:16.525+0000][gc,phases   ] GC(18)   Other: 0.3ms
[2025-05-20T14:54:16.526+0000][gc,heap     ] GC(18) Eden regions: 610->0(612)
[2025-05-20T14:54:16.526+0000][gc,heap     ] GC(18) Survivor regions: 4->2(77)
[2025-05-20T14:54:16.526+0000][gc,heap     ] GC(18) Old regions: 15->17
[2025-05-20T14:54:16.526+0000][gc,heap     ] GC(18) Humongous regions: 1->1
[2025-05-20T14:54:16.526+0000][gc,metaspace] GC(18) Metaspace: 11342K(11776K)->11342K(11776K) NonClass: 10226K(10432K)->10226K(10432K) Class: 1115K(1344K)->1115K(1344K)
[2025-05-20T14:54:16.527+0000][gc          ] GC(18) Pause Young (Normal) (G1 Evacuation Pause) 629M->19M(1024M) 8.123ms
[2025-05-20T14:54:16.527+0000][gc,cpu      ] GC(18) User=0.01s Sys=0.02s Real=0.00s
[2025-05-20T14:54:42.381+0000][gc,start    ] GC(19) Pause Young (Normal) (G1 Evacuation Pause)
[2025-05-20T14:54:42.381+0000][gc,task     ] GC(19) Using 10 workers of 10 for evacuation
[2025-05-20T14:54:42.384+0000][gc,phases   ] GC(19)   Pre Evacuate Collection Set: 0.3ms
[2025-05-20T14:54:42.384+0000][gc,phases   ] GC(19)   Merge Heap Roots: 0.2ms
[2025-05-20T14:54:42.384+0000][gc,phases   ] GC(19)   Evacuate Collection Set: 1.0ms
[2025-05-20T14:54:42.384+0000][gc,phases   ] GC(19)   Post Evacuate Collection Set: 0.8ms
[2025-05-20T14:54:42.384+0000][gc,phases   ] GC(19)   Other: 0.2ms
[2025-05-20T14:54:42.384+0000][gc,heap     ] GC(19) Eden regions: 612->0(612)
[2025-05-20T14:54:42.384+0000][gc,heap     ] GC(19) Survivor regions: 2->2(77)
[2025-05-20T14:54:42.384+0000][gc,heap     ] GC(19) Old regions: 17->17
[2025-05-20T14:54:42.385+0000][gc,heap     ] GC(19) Humongous regions: 1->1
[2025-05-20T14:54:42.385+0000][gc,metaspace] GC(19) Metaspace: 11362K(11776K)->11362K(11776K) NonClass: 10246K(10432K)->10246K(10432K) Class: 1115K(1344K)->1115K(1344K)
[2025-05-20T14:54:42.385+0000][gc          ] GC(19) Pause Young (Normal) (G1 Evacuation Pause) 631M->19M(1024M) 4.100ms
[2025-05-20T14:54:42.385+0000][gc,cpu      ] GC(19) User=0.00s Sys=0.00s Real=0.00s
[2025-05-20T14:55:04.328+0000][gc,start    ] GC(20) Pause Young (Normal) (G1 Evacuation Pause)
[2025-05-20T14:55:04.328+0000][gc,task     ] GC(20) Using 10 workers of 10 for evacuation
[2025-05-20T14:55:04.333+0000][gc,phases   ] GC(20)   Pre Evacuate Collection Set: 0.8ms
[2025-05-20T14:55:04.333+0000][gc,phases   ] GC(20)   Merge Heap Roots: 0.2ms
[2025-05-20T14:55:04.334+0000][gc,phases   ] GC(20)   Evacuate Collection Set: 2.6ms
[2025-05-20T14:55:04.334+0000][gc,phases   ] GC(20)   Post Evacuate Collection Set: 1.2ms
[2025-05-20T14:55:04.334+0000][gc,phases   ] GC(20)   Other: 0.3ms
[2025-05-20T14:55:04.334+0000][gc,heap     ] GC(20) Eden regions: 612->0(610)
[2025-05-20T14:55:04.335+0000][gc,heap     ] GC(20) Survivor regions: 2->4(77)
[2025-05-20T14:55:04.335+0000][gc,heap     ] GC(20) Old regions: 17->17
[2025-05-20T14:55:04.335+0000][gc,heap     ] GC(20) Humongous regions: 1->1
[2025-05-20T14:55:04.335+0000][gc,metaspace] GC(20) Metaspace: 11396K(11776K)->11396K(11776K) NonClass: 10277K(10432K)->10277K(10432K) Class: 1118K(1344K)->1118K(1344K)
[2025-05-20T14:55:04.335+0000][gc          ] GC(20) Pause Young (Normal) (G1 Evacuation Pause) 631M->21M(1024M) 7.725ms
[2025-05-20T14:55:04.336+0000][gc,cpu      ] GC(20) User=0.00s Sys=0.02s Real=0.01s
[2025-05-20T14:55:17.125+0000][gc,heap,exit] Heap
[2025-05-20T14:55:17.125+0000][gc,heap,exit]  garbage-first heap   total 1048576K, used 202354K [0x00000000c0000000, 0x0000000100000000)
[2025-05-20T14:55:17.125+0000][gc,heap,exit]   region size 1024K, 181 young (185344K), 4 survivors (4096K)
[2025-05-20T14:55:17.126+0000][gc,heap,exit]  Metaspace       used 11712K, committed 12096K, reserved 1114112K
[2025-05-20T14:55:17.126+0000][gc,heap,exit]   class space    used 1199K, committed 1408K, reserved 1048576K
