[2025-05-21T12:15:20.645+0000][gc,init] CardTable entry size: 512
[2025-05-21T12:15:20.645+0000][gc     ] Using G1
[2025-05-21T12:15:20.661+0000][gc,init] Version: 21.0.4+7-LTS (release)
[2025-05-21T12:15:20.661+0000][gc,init] CPUs: 12 total, 12 available
[2025-05-21T12:15:20.662+0000][gc,init] Memory: 15597M
[2025-05-21T12:15:20.662+0000][gc,init] Large Page Support: Disabled
[2025-05-21T12:15:20.662+0000][gc,init] NUMA Support: Disabled
[2025-05-21T12:15:20.662+0000][gc,init] Compressed Oops: Enabled (32-bit)
[2025-05-21T12:15:20.662+0000][gc,init] Heap Region Size: 1M
[2025-05-21T12:15:20.663+0000][gc,init] Heap Min Capacity: 1G
[2025-05-21T12:15:20.663+0000][gc,init] Heap Initial Capacity: 1G
[2025-05-21T12:15:20.663+0000][gc,init] Heap Max Capacity: 1G
[2025-05-21T12:15:20.663+0000][gc,init] Pre-touch: Disabled
[2025-05-21T12:15:20.664+0000][gc,init] Parallel Workers: 10
[2025-05-21T12:15:20.664+0000][gc,init] Concurrent Workers: 3
[2025-05-21T12:15:20.664+0000][gc,init] Concurrent Refinement Workers: 10
[2025-05-21T12:15:20.664+0000][gc,init] Periodic GC: Disabled
[2025-05-21T12:15:20.815+0000][gc,metaspace] CDS archive(s) mapped at: [0x00007f8138000000-0x00007f8138bbe000-0x00007f813b674000), size 57098240, SharedBaseAddress: 0x00007f8138000000, ArchiveRelocationMode: 1.
[2025-05-21T12:15:20.815+0000][gc,metaspace] Compressed class space mapped at: 0x00007f813c000000-0x00007f817c000000, reserved size: 1073741824
[2025-05-21T12:15:20.816+0000][gc,metaspace] Narrow klass base: 0x00007f8138000000, Narrow klass shift: 0, Narrow klass range: 0x100000000
[2025-05-21T12:15:27.041+0000][gc,start    ] GC(0) Pause Young (Normal) (G1 Evacuation Pause)
[2025-05-21T12:15:27.097+0000][gc,task     ] GC(0) Using 10 workers of 10 for evacuation
[2025-05-21T12:15:27.243+0000][gc,phases   ] GC(0)   Pre Evacuate Collection Set: 0.3ms
[2025-05-21T12:15:27.245+0000][gc,phases   ] GC(0)   Merge Heap Roots: 0.1ms
[2025-05-21T12:15:27.246+0000][gc,phases   ] GC(0)   Evacuate Collection Set: 75.0ms
[2025-05-21T12:15:27.246+0000][gc,phases   ] GC(0)   Post Evacuate Collection Set: 65.9ms
[2025-05-21T12:15:27.248+0000][gc,phases   ] GC(0)   Other: 50.4ms
[2025-05-21T12:15:27.248+0000][gc,heap     ] GC(0) Eden regions: 51->0(44)
[2025-05-21T12:15:27.248+0000][gc,heap     ] GC(0) Survivor regions: 0->7(7)
[2025-05-21T12:15:27.248+0000][gc,heap     ] GC(0) Old regions: 1->5
[2025-05-21T12:15:27.248+0000][gc,heap     ] GC(0) Humongous regions: 2->2
[2025-05-21T12:15:27.248+0000][gc,metaspace] GC(0) Metaspace: 5508K(5760K)->5508K(5760K) NonClass: 4864K(4992K)->4864K(4992K) Class: 644K(768K)->644K(768K)
[2025-05-21T12:15:27.249+0000][gc          ] GC(0) Pause Young (Normal) (G1 Evacuation Pause) 53M->13M(1024M) 207.716ms
[2025-05-21T12:15:27.249+0000][gc,cpu      ] GC(0) User=0.07s Sys=0.09s Real=0.20s
[2025-05-21T12:15:29.478+0000][gc,start    ] GC(1) Pause Young (Normal) (G1 Evacuation Pause)
[2025-05-21T12:15:29.478+0000][gc,task     ] GC(1) Using 10 workers of 10 for evacuation
[2025-05-21T12:15:29.505+0000][gc,phases   ] GC(1)   Pre Evacuate Collection Set: 1.3ms
[2025-05-21T12:15:29.505+0000][gc,phases   ] GC(1)   Merge Heap Roots: 0.1ms
[2025-05-21T12:15:29.506+0000][gc,phases   ] GC(1)   Evacuate Collection Set: 22.3ms
[2025-05-21T12:15:29.506+0000][gc,phases   ] GC(1)   Post Evacuate Collection Set: 1.8ms
[2025-05-21T12:15:29.507+0000][gc,phases   ] GC(1)   Other: 1.6ms
[2025-05-21T12:15:29.507+0000][gc,heap     ] GC(1) Eden regions: 44->0(46)
[2025-05-21T12:15:29.509+0000][gc,heap     ] GC(1) Survivor regions: 7->5(7)
[2025-05-21T12:15:29.509+0000][gc,heap     ] GC(1) Old regions: 5->12
[2025-05-21T12:15:29.512+0000][gc,heap     ] GC(1) Humongous regions: 2->2
[2025-05-21T12:15:29.512+0000][gc,metaspace] GC(1) Metaspace: 7463K(7744K)->7463K(7744K) NonClass: 6569K(6720K)->6569K(6720K) Class: 893K(1024K)->893K(1024K)
[2025-05-21T12:15:29.512+0000][gc          ] GC(1) Pause Young (Normal) (G1 Evacuation Pause) 57M->18M(1024M) 34.734ms
[2025-05-21T12:15:29.514+0000][gc,cpu      ] GC(1) User=0.04s Sys=0.01s Real=0.04s
[2025-05-21T12:15:30.468+0000][gc,start    ] GC(2) Pause Young (Normal) (G1 Evacuation Pause)
[2025-05-21T12:15:30.468+0000][gc,task     ] GC(2) Using 10 workers of 10 for evacuation
[2025-05-21T12:15:30.507+0000][gc,phases   ] GC(2)   Pre Evacuate Collection Set: 0.5ms
[2025-05-21T12:15:30.508+0000][gc,phases   ] GC(2)   Merge Heap Roots: 0.1ms
[2025-05-21T12:15:30.508+0000][gc,phases   ] GC(2)   Evacuate Collection Set: 37.4ms
[2025-05-21T12:15:30.508+0000][gc,phases   ] GC(2)   Post Evacuate Collection Set: 1.0ms
[2025-05-21T12:15:30.508+0000][gc,phases   ] GC(2)   Other: 0.4ms
[2025-05-21T12:15:30.510+0000][gc,heap     ] GC(2) Eden regions: 53->0(187)
[2025-05-21T12:15:30.510+0000][gc,heap     ] GC(2) Survivor regions: 5->3(8)
[2025-05-21T12:15:30.510+0000][gc,heap     ] GC(2) Old regions: 12->18
[2025-05-21T12:15:30.510+0000][gc,heap     ] GC(2) Humongous regions: 3->3
[2025-05-21T12:15:30.511+0000][gc,metaspace] GC(2) Metaspace: 7773K(8064K)->7773K(8064K) NonClass: 6828K(6976K)->6828K(6976K) Class: 945K(1088K)->945K(1088K)
[2025-05-21T12:15:30.511+0000][gc          ] GC(2) Pause Young (Normal) (G1 Evacuation Pause) 72M->22M(1024M) 43.222ms
[2025-05-21T12:15:30.511+0000][gc,cpu      ] GC(2) User=0.02s Sys=0.04s Real=0.05s
[2025-05-21T12:15:38.686+0000][gc,start    ] GC(3) Pause Young (Normal) (G1 Evacuation Pause)
[2025-05-21T12:15:38.686+0000][gc,task     ] GC(3) Using 10 workers of 10 for evacuation
[2025-05-21T12:15:38.700+0000][gc,phases   ] GC(3)   Pre Evacuate Collection Set: 0.9ms
[2025-05-21T12:15:38.701+0000][gc,phases   ] GC(3)   Merge Heap Roots: 0.2ms
[2025-05-21T12:15:38.701+0000][gc,phases   ] GC(3)   Evacuate Collection Set: 11.3ms
[2025-05-21T12:15:38.701+0000][gc,phases   ] GC(3)   Post Evacuate Collection Set: 1.3ms
[2025-05-21T12:15:38.701+0000][gc,phases   ] GC(3)   Other: 0.4ms
[2025-05-21T12:15:38.702+0000][gc,heap     ] GC(3) Eden regions: 188->0(335)
[2025-05-21T12:15:38.702+0000][gc,heap     ] GC(3) Survivor regions: 3->11(24)
[2025-05-21T12:15:38.702+0000][gc,heap     ] GC(3) Old regions: 18->18
[2025-05-21T12:15:38.702+0000][gc,heap     ] GC(3) Humongous regions: 133->131
[2025-05-21T12:15:38.702+0000][gc,metaspace] GC(3) Metaspace: 11931K(12288K)->11931K(12288K) NonClass: 10398K(10560K)->10398K(10560K) Class: 1532K(1728K)->1532K(1728K)
[2025-05-21T12:15:38.703+0000][gc          ] GC(3) Pause Young (Normal) (G1 Evacuation Pause) 340M->159M(1024M) 16.902ms
[2025-05-21T12:15:38.703+0000][gc,cpu      ] GC(3) User=0.02s Sys=0.07s Real=0.02s
[2025-05-21T12:15:58.510+0000][gc,start    ] GC(4) Pause Young (Normal) (G1 Evacuation Pause)
[2025-05-21T12:15:58.510+0000][gc,task     ] GC(4) Using 10 workers of 10 for evacuation
[2025-05-21T12:15:58.520+0000][gc,phases   ] GC(4)   Pre Evacuate Collection Set: 0.3ms
[2025-05-21T12:15:58.520+0000][gc,phases   ] GC(4)   Merge Heap Roots: 0.2ms
[2025-05-21T12:15:58.520+0000][gc,phases   ] GC(4)   Evacuate Collection Set: 7.8ms
[2025-05-21T12:15:58.521+0000][gc,phases   ] GC(4)   Post Evacuate Collection Set: 1.0ms
[2025-05-21T12:15:58.521+0000][gc,phases   ] GC(4)   Other: 0.3ms
[2025-05-21T12:15:58.521+0000][gc,heap     ] GC(4) Eden regions: 336->0(601)
[2025-05-21T12:15:58.521+0000][gc,heap     ] GC(4) Survivor regions: 11->13(44)
[2025-05-21T12:15:58.521+0000][gc,heap     ] GC(4) Old regions: 18->18
[2025-05-21T12:15:58.521+0000][gc,heap     ] GC(4) Humongous regions: 132->131
[2025-05-21T12:15:58.521+0000][gc,metaspace] GC(4) Metaspace: 12283K(12736K)->12283K(12736K) NonClass: 10729K(10944K)->10729K(10944K) Class: 1553K(1792K)->1553K(1792K)
[2025-05-21T12:15:58.522+0000][gc          ] GC(4) Pause Young (Normal) (G1 Evacuation Pause) 496M->160M(1024M) 11.472ms
[2025-05-21T12:15:58.522+0000][gc,cpu      ] GC(4) User=0.04s Sys=0.02s Real=0.01s
[2025-05-21T12:16:48.002+0000][gc,start    ] GC(5) Pause Young (Normal) (G1 Evacuation Pause)
[2025-05-21T12:16:48.002+0000][gc,task     ] GC(5) Using 10 workers of 10 for evacuation
[2025-05-21T12:16:48.012+0000][gc,phases   ] GC(5)   Pre Evacuate Collection Set: 0.4ms
[2025-05-21T12:16:48.013+0000][gc,phases   ] GC(5)   Merge Heap Roots: 0.2ms
[2025-05-21T12:16:48.013+0000][gc,phases   ] GC(5)   Evacuate Collection Set: 8.6ms
[2025-05-21T12:16:48.013+0000][gc,phases   ] GC(5)   Post Evacuate Collection Set: 1.0ms
[2025-05-21T12:16:48.013+0000][gc,phases   ] GC(5)   Other: 0.3ms
[2025-05-21T12:16:48.013+0000][gc,heap     ] GC(5) Eden regions: 601->0(604)
[2025-05-21T12:16:48.013+0000][gc,heap     ] GC(5) Survivor regions: 13->10(77)
[2025-05-21T12:16:48.013+0000][gc,heap     ] GC(5) Old regions: 18->18
[2025-05-21T12:16:48.013+0000][gc,heap     ] GC(5) Humongous regions: 131->131
[2025-05-21T12:16:48.014+0000][gc,metaspace] GC(5) Metaspace: 12771K(13184K)->12771K(13184K) NonClass: 11182K(11392K)->11182K(11392K) Class: 1588K(1792K)->1588K(1792K)
[2025-05-21T12:16:48.014+0000][gc          ] GC(5) Pause Young (Normal) (G1 Evacuation Pause) 761M->158M(1024M) 12.257ms
[2025-05-21T12:16:48.014+0000][gc,cpu      ] GC(5) User=0.05s Sys=0.02s Real=0.01s
[2025-05-21T12:17:28.099+0000][gc,start    ] GC(6) Pause Young (Normal) (G1 Evacuation Pause)
[2025-05-21T12:17:28.099+0000][gc,task     ] GC(6) Using 10 workers of 10 for evacuation
[2025-05-21T12:17:28.103+0000][gc,phases   ] GC(6)   Pre Evacuate Collection Set: 0.4ms
[2025-05-21T12:17:28.104+0000][gc,phases   ] GC(6)   Merge Heap Roots: 0.2ms
[2025-05-21T12:17:28.104+0000][gc,phases   ] GC(6)   Evacuate Collection Set: 2.6ms
[2025-05-21T12:17:28.104+0000][gc,phases   ] GC(6)   Post Evacuate Collection Set: 0.9ms
[2025-05-21T12:17:28.104+0000][gc,phases   ] GC(6)   Other: 0.2ms
[2025-05-21T12:17:28.104+0000][gc,heap     ] GC(6) Eden regions: 604->0(603)
[2025-05-21T12:17:28.104+0000][gc,heap     ] GC(6) Survivor regions: 10->11(77)
[2025-05-21T12:17:28.104+0000][gc,heap     ] GC(6) Old regions: 18->18
[2025-05-21T12:17:28.104+0000][gc,heap     ] GC(6) Humongous regions: 131->131
[2025-05-21T12:17:28.104+0000][gc,metaspace] GC(6) Metaspace: 12990K(13376K)->12990K(13376K) NonClass: 11398K(11584K)->11398K(11584K) Class: 1591K(1792K)->1591K(1792K)
[2025-05-21T12:17:28.105+0000][gc          ] GC(6) Pause Young (Normal) (G1 Evacuation Pause) 762M->158M(1024M) 6.055ms
[2025-05-21T12:17:28.105+0000][gc,cpu      ] GC(6) User=0.03s Sys=0.00s Real=0.00s
[2025-05-21T12:18:08.199+0000][gc,start    ] GC(7) Pause Young (Normal) (G1 Evacuation Pause)
[2025-05-21T12:18:08.199+0000][gc,task     ] GC(7) Using 10 workers of 10 for evacuation
[2025-05-21T12:18:08.204+0000][gc,phases   ] GC(7)   Pre Evacuate Collection Set: 0.3ms
[2025-05-21T12:18:08.205+0000][gc,phases   ] GC(7)   Merge Heap Roots: 0.2ms
[2025-05-21T12:18:08.205+0000][gc,phases   ] GC(7)   Evacuate Collection Set: 3.1ms
[2025-05-21T12:18:08.205+0000][gc,phases   ] GC(7)   Post Evacuate Collection Set: 1.0ms
[2025-05-21T12:18:08.205+0000][gc,phases   ] GC(7)   Other: 0.4ms
[2025-05-21T12:18:08.205+0000][gc,heap     ] GC(7) Eden regions: 603->0(603)
[2025-05-21T12:18:08.205+0000][gc,heap     ] GC(7) Survivor regions: 11->11(77)
[2025-05-21T12:18:08.205+0000][gc,heap     ] GC(7) Old regions: 18->18
[2025-05-21T12:18:08.205+0000][gc,heap     ] GC(7) Humongous regions: 131->131
[2025-05-21T12:18:08.205+0000][gc,metaspace] GC(7) Metaspace: 13202K(13632K)->13202K(13632K) NonClass: 11602K(11776K)->11602K(11776K) Class: 1599K(1856K)->1599K(1856K)
[2025-05-21T12:18:08.206+0000][gc          ] GC(7) Pause Young (Normal) (G1 Evacuation Pause) 761M->159M(1024M) 6.657ms
[2025-05-21T12:18:08.206+0000][gc,cpu      ] GC(7) User=0.03s Sys=0.00s Real=0.00s
[2025-05-21T12:18:48.307+0000][gc,start    ] GC(8) Pause Young (Normal) (G1 Evacuation Pause)
[2025-05-21T12:18:48.308+0000][gc,task     ] GC(8) Using 10 workers of 10 for evacuation
[2025-05-21T12:18:48.314+0000][gc,phases   ] GC(8)   Pre Evacuate Collection Set: 0.4ms
[2025-05-21T12:18:48.314+0000][gc,phases   ] GC(8)   Merge Heap Roots: 0.3ms
[2025-05-21T12:18:48.315+0000][gc,phases   ] GC(8)   Evacuate Collection Set: 4.4ms
[2025-05-21T12:18:48.315+0000][gc,phases   ] GC(8)   Post Evacuate Collection Set: 1.1ms
[2025-05-21T12:18:48.315+0000][gc,phases   ] GC(8)   Other: 0.3ms
[2025-05-21T12:18:48.315+0000][gc,heap     ] GC(8) Eden regions: 603->0(602)
[2025-05-21T12:18:48.315+0000][gc,heap     ] GC(8) Survivor regions: 11->12(77)
[2025-05-21T12:18:48.315+0000][gc,heap     ] GC(8) Old regions: 18->18
[2025-05-21T12:18:48.315+0000][gc,heap     ] GC(8) Humongous regions: 131->131
[2025-05-21T12:18:48.316+0000][gc,metaspace] GC(8) Metaspace: 13312K(13760K)->13312K(13760K) NonClass: 11711K(11904K)->11711K(11904K) Class: 1600K(1856K)->1600K(1856K)
[2025-05-21T12:18:48.316+0000][gc          ] GC(8) Pause Young (Normal) (G1 Evacuation Pause) 762M->159M(1024M) 8.343ms
[2025-05-21T12:18:48.316+0000][gc,cpu      ] GC(8) User=0.04s Sys=0.00s Real=0.01s
[2025-05-21T12:19:37.925+0000][gc,start    ] GC(9) Pause Young (Normal) (G1 Evacuation Pause)
[2025-05-21T12:19:37.925+0000][gc,task     ] GC(9) Using 10 workers of 10 for evacuation
[2025-05-21T12:19:37.930+0000][gc,phases   ] GC(9)   Pre Evacuate Collection Set: 0.3ms
[2025-05-21T12:19:37.930+0000][gc,phases   ] GC(9)   Merge Heap Roots: 0.2ms
[2025-05-21T12:19:37.930+0000][gc,phases   ] GC(9)   Evacuate Collection Set: 2.5ms
[2025-05-21T12:19:37.930+0000][gc,phases   ] GC(9)   Post Evacuate Collection Set: 1.0ms
[2025-05-21T12:19:37.930+0000][gc,phases   ] GC(9)   Other: 0.2ms
[2025-05-21T12:19:37.930+0000][gc,heap     ] GC(9) Eden regions: 602->0(604)
[2025-05-21T12:19:37.930+0000][gc,heap     ] GC(9) Survivor regions: 12->10(77)
[2025-05-21T12:19:37.930+0000][gc,heap     ] GC(9) Old regions: 18->18
[2025-05-21T12:19:37.931+0000][gc,heap     ] GC(9) Humongous regions: 131->131
[2025-05-21T12:19:37.931+0000][gc,metaspace] GC(9) Metaspace: 13369K(13824K)->13369K(13824K) NonClass: 11768K(11968K)->11768K(11968K) Class: 1600K(1856K)->1600K(1856K)
[2025-05-21T12:19:37.931+0000][gc          ] GC(9) Pause Young (Normal) (G1 Evacuation Pause) 761M->157M(1024M) 5.893ms
[2025-05-21T12:19:37.931+0000][gc,cpu      ] GC(9) User=0.02s Sys=0.01s Real=0.00s
[2025-05-21T12:20:18.051+0000][gc,start    ] GC(10) Pause Young (Normal) (G1 Evacuation Pause)
[2025-05-21T12:20:18.052+0000][gc,task     ] GC(10) Using 10 workers of 10 for evacuation
[2025-05-21T12:20:18.057+0000][gc,phases   ] GC(10)   Pre Evacuate Collection Set: 0.4ms
[2025-05-21T12:20:18.057+0000][gc,phases   ] GC(10)   Merge Heap Roots: 0.3ms
[2025-05-21T12:20:18.057+0000][gc,phases   ] GC(10)   Evacuate Collection Set: 2.9ms
[2025-05-21T12:20:18.058+0000][gc,phases   ] GC(10)   Post Evacuate Collection Set: 1.1ms
[2025-05-21T12:20:18.058+0000][gc,phases   ] GC(10)   Other: 0.3ms
[2025-05-21T12:20:18.058+0000][gc,heap     ] GC(10) Eden regions: 604->0(604)
[2025-05-21T12:20:18.058+0000][gc,heap     ] GC(10) Survivor regions: 10->10(77)
[2025-05-21T12:20:18.058+0000][gc,heap     ] GC(10) Old regions: 18->18
[2025-05-21T12:20:18.058+0000][gc,heap     ] GC(10) Humongous regions: 131->131
[2025-05-21T12:20:18.059+0000][gc,metaspace] GC(10) Metaspace: 13469K(13888K)->13469K(13888K) NonClass: 11867K(12032K)->11867K(12032K) Class: 1601K(1856K)->1601K(1856K)
[2025-05-21T12:20:18.059+0000][gc          ] GC(10) Pause Young (Normal) (G1 Evacuation Pause) 761M->158M(1024M) 7.521ms
[2025-05-21T12:20:18.059+0000][gc,cpu      ] GC(10) User=0.02s Sys=0.01s Real=0.01s
[2025-05-21T12:20:58.104+0000][gc,start    ] GC(11) Pause Young (Normal) (G1 Evacuation Pause)
[2025-05-21T12:20:58.104+0000][gc,task     ] GC(11) Using 10 workers of 10 for evacuation
[2025-05-21T12:20:58.109+0000][gc,phases   ] GC(11)   Pre Evacuate Collection Set: 0.4ms
[2025-05-21T12:20:58.109+0000][gc,phases   ] GC(11)   Merge Heap Roots: 0.2ms
[2025-05-21T12:20:58.110+0000][gc,phases   ] GC(11)   Evacuate Collection Set: 3.2ms
[2025-05-21T12:20:58.110+0000][gc,phases   ] GC(11)   Post Evacuate Collection Set: 1.1ms
[2025-05-21T12:20:58.110+0000][gc,phases   ] GC(11)   Other: 0.2ms
[2025-05-21T12:20:58.110+0000][gc,heap     ] GC(11) Eden regions: 604->0(602)
[2025-05-21T12:20:58.110+0000][gc,heap     ] GC(11) Survivor regions: 10->12(77)
[2025-05-21T12:20:58.110+0000][gc,heap     ] GC(11) Old regions: 18->18
[2025-05-21T12:20:58.110+0000][gc,heap     ] GC(11) Humongous regions: 131->131
[2025-05-21T12:20:58.111+0000][gc,metaspace] GC(11) Metaspace: 14073K(14464K)->14073K(14464K) NonClass: 12386K(12544K)->12386K(12544K) Class: 1687K(1920K)->1687K(1920K)
[2025-05-21T12:20:58.111+0000][gc          ] GC(11) Pause Young (Normal) (G1 Evacuation Pause) 762M->159M(1024M) 7.025ms
[2025-05-21T12:20:58.111+0000][gc,cpu      ] GC(11) User=0.03s Sys=0.01s Real=0.01s
[2025-05-21T12:21:38.183+0000][gc,start    ] GC(12) Pause Young (Normal) (G1 Evacuation Pause)
[2025-05-21T12:21:38.183+0000][gc,task     ] GC(12) Using 10 workers of 10 for evacuation
[2025-05-21T12:21:38.189+0000][gc,phases   ] GC(12)   Pre Evacuate Collection Set: 0.3ms
[2025-05-21T12:21:38.189+0000][gc,phases   ] GC(12)   Merge Heap Roots: 0.3ms
[2025-05-21T12:21:38.189+0000][gc,phases   ] GC(12)   Evacuate Collection Set: 3.5ms
[2025-05-21T12:21:38.189+0000][gc,phases   ] GC(12)   Post Evacuate Collection Set: 1.1ms
[2025-05-21T12:21:38.190+0000][gc,phases   ] GC(12)   Other: 0.3ms
[2025-05-21T12:21:38.190+0000][gc,heap     ] GC(12) Eden regions: 602->0(601)
[2025-05-21T12:21:38.190+0000][gc,heap     ] GC(12) Survivor regions: 12->13(77)
[2025-05-21T12:21:38.190+0000][gc,heap     ] GC(12) Old regions: 18->18
[2025-05-21T12:21:38.190+0000][gc,heap     ] GC(12) Humongous regions: 131->131
[2025-05-21T12:21:38.190+0000][gc,metaspace] GC(12) Metaspace: 14263K(14720K)->14263K(14720K) NonClass: 12575K(12800K)->12575K(12800K) Class: 1687K(1920K)->1687K(1920K)
[2025-05-21T12:21:38.190+0000][gc          ] GC(12) Pause Young (Normal) (G1 Evacuation Pause) 761M->160M(1024M) 7.487ms
[2025-05-21T12:21:38.190+0000][gc,cpu      ] GC(12) User=0.03s Sys=0.00s Real=0.01s
[2025-05-21T12:22:18.205+0000][gc,start    ] GC(13) Pause Young (Normal) (G1 Evacuation Pause)
[2025-05-21T12:22:18.205+0000][gc,task     ] GC(13) Using 10 workers of 10 for evacuation
[2025-05-21T12:22:18.213+0000][gc,phases   ] GC(13)   Pre Evacuate Collection Set: 0.5ms
[2025-05-21T12:22:18.213+0000][gc,phases   ] GC(13)   Merge Heap Roots: 0.2ms
[2025-05-21T12:22:18.214+0000][gc,phases   ] GC(13)   Evacuate Collection Set: 5.7ms
[2025-05-21T12:22:18.214+0000][gc,phases   ] GC(13)   Post Evacuate Collection Set: 1.6ms
[2025-05-21T12:22:18.214+0000][gc,phases   ] GC(13)   Other: 0.3ms
[2025-05-21T12:22:18.214+0000][gc,heap     ] GC(13) Eden regions: 601->0(600)
[2025-05-21T12:22:18.214+0000][gc,heap     ] GC(13) Survivor regions: 13->14(77)
[2025-05-21T12:22:18.214+0000][gc,heap     ] GC(13) Old regions: 18->18
[2025-05-21T12:22:18.215+0000][gc,heap     ] GC(13) Humongous regions: 131->131
[2025-05-21T12:22:18.215+0000][gc,metaspace] GC(13) Metaspace: 14344K(14784K)->14344K(14784K) NonClass: 12656K(12864K)->12656K(12864K) Class: 1687K(1920K)->1687K(1920K)
[2025-05-21T12:22:18.215+0000][gc          ] GC(13) Pause Young (Normal) (G1 Evacuation Pause) 761M->162M(1024M) 10.205ms
[2025-05-21T12:22:18.215+0000][gc,cpu      ] GC(13) User=0.05s Sys=0.00s Real=0.01s
[2025-05-21T12:22:58.241+0000][gc,start    ] GC(14) Pause Young (Normal) (G1 Evacuation Pause)
[2025-05-21T12:22:58.241+0000][gc,task     ] GC(14) Using 10 workers of 10 for evacuation
[2025-05-21T12:22:58.248+0000][gc,phases   ] GC(14)   Pre Evacuate Collection Set: 0.3ms
[2025-05-21T12:22:58.248+0000][gc,phases   ] GC(14)   Merge Heap Roots: 0.2ms
[2025-05-21T12:22:58.248+0000][gc,phases   ] GC(14)   Evacuate Collection Set: 4.2ms
[2025-05-21T12:22:58.248+0000][gc,phases   ] GC(14)   Post Evacuate Collection Set: 1.2ms
[2025-05-21T12:22:58.248+0000][gc,phases   ] GC(14)   Other: 0.3ms
[2025-05-21T12:22:58.248+0000][gc,heap     ] GC(14) Eden regions: 600->0(599)
[2025-05-21T12:22:58.248+0000][gc,heap     ] GC(14) Survivor regions: 14->15(77)
[2025-05-21T12:22:58.248+0000][gc,heap     ] GC(14) Old regions: 18->18
[2025-05-21T12:22:58.249+0000][gc,heap     ] GC(14) Humongous regions: 131->131
[2025-05-21T12:22:58.249+0000][gc,metaspace] GC(14) Metaspace: 14514K(14976K)->14514K(14976K) NonClass: 12823K(13056K)->12823K(13056K) Class: 1691K(1920K)->1691K(1920K)
[2025-05-21T12:22:58.249+0000][gc          ] GC(14) Pause Young (Normal) (G1 Evacuation Pause) 762M->163M(1024M) 7.844ms
[2025-05-21T12:22:58.249+0000][gc,cpu      ] GC(14) User=0.03s Sys=0.02s Real=0.01s
[2025-05-21T12:23:38.260+0000][gc,start    ] GC(15) Pause Young (Normal) (G1 Evacuation Pause)
[2025-05-21T12:23:38.260+0000][gc,task     ] GC(15) Using 10 workers of 10 for evacuation
[2025-05-21T12:23:38.268+0000][gc,phases   ] GC(15)   Pre Evacuate Collection Set: 0.3ms
[2025-05-21T12:23:38.269+0000][gc,phases   ] GC(15)   Merge Heap Roots: 0.2ms
[2025-05-21T12:23:38.269+0000][gc,phases   ] GC(15)   Evacuate Collection Set: 6.0ms
[2025-05-21T12:23:38.269+0000][gc,phases   ] GC(15)   Post Evacuate Collection Set: 1.3ms
[2025-05-21T12:23:38.269+0000][gc,phases   ] GC(15)   Other: 0.3ms
[2025-05-21T12:23:38.269+0000][gc,heap     ] GC(15) Eden regions: 599->0(596)
[2025-05-21T12:23:38.269+0000][gc,heap     ] GC(15) Survivor regions: 15->18(77)
[2025-05-21T12:23:38.269+0000][gc,heap     ] GC(15) Old regions: 18->18
[2025-05-21T12:23:38.270+0000][gc,heap     ] GC(15) Humongous regions: 131->131
[2025-05-21T12:23:38.270+0000][gc,metaspace] GC(15) Metaspace: 14692K(15104K)->14692K(15104K) NonClass: 13000K(13184K)->13000K(13184K) Class: 1691K(1920K)->1691K(1920K)
[2025-05-21T12:23:38.270+0000][gc          ] GC(15) Pause Young (Normal) (G1 Evacuation Pause) 762M->165M(1024M) 9.745ms
[2025-05-21T12:23:38.270+0000][gc,cpu      ] GC(15) User=0.00s Sys=0.06s Real=0.01s
[2025-05-21T12:24:18.278+0000][gc,start    ] GC(16) Pause Young (Normal) (G1 Evacuation Pause)
[2025-05-21T12:24:18.278+0000][gc,task     ] GC(16) Using 10 workers of 10 for evacuation
[2025-05-21T12:24:18.285+0000][gc,phases   ] GC(16)   Pre Evacuate Collection Set: 0.3ms
[2025-05-21T12:24:18.285+0000][gc,phases   ] GC(16)   Merge Heap Roots: 0.2ms
[2025-05-21T12:24:18.286+0000][gc,phases   ] GC(16)   Evacuate Collection Set: 4.5ms
[2025-05-21T12:24:18.286+0000][gc,phases   ] GC(16)   Post Evacuate Collection Set: 1.1ms
[2025-05-21T12:24:18.286+0000][gc,phases   ] GC(16)   Other: 0.3ms
[2025-05-21T12:24:18.286+0000][gc,heap     ] GC(16) Eden regions: 596->0(596)
[2025-05-21T12:24:18.286+0000][gc,heap     ] GC(16) Survivor regions: 18->18(77)
[2025-05-21T12:24:18.286+0000][gc,heap     ] GC(16) Old regions: 18->18
[2025-05-21T12:24:18.286+0000][gc,heap     ] GC(16) Humongous regions: 131->131
[2025-05-21T12:24:18.286+0000][gc,metaspace] GC(16) Metaspace: 14730K(15168K)->14730K(15168K) NonClass: 13039K(13248K)->13039K(13248K) Class: 1691K(1920K)->1691K(1920K)
[2025-05-21T12:24:18.287+0000][gc          ] GC(16) Pause Young (Normal) (G1 Evacuation Pause) 761M->166M(1024M) 8.665ms
[2025-05-21T12:24:18.287+0000][gc,cpu      ] GC(16) User=0.04s Sys=0.01s Real=0.01s
[2025-05-21T12:24:58.279+0000][gc,start    ] GC(17) Pause Young (Normal) (G1 Evacuation Pause)
[2025-05-21T12:24:58.279+0000][gc,task     ] GC(17) Using 10 workers of 10 for evacuation
[2025-05-21T12:24:58.285+0000][gc,phases   ] GC(17)   Pre Evacuate Collection Set: 0.4ms
[2025-05-21T12:24:58.285+0000][gc,phases   ] GC(17)   Merge Heap Roots: 0.2ms
[2025-05-21T12:24:58.285+0000][gc,phases   ] GC(17)   Evacuate Collection Set: 3.4ms
[2025-05-21T12:24:58.285+0000][gc,phases   ] GC(17)   Post Evacuate Collection Set: 1.2ms
[2025-05-21T12:24:58.286+0000][gc,phases   ] GC(17)   Other: 0.3ms
[2025-05-21T12:24:58.286+0000][gc,heap     ] GC(17) Eden regions: 596->0(602)
[2025-05-21T12:24:58.286+0000][gc,heap     ] GC(17) Survivor regions: 18->12(77)
[2025-05-21T12:24:58.286+0000][gc,heap     ] GC(17) Old regions: 18->19
[2025-05-21T12:24:58.286+0000][gc,heap     ] GC(17) Humongous regions: 131->131
[2025-05-21T12:24:58.286+0000][gc,metaspace] GC(17) Metaspace: 14756K(15168K)->14756K(15168K) NonClass: 13063K(13248K)->13063K(13248K) Class: 1693K(1920K)->1693K(1920K)
[2025-05-21T12:24:58.286+0000][gc          ] GC(17) Pause Young (Normal) (G1 Evacuation Pause) 762M->161M(1024M) 7.320ms
[2025-05-21T12:24:58.286+0000][gc,cpu      ] GC(17) User=0.03s Sys=0.00s Real=0.01s
[2025-05-21T12:25:38.290+0000][gc,start    ] GC(18) Pause Young (Normal) (G1 Evacuation Pause)
[2025-05-21T12:25:38.290+0000][gc,task     ] GC(18) Using 10 workers of 10 for evacuation
[2025-05-21T12:25:38.298+0000][gc,phases   ] GC(18)   Pre Evacuate Collection Set: 0.4ms
[2025-05-21T12:25:38.298+0000][gc,phases   ] GC(18)   Merge Heap Roots: 0.2ms
[2025-05-21T12:25:38.299+0000][gc,phases   ] GC(18)   Evacuate Collection Set: 6.2ms
[2025-05-21T12:25:38.299+0000][gc,phases   ] GC(18)   Post Evacuate Collection Set: 1.2ms
[2025-05-21T12:25:38.299+0000][gc,phases   ] GC(18)   Other: 0.3ms
[2025-05-21T12:25:38.299+0000][gc,heap     ] GC(18) Eden regions: 602->0(607)
[2025-05-21T12:25:38.299+0000][gc,heap     ] GC(18) Survivor regions: 12->7(77)
[2025-05-21T12:25:38.299+0000][gc,heap     ] GC(18) Old regions: 19->26
[2025-05-21T12:25:38.299+0000][gc,heap     ] GC(18) Humongous regions: 131->131
[2025-05-21T12:25:38.299+0000][gc,metaspace] GC(18) Metaspace: 14773K(15168K)->14773K(15168K) NonClass: 13078K(13248K)->13078K(13248K) Class: 1694K(1920K)->1694K(1920K)
[2025-05-21T12:25:38.300+0000][gc          ] GC(18) Pause Young (Normal) (G1 Evacuation Pause) 763M->162M(1024M) 9.923ms
[2025-05-21T12:25:38.300+0000][gc,cpu      ] GC(18) User=0.03s Sys=0.03s Real=0.01s
[2025-05-21T12:26:18.349+0000][gc,start    ] GC(19) Pause Young (Normal) (G1 Evacuation Pause)
[2025-05-21T12:26:18.349+0000][gc,task     ] GC(19) Using 10 workers of 10 for evacuation
[2025-05-21T12:26:18.354+0000][gc,phases   ] GC(19)   Pre Evacuate Collection Set: 0.3ms
[2025-05-21T12:26:18.354+0000][gc,phases   ] GC(19)   Merge Heap Roots: 0.2ms
[2025-05-21T12:26:18.355+0000][gc,phases   ] GC(19)   Evacuate Collection Set: 3.1ms
[2025-05-21T12:26:18.355+0000][gc,phases   ] GC(19)   Post Evacuate Collection Set: 1.1ms
[2025-05-21T12:26:18.355+0000][gc,phases   ] GC(19)   Other: 0.3ms
[2025-05-21T12:26:18.356+0000][gc,heap     ] GC(19) Eden regions: 607->0(606)
[2025-05-21T12:26:18.356+0000][gc,heap     ] GC(19) Survivor regions: 7->8(77)
[2025-05-21T12:26:18.356+0000][gc,heap     ] GC(19) Old regions: 26->27
[2025-05-21T12:26:18.356+0000][gc,heap     ] GC(19) Humongous regions: 131->131
[2025-05-21T12:26:18.356+0000][gc,metaspace] GC(19) Metaspace: 14830K(15232K)->14830K(15232K) NonClass: 13131K(13312K)->13131K(13312K) Class: 1699K(1920K)->1699K(1920K)
[2025-05-21T12:26:18.356+0000][gc          ] GC(19) Pause Young (Normal) (G1 Evacuation Pause) 769M->164M(1024M) 7.235ms
[2025-05-21T12:26:18.357+0000][gc,cpu      ] GC(19) User=0.03s Sys=0.00s Real=0.01s
[2025-05-21T12:26:58.391+0000][gc,start    ] GC(20) Pause Young (Normal) (G1 Evacuation Pause)
[2025-05-21T12:26:58.391+0000][gc,task     ] GC(20) Using 10 workers of 10 for evacuation
[2025-05-21T12:26:58.396+0000][gc,phases   ] GC(20)   Pre Evacuate Collection Set: 0.5ms
[2025-05-21T12:26:58.396+0000][gc,phases   ] GC(20)   Merge Heap Roots: 0.3ms
[2025-05-21T12:26:58.396+0000][gc,phases   ] GC(20)   Evacuate Collection Set: 2.8ms
[2025-05-21T12:26:58.396+0000][gc,phases   ] GC(20)   Post Evacuate Collection Set: 1.0ms
[2025-05-21T12:26:58.397+0000][gc,phases   ] GC(20)   Other: 0.4ms
[2025-05-21T12:26:58.397+0000][gc,heap     ] GC(20) Eden regions: 606->0(606)
[2025-05-21T12:26:58.397+0000][gc,heap     ] GC(20) Survivor regions: 8->8(77)
[2025-05-21T12:26:58.397+0000][gc,heap     ] GC(20) Old regions: 27->27
[2025-05-21T12:26:58.397+0000][gc,heap     ] GC(20) Humongous regions: 131->131
[2025-05-21T12:26:58.397+0000][gc,metaspace] GC(20) Metaspace: 14853K(15232K)->14853K(15232K) NonClass: 13154K(13312K)->13154K(13312K) Class: 1699K(1920K)->1699K(1920K)
[2025-05-21T12:26:58.398+0000][gc          ] GC(20) Pause Young (Normal) (G1 Evacuation Pause) 770M->165M(1024M) 7.098ms
[2025-05-21T12:26:58.398+0000][gc,cpu      ] GC(20) User=0.03s Sys=0.00s Real=0.00s
[2025-05-21T12:27:38.431+0000][gc,start    ] GC(21) Pause Young (Normal) (G1 Evacuation Pause)
[2025-05-21T12:27:38.431+0000][gc,task     ] GC(21) Using 10 workers of 10 for evacuation
[2025-05-21T12:27:38.437+0000][gc,phases   ] GC(21)   Pre Evacuate Collection Set: 0.3ms
[2025-05-21T12:27:38.437+0000][gc,phases   ] GC(21)   Merge Heap Roots: 0.2ms
[2025-05-21T12:27:38.437+0000][gc,phases   ] GC(21)   Evacuate Collection Set: 3.6ms
[2025-05-21T12:27:38.438+0000][gc,phases   ] GC(21)   Post Evacuate Collection Set: 1.0ms
[2025-05-21T12:27:38.438+0000][gc,phases   ] GC(21)   Other: 0.3ms
[2025-05-21T12:27:38.438+0000][gc,heap     ] GC(21) Eden regions: 606->0(604)
[2025-05-21T12:27:38.438+0000][gc,heap     ] GC(21) Survivor regions: 8->10(77)
[2025-05-21T12:27:38.438+0000][gc,heap     ] GC(21) Old regions: 27->27
[2025-05-21T12:27:38.438+0000][gc,heap     ] GC(21) Humongous regions: 131->131
[2025-05-21T12:27:38.439+0000][gc,metaspace] GC(21) Metaspace: 14857K(15296K)->14857K(15296K) NonClass: 13158K(13376K)->13158K(13376K) Class: 1699K(1920K)->1699K(1920K)
[2025-05-21T12:27:38.439+0000][gc          ] GC(21) Pause Young (Normal) (G1 Evacuation Pause) 771M->167M(1024M) 7.595ms
[2025-05-21T12:27:38.439+0000][gc,cpu      ] GC(21) User=0.03s Sys=0.00s Real=0.01s
[2025-05-21T12:28:27.915+0000][gc,start    ] GC(22) Pause Young (Normal) (G1 Evacuation Pause)
[2025-05-21T12:28:27.916+0000][gc,task     ] GC(22) Using 10 workers of 10 for evacuation
[2025-05-21T12:28:27.920+0000][gc,phases   ] GC(22)   Pre Evacuate Collection Set: 0.3ms
[2025-05-21T12:28:27.921+0000][gc,phases   ] GC(22)   Merge Heap Roots: 0.2ms
[2025-05-21T12:28:27.921+0000][gc,phases   ] GC(22)   Evacuate Collection Set: 2.5ms
[2025-05-21T12:28:27.921+0000][gc,phases   ] GC(22)   Post Evacuate Collection Set: 1.1ms
[2025-05-21T12:28:27.921+0000][gc,phases   ] GC(22)   Other: 0.4ms
[2025-05-21T12:28:27.921+0000][gc,heap     ] GC(22) Eden regions: 604->0(606)
[2025-05-21T12:28:27.921+0000][gc,heap     ] GC(22) Survivor regions: 10->8(77)
[2025-05-21T12:28:27.921+0000][gc,heap     ] GC(22) Old regions: 27->27
[2025-05-21T12:28:27.922+0000][gc,heap     ] GC(22) Humongous regions: 131->131
[2025-05-21T12:28:27.922+0000][gc,metaspace] GC(22) Metaspace: 14874K(15296K)->14874K(15296K) NonClass: 13175K(13376K)->13175K(13376K) Class: 1699K(1920K)->1699K(1920K)
[2025-05-21T12:28:27.922+0000][gc          ] GC(22) Pause Young (Normal) (G1 Evacuation Pause) 771M->165M(1024M) 6.846ms
[2025-05-21T12:28:27.922+0000][gc,cpu      ] GC(22) User=0.03s Sys=0.00s Real=0.00s
[2025-05-21T12:29:07.960+0000][gc,start    ] GC(23) Pause Young (Normal) (G1 Evacuation Pause)
[2025-05-21T12:29:07.960+0000][gc,task     ] GC(23) Using 10 workers of 10 for evacuation
[2025-05-21T12:29:07.964+0000][gc,phases   ] GC(23)   Pre Evacuate Collection Set: 0.4ms
[2025-05-21T12:29:07.964+0000][gc,phases   ] GC(23)   Merge Heap Roots: 0.2ms
[2025-05-21T12:29:07.964+0000][gc,phases   ] GC(23)   Evacuate Collection Set: 1.4ms
[2025-05-21T12:29:07.964+0000][gc,phases   ] GC(23)   Post Evacuate Collection Set: 1.0ms
[2025-05-21T12:29:07.964+0000][gc,phases   ] GC(23)   Other: 0.3ms
[2025-05-21T12:29:07.964+0000][gc,heap     ] GC(23) Eden regions: 606->0(610)
[2025-05-21T12:29:07.965+0000][gc,heap     ] GC(23) Survivor regions: 8->4(77)
[2025-05-21T12:29:07.965+0000][gc,heap     ] GC(23) Old regions: 27->27
[2025-05-21T12:29:07.965+0000][gc,heap     ] GC(23) Humongous regions: 131->131
[2025-05-21T12:29:07.965+0000][gc,metaspace] GC(23) Metaspace: 14892K(15360K)->14892K(15360K) NonClass: 13193K(13440K)->13193K(13440K) Class: 1699K(1920K)->1699K(1920K)
[2025-05-21T12:29:07.965+0000][gc          ] GC(23) Pause Young (Normal) (G1 Evacuation Pause) 771M->160M(1024M) 5.125ms
[2025-05-21T12:29:07.965+0000][gc,cpu      ] GC(23) User=0.02s Sys=0.01s Real=0.01s
[2025-05-21T12:29:48.005+0000][gc,start    ] GC(24) Pause Young (Normal) (G1 Evacuation Pause)
[2025-05-21T12:29:48.005+0000][gc,task     ] GC(24) Using 10 workers of 10 for evacuation
[2025-05-21T12:29:48.008+0000][gc,phases   ] GC(24)   Pre Evacuate Collection Set: 0.3ms
[2025-05-21T12:29:48.008+0000][gc,phases   ] GC(24)   Merge Heap Roots: 0.2ms
[2025-05-21T12:29:48.009+0000][gc,phases   ] GC(24)   Evacuate Collection Set: 1.5ms
[2025-05-21T12:29:48.009+0000][gc,phases   ] GC(24)   Post Evacuate Collection Set: 0.9ms
[2025-05-21T12:29:48.009+0000][gc,phases   ] GC(24)   Other: 0.2ms
[2025-05-21T12:29:48.009+0000][gc,heap     ] GC(24) Eden regions: 610->0(609)
[2025-05-21T12:29:48.009+0000][gc,heap     ] GC(24) Survivor regions: 4->5(77)
[2025-05-21T12:29:48.009+0000][gc,heap     ] GC(24) Old regions: 27->27
[2025-05-21T12:29:48.009+0000][gc,heap     ] GC(24) Humongous regions: 131->131
[2025-05-21T12:29:48.009+0000][gc,metaspace] GC(24) Metaspace: 14940K(15360K)->14940K(15360K) NonClass: 13241K(13440K)->13241K(13440K) Class: 1699K(1920K)->1699K(1920K)
[2025-05-21T12:29:48.010+0000][gc          ] GC(24) Pause Young (Normal) (G1 Evacuation Pause) 770M->161M(1024M) 4.961ms
[2025-05-21T12:29:48.010+0000][gc,cpu      ] GC(24) User=0.02s Sys=0.00s Real=0.00s
[2025-05-21T12:30:12.749+0000][gc,start    ] GC(25) Pause Young (Normal) (G1 Evacuation Pause)
[2025-05-21T12:30:12.749+0000][gc,task     ] GC(25) Using 10 workers of 10 for evacuation
[2025-05-21T12:30:12.755+0000][gc,phases   ] GC(25)   Pre Evacuate Collection Set: 0.3ms
[2025-05-21T12:30:12.755+0000][gc,phases   ] GC(25)   Merge Heap Roots: 0.2ms
[2025-05-21T12:30:12.756+0000][gc,phases   ] GC(25)   Evacuate Collection Set: 3.0ms
[2025-05-21T12:30:12.756+0000][gc,phases   ] GC(25)   Post Evacuate Collection Set: 2.2ms
[2025-05-21T12:30:12.756+0000][gc,phases   ] GC(25)   Other: 0.3ms
[2025-05-21T12:30:12.756+0000][gc,heap     ] GC(25) Eden regions: 609->0(607)
[2025-05-21T12:30:12.756+0000][gc,heap     ] GC(25) Survivor regions: 5->7(77)
[2025-05-21T12:30:12.756+0000][gc,heap     ] GC(25) Old regions: 27->27
[2025-05-21T12:30:12.757+0000][gc,heap     ] GC(25) Humongous regions: 132->131
[2025-05-21T12:30:12.757+0000][gc,metaspace] GC(25) Metaspace: 15673K(16128K)->15673K(16128K) NonClass: 13915K(14144K)->13915K(14144K) Class: 1757K(1984K)->1757K(1984K)
[2025-05-21T12:30:12.757+0000][gc          ] GC(25) Pause Young (Normal) (G1 Evacuation Pause) 771M->164M(1024M) 8.019ms
[2025-05-21T12:30:12.757+0000][gc,cpu      ] GC(25) User=0.04s Sys=0.00s Real=0.01s
[2025-05-21T12:30:37.904+0000][gc,start    ] GC(26) Pause Young (Normal) (G1 Evacuation Pause)
[2025-05-21T12:30:37.904+0000][gc,task     ] GC(26) Using 10 workers of 10 for evacuation
[2025-05-21T12:30:37.908+0000][gc,phases   ] GC(26)   Pre Evacuate Collection Set: 0.3ms
[2025-05-21T12:30:37.908+0000][gc,phases   ] GC(26)   Merge Heap Roots: 0.2ms
[2025-05-21T12:30:37.909+0000][gc,phases   ] GC(26)   Evacuate Collection Set: 2.5ms
[2025-05-21T12:30:37.909+0000][gc,phases   ] GC(26)   Post Evacuate Collection Set: 1.1ms
[2025-05-21T12:30:37.909+0000][gc,phases   ] GC(26)   Other: 0.3ms
[2025-05-21T12:30:37.909+0000][gc,heap     ] GC(26) Eden regions: 607->0(609)
[2025-05-21T12:30:37.909+0000][gc,heap     ] GC(26) Survivor regions: 7->5(77)
[2025-05-21T12:30:37.909+0000][gc,heap     ] GC(26) Old regions: 27->28
[2025-05-21T12:30:37.909+0000][gc,heap     ] GC(26) Humongous regions: 131->131
[2025-05-21T12:30:37.910+0000][gc,metaspace] GC(26) Metaspace: 15697K(16128K)->15697K(16128K) NonClass: 13939K(14144K)->13939K(14144K) Class: 1757K(1984K)->1757K(1984K)
[2025-05-21T12:30:37.910+0000][gc          ] GC(26) Pause Young (Normal) (G1 Evacuation Pause) 771M->162M(1024M) 6.087ms
[2025-05-21T12:30:37.910+0000][gc,cpu      ] GC(26) User=0.02s Sys=0.01s Real=0.01s
[2025-05-21T12:30:58.171+0000][gc,start    ] GC(27) Pause Young (Normal) (G1 Evacuation Pause)
[2025-05-21T12:30:58.171+0000][gc,task     ] GC(27) Using 10 workers of 10 for evacuation
[2025-05-21T12:30:58.176+0000][gc,phases   ] GC(27)   Pre Evacuate Collection Set: 0.3ms
[2025-05-21T12:30:58.176+0000][gc,phases   ] GC(27)   Merge Heap Roots: 0.2ms
[2025-05-21T12:30:58.176+0000][gc,phases   ] GC(27)   Evacuate Collection Set: 2.7ms
[2025-05-21T12:30:58.176+0000][gc,phases   ] GC(27)   Post Evacuate Collection Set: 1.3ms
[2025-05-21T12:30:58.176+0000][gc,phases   ] GC(27)   Other: 0.3ms
[2025-05-21T12:30:58.176+0000][gc,heap     ] GC(27) Eden regions: 609->0(607)
[2025-05-21T12:30:58.177+0000][gc,heap     ] GC(27) Survivor regions: 5->7(77)
[2025-05-21T12:30:58.177+0000][gc,heap     ] GC(27) Old regions: 28->28
[2025-05-21T12:30:58.177+0000][gc,heap     ] GC(27) Humongous regions: 131->131
[2025-05-21T12:30:58.177+0000][gc,metaspace] GC(27) Metaspace: 15702K(16128K)->15702K(16128K) NonClass: 13943K(14144K)->13943K(14144K) Class: 1758K(1984K)->1758K(1984K)
[2025-05-21T12:30:58.177+0000][gc          ] GC(27) Pause Young (Normal) (G1 Evacuation Pause) 771M->165M(1024M) 6.642ms
[2025-05-21T12:30:58.177+0000][gc,cpu      ] GC(27) User=0.03s Sys=0.00s Real=0.00s
[2025-05-21T12:31:18.487+0000][gc,start    ] GC(28) Pause Young (Normal) (G1 Evacuation Pause)
[2025-05-21T12:31:18.487+0000][gc,task     ] GC(28) Using 10 workers of 10 for evacuation
[2025-05-21T12:31:18.493+0000][gc,phases   ] GC(28)   Pre Evacuate Collection Set: 0.4ms
[2025-05-21T12:31:18.493+0000][gc,phases   ] GC(28)   Merge Heap Roots: 0.3ms
[2025-05-21T12:31:18.493+0000][gc,phases   ] GC(28)   Evacuate Collection Set: 3.7ms
[2025-05-21T12:31:18.494+0000][gc,phases   ] GC(28)   Post Evacuate Collection Set: 1.1ms
[2025-05-21T12:31:18.494+0000][gc,phases   ] GC(28)   Other: 0.2ms
[2025-05-21T12:31:18.494+0000][gc,heap     ] GC(28) Eden regions: 607->0(604)
[2025-05-21T12:31:18.494+0000][gc,heap     ] GC(28) Survivor regions: 7->10(77)
[2025-05-21T12:31:18.494+0000][gc,heap     ] GC(28) Old regions: 28->28
[2025-05-21T12:31:18.494+0000][gc,heap     ] GC(28) Humongous regions: 131->131
[2025-05-21T12:31:18.494+0000][gc,metaspace] GC(28) Metaspace: 15727K(16192K)->15727K(16192K) NonClass: 13969K(14208K)->13969K(14208K) Class: 1758K(1984K)->1758K(1984K)
[2025-05-21T12:31:18.495+0000][gc          ] GC(28) Pause Young (Normal) (G1 Evacuation Pause) 772M->167M(1024M) 7.615ms
[2025-05-21T12:31:18.495+0000][gc,cpu      ] GC(28) User=0.03s Sys=0.00s Real=0.00s
[2025-05-21T12:31:42.503+0000][gc,start    ] GC(29) Pause Young (Normal) (G1 Evacuation Pause)
[2025-05-21T12:31:42.504+0000][gc,task     ] GC(29) Using 10 workers of 10 for evacuation
[2025-05-21T12:31:42.507+0000][gc,phases   ] GC(29)   Pre Evacuate Collection Set: 0.3ms
[2025-05-21T12:31:42.507+0000][gc,phases   ] GC(29)   Merge Heap Roots: 0.2ms
[2025-05-21T12:31:42.508+0000][gc,phases   ] GC(29)   Evacuate Collection Set: 1.7ms
[2025-05-21T12:31:42.508+0000][gc,phases   ] GC(29)   Post Evacuate Collection Set: 1.1ms
[2025-05-21T12:31:42.508+0000][gc,phases   ] GC(29)   Other: 0.2ms
[2025-05-21T12:31:42.508+0000][gc,heap     ] GC(29) Eden regions: 604->0(609)
[2025-05-21T12:31:42.508+0000][gc,heap     ] GC(29) Survivor regions: 10->5(77)
[2025-05-21T12:31:42.508+0000][gc,heap     ] GC(29) Old regions: 28->28
[2025-05-21T12:31:42.508+0000][gc,heap     ] GC(29) Humongous regions: 131->131
[2025-05-21T12:31:42.509+0000][gc,metaspace] GC(29) Metaspace: 15730K(16192K)->15730K(16192K) NonClass: 13972K(14208K)->13972K(14208K) Class: 1758K(1984K)->1758K(1984K)
[2025-05-21T12:31:42.509+0000][gc          ] GC(29) Pause Young (Normal) (G1 Evacuation Pause) 771M->162M(1024M) 5.418ms
[2025-05-21T12:31:42.509+0000][gc,cpu      ] GC(29) User=0.02s Sys=0.00s Real=0.01s
[2025-05-21T12:32:07.905+0000][gc,start    ] GC(30) Pause Young (Normal) (G1 Evacuation Pause)
[2025-05-21T12:32:07.905+0000][gc,task     ] GC(30) Using 10 workers of 10 for evacuation
[2025-05-21T12:32:07.910+0000][gc,phases   ] GC(30)   Pre Evacuate Collection Set: 0.4ms
[2025-05-21T12:32:07.910+0000][gc,phases   ] GC(30)   Merge Heap Roots: 0.2ms
[2025-05-21T12:32:07.910+0000][gc,phases   ] GC(30)   Evacuate Collection Set: 2.9ms
[2025-05-21T12:32:07.910+0000][gc,phases   ] GC(30)   Post Evacuate Collection Set: 1.0ms
[2025-05-21T12:32:07.911+0000][gc,phases   ] GC(30)   Other: 0.4ms
[2025-05-21T12:32:07.911+0000][gc,heap     ] GC(30) Eden regions: 609->0(606)
[2025-05-21T12:32:07.911+0000][gc,heap     ] GC(30) Survivor regions: 5->8(77)
[2025-05-21T12:32:07.911+0000][gc,heap     ] GC(30) Old regions: 28->28
[2025-05-21T12:32:07.911+0000][gc,heap     ] GC(30) Humongous regions: 131->131
[2025-05-21T12:32:07.911+0000][gc,metaspace] GC(30) Metaspace: 15738K(16192K)->15738K(16192K) NonClass: 13980K(14208K)->13980K(14208K) Class: 1758K(1984K)->1758K(1984K)
[2025-05-21T12:32:07.911+0000][gc          ] GC(30) Pause Young (Normal) (G1 Evacuation Pause) 771M->166M(1024M) 6.793ms
[2025-05-21T12:32:07.912+0000][gc,cpu      ] GC(30) User=0.02s Sys=0.01s Real=0.01s
[2025-05-21T12:32:28.320+0000][gc,start    ] GC(31) Pause Young (Normal) (G1 Evacuation Pause)
[2025-05-21T12:32:28.320+0000][gc,task     ] GC(31) Using 10 workers of 10 for evacuation
[2025-05-21T12:32:28.327+0000][gc,phases   ] GC(31)   Pre Evacuate Collection Set: 0.3ms
[2025-05-21T12:32:28.327+0000][gc,phases   ] GC(31)   Merge Heap Roots: 0.2ms
[2025-05-21T12:32:28.327+0000][gc,phases   ] GC(31)   Evacuate Collection Set: 4.0ms
[2025-05-21T12:32:28.327+0000][gc,phases   ] GC(31)   Post Evacuate Collection Set: 1.4ms
[2025-05-21T12:32:28.327+0000][gc,phases   ] GC(31)   Other: 0.3ms
[2025-05-21T12:32:28.327+0000][gc,heap     ] GC(31) Eden regions: 606->0(604)
[2025-05-21T12:32:28.328+0000][gc,heap     ] GC(31) Survivor regions: 8->10(77)
[2025-05-21T12:32:28.328+0000][gc,heap     ] GC(31) Old regions: 28->28
[2025-05-21T12:32:28.328+0000][gc,heap     ] GC(31) Humongous regions: 131->131
[2025-05-21T12:32:28.328+0000][gc,metaspace] GC(31) Metaspace: 15757K(16192K)->15757K(16192K) NonClass: 13998K(14208K)->13998K(14208K) Class: 1758K(1984K)->1758K(1984K)
[2025-05-21T12:32:28.328+0000][gc          ] GC(31) Pause Young (Normal) (G1 Evacuation Pause) 772M->167M(1024M) 8.107ms
[2025-05-21T12:32:28.328+0000][gc,cpu      ] GC(31) User=0.04s Sys=0.00s Real=0.01s
[2025-05-21T12:32:50.478+0000][gc,start    ] GC(32) Pause Young (Normal) (G1 Evacuation Pause)
[2025-05-21T12:32:50.478+0000][gc,task     ] GC(32) Using 10 workers of 10 for evacuation
[2025-05-21T12:32:50.484+0000][gc,phases   ] GC(32)   Pre Evacuate Collection Set: 0.3ms
[2025-05-21T12:32:50.484+0000][gc,phases   ] GC(32)   Merge Heap Roots: 0.2ms
[2025-05-21T12:32:50.484+0000][gc,phases   ] GC(32)   Evacuate Collection Set: 3.4ms
[2025-05-21T12:32:50.484+0000][gc,phases   ] GC(32)   Post Evacuate Collection Set: 1.3ms
[2025-05-21T12:32:50.485+0000][gc,phases   ] GC(32)   Other: 0.3ms
[2025-05-21T12:32:50.486+0000][gc,heap     ] GC(32) Eden regions: 604->0(605)
[2025-05-21T12:32:50.488+0000][gc,heap     ] GC(32) Survivor regions: 10->9(77)
[2025-05-21T12:32:50.489+0000][gc,heap     ] GC(32) Old regions: 28->28
[2025-05-21T12:32:50.489+0000][gc,heap     ] GC(32) Humongous regions: 131->131
[2025-05-21T12:32:50.489+0000][gc,metaspace] GC(32) Metaspace: 15785K(16256K)->15785K(16256K) NonClass: 14025K(14272K)->14025K(14272K) Class: 1759K(1984K)->1759K(1984K)
[2025-05-21T12:32:50.489+0000][gc          ] GC(32) Pause Young (Normal) (G1 Evacuation Pause) 771M->166M(1024M) 11.404ms
[2025-05-21T12:32:50.489+0000][gc,cpu      ] GC(32) User=0.03s Sys=0.00s Real=0.01s
[2025-05-21T12:33:16.199+0000][gc,start    ] GC(33) Pause Young (Normal) (G1 Evacuation Pause)
[2025-05-21T12:33:16.199+0000][gc,task     ] GC(33) Using 10 workers of 10 for evacuation
[2025-05-21T12:33:16.204+0000][gc,phases   ] GC(33)   Pre Evacuate Collection Set: 0.3ms
[2025-05-21T12:33:16.204+0000][gc,phases   ] GC(33)   Merge Heap Roots: 0.2ms
[2025-05-21T12:33:16.204+0000][gc,phases   ] GC(33)   Evacuate Collection Set: 2.5ms
[2025-05-21T12:33:16.204+0000][gc,phases   ] GC(33)   Post Evacuate Collection Set: 1.0ms
[2025-05-21T12:33:16.204+0000][gc,phases   ] GC(33)   Other: 0.3ms
[2025-05-21T12:33:16.205+0000][gc,heap     ] GC(33) Eden regions: 605->0(607)
[2025-05-21T12:33:16.205+0000][gc,heap     ] GC(33) Survivor regions: 9->7(77)
[2025-05-21T12:33:16.205+0000][gc,heap     ] GC(33) Old regions: 28->28
[2025-05-21T12:33:16.205+0000][gc,heap     ] GC(33) Humongous regions: 131->131
[2025-05-21T12:33:16.205+0000][gc,metaspace] GC(33) Metaspace: 15804K(16256K)->15804K(16256K) NonClass: 14045K(14272K)->14045K(14272K) Class: 1759K(1984K)->1759K(1984K)
[2025-05-21T12:33:16.205+0000][gc          ] GC(33) Pause Young (Normal) (G1 Evacuation Pause) 771M->165M(1024M) 6.109ms
[2025-05-21T12:33:16.206+0000][gc,cpu      ] GC(33) User=0.03s Sys=0.00s Real=0.01s
[2025-05-21T12:33:38.086+0000][gc,start    ] GC(34) Pause Young (Normal) (G1 Evacuation Pause)
[2025-05-21T12:33:38.087+0000][gc,task     ] GC(34) Using 10 workers of 10 for evacuation
[2025-05-21T12:33:38.090+0000][gc,phases   ] GC(34)   Pre Evacuate Collection Set: 0.3ms
[2025-05-21T12:33:38.090+0000][gc,phases   ] GC(34)   Merge Heap Roots: 0.2ms
[2025-05-21T12:33:38.091+0000][gc,phases   ] GC(34)   Evacuate Collection Set: 1.8ms
[2025-05-21T12:33:38.091+0000][gc,phases   ] GC(34)   Post Evacuate Collection Set: 0.9ms
[2025-05-21T12:33:38.091+0000][gc,phases   ] GC(34)   Other: 0.3ms
[2025-05-21T12:33:38.091+0000][gc,heap     ] GC(34) Eden regions: 607->0(609)
[2025-05-21T12:33:38.091+0000][gc,heap     ] GC(34) Survivor regions: 7->5(77)
[2025-05-21T12:33:38.091+0000][gc,heap     ] GC(34) Old regions: 28->28
[2025-05-21T12:33:38.092+0000][gc,heap     ] GC(34) Humongous regions: 131->131
[2025-05-21T12:33:38.092+0000][gc,metaspace] GC(34) Metaspace: 15807K(16256K)->15807K(16256K) NonClass: 14047K(14272K)->14047K(14272K) Class: 1759K(1984K)->1759K(1984K)
[2025-05-21T12:33:38.092+0000][gc          ] GC(34) Pause Young (Normal) (G1 Evacuation Pause) 772M->162M(1024M) 5.477ms
[2025-05-21T12:33:38.092+0000][gc,cpu      ] GC(34) User=0.01s Sys=0.00s Real=0.01s
[2025-05-21T12:33:58.334+0000][gc,start    ] GC(35) Pause Young (Normal) (G1 Evacuation Pause)
[2025-05-21T12:33:58.334+0000][gc,task     ] GC(35) Using 10 workers of 10 for evacuation
[2025-05-21T12:33:58.339+0000][gc,phases   ] GC(35)   Pre Evacuate Collection Set: 0.3ms
[2025-05-21T12:33:58.339+0000][gc,phases   ] GC(35)   Merge Heap Roots: 0.2ms
[2025-05-21T12:33:58.339+0000][gc,phases   ] GC(35)   Evacuate Collection Set: 2.4ms
[2025-05-21T12:33:58.339+0000][gc,phases   ] GC(35)   Post Evacuate Collection Set: 0.9ms
[2025-05-21T12:33:58.339+0000][gc,phases   ] GC(35)   Other: 0.3ms
[2025-05-21T12:33:58.339+0000][gc,heap     ] GC(35) Eden regions: 609->0(607)
[2025-05-21T12:33:58.340+0000][gc,heap     ] GC(35) Survivor regions: 5->7(77)
[2025-05-21T12:33:58.340+0000][gc,heap     ] GC(35) Old regions: 28->28
[2025-05-21T12:33:58.340+0000][gc,heap     ] GC(35) Humongous regions: 131->131
[2025-05-21T12:33:58.340+0000][gc,metaspace] GC(35) Metaspace: 15808K(16256K)->15808K(16256K) NonClass: 14049K(14272K)->14049K(14272K) Class: 1759K(1984K)->1759K(1984K)
[2025-05-21T12:33:58.341+0000][gc          ] GC(35) Pause Young (Normal) (G1 Evacuation Pause) 771M->165M(1024M) 6.372ms
[2025-05-21T12:33:58.341+0000][gc,cpu      ] GC(35) User=0.02s Sys=0.01s Real=0.01s
[2025-05-21T12:34:07.927+0000][gc,start    ] GC(36) Pause Young (Concurrent Start) (CodeCache GC Threshold)
[2025-05-21T12:34:07.927+0000][gc,task     ] GC(36) Using 10 workers of 10 for evacuation
[2025-05-21T12:34:07.932+0000][gc,phases   ] GC(36)   Pre Evacuate Collection Set: 0.4ms
[2025-05-21T12:34:07.932+0000][gc,phases   ] GC(36)   Merge Heap Roots: 0.2ms
[2025-05-21T12:34:07.933+0000][gc,phases   ] GC(36)   Evacuate Collection Set: 3.1ms
[2025-05-21T12:34:07.933+0000][gc,phases   ] GC(36)   Post Evacuate Collection Set: 0.9ms
[2025-05-21T12:34:07.933+0000][gc,phases   ] GC(36)   Other: 0.3ms
[2025-05-21T12:34:07.933+0000][gc,heap     ] GC(36) Eden regions: 164->0(609)
[2025-05-21T12:34:07.933+0000][gc,heap     ] GC(36) Survivor regions: 7->5(77)
[2025-05-21T12:34:07.933+0000][gc,heap     ] GC(36) Old regions: 28->28
[2025-05-21T12:34:07.934+0000][gc,heap     ] GC(36) Humongous regions: 131->131
[2025-05-21T12:34:07.934+0000][gc,metaspace] GC(36) Metaspace: 15809K(16256K)->15809K(16256K) NonClass: 14049K(14272K)->14049K(14272K) Class: 1759K(1984K)->1759K(1984K)
[2025-05-21T12:34:07.934+0000][gc          ] GC(36) Pause Young (Concurrent Start) (CodeCache GC Threshold) 328M->162M(1024M) 7.354ms
[2025-05-21T12:34:07.934+0000][gc,cpu      ] GC(36) User=0.02s Sys=0.00s Real=0.01s
[2025-05-21T12:34:07.934+0000][gc          ] GC(37) Concurrent Mark Cycle
[2025-05-21T12:34:07.935+0000][gc,marking  ] GC(37) Concurrent Scan Root Regions
[2025-05-21T12:34:07.938+0000][gc,marking  ] GC(37) Concurrent Scan Root Regions 3.546ms
[2025-05-21T12:34:07.939+0000][gc,marking  ] GC(37) Concurrent Mark
[2025-05-21T12:34:07.939+0000][gc,marking  ] GC(37) Concurrent Mark From Roots
[2025-05-21T12:34:07.939+0000][gc,task     ] GC(37) Using 3 workers of 3 for marking
[2025-05-21T12:34:07.955+0000][gc,marking  ] GC(37) Concurrent Mark From Roots 16.502ms
[2025-05-21T12:34:07.956+0000][gc,marking  ] GC(37) Concurrent Preclean
[2025-05-21T12:34:07.956+0000][gc,marking  ] GC(37) Concurrent Preclean 0.460ms
[2025-05-21T12:34:07.956+0000][gc,start    ] GC(37) Pause Remark
[2025-05-21T12:34:07.969+0000][gc          ] GC(37) Pause Remark 168M->168M(1024M) 12.163ms
[2025-05-21T12:34:07.969+0000][gc,cpu      ] GC(37) User=0.09s Sys=0.00s Real=0.01s
[2025-05-21T12:34:07.969+0000][gc,marking  ] GC(37) Concurrent Mark 30.709ms
[2025-05-21T12:34:07.969+0000][gc,marking  ] GC(37) Concurrent Rebuild Remembered Sets and Scrub Regions
[2025-05-21T12:34:07.976+0000][gc,marking  ] GC(37) Concurrent Rebuild Remembered Sets and Scrub Regions 6.680ms
[2025-05-21T12:34:07.977+0000][gc,start    ] GC(37) Pause Cleanup
[2025-05-21T12:34:07.977+0000][gc          ] GC(37) Pause Cleanup 171M->171M(1024M) 0.702ms
[2025-05-21T12:34:07.978+0000][gc,cpu      ] GC(37) User=0.00s Sys=0.00s Real=0.00s
[2025-05-21T12:34:07.978+0000][gc,marking  ] GC(37) Concurrent Clear Claimed Marks
[2025-05-21T12:34:07.979+0000][gc,marking  ] GC(37) Concurrent Clear Claimed Marks 0.290ms
[2025-05-21T12:34:07.979+0000][gc,marking  ] GC(37) Concurrent Cleanup for Next Mark
[2025-05-21T12:34:07.985+0000][gc,marking  ] GC(37) Concurrent Cleanup for Next Mark 5.721ms
[2025-05-21T12:34:07.985+0000][gc          ] GC(37) Concurrent Mark Cycle 50.758ms
[2025-05-21T12:34:28.204+0000][gc,start    ] GC(38) Pause Young (Prepare Mixed) (G1 Evacuation Pause)
[2025-05-21T12:34:28.204+0000][gc,task     ] GC(38) Using 10 workers of 10 for evacuation
[2025-05-21T12:34:28.208+0000][gc,phases   ] GC(38)   Pre Evacuate Collection Set: 0.3ms
[2025-05-21T12:34:28.209+0000][gc,phases   ] GC(38)   Merge Heap Roots: 0.2ms
[2025-05-21T12:34:28.209+0000][gc,phases   ] GC(38)   Evacuate Collection Set: 2.6ms
[2025-05-21T12:34:28.209+0000][gc,phases   ] GC(38)   Post Evacuate Collection Set: 1.2ms
[2025-05-21T12:34:28.209+0000][gc,phases   ] GC(38)   Other: 0.3ms
[2025-05-21T12:34:28.209+0000][gc,heap     ] GC(38) Eden regions: 609->0(607)
[2025-05-21T12:34:28.210+0000][gc,heap     ] GC(38) Survivor regions: 5->7(77)
[2025-05-21T12:34:28.210+0000][gc,heap     ] GC(38) Old regions: 28->28
[2025-05-21T12:34:28.210+0000][gc,heap     ] GC(38) Humongous regions: 131->131
[2025-05-21T12:34:28.210+0000][gc,metaspace] GC(38) Metaspace: 15698K(16256K)->15698K(16256K) NonClass: 13969K(14272K)->13969K(14272K) Class: 1729K(1984K)->1729K(1984K)
[2025-05-21T12:34:28.210+0000][gc          ] GC(38) Pause Young (Prepare Mixed) (G1 Evacuation Pause) 771M->165M(1024M) 6.540ms
[2025-05-21T12:34:28.210+0000][gc,cpu      ] GC(38) User=0.02s Sys=0.00s Real=0.01s
[2025-05-21T12:34:48.635+0000][gc,start    ] GC(39) Pause Young (Mixed) (G1 Evacuation Pause)
[2025-05-21T12:34:48.635+0000][gc,task     ] GC(39) Using 10 workers of 10 for evacuation
[2025-05-21T12:34:48.641+0000][gc,phases   ] GC(39)   Pre Evacuate Collection Set: 0.5ms
[2025-05-21T12:34:48.641+0000][gc,phases   ] GC(39)   Merge Heap Roots: 0.2ms
[2025-05-21T12:34:48.641+0000][gc,phases   ] GC(39)   Evacuate Collection Set: 3.6ms
[2025-05-21T12:34:48.641+0000][gc,phases   ] GC(39)   Post Evacuate Collection Set: 1.0ms
[2025-05-21T12:34:48.642+0000][gc,phases   ] GC(39)   Other: 0.3ms
[2025-05-21T12:34:48.642+0000][gc,heap     ] GC(39) Eden regions: 607->0(604)
[2025-05-21T12:34:48.642+0000][gc,heap     ] GC(39) Survivor regions: 7->10(77)
[2025-05-21T12:34:48.642+0000][gc,heap     ] GC(39) Old regions: 28->26
[2025-05-21T12:34:48.642+0000][gc,heap     ] GC(39) Humongous regions: 131->131
[2025-05-21T12:34:48.642+0000][gc,metaspace] GC(39) Metaspace: 15699K(16256K)->15699K(16256K) NonClass: 13969K(14272K)->13969K(14272K) Class: 1729K(1984K)->1729K(1984K)
[2025-05-21T12:34:48.642+0000][gc          ] GC(39) Pause Young (Mixed) (G1 Evacuation Pause) 772M->166M(1024M) 7.380ms
[2025-05-21T12:34:48.643+0000][gc,cpu      ] GC(39) User=0.00s Sys=0.04s Real=0.01s
[2025-05-21T12:35:12.781+0000][gc,start    ] GC(40) Pause Young (Normal) (G1 Evacuation Pause)
[2025-05-21T12:35:12.781+0000][gc,task     ] GC(40) Using 10 workers of 10 for evacuation
[2025-05-21T12:35:12.785+0000][gc,phases   ] GC(40)   Pre Evacuate Collection Set: 0.3ms
[2025-05-21T12:35:12.785+0000][gc,phases   ] GC(40)   Merge Heap Roots: 0.2ms
[2025-05-21T12:35:12.785+0000][gc,phases   ] GC(40)   Evacuate Collection Set: 1.5ms
[2025-05-21T12:35:12.785+0000][gc,phases   ] GC(40)   Post Evacuate Collection Set: 0.9ms
[2025-05-21T12:35:12.785+0000][gc,phases   ] GC(40)   Other: 0.2ms
[2025-05-21T12:35:12.786+0000][gc,heap     ] GC(40) Eden regions: 604->0(610)
[2025-05-21T12:35:12.786+0000][gc,heap     ] GC(40) Survivor regions: 10->4(77)
[2025-05-21T12:35:12.786+0000][gc,heap     ] GC(40) Old regions: 26->26
[2025-05-21T12:35:12.786+0000][gc,heap     ] GC(40) Humongous regions: 131->131
[2025-05-21T12:35:12.786+0000][gc,metaspace] GC(40) Metaspace: 15711K(16256K)->15711K(16256K) NonClass: 13981K(14272K)->13981K(14272K) Class: 1729K(1984K)->1729K(1984K)
[2025-05-21T12:35:12.786+0000][gc          ] GC(40) Pause Young (Normal) (G1 Evacuation Pause) 770M->160M(1024M) 5.355ms
[2025-05-21T12:35:12.787+0000][gc,cpu      ] GC(40) User=0.02s Sys=0.00s Real=0.01s
[2025-05-21T12:35:37.923+0000][gc,start    ] GC(41) Pause Young (Normal) (G1 Evacuation Pause)
[2025-05-21T12:35:37.923+0000][gc,task     ] GC(41) Using 10 workers of 10 for evacuation
[2025-05-21T12:35:37.928+0000][gc,phases   ] GC(41)   Pre Evacuate Collection Set: 0.3ms
[2025-05-21T12:35:37.928+0000][gc,phases   ] GC(41)   Merge Heap Roots: 0.2ms
[2025-05-21T12:35:37.929+0000][gc,phases   ] GC(41)   Evacuate Collection Set: 2.8ms
[2025-05-21T12:35:37.929+0000][gc,phases   ] GC(41)   Post Evacuate Collection Set: 1.2ms
[2025-05-21T12:35:37.929+0000][gc,phases   ] GC(41)   Other: 0.4ms
[2025-05-21T12:35:37.929+0000][gc,heap     ] GC(41) Eden regions: 610->0(606)
[2025-05-21T12:35:37.929+0000][gc,heap     ] GC(41) Survivor regions: 4->8(77)
[2025-05-21T12:35:37.929+0000][gc,heap     ] GC(41) Old regions: 26->27
[2025-05-21T12:35:37.929+0000][gc,heap     ] GC(41) Humongous regions: 131->131
[2025-05-21T12:35:37.929+0000][gc,metaspace] GC(41) Metaspace: 15712K(16256K)->15712K(16256K) NonClass: 13982K(14272K)->13982K(14272K) Class: 1729K(1984K)->1729K(1984K)
[2025-05-21T12:35:37.930+0000][gc          ] GC(41) Pause Young (Normal) (G1 Evacuation Pause) 770M->164M(1024M) 6.713ms
[2025-05-21T12:35:37.930+0000][gc,cpu      ] GC(41) User=0.03s Sys=0.00s Real=0.01s
[2025-05-21T12:35:58.210+0000][gc,start    ] GC(42) Pause Young (Normal) (G1 Evacuation Pause)
[2025-05-21T12:35:58.211+0000][gc,task     ] GC(42) Using 10 workers of 10 for evacuation
[2025-05-21T12:35:58.216+0000][gc,phases   ] GC(42)   Pre Evacuate Collection Set: 0.5ms
[2025-05-21T12:35:58.217+0000][gc,phases   ] GC(42)   Merge Heap Roots: 0.2ms
[2025-05-21T12:35:58.217+0000][gc,phases   ] GC(42)   Evacuate Collection Set: 3.4ms
[2025-05-21T12:35:58.217+0000][gc,phases   ] GC(42)   Post Evacuate Collection Set: 1.3ms
[2025-05-21T12:35:58.217+0000][gc,phases   ] GC(42)   Other: 0.3ms
[2025-05-21T12:35:58.217+0000][gc,heap     ] GC(42) Eden regions: 606->0(604)
[2025-05-21T12:35:58.218+0000][gc,heap     ] GC(42) Survivor regions: 8->10(77)
[2025-05-21T12:35:58.218+0000][gc,heap     ] GC(42) Old regions: 27->27
[2025-05-21T12:35:58.218+0000][gc,heap     ] GC(42) Humongous regions: 131->131
[2025-05-21T12:35:58.218+0000][gc,metaspace] GC(42) Metaspace: 15714K(16256K)->15714K(16256K) NonClass: 13985K(14272K)->13985K(14272K) Class: 1729K(1984K)->1729K(1984K)
[2025-05-21T12:35:58.218+0000][gc          ] GC(42) Pause Young (Normal) (G1 Evacuation Pause) 770M->167M(1024M) 7.839ms
[2025-05-21T12:35:58.218+0000][gc,cpu      ] GC(42) User=0.03s Sys=0.00s Real=0.01s
[2025-05-21T12:36:18.442+0000][gc,start    ] GC(43) Pause Young (Normal) (G1 Evacuation Pause)
[2025-05-21T12:36:18.442+0000][gc,task     ] GC(43) Using 10 workers of 10 for evacuation
[2025-05-21T12:36:18.448+0000][gc,phases   ] GC(43)   Pre Evacuate Collection Set: 0.3ms
[2025-05-21T12:36:18.448+0000][gc,phases   ] GC(43)   Merge Heap Roots: 0.2ms
[2025-05-21T12:36:18.448+0000][gc,phases   ] GC(43)   Evacuate Collection Set: 4.0ms
[2025-05-21T12:36:18.449+0000][gc,phases   ] GC(43)   Post Evacuate Collection Set: 1.1ms
[2025-05-21T12:36:18.449+0000][gc,phases   ] GC(43)   Other: 0.3ms
[2025-05-21T12:36:18.449+0000][gc,heap     ] GC(43) Eden regions: 604->0(601)
[2025-05-21T12:36:18.449+0000][gc,heap     ] GC(43) Survivor regions: 10->13(77)
[2025-05-21T12:36:18.449+0000][gc,heap     ] GC(43) Old regions: 27->27
[2025-05-21T12:36:18.449+0000][gc,heap     ] GC(43) Humongous regions: 131->131
[2025-05-21T12:36:18.449+0000][gc,metaspace] GC(43) Metaspace: 15718K(16256K)->15718K(16256K) NonClass: 13988K(14272K)->13988K(14272K) Class: 1729K(1984K)->1729K(1984K)
[2025-05-21T12:36:18.450+0000][gc          ] GC(43) Pause Young (Normal) (G1 Evacuation Pause) 771M->169M(1024M) 7.757ms
[2025-05-21T12:36:18.450+0000][gc,cpu      ] GC(43) User=0.03s Sys=0.01s Real=0.01s
[2025-05-21T12:36:42.906+0000][gc,start    ] GC(44) Pause Young (Normal) (G1 Evacuation Pause)
[2025-05-21T12:36:42.906+0000][gc,task     ] GC(44) Using 10 workers of 10 for evacuation
[2025-05-21T12:36:42.910+0000][gc,phases   ] GC(44)   Pre Evacuate Collection Set: 0.4ms
[2025-05-21T12:36:42.911+0000][gc,phases   ] GC(44)   Merge Heap Roots: 0.2ms
[2025-05-21T12:36:42.911+0000][gc,phases   ] GC(44)   Evacuate Collection Set: 2.6ms
[2025-05-21T12:36:42.911+0000][gc,phases   ] GC(44)   Post Evacuate Collection Set: 0.9ms
[2025-05-21T12:36:42.911+0000][gc,phases   ] GC(44)   Other: 0.3ms
[2025-05-21T12:36:42.911+0000][gc,heap     ] GC(44) Eden regions: 601->0(607)
[2025-05-21T12:36:42.911+0000][gc,heap     ] GC(44) Survivor regions: 13->7(77)
[2025-05-21T12:36:42.911+0000][gc,heap     ] GC(44) Old regions: 27->27
[2025-05-21T12:36:42.912+0000][gc,heap     ] GC(44) Humongous regions: 131->131
[2025-05-21T12:36:42.912+0000][gc,metaspace] GC(44) Metaspace: 15930K(16384K)->15930K(16384K) NonClass: 14167K(14400K)->14167K(14400K) Class: 1763K(1984K)->1763K(1984K)
[2025-05-21T12:36:42.912+0000][gc          ] GC(44) Pause Young (Normal) (G1 Evacuation Pause) 770M->164M(1024M) 6.391ms
[2025-05-21T12:36:42.912+0000][gc,cpu      ] GC(44) User=0.02s Sys=0.01s Real=0.01s
[2025-05-21T12:37:07.956+0000][gc,start    ] GC(45) Pause Young (Normal) (G1 Evacuation Pause)
[2025-05-21T12:37:07.956+0000][gc,task     ] GC(45) Using 10 workers of 10 for evacuation
[2025-05-21T12:37:07.963+0000][gc,phases   ] GC(45)   Pre Evacuate Collection Set: 1.0ms
[2025-05-21T12:37:07.963+0000][gc,phases   ] GC(45)   Merge Heap Roots: 0.2ms
[2025-05-21T12:37:07.964+0000][gc,phases   ] GC(45)   Evacuate Collection Set: 3.7ms
[2025-05-21T12:37:07.964+0000][gc,phases   ] GC(45)   Post Evacuate Collection Set: 1.1ms
[2025-05-21T12:37:07.964+0000][gc,phases   ] GC(45)   Other: 1.0ms
[2025-05-21T12:37:07.964+0000][gc,heap     ] GC(45) Eden regions: 607->0(603)
[2025-05-21T12:37:07.964+0000][gc,heap     ] GC(45) Survivor regions: 7->11(77)
[2025-05-21T12:37:07.964+0000][gc,heap     ] GC(45) Old regions: 27->27
[2025-05-21T12:37:07.964+0000][gc,heap     ] GC(45) Humongous regions: 131->131
[2025-05-21T12:37:07.965+0000][gc,metaspace] GC(45) Metaspace: 15959K(16384K)->15959K(16384K) NonClass: 14194K(14400K)->14194K(14400K) Class: 1765K(1984K)->1765K(1984K)
[2025-05-21T12:37:07.965+0000][gc          ] GC(45) Pause Young (Normal) (G1 Evacuation Pause) 771M->168M(1024M) 9.146ms
[2025-05-21T12:37:07.965+0000][gc,cpu      ] GC(45) User=0.04s Sys=0.00s Real=0.01s
[2025-05-21T12:37:28.203+0000][gc,start    ] GC(46) Pause Young (Normal) (G1 Evacuation Pause)
[2025-05-21T12:37:28.204+0000][gc,task     ] GC(46) Using 10 workers of 10 for evacuation
[2025-05-21T12:37:28.209+0000][gc,phases   ] GC(46)   Pre Evacuate Collection Set: 0.4ms
[2025-05-21T12:37:28.209+0000][gc,phases   ] GC(46)   Merge Heap Roots: 0.2ms
[2025-05-21T12:37:28.209+0000][gc,phases   ] GC(46)   Evacuate Collection Set: 2.7ms
[2025-05-21T12:37:28.210+0000][gc,phases   ] GC(46)   Post Evacuate Collection Set: 0.9ms
[2025-05-21T12:37:28.210+0000][gc,phases   ] GC(46)   Other: 0.3ms
[2025-05-21T12:37:28.210+0000][gc,heap     ] GC(46) Eden regions: 603->0(606)
[2025-05-21T12:37:28.210+0000][gc,heap     ] GC(46) Survivor regions: 11->8(77)
[2025-05-21T12:37:28.210+0000][gc,heap     ] GC(46) Old regions: 27->27
[2025-05-21T12:37:28.210+0000][gc,heap     ] GC(46) Humongous regions: 131->131
[2025-05-21T12:37:28.210+0000][gc,metaspace] GC(46) Metaspace: 15962K(16384K)->15962K(16384K) NonClass: 14197K(14400K)->14197K(14400K) Class: 1765K(1984K)->1765K(1984K)
[2025-05-21T12:37:28.211+0000][gc          ] GC(46) Pause Young (Normal) (G1 Evacuation Pause) 771M->164M(1024M) 7.193ms
[2025-05-21T12:37:28.211+0000][gc,cpu      ] GC(46) User=0.02s Sys=0.00s Real=0.01s
[2025-05-21T12:37:49.470+0000][gc,start    ] GC(47) Pause Young (Normal) (G1 Evacuation Pause)
[2025-05-21T12:37:49.471+0000][gc,task     ] GC(47) Using 10 workers of 10 for evacuation
[2025-05-21T12:37:49.475+0000][gc,phases   ] GC(47)   Pre Evacuate Collection Set: 0.4ms
[2025-05-21T12:37:49.475+0000][gc,phases   ] GC(47)   Merge Heap Roots: 0.2ms
[2025-05-21T12:37:49.475+0000][gc,phases   ] GC(47)   Evacuate Collection Set: 2.2ms
[2025-05-21T12:37:49.476+0000][gc,phases   ] GC(47)   Post Evacuate Collection Set: 1.2ms
[2025-05-21T12:37:49.476+0000][gc,phases   ] GC(47)   Other: 0.3ms
[2025-05-21T12:37:49.476+0000][gc,heap     ] GC(47) Eden regions: 606->0(607)
[2025-05-21T12:37:49.476+0000][gc,heap     ] GC(47) Survivor regions: 8->7(77)
[2025-05-21T12:37:49.476+0000][gc,heap     ] GC(47) Old regions: 27->27
[2025-05-21T12:37:49.476+0000][gc,heap     ] GC(47) Humongous regions: 131->131
[2025-05-21T12:37:49.477+0000][gc,metaspace] GC(47) Metaspace: 15963K(16384K)->15963K(16384K) NonClass: 14198K(14400K)->14198K(14400K) Class: 1765K(1984K)->1765K(1984K)
[2025-05-21T12:37:49.477+0000][gc          ] GC(47) Pause Young (Normal) (G1 Evacuation Pause) 770M->163M(1024M) 6.487ms
[2025-05-21T12:37:49.477+0000][gc,cpu      ] GC(47) User=0.02s Sys=0.00s Real=0.00s
[2025-05-21T12:38:16.328+0000][gc,start    ] GC(48) Pause Young (Normal) (G1 Evacuation Pause)
[2025-05-21T12:38:16.328+0000][gc,task     ] GC(48) Using 10 workers of 10 for evacuation
[2025-05-21T12:38:16.333+0000][gc,phases   ] GC(48)   Pre Evacuate Collection Set: 0.3ms
[2025-05-21T12:38:16.334+0000][gc,phases   ] GC(48)   Merge Heap Roots: 0.2ms
[2025-05-21T12:38:16.334+0000][gc,phases   ] GC(48)   Evacuate Collection Set: 3.6ms
[2025-05-21T12:38:16.334+0000][gc,phases   ] GC(48)   Post Evacuate Collection Set: 1.0ms
[2025-05-21T12:38:16.334+0000][gc,phases   ] GC(48)   Other: 0.3ms
[2025-05-21T12:38:16.334+0000][gc,heap     ] GC(48) Eden regions: 607->0(602)
[2025-05-21T12:38:16.335+0000][gc,heap     ] GC(48) Survivor regions: 7->12(77)
[2025-05-21T12:38:16.335+0000][gc,heap     ] GC(48) Old regions: 27->27
[2025-05-21T12:38:16.335+0000][gc,heap     ] GC(48) Humongous regions: 131->131
[2025-05-21T12:38:16.335+0000][gc,metaspace] GC(48) Metaspace: 15965K(16384K)->15965K(16384K) NonClass: 14200K(14400K)->14200K(14400K) Class: 1765K(1984K)->1765K(1984K)
[2025-05-21T12:38:16.335+0000][gc          ] GC(48) Pause Young (Normal) (G1 Evacuation Pause) 770M->168M(1024M) 7.591ms
[2025-05-21T12:38:16.335+0000][gc,cpu      ] GC(48) User=0.03s Sys=0.01s Real=0.00s
[2025-05-21T12:38:38.078+0000][gc,start    ] GC(49) Pause Young (Normal) (G1 Evacuation Pause)
[2025-05-21T12:38:38.078+0000][gc,task     ] GC(49) Using 10 workers of 10 for evacuation
[2025-05-21T12:38:38.085+0000][gc,phases   ] GC(49)   Pre Evacuate Collection Set: 0.3ms
[2025-05-21T12:38:38.085+0000][gc,phases   ] GC(49)   Merge Heap Roots: 0.2ms
[2025-05-21T12:38:38.085+0000][gc,phases   ] GC(49)   Evacuate Collection Set: 4.6ms
[2025-05-21T12:38:38.085+0000][gc,phases   ] GC(49)   Post Evacuate Collection Set: 1.4ms
[2025-05-21T12:38:38.086+0000][gc,phases   ] GC(49)   Other: 0.3ms
[2025-05-21T12:38:38.086+0000][gc,heap     ] GC(49) Eden regions: 602->0(599)
[2025-05-21T12:38:38.086+0000][gc,heap     ] GC(49) Survivor regions: 12->15(77)
[2025-05-21T12:38:38.086+0000][gc,heap     ] GC(49) Old regions: 27->27
[2025-05-21T12:38:38.086+0000][gc,heap     ] GC(49) Humongous regions: 131->131
[2025-05-21T12:38:38.086+0000][gc,metaspace] GC(49) Metaspace: 15965K(16384K)->15965K(16384K) NonClass: 14200K(14400K)->14200K(14400K) Class: 1765K(1984K)->1765K(1984K)
[2025-05-21T12:38:38.087+0000][gc          ] GC(49) Pause Young (Normal) (G1 Evacuation Pause) 770M->171M(1024M) 8.826ms
[2025-05-21T12:38:38.087+0000][gc,cpu      ] GC(49) User=0.04s Sys=0.01s Real=0.01s
[2025-05-21T12:38:58.327+0000][gc,start    ] GC(50) Pause Young (Normal) (G1 Evacuation Pause)
[2025-05-21T12:38:58.327+0000][gc,task     ] GC(50) Using 10 workers of 10 for evacuation
[2025-05-21T12:38:58.332+0000][gc,phases   ] GC(50)   Pre Evacuate Collection Set: 0.4ms
[2025-05-21T12:38:58.333+0000][gc,phases   ] GC(50)   Merge Heap Roots: 0.2ms
[2025-05-21T12:38:58.333+0000][gc,phases   ] GC(50)   Evacuate Collection Set: 3.3ms
[2025-05-21T12:38:58.333+0000][gc,phases   ] GC(50)   Post Evacuate Collection Set: 1.2ms
[2025-05-21T12:38:58.333+0000][gc,phases   ] GC(50)   Other: 0.2ms
[2025-05-21T12:38:58.333+0000][gc,heap     ] GC(50) Eden regions: 599->0(602)
[2025-05-21T12:38:58.333+0000][gc,heap     ] GC(50) Survivor regions: 15->12(77)
[2025-05-21T12:38:58.334+0000][gc,heap     ] GC(50) Old regions: 27->27
[2025-05-21T12:38:58.334+0000][gc,heap     ] GC(50) Humongous regions: 131->131
[2025-05-21T12:38:58.334+0000][gc,metaspace] GC(50) Metaspace: 15966K(16384K)->15966K(16384K) NonClass: 14201K(14400K)->14201K(14400K) Class: 1765K(1984K)->1765K(1984K)
[2025-05-21T12:38:58.334+0000][gc          ] GC(50) Pause Young (Normal) (G1 Evacuation Pause) 770M->168M(1024M) 7.345ms
[2025-05-21T12:38:58.334+0000][gc,cpu      ] GC(50) User=0.02s Sys=0.01s Real=0.00s
[2025-05-21T12:39:21.523+0000][gc,start    ] GC(51) Pause Young (Normal) (G1 Evacuation Pause)
[2025-05-21T12:39:21.524+0000][gc,task     ] GC(51) Using 10 workers of 10 for evacuation
[2025-05-21T12:39:21.529+0000][gc,phases   ] GC(51)   Pre Evacuate Collection Set: 0.5ms
[2025-05-21T12:39:21.529+0000][gc,phases   ] GC(51)   Merge Heap Roots: 0.2ms
[2025-05-21T12:39:21.529+0000][gc,phases   ] GC(51)   Evacuate Collection Set: 3.2ms
[2025-05-21T12:39:21.529+0000][gc,phases   ] GC(51)   Post Evacuate Collection Set: 1.0ms
[2025-05-21T12:39:21.530+0000][gc,phases   ] GC(51)   Other: 0.3ms
[2025-05-21T12:39:21.530+0000][gc,heap     ] GC(51) Eden regions: 602->0(603)
[2025-05-21T12:39:21.530+0000][gc,heap     ] GC(51) Survivor regions: 12->11(77)
[2025-05-21T12:39:21.530+0000][gc,heap     ] GC(51) Old regions: 27->27
[2025-05-21T12:39:21.530+0000][gc,heap     ] GC(51) Humongous regions: 131->131
[2025-05-21T12:39:21.531+0000][gc,metaspace] GC(51) Metaspace: 15970K(16384K)->15970K(16384K) NonClass: 14205K(14400K)->14205K(14400K) Class: 1765K(1984K)->1765K(1984K)
[2025-05-21T12:39:21.531+0000][gc          ] GC(51) Pause Young (Normal) (G1 Evacuation Pause) 770M->168M(1024M) 7.305ms
[2025-05-21T12:39:21.531+0000][gc,cpu      ] GC(51) User=0.03s Sys=0.00s Real=0.01s
[2025-05-21T12:39:47.747+0000][gc,start    ] GC(52) Pause Young (Normal) (G1 Evacuation Pause)
[2025-05-21T12:39:47.747+0000][gc,task     ] GC(52) Using 10 workers of 10 for evacuation
[2025-05-21T12:39:47.754+0000][gc,phases   ] GC(52)   Pre Evacuate Collection Set: 0.3ms
[2025-05-21T12:39:47.755+0000][gc,phases   ] GC(52)   Merge Heap Roots: 0.3ms
[2025-05-21T12:39:47.755+0000][gc,phases   ] GC(52)   Evacuate Collection Set: 5.0ms
[2025-05-21T12:39:47.755+0000][gc,phases   ] GC(52)   Post Evacuate Collection Set: 1.0ms
[2025-05-21T12:39:47.755+0000][gc,phases   ] GC(52)   Other: 0.3ms
[2025-05-21T12:39:47.755+0000][gc,heap     ] GC(52) Eden regions: 603->0(598)
[2025-05-21T12:39:47.755+0000][gc,heap     ] GC(52) Survivor regions: 11->16(77)
[2025-05-21T12:39:47.755+0000][gc,heap     ] GC(52) Old regions: 27->27
[2025-05-21T12:39:47.756+0000][gc,heap     ] GC(52) Humongous regions: 131->131
[2025-05-21T12:39:47.756+0000][gc,metaspace] GC(52) Metaspace: 15970K(16384K)->15970K(16384K) NonClass: 14205K(14400K)->14205K(14400K) Class: 1765K(1984K)->1765K(1984K)
[2025-05-21T12:39:47.756+0000][gc          ] GC(52) Pause Young (Normal) (G1 Evacuation Pause) 771M->173M(1024M) 8.876ms
[2025-05-21T12:39:47.756+0000][gc,cpu      ] GC(52) User=0.05s Sys=0.00s Real=0.01s
[2025-05-21T12:40:08.144+0000][gc,start    ] GC(53) Pause Young (Normal) (G1 Evacuation Pause)
[2025-05-21T12:40:08.144+0000][gc,task     ] GC(53) Using 10 workers of 10 for evacuation
[2025-05-21T12:40:08.150+0000][gc,phases   ] GC(53)   Pre Evacuate Collection Set: 0.4ms
[2025-05-21T12:40:08.150+0000][gc,phases   ] GC(53)   Merge Heap Roots: 0.2ms
[2025-05-21T12:40:08.150+0000][gc,phases   ] GC(53)   Evacuate Collection Set: 3.6ms
[2025-05-21T12:40:08.150+0000][gc,phases   ] GC(53)   Post Evacuate Collection Set: 1.2ms
[2025-05-21T12:40:08.150+0000][gc,phases   ] GC(53)   Other: 0.3ms
[2025-05-21T12:40:08.151+0000][gc,heap     ] GC(53) Eden regions: 598->0(601)
[2025-05-21T12:40:08.151+0000][gc,heap     ] GC(53) Survivor regions: 16->13(77)
[2025-05-21T12:40:08.151+0000][gc,heap     ] GC(53) Old regions: 27->27
[2025-05-21T12:40:08.151+0000][gc,heap     ] GC(53) Humongous regions: 131->131
[2025-05-21T12:40:08.151+0000][gc,metaspace] GC(53) Metaspace: 15970K(16384K)->15970K(16384K) NonClass: 14205K(14400K)->14205K(14400K) Class: 1765K(1984K)->1765K(1984K)
[2025-05-21T12:40:08.151+0000][gc          ] GC(53) Pause Young (Normal) (G1 Evacuation Pause) 771M->170M(1024M) 7.807ms
[2025-05-21T12:40:08.152+0000][gc,cpu      ] GC(53) User=0.03s Sys=0.01s Real=0.00s
[2025-05-21T12:40:28.363+0000][gc,start    ] GC(54) Pause Young (Normal) (G1 Evacuation Pause)
[2025-05-21T12:40:28.363+0000][gc,task     ] GC(54) Using 10 workers of 10 for evacuation
[2025-05-21T12:40:28.370+0000][gc,phases   ] GC(54)   Pre Evacuate Collection Set: 0.3ms
[2025-05-21T12:40:28.370+0000][gc,phases   ] GC(54)   Merge Heap Roots: 0.2ms
[2025-05-21T12:40:28.370+0000][gc,phases   ] GC(54)   Evacuate Collection Set: 4.8ms
[2025-05-21T12:40:28.370+0000][gc,phases   ] GC(54)   Post Evacuate Collection Set: 1.2ms
[2025-05-21T12:40:28.370+0000][gc,phases   ] GC(54)   Other: 0.3ms
[2025-05-21T12:40:28.371+0000][gc,heap     ] GC(54) Eden regions: 601->0(599)
[2025-05-21T12:40:28.371+0000][gc,heap     ] GC(54) Survivor regions: 13->15(77)
[2025-05-21T12:40:28.371+0000][gc,heap     ] GC(54) Old regions: 27->28
[2025-05-21T12:40:28.371+0000][gc,heap     ] GC(54) Humongous regions: 131->131
[2025-05-21T12:40:28.372+0000][gc,metaspace] GC(54) Metaspace: 15970K(16384K)->15970K(16384K) NonClass: 14205K(14400K)->14205K(14400K) Class: 1765K(1984K)->1765K(1984K)
[2025-05-21T12:40:28.372+0000][gc          ] GC(54) Pause Young (Normal) (G1 Evacuation Pause) 771M->173M(1024M) 9.164ms
[2025-05-21T12:40:28.372+0000][gc,cpu      ] GC(54) User=0.04s Sys=0.01s Real=0.01s
[2025-05-21T12:40:52.805+0000][gc,start    ] GC(55) Pause Young (Normal) (G1 Evacuation Pause)
[2025-05-21T12:40:52.806+0000][gc,task     ] GC(55) Using 10 workers of 10 for evacuation
[2025-05-21T12:40:52.812+0000][gc,phases   ] GC(55)   Pre Evacuate Collection Set: 0.3ms
[2025-05-21T12:40:52.812+0000][gc,phases   ] GC(55)   Merge Heap Roots: 0.2ms
[2025-05-21T12:40:52.812+0000][gc,phases   ] GC(55)   Evacuate Collection Set: 4.1ms
[2025-05-21T12:40:52.812+0000][gc,phases   ] GC(55)   Post Evacuate Collection Set: 1.0ms
[2025-05-21T12:40:52.812+0000][gc,phases   ] GC(55)   Other: 0.3ms
[2025-05-21T12:40:52.812+0000][gc,heap     ] GC(55) Eden regions: 599->0(599)
[2025-05-21T12:40:52.813+0000][gc,heap     ] GC(55) Survivor regions: 15->15(77)
[2025-05-21T12:40:52.813+0000][gc,heap     ] GC(55) Old regions: 28->28
[2025-05-21T12:40:52.813+0000][gc,heap     ] GC(55) Humongous regions: 131->131
[2025-05-21T12:40:52.813+0000][gc,metaspace] GC(55) Metaspace: 15979K(16384K)->15979K(16384K) NonClass: 14214K(14400K)->14214K(14400K) Class: 1765K(1984K)->1765K(1984K)
[2025-05-21T12:40:52.813+0000][gc          ] GC(55) Pause Young (Normal) (G1 Evacuation Pause) 772M->172M(1024M) 7.908ms
[2025-05-21T12:40:52.813+0000][gc,cpu      ] GC(55) User=0.05s Sys=0.00s Real=0.01s
[2025-05-21T12:41:17.898+0000][gc,start    ] GC(56) Pause Young (Normal) (G1 Evacuation Pause)
[2025-05-21T12:41:17.898+0000][gc,task     ] GC(56) Using 10 workers of 10 for evacuation
[2025-05-21T12:41:17.904+0000][gc,phases   ] GC(56)   Pre Evacuate Collection Set: 0.3ms
[2025-05-21T12:41:17.904+0000][gc,phases   ] GC(56)   Merge Heap Roots: 0.2ms
[2025-05-21T12:41:17.904+0000][gc,phases   ] GC(56)   Evacuate Collection Set: 3.5ms
[2025-05-21T12:41:17.904+0000][gc,phases   ] GC(56)   Post Evacuate Collection Set: 1.2ms
[2025-05-21T12:41:17.904+0000][gc,phases   ] GC(56)   Other: 0.4ms
[2025-05-21T12:41:17.905+0000][gc,heap     ] GC(56) Eden regions: 599->0(601)
[2025-05-21T12:41:17.905+0000][gc,heap     ] GC(56) Survivor regions: 15->13(77)
[2025-05-21T12:41:17.905+0000][gc,heap     ] GC(56) Old regions: 28->28
[2025-05-21T12:41:17.905+0000][gc,heap     ] GC(56) Humongous regions: 131->131
[2025-05-21T12:41:17.905+0000][gc,metaspace] GC(56) Metaspace: 15988K(16384K)->15988K(16384K) NonClass: 14223K(14400K)->14223K(14400K) Class: 1765K(1984K)->1765K(1984K)
[2025-05-21T12:41:17.908+0000][gc          ] GC(56) Pause Young (Normal) (G1 Evacuation Pause) 771M->171M(1024M) 10.663ms
[2025-05-21T12:41:17.909+0000][gc,cpu      ] GC(56) User=0.03s Sys=0.00s Real=0.02s
[2025-05-21T12:41:38.143+0000][gc,start    ] GC(57) Pause Young (Normal) (G1 Evacuation Pause)
[2025-05-21T12:41:38.144+0000][gc,task     ] GC(57) Using 10 workers of 10 for evacuation
[2025-05-21T12:41:38.152+0000][gc,phases   ] GC(57)   Pre Evacuate Collection Set: 0.4ms
[2025-05-21T12:41:38.152+0000][gc,phases   ] GC(57)   Merge Heap Roots: 0.2ms
[2025-05-21T12:41:38.153+0000][gc,phases   ] GC(57)   Evacuate Collection Set: 6.8ms
[2025-05-21T12:41:38.153+0000][gc,phases   ] GC(57)   Post Evacuate Collection Set: 1.0ms
[2025-05-21T12:41:38.153+0000][gc,phases   ] GC(57)   Other: 0.3ms
[2025-05-21T12:41:38.153+0000][gc,heap     ] GC(57) Eden regions: 601->0(598)
[2025-05-21T12:41:38.153+0000][gc,heap     ] GC(57) Survivor regions: 13->16(77)
[2025-05-21T12:41:38.153+0000][gc,heap     ] GC(57) Old regions: 28->29
[2025-05-21T12:41:38.154+0000][gc,heap     ] GC(57) Humongous regions: 131->131
[2025-05-21T12:41:38.154+0000][gc,metaspace] GC(57) Metaspace: 15995K(16384K)->15995K(16384K) NonClass: 14230K(14400K)->14230K(14400K) Class: 1765K(1984K)->1765K(1984K)
[2025-05-21T12:41:38.154+0000][gc          ] GC(57) Pause Young (Normal) (G1 Evacuation Pause) 772M->174M(1024M) 10.741ms
[2025-05-21T12:41:38.155+0000][gc,cpu      ] GC(57) User=0.00s Sys=0.07s Real=0.01s
[2025-05-21T12:41:58.516+0000][gc,start    ] GC(58) Pause Young (Normal) (G1 Evacuation Pause)
[2025-05-21T12:41:58.516+0000][gc,task     ] GC(58) Using 10 workers of 10 for evacuation
[2025-05-21T12:41:58.525+0000][gc,phases   ] GC(58)   Pre Evacuate Collection Set: 0.3ms
[2025-05-21T12:41:58.525+0000][gc,phases   ] GC(58)   Merge Heap Roots: 0.3ms
[2025-05-21T12:41:58.525+0000][gc,phases   ] GC(58)   Evacuate Collection Set: 5.9ms
[2025-05-21T12:41:58.525+0000][gc,phases   ] GC(58)   Post Evacuate Collection Set: 1.2ms
[2025-05-21T12:41:58.525+0000][gc,phases   ] GC(58)   Other: 0.4ms
[2025-05-21T12:41:58.526+0000][gc,heap     ] GC(58) Eden regions: 598->0(597)
[2025-05-21T12:41:58.526+0000][gc,heap     ] GC(58) Survivor regions: 16->17(77)
[2025-05-21T12:41:58.526+0000][gc,heap     ] GC(58) Old regions: 29->29
[2025-05-21T12:41:58.526+0000][gc,heap     ] GC(58) Humongous regions: 131->131
[2025-05-21T12:41:58.527+0000][gc,metaspace] GC(58) Metaspace: 15996K(16384K)->15996K(16384K) NonClass: 14231K(14400K)->14231K(14400K) Class: 1765K(1984K)->1765K(1984K)
[2025-05-21T12:41:58.527+0000][gc          ] GC(58) Pause Young (Normal) (G1 Evacuation Pause) 772M->176M(1024M) 11.184ms
[2025-05-21T12:41:58.527+0000][gc,cpu      ] GC(58) User=0.05s Sys=0.01s Real=0.02s
[2025-05-21T12:42:23.562+0000][gc,start    ] GC(59) Pause Young (Normal) (G1 Evacuation Pause)
[2025-05-21T12:42:23.562+0000][gc,task     ] GC(59) Using 10 workers of 10 for evacuation
[2025-05-21T12:42:23.570+0000][gc,phases   ] GC(59)   Pre Evacuate Collection Set: 0.3ms
[2025-05-21T12:42:23.570+0000][gc,phases   ] GC(59)   Merge Heap Roots: 0.2ms
[2025-05-21T12:42:23.570+0000][gc,phases   ] GC(59)   Evacuate Collection Set: 5.2ms
[2025-05-21T12:42:23.570+0000][gc,phases   ] GC(59)   Post Evacuate Collection Set: 1.3ms
[2025-05-21T12:42:23.570+0000][gc,phases   ] GC(59)   Other: 0.3ms
[2025-05-21T12:42:23.571+0000][gc,heap     ] GC(59) Eden regions: 597->0(598)
[2025-05-21T12:42:23.571+0000][gc,heap     ] GC(59) Survivor regions: 17->16(77)
[2025-05-21T12:42:23.571+0000][gc,heap     ] GC(59) Old regions: 29->30
[2025-05-21T12:42:23.571+0000][gc,heap     ] GC(59) Humongous regions: 131->131
[2025-05-21T12:42:23.571+0000][gc,metaspace] GC(59) Metaspace: 15996K(16384K)->15996K(16384K) NonClass: 14231K(14400K)->14231K(14400K) Class: 1765K(1984K)->1765K(1984K)
[2025-05-21T12:42:23.571+0000][gc          ] GC(59) Pause Young (Normal) (G1 Evacuation Pause) 773M->176M(1024M) 9.534ms
[2025-05-21T12:42:23.572+0000][gc,cpu      ] GC(59) User=0.05s Sys=0.00s Real=0.01s
[2025-05-21T12:42:47.923+0000][gc,start    ] GC(60) Pause Young (Normal) (G1 Evacuation Pause)
[2025-05-21T12:42:47.924+0000][gc,task     ] GC(60) Using 10 workers of 10 for evacuation
[2025-05-21T12:42:47.932+0000][gc,phases   ] GC(60)   Pre Evacuate Collection Set: 0.4ms
[2025-05-21T12:42:47.933+0000][gc,phases   ] GC(60)   Merge Heap Roots: 0.2ms
[2025-05-21T12:42:47.933+0000][gc,phases   ] GC(60)   Evacuate Collection Set: 6.8ms
[2025-05-21T12:42:47.933+0000][gc,phases   ] GC(60)   Post Evacuate Collection Set: 1.1ms
[2025-05-21T12:42:47.933+0000][gc,phases   ] GC(60)   Other: 0.3ms
[2025-05-21T12:42:47.933+0000][gc,heap     ] GC(60) Eden regions: 598->0(600)
[2025-05-21T12:42:47.934+0000][gc,heap     ] GC(60) Survivor regions: 16->14(77)
[2025-05-21T12:42:47.934+0000][gc,heap     ] GC(60) Old regions: 30->31
[2025-05-21T12:42:47.934+0000][gc,heap     ] GC(60) Humongous regions: 131->131
[2025-05-21T12:42:47.934+0000][gc,metaspace] GC(60) Metaspace: 15999K(16384K)->15999K(16384K) NonClass: 14234K(14400K)->14234K(14400K) Class: 1765K(1984K)->1765K(1984K)
[2025-05-21T12:42:47.934+0000][gc          ] GC(60) Pause Young (Normal) (G1 Evacuation Pause) 774M->175M(1024M) 10.752ms
[2025-05-21T12:42:47.934+0000][gc,cpu      ] GC(60) User=0.05s Sys=0.02s Real=0.02s
[2025-05-21T12:43:08.224+0000][gc,start    ] GC(61) Pause Young (Normal) (G1 Evacuation Pause)
[2025-05-21T12:43:08.225+0000][gc,task     ] GC(61) Using 10 workers of 10 for evacuation
[2025-05-21T12:43:08.232+0000][gc,phases   ] GC(61)   Pre Evacuate Collection Set: 0.4ms
[2025-05-21T12:43:08.232+0000][gc,phases   ] GC(61)   Merge Heap Roots: 0.2ms
[2025-05-21T12:43:08.233+0000][gc,phases   ] GC(61)   Evacuate Collection Set: 5.2ms
[2025-05-21T12:43:08.233+0000][gc,phases   ] GC(61)   Post Evacuate Collection Set: 1.2ms
[2025-05-21T12:43:08.233+0000][gc,phases   ] GC(61)   Other: 0.4ms
[2025-05-21T12:43:08.233+0000][gc,heap     ] GC(61) Eden regions: 600->0(598)
[2025-05-21T12:43:08.233+0000][gc,heap     ] GC(61) Survivor regions: 14->16(77)
[2025-05-21T12:43:08.233+0000][gc,heap     ] GC(61) Old regions: 31->32
[2025-05-21T12:43:08.234+0000][gc,heap     ] GC(61) Humongous regions: 131->131
[2025-05-21T12:43:08.234+0000][gc,metaspace] GC(61) Metaspace: 16000K(16384K)->16000K(16384K) NonClass: 14234K(14400K)->14234K(14400K) Class: 1765K(1984K)->1765K(1984K)
[2025-05-21T12:43:08.234+0000][gc          ] GC(61) Pause Young (Normal) (G1 Evacuation Pause) 775M->177M(1024M) 9.714ms
[2025-05-21T12:43:08.234+0000][gc,cpu      ] GC(61) User=0.04s Sys=0.01s Real=0.01s
[2025-05-21T12:43:28.423+0000][gc,start    ] GC(62) Pause Young (Normal) (G1 Evacuation Pause)
[2025-05-21T12:43:28.423+0000][gc,task     ] GC(62) Using 10 workers of 10 for evacuation
[2025-05-21T12:43:28.430+0000][gc,phases   ] GC(62)   Pre Evacuate Collection Set: 0.3ms
[2025-05-21T12:43:28.431+0000][gc,phases   ] GC(62)   Merge Heap Roots: 0.2ms
[2025-05-21T12:43:28.431+0000][gc,phases   ] GC(62)   Evacuate Collection Set: 5.6ms
[2025-05-21T12:43:28.431+0000][gc,phases   ] GC(62)   Post Evacuate Collection Set: 1.1ms
[2025-05-21T12:43:28.431+0000][gc,phases   ] GC(62)   Other: 0.3ms
[2025-05-21T12:43:28.431+0000][gc,heap     ] GC(62) Eden regions: 598->0(596)
[2025-05-21T12:43:28.431+0000][gc,heap     ] GC(62) Survivor regions: 16->18(77)
[2025-05-21T12:43:28.431+0000][gc,heap     ] GC(62) Old regions: 32->32
[2025-05-21T12:43:28.432+0000][gc,heap     ] GC(62) Humongous regions: 131->131
[2025-05-21T12:43:28.432+0000][gc,metaspace] GC(62) Metaspace: 16002K(16384K)->16002K(16384K) NonClass: 14237K(14400K)->14237K(14400K) Class: 1765K(1984K)->1765K(1984K)
[2025-05-21T12:43:28.432+0000][gc          ] GC(62) Pause Young (Normal) (G1 Evacuation Pause) 775M->180M(1024M) 9.345ms
[2025-05-21T12:43:28.432+0000][gc,cpu      ] GC(62) User=0.04s Sys=0.01s Real=0.00s
[2025-05-21T12:43:53.048+0000][gc,start    ] GC(63) Pause Young (Normal) (G1 Evacuation Pause)
[2025-05-21T12:43:53.048+0000][gc,task     ] GC(63) Using 10 workers of 10 for evacuation
[2025-05-21T12:43:53.055+0000][gc,phases   ] GC(63)   Pre Evacuate Collection Set: 0.3ms
[2025-05-21T12:43:53.056+0000][gc,phases   ] GC(63)   Merge Heap Roots: 0.2ms
[2025-05-21T12:43:53.056+0000][gc,phases   ] GC(63)   Evacuate Collection Set: 5.8ms
[2025-05-21T12:43:53.056+0000][gc,phases   ] GC(63)   Post Evacuate Collection Set: 1.0ms
[2025-05-21T12:43:53.056+0000][gc,phases   ] GC(63)   Other: 0.3ms
[2025-05-21T12:43:53.056+0000][gc,heap     ] GC(63) Eden regions: 596->0(597)
[2025-05-21T12:43:53.057+0000][gc,heap     ] GC(63) Survivor regions: 18->17(77)
[2025-05-21T12:43:53.057+0000][gc,heap     ] GC(63) Old regions: 32->33
[2025-05-21T12:43:53.057+0000][gc,heap     ] GC(63) Humongous regions: 131->131
[2025-05-21T12:43:53.057+0000][gc,metaspace] GC(63) Metaspace: 16021K(16384K)->16021K(16384K) NonClass: 14255K(14400K)->14255K(14400K) Class: 1765K(1984K)->1765K(1984K)
[2025-05-21T12:43:53.057+0000][gc          ] GC(63) Pause Young (Normal) (G1 Evacuation Pause) 776M->180M(1024M) 9.799ms
[2025-05-21T12:43:53.058+0000][gc,cpu      ] GC(63) User=0.06s Sys=0.01s Real=0.01s
[2025-05-21T12:44:17.886+0000][gc,start    ] GC(64) Pause Young (Normal) (G1 Evacuation Pause)
[2025-05-21T12:44:17.886+0000][gc,task     ] GC(64) Using 10 workers of 10 for evacuation
[2025-05-21T12:44:17.893+0000][gc,phases   ] GC(64)   Pre Evacuate Collection Set: 0.3ms
[2025-05-21T12:44:17.893+0000][gc,phases   ] GC(64)   Merge Heap Roots: 0.2ms
[2025-05-21T12:44:17.893+0000][gc,phases   ] GC(64)   Evacuate Collection Set: 4.6ms
[2025-05-21T12:44:17.893+0000][gc,phases   ] GC(64)   Post Evacuate Collection Set: 1.2ms
[2025-05-21T12:44:17.894+0000][gc,phases   ] GC(64)   Other: 0.3ms
[2025-05-21T12:44:17.894+0000][gc,heap     ] GC(64) Eden regions: 597->0(600)
[2025-05-21T12:44:17.894+0000][gc,heap     ] GC(64) Survivor regions: 17->14(77)
[2025-05-21T12:44:17.894+0000][gc,heap     ] GC(64) Old regions: 33->34
[2025-05-21T12:44:17.894+0000][gc,heap     ] GC(64) Humongous regions: 131->131
[2025-05-21T12:44:17.895+0000][gc,metaspace] GC(64) Metaspace: 16021K(16384K)->16021K(16384K) NonClass: 14255K(14400K)->14255K(14400K) Class: 1765K(1984K)->1765K(1984K)
[2025-05-21T12:44:17.895+0000][gc          ] GC(64) Pause Young (Normal) (G1 Evacuation Pause) 777M->178M(1024M) 8.783ms
[2025-05-21T12:44:17.895+0000][gc,cpu      ] GC(64) User=0.04s Sys=0.00s Real=0.01s
[2025-05-21T12:44:38.123+0000][gc,start    ] GC(65) Pause Young (Normal) (G1 Evacuation Pause)
[2025-05-21T12:44:38.123+0000][gc,task     ] GC(65) Using 10 workers of 10 for evacuation
[2025-05-21T12:44:38.131+0000][gc,phases   ] GC(65)   Pre Evacuate Collection Set: 0.3ms
[2025-05-21T12:44:38.131+0000][gc,phases   ] GC(65)   Merge Heap Roots: 0.2ms
[2025-05-21T12:44:38.132+0000][gc,phases   ] GC(65)   Evacuate Collection Set: 6.0ms
[2025-05-21T12:44:38.132+0000][gc,phases   ] GC(65)   Post Evacuate Collection Set: 1.0ms
[2025-05-21T12:44:38.132+0000][gc,phases   ] GC(65)   Other: 0.3ms
[2025-05-21T12:44:38.132+0000][gc,heap     ] GC(65) Eden regions: 600->0(597)
[2025-05-21T12:44:38.132+0000][gc,heap     ] GC(65) Survivor regions: 14->17(77)
[2025-05-21T12:44:38.133+0000][gc,heap     ] GC(65) Old regions: 34->35
[2025-05-21T12:44:38.133+0000][gc,heap     ] GC(65) Humongous regions: 131->131
[2025-05-21T12:44:38.133+0000][gc,metaspace] GC(65) Metaspace: 16021K(16384K)->16021K(16384K) NonClass: 14255K(14400K)->14255K(14400K) Class: 1765K(1984K)->1765K(1984K)
[2025-05-21T12:44:38.133+0000][gc          ] GC(65) Pause Young (Normal) (G1 Evacuation Pause) 778M->181M(1024M) 9.805ms
[2025-05-21T12:44:38.133+0000][gc,cpu      ] GC(65) User=0.06s Sys=0.00s Real=0.01s
[2025-05-21T12:44:58.367+0000][gc,start    ] GC(66) Pause Young (Normal) (G1 Evacuation Pause)
[2025-05-21T12:44:58.368+0000][gc,task     ] GC(66) Using 10 workers of 10 for evacuation
[2025-05-21T12:44:58.377+0000][gc,phases   ] GC(66)   Pre Evacuate Collection Set: 0.7ms
[2025-05-21T12:44:58.377+0000][gc,phases   ] GC(66)   Merge Heap Roots: 0.2ms
[2025-05-21T12:44:58.378+0000][gc,phases   ] GC(66)   Evacuate Collection Set: 7.2ms
[2025-05-21T12:44:58.378+0000][gc,phases   ] GC(66)   Post Evacuate Collection Set: 1.1ms
[2025-05-21T12:44:58.378+0000][gc,phases   ] GC(66)   Other: 0.3ms
[2025-05-21T12:44:58.378+0000][gc,heap     ] GC(66) Eden regions: 597->0(596)
[2025-05-21T12:44:58.378+0000][gc,heap     ] GC(66) Survivor regions: 17->18(77)
[2025-05-21T12:44:58.379+0000][gc,heap     ] GC(66) Old regions: 35->36
[2025-05-21T12:44:58.379+0000][gc,heap     ] GC(66) Humongous regions: 131->131
[2025-05-21T12:44:58.379+0000][gc,metaspace] GC(66) Metaspace: 16023K(16384K)->16023K(16384K) NonClass: 14258K(14400K)->14258K(14400K) Class: 1765K(1984K)->1765K(1984K)
[2025-05-21T12:44:58.379+0000][gc          ] GC(66) Pause Young (Normal) (G1 Evacuation Pause) 778M->183M(1024M) 11.952ms
[2025-05-21T12:44:58.379+0000][gc,cpu      ] GC(66) User=0.05s Sys=0.02s Real=0.02s
[2025-05-21T12:45:20.419+0000][gc,start    ] GC(67) Pause Young (Normal) (G1 Evacuation Pause)
[2025-05-21T12:45:20.419+0000][gc,task     ] GC(67) Using 10 workers of 10 for evacuation
[2025-05-21T12:45:20.428+0000][gc,phases   ] GC(67)   Pre Evacuate Collection Set: 0.3ms
[2025-05-21T12:45:20.429+0000][gc,phases   ] GC(67)   Merge Heap Roots: 0.2ms
[2025-05-21T12:45:20.429+0000][gc,phases   ] GC(67)   Evacuate Collection Set: 7.5ms
[2025-05-21T12:45:20.429+0000][gc,phases   ] GC(67)   Post Evacuate Collection Set: 1.0ms
[2025-05-21T12:45:20.429+0000][gc,phases   ] GC(67)   Other: 0.3ms
[2025-05-21T12:45:20.429+0000][gc,heap     ] GC(67) Eden regions: 596->0(597)
[2025-05-21T12:45:20.429+0000][gc,heap     ] GC(67) Survivor regions: 18->17(77)
[2025-05-21T12:45:20.429+0000][gc,heap     ] GC(67) Old regions: 36->37
[2025-05-21T12:45:20.430+0000][gc,heap     ] GC(67) Humongous regions: 131->131
[2025-05-21T12:45:20.430+0000][gc,metaspace] GC(67) Metaspace: 16026K(16384K)->16026K(16384K) NonClass: 14260K(14400K)->14260K(14400K) Class: 1765K(1984K)->1765K(1984K)
[2025-05-21T12:45:20.430+0000][gc          ] GC(67) Pause Young (Normal) (G1 Evacuation Pause) 779M->184M(1024M) 11.140ms
[2025-05-21T12:45:20.430+0000][gc,cpu      ] GC(67) User=0.08s Sys=0.00s Real=0.01s
[2025-05-21T12:45:44.951+0000][gc,start    ] GC(68) Pause Young (Normal) (G1 Evacuation Pause)
[2025-05-21T12:45:44.952+0000][gc,task     ] GC(68) Using 10 workers of 10 for evacuation
[2025-05-21T12:45:44.959+0000][gc,phases   ] GC(68)   Pre Evacuate Collection Set: 0.3ms
[2025-05-21T12:45:44.959+0000][gc,phases   ] GC(68)   Merge Heap Roots: 0.2ms
[2025-05-21T12:45:44.959+0000][gc,phases   ] GC(68)   Evacuate Collection Set: 5.5ms
[2025-05-21T12:45:44.960+0000][gc,phases   ] GC(68)   Post Evacuate Collection Set: 1.1ms
[2025-05-21T12:45:44.960+0000][gc,phases   ] GC(68)   Other: 0.3ms
[2025-05-21T12:45:44.960+0000][gc,heap     ] GC(68) Eden regions: 597->0(599)
[2025-05-21T12:45:44.960+0000][gc,heap     ] GC(68) Survivor regions: 17->15(77)
[2025-05-21T12:45:44.960+0000][gc,heap     ] GC(68) Old regions: 37->38
[2025-05-21T12:45:44.960+0000][gc,heap     ] GC(68) Humongous regions: 131->131
[2025-05-21T12:45:44.961+0000][gc,metaspace] GC(68) Metaspace: 16027K(16384K)->16027K(16384K) NonClass: 14261K(14400K)->14261K(14400K) Class: 1765K(1984K)->1765K(1984K)
[2025-05-21T12:45:44.961+0000][gc          ] GC(68) Pause Young (Normal) (G1 Evacuation Pause) 781M->183M(1024M) 9.256ms
[2025-05-21T12:45:44.961+0000][gc,cpu      ] GC(68) User=0.06s Sys=0.00s Real=0.01s
[2025-05-21T12:46:07.943+0000][gc,start    ] GC(69) Pause Young (Normal) (G1 Evacuation Pause)
[2025-05-21T12:46:07.943+0000][gc,task     ] GC(69) Using 10 workers of 10 for evacuation
[2025-05-21T12:46:07.951+0000][gc,phases   ] GC(69)   Pre Evacuate Collection Set: 0.3ms
[2025-05-21T12:46:07.951+0000][gc,phases   ] GC(69)   Merge Heap Roots: 0.3ms
[2025-05-21T12:46:07.951+0000][gc,phases   ] GC(69)   Evacuate Collection Set: 5.6ms
[2025-05-21T12:46:07.952+0000][gc,phases   ] GC(69)   Post Evacuate Collection Set: 1.2ms
[2025-05-21T12:46:07.952+0000][gc,phases   ] GC(69)   Other: 0.3ms
[2025-05-21T12:46:07.952+0000][gc,heap     ] GC(69) Eden regions: 599->0(596)
[2025-05-21T12:46:07.952+0000][gc,heap     ] GC(69) Survivor regions: 15->18(77)
[2025-05-21T12:46:07.952+0000][gc,heap     ] GC(69) Old regions: 38->38
[2025-05-21T12:46:07.952+0000][gc,heap     ] GC(69) Humongous regions: 131->131
[2025-05-21T12:46:07.953+0000][gc,metaspace] GC(69) Metaspace: 16028K(16384K)->16028K(16384K) NonClass: 14262K(14400K)->14262K(14400K) Class: 1765K(1984K)->1765K(1984K)
[2025-05-21T12:46:07.953+0000][gc          ] GC(69) Pause Young (Normal) (G1 Evacuation Pause) 782M->186M(1024M) 9.823ms
[2025-05-21T12:46:07.953+0000][gc,cpu      ] GC(69) User=0.06s Sys=0.00s Real=0.01s
[2025-05-21T12:46:28.186+0000][gc,start    ] GC(70) Pause Young (Normal) (G1 Evacuation Pause)
[2025-05-21T12:46:28.186+0000][gc,task     ] GC(70) Using 10 workers of 10 for evacuation
[2025-05-21T12:46:28.198+0000][gc,phases   ] GC(70)   Pre Evacuate Collection Set: 0.4ms
[2025-05-21T12:46:28.198+0000][gc,phases   ] GC(70)   Merge Heap Roots: 0.3ms
[2025-05-21T12:46:28.198+0000][gc,phases   ] GC(70)   Evacuate Collection Set: 8.8ms
[2025-05-21T12:46:28.198+0000][gc,phases   ] GC(70)   Post Evacuate Collection Set: 2.0ms
[2025-05-21T12:46:28.198+0000][gc,phases   ] GC(70)   Other: 0.2ms
[2025-05-21T12:46:28.199+0000][gc,heap     ] GC(70) Eden regions: 596->0(594)
[2025-05-21T12:46:28.199+0000][gc,heap     ] GC(70) Survivor regions: 18->20(77)
[2025-05-21T12:46:28.199+0000][gc,heap     ] GC(70) Old regions: 38->39
[2025-05-21T12:46:28.199+0000][gc,heap     ] GC(70) Humongous regions: 131->131
[2025-05-21T12:46:28.199+0000][gc,metaspace] GC(70) Metaspace: 16029K(16384K)->16029K(16384K) NonClass: 14263K(14400K)->14263K(14400K) Class: 1765K(1984K)->1765K(1984K)
[2025-05-21T12:46:28.199+0000][gc          ] GC(70) Pause Young (Normal) (G1 Evacuation Pause) 782M->189M(1024M) 13.725ms
[2025-05-21T12:46:28.200+0000][gc,cpu      ] GC(70) User=0.09s Sys=0.00s Real=0.01s
[2025-05-21T12:46:48.383+0000][gc,start    ] GC(71) Pause Young (Normal) (G1 Evacuation Pause)
[2025-05-21T12:46:48.383+0000][gc,task     ] GC(71) Using 10 workers of 10 for evacuation
[2025-05-21T12:46:48.392+0000][gc,phases   ] GC(71)   Pre Evacuate Collection Set: 0.3ms
[2025-05-21T12:46:48.393+0000][gc,phases   ] GC(71)   Merge Heap Roots: 0.2ms
[2025-05-21T12:46:48.393+0000][gc,phases   ] GC(71)   Evacuate Collection Set: 7.3ms
[2025-05-21T12:46:48.393+0000][gc,phases   ] GC(71)   Post Evacuate Collection Set: 1.0ms
[2025-05-21T12:46:48.393+0000][gc,phases   ] GC(71)   Other: 0.3ms
[2025-05-21T12:46:48.394+0000][gc,heap     ] GC(71) Eden regions: 594->0(593)
[2025-05-21T12:46:48.394+0000][gc,heap     ] GC(71) Survivor regions: 20->21(77)
[2025-05-21T12:46:48.394+0000][gc,heap     ] GC(71) Old regions: 39->40
[2025-05-21T12:46:48.394+0000][gc,heap     ] GC(71) Humongous regions: 131->131
[2025-05-21T12:46:48.394+0000][gc,metaspace] GC(71) Metaspace: 16033K(16384K)->16033K(16384K) NonClass: 14267K(14400K)->14267K(14400K) Class: 1765K(1984K)->1765K(1984K)
[2025-05-21T12:46:48.395+0000][gc          ] GC(71) Pause Young (Normal) (G1 Evacuation Pause) 783M->191M(1024M) 11.496ms
[2025-05-21T12:46:48.395+0000][gc,cpu      ] GC(71) User=0.05s Sys=0.02s Real=0.01s
[2025-05-21T12:47:11.055+0000][gc,start    ] GC(72) Pause Young (Normal) (G1 Evacuation Pause)
[2025-05-21T12:47:11.055+0000][gc,task     ] GC(72) Using 10 workers of 10 for evacuation
[2025-05-21T12:47:11.063+0000][gc,phases   ] GC(72)   Pre Evacuate Collection Set: 0.4ms
[2025-05-21T12:47:11.063+0000][gc,phases   ] GC(72)   Merge Heap Roots: 0.2ms
[2025-05-21T12:47:11.063+0000][gc,phases   ] GC(72)   Evacuate Collection Set: 5.9ms
[2025-05-21T12:47:11.063+0000][gc,phases   ] GC(72)   Post Evacuate Collection Set: 1.0ms
[2025-05-21T12:47:11.064+0000][gc,phases   ] GC(72)   Other: 0.3ms
[2025-05-21T12:47:11.064+0000][gc,heap     ] GC(72) Eden regions: 593->0(599)
[2025-05-21T12:47:11.064+0000][gc,heap     ] GC(72) Survivor regions: 21->15(77)
[2025-05-21T12:47:11.064+0000][gc,heap     ] GC(72) Old regions: 40->41
[2025-05-21T12:47:11.064+0000][gc,heap     ] GC(72) Humongous regions: 131->131
[2025-05-21T12:47:11.064+0000][gc,metaspace] GC(72) Metaspace: 16042K(16448K)->16042K(16448K) NonClass: 14276K(14464K)->14276K(14464K) Class: 1765K(1984K)->1765K(1984K)
[2025-05-21T12:47:11.065+0000][gc          ] GC(72) Pause Young (Normal) (G1 Evacuation Pause) 784M->185M(1024M) 9.730ms
[2025-05-21T12:47:11.065+0000][gc,cpu      ] GC(72) User=0.03s Sys=0.03s Real=0.01s
[2025-05-21T12:47:35.399+0000][gc,start    ] GC(73) Pause Young (Normal) (G1 Evacuation Pause)
[2025-05-21T12:47:35.399+0000][gc,task     ] GC(73) Using 10 workers of 10 for evacuation
[2025-05-21T12:47:35.407+0000][gc,phases   ] GC(73)   Pre Evacuate Collection Set: 0.3ms
[2025-05-21T12:47:35.407+0000][gc,phases   ] GC(73)   Merge Heap Roots: 0.2ms
[2025-05-21T12:47:35.407+0000][gc,phases   ] GC(73)   Evacuate Collection Set: 5.8ms
[2025-05-21T12:47:35.407+0000][gc,phases   ] GC(73)   Post Evacuate Collection Set: 1.1ms
[2025-05-21T12:47:35.407+0000][gc,phases   ] GC(73)   Other: 0.3ms
[2025-05-21T12:47:35.408+0000][gc,heap     ] GC(73) Eden regions: 599->0(596)
[2025-05-21T12:47:35.408+0000][gc,heap     ] GC(73) Survivor regions: 15->18(77)
[2025-05-21T12:47:35.408+0000][gc,heap     ] GC(73) Old regions: 41->42
[2025-05-21T12:47:35.408+0000][gc,heap     ] GC(73) Humongous regions: 131->131
[2025-05-21T12:47:35.408+0000][gc,metaspace] GC(73) Metaspace: 16081K(16512K)->16081K(16512K) NonClass: 14315K(14528K)->14315K(14528K) Class: 1765K(1984K)->1765K(1984K)
[2025-05-21T12:47:35.408+0000][gc          ] GC(73) Pause Young (Normal) (G1 Evacuation Pause) 784M->190M(1024M) 9.805ms
[2025-05-21T12:47:35.409+0000][gc,cpu      ] GC(73) User=0.06s Sys=0.00s Real=0.01s
[2025-05-21T12:47:59.002+0000][gc,heap,exit] Heap
[2025-05-21T12:47:59.002+0000][gc,heap,exit]  garbage-first heap   total 1048576K, used 783364K [0x00000000c0000000, 0x0000000100000000)
[2025-05-21T12:47:59.003+0000][gc,heap,exit]   region size 1024K, 593 young (607232K), 18 survivors (18432K)
[2025-05-21T12:47:59.003+0000][gc,heap,exit]  Metaspace       used 16813K, committed 17280K, reserved 1114112K
[2025-05-21T12:47:59.003+0000][gc,heap,exit]   class space    used 1935K, committed 2176K, reserved 1048576K
