[2025-05-24T01:07:52.262+0000][gc,init] CardTable entry size: 512
[2025-05-24T01:07:52.263+0000][gc     ] Using G1
[2025-05-24T01:07:52.293+0000][gc,init] Version: 21.0.4+7-LTS (release)
[2025-05-24T01:07:52.293+0000][gc,init] CPUs: 12 total, 12 available
[2025-05-24T01:07:52.293+0000][gc,init] Memory: 15597M
[2025-05-24T01:07:52.294+0000][gc,init] Large Page Support: Disabled
[2025-05-24T01:07:52.294+0000][gc,init] NUMA Support: Disabled
[2025-05-24T01:07:52.294+0000][gc,init] Compressed Oops: Enabled (32-bit)
[2025-05-24T01:07:52.295+0000][gc,init] Heap Region Size: 1M
[2025-05-24T01:07:52.295+0000][gc,init] Heap Min Capacity: 1G
[2025-05-24T01:07:52.296+0000][gc,init] Heap Initial Capacity: 1G
[2025-05-24T01:07:52.300+0000][gc,init] Heap Max Capacity: 1G
[2025-05-24T01:07:52.302+0000][gc,init] Pre-touch: Disabled
[2025-05-24T01:07:52.304+0000][gc,init] Parallel Workers: 10
[2025-05-24T01:07:52.311+0000][gc,init] Concurrent Workers: 3
[2025-05-24T01:07:52.314+0000][gc,init] Concurrent Refinement Workers: 10
[2025-05-24T01:07:52.321+0000][gc,init] Periodic GC: Disabled
[2025-05-24T01:07:52.462+0000][gc,metaspace] CDS archive(s) mapped at: [0x00007f52a8000000-0x00007f52a8bbe000-0x00007f52ab674000), size 57098240, SharedBaseAddress: 0x00007f52a8000000, ArchiveRelocationMode: 1.
[2025-05-24T01:07:52.463+0000][gc,metaspace] Compressed class space mapped at: 0x00007f52ac000000-0x00007f52ec000000, reserved size: 1073741824
[2025-05-24T01:07:52.464+0000][gc,metaspace] Narrow klass base: 0x00007f52a8000000, Narrow klass shift: 0, Narrow klass range: 0x100000000
[2025-05-24T01:07:56.673+0000][gc,start    ] GC(0) Pause Young (Normal) (G1 Evacuation Pause)
[2025-05-24T01:07:56.686+0000][gc,task     ] GC(0) Using 10 workers of 10 for evacuation
[2025-05-24T01:07:56.703+0000][gc,phases   ] GC(0)   Pre Evacuate Collection Set: 0.3ms
[2025-05-24T01:07:56.704+0000][gc,phases   ] GC(0)   Merge Heap Roots: 0.3ms
[2025-05-24T01:07:56.704+0000][gc,phases   ] GC(0)   Evacuate Collection Set: 14.0ms
[2025-05-24T01:07:56.704+0000][gc,phases   ] GC(0)   Post Evacuate Collection Set: 1.4ms
[2025-05-24T01:07:56.704+0000][gc,phases   ] GC(0)   Other: 7.0ms
[2025-05-24T01:07:56.704+0000][gc,heap     ] GC(0) Eden regions: 51->0(46)
[2025-05-24T01:07:56.705+0000][gc,heap     ] GC(0) Survivor regions: 0->7(7)
[2025-05-24T01:07:56.705+0000][gc,heap     ] GC(0) Old regions: 1->4
[2025-05-24T01:07:56.705+0000][gc,heap     ] GC(0) Humongous regions: 1->1
[2025-05-24T01:07:56.706+0000][gc,metaspace] GC(0) Metaspace: 6352K(6720K)->6352K(6720K) NonClass: 5567K(5760K)->5567K(5760K) Class: 785K(960K)->785K(960K)
[2025-05-24T01:07:56.706+0000][gc          ] GC(0) Pause Young (Normal) (G1 Evacuation Pause) 52M->11M(1024M) 33.267ms
[2025-05-24T01:07:56.706+0000][gc,cpu      ] GC(0) User=0.03s Sys=0.03s Real=0.03s
[2025-05-24T01:08:05.024+0000][gc,start    ] GC(1) Pause Young (Normal) (G1 Evacuation Pause)
[2025-05-24T01:08:05.025+0000][gc,task     ] GC(1) Using 10 workers of 10 for evacuation
[2025-05-24T01:08:05.050+0000][gc,phases   ] GC(1)   Pre Evacuate Collection Set: 0.6ms
[2025-05-24T01:08:05.051+0000][gc,phases   ] GC(1)   Merge Heap Roots: 0.2ms
[2025-05-24T01:08:05.051+0000][gc,phases   ] GC(1)   Evacuate Collection Set: 21.6ms
[2025-05-24T01:08:05.051+0000][gc,phases   ] GC(1)   Post Evacuate Collection Set: 1.6ms
[2025-05-24T01:08:05.051+0000][gc,phases   ] GC(1)   Other: 1.5ms
[2025-05-24T01:08:05.052+0000][gc,heap     ] GC(1) Eden regions: 46->0(50)
[2025-05-24T01:08:05.052+0000][gc,heap     ] GC(1) Survivor regions: 7->7(7)
[2025-05-24T01:08:05.052+0000][gc,heap     ] GC(1) Old regions: 4->14
[2025-05-24T01:08:05.052+0000][gc,heap     ] GC(1) Humongous regions: 130->130
[2025-05-24T01:08:05.052+0000][gc,metaspace] GC(1) Metaspace: 9984K(10304K)->9984K(10304K) NonClass: 8652K(8832K)->8652K(8832K) Class: 1331K(1472K)->1331K(1472K)
[2025-05-24T01:08:05.053+0000][gc          ] GC(1) Pause Young (Normal) (G1 Evacuation Pause) 186M->150M(1024M) 28.131ms
[2025-05-24T01:08:05.053+0000][gc,cpu      ] GC(1) User=0.05s Sys=0.04s Real=0.03s
[2025-05-24T01:08:05.543+0000][gc,start    ] GC(2) Pause Young (Normal) (G1 Evacuation Pause)
[2025-05-24T01:08:05.543+0000][gc,task     ] GC(2) Using 10 workers of 10 for evacuation
[2025-05-24T01:08:05.557+0000][gc,phases   ] GC(2)   Pre Evacuate Collection Set: 0.4ms
[2025-05-24T01:08:05.557+0000][gc,phases   ] GC(2)   Merge Heap Roots: 0.1ms
[2025-05-24T01:08:05.557+0000][gc,phases   ] GC(2)   Evacuate Collection Set: 11.2ms
[2025-05-24T01:08:05.557+0000][gc,phases   ] GC(2)   Post Evacuate Collection Set: 1.3ms
[2025-05-24T01:08:05.558+0000][gc,phases   ] GC(2)   Other: 0.7ms
[2025-05-24T01:08:05.558+0000][gc,heap     ] GC(2) Eden regions: 48->0(129)
[2025-05-24T01:08:05.558+0000][gc,heap     ] GC(2) Survivor regions: 7->3(7)
[2025-05-24T01:08:05.559+0000][gc,heap     ] GC(2) Old regions: 14->21
[2025-05-24T01:08:05.559+0000][gc,heap     ] GC(2) Humongous regions: 130->130
[2025-05-24T01:08:05.559+0000][gc,metaspace] GC(2) Metaspace: 10582K(10944K)->10582K(10944K) NonClass: 9159K(9344K)->9159K(9344K) Class: 1422K(1600K)->1422K(1600K)
[2025-05-24T01:08:05.560+0000][gc          ] GC(2) Pause Young (Normal) (G1 Evacuation Pause) 198M->152M(1024M) 17.344ms
[2025-05-24T01:08:05.561+0000][gc,cpu      ] GC(2) User=0.03s Sys=0.03s Real=0.02s
[2025-05-24T01:08:15.104+0000][gc,start    ] GC(3) Pause Young (Normal) (G1 Evacuation Pause)
[2025-05-24T01:08:15.104+0000][gc,task     ] GC(3) Using 10 workers of 10 for evacuation
[2025-05-24T01:08:15.116+0000][gc,phases   ] GC(3)   Pre Evacuate Collection Set: 0.5ms
[2025-05-24T01:08:15.116+0000][gc,phases   ] GC(3)   Merge Heap Roots: 0.3ms
[2025-05-24T01:08:15.117+0000][gc,phases   ] GC(3)   Evacuate Collection Set: 9.3ms
[2025-05-24T01:08:15.117+0000][gc,phases   ] GC(3)   Post Evacuate Collection Set: 1.4ms
[2025-05-24T01:08:15.117+0000][gc,phases   ] GC(3)   Other: 0.5ms
[2025-05-24T01:08:15.117+0000][gc,heap     ] GC(3) Eden regions: 132->0(243)
[2025-05-24T01:08:15.117+0000][gc,heap     ] GC(3) Survivor regions: 3->7(17)
[2025-05-24T01:08:15.118+0000][gc,heap     ] GC(3) Old regions: 21->21
[2025-05-24T01:08:15.118+0000][gc,heap     ] GC(3) Humongous regions: 131->130
[2025-05-24T01:08:15.118+0000][gc,metaspace] GC(3) Metaspace: 11926K(12288K)->11926K(12288K) NonClass: 10323K(10496K)->10323K(10496K) Class: 1602K(1792K)->1602K(1792K)
[2025-05-24T01:08:15.118+0000][gc          ] GC(3) Pause Young (Normal) (G1 Evacuation Pause) 285M->156M(1024M) 14.339ms
[2025-05-24T01:08:15.118+0000][gc,cpu      ] GC(3) User=0.03s Sys=0.03s Real=0.01s
[2025-05-24T01:08:22.253+0000][gc,heap,exit] Heap
[2025-05-24T01:08:22.253+0000][gc,heap,exit]  garbage-first heap   total 1048576K, used 309875K [0x00000000c0000000, 0x0000000100000000)
[2025-05-24T01:08:22.253+0000][gc,heap,exit]   region size 1024K, 152 young (155648K), 7 survivors (7168K)
[2025-05-24T01:08:22.254+0000][gc,heap,exit]  Metaspace       used 12956K, committed 13312K, reserved 1114112K
[2025-05-24T01:08:22.254+0000][gc,heap,exit]   class space    used 1806K, committed 1984K, reserved 1048576K
