[2025-05-24T01:11:28.920+0000][gc,init] CardTable entry size: 512
[2025-05-24T01:11:28.920+0000][gc     ] Using G1
[2025-05-24T01:11:28.939+0000][gc,init] Version: 21.0.4+7-LTS (release)
[2025-05-24T01:11:28.939+0000][gc,init] CPUs: 12 total, 12 available
[2025-05-24T01:11:28.940+0000][gc,init] Memory: 15597M
[2025-05-24T01:11:28.941+0000][gc,init] Large Page Support: Disabled
[2025-05-24T01:11:28.941+0000][gc,init] NUMA Support: Disabled
[2025-05-24T01:11:28.941+0000][gc,init] Compressed Oops: Enabled (32-bit)
[2025-05-24T01:11:28.947+0000][gc,init] Heap Region Size: 1M
[2025-05-24T01:11:28.947+0000][gc,init] Heap Min Capacity: 1G
[2025-05-24T01:11:28.947+0000][gc,init] Heap Initial Capacity: 1G
[2025-05-24T01:11:28.947+0000][gc,init] Heap Max Capacity: 1G
[2025-05-24T01:11:28.948+0000][gc,init] Pre-touch: Disabled
[2025-05-24T01:11:28.948+0000][gc,init] Parallel Workers: 10
[2025-05-24T01:11:28.948+0000][gc,init] Concurrent Workers: 3
[2025-05-24T01:11:28.948+0000][gc,init] Concurrent Refinement Workers: 10
[2025-05-24T01:11:28.948+0000][gc,init] Periodic GC: Disabled
[2025-05-24T01:11:29.085+0000][gc,metaspace] CDS archive(s) mapped at: [0x00007faefe000000-0x00007faefebbe000-0x00007faf01674000), size 57098240, SharedBaseAddress: 0x00007faefe000000, ArchiveRelocationMode: 1.
[2025-05-24T01:11:29.086+0000][gc,metaspace] Compressed class space mapped at: 0x00007faf02000000-0x00007faf42000000, reserved size: 1073741824
[2025-05-24T01:11:29.087+0000][gc,metaspace] Narrow klass base: 0x00007faefe000000, Narrow klass shift: 0, Narrow klass range: 0x100000000
[2025-05-24T01:11:33.019+0000][gc,start    ] GC(0) Pause Young (Normal) (G1 Evacuation Pause)
[2025-05-24T01:11:33.027+0000][gc,task     ] GC(0) Using 10 workers of 10 for evacuation
[2025-05-24T01:11:33.068+0000][gc,phases   ] GC(0)   Pre Evacuate Collection Set: 0.6ms
[2025-05-24T01:11:33.068+0000][gc,phases   ] GC(0)   Merge Heap Roots: 0.1ms
[2025-05-24T01:11:33.069+0000][gc,phases   ] GC(0)   Evacuate Collection Set: 24.5ms
[2025-05-24T01:11:33.069+0000][gc,phases   ] GC(0)   Post Evacuate Collection Set: 1.2ms
[2025-05-24T01:11:33.070+0000][gc,phases   ] GC(0)   Other: 19.9ms
[2025-05-24T01:11:33.070+0000][gc,heap     ] GC(0) Eden regions: 51->0(45)
[2025-05-24T01:11:33.070+0000][gc,heap     ] GC(0) Survivor regions: 0->7(7)
[2025-05-24T01:11:33.071+0000][gc,heap     ] GC(0) Old regions: 1->4
[2025-05-24T01:11:33.071+0000][gc,heap     ] GC(0) Humongous regions: 1->1
[2025-05-24T01:11:33.071+0000][gc,metaspace] GC(0) Metaspace: 6221K(6528K)->6221K(6528K) NonClass: 5459K(5632K)->5459K(5632K) Class: 761K(896K)->761K(896K)
[2025-05-24T01:11:33.072+0000][gc          ] GC(0) Pause Young (Normal) (G1 Evacuation Pause) 52M->11M(1024M) 52.682ms
[2025-05-24T01:11:33.072+0000][gc,cpu      ] GC(0) User=0.02s Sys=0.06s Real=0.05s
[2025-05-24T01:11:40.911+0000][gc,start    ] GC(1) Pause Young (Normal) (G1 Evacuation Pause)
[2025-05-24T01:11:40.911+0000][gc,task     ] GC(1) Using 10 workers of 10 for evacuation
[2025-05-24T01:11:40.954+0000][gc,phases   ] GC(1)   Pre Evacuate Collection Set: 0.4ms
[2025-05-24T01:11:40.963+0000][gc,phases   ] GC(1)   Merge Heap Roots: 0.1ms
[2025-05-24T01:11:40.966+0000][gc,phases   ] GC(1)   Evacuate Collection Set: 36.9ms
[2025-05-24T01:11:40.968+0000][gc,phases   ] GC(1)   Post Evacuate Collection Set: 4.5ms
[2025-05-24T01:11:41.020+0000][gc,phases   ] GC(1)   Other: 0.3ms
[2025-05-24T01:11:41.031+0000][gc,heap     ] GC(1) Eden regions: 45->0(45)
[2025-05-24T01:11:41.032+0000][gc,heap     ] GC(1) Survivor regions: 7->7(7)
[2025-05-24T01:11:41.033+0000][gc,heap     ] GC(1) Old regions: 4->14
[2025-05-24T01:11:41.033+0000][gc,heap     ] GC(1) Humongous regions: 130->130
[2025-05-24T01:11:41.033+0000][gc,metaspace] GC(1) Metaspace: 10006K(10304K)->10006K(10304K) NonClass: 8676K(8832K)->8676K(8832K) Class: 1330K(1472K)->1330K(1472K)
[2025-05-24T01:11:41.034+0000][gc          ] GC(1) Pause Young (Normal) (G1 Evacuation Pause) 185M->150M(1024M) 122.701ms
[2025-05-24T01:11:41.035+0000][gc,cpu      ] GC(1) User=0.08s Sys=0.01s Real=0.12s
[2025-05-24T01:11:41.971+0000][gc,start    ] GC(2) Pause Young (Normal) (G1 Evacuation Pause)
[2025-05-24T01:11:41.972+0000][gc,task     ] GC(2) Using 10 workers of 10 for evacuation
[2025-05-24T01:11:41.982+0000][gc,phases   ] GC(2)   Pre Evacuate Collection Set: 0.5ms
[2025-05-24T01:11:41.982+0000][gc,phases   ] GC(2)   Merge Heap Roots: 0.1ms
[2025-05-24T01:11:41.982+0000][gc,phases   ] GC(2)   Evacuate Collection Set: 7.7ms
[2025-05-24T01:11:41.982+0000][gc,phases   ] GC(2)   Post Evacuate Collection Set: 1.0ms
[2025-05-24T01:11:41.982+0000][gc,phases   ] GC(2)   Other: 0.4ms
[2025-05-24T01:11:41.983+0000][gc,heap     ] GC(2) Eden regions: 46->0(124)
[2025-05-24T01:11:41.983+0000][gc,heap     ] GC(2) Survivor regions: 7->2(7)
[2025-05-24T01:11:41.983+0000][gc,heap     ] GC(2) Old regions: 14->21
[2025-05-24T01:11:41.983+0000][gc,heap     ] GC(2) Humongous regions: 130->130
[2025-05-24T01:11:41.983+0000][gc,metaspace] GC(2) Metaspace: 10749K(11008K)->10749K(11008K) NonClass: 9305K(9472K)->9305K(9472K) Class: 1444K(1536K)->1444K(1536K)
[2025-05-24T01:11:41.984+0000][gc          ] GC(2) Pause Young (Normal) (G1 Evacuation Pause) 196M->152M(1024M) 12.146ms
[2025-05-24T01:11:41.984+0000][gc,cpu      ] GC(2) User=0.04s Sys=0.01s Real=0.01s
[2025-05-24T01:11:48.807+0000][gc,start    ] GC(3) Pause Young (Normal) (G1 Evacuation Pause)
[2025-05-24T01:11:48.808+0000][gc,task     ] GC(3) Using 10 workers of 10 for evacuation
[2025-05-24T01:11:48.815+0000][gc,phases   ] GC(3)   Pre Evacuate Collection Set: 0.4ms
[2025-05-24T01:11:48.815+0000][gc,phases   ] GC(3)   Merge Heap Roots: 0.3ms
[2025-05-24T01:11:48.816+0000][gc,phases   ] GC(3)   Evacuate Collection Set: 4.3ms
[2025-05-24T01:11:48.816+0000][gc,phases   ] GC(3)   Post Evacuate Collection Set: 2.0ms
[2025-05-24T01:11:48.816+0000][gc,phases   ] GC(3)   Other: 0.5ms
[2025-05-24T01:11:48.816+0000][gc,heap     ] GC(3) Eden regions: 125->0(611)
[2025-05-24T01:11:48.817+0000][gc,heap     ] GC(3) Survivor regions: 2->3(16)
[2025-05-24T01:11:48.817+0000][gc,heap     ] GC(3) Old regions: 21->21
[2025-05-24T01:11:48.817+0000][gc,heap     ] GC(3) Humongous regions: 131->130
[2025-05-24T01:11:48.817+0000][gc,metaspace] GC(3) Metaspace: 11880K(12224K)->11880K(12224K) NonClass: 10334K(10496K)->10334K(10496K) Class: 1545K(1728K)->1545K(1728K)
[2025-05-24T01:11:48.818+0000][gc          ] GC(3) Pause Young (Normal) (G1 Evacuation Pause) 278M->153M(1024M) 10.235ms
[2025-05-24T01:11:48.818+0000][gc,cpu      ] GC(3) User=0.02s Sys=0.01s Real=0.01s
[2025-05-24T01:12:20.703+0000][gc,heap,exit] Heap
[2025-05-24T01:12:20.703+0000][gc,heap,exit]  garbage-first heap   total 1048576K, used 646364K [0x00000000c0000000, 0x0000000100000000)
[2025-05-24T01:12:20.703+0000][gc,heap,exit]   region size 1024K, 480 young (491520K), 3 survivors (3072K)
[2025-05-24T01:12:20.704+0000][gc,heap,exit]  Metaspace       used 13482K, committed 13888K, reserved 1114112K
[2025-05-24T01:12:20.704+0000][gc,heap,exit]   class space    used 1770K, committed 1984K, reserved 1048576K
