[2025-05-24T00:28:25.453+0000][gc,init] CardTable entry size: 512
[2025-05-24T00:28:25.454+0000][gc     ] Using G1
[2025-05-24T00:28:25.473+0000][gc,init] Version: 21.0.4+7-LTS (release)
[2025-05-24T00:28:25.476+0000][gc,init] CPUs: 12 total, 12 available
[2025-05-24T00:28:25.476+0000][gc,init] Memory: 15597M
[2025-05-24T00:28:25.477+0000][gc,init] Large Page Support: Disabled
[2025-05-24T00:28:25.477+0000][gc,init] NUMA Support: Disabled
[2025-05-24T00:28:25.481+0000][gc,init] Compressed Oops: Enabled (32-bit)
[2025-05-24T00:28:25.483+0000][gc,init] Heap Region Size: 1M
[2025-05-24T00:28:25.487+0000][gc,init] Heap Min Capacity: 1G
[2025-05-24T00:28:25.488+0000][gc,init] Heap Initial Capacity: 1G
[2025-05-24T00:28:25.488+0000][gc,init] Heap Max Capacity: 1G
[2025-05-24T00:28:25.489+0000][gc,init] Pre-touch: Disabled
[2025-05-24T00:28:25.490+0000][gc,init] Parallel Workers: 10
[2025-05-24T00:28:25.491+0000][gc,init] Concurrent Workers: 3
[2025-05-24T00:28:25.491+0000][gc,init] Concurrent Refinement Workers: 10
[2025-05-24T00:28:25.493+0000][gc,init] Periodic GC: Disabled
[2025-05-24T00:28:25.582+0000][gc,metaspace] CDS archive(s) mapped at: [0x00007f98a2000000-0x00007f98a2bbe000-0x00007f98a5674000), size 57098240, SharedBaseAddress: 0x00007f98a2000000, ArchiveRelocationMode: 1.
[2025-05-24T00:28:25.582+0000][gc,metaspace] Compressed class space mapped at: 0x00007f98a6000000-0x00007f98e6000000, reserved size: 1073741824
[2025-05-24T00:28:25.585+0000][gc,metaspace] Narrow klass base: 0x00007f98a2000000, Narrow klass shift: 0, Narrow klass range: 0x100000000
[2025-05-24T00:28:29.850+0000][gc,start    ] GC(0) Pause Young (Normal) (G1 Evacuation Pause)
[2025-05-24T00:28:29.856+0000][gc,task     ] GC(0) Using 10 workers of 10 for evacuation
[2025-05-24T00:28:29.880+0000][gc,phases   ] GC(0)   Pre Evacuate Collection Set: 0.8ms
[2025-05-24T00:28:29.881+0000][gc,phases   ] GC(0)   Merge Heap Roots: 0.1ms
[2025-05-24T00:28:29.881+0000][gc,phases   ] GC(0)   Evacuate Collection Set: 20.6ms
[2025-05-24T00:28:29.881+0000][gc,phases   ] GC(0)   Post Evacuate Collection Set: 1.9ms
[2025-05-24T00:28:29.881+0000][gc,phases   ] GC(0)   Other: 6.1ms
[2025-05-24T00:28:29.882+0000][gc,heap     ] GC(0) Eden regions: 51->0(44)
[2025-05-24T00:28:29.882+0000][gc,heap     ] GC(0) Survivor regions: 0->7(7)
[2025-05-24T00:28:29.882+0000][gc,heap     ] GC(0) Old regions: 1->6
[2025-05-24T00:28:29.882+0000][gc,heap     ] GC(0) Humongous regions: 1->1
[2025-05-24T00:28:29.882+0000][gc,metaspace] GC(0) Metaspace: 5889K(6144K)->5889K(6144K) NonClass: 5174K(5312K)->5174K(5312K) Class: 714K(832K)->714K(832K)
[2025-05-24T00:28:29.882+0000][gc          ] GC(0) Pause Young (Normal) (G1 Evacuation Pause) 52M->13M(1024M) 32.157ms
[2025-05-24T00:28:29.883+0000][gc,cpu      ] GC(0) User=0.05s Sys=0.03s Real=0.03s
[2025-05-24T00:28:38.110+0000][gc,start    ] GC(1) Pause Young (Normal) (G1 Evacuation Pause)
[2025-05-24T00:28:38.110+0000][gc,task     ] GC(1) Using 10 workers of 10 for evacuation
[2025-05-24T00:28:38.128+0000][gc,phases   ] GC(1)   Pre Evacuate Collection Set: 0.5ms
[2025-05-24T00:28:38.129+0000][gc,phases   ] GC(1)   Merge Heap Roots: 0.2ms
[2025-05-24T00:28:38.129+0000][gc,phases   ] GC(1)   Evacuate Collection Set: 14.8ms
[2025-05-24T00:28:38.129+0000][gc,phases   ] GC(1)   Post Evacuate Collection Set: 2.0ms
[2025-05-24T00:28:38.130+0000][gc,phases   ] GC(1)   Other: 0.6ms
[2025-05-24T00:28:38.130+0000][gc,heap     ] GC(1) Eden regions: 44->0(46)
[2025-05-24T00:28:38.130+0000][gc,heap     ] GC(1) Survivor regions: 7->7(7)
[2025-05-24T00:28:38.130+0000][gc,heap     ] GC(1) Old regions: 6->13
[2025-05-24T00:28:38.131+0000][gc,heap     ] GC(1) Humongous regions: 130->130
[2025-05-24T00:28:38.131+0000][gc,metaspace] GC(1) Metaspace: 9988K(10304K)->9988K(10304K) NonClass: 8651K(8768K)->8651K(8768K) Class: 1337K(1536K)->1337K(1536K)
[2025-05-24T00:28:38.132+0000][gc          ] GC(1) Pause Young (Normal) (G1 Evacuation Pause) 186M->149M(1024M) 21.664ms
[2025-05-24T00:28:38.132+0000][gc,cpu      ] GC(1) User=0.07s Sys=0.03s Real=0.02s
[2025-05-24T00:28:40.153+0000][gc,start    ] GC(2) Pause Young (Normal) (G1 Evacuation Pause)
[2025-05-24T00:28:40.160+0000][gc,task     ] GC(2) Using 10 workers of 10 for evacuation
[2025-05-24T00:28:40.237+0000][gc,phases   ] GC(2)   Pre Evacuate Collection Set: 6.0ms
[2025-05-24T00:28:40.240+0000][gc,phases   ] GC(2)   Merge Heap Roots: 0.1ms
[2025-05-24T00:28:40.244+0000][gc,phases   ] GC(2)   Evacuate Collection Set: 62.0ms
[2025-05-24T00:28:40.248+0000][gc,phases   ] GC(2)   Post Evacuate Collection Set: 6.4ms
[2025-05-24T00:28:40.259+0000][gc,phases   ] GC(2)   Other: 2.1ms
[2025-05-24T00:28:40.259+0000][gc,heap     ] GC(2) Eden regions: 48->0(116)
[2025-05-24T00:28:40.271+0000][gc,heap     ] GC(2) Survivor regions: 7->3(7)
[2025-05-24T00:28:40.278+0000][gc,heap     ] GC(2) Old regions: 13->20
[2025-05-24T00:28:40.280+0000][gc,heap     ] GC(2) Humongous regions: 130->130
[2025-05-24T00:28:40.283+0000][gc,metaspace] GC(2) Metaspace: 10761K(11072K)->10761K(11072K) NonClass: 9328K(9472K)->9328K(9472K) Class: 1433K(1600K)->1433K(1600K)
[2025-05-24T00:28:40.286+0000][gc          ] GC(2) Pause Young (Normal) (G1 Evacuation Pause) 197M->152M(1024M) 132.799ms
[2025-05-24T00:28:40.291+0000][gc,cpu      ] GC(2) User=0.07s Sys=0.07s Real=0.14s
[2025-05-24T00:28:41.645+0000][gc,start    ] GC(3) Pause Young (Normal) (G1 Evacuation Pause)
[2025-05-24T00:28:41.646+0000][gc,task     ] GC(3) Using 10 workers of 10 for evacuation
[2025-05-24T00:28:41.655+0000][gc,phases   ] GC(3)   Pre Evacuate Collection Set: 0.4ms
[2025-05-24T00:28:41.655+0000][gc,phases   ] GC(3)   Merge Heap Roots: 0.1ms
[2025-05-24T00:28:41.655+0000][gc,phases   ] GC(3)   Evacuate Collection Set: 6.8ms
[2025-05-24T00:28:41.655+0000][gc,phases   ] GC(3)   Post Evacuate Collection Set: 1.4ms
[2025-05-24T00:28:41.655+0000][gc,phases   ] GC(3)   Other: 0.4ms
[2025-05-24T00:28:41.656+0000][gc,heap     ] GC(3) Eden regions: 118->0(610)
[2025-05-24T00:28:41.656+0000][gc,heap     ] GC(3) Survivor regions: 3->4(16)
[2025-05-24T00:28:41.656+0000][gc,heap     ] GC(3) Old regions: 20->20
[2025-05-24T00:28:41.656+0000][gc,heap     ] GC(3) Humongous regions: 130->130
[2025-05-24T00:28:41.656+0000][gc,metaspace] GC(3) Metaspace: 11221K(11520K)->11221K(11520K) NonClass: 9724K(9856K)->9724K(9856K) Class: 1496K(1664K)->1496K(1664K)
[2025-05-24T00:28:41.656+0000][gc          ] GC(3) Pause Young (Normal) (G1 Evacuation Pause) 270M->153M(1024M) 11.135ms
[2025-05-24T00:28:41.657+0000][gc,cpu      ] GC(3) User=0.03s Sys=0.02s Real=0.02s
[2025-05-24T00:29:29.323+0000][gc,start    ] GC(4) Pause Young (Normal) (G1 Evacuation Pause)
[2025-05-24T00:29:29.323+0000][gc,task     ] GC(4) Using 10 workers of 10 for evacuation
[2025-05-24T00:29:29.333+0000][gc,phases   ] GC(4)   Pre Evacuate Collection Set: 0.4ms
[2025-05-24T00:29:29.333+0000][gc,phases   ] GC(4)   Merge Heap Roots: 0.3ms
[2025-05-24T00:29:29.333+0000][gc,phases   ] GC(4)   Evacuate Collection Set: 5.5ms
[2025-05-24T00:29:29.333+0000][gc,phases   ] GC(4)   Post Evacuate Collection Set: 2.5ms
[2025-05-24T00:29:29.334+0000][gc,phases   ] GC(4)   Other: 0.5ms
[2025-05-24T00:29:29.334+0000][gc,heap     ] GC(4) Eden regions: 610->0(610)
[2025-05-24T00:29:29.334+0000][gc,heap     ] GC(4) Survivor regions: 4->4(77)
[2025-05-24T00:29:29.334+0000][gc,heap     ] GC(4) Old regions: 20->20
[2025-05-24T00:29:29.334+0000][gc,heap     ] GC(4) Humongous regions: 132->130
[2025-05-24T00:29:29.335+0000][gc,metaspace] GC(4) Metaspace: 12676K(12992K)->12676K(12992K) NonClass: 11056K(11200K)->11056K(11200K) Class: 1620K(1792K)->1620K(1792K)
[2025-05-24T00:29:29.335+0000][gc          ] GC(4) Pause Young (Normal) (G1 Evacuation Pause) 765M->153M(1024M) 12.044ms
[2025-05-24T00:29:29.335+0000][gc,cpu      ] GC(4) User=0.02s Sys=0.01s Real=0.02s
[2025-05-24T00:30:09.331+0000][gc,start    ] GC(5) Pause Young (Normal) (G1 Evacuation Pause)
[2025-05-24T00:30:09.331+0000][gc,task     ] GC(5) Using 10 workers of 10 for evacuation
[2025-05-24T00:30:09.336+0000][gc,phases   ] GC(5)   Pre Evacuate Collection Set: 0.4ms
[2025-05-24T00:30:09.336+0000][gc,phases   ] GC(5)   Merge Heap Roots: 0.3ms
[2025-05-24T00:30:09.337+0000][gc,phases   ] GC(5)   Evacuate Collection Set: 2.5ms
[2025-05-24T00:30:09.337+0000][gc,phases   ] GC(5)   Post Evacuate Collection Set: 1.3ms
[2025-05-24T00:30:09.337+0000][gc,phases   ] GC(5)   Other: 0.3ms
[2025-05-24T00:30:09.337+0000][gc,heap     ] GC(5) Eden regions: 610->0(609)
[2025-05-24T00:30:09.337+0000][gc,heap     ] GC(5) Survivor regions: 4->5(77)
[2025-05-24T00:30:09.338+0000][gc,heap     ] GC(5) Old regions: 20->20
[2025-05-24T00:30:09.338+0000][gc,heap     ] GC(5) Humongous regions: 130->130
[2025-05-24T00:30:09.338+0000][gc,metaspace] GC(5) Metaspace: 13088K(13568K)->13088K(13568K) NonClass: 11463K(11712K)->11463K(11712K) Class: 1625K(1856K)->1625K(1856K)
[2025-05-24T00:30:09.338+0000][gc          ] GC(5) Pause Young (Normal) (G1 Evacuation Pause) 763M->154M(1024M) 7.160ms
[2025-05-24T00:30:09.338+0000][gc,cpu      ] GC(5) User=0.02s Sys=0.01s Real=0.01s
[2025-05-24T00:30:47.849+0000][gc,start    ] GC(6) Pause Young (Normal) (G1 Evacuation Pause)
[2025-05-24T00:30:47.849+0000][gc,task     ] GC(6) Using 10 workers of 10 for evacuation
[2025-05-24T00:30:47.865+0000][gc,phases   ] GC(6)   Pre Evacuate Collection Set: 0.5ms
[2025-05-24T00:30:47.866+0000][gc,phases   ] GC(6)   Merge Heap Roots: 0.6ms
[2025-05-24T00:30:47.867+0000][gc,phases   ] GC(6)   Evacuate Collection Set: 11.4ms
[2025-05-24T00:30:47.868+0000][gc,phases   ] GC(6)   Post Evacuate Collection Set: 3.3ms
[2025-05-24T00:30:47.868+0000][gc,phases   ] GC(6)   Other: 0.6ms
[2025-05-24T00:30:47.869+0000][gc,heap     ] GC(6) Eden regions: 609->0(607)
[2025-05-24T00:30:47.869+0000][gc,heap     ] GC(6) Survivor regions: 5->7(77)
[2025-05-24T00:30:47.869+0000][gc,heap     ] GC(6) Old regions: 20->20
[2025-05-24T00:30:47.869+0000][gc,heap     ] GC(6) Humongous regions: 130->130
[2025-05-24T00:30:47.870+0000][gc,metaspace] GC(6) Metaspace: 13787K(14144K)->13787K(14144K) NonClass: 12120K(12288K)->12120K(12288K) Class: 1667K(1856K)->1667K(1856K)
[2025-05-24T00:30:47.870+0000][gc          ] GC(6) Pause Young (Normal) (G1 Evacuation Pause) 763M->156M(1024M) 21.180ms
[2025-05-24T00:30:47.870+0000][gc,cpu      ] GC(6) User=0.05s Sys=0.00s Real=0.03s
[2025-05-24T00:31:19.416+0000][gc,start    ] GC(7) Pause Young (Normal) (G1 Evacuation Pause)
[2025-05-24T00:31:19.416+0000][gc,task     ] GC(7) Using 10 workers of 10 for evacuation
[2025-05-24T00:31:19.445+0000][gc,phases   ] GC(7)   Pre Evacuate Collection Set: 0.6ms
[2025-05-24T00:31:19.447+0000][gc,phases   ] GC(7)   Merge Heap Roots: 0.4ms
[2025-05-24T00:31:19.448+0000][gc,phases   ] GC(7)   Evacuate Collection Set: 25.2ms
[2025-05-24T00:31:19.449+0000][gc,phases   ] GC(7)   Post Evacuate Collection Set: 2.5ms
[2025-05-24T00:31:19.450+0000][gc,phases   ] GC(7)   Other: 0.4ms
[2025-05-24T00:31:19.451+0000][gc,heap     ] GC(7) Eden regions: 607->0(604)
[2025-05-24T00:31:19.451+0000][gc,heap     ] GC(7) Survivor regions: 7->10(77)
[2025-05-24T00:31:19.451+0000][gc,heap     ] GC(7) Old regions: 20->20
[2025-05-24T00:31:19.451+0000][gc,heap     ] GC(7) Humongous regions: 131->130
[2025-05-24T00:31:19.451+0000][gc,metaspace] GC(7) Metaspace: 14773K(15168K)->14773K(15168K) NonClass: 13075K(13248K)->13075K(13248K) Class: 1698K(1920K)->1698K(1920K)
[2025-05-24T00:31:19.452+0000][gc          ] GC(7) Pause Young (Normal) (G1 Evacuation Pause) 764M->159M(1024M) 36.105ms
[2025-05-24T00:31:19.452+0000][gc,cpu      ] GC(7) User=0.11s Sys=0.01s Real=0.04s
[2025-05-24T00:31:49.456+0000][gc,start    ] GC(8) Pause Young (Normal) (G1 Evacuation Pause)
[2025-05-24T00:31:49.456+0000][gc,task     ] GC(8) Using 10 workers of 10 for evacuation
[2025-05-24T00:31:49.467+0000][gc,phases   ] GC(8)   Pre Evacuate Collection Set: 0.6ms
[2025-05-24T00:31:49.468+0000][gc,phases   ] GC(8)   Merge Heap Roots: 0.7ms
[2025-05-24T00:31:49.468+0000][gc,phases   ] GC(8)   Evacuate Collection Set: 6.5ms
[2025-05-24T00:31:49.468+0000][gc,phases   ] GC(8)   Post Evacuate Collection Set: 2.9ms
[2025-05-24T00:31:49.469+0000][gc,phases   ] GC(8)   Other: 0.5ms
[2025-05-24T00:31:49.469+0000][gc,heap     ] GC(8) Eden regions: 604->0(603)
[2025-05-24T00:31:49.469+0000][gc,heap     ] GC(8) Survivor regions: 10->11(77)
[2025-05-24T00:31:49.470+0000][gc,heap     ] GC(8) Old regions: 20->20
[2025-05-24T00:31:49.470+0000][gc,heap     ] GC(8) Humongous regions: 130->130
[2025-05-24T00:31:49.470+0000][gc,metaspace] GC(8) Metaspace: 14964K(15360K)->14964K(15360K) NonClass: 13263K(13440K)->13263K(13440K) Class: 1701K(1920K)->1701K(1920K)
[2025-05-24T00:31:49.470+0000][gc          ] GC(8) Pause Young (Normal) (G1 Evacuation Pause) 763M->160M(1024M) 14.705ms
[2025-05-24T00:31:49.471+0000][gc,cpu      ] GC(8) User=0.05s Sys=0.03s Real=0.02s
[2025-05-24T00:32:19.743+0000][gc,start    ] GC(9) Pause Young (Normal) (G1 Evacuation Pause)
[2025-05-24T00:32:19.743+0000][gc,task     ] GC(9) Using 10 workers of 10 for evacuation
[2025-05-24T00:32:19.750+0000][gc,phases   ] GC(9)   Pre Evacuate Collection Set: 0.4ms
[2025-05-24T00:32:19.750+0000][gc,phases   ] GC(9)   Merge Heap Roots: 0.2ms
[2025-05-24T00:32:19.750+0000][gc,phases   ] GC(9)   Evacuate Collection Set: 4.2ms
[2025-05-24T00:32:19.750+0000][gc,phases   ] GC(9)   Post Evacuate Collection Set: 1.1ms
[2025-05-24T00:32:19.750+0000][gc,phases   ] GC(9)   Other: 0.4ms
[2025-05-24T00:32:19.751+0000][gc,heap     ] GC(9) Eden regions: 603->0(604)
[2025-05-24T00:32:19.751+0000][gc,heap     ] GC(9) Survivor regions: 11->10(77)
[2025-05-24T00:32:19.751+0000][gc,heap     ] GC(9) Old regions: 20->20
[2025-05-24T00:32:19.751+0000][gc,heap     ] GC(9) Humongous regions: 130->130
[2025-05-24T00:32:19.751+0000][gc,metaspace] GC(9) Metaspace: 15072K(15488K)->15072K(15488K) NonClass: 13371K(13568K)->13371K(13568K) Class: 1701K(1920K)->1701K(1920K)
[2025-05-24T00:32:19.752+0000][gc          ] GC(9) Pause Young (Normal) (G1 Evacuation Pause) 763M->159M(1024M) 8.605ms
[2025-05-24T00:32:19.752+0000][gc,cpu      ] GC(9) User=0.04s Sys=0.00s Real=0.01s
[2025-05-24T00:32:59.778+0000][gc,start    ] GC(10) Pause Young (Normal) (G1 Evacuation Pause)
[2025-05-24T00:32:59.778+0000][gc,task     ] GC(10) Using 10 workers of 10 for evacuation
[2025-05-24T00:32:59.788+0000][gc,phases   ] GC(10)   Pre Evacuate Collection Set: 0.5ms
[2025-05-24T00:32:59.788+0000][gc,phases   ] GC(10)   Merge Heap Roots: 0.4ms
[2025-05-24T00:32:59.788+0000][gc,phases   ] GC(10)   Evacuate Collection Set: 6.2ms
[2025-05-24T00:32:59.788+0000][gc,phases   ] GC(10)   Post Evacuate Collection Set: 1.9ms
[2025-05-24T00:32:59.789+0000][gc,phases   ] GC(10)   Other: 0.5ms
[2025-05-24T00:32:59.789+0000][gc,heap     ] GC(10) Eden regions: 604->0(603)
[2025-05-24T00:32:59.789+0000][gc,heap     ] GC(10) Survivor regions: 10->11(77)
[2025-05-24T00:32:59.790+0000][gc,heap     ] GC(10) Old regions: 20->20
[2025-05-24T00:32:59.790+0000][gc,heap     ] GC(10) Humongous regions: 130->130
[2025-05-24T00:32:59.790+0000][gc,metaspace] GC(10) Metaspace: 15134K(15488K)->15134K(15488K) NonClass: 13431K(13568K)->13431K(13568K) Class: 1702K(1920K)->1702K(1920K)
[2025-05-24T00:32:59.790+0000][gc          ] GC(10) Pause Young (Normal) (G1 Evacuation Pause) 763M->160M(1024M) 12.671ms
[2025-05-24T00:32:59.791+0000][gc,cpu      ] GC(10) User=0.06s Sys=0.00s Real=0.01s
[2025-05-24T00:33:39.478+0000][gc,start    ] GC(11) Pause Young (Normal) (G1 Evacuation Pause)
[2025-05-24T00:33:39.479+0000][gc,task     ] GC(11) Using 10 workers of 10 for evacuation
[2025-05-24T00:33:39.491+0000][gc,phases   ] GC(11)   Pre Evacuate Collection Set: 0.6ms
[2025-05-24T00:33:39.491+0000][gc,phases   ] GC(11)   Merge Heap Roots: 0.4ms
[2025-05-24T00:33:39.491+0000][gc,phases   ] GC(11)   Evacuate Collection Set: 8.1ms
[2025-05-24T00:33:39.492+0000][gc,phases   ] GC(11)   Post Evacuate Collection Set: 1.8ms
[2025-05-24T00:33:39.492+0000][gc,phases   ] GC(11)   Other: 0.7ms
[2025-05-24T00:33:39.492+0000][gc,heap     ] GC(11) Eden regions: 603->0(603)
[2025-05-24T00:33:39.492+0000][gc,heap     ] GC(11) Survivor regions: 11->11(77)
[2025-05-24T00:33:39.493+0000][gc,heap     ] GC(11) Old regions: 20->20
[2025-05-24T00:33:39.493+0000][gc,heap     ] GC(11) Humongous regions: 130->130
[2025-05-24T00:33:39.493+0000][gc,metaspace] GC(11) Metaspace: 15172K(15616K)->15172K(15616K) NonClass: 13467K(13696K)->13467K(13696K) Class: 1704K(1920K)->1704K(1920K)
[2025-05-24T00:33:39.493+0000][gc          ] GC(11) Pause Young (Normal) (G1 Evacuation Pause) 763M->160M(1024M) 15.039ms
[2025-05-24T00:33:39.494+0000][gc,cpu      ] GC(11) User=0.05s Sys=0.00s Real=0.02s
[2025-05-24T00:34:10.230+0000][gc,start    ] GC(12) Pause Young (Normal) (G1 Evacuation Pause)
[2025-05-24T00:34:10.230+0000][gc,task     ] GC(12) Using 10 workers of 10 for evacuation
[2025-05-24T00:34:10.246+0000][gc,phases   ] GC(12)   Pre Evacuate Collection Set: 0.6ms
[2025-05-24T00:34:10.247+0000][gc,phases   ] GC(12)   Merge Heap Roots: 0.3ms
[2025-05-24T00:34:10.247+0000][gc,phases   ] GC(12)   Evacuate Collection Set: 12.8ms
[2025-05-24T00:34:10.247+0000][gc,phases   ] GC(12)   Post Evacuate Collection Set: 1.8ms
[2025-05-24T00:34:10.247+0000][gc,phases   ] GC(12)   Other: 0.5ms
[2025-05-24T00:34:10.247+0000][gc,heap     ] GC(12) Eden regions: 603->0(599)
[2025-05-24T00:34:10.247+0000][gc,heap     ] GC(12) Survivor regions: 11->15(77)
[2025-05-24T00:34:10.248+0000][gc,heap     ] GC(12) Old regions: 20->20
[2025-05-24T00:34:10.248+0000][gc,heap     ] GC(12) Humongous regions: 130->130
[2025-05-24T00:34:10.248+0000][gc,metaspace] GC(12) Metaspace: 15226K(15616K)->15226K(15616K) NonClass: 13516K(13696K)->13516K(13696K) Class: 1709K(1920K)->1709K(1920K)
[2025-05-24T00:34:10.248+0000][gc          ] GC(12) Pause Young (Normal) (G1 Evacuation Pause) 763M->164M(1024M) 18.559ms
[2025-05-24T00:34:10.249+0000][gc,cpu      ] GC(12) User=0.10s Sys=0.01s Real=0.02s
[2025-05-24T00:34:49.816+0000][gc,start    ] GC(13) Pause Young (Normal) (G1 Evacuation Pause)
[2025-05-24T00:34:49.817+0000][gc,task     ] GC(13) Using 10 workers of 10 for evacuation
[2025-05-24T00:34:49.826+0000][gc,phases   ] GC(13)   Pre Evacuate Collection Set: 0.4ms
[2025-05-24T00:34:49.826+0000][gc,phases   ] GC(13)   Merge Heap Roots: 0.2ms
[2025-05-24T00:34:49.826+0000][gc,phases   ] GC(13)   Evacuate Collection Set: 6.8ms
[2025-05-24T00:34:49.827+0000][gc,phases   ] GC(13)   Post Evacuate Collection Set: 1.4ms
[2025-05-24T00:34:49.827+0000][gc,phases   ] GC(13)   Other: 0.4ms
[2025-05-24T00:34:49.827+0000][gc,heap     ] GC(13) Eden regions: 599->0(600)
[2025-05-24T00:34:49.827+0000][gc,heap     ] GC(13) Survivor regions: 15->14(77)
[2025-05-24T00:34:49.827+0000][gc,heap     ] GC(13) Old regions: 20->20
[2025-05-24T00:34:49.828+0000][gc,heap     ] GC(13) Humongous regions: 130->130
[2025-05-24T00:34:49.828+0000][gc,metaspace] GC(13) Metaspace: 15512K(15936K)->15512K(15936K) NonClass: 13750K(13952K)->13750K(13952K) Class: 1761K(1984K)->1761K(1984K)
[2025-05-24T00:34:49.828+0000][gc          ] GC(13) Pause Young (Normal) (G1 Evacuation Pause) 763M->163M(1024M) 11.749ms
[2025-05-24T00:34:49.828+0000][gc,cpu      ] GC(13) User=0.05s Sys=0.00s Real=0.01s
[2025-05-24T00:35:29.698+0000][gc,start    ] GC(14) Pause Young (Normal) (G1 Evacuation Pause)
[2025-05-24T00:35:29.698+0000][gc,task     ] GC(14) Using 10 workers of 10 for evacuation
[2025-05-24T00:35:29.710+0000][gc,phases   ] GC(14)   Pre Evacuate Collection Set: 0.5ms
[2025-05-24T00:35:29.711+0000][gc,phases   ] GC(14)   Merge Heap Roots: 0.4ms
[2025-05-24T00:35:29.711+0000][gc,phases   ] GC(14)   Evacuate Collection Set: 9.3ms
[2025-05-24T00:35:29.711+0000][gc,phases   ] GC(14)   Post Evacuate Collection Set: 1.7ms
[2025-05-24T00:35:29.711+0000][gc,phases   ] GC(14)   Other: 0.3ms
[2025-05-24T00:35:29.712+0000][gc,heap     ] GC(14) Eden regions: 600->0(599)
[2025-05-24T00:35:29.712+0000][gc,heap     ] GC(14) Survivor regions: 14->15(77)
[2025-05-24T00:35:29.712+0000][gc,heap     ] GC(14) Old regions: 20->20
[2025-05-24T00:35:29.712+0000][gc,heap     ] GC(14) Humongous regions: 130->130
[2025-05-24T00:35:29.713+0000][gc,metaspace] GC(14) Metaspace: 15555K(15936K)->15555K(15936K) NonClass: 13790K(13952K)->13790K(13952K) Class: 1765K(1984K)->1765K(1984K)
[2025-05-24T00:35:29.713+0000][gc          ] GC(14) Pause Young (Normal) (G1 Evacuation Pause) 763M->164M(1024M) 15.310ms
[2025-05-24T00:35:29.713+0000][gc,cpu      ] GC(14) User=0.09s Sys=0.01s Real=0.01s
[2025-05-24T00:36:09.361+0000][gc,start    ] GC(15) Pause Young (Normal) (G1 Evacuation Pause)
[2025-05-24T00:36:09.361+0000][gc,task     ] GC(15) Using 10 workers of 10 for evacuation
[2025-05-24T00:36:09.368+0000][gc,phases   ] GC(15)   Pre Evacuate Collection Set: 0.4ms
[2025-05-24T00:36:09.368+0000][gc,phases   ] GC(15)   Merge Heap Roots: 0.2ms
[2025-05-24T00:36:09.368+0000][gc,phases   ] GC(15)   Evacuate Collection Set: 4.6ms
[2025-05-24T00:36:09.369+0000][gc,phases   ] GC(15)   Post Evacuate Collection Set: 1.4ms
[2025-05-24T00:36:09.369+0000][gc,phases   ] GC(15)   Other: 0.3ms
[2025-05-24T00:36:09.369+0000][gc,heap     ] GC(15) Eden regions: 599->0(603)
[2025-05-24T00:36:09.369+0000][gc,heap     ] GC(15) Survivor regions: 15->11(77)
[2025-05-24T00:36:09.369+0000][gc,heap     ] GC(15) Old regions: 20->20
[2025-05-24T00:36:09.369+0000][gc,heap     ] GC(15) Humongous regions: 130->130
[2025-05-24T00:36:09.369+0000][gc,metaspace] GC(15) Metaspace: 15697K(16064K)->15697K(16064K) NonClass: 13912K(14080K)->13912K(14080K) Class: 1785K(1984K)->1785K(1984K)
[2025-05-24T00:36:09.370+0000][gc          ] GC(15) Pause Young (Normal) (G1 Evacuation Pause) 763M->160M(1024M) 8.753ms
[2025-05-24T00:36:09.370+0000][gc,cpu      ] GC(15) User=0.05s Sys=0.00s Real=0.01s
[2025-05-24T00:36:40.265+0000][gc,start    ] GC(16) Pause Young (Normal) (G1 Evacuation Pause)
[2025-05-24T00:36:40.265+0000][gc,task     ] GC(16) Using 10 workers of 10 for evacuation
[2025-05-24T00:36:40.277+0000][gc,phases   ] GC(16)   Pre Evacuate Collection Set: 0.5ms
[2025-05-24T00:36:40.278+0000][gc,phases   ] GC(16)   Merge Heap Roots: 0.3ms
[2025-05-24T00:36:40.278+0000][gc,phases   ] GC(16)   Evacuate Collection Set: 9.1ms
[2025-05-24T00:36:40.278+0000][gc,phases   ] GC(16)   Post Evacuate Collection Set: 1.8ms
[2025-05-24T00:36:40.278+0000][gc,phases   ] GC(16)   Other: 0.4ms
[2025-05-24T00:36:40.279+0000][gc,heap     ] GC(16) Eden regions: 603->0(600)
[2025-05-24T00:36:40.279+0000][gc,heap     ] GC(16) Survivor regions: 11->14(77)
[2025-05-24T00:36:40.279+0000][gc,heap     ] GC(16) Old regions: 20->20
[2025-05-24T00:36:40.279+0000][gc,heap     ] GC(16) Humongous regions: 130->130
[2025-05-24T00:36:40.279+0000][gc,metaspace] GC(16) Metaspace: 15739K(16192K)->15739K(16192K) NonClass: 13954K(14208K)->13954K(14208K) Class: 1785K(1984K)->1785K(1984K)
[2025-05-24T00:36:40.280+0000][gc          ] GC(16) Pause Young (Normal) (G1 Evacuation Pause) 763M->163M(1024M) 15.129ms
[2025-05-24T00:36:40.280+0000][gc,cpu      ] GC(16) User=0.09s Sys=0.00s Real=0.01s
[2025-05-24T00:37:19.781+0000][gc,start    ] GC(17) Pause Young (Normal) (G1 Evacuation Pause)
[2025-05-24T00:37:19.782+0000][gc,task     ] GC(17) Using 10 workers of 10 for evacuation
[2025-05-24T00:37:19.792+0000][gc,phases   ] GC(17)   Pre Evacuate Collection Set: 0.4ms
[2025-05-24T00:37:19.792+0000][gc,phases   ] GC(17)   Merge Heap Roots: 0.2ms
[2025-05-24T00:37:19.793+0000][gc,phases   ] GC(17)   Evacuate Collection Set: 8.2ms
[2025-05-24T00:37:19.793+0000][gc,phases   ] GC(17)   Post Evacuate Collection Set: 1.4ms
[2025-05-24T00:37:19.793+0000][gc,phases   ] GC(17)   Other: 0.3ms
[2025-05-24T00:37:19.793+0000][gc,heap     ] GC(17) Eden regions: 600->0(601)
[2025-05-24T00:37:19.793+0000][gc,heap     ] GC(17) Survivor regions: 14->13(77)
[2025-05-24T00:37:19.794+0000][gc,heap     ] GC(17) Old regions: 20->22
[2025-05-24T00:37:19.794+0000][gc,heap     ] GC(17) Humongous regions: 131->130
[2025-05-24T00:37:19.794+0000][gc,metaspace] GC(17) Metaspace: 15798K(16192K)->15798K(16192K) NonClass: 14013K(14208K)->14013K(14208K) Class: 1785K(1984K)->1785K(1984K)
[2025-05-24T00:37:19.794+0000][gc          ] GC(17) Pause Young (Normal) (G1 Evacuation Pause) 764M->163M(1024M) 12.999ms
[2025-05-24T00:37:19.795+0000][gc,cpu      ] GC(17) User=0.06s Sys=0.01s Real=0.01s
[2025-05-24T00:37:59.580+0000][gc,start    ] GC(18) Pause Young (Normal) (G1 Evacuation Pause)
[2025-05-24T00:37:59.580+0000][gc,task     ] GC(18) Using 10 workers of 10 for evacuation
[2025-05-24T00:37:59.591+0000][gc,phases   ] GC(18)   Pre Evacuate Collection Set: 0.4ms
[2025-05-24T00:37:59.591+0000][gc,phases   ] GC(18)   Merge Heap Roots: 0.2ms
[2025-05-24T00:37:59.592+0000][gc,phases   ] GC(18)   Evacuate Collection Set: 8.3ms
[2025-05-24T00:37:59.592+0000][gc,phases   ] GC(18)   Post Evacuate Collection Set: 1.7ms
[2025-05-24T00:37:59.592+0000][gc,phases   ] GC(18)   Other: 0.3ms
[2025-05-24T00:37:59.593+0000][gc,heap     ] GC(18) Eden regions: 601->0(602)
[2025-05-24T00:37:59.593+0000][gc,heap     ] GC(18) Survivor regions: 13->12(77)
[2025-05-24T00:37:59.593+0000][gc,heap     ] GC(18) Old regions: 22->22
[2025-05-24T00:37:59.593+0000][gc,heap     ] GC(18) Humongous regions: 130->130
[2025-05-24T00:37:59.593+0000][gc,metaspace] GC(18) Metaspace: 15815K(16192K)->15815K(16192K) NonClass: 14029K(14208K)->14029K(14208K) Class: 1785K(1984K)->1785K(1984K)
[2025-05-24T00:37:59.594+0000][gc          ] GC(18) Pause Young (Normal) (G1 Evacuation Pause) 764M->163M(1024M) 13.827ms
[2025-05-24T00:37:59.594+0000][gc,cpu      ] GC(18) User=0.06s Sys=0.01s Real=0.01s
[2025-05-24T00:38:39.327+0000][gc,start    ] GC(19) Pause Young (Normal) (G1 Evacuation Pause)
[2025-05-24T00:38:39.327+0000][gc,task     ] GC(19) Using 10 workers of 10 for evacuation
[2025-05-24T00:38:39.341+0000][gc,phases   ] GC(19)   Pre Evacuate Collection Set: 0.6ms
[2025-05-24T00:38:39.342+0000][gc,phases   ] GC(19)   Merge Heap Roots: 0.5ms
[2025-05-24T00:38:39.342+0000][gc,phases   ] GC(19)   Evacuate Collection Set: 10.7ms
[2025-05-24T00:38:39.342+0000][gc,phases   ] GC(19)   Post Evacuate Collection Set: 1.7ms
[2025-05-24T00:38:39.342+0000][gc,phases   ] GC(19)   Other: 0.5ms
[2025-05-24T00:38:39.342+0000][gc,heap     ] GC(19) Eden regions: 602->0(602)
[2025-05-24T00:38:39.342+0000][gc,heap     ] GC(19) Survivor regions: 12->12(77)
[2025-05-24T00:38:39.343+0000][gc,heap     ] GC(19) Old regions: 22->23
[2025-05-24T00:38:39.343+0000][gc,heap     ] GC(19) Humongous regions: 130->130
[2025-05-24T00:38:39.343+0000][gc,metaspace] GC(19) Metaspace: 15853K(16256K)->15853K(16256K) NonClass: 14066K(14272K)->14066K(14272K) Class: 1786K(1984K)->1786K(1984K)
[2025-05-24T00:38:39.343+0000][gc          ] GC(19) Pause Young (Normal) (G1 Evacuation Pause) 765M->164M(1024M) 16.277ms
[2025-05-24T00:38:39.343+0000][gc,cpu      ] GC(19) User=0.08s Sys=0.01s Real=0.01s
[2025-05-24T00:39:10.058+0000][gc,start    ] GC(20) Pause Young (Normal) (G1 Evacuation Pause)
[2025-05-24T00:39:10.058+0000][gc,task     ] GC(20) Using 10 workers of 10 for evacuation
[2025-05-24T00:39:10.079+0000][gc,phases   ] GC(20)   Pre Evacuate Collection Set: 0.6ms
[2025-05-24T00:39:10.080+0000][gc,phases   ] GC(20)   Merge Heap Roots: 0.4ms
[2025-05-24T00:39:10.081+0000][gc,phases   ] GC(20)   Evacuate Collection Set: 18.1ms
[2025-05-24T00:39:10.081+0000][gc,phases   ] GC(20)   Post Evacuate Collection Set: 1.7ms
[2025-05-24T00:39:10.081+0000][gc,phases   ] GC(20)   Other: 0.5ms
[2025-05-24T00:39:10.082+0000][gc,heap     ] GC(20) Eden regions: 602->0(597)
[2025-05-24T00:39:10.082+0000][gc,heap     ] GC(20) Survivor regions: 12->17(77)
[2025-05-24T00:39:10.082+0000][gc,heap     ] GC(20) Old regions: 23->23
[2025-05-24T00:39:10.082+0000][gc,heap     ] GC(20) Humongous regions: 130->130
[2025-05-24T00:39:10.083+0000][gc,metaspace] GC(20) Metaspace: 15939K(16320K)->15939K(16320K) NonClass: 14148K(14336K)->14148K(14336K) Class: 1791K(1984K)->1791K(1984K)
[2025-05-24T00:39:10.083+0000][gc          ] GC(20) Pause Young (Normal) (G1 Evacuation Pause) 766M->169M(1024M) 25.306ms
[2025-05-24T00:39:10.083+0000][gc,cpu      ] GC(20) User=0.09s Sys=0.03s Real=0.02s
[2025-05-24T00:39:49.793+0000][gc,start    ] GC(21) Pause Young (Normal) (G1 Evacuation Pause)
[2025-05-24T00:39:49.793+0000][gc,task     ] GC(21) Using 10 workers of 10 for evacuation
[2025-05-24T00:39:49.803+0000][gc,phases   ] GC(21)   Pre Evacuate Collection Set: 0.5ms
[2025-05-24T00:39:49.803+0000][gc,phases   ] GC(21)   Merge Heap Roots: 0.4ms
[2025-05-24T00:39:49.804+0000][gc,phases   ] GC(21)   Evacuate Collection Set: 7.1ms
[2025-05-24T00:39:49.804+0000][gc,phases   ] GC(21)   Post Evacuate Collection Set: 1.7ms
[2025-05-24T00:39:49.804+0000][gc,phases   ] GC(21)   Other: 0.4ms
[2025-05-24T00:39:49.804+0000][gc,heap     ] GC(21) Eden regions: 597->0(598)
[2025-05-24T00:39:49.804+0000][gc,heap     ] GC(21) Survivor regions: 17->16(77)
[2025-05-24T00:39:49.805+0000][gc,heap     ] GC(21) Old regions: 23->23
[2025-05-24T00:39:49.805+0000][gc,heap     ] GC(21) Humongous regions: 130->130
[2025-05-24T00:39:49.805+0000][gc,metaspace] GC(21) Metaspace: 15952K(16320K)->15952K(16320K) NonClass: 14161K(14336K)->14161K(14336K) Class: 1791K(1984K)->1791K(1984K)
[2025-05-24T00:39:49.805+0000][gc          ] GC(21) Pause Young (Normal) (G1 Evacuation Pause) 766M->167M(1024M) 12.559ms
[2025-05-24T00:39:49.805+0000][gc,cpu      ] GC(21) User=0.05s Sys=0.01s Real=0.02s
[2025-05-24T00:40:29.432+0000][gc,start    ] GC(22) Pause Young (Normal) (G1 Evacuation Pause)
[2025-05-24T00:40:29.432+0000][gc,task     ] GC(22) Using 10 workers of 10 for evacuation
[2025-05-24T00:40:29.440+0000][gc,phases   ] GC(22)   Pre Evacuate Collection Set: 0.4ms
[2025-05-24T00:40:29.441+0000][gc,phases   ] GC(22)   Merge Heap Roots: 0.2ms
[2025-05-24T00:40:29.441+0000][gc,phases   ] GC(22)   Evacuate Collection Set: 6.0ms
[2025-05-24T00:40:29.441+0000][gc,phases   ] GC(22)   Post Evacuate Collection Set: 1.1ms
[2025-05-24T00:40:29.441+0000][gc,phases   ] GC(22)   Other: 0.4ms
[2025-05-24T00:40:29.441+0000][gc,heap     ] GC(22) Eden regions: 598->0(603)
[2025-05-24T00:40:29.441+0000][gc,heap     ] GC(22) Survivor regions: 16->11(77)
[2025-05-24T00:40:29.442+0000][gc,heap     ] GC(22) Old regions: 23->24
[2025-05-24T00:40:29.442+0000][gc,heap     ] GC(22) Humongous regions: 130->130
[2025-05-24T00:40:29.445+0000][gc,metaspace] GC(22) Metaspace: 15969K(16320K)->15969K(16320K) NonClass: 14178K(14336K)->14178K(14336K) Class: 1791K(1984K)->1791K(1984K)
[2025-05-24T00:40:29.445+0000][gc          ] GC(22) Pause Young (Normal) (G1 Evacuation Pause) 765M->164M(1024M) 13.570ms
[2025-05-24T00:40:29.446+0000][gc,cpu      ] GC(22) User=0.05s Sys=0.01s Real=0.02s
[2025-05-24T00:41:09.340+0000][gc,start    ] GC(23) Pause Young (Normal) (G1 Evacuation Pause)
[2025-05-24T00:41:09.341+0000][gc,task     ] GC(23) Using 10 workers of 10 for evacuation
[2025-05-24T00:41:09.348+0000][gc,phases   ] GC(23)   Pre Evacuate Collection Set: 0.5ms
[2025-05-24T00:41:09.349+0000][gc,phases   ] GC(23)   Merge Heap Roots: 0.3ms
[2025-05-24T00:41:09.349+0000][gc,phases   ] GC(23)   Evacuate Collection Set: 5.2ms
[2025-05-24T00:41:09.349+0000][gc,phases   ] GC(23)   Post Evacuate Collection Set: 1.5ms
[2025-05-24T00:41:09.350+0000][gc,phases   ] GC(23)   Other: 0.4ms
[2025-05-24T00:41:09.350+0000][gc,heap     ] GC(23) Eden regions: 603->0(604)
[2025-05-24T00:41:09.350+0000][gc,heap     ] GC(23) Survivor regions: 11->10(77)
[2025-05-24T00:41:09.350+0000][gc,heap     ] GC(23) Old regions: 24->24
[2025-05-24T00:41:09.351+0000][gc,heap     ] GC(23) Humongous regions: 130->130
[2025-05-24T00:41:09.351+0000][gc,metaspace] GC(23) Metaspace: 15998K(16384K)->15998K(16384K) NonClass: 14207K(14400K)->14207K(14400K) Class: 1791K(1984K)->1791K(1984K)
[2025-05-24T00:41:09.351+0000][gc          ] GC(23) Pause Young (Normal) (G1 Evacuation Pause) 767M->163M(1024M) 10.845ms
[2025-05-24T00:41:09.351+0000][gc,cpu      ] GC(23) User=0.05s Sys=0.01s Real=0.01s
[2025-05-24T00:41:39.835+0000][gc,start    ] GC(24) Pause Young (Normal) (G1 Evacuation Pause)
[2025-05-24T00:41:39.836+0000][gc,task     ] GC(24) Using 10 workers of 10 for evacuation
[2025-05-24T00:41:39.843+0000][gc,phases   ] GC(24)   Pre Evacuate Collection Set: 0.4ms
[2025-05-24T00:41:39.843+0000][gc,phases   ] GC(24)   Merge Heap Roots: 0.2ms
[2025-05-24T00:41:39.843+0000][gc,phases   ] GC(24)   Evacuate Collection Set: 4.9ms
[2025-05-24T00:41:39.843+0000][gc,phases   ] GC(24)   Post Evacuate Collection Set: 1.1ms
[2025-05-24T00:41:39.843+0000][gc,phases   ] GC(24)   Other: 0.4ms
[2025-05-24T00:41:39.843+0000][gc,heap     ] GC(24) Eden regions: 604->0(600)
[2025-05-24T00:41:39.844+0000][gc,heap     ] GC(24) Survivor regions: 10->14(77)
[2025-05-24T00:41:39.844+0000][gc,heap     ] GC(24) Old regions: 24->25
[2025-05-24T00:41:39.844+0000][gc,heap     ] GC(24) Humongous regions: 130->130
[2025-05-24T00:41:39.844+0000][gc,metaspace] GC(24) Metaspace: 16022K(16384K)->16022K(16384K) NonClass: 14231K(14400K)->14231K(14400K) Class: 1791K(1984K)->1791K(1984K)
[2025-05-24T00:41:39.844+0000][gc          ] GC(24) Pause Young (Normal) (G1 Evacuation Pause) 767M->167M(1024M) 9.086ms
[2025-05-24T00:41:39.845+0000][gc,cpu      ] GC(24) User=0.05s Sys=0.00s Real=0.01s
[2025-05-24T00:42:20.070+0000][gc,start    ] GC(25) Pause Young (Normal) (G1 Evacuation Pause)
[2025-05-24T00:42:20.071+0000][gc,task     ] GC(25) Using 10 workers of 10 for evacuation
[2025-05-24T00:42:20.081+0000][gc,phases   ] GC(25)   Pre Evacuate Collection Set: 0.5ms
[2025-05-24T00:42:20.082+0000][gc,phases   ] GC(25)   Merge Heap Roots: 0.3ms
[2025-05-24T00:42:20.082+0000][gc,phases   ] GC(25)   Evacuate Collection Set: 7.9ms
[2025-05-24T00:42:20.082+0000][gc,phases   ] GC(25)   Post Evacuate Collection Set: 1.4ms
[2025-05-24T00:42:20.082+0000][gc,phases   ] GC(25)   Other: 0.4ms
[2025-05-24T00:42:20.083+0000][gc,heap     ] GC(25) Eden regions: 600->0(601)
[2025-05-24T00:42:20.083+0000][gc,heap     ] GC(25) Survivor regions: 14->13(77)
[2025-05-24T00:42:20.083+0000][gc,heap     ] GC(25) Old regions: 25->25
[2025-05-24T00:42:20.083+0000][gc,heap     ] GC(25) Humongous regions: 130->130
[2025-05-24T00:42:20.083+0000][gc,metaspace] GC(25) Metaspace: 16046K(16448K)->16046K(16448K) NonClass: 14254K(14464K)->14254K(14464K) Class: 1791K(1984K)->1791K(1984K)
[2025-05-24T00:42:20.084+0000][gc          ] GC(25) Pause Young (Normal) (G1 Evacuation Pause) 767M->167M(1024M) 13.497ms
[2025-05-24T00:42:20.084+0000][gc,cpu      ] GC(25) User=0.05s Sys=0.00s Real=0.01s
[2025-05-24T00:42:59.668+0000][gc,start    ] GC(26) Pause Young (Normal) (G1 Evacuation Pause)
[2025-05-24T00:42:59.669+0000][gc,task     ] GC(26) Using 10 workers of 10 for evacuation
[2025-05-24T00:42:59.677+0000][gc,phases   ] GC(26)   Pre Evacuate Collection Set: 0.5ms
[2025-05-24T00:42:59.678+0000][gc,phases   ] GC(26)   Merge Heap Roots: 0.2ms
[2025-05-24T00:42:59.678+0000][gc,phases   ] GC(26)   Evacuate Collection Set: 6.6ms
[2025-05-24T00:42:59.678+0000][gc,phases   ] GC(26)   Post Evacuate Collection Set: 1.1ms
[2025-05-24T00:42:59.678+0000][gc,phases   ] GC(26)   Other: 0.3ms
[2025-05-24T00:42:59.678+0000][gc,heap     ] GC(26) Eden regions: 601->0(601)
[2025-05-24T00:42:59.679+0000][gc,heap     ] GC(26) Survivor regions: 13->13(77)
[2025-05-24T00:42:59.679+0000][gc,heap     ] GC(26) Old regions: 25->26
[2025-05-24T00:42:59.679+0000][gc,heap     ] GC(26) Humongous regions: 130->130
[2025-05-24T00:42:59.679+0000][gc,metaspace] GC(26) Metaspace: 16092K(16448K)->16092K(16448K) NonClass: 14301K(14464K)->14301K(14464K) Class: 1791K(1984K)->1791K(1984K)
[2025-05-24T00:42:59.679+0000][gc          ] GC(26) Pause Young (Normal) (G1 Evacuation Pause) 768M->168M(1024M) 10.856ms
[2025-05-24T00:42:59.679+0000][gc,cpu      ] GC(26) User=0.06s Sys=0.00s Real=0.01s
[2025-05-24T00:43:39.514+0000][gc,start    ] GC(27) Pause Young (Normal) (G1 Evacuation Pause)
[2025-05-24T00:43:39.515+0000][gc,task     ] GC(27) Using 10 workers of 10 for evacuation
[2025-05-24T00:43:39.524+0000][gc,phases   ] GC(27)   Pre Evacuate Collection Set: 0.5ms
[2025-05-24T00:43:39.525+0000][gc,phases   ] GC(27)   Merge Heap Roots: 0.4ms
[2025-05-24T00:43:39.525+0000][gc,phases   ] GC(27)   Evacuate Collection Set: 6.5ms
[2025-05-24T00:43:39.525+0000][gc,phases   ] GC(27)   Post Evacuate Collection Set: 1.7ms
[2025-05-24T00:43:39.525+0000][gc,phases   ] GC(27)   Other: 0.4ms
[2025-05-24T00:43:39.526+0000][gc,heap     ] GC(27) Eden regions: 601->0(600)
[2025-05-24T00:43:39.526+0000][gc,heap     ] GC(27) Survivor regions: 13->14(77)
[2025-05-24T00:43:39.526+0000][gc,heap     ] GC(27) Old regions: 26->26
[2025-05-24T00:43:39.526+0000][gc,heap     ] GC(27) Humongous regions: 130->130
[2025-05-24T00:43:39.527+0000][gc,metaspace] GC(27) Metaspace: 16098K(16448K)->16098K(16448K) NonClass: 14307K(14464K)->14307K(14464K) Class: 1791K(1984K)->1791K(1984K)
[2025-05-24T00:43:39.527+0000][gc          ] GC(27) Pause Young (Normal) (G1 Evacuation Pause) 769M->169M(1024M) 12.653ms
[2025-05-24T00:43:39.527+0000][gc,cpu      ] GC(27) User=0.06s Sys=0.01s Real=0.01s
[2025-05-24T00:44:10.298+0000][gc,start    ] GC(28) Pause Young (Normal) (G1 Evacuation Pause)
[2025-05-24T00:44:10.298+0000][gc,task     ] GC(28) Using 10 workers of 10 for evacuation
[2025-05-24T00:44:10.308+0000][gc,phases   ] GC(28)   Pre Evacuate Collection Set: 0.6ms
[2025-05-24T00:44:10.308+0000][gc,phases   ] GC(28)   Merge Heap Roots: 0.3ms
[2025-05-24T00:44:10.308+0000][gc,phases   ] GC(28)   Evacuate Collection Set: 6.2ms
[2025-05-24T00:44:10.308+0000][gc,phases   ] GC(28)   Post Evacuate Collection Set: 1.5ms
[2025-05-24T00:44:10.309+0000][gc,phases   ] GC(28)   Other: 0.7ms
[2025-05-24T00:44:10.309+0000][gc,heap     ] GC(28) Eden regions: 600->0(601)
[2025-05-24T00:44:10.309+0000][gc,heap     ] GC(28) Survivor regions: 14->13(77)
[2025-05-24T00:44:10.309+0000][gc,heap     ] GC(28) Old regions: 26->27
[2025-05-24T00:44:10.310+0000][gc,heap     ] GC(28) Humongous regions: 130->130
[2025-05-24T00:44:10.310+0000][gc,metaspace] GC(28) Metaspace: 16111K(16448K)->16111K(16448K) NonClass: 14320K(14464K)->14320K(14464K) Class: 1791K(1984K)->1791K(1984K)
[2025-05-24T00:44:10.310+0000][gc          ] GC(28) Pause Young (Normal) (G1 Evacuation Pause) 769M->169M(1024M) 12.463ms
[2025-05-24T00:44:10.311+0000][gc,cpu      ] GC(28) User=0.06s Sys=0.00s Real=0.01s
[2025-05-24T00:44:49.948+0000][gc,start    ] GC(29) Pause Young (Normal) (G1 Evacuation Pause)
[2025-05-24T00:44:49.948+0000][gc,task     ] GC(29) Using 10 workers of 10 for evacuation
[2025-05-24T00:44:49.964+0000][gc,phases   ] GC(29)   Pre Evacuate Collection Set: 0.5ms
[2025-05-24T00:44:49.965+0000][gc,phases   ] GC(29)   Merge Heap Roots: 0.4ms
[2025-05-24T00:44:49.966+0000][gc,phases   ] GC(29)   Evacuate Collection Set: 12.5ms
[2025-05-24T00:44:49.966+0000][gc,phases   ] GC(29)   Post Evacuate Collection Set: 2.3ms
[2025-05-24T00:44:49.967+0000][gc,phases   ] GC(29)   Other: 0.4ms
[2025-05-24T00:44:49.969+0000][gc,heap     ] GC(29) Eden regions: 601->0(601)
[2025-05-24T00:44:49.969+0000][gc,heap     ] GC(29) Survivor regions: 13->13(77)
[2025-05-24T00:44:49.969+0000][gc,heap     ] GC(29) Old regions: 27->27
[2025-05-24T00:44:49.969+0000][gc,heap     ] GC(29) Humongous regions: 130->130
[2025-05-24T00:44:49.970+0000][gc,metaspace] GC(29) Metaspace: 16137K(16512K)->16137K(16512K) NonClass: 14346K(14528K)->14346K(14528K) Class: 1791K(1984K)->1791K(1984K)
[2025-05-24T00:44:49.970+0000][gc          ] GC(29) Pause Young (Normal) (G1 Evacuation Pause) 770M->169M(1024M) 22.330ms
[2025-05-24T00:44:49.970+0000][gc,cpu      ] GC(29) User=0.04s Sys=0.01s Real=0.03s
[2025-05-24T00:45:29.822+0000][gc,start    ] GC(30) Pause Young (Normal) (G1 Evacuation Pause)
[2025-05-24T00:45:29.823+0000][gc,task     ] GC(30) Using 10 workers of 10 for evacuation
[2025-05-24T00:45:29.833+0000][gc,phases   ] GC(30)   Pre Evacuate Collection Set: 0.5ms
[2025-05-24T00:45:29.833+0000][gc,phases   ] GC(30)   Merge Heap Roots: 0.3ms
[2025-05-24T00:45:29.834+0000][gc,phases   ] GC(30)   Evacuate Collection Set: 7.6ms
[2025-05-24T00:45:29.834+0000][gc,phases   ] GC(30)   Post Evacuate Collection Set: 1.4ms
[2025-05-24T00:45:29.834+0000][gc,phases   ] GC(30)   Other: 0.4ms
[2025-05-24T00:45:29.835+0000][gc,heap     ] GC(30) Eden regions: 601->0(601)
[2025-05-24T00:45:29.835+0000][gc,heap     ] GC(30) Survivor regions: 13->13(77)
[2025-05-24T00:45:29.835+0000][gc,heap     ] GC(30) Old regions: 27->28
[2025-05-24T00:45:29.835+0000][gc,heap     ] GC(30) Humongous regions: 130->130
[2025-05-24T00:45:29.836+0000][gc,metaspace] GC(30) Metaspace: 16166K(16576K)->16166K(16576K) NonClass: 14374K(14592K)->14374K(14592K) Class: 1791K(1984K)->1791K(1984K)
[2025-05-24T00:45:29.836+0000][gc          ] GC(30) Pause Young (Normal) (G1 Evacuation Pause) 770M->169M(1024M) 13.510ms
[2025-05-24T00:45:29.836+0000][gc,cpu      ] GC(30) User=0.08s Sys=0.00s Real=0.02s
[2025-05-24T00:46:09.541+0000][gc,start    ] GC(31) Pause Young (Normal) (G1 Evacuation Pause)
[2025-05-24T00:46:09.541+0000][gc,task     ] GC(31) Using 10 workers of 10 for evacuation
[2025-05-24T00:46:09.551+0000][gc,phases   ] GC(31)   Pre Evacuate Collection Set: 0.4ms
[2025-05-24T00:46:09.551+0000][gc,phases   ] GC(31)   Merge Heap Roots: 0.4ms
[2025-05-24T00:46:09.551+0000][gc,phases   ] GC(31)   Evacuate Collection Set: 6.6ms
[2025-05-24T00:46:09.552+0000][gc,phases   ] GC(31)   Post Evacuate Collection Set: 1.5ms
[2025-05-24T00:46:09.552+0000][gc,phases   ] GC(31)   Other: 0.7ms
[2025-05-24T00:46:09.552+0000][gc,heap     ] GC(31) Eden regions: 601->0(602)
[2025-05-24T00:46:09.553+0000][gc,heap     ] GC(31) Survivor regions: 13->12(77)
[2025-05-24T00:46:09.553+0000][gc,heap     ] GC(31) Old regions: 28->28
[2025-05-24T00:46:09.553+0000][gc,heap     ] GC(31) Humongous regions: 130->130
[2025-05-24T00:46:09.553+0000][gc,metaspace] GC(31) Metaspace: 16189K(16576K)->16189K(16576K) NonClass: 14397K(14592K)->14397K(14592K) Class: 1791K(1984K)->1791K(1984K)
[2025-05-24T00:46:09.554+0000][gc          ] GC(31) Pause Young (Normal) (G1 Evacuation Pause) 770M->169M(1024M) 13.006ms
[2025-05-24T00:46:09.554+0000][gc,cpu      ] GC(31) User=0.05s Sys=0.01s Real=0.02s
[2025-05-24T00:46:47.141+0000][gc,start    ] GC(32) Pause Young (Concurrent Start) (CodeCache GC Threshold)
[2025-05-24T00:46:47.142+0000][gc,task     ] GC(32) Using 10 workers of 10 for evacuation
[2025-05-24T00:46:47.150+0000][gc,phases   ] GC(32)   Pre Evacuate Collection Set: 0.7ms
[2025-05-24T00:46:47.150+0000][gc,phases   ] GC(32)   Merge Heap Roots: 0.4ms
[2025-05-24T00:46:47.151+0000][gc,phases   ] GC(32)   Evacuate Collection Set: 5.1ms
[2025-05-24T00:46:47.151+0000][gc,phases   ] GC(32)   Post Evacuate Collection Set: 1.4ms
[2025-05-24T00:46:47.151+0000][gc,phases   ] GC(32)   Other: 0.6ms
[2025-05-24T00:46:47.151+0000][gc,heap     ] GC(32) Eden regions: 591->0(602)
[2025-05-24T00:46:47.151+0000][gc,heap     ] GC(32) Survivor regions: 12->12(77)
[2025-05-24T00:46:47.152+0000][gc,heap     ] GC(32) Old regions: 28->29
[2025-05-24T00:46:47.152+0000][gc,heap     ] GC(32) Humongous regions: 130->130
[2025-05-24T00:46:47.152+0000][gc,metaspace] GC(32) Metaspace: 16222K(16576K)->16222K(16576K) NonClass: 14428K(14592K)->14428K(14592K) Class: 1794K(1984K)->1794K(1984K)
[2025-05-24T00:46:47.153+0000][gc          ] GC(32) Pause Young (Concurrent Start) (CodeCache GC Threshold) 759M->170M(1024M) 11.402ms
[2025-05-24T00:46:47.153+0000][gc          ] GC(33) Concurrent Mark Cycle
[2025-05-24T00:46:47.153+0000][gc,marking  ] GC(33) Concurrent Scan Root Regions
[2025-05-24T00:46:47.153+0000][gc,cpu      ] GC(32) User=0.04s Sys=0.02s Real=0.01s
[2025-05-24T00:46:47.159+0000][gc,marking  ] GC(33) Concurrent Scan Root Regions 5.069ms
[2025-05-24T00:46:47.159+0000][gc,marking  ] GC(33) Concurrent Mark
[2025-05-24T00:46:47.159+0000][gc,marking  ] GC(33) Concurrent Mark From Roots
[2025-05-24T00:46:47.159+0000][gc,task     ] GC(33) Using 3 workers of 3 for marking
[2025-05-24T00:46:47.179+0000][gc,marking  ] GC(33) Concurrent Mark From Roots 19.395ms
[2025-05-24T00:46:47.179+0000][gc,marking  ] GC(33) Concurrent Preclean
[2025-05-24T00:46:47.179+0000][gc,marking  ] GC(33) Concurrent Preclean 0.527ms
[2025-05-24T00:46:47.180+0000][gc,start    ] GC(33) Pause Remark
[2025-05-24T00:46:47.191+0000][gc          ] GC(33) Pause Remark 170M->170M(1024M) 11.474ms
[2025-05-24T00:46:47.192+0000][gc,cpu      ] GC(33) User=0.06s Sys=0.02s Real=0.02s
[2025-05-24T00:46:47.192+0000][gc,marking  ] GC(33) Concurrent Mark 33.158ms
[2025-05-24T00:46:47.192+0000][gc,marking  ] GC(33) Concurrent Rebuild Remembered Sets and Scrub Regions
[2025-05-24T00:46:47.199+0000][gc,marking  ] GC(33) Concurrent Rebuild Remembered Sets and Scrub Regions 6.977ms
[2025-05-24T00:46:47.200+0000][gc,start    ] GC(33) Pause Cleanup
[2025-05-24T00:46:47.200+0000][gc          ] GC(33) Pause Cleanup 170M->170M(1024M) 0.611ms
[2025-05-24T00:46:47.201+0000][gc,cpu      ] GC(33) User=0.00s Sys=0.01s Real=0.00s
[2025-05-24T00:46:47.201+0000][gc,marking  ] GC(33) Concurrent Clear Claimed Marks
[2025-05-24T00:46:47.201+0000][gc,marking  ] GC(33) Concurrent Clear Claimed Marks 0.322ms
[2025-05-24T00:46:47.202+0000][gc,marking  ] GC(33) Concurrent Cleanup for Next Mark
[2025-05-24T00:46:47.207+0000][gc,marking  ] GC(33) Concurrent Cleanup for Next Mark 5.221ms
[2025-05-24T00:46:47.207+0000][gc          ] GC(33) Concurrent Mark Cycle 54.156ms
[2025-05-24T00:47:19.978+0000][gc,start    ] GC(34) Pause Young (Prepare Mixed) (G1 Evacuation Pause)
[2025-05-24T00:47:19.979+0000][gc,task     ] GC(34) Using 10 workers of 10 for evacuation
[2025-05-24T00:47:19.995+0000][gc,phases   ] GC(34)   Pre Evacuate Collection Set: 0.5ms
[2025-05-24T00:47:19.996+0000][gc,phases   ] GC(34)   Merge Heap Roots: 0.3ms
[2025-05-24T00:47:19.996+0000][gc,phases   ] GC(34)   Evacuate Collection Set: 13.1ms
[2025-05-24T00:47:19.996+0000][gc,phases   ] GC(34)   Post Evacuate Collection Set: 1.7ms
[2025-05-24T00:47:19.996+0000][gc,phases   ] GC(34)   Other: 0.7ms
[2025-05-24T00:47:19.997+0000][gc,heap     ] GC(34) Eden regions: 602->0(599)
[2025-05-24T00:47:19.997+0000][gc,heap     ] GC(34) Survivor regions: 12->15(77)
[2025-05-24T00:47:19.997+0000][gc,heap     ] GC(34) Old regions: 29->30
[2025-05-24T00:47:19.998+0000][gc,heap     ] GC(34) Humongous regions: 130->130
[2025-05-24T00:47:19.998+0000][gc,metaspace] GC(34) Metaspace: 16119K(16576K)->16119K(16576K) NonClass: 14352K(14592K)->14352K(14592K) Class: 1766K(1984K)->1766K(1984K)
[2025-05-24T00:47:19.998+0000][gc          ] GC(34) Pause Young (Prepare Mixed) (G1 Evacuation Pause) 772M->174M(1024M) 19.753ms
[2025-05-24T00:47:19.999+0000][gc,cpu      ] GC(34) User=0.05s Sys=0.04s Real=0.02s
[2025-05-24T00:47:55.355+0000][gc,start    ] GC(35) Pause Young (Mixed) (G1 Evacuation Pause)
[2025-05-24T00:47:55.356+0000][gc,task     ] GC(35) Using 10 workers of 10 for evacuation
[2025-05-24T00:47:55.366+0000][gc,phases   ] GC(35)   Pre Evacuate Collection Set: 0.6ms
[2025-05-24T00:47:55.366+0000][gc,phases   ] GC(35)   Merge Heap Roots: 0.3ms
[2025-05-24T00:47:55.367+0000][gc,phases   ] GC(35)   Evacuate Collection Set: 7.5ms
[2025-05-24T00:47:55.367+0000][gc,phases   ] GC(35)   Post Evacuate Collection Set: 1.5ms
[2025-05-24T00:47:55.367+0000][gc,phases   ] GC(35)   Other: 0.4ms
[2025-05-24T00:47:55.367+0000][gc,heap     ] GC(35) Eden regions: 599->0(602)
[2025-05-24T00:47:55.367+0000][gc,heap     ] GC(35) Survivor regions: 15->12(77)
[2025-05-24T00:47:55.368+0000][gc,heap     ] GC(35) Old regions: 30->29
[2025-05-24T00:47:55.368+0000][gc,heap     ] GC(35) Humongous regions: 130->130
[2025-05-24T00:47:55.368+0000][gc,metaspace] GC(35) Metaspace: 16132K(16576K)->16132K(16576K) NonClass: 14365K(14592K)->14365K(14592K) Class: 1766K(1984K)->1766K(1984K)
[2025-05-24T00:47:55.369+0000][gc          ] GC(35) Pause Young (Mixed) (G1 Evacuation Pause) 773M->170M(1024M) 13.210ms
[2025-05-24T00:47:55.369+0000][gc,cpu      ] GC(35) User=0.07s Sys=0.00s Real=0.01s
[2025-05-24T00:48:29.701+0000][gc,start    ] GC(36) Pause Young (Normal) (G1 Evacuation Pause)
[2025-05-24T00:48:29.701+0000][gc,task     ] GC(36) Using 10 workers of 10 for evacuation
[2025-05-24T00:48:29.712+0000][gc,phases   ] GC(36)   Pre Evacuate Collection Set: 0.4ms
[2025-05-24T00:48:29.712+0000][gc,phases   ] GC(36)   Merge Heap Roots: 0.4ms
[2025-05-24T00:48:29.712+0000][gc,phases   ] GC(36)   Evacuate Collection Set: 7.8ms
[2025-05-24T00:48:29.712+0000][gc,phases   ] GC(36)   Post Evacuate Collection Set: 1.5ms
[2025-05-24T00:48:29.713+0000][gc,phases   ] GC(36)   Other: 0.5ms
[2025-05-24T00:48:29.713+0000][gc,heap     ] GC(36) Eden regions: 602->0(601)
[2025-05-24T00:48:29.713+0000][gc,heap     ] GC(36) Survivor regions: 12->13(77)
[2025-05-24T00:48:29.714+0000][gc,heap     ] GC(36) Old regions: 29->29
[2025-05-24T00:48:29.714+0000][gc,heap     ] GC(36) Humongous regions: 130->130
[2025-05-24T00:48:29.714+0000][gc,metaspace] GC(36) Metaspace: 16145K(16576K)->16145K(16576K) NonClass: 14378K(14592K)->14378K(14592K) Class: 1766K(1984K)->1766K(1984K)
[2025-05-24T00:48:29.715+0000][gc          ] GC(36) Pause Young (Normal) (G1 Evacuation Pause) 772M->171M(1024M) 13.945ms
[2025-05-24T00:48:29.715+0000][gc,cpu      ] GC(36) User=0.06s Sys=0.00s Real=0.02s
[2025-05-24T00:49:09.481+0000][gc,start    ] GC(37) Pause Young (Normal) (G1 Evacuation Pause)
[2025-05-24T00:49:09.481+0000][gc,task     ] GC(37) Using 10 workers of 10 for evacuation
[2025-05-24T00:49:09.489+0000][gc,phases   ] GC(37)   Pre Evacuate Collection Set: 0.5ms
[2025-05-24T00:49:09.490+0000][gc,phases   ] GC(37)   Merge Heap Roots: 0.3ms
[2025-05-24T00:49:09.490+0000][gc,phases   ] GC(37)   Evacuate Collection Set: 5.4ms
[2025-05-24T00:49:09.490+0000][gc,phases   ] GC(37)   Post Evacuate Collection Set: 1.5ms
[2025-05-24T00:49:09.490+0000][gc,phases   ] GC(37)   Other: 0.4ms
[2025-05-24T00:49:09.491+0000][gc,heap     ] GC(37) Eden regions: 601->0(602)
[2025-05-24T00:49:09.491+0000][gc,heap     ] GC(37) Survivor regions: 13->12(77)
[2025-05-24T00:49:09.491+0000][gc,heap     ] GC(37) Old regions: 29->30
[2025-05-24T00:49:09.492+0000][gc,heap     ] GC(37) Humongous regions: 130->130
[2025-05-24T00:49:09.492+0000][gc,metaspace] GC(37) Metaspace: 16151K(16576K)->16151K(16576K) NonClass: 14385K(14592K)->14385K(14592K) Class: 1766K(1984K)->1766K(1984K)
[2025-05-24T00:49:09.492+0000][gc          ] GC(37) Pause Young (Normal) (G1 Evacuation Pause) 772M->171M(1024M) 11.485ms
[2025-05-24T00:49:09.492+0000][gc,cpu      ] GC(37) User=0.05s Sys=0.01s Real=0.01s
[2025-05-24T00:49:39.891+0000][gc,start    ] GC(38) Pause Young (Normal) (G1 Evacuation Pause)
[2025-05-24T00:49:39.892+0000][gc,task     ] GC(38) Using 10 workers of 10 for evacuation
[2025-05-24T00:49:39.901+0000][gc,phases   ] GC(38)   Pre Evacuate Collection Set: 0.5ms
[2025-05-24T00:49:39.901+0000][gc,phases   ] GC(38)   Merge Heap Roots: 0.3ms
[2025-05-24T00:49:39.902+0000][gc,phases   ] GC(38)   Evacuate Collection Set: 6.7ms
[2025-05-24T00:49:39.902+0000][gc,phases   ] GC(38)   Post Evacuate Collection Set: 1.0ms
[2025-05-24T00:49:39.902+0000][gc,phases   ] GC(38)   Other: 0.7ms
[2025-05-24T00:49:39.902+0000][gc,heap     ] GC(38) Eden regions: 602->0(598)
[2025-05-24T00:49:39.902+0000][gc,heap     ] GC(38) Survivor regions: 12->16(77)
[2025-05-24T00:49:39.902+0000][gc,heap     ] GC(38) Old regions: 30->30
[2025-05-24T00:49:39.903+0000][gc,heap     ] GC(38) Humongous regions: 130->130
[2025-05-24T00:49:39.903+0000][gc,metaspace] GC(38) Metaspace: 16342K(16768K)->16342K(16768K) NonClass: 14543K(14720K)->14543K(14720K) Class: 1798K(2048K)->1798K(2048K)
[2025-05-24T00:49:39.903+0000][gc          ] GC(38) Pause Young (Normal) (G1 Evacuation Pause) 773M->175M(1024M) 11.741ms
[2025-05-24T00:49:39.903+0000][gc,cpu      ] GC(38) User=0.06s Sys=0.00s Real=0.01s
[2025-05-24T00:50:19.941+0000][gc,start    ] GC(39) Pause Young (Normal) (G1 Evacuation Pause)
[2025-05-24T00:50:19.942+0000][gc,task     ] GC(39) Using 10 workers of 10 for evacuation
[2025-05-24T00:50:19.953+0000][gc,phases   ] GC(39)   Pre Evacuate Collection Set: 0.8ms
[2025-05-24T00:50:19.953+0000][gc,phases   ] GC(39)   Merge Heap Roots: 0.4ms
[2025-05-24T00:50:19.953+0000][gc,phases   ] GC(39)   Evacuate Collection Set: 7.7ms
[2025-05-24T00:50:19.954+0000][gc,phases   ] GC(39)   Post Evacuate Collection Set: 1.4ms
[2025-05-24T00:50:19.954+0000][gc,phases   ] GC(39)   Other: 0.6ms
[2025-05-24T00:50:19.954+0000][gc,heap     ] GC(39) Eden regions: 598->0(599)
[2025-05-24T00:50:19.955+0000][gc,heap     ] GC(39) Survivor regions: 16->15(77)
[2025-05-24T00:50:19.955+0000][gc,heap     ] GC(39) Old regions: 30->31
[2025-05-24T00:50:19.955+0000][gc,heap     ] GC(39) Humongous regions: 130->130
[2025-05-24T00:50:19.955+0000][gc,metaspace] GC(39) Metaspace: 16403K(16832K)->16403K(16832K) NonClass: 14601K(14784K)->14601K(14784K) Class: 1802K(2048K)->1802K(2048K)
[2025-05-24T00:50:19.956+0000][gc          ] GC(39) Pause Young (Normal) (G1 Evacuation Pause) 773M->175M(1024M) 14.189ms
[2025-05-24T00:50:19.956+0000][gc,cpu      ] GC(39) User=0.08s Sys=0.01s Real=0.02s
[2025-05-24T00:50:59.598+0000][gc,start    ] GC(40) Pause Young (Normal) (G1 Evacuation Pause)
[2025-05-24T00:50:59.598+0000][gc,task     ] GC(40) Using 10 workers of 10 for evacuation
[2025-05-24T00:50:59.611+0000][gc,phases   ] GC(40)   Pre Evacuate Collection Set: 0.6ms
[2025-05-24T00:50:59.612+0000][gc,phases   ] GC(40)   Merge Heap Roots: 0.3ms
[2025-05-24T00:50:59.612+0000][gc,phases   ] GC(40)   Evacuate Collection Set: 9.7ms
[2025-05-24T00:50:59.612+0000][gc,phases   ] GC(40)   Post Evacuate Collection Set: 1.7ms
[2025-05-24T00:50:59.612+0000][gc,phases   ] GC(40)   Other: 0.3ms
[2025-05-24T00:50:59.613+0000][gc,heap     ] GC(40) Eden regions: 599->0(599)
[2025-05-24T00:50:59.613+0000][gc,heap     ] GC(40) Survivor regions: 15->15(77)
[2025-05-24T00:50:59.613+0000][gc,heap     ] GC(40) Old regions: 31->31
[2025-05-24T00:50:59.613+0000][gc,heap     ] GC(40) Humongous regions: 130->130
[2025-05-24T00:50:59.614+0000][gc,metaspace] GC(40) Metaspace: 16420K(16832K)->16420K(16832K) NonClass: 14618K(14784K)->14618K(14784K) Class: 1802K(2048K)->1802K(2048K)
[2025-05-24T00:50:59.614+0000][gc          ] GC(40) Pause Young (Normal) (G1 Evacuation Pause) 774M->175M(1024M) 15.833ms
[2025-05-24T00:50:59.614+0000][gc,cpu      ] GC(40) User=0.07s Sys=0.00s Real=0.02s
[2025-05-24T00:51:37.380+0000][gc,start    ] GC(41) Pause Young (Normal) (G1 Evacuation Pause)
[2025-05-24T00:51:37.381+0000][gc,task     ] GC(41) Using 10 workers of 10 for evacuation
[2025-05-24T00:51:37.393+0000][gc,phases   ] GC(41)   Pre Evacuate Collection Set: 0.6ms
[2025-05-24T00:51:37.393+0000][gc,phases   ] GC(41)   Merge Heap Roots: 0.3ms
[2025-05-24T00:51:37.394+0000][gc,phases   ] GC(41)   Evacuate Collection Set: 8.4ms
[2025-05-24T00:51:37.394+0000][gc,phases   ] GC(41)   Post Evacuate Collection Set: 2.0ms
[2025-05-24T00:51:37.394+0000][gc,phases   ] GC(41)   Other: 0.5ms
[2025-05-24T00:51:37.395+0000][gc,heap     ] GC(41) Eden regions: 599->0(603)
[2025-05-24T00:51:37.395+0000][gc,heap     ] GC(41) Survivor regions: 15->11(77)
[2025-05-24T00:51:37.395+0000][gc,heap     ] GC(41) Old regions: 31->31
[2025-05-24T00:51:37.396+0000][gc,heap     ] GC(41) Humongous regions: 130->130
[2025-05-24T00:51:37.396+0000][gc,metaspace] GC(41) Metaspace: 16425K(16832K)->16425K(16832K) NonClass: 14623K(14784K)->14623K(14784K) Class: 1802K(2048K)->1802K(2048K)
[2025-05-24T00:51:37.397+0000][gc          ] GC(41) Pause Young (Normal) (G1 Evacuation Pause) 774M->171M(1024M) 16.390ms
[2025-05-24T00:51:37.397+0000][gc,cpu      ] GC(41) User=0.06s Sys=0.02s Real=0.01s
[2025-05-24T00:52:09.743+0000][gc,start    ] GC(42) Pause Young (Normal) (G1 Evacuation Pause)
[2025-05-24T00:52:09.743+0000][gc,task     ] GC(42) Using 10 workers of 10 for evacuation
[2025-05-24T00:52:09.754+0000][gc,phases   ] GC(42)   Pre Evacuate Collection Set: 0.4ms
[2025-05-24T00:52:09.754+0000][gc,phases   ] GC(42)   Merge Heap Roots: 0.3ms
[2025-05-24T00:52:09.754+0000][gc,phases   ] GC(42)   Evacuate Collection Set: 8.2ms
[2025-05-24T00:52:09.754+0000][gc,phases   ] GC(42)   Post Evacuate Collection Set: 1.1ms
[2025-05-24T00:52:09.755+0000][gc,phases   ] GC(42)   Other: 0.3ms
[2025-05-24T00:52:09.755+0000][gc,heap     ] GC(42) Eden regions: 603->0(600)
[2025-05-24T00:52:09.755+0000][gc,heap     ] GC(42) Survivor regions: 11->14(77)
[2025-05-24T00:52:09.755+0000][gc,heap     ] GC(42) Old regions: 31->32
[2025-05-24T00:52:09.755+0000][gc,heap     ] GC(42) Humongous regions: 130->130
[2025-05-24T00:52:09.755+0000][gc,metaspace] GC(42) Metaspace: 16451K(16832K)->16451K(16832K) NonClass: 14644K(14784K)->14644K(14784K) Class: 1807K(2048K)->1807K(2048K)
[2025-05-24T00:52:09.756+0000][gc          ] GC(42) Pause Young (Normal) (G1 Evacuation Pause) 774M->175M(1024M) 12.671ms
[2025-05-24T00:52:09.756+0000][gc,cpu      ] GC(42) User=0.01s Sys=0.07s Real=0.01s
[2025-05-24T00:52:39.888+0000][gc,start    ] GC(43) Pause Young (Normal) (G1 Evacuation Pause)
[2025-05-24T00:52:39.889+0000][gc,task     ] GC(43) Using 10 workers of 10 for evacuation
[2025-05-24T00:52:39.908+0000][gc,phases   ] GC(43)   Pre Evacuate Collection Set: 0.4ms
[2025-05-24T00:52:39.908+0000][gc,phases   ] GC(43)   Merge Heap Roots: 0.2ms
[2025-05-24T00:52:39.908+0000][gc,phases   ] GC(43)   Evacuate Collection Set: 16.8ms
[2025-05-24T00:52:39.908+0000][gc,phases   ] GC(43)   Post Evacuate Collection Set: 1.5ms
[2025-05-24T00:52:39.909+0000][gc,phases   ] GC(43)   Other: 0.3ms
[2025-05-24T00:52:39.909+0000][gc,heap     ] GC(43) Eden regions: 600->0(593)
[2025-05-24T00:52:39.909+0000][gc,heap     ] GC(43) Survivor regions: 14->21(77)
[2025-05-24T00:52:39.909+0000][gc,heap     ] GC(43) Old regions: 32->33
[2025-05-24T00:52:39.909+0000][gc,heap     ] GC(43) Humongous regions: 130->130
[2025-05-24T00:52:39.910+0000][gc,metaspace] GC(43) Metaspace: 16465K(16896K)->16465K(16896K) NonClass: 14658K(14848K)->14658K(14848K) Class: 1807K(2048K)->1807K(2048K)
[2025-05-24T00:52:39.910+0000][gc          ] GC(43) Pause Young (Normal) (G1 Evacuation Pause) 775M->182M(1024M) 21.840ms
[2025-05-24T00:52:39.910+0000][gc,cpu      ] GC(43) User=0.12s Sys=0.02s Real=0.02s
[2025-05-24T00:53:19.798+0000][gc,start    ] GC(44) Pause Young (Normal) (G1 Evacuation Pause)
[2025-05-24T00:53:19.799+0000][gc,task     ] GC(44) Using 10 workers of 10 for evacuation
[2025-05-24T00:53:19.809+0000][gc,phases   ] GC(44)   Pre Evacuate Collection Set: 0.6ms
[2025-05-24T00:53:19.809+0000][gc,phases   ] GC(44)   Merge Heap Roots: 0.3ms
[2025-05-24T00:53:19.810+0000][gc,phases   ] GC(44)   Evacuate Collection Set: 7.3ms
[2025-05-24T00:53:19.810+0000][gc,phases   ] GC(44)   Post Evacuate Collection Set: 1.6ms
[2025-05-24T00:53:19.810+0000][gc,phases   ] GC(44)   Other: 0.5ms
[2025-05-24T00:53:19.811+0000][gc,heap     ] GC(44) Eden regions: 593->0(599)
[2025-05-24T00:53:19.811+0000][gc,heap     ] GC(44) Survivor regions: 21->15(77)
[2025-05-24T00:53:19.811+0000][gc,heap     ] GC(44) Old regions: 33->33
[2025-05-24T00:53:19.811+0000][gc,heap     ] GC(44) Humongous regions: 130->130
[2025-05-24T00:53:19.812+0000][gc,metaspace] GC(44) Metaspace: 16482K(16896K)->16482K(16896K) NonClass: 14675K(14848K)->14675K(14848K) Class: 1807K(2048K)->1807K(2048K)
[2025-05-24T00:53:19.812+0000][gc          ] GC(44) Pause Young (Normal) (G1 Evacuation Pause) 775M->177M(1024M) 13.956ms
[2025-05-24T00:53:19.813+0000][gc,cpu      ] GC(44) User=0.07s Sys=0.00s Real=0.01s
[2025-05-24T00:53:59.401+0000][gc,start    ] GC(45) Pause Young (Normal) (G1 Evacuation Pause)
[2025-05-24T00:53:59.401+0000][gc,task     ] GC(45) Using 10 workers of 10 for evacuation
[2025-05-24T00:53:59.415+0000][gc,phases   ] GC(45)   Pre Evacuate Collection Set: 0.5ms
[2025-05-24T00:53:59.415+0000][gc,phases   ] GC(45)   Merge Heap Roots: 0.2ms
[2025-05-24T00:53:59.415+0000][gc,phases   ] GC(45)   Evacuate Collection Set: 10.1ms
[2025-05-24T00:53:59.415+0000][gc,phases   ] GC(45)   Post Evacuate Collection Set: 1.8ms
[2025-05-24T00:53:59.415+0000][gc,phases   ] GC(45)   Other: 0.4ms
[2025-05-24T00:53:59.416+0000][gc,heap     ] GC(45) Eden regions: 599->0(600)
[2025-05-24T00:53:59.416+0000][gc,heap     ] GC(45) Survivor regions: 15->14(77)
[2025-05-24T00:53:59.416+0000][gc,heap     ] GC(45) Old regions: 33->34
[2025-05-24T00:53:59.416+0000][gc,heap     ] GC(45) Humongous regions: 130->130
[2025-05-24T00:53:59.416+0000][gc,metaspace] GC(45) Metaspace: 16483K(16896K)->16483K(16896K) NonClass: 14676K(14848K)->14676K(14848K) Class: 1807K(2048K)->1807K(2048K)
[2025-05-24T00:53:59.417+0000][gc          ] GC(45) Pause Young (Normal) (G1 Evacuation Pause) 776M->177M(1024M) 15.706ms
[2025-05-24T00:53:59.417+0000][gc,cpu      ] GC(45) User=0.06s Sys=0.03s Real=0.02s
[2025-05-24T00:54:29.985+0000][gc,start    ] GC(46) Pause Young (Normal) (G1 Evacuation Pause)
[2025-05-24T00:54:29.986+0000][gc,task     ] GC(46) Using 10 workers of 10 for evacuation
[2025-05-24T00:54:29.995+0000][gc,phases   ] GC(46)   Pre Evacuate Collection Set: 0.4ms
[2025-05-24T00:54:29.996+0000][gc,phases   ] GC(46)   Merge Heap Roots: 0.2ms
[2025-05-24T00:54:29.996+0000][gc,phases   ] GC(46)   Evacuate Collection Set: 7.4ms
[2025-05-24T00:54:29.996+0000][gc,phases   ] GC(46)   Post Evacuate Collection Set: 1.3ms
[2025-05-24T00:54:29.996+0000][gc,phases   ] GC(46)   Other: 0.3ms
[2025-05-24T00:54:29.996+0000][gc,heap     ] GC(46) Eden regions: 600->0(598)
[2025-05-24T00:54:29.996+0000][gc,heap     ] GC(46) Survivor regions: 14->16(77)
[2025-05-24T00:54:29.997+0000][gc,heap     ] GC(46) Old regions: 34->34
[2025-05-24T00:54:29.997+0000][gc,heap     ] GC(46) Humongous regions: 130->130
[2025-05-24T00:54:29.997+0000][gc,metaspace] GC(46) Metaspace: 16509K(16960K)->16509K(16960K) NonClass: 14702K(14912K)->14702K(14912K) Class: 1807K(2048K)->1807K(2048K)
[2025-05-24T00:54:29.997+0000][gc          ] GC(46) Pause Young (Normal) (G1 Evacuation Pause) 777M->179M(1024M) 12.156ms
[2025-05-24T00:54:29.998+0000][gc,cpu      ] GC(46) User=0.08s Sys=0.00s Real=0.01s
[2025-05-24T00:55:09.515+0000][gc,start    ] GC(47) Pause Young (Normal) (G1 Evacuation Pause)
[2025-05-24T00:55:09.516+0000][gc,task     ] GC(47) Using 10 workers of 10 for evacuation
[2025-05-24T00:55:09.525+0000][gc,phases   ] GC(47)   Pre Evacuate Collection Set: 0.7ms
[2025-05-24T00:55:09.525+0000][gc,phases   ] GC(47)   Merge Heap Roots: 0.2ms
[2025-05-24T00:55:09.525+0000][gc,phases   ] GC(47)   Evacuate Collection Set: 5.9ms
[2025-05-24T00:55:09.525+0000][gc,phases   ] GC(47)   Post Evacuate Collection Set: 1.5ms
[2025-05-24T00:55:09.525+0000][gc,phases   ] GC(47)   Other: 0.6ms
[2025-05-24T00:55:09.526+0000][gc,heap     ] GC(47) Eden regions: 598->0(598)
[2025-05-24T00:55:09.526+0000][gc,heap     ] GC(47) Survivor regions: 16->16(77)
[2025-05-24T00:55:09.526+0000][gc,heap     ] GC(47) Old regions: 34->35
[2025-05-24T00:55:09.526+0000][gc,heap     ] GC(47) Humongous regions: 130->130
[2025-05-24T00:55:09.526+0000][gc,metaspace] GC(47) Metaspace: 16572K(16960K)->16572K(16960K) NonClass: 14765K(14912K)->14765K(14912K) Class: 1807K(2048K)->1807K(2048K)
[2025-05-24T00:55:09.526+0000][gc          ] GC(47) Pause Young (Normal) (G1 Evacuation Pause) 777M->180M(1024M) 11.025ms
[2025-05-24T00:55:09.527+0000][gc,cpu      ] GC(47) User=0.04s Sys=0.01s Real=0.02s
[2025-05-24T00:55:40.018+0000][gc,start    ] GC(48) Pause Young (Normal) (G1 Evacuation Pause)
[2025-05-24T00:55:40.019+0000][gc,task     ] GC(48) Using 10 workers of 10 for evacuation
[2025-05-24T00:55:40.030+0000][gc,phases   ] GC(48)   Pre Evacuate Collection Set: 0.5ms
[2025-05-24T00:55:40.030+0000][gc,phases   ] GC(48)   Merge Heap Roots: 0.2ms
[2025-05-24T00:55:40.030+0000][gc,phases   ] GC(48)   Evacuate Collection Set: 8.3ms
[2025-05-24T00:55:40.030+0000][gc,phases   ] GC(48)   Post Evacuate Collection Set: 1.4ms
[2025-05-24T00:55:40.030+0000][gc,phases   ] GC(48)   Other: 0.5ms
[2025-05-24T00:55:40.031+0000][gc,heap     ] GC(48) Eden regions: 598->0(593)
[2025-05-24T00:55:40.031+0000][gc,heap     ] GC(48) Survivor regions: 16->21(77)
[2025-05-24T00:55:40.031+0000][gc,heap     ] GC(48) Old regions: 35->35
[2025-05-24T00:55:40.031+0000][gc,heap     ] GC(48) Humongous regions: 130->130
[2025-05-24T00:55:40.031+0000][gc,metaspace] GC(48) Metaspace: 16573K(16960K)->16573K(16960K) NonClass: 14766K(14912K)->14766K(14912K) Class: 1807K(2048K)->1807K(2048K)
[2025-05-24T00:55:40.031+0000][gc          ] GC(48) Pause Young (Normal) (G1 Evacuation Pause) 778M->185M(1024M) 12.983ms
[2025-05-24T00:55:40.032+0000][gc,cpu      ] GC(48) User=0.08s Sys=0.00s Real=0.01s
[2025-05-24T00:56:19.892+0000][gc,start    ] GC(49) Pause Young (Normal) (G1 Evacuation Pause)
[2025-05-24T00:56:19.892+0000][gc,task     ] GC(49) Using 10 workers of 10 for evacuation
[2025-05-24T00:56:19.906+0000][gc,phases   ] GC(49)   Pre Evacuate Collection Set: 0.6ms
[2025-05-24T00:56:19.906+0000][gc,phases   ] GC(49)   Merge Heap Roots: 0.3ms
[2025-05-24T00:56:19.906+0000][gc,phases   ] GC(49)   Evacuate Collection Set: 10.2ms
[2025-05-24T00:56:19.907+0000][gc,phases   ] GC(49)   Post Evacuate Collection Set: 1.7ms
[2025-05-24T00:56:19.907+0000][gc,phases   ] GC(49)   Other: 0.6ms
[2025-05-24T00:56:19.907+0000][gc,heap     ] GC(49) Eden regions: 593->0(595)
[2025-05-24T00:56:19.908+0000][gc,heap     ] GC(49) Survivor regions: 21->19(77)
[2025-05-24T00:56:19.908+0000][gc,heap     ] GC(49) Old regions: 35->35
[2025-05-24T00:56:19.908+0000][gc,heap     ] GC(49) Humongous regions: 130->130
[2025-05-24T00:56:19.909+0000][gc,metaspace] GC(49) Metaspace: 16573K(16960K)->16573K(16960K) NonClass: 14766K(14912K)->14766K(14912K) Class: 1807K(2048K)->1807K(2048K)
[2025-05-24T00:56:19.909+0000][gc          ] GC(49) Pause Young (Normal) (G1 Evacuation Pause) 778M->183M(1024M) 17.139ms
[2025-05-24T00:56:19.909+0000][gc,cpu      ] GC(49) User=0.08s Sys=0.00s Real=0.02s
[2025-05-24T00:56:38.680+0000][gc,heap,exit] Heap
[2025-05-24T00:56:38.680+0000][gc,heap,exit]  garbage-first heap   total 1048576K, used 430712K [0x00000000c0000000, 0x0000000100000000)
[2025-05-24T00:56:38.681+0000][gc,heap,exit]   region size 1024K, 256 young (262144K), 19 survivors (19456K)
[2025-05-24T00:56:38.681+0000][gc,heap,exit]  Metaspace       used 17112K, committed 17536K, reserved 1114112K
[2025-05-24T00:56:38.681+0000][gc,heap,exit]   class space    used 1948K, committed 2176K, reserved 1048576K
