[2025-05-21T14:13:13.127+0000][gc,init] CardTable entry size: 512
[2025-05-21T14:13:13.131+0000][gc     ] Using G1
[2025-05-21T14:13:13.192+0000][gc,init] Version: 21.0.4+7-LTS (release)
[2025-05-21T14:13:13.194+0000][gc,init] CPUs: 12 total, 12 available
[2025-05-21T14:13:13.194+0000][gc,init] Memory: 15597M
[2025-05-21T14:13:13.195+0000][gc,init] Large Page Support: Disabled
[2025-05-21T14:13:13.197+0000][gc,init] NUMA Support: Disabled
[2025-05-21T14:13:13.198+0000][gc,init] Compressed Oops: Enabled (32-bit)
[2025-05-21T14:13:13.199+0000][gc,init] Heap Region Size: 1M
[2025-05-21T14:13:13.202+0000][gc,init] Heap Min Capacity: 1G
[2025-05-21T14:13:13.207+0000][gc,init] Heap Initial Capacity: 1G
[2025-05-21T14:13:13.208+0000][gc,init] Heap Max Capacity: 1G
[2025-05-21T14:13:13.208+0000][gc,init] Pre-touch: Disabled
[2025-05-21T14:13:13.209+0000][gc,init] Parallel Workers: 10
[2025-05-21T14:13:13.210+0000][gc,init] Concurrent Workers: 3
[2025-05-21T14:13:13.212+0000][gc,init] Concurrent Refinement Workers: 10
[2025-05-21T14:13:13.213+0000][gc,init] Periodic GC: Disabled
[2025-05-21T14:13:13.331+0000][gc,metaspace] CDS archive(s) mapped at: [0x00007f2f18000000-0x00007f2f18bbe000-0x00007f2f1b674000), size 57098240, SharedBaseAddress: 0x00007f2f18000000, ArchiveRelocationMode: 1.
[2025-05-21T14:13:13.331+0000][gc,metaspace] Compressed class space mapped at: 0x00007f2f1c000000-0x00007f2f5c000000, reserved size: 1073741824
[2025-05-21T14:13:13.331+0000][gc,metaspace] Narrow klass base: 0x00007f2f18000000, Narrow klass shift: 0, Narrow klass range: 0x100000000
[2025-05-21T14:13:20.026+0000][gc,start    ] GC(0) Pause Young (Normal) (G1 Evacuation Pause)
[2025-05-21T14:13:20.066+0000][gc,task     ] GC(0) Using 10 workers of 10 for evacuation
[2025-05-21T14:13:20.164+0000][gc,phases   ] GC(0)   Pre Evacuate Collection Set: 4.1ms
[2025-05-21T14:13:20.170+0000][gc,phases   ] GC(0)   Merge Heap Roots: 2.3ms
[2025-05-21T14:13:20.171+0000][gc,phases   ] GC(0)   Evacuate Collection Set: 64.5ms
[2025-05-21T14:13:20.175+0000][gc,phases   ] GC(0)   Post Evacuate Collection Set: 21.0ms
[2025-05-21T14:13:20.175+0000][gc,phases   ] GC(0)   Other: 41.8ms
[2025-05-21T14:13:20.176+0000][gc,heap     ] GC(0) Eden regions: 51->0(44)
[2025-05-21T14:13:20.176+0000][gc,heap     ] GC(0) Survivor regions: 0->7(7)
[2025-05-21T14:13:20.176+0000][gc,heap     ] GC(0) Old regions: 1->5
[2025-05-21T14:13:20.177+0000][gc,heap     ] GC(0) Humongous regions: 1->1
[2025-05-21T14:13:20.177+0000][gc,metaspace] GC(0) Metaspace: 6273K(6528K)->6273K(6528K) NonClass: 5519K(5632K)->5519K(5632K) Class: 754K(896K)->754K(896K)
[2025-05-21T14:13:20.177+0000][gc          ] GC(0) Pause Young (Normal) (G1 Evacuation Pause) 52M->11M(1024M) 150.679ms
[2025-05-21T14:13:20.178+0000][gc,cpu      ] GC(0) User=0.07s Sys=0.02s Real=0.14s
[2025-05-21T14:13:23.295+0000][gc,start    ] GC(1) Pause Young (Normal) (G1 Evacuation Pause)
[2025-05-21T14:13:23.300+0000][gc,task     ] GC(1) Using 10 workers of 10 for evacuation
[2025-05-21T14:13:23.447+0000][gc,phases   ] GC(1)   Pre Evacuate Collection Set: 16.0ms
[2025-05-21T14:13:23.451+0000][gc,phases   ] GC(1)   Merge Heap Roots: 0.1ms
[2025-05-21T14:13:23.461+0000][gc,phases   ] GC(1)   Evacuate Collection Set: 117.8ms
[2025-05-21T14:13:23.464+0000][gc,phases   ] GC(1)   Post Evacuate Collection Set: 1.6ms
[2025-05-21T14:13:23.486+0000][gc,phases   ] GC(1)   Other: 11.8ms
[2025-05-21T14:13:23.503+0000][gc,heap     ] GC(1) Eden regions: 44->0(45)
[2025-05-21T14:13:23.520+0000][gc,heap     ] GC(1) Survivor regions: 7->7(7)
[2025-05-21T14:13:23.535+0000][gc,heap     ] GC(1) Old regions: 5->11
[2025-05-21T14:13:23.544+0000][gc,heap     ] GC(1) Humongous regions: 3->2
[2025-05-21T14:13:23.559+0000][gc,metaspace] GC(1) Metaspace: 8854K(9216K)->8854K(9216K) NonClass: 7776K(8000K)->7776K(8000K) Class: 1078K(1216K)->1078K(1216K)
[2025-05-21T14:13:23.574+0000][gc          ] GC(1) Pause Young (Normal) (G1 Evacuation Pause) 57M->19M(1024M) 278.949ms
[2025-05-21T14:13:23.583+0000][gc,cpu      ] GC(1) User=0.20s Sys=0.11s Real=0.28s
[2025-05-21T14:13:28.423+0000][gc,start    ] GC(2) Pause Young (Normal) (G1 Evacuation Pause)
[2025-05-21T14:13:28.428+0000][gc,task     ] GC(2) Using 10 workers of 10 for evacuation
[2025-05-21T14:13:28.504+0000][gc,phases   ] GC(2)   Pre Evacuate Collection Set: 0.5ms
[2025-05-21T14:13:28.506+0000][gc,phases   ] GC(2)   Merge Heap Roots: 0.2ms
[2025-05-21T14:13:28.506+0000][gc,phases   ] GC(2)   Evacuate Collection Set: 67.3ms
[2025-05-21T14:13:28.507+0000][gc,phases   ] GC(2)   Post Evacuate Collection Set: 1.1ms
[2025-05-21T14:13:28.507+0000][gc,phases   ] GC(2)   Other: 8.0ms
[2025-05-21T14:13:28.507+0000][gc,heap     ] GC(2) Eden regions: 45->0(99)
[2025-05-21T14:13:28.507+0000][gc,heap     ] GC(2) Survivor regions: 7->5(7)
[2025-05-21T14:13:28.508+0000][gc,heap     ] GC(2) Old regions: 11->18
[2025-05-21T14:13:28.508+0000][gc,heap     ] GC(2) Humongous regions: 131->131
[2025-05-21T14:13:28.508+0000][gc,metaspace] GC(2) Metaspace: 10940K(11328K)->10940K(11328K) NonClass: 9532K(9728K)->9532K(9728K) Class: 1408K(1600K)->1408K(1600K)
[2025-05-21T14:13:28.509+0000][gc          ] GC(2) Pause Young (Normal) (G1 Evacuation Pause) 193M->153M(1024M) 85.290ms
[2025-05-21T14:13:28.509+0000][gc,cpu      ] GC(2) User=0.04s Sys=0.01s Real=0.09s
[2025-05-21T14:13:30.113+0000][gc,start    ] GC(3) Pause Young (Normal) (G1 Evacuation Pause)
[2025-05-21T14:13:30.114+0000][gc,task     ] GC(3) Using 10 workers of 10 for evacuation
[2025-05-21T14:13:30.146+0000][gc,phases   ] GC(3)   Pre Evacuate Collection Set: 0.5ms
[2025-05-21T14:13:30.147+0000][gc,phases   ] GC(3)   Merge Heap Roots: 0.2ms
[2025-05-21T14:13:30.148+0000][gc,phases   ] GC(3)   Evacuate Collection Set: 28.9ms
[2025-05-21T14:13:30.148+0000][gc,phases   ] GC(3)   Post Evacuate Collection Set: 1.8ms
[2025-05-21T14:13:30.148+0000][gc,phases   ] GC(3)   Other: 0.5ms
[2025-05-21T14:13:30.149+0000][gc,heap     ] GC(3) Eden regions: 96->0(459)
[2025-05-21T14:13:30.150+0000][gc,heap     ] GC(3) Survivor regions: 5->8(13)
[2025-05-21T14:13:30.150+0000][gc,heap     ] GC(3) Old regions: 18->18
[2025-05-21T14:13:30.150+0000][gc,heap     ] GC(3) Humongous regions: 137->131
[2025-05-21T14:13:30.150+0000][gc,metaspace] GC(3) Metaspace: 11843K(12224K)->11843K(12224K) NonClass: 10302K(10496K)->10302K(10496K) Class: 1540K(1728K)->1540K(1728K)
[2025-05-21T14:13:30.151+0000][gc          ] GC(3) Pause Young (Normal) (G1 Evacuation Pause) 255M->156M(1024M) 37.943ms
[2025-05-21T14:13:30.152+0000][gc,cpu      ] GC(3) User=0.08s Sys=0.02s Real=0.04s
[2025-05-21T14:13:58.267+0000][gc,start    ] GC(4) Pause Young (Normal) (G1 Evacuation Pause)
[2025-05-21T14:13:58.268+0000][gc,task     ] GC(4) Using 10 workers of 10 for evacuation
[2025-05-21T14:13:58.283+0000][gc,phases   ] GC(4)   Pre Evacuate Collection Set: 1.9ms
[2025-05-21T14:13:58.283+0000][gc,phases   ] GC(4)   Merge Heap Roots: 0.2ms
[2025-05-21T14:13:58.283+0000][gc,phases   ] GC(4)   Evacuate Collection Set: 10.6ms
[2025-05-21T14:13:58.283+0000][gc,phases   ] GC(4)   Post Evacuate Collection Set: 1.8ms
[2025-05-21T14:13:58.284+0000][gc,phases   ] GC(4)   Other: 0.4ms
[2025-05-21T14:13:58.284+0000][gc,heap     ] GC(4) Eden regions: 446->0(604)
[2025-05-21T14:13:58.284+0000][gc,heap     ] GC(4) Survivor regions: 8->10(57)
[2025-05-21T14:13:58.284+0000][gc,heap     ] GC(4) Old regions: 18->18
[2025-05-21T14:13:58.284+0000][gc,heap     ] GC(4) Humongous regions: 133->131
[2025-05-21T14:13:58.284+0000][gc,metaspace] GC(4) Metaspace: 13615K(14016K)->13615K(14016K) NonClass: 11822K(12032K)->11822K(12032K) Class: 1793K(1984K)->1793K(1984K)
[2025-05-21T14:13:58.285+0000][gc          ] GC(4) Pause Young (Normal) (G1 Evacuation Pause) 604M->158M(1024M) 17.718ms
[2025-05-21T14:13:58.285+0000][gc,cpu      ] GC(4) User=0.00s Sys=0.10s Real=0.02s
[2025-05-21T14:14:38.164+0000][gc,start    ] GC(5) Pause Young (Normal) (G1 Evacuation Pause)
[2025-05-21T14:14:38.165+0000][gc,task     ] GC(5) Using 10 workers of 10 for evacuation
[2025-05-21T14:14:38.177+0000][gc,phases   ] GC(5)   Pre Evacuate Collection Set: 1.0ms
[2025-05-21T14:14:38.177+0000][gc,phases   ] GC(5)   Merge Heap Roots: 0.2ms
[2025-05-21T14:14:38.178+0000][gc,phases   ] GC(5)   Evacuate Collection Set: 9.5ms
[2025-05-21T14:14:38.178+0000][gc,phases   ] GC(5)   Post Evacuate Collection Set: 1.7ms
[2025-05-21T14:14:38.178+0000][gc,phases   ] GC(5)   Other: 0.3ms
[2025-05-21T14:14:38.178+0000][gc,heap     ] GC(5) Eden regions: 604->0(601)
[2025-05-21T14:14:38.178+0000][gc,heap     ] GC(5) Survivor regions: 10->13(77)
[2025-05-21T14:14:38.178+0000][gc,heap     ] GC(5) Old regions: 18->18
[2025-05-21T14:14:38.179+0000][gc,heap     ] GC(5) Humongous regions: 131->131
[2025-05-21T14:14:38.179+0000][gc,metaspace] GC(5) Metaspace: 14216K(14592K)->14216K(14592K) NonClass: 12418K(12608K)->12418K(12608K) Class: 1798K(1984K)->1798K(1984K)
[2025-05-21T14:14:38.179+0000][gc          ] GC(5) Pause Young (Normal) (G1 Evacuation Pause) 762M->161M(1024M) 14.453ms
[2025-05-21T14:14:38.179+0000][gc,cpu      ] GC(5) User=0.07s Sys=0.02s Real=0.01s
[2025-05-21T14:15:18.085+0000][gc,start    ] GC(6) Pause Young (Normal) (G1 Evacuation Pause)
[2025-05-21T14:15:18.085+0000][gc,task     ] GC(6) Using 10 workers of 10 for evacuation
[2025-05-21T14:15:18.095+0000][gc,phases   ] GC(6)   Pre Evacuate Collection Set: 0.4ms
[2025-05-21T14:15:18.095+0000][gc,phases   ] GC(6)   Merge Heap Roots: 0.3ms
[2025-05-21T14:15:18.095+0000][gc,phases   ] GC(6)   Evacuate Collection Set: 6.9ms
[2025-05-21T14:15:18.095+0000][gc,phases   ] GC(6)   Post Evacuate Collection Set: 1.2ms
[2025-05-21T14:15:18.095+0000][gc,phases   ] GC(6)   Other: 0.3ms
[2025-05-21T14:15:18.096+0000][gc,heap     ] GC(6) Eden regions: 601->0(599)
[2025-05-21T14:15:18.096+0000][gc,heap     ] GC(6) Survivor regions: 13->15(77)
[2025-05-21T14:15:18.096+0000][gc,heap     ] GC(6) Old regions: 18->18
[2025-05-21T14:15:18.096+0000][gc,heap     ] GC(6) Humongous regions: 131->131
[2025-05-21T14:15:18.096+0000][gc,metaspace] GC(6) Metaspace: 14369K(14784K)->14369K(14784K) NonClass: 12567K(12800K)->12567K(12800K) Class: 1802K(1984K)->1802K(1984K)
[2025-05-21T14:15:18.096+0000][gc          ] GC(6) Pause Young (Normal) (G1 Evacuation Pause) 762M->163M(1024M) 11.471ms
[2025-05-21T14:15:18.097+0000][gc,cpu      ] GC(6) User=0.03s Sys=0.02s Real=0.01s
[2025-05-21T14:15:39.051+0000][gc,start    ] GC(7) Pause Young (Normal) (G1 Evacuation Pause)
[2025-05-21T14:15:39.052+0000][gc,task     ] GC(7) Using 10 workers of 10 for evacuation
[2025-05-21T14:15:39.083+0000][gc,phases   ] GC(7)   Pre Evacuate Collection Set: 0.6ms
[2025-05-21T14:15:39.084+0000][gc,phases   ] GC(7)   Merge Heap Roots: 0.2ms
[2025-05-21T14:15:39.084+0000][gc,phases   ] GC(7)   Evacuate Collection Set: 26.3ms
[2025-05-21T14:15:39.084+0000][gc,phases   ] GC(7)   Post Evacuate Collection Set: 2.4ms
[2025-05-21T14:15:39.084+0000][gc,phases   ] GC(7)   Other: 0.8ms
[2025-05-21T14:15:39.085+0000][gc,heap     ] GC(7) Eden regions: 599->0(601)
[2025-05-21T14:15:39.085+0000][gc,heap     ] GC(7) Survivor regions: 15->13(77)
[2025-05-21T14:15:39.085+0000][gc,heap     ] GC(7) Old regions: 18->18
[2025-05-21T14:15:39.086+0000][gc,heap     ] GC(7) Humongous regions: 131->131
[2025-05-21T14:15:39.086+0000][gc,metaspace] GC(7) Metaspace: 15115K(15552K)->15115K(15552K) NonClass: 13300K(13504K)->13300K(13504K) Class: 1815K(2048K)->1815K(2048K)
[2025-05-21T14:15:39.087+0000][gc          ] GC(7) Pause Young (Normal) (G1 Evacuation Pause) 762M->161M(1024M) 35.067ms
[2025-05-21T14:15:39.087+0000][gc,cpu      ] GC(7) User=0.11s Sys=0.02s Real=0.03s
[2025-05-21T14:15:51.461+0000][gc,start    ] GC(8) Pause Young (Normal) (G1 Evacuation Pause)
[2025-05-21T14:15:51.461+0000][gc,task     ] GC(8) Using 10 workers of 10 for evacuation
[2025-05-21T14:15:51.521+0000][gc,phases   ] GC(8)   Pre Evacuate Collection Set: 13.4ms
[2025-05-21T14:15:51.521+0000][gc,phases   ] GC(8)   Merge Heap Roots: 1.9ms
[2025-05-21T14:15:51.522+0000][gc,phases   ] GC(8)   Evacuate Collection Set: 38.0ms
[2025-05-21T14:15:51.522+0000][gc,phases   ] GC(8)   Post Evacuate Collection Set: 5.1ms
[2025-05-21T14:15:51.523+0000][gc,phases   ] GC(8)   Other: 1.3ms
[2025-05-21T14:15:51.523+0000][gc,heap     ] GC(8) Eden regions: 601->0(596)
[2025-05-21T14:15:51.524+0000][gc,heap     ] GC(8) Survivor regions: 13->18(77)
[2025-05-21T14:15:51.527+0000][gc,heap     ] GC(8) Old regions: 18->18
[2025-05-21T14:15:51.528+0000][gc,heap     ] GC(8) Humongous regions: 131->131
[2025-05-21T14:15:51.529+0000][gc,metaspace] GC(8) Metaspace: 15184K(15616K)->15184K(15616K) NonClass: 13359K(13568K)->13359K(13568K) Class: 1824K(2048K)->1824K(2048K)
[2025-05-21T14:15:51.529+0000][gc          ] GC(8) Pause Young (Normal) (G1 Evacuation Pause) 762M->166M(1024M) 67.783ms
[2025-05-21T14:15:51.529+0000][gc,cpu      ] GC(8) User=0.12s Sys=0.05s Real=0.07s
[2025-05-21T14:16:00.634+0000][gc,start    ] GC(9) Pause Young (Normal) (G1 Evacuation Pause)
[2025-05-21T14:16:00.635+0000][gc,task     ] GC(9) Using 10 workers of 10 for evacuation
[2025-05-21T14:16:00.653+0000][gc,phases   ] GC(9)   Pre Evacuate Collection Set: 0.5ms
[2025-05-21T14:16:00.653+0000][gc,phases   ] GC(9)   Merge Heap Roots: 0.2ms
[2025-05-21T14:16:00.653+0000][gc,phases   ] GC(9)   Evacuate Collection Set: 14.5ms
[2025-05-21T14:16:00.654+0000][gc,phases   ] GC(9)   Post Evacuate Collection Set: 2.2ms
[2025-05-21T14:16:00.654+0000][gc,phases   ] GC(9)   Other: 0.5ms
[2025-05-21T14:16:00.654+0000][gc,heap     ] GC(9) Eden regions: 596->0(594)
[2025-05-21T14:16:00.655+0000][gc,heap     ] GC(9) Survivor regions: 18->20(77)
[2025-05-21T14:16:00.655+0000][gc,heap     ] GC(9) Old regions: 18->18
[2025-05-21T14:16:00.655+0000][gc,heap     ] GC(9) Humongous regions: 131->131
[2025-05-21T14:16:00.656+0000][gc,metaspace] GC(9) Metaspace: 15292K(15680K)->15292K(15680K) NonClass: 13467K(13632K)->13467K(13632K) Class: 1825K(2048K)->1825K(2048K)
[2025-05-21T14:16:00.656+0000][gc          ] GC(9) Pause Young (Normal) (G1 Evacuation Pause) 762M->168M(1024M) 21.371ms
[2025-05-21T14:16:00.656+0000][gc,cpu      ] GC(9) User=0.10s Sys=0.02s Real=0.02s
[2025-05-21T14:16:09.758+0000][gc,start    ] GC(10) Pause Young (Normal) (G1 Evacuation Pause)
[2025-05-21T14:16:09.759+0000][gc,task     ] GC(10) Using 10 workers of 10 for evacuation
[2025-05-21T14:16:09.768+0000][gc,phases   ] GC(10)   Pre Evacuate Collection Set: 1.2ms
[2025-05-21T14:16:09.768+0000][gc,phases   ] GC(10)   Merge Heap Roots: 0.2ms
[2025-05-21T14:16:09.769+0000][gc,phases   ] GC(10)   Evacuate Collection Set: 5.2ms
[2025-05-21T14:16:09.770+0000][gc,phases   ] GC(10)   Post Evacuate Collection Set: 1.8ms
[2025-05-21T14:16:09.775+0000][gc,phases   ] GC(10)   Other: 0.5ms
[2025-05-21T14:16:09.776+0000][gc,heap     ] GC(10) Eden regions: 594->0(604)
[2025-05-21T14:16:09.776+0000][gc,heap     ] GC(10) Survivor regions: 20->10(77)
[2025-05-21T14:16:09.777+0000][gc,heap     ] GC(10) Old regions: 18->18
[2025-05-21T14:16:09.778+0000][gc,heap     ] GC(10) Humongous regions: 131->131
[2025-05-21T14:16:09.780+0000][gc,metaspace] GC(10) Metaspace: 15350K(15808K)->15350K(15808K) NonClass: 13522K(13760K)->13522K(13760K) Class: 1827K(2048K)->1827K(2048K)
[2025-05-21T14:16:09.781+0000][gc          ] GC(10) Pause Young (Normal) (G1 Evacuation Pause) 762M->158M(1024M) 21.878ms
[2025-05-21T14:16:09.781+0000][gc,cpu      ] GC(10) User=0.07s Sys=0.00s Real=0.02s
[2025-05-21T14:16:18.088+0000][gc,start    ] GC(11) Pause Young (Normal) (G1 Evacuation Pause)
[2025-05-21T14:16:18.089+0000][gc,task     ] GC(11) Using 10 workers of 10 for evacuation
[2025-05-21T14:16:18.100+0000][gc,phases   ] GC(11)   Pre Evacuate Collection Set: 1.0ms
[2025-05-21T14:16:18.101+0000][gc,phases   ] GC(11)   Merge Heap Roots: 0.2ms
[2025-05-21T14:16:18.101+0000][gc,phases   ] GC(11)   Evacuate Collection Set: 7.9ms
[2025-05-21T14:16:18.101+0000][gc,phases   ] GC(11)   Post Evacuate Collection Set: 1.7ms
[2025-05-21T14:16:18.101+0000][gc,phases   ] GC(11)   Other: 0.4ms
[2025-05-21T14:16:18.101+0000][gc,heap     ] GC(11) Eden regions: 604->0(600)
[2025-05-21T14:16:18.102+0000][gc,heap     ] GC(11) Survivor regions: 10->14(77)
[2025-05-21T14:16:18.102+0000][gc,heap     ] GC(11) Old regions: 18->18
[2025-05-21T14:16:18.102+0000][gc,heap     ] GC(11) Humongous regions: 131->131
[2025-05-21T14:16:18.102+0000][gc,metaspace] GC(11) Metaspace: 15376K(15808K)->15376K(15808K) NonClass: 13549K(13760K)->13549K(13760K) Class: 1827K(2048K)->1827K(2048K)
[2025-05-21T14:16:18.103+0000][gc          ] GC(11) Pause Young (Normal) (G1 Evacuation Pause) 762M->162M(1024M) 14.307ms
[2025-05-21T14:16:18.103+0000][gc,cpu      ] GC(11) User=0.08s Sys=0.00s Real=0.01s
[2025-05-21T14:16:24.362+0000][gc,start    ] GC(12) Pause Young (Normal) (G1 Evacuation Pause)
[2025-05-21T14:16:24.363+0000][gc,task     ] GC(12) Using 10 workers of 10 for evacuation
[2025-05-21T14:16:24.378+0000][gc,phases   ] GC(12)   Pre Evacuate Collection Set: 2.0ms
[2025-05-21T14:16:24.378+0000][gc,phases   ] GC(12)   Merge Heap Roots: 0.2ms
[2025-05-21T14:16:24.378+0000][gc,phases   ] GC(12)   Evacuate Collection Set: 8.7ms
[2025-05-21T14:16:24.379+0000][gc,phases   ] GC(12)   Post Evacuate Collection Set: 2.7ms
[2025-05-21T14:16:24.379+0000][gc,phases   ] GC(12)   Other: 1.0ms
[2025-05-21T14:16:24.380+0000][gc,heap     ] GC(12) Eden regions: 600->0(604)
[2025-05-21T14:16:24.380+0000][gc,heap     ] GC(12) Survivor regions: 14->10(77)
[2025-05-21T14:16:24.380+0000][gc,heap     ] GC(12) Old regions: 18->18
[2025-05-21T14:16:24.381+0000][gc,heap     ] GC(12) Humongous regions: 131->131
[2025-05-21T14:16:24.381+0000][gc,metaspace] GC(12) Metaspace: 15443K(15872K)->15443K(15872K) NonClass: 13615K(13824K)->13615K(13824K) Class: 1828K(2048K)->1828K(2048K)
[2025-05-21T14:16:24.381+0000][gc          ] GC(12) Pause Young (Normal) (G1 Evacuation Pause) 762M->158M(1024M) 19.484ms
[2025-05-21T14:16:24.382+0000][gc,cpu      ] GC(12) User=0.09s Sys=0.00s Real=0.02s
[2025-05-21T14:16:30.088+0000][gc,start    ] GC(13) Pause Young (Normal) (G1 Evacuation Pause)
[2025-05-21T14:16:30.089+0000][gc,task     ] GC(13) Using 10 workers of 10 for evacuation
[2025-05-21T14:16:30.107+0000][gc,phases   ] GC(13)   Pre Evacuate Collection Set: 0.6ms
[2025-05-21T14:16:30.107+0000][gc,phases   ] GC(13)   Merge Heap Roots: 0.3ms
[2025-05-21T14:16:30.108+0000][gc,phases   ] GC(13)   Evacuate Collection Set: 14.2ms
[2025-05-21T14:16:30.108+0000][gc,phases   ] GC(13)   Post Evacuate Collection Set: 3.0ms
[2025-05-21T14:16:30.108+0000][gc,phases   ] GC(13)   Other: 0.4ms
[2025-05-21T14:16:30.108+0000][gc,heap     ] GC(13) Eden regions: 604->0(592)
[2025-05-21T14:16:30.108+0000][gc,heap     ] GC(13) Survivor regions: 10->22(77)
[2025-05-21T14:16:30.109+0000][gc,heap     ] GC(13) Old regions: 18->18
[2025-05-21T14:16:30.109+0000][gc,heap     ] GC(13) Humongous regions: 131->131
[2025-05-21T14:16:30.109+0000][gc,metaspace] GC(13) Metaspace: 15452K(15872K)->15452K(15872K) NonClass: 13624K(13824K)->13624K(13824K) Class: 1828K(2048K)->1828K(2048K)
[2025-05-21T14:16:30.109+0000][gc          ] GC(13) Pause Young (Normal) (G1 Evacuation Pause) 762M->170M(1024M) 20.832ms
[2025-05-21T14:16:30.109+0000][gc,cpu      ] GC(13) User=0.13s Sys=0.01s Real=0.02s
[2025-05-21T14:16:37.698+0000][gc,start    ] GC(14) Pause Young (Normal) (G1 Evacuation Pause)
[2025-05-21T14:16:37.698+0000][gc,task     ] GC(14) Using 10 workers of 10 for evacuation
[2025-05-21T14:16:37.704+0000][gc,phases   ] GC(14)   Pre Evacuate Collection Set: 0.3ms
[2025-05-21T14:16:37.704+0000][gc,phases   ] GC(14)   Merge Heap Roots: 0.2ms
[2025-05-21T14:16:37.705+0000][gc,phases   ] GC(14)   Evacuate Collection Set: 4.1ms
[2025-05-21T14:16:37.705+0000][gc,phases   ] GC(14)   Post Evacuate Collection Set: 1.1ms
[2025-05-21T14:16:37.705+0000][gc,phases   ] GC(14)   Other: 0.4ms
[2025-05-21T14:16:37.705+0000][gc,heap     ] GC(14) Eden regions: 592->0(601)
[2025-05-21T14:16:37.705+0000][gc,heap     ] GC(14) Survivor regions: 22->13(77)
[2025-05-21T14:16:37.706+0000][gc,heap     ] GC(14) Old regions: 18->18
[2025-05-21T14:16:37.706+0000][gc,heap     ] GC(14) Humongous regions: 131->131
[2025-05-21T14:16:37.706+0000][gc,metaspace] GC(14) Metaspace: 15471K(15872K)->15471K(15872K) NonClass: 13643K(13824K)->13643K(13824K) Class: 1828K(2048K)->1828K(2048K)
[2025-05-21T14:16:37.706+0000][gc          ] GC(14) Pause Young (Normal) (G1 Evacuation Pause) 762M->161M(1024M) 8.292ms
[2025-05-21T14:16:37.706+0000][gc,cpu      ] GC(14) User=0.04s Sys=0.01s Real=0.00s
[2025-05-21T14:16:58.072+0000][gc,start    ] GC(15) Pause Young (Normal) (G1 Evacuation Pause)
[2025-05-21T14:16:58.072+0000][gc,task     ] GC(15) Using 10 workers of 10 for evacuation
[2025-05-21T14:16:58.085+0000][gc,phases   ] GC(15)   Pre Evacuate Collection Set: 0.4ms
[2025-05-21T14:16:58.085+0000][gc,phases   ] GC(15)   Merge Heap Roots: 0.3ms
[2025-05-21T14:16:58.086+0000][gc,phases   ] GC(15)   Evacuate Collection Set: 9.3ms
[2025-05-21T14:16:58.086+0000][gc,phases   ] GC(15)   Post Evacuate Collection Set: 1.9ms
[2025-05-21T14:16:58.086+0000][gc,phases   ] GC(15)   Other: 0.4ms
[2025-05-21T14:16:58.086+0000][gc,heap     ] GC(15) Eden regions: 601->0(600)
[2025-05-21T14:16:58.086+0000][gc,heap     ] GC(15) Survivor regions: 13->14(77)
[2025-05-21T14:16:58.087+0000][gc,heap     ] GC(15) Old regions: 18->18
[2025-05-21T14:16:58.087+0000][gc,heap     ] GC(15) Humongous regions: 131->131
[2025-05-21T14:16:58.088+0000][gc,metaspace] GC(15) Metaspace: 15514K(16000K)->15514K(16000K) NonClass: 13686K(13952K)->13686K(13952K) Class: 1828K(2048K)->1828K(2048K)
[2025-05-21T14:16:58.088+0000][gc          ] GC(15) Pause Young (Normal) (G1 Evacuation Pause) 762M->162M(1024M) 15.818ms
[2025-05-21T14:16:58.091+0000][gc,cpu      ] GC(15) User=0.03s Sys=0.03s Real=0.02s
[2025-05-21T14:17:28.496+0000][gc,start    ] GC(16) Pause Young (Normal) (G1 Evacuation Pause)
[2025-05-21T14:17:28.496+0000][gc,task     ] GC(16) Using 10 workers of 10 for evacuation
[2025-05-21T14:17:28.504+0000][gc,phases   ] GC(16)   Pre Evacuate Collection Set: 0.3ms
[2025-05-21T14:17:28.504+0000][gc,phases   ] GC(16)   Merge Heap Roots: 0.3ms
[2025-05-21T14:17:28.504+0000][gc,phases   ] GC(16)   Evacuate Collection Set: 5.6ms
[2025-05-21T14:17:28.504+0000][gc,phases   ] GC(16)   Post Evacuate Collection Set: 1.2ms
[2025-05-21T14:17:28.505+0000][gc,phases   ] GC(16)   Other: 0.3ms
[2025-05-21T14:17:28.505+0000][gc,heap     ] GC(16) Eden regions: 600->0(596)
[2025-05-21T14:17:28.505+0000][gc,heap     ] GC(16) Survivor regions: 14->18(77)
[2025-05-21T14:17:28.505+0000][gc,heap     ] GC(16) Old regions: 18->18
[2025-05-21T14:17:28.506+0000][gc,heap     ] GC(16) Humongous regions: 131->131
[2025-05-21T14:17:28.506+0000][gc,metaspace] GC(16) Metaspace: 15568K(16000K)->15568K(16000K) NonClass: 13738K(13952K)->13738K(13952K) Class: 1829K(2048K)->1829K(2048K)
[2025-05-21T14:17:28.506+0000][gc          ] GC(16) Pause Young (Normal) (G1 Evacuation Pause) 762M->166M(1024M) 10.369ms
[2025-05-21T14:17:28.506+0000][gc,cpu      ] GC(16) User=0.04s Sys=0.02s Real=0.02s
[2025-05-21T14:18:08.486+0000][gc,start    ] GC(17) Pause Young (Normal) (G1 Evacuation Pause)
[2025-05-21T14:18:08.486+0000][gc,task     ] GC(17) Using 10 workers of 10 for evacuation
[2025-05-21T14:18:08.495+0000][gc,phases   ] GC(17)   Pre Evacuate Collection Set: 0.4ms
[2025-05-21T14:18:08.495+0000][gc,phases   ] GC(17)   Merge Heap Roots: 0.2ms
[2025-05-21T14:18:08.495+0000][gc,phases   ] GC(17)   Evacuate Collection Set: 6.4ms
[2025-05-21T14:18:08.496+0000][gc,phases   ] GC(17)   Post Evacuate Collection Set: 1.3ms
[2025-05-21T14:18:08.496+0000][gc,phases   ] GC(17)   Other: 0.3ms
[2025-05-21T14:18:08.496+0000][gc,heap     ] GC(17) Eden regions: 596->0(598)
[2025-05-21T14:18:08.496+0000][gc,heap     ] GC(17) Survivor regions: 18->16(77)
[2025-05-21T14:18:08.496+0000][gc,heap     ] GC(17) Old regions: 18->22
[2025-05-21T14:18:08.497+0000][gc,heap     ] GC(17) Humongous regions: 131->131
[2025-05-21T14:18:08.497+0000][gc,metaspace] GC(17) Metaspace: 15648K(16064K)->15648K(16064K) NonClass: 13819K(14016K)->13819K(14016K) Class: 1829K(2048K)->1829K(2048K)
[2025-05-21T14:18:08.497+0000][gc          ] GC(17) Pause Young (Normal) (G1 Evacuation Pause) 762M->167M(1024M) 11.186ms
[2025-05-21T14:18:08.497+0000][gc,cpu      ] GC(17) User=0.05s Sys=0.01s Real=0.01s
[2025-05-21T14:18:48.123+0000][gc,start    ] GC(18) Pause Young (Normal) (G1 Evacuation Pause)
[2025-05-21T14:18:48.124+0000][gc,task     ] GC(18) Using 10 workers of 10 for evacuation
[2025-05-21T14:18:48.130+0000][gc,phases   ] GC(18)   Pre Evacuate Collection Set: 0.3ms
[2025-05-21T14:18:48.130+0000][gc,phases   ] GC(18)   Merge Heap Roots: 0.2ms
[2025-05-21T14:18:48.131+0000][gc,phases   ] GC(18)   Evacuate Collection Set: 4.6ms
[2025-05-21T14:18:48.131+0000][gc,phases   ] GC(18)   Post Evacuate Collection Set: 1.2ms
[2025-05-21T14:18:48.131+0000][gc,phases   ] GC(18)   Other: 0.2ms
[2025-05-21T14:18:48.131+0000][gc,heap     ] GC(18) Eden regions: 598->0(599)
[2025-05-21T14:18:48.131+0000][gc,heap     ] GC(18) Survivor regions: 16->15(77)
[2025-05-21T14:18:48.131+0000][gc,heap     ] GC(18) Old regions: 22->23
[2025-05-21T14:18:48.131+0000][gc,heap     ] GC(18) Humongous regions: 132->131
[2025-05-21T14:18:48.132+0000][gc,metaspace] GC(18) Metaspace: 16190K(16576K)->16190K(16576K) NonClass: 14275K(14464K)->14275K(14464K) Class: 1914K(2112K)->1914K(2112K)
[2025-05-21T14:18:48.132+0000][gc          ] GC(18) Pause Young (Normal) (G1 Evacuation Pause) 766M->167M(1024M) 8.420ms
[2025-05-21T14:18:48.132+0000][gc,cpu      ] GC(18) User=0.05s Sys=0.00s Real=0.01s
[2025-05-21T14:19:27.963+0000][gc,start    ] GC(19) Pause Young (Normal) (G1 Evacuation Pause)
[2025-05-21T14:19:27.963+0000][gc,task     ] GC(19) Using 10 workers of 10 for evacuation
[2025-05-21T14:19:27.968+0000][gc,phases   ] GC(19)   Pre Evacuate Collection Set: 0.5ms
[2025-05-21T14:19:27.968+0000][gc,phases   ] GC(19)   Merge Heap Roots: 0.4ms
[2025-05-21T14:19:27.968+0000][gc,phases   ] GC(19)   Evacuate Collection Set: 2.3ms
[2025-05-21T14:19:27.969+0000][gc,phases   ] GC(19)   Post Evacuate Collection Set: 1.2ms
[2025-05-21T14:19:27.969+0000][gc,phases   ] GC(19)   Other: 0.4ms
[2025-05-21T14:19:27.969+0000][gc,heap     ] GC(19) Eden regions: 599->0(608)
[2025-05-21T14:19:27.969+0000][gc,heap     ] GC(19) Survivor regions: 15->6(77)
[2025-05-21T14:19:27.969+0000][gc,heap     ] GC(19) Old regions: 23->24
[2025-05-21T14:19:27.969+0000][gc,heap     ] GC(19) Humongous regions: 131->131
[2025-05-21T14:19:27.970+0000][gc,metaspace] GC(19) Metaspace: 16250K(16640K)->16250K(16640K) NonClass: 14336K(14528K)->14336K(14528K) Class: 1914K(2112K)->1914K(2112K)
[2025-05-21T14:19:27.970+0000][gc          ] GC(19) Pause Young (Normal) (G1 Evacuation Pause) 766M->159M(1024M) 7.197ms
[2025-05-21T14:19:27.970+0000][gc,cpu      ] GC(19) User=0.02s Sys=0.01s Real=0.00s
[2025-05-21T14:19:58.536+0000][gc,start    ] GC(20) Pause Young (Normal) (G1 Evacuation Pause)
[2025-05-21T14:19:58.536+0000][gc,task     ] GC(20) Using 10 workers of 10 for evacuation
[2025-05-21T14:19:58.541+0000][gc,phases   ] GC(20)   Pre Evacuate Collection Set: 0.3ms
[2025-05-21T14:19:58.541+0000][gc,phases   ] GC(20)   Merge Heap Roots: 0.2ms
[2025-05-21T14:19:58.541+0000][gc,phases   ] GC(20)   Evacuate Collection Set: 3.0ms
[2025-05-21T14:19:58.541+0000][gc,phases   ] GC(20)   Post Evacuate Collection Set: 1.2ms
[2025-05-21T14:19:58.542+0000][gc,phases   ] GC(20)   Other: 0.3ms
[2025-05-21T14:19:58.542+0000][gc,heap     ] GC(20) Eden regions: 608->0(605)
[2025-05-21T14:19:58.542+0000][gc,heap     ] GC(20) Survivor regions: 6->9(77)
[2025-05-21T14:19:58.542+0000][gc,heap     ] GC(20) Old regions: 24->24
[2025-05-21T14:19:58.542+0000][gc,heap     ] GC(20) Humongous regions: 131->131
[2025-05-21T14:19:58.542+0000][gc,metaspace] GC(20) Metaspace: 16279K(16704K)->16279K(16704K) NonClass: 14365K(14592K)->14365K(14592K) Class: 1914K(2112K)->1914K(2112K)
[2025-05-21T14:19:58.542+0000][gc          ] GC(20) Pause Young (Normal) (G1 Evacuation Pause) 767M->163M(1024M) 6.911ms
[2025-05-21T14:19:58.543+0000][gc,cpu      ] GC(20) User=0.03s Sys=0.01s Real=0.01s
[2025-05-21T14:20:28.333+0000][gc,start    ] GC(21) Pause Young (Concurrent Start) (CodeCache GC Threshold)
[2025-05-21T14:20:28.333+0000][gc,task     ] GC(21) Using 10 workers of 10 for evacuation
[2025-05-21T14:20:28.338+0000][gc,phases   ] GC(21)   Pre Evacuate Collection Set: 0.7ms
[2025-05-21T14:20:28.339+0000][gc,phases   ] GC(21)   Merge Heap Roots: 0.2ms
[2025-05-21T14:20:28.339+0000][gc,phases   ] GC(21)   Evacuate Collection Set: 2.8ms
[2025-05-21T14:20:28.339+0000][gc,phases   ] GC(21)   Post Evacuate Collection Set: 1.1ms
[2025-05-21T14:20:28.339+0000][gc,phases   ] GC(21)   Other: 0.3ms
[2025-05-21T14:20:28.339+0000][gc,heap     ] GC(21) Eden regions: 435->0(606)
[2025-05-21T14:20:28.340+0000][gc,heap     ] GC(21) Survivor regions: 9->8(77)
[2025-05-21T14:20:28.340+0000][gc,heap     ] GC(21) Old regions: 24->24
[2025-05-21T14:20:28.340+0000][gc,heap     ] GC(21) Humongous regions: 131->131
[2025-05-21T14:20:28.340+0000][gc,metaspace] GC(21) Metaspace: 16363K(16704K)->16363K(16704K) NonClass: 14445K(14592K)->14445K(14592K) Class: 1917K(2112K)->1917K(2112K)
[2025-05-21T14:20:28.341+0000][gc          ] GC(21) Pause Young (Concurrent Start) (CodeCache GC Threshold) 597M->162M(1024M) 7.535ms
[2025-05-21T14:20:28.341+0000][gc,cpu      ] GC(21) User=0.02s Sys=0.01s Real=0.01s
[2025-05-21T14:20:28.341+0000][gc          ] GC(22) Concurrent Mark Cycle
[2025-05-21T14:20:28.341+0000][gc,marking  ] GC(22) Concurrent Scan Root Regions
[2025-05-21T14:20:28.343+0000][gc,marking  ] GC(22) Concurrent Scan Root Regions 1.932ms
[2025-05-21T14:20:28.343+0000][gc,marking  ] GC(22) Concurrent Mark
[2025-05-21T14:20:28.344+0000][gc,marking  ] GC(22) Concurrent Mark From Roots
[2025-05-21T14:20:28.344+0000][gc,task     ] GC(22) Using 3 workers of 3 for marking
[2025-05-21T14:20:28.356+0000][gc,marking  ] GC(22) Concurrent Mark From Roots 12.111ms
[2025-05-21T14:20:28.356+0000][gc,marking  ] GC(22) Concurrent Preclean
[2025-05-21T14:20:28.356+0000][gc,marking  ] GC(22) Concurrent Preclean 0.207ms
[2025-05-21T14:20:28.356+0000][gc,start    ] GC(22) Pause Remark
[2025-05-21T14:20:28.365+0000][gc          ] GC(22) Pause Remark 165M->165M(1024M) 8.463ms
[2025-05-21T14:20:28.365+0000][gc,cpu      ] GC(22) User=0.06s Sys=0.00s Real=0.01s
[2025-05-21T14:20:28.366+0000][gc,marking  ] GC(22) Concurrent Mark 22.113ms
[2025-05-21T14:20:28.366+0000][gc,marking  ] GC(22) Concurrent Rebuild Remembered Sets and Scrub Regions
[2025-05-21T14:20:28.370+0000][gc,marking  ] GC(22) Concurrent Rebuild Remembered Sets and Scrub Regions 4.113ms
[2025-05-21T14:20:28.370+0000][gc,start    ] GC(22) Pause Cleanup
[2025-05-21T14:20:28.371+0000][gc          ] GC(22) Pause Cleanup 166M->166M(1024M) 1.014ms
[2025-05-21T14:20:28.371+0000][gc,cpu      ] GC(22) User=0.00s Sys=0.00s Real=0.01s
[2025-05-21T14:20:28.372+0000][gc,marking  ] GC(22) Concurrent Clear Claimed Marks
[2025-05-21T14:20:28.372+0000][gc,marking  ] GC(22) Concurrent Clear Claimed Marks 0.181ms
[2025-05-21T14:20:28.372+0000][gc,marking  ] GC(22) Concurrent Cleanup for Next Mark
[2025-05-21T14:20:28.378+0000][gc,marking  ] GC(22) Concurrent Cleanup for Next Mark 5.922ms
[2025-05-21T14:20:28.378+0000][gc          ] GC(22) Concurrent Mark Cycle 37.208ms
[2025-05-21T14:21:08.162+0000][gc,start    ] GC(23) Pause Young (Prepare Mixed) (G1 Evacuation Pause)
[2025-05-21T14:21:08.163+0000][gc,task     ] GC(23) Using 10 workers of 10 for evacuation
[2025-05-21T14:21:08.169+0000][gc,phases   ] GC(23)   Pre Evacuate Collection Set: 0.4ms
[2025-05-21T14:21:08.169+0000][gc,phases   ] GC(23)   Merge Heap Roots: 0.2ms
[2025-05-21T14:21:08.170+0000][gc,phases   ] GC(23)   Evacuate Collection Set: 4.4ms
[2025-05-21T14:21:08.170+0000][gc,phases   ] GC(23)   Post Evacuate Collection Set: 1.2ms
[2025-05-21T14:21:08.170+0000][gc,phases   ] GC(23)   Other: 0.3ms
[2025-05-21T14:21:08.170+0000][gc,heap     ] GC(23) Eden regions: 606->0(606)
[2025-05-21T14:21:08.170+0000][gc,heap     ] GC(23) Survivor regions: 8->8(77)
[2025-05-21T14:21:08.170+0000][gc,heap     ] GC(23) Old regions: 24->25
[2025-05-21T14:21:08.171+0000][gc,heap     ] GC(23) Humongous regions: 131->131
[2025-05-21T14:21:08.171+0000][gc,metaspace] GC(23) Metaspace: 16372K(16768K)->16372K(16768K) NonClass: 14455K(14656K)->14455K(14656K) Class: 1917K(2112K)->1917K(2112K)
[2025-05-21T14:21:08.171+0000][gc          ] GC(23) Pause Young (Prepare Mixed) (G1 Evacuation Pause) 768M->163M(1024M) 8.644ms
[2025-05-21T14:21:08.171+0000][gc,cpu      ] GC(23) User=0.04s Sys=0.01s Real=0.01s
[2025-05-21T14:21:48.018+0000][gc,start    ] GC(24) Pause Young (Mixed) (G1 Evacuation Pause)
[2025-05-21T14:21:48.018+0000][gc,task     ] GC(24) Using 10 workers of 10 for evacuation
[2025-05-21T14:21:48.025+0000][gc,phases   ] GC(24)   Pre Evacuate Collection Set: 0.7ms
[2025-05-21T14:21:48.025+0000][gc,phases   ] GC(24)   Merge Heap Roots: 0.2ms
[2025-05-21T14:21:48.026+0000][gc,phases   ] GC(24)   Evacuate Collection Set: 4.2ms
[2025-05-21T14:21:48.026+0000][gc,phases   ] GC(24)   Post Evacuate Collection Set: 1.5ms
[2025-05-21T14:21:48.026+0000][gc,phases   ] GC(24)   Other: 0.4ms
[2025-05-21T14:21:48.026+0000][gc,heap     ] GC(24) Eden regions: 606->0(606)
[2025-05-21T14:21:48.026+0000][gc,heap     ] GC(24) Survivor regions: 8->8(77)
[2025-05-21T14:21:48.026+0000][gc,heap     ] GC(24) Old regions: 25->25
[2025-05-21T14:21:48.027+0000][gc,heap     ] GC(24) Humongous regions: 131->131
[2025-05-21T14:21:48.027+0000][gc,metaspace] GC(24) Metaspace: 16389K(16832K)->16389K(16832K) NonClass: 14472K(14720K)->14472K(14720K) Class: 1917K(2112K)->1917K(2112K)
[2025-05-21T14:21:48.027+0000][gc          ] GC(24) Pause Young (Mixed) (G1 Evacuation Pause) 769M->162M(1024M) 9.138ms
[2025-05-21T14:21:48.027+0000][gc,cpu      ] GC(24) User=0.04s Sys=0.00s Real=0.01s
[2025-05-21T14:22:18.700+0000][gc,start    ] GC(25) Pause Young (Normal) (G1 Evacuation Pause)
[2025-05-21T14:22:18.700+0000][gc,task     ] GC(25) Using 10 workers of 10 for evacuation
[2025-05-21T14:22:18.709+0000][gc,phases   ] GC(25)   Pre Evacuate Collection Set: 0.4ms
[2025-05-21T14:22:18.709+0000][gc,phases   ] GC(25)   Merge Heap Roots: 0.2ms
[2025-05-21T14:22:18.709+0000][gc,phases   ] GC(25)   Evacuate Collection Set: 6.2ms
[2025-05-21T14:22:18.709+0000][gc,phases   ] GC(25)   Post Evacuate Collection Set: 1.5ms
[2025-05-21T14:22:18.709+0000][gc,phases   ] GC(25)   Other: 0.3ms
[2025-05-21T14:22:18.710+0000][gc,heap     ] GC(25) Eden regions: 606->0(602)
[2025-05-21T14:22:18.710+0000][gc,heap     ] GC(25) Survivor regions: 8->12(77)
[2025-05-21T14:22:18.710+0000][gc,heap     ] GC(25) Old regions: 25->25
[2025-05-21T14:22:18.710+0000][gc,heap     ] GC(25) Humongous regions: 131->131
[2025-05-21T14:22:18.710+0000][gc,metaspace] GC(25) Metaspace: 16411K(16832K)->16411K(16832K) NonClass: 14493K(14720K)->14493K(14720K) Class: 1917K(2112K)->1917K(2112K)
[2025-05-21T14:22:18.710+0000][gc          ] GC(25) Pause Young (Normal) (G1 Evacuation Pause) 768M->167M(1024M) 10.817ms
[2025-05-21T14:22:18.711+0000][gc,cpu      ] GC(25) User=0.04s Sys=0.00s Real=0.01s
[2025-05-21T14:22:57.908+0000][gc,start    ] GC(26) Pause Young (Normal) (G1 Evacuation Pause)
[2025-05-21T14:22:57.910+0000][gc,task     ] GC(26) Using 10 workers of 10 for evacuation
[2025-05-21T14:22:57.991+0000][gc,phases   ] GC(26)   Pre Evacuate Collection Set: 2.5ms
[2025-05-21T14:22:57.991+0000][gc,phases   ] GC(26)   Merge Heap Roots: 0.3ms
[2025-05-21T14:22:57.991+0000][gc,phases   ] GC(26)   Evacuate Collection Set: 70.1ms
[2025-05-21T14:22:57.991+0000][gc,phases   ] GC(26)   Post Evacuate Collection Set: 4.0ms
[2025-05-21T14:22:57.991+0000][gc,phases   ] GC(26)   Other: 3.8ms
[2025-05-21T14:22:57.992+0000][gc,heap     ] GC(26) Eden regions: 602->0(604)
[2025-05-21T14:22:57.992+0000][gc,heap     ] GC(26) Survivor regions: 12->10(77)
[2025-05-21T14:22:57.992+0000][gc,heap     ] GC(26) Old regions: 25->25
[2025-05-21T14:22:57.992+0000][gc,heap     ] GC(26) Humongous regions: 131->131
[2025-05-21T14:22:57.992+0000][gc,metaspace] GC(26) Metaspace: 16508K(16896K)->16508K(16896K) NonClass: 14590K(14784K)->14590K(14784K) Class: 1918K(2112K)->1918K(2112K)
[2025-05-21T14:22:57.993+0000][gc          ] GC(26) Pause Young (Normal) (G1 Evacuation Pause) 769M->165M(1024M) 84.263ms
[2025-05-21T14:22:57.993+0000][gc,cpu      ] GC(26) User=0.09s Sys=0.01s Real=0.08s
[2025-05-21T14:23:18.773+0000][gc,start    ] GC(27) Pause Young (Normal) (G1 Evacuation Pause)
[2025-05-21T14:23:18.783+0000][gc,task     ] GC(27) Using 10 workers of 10 for evacuation
[2025-05-21T14:23:18.872+0000][gc,phases   ] GC(27)   Pre Evacuate Collection Set: 3.0ms
[2025-05-21T14:23:18.875+0000][gc,phases   ] GC(27)   Merge Heap Roots: 0.3ms
[2025-05-21T14:23:18.876+0000][gc,phases   ] GC(27)   Evacuate Collection Set: 68.2ms
[2025-05-21T14:23:18.877+0000][gc,phases   ] GC(27)   Post Evacuate Collection Set: 7.1ms
[2025-05-21T14:23:18.878+0000][gc,phases   ] GC(27)   Other: 11.2ms
[2025-05-21T14:23:18.878+0000][gc,heap     ] GC(27) Eden regions: 604->0(597)
[2025-05-21T14:23:18.878+0000][gc,heap     ] GC(27) Survivor regions: 10->17(77)
[2025-05-21T14:23:18.879+0000][gc,heap     ] GC(27) Old regions: 25->26
[2025-05-21T14:23:18.879+0000][gc,heap     ] GC(27) Humongous regions: 131->131
[2025-05-21T14:23:18.879+0000][gc,metaspace] GC(27) Metaspace: 16566K(16960K)->16566K(16960K) NonClass: 14644K(14848K)->14644K(14848K) Class: 1922K(2112K)->1922K(2112K)
[2025-05-21T14:23:18.880+0000][gc          ] GC(27) Pause Young (Normal) (G1 Evacuation Pause) 769M->172M(1024M) 106.434ms
[2025-05-21T14:23:18.881+0000][gc,cpu      ] GC(27) User=0.10s Sys=0.08s Real=0.11s
[2025-05-21T14:23:43.281+0000][gc,start    ] GC(28) Pause Young (Normal) (G1 Evacuation Pause)
[2025-05-21T14:23:43.281+0000][gc,task     ] GC(28) Using 10 workers of 10 for evacuation
[2025-05-21T14:23:43.296+0000][gc,phases   ] GC(28)   Pre Evacuate Collection Set: 0.4ms
[2025-05-21T14:23:43.296+0000][gc,phases   ] GC(28)   Merge Heap Roots: 0.2ms
[2025-05-21T14:23:43.297+0000][gc,phases   ] GC(28)   Evacuate Collection Set: 11.1ms
[2025-05-21T14:23:43.297+0000][gc,phases   ] GC(28)   Post Evacuate Collection Set: 2.4ms
[2025-05-21T14:23:43.298+0000][gc,phases   ] GC(28)   Other: 0.4ms
[2025-05-21T14:23:43.298+0000][gc,heap     ] GC(28) Eden regions: 597->0(599)
[2025-05-21T14:23:43.299+0000][gc,heap     ] GC(28) Survivor regions: 17->15(77)
[2025-05-21T14:23:43.299+0000][gc,heap     ] GC(28) Old regions: 26->26
[2025-05-21T14:23:43.300+0000][gc,heap     ] GC(28) Humongous regions: 131->131
[2025-05-21T14:23:43.300+0000][gc,metaspace] GC(28) Metaspace: 16614K(17024K)->16614K(17024K) NonClass: 14687K(14912K)->14687K(14912K) Class: 1926K(2112K)->1926K(2112K)
[2025-05-21T14:23:43.301+0000][gc          ] GC(28) Pause Young (Normal) (G1 Evacuation Pause) 769M->171M(1024M) 19.651ms
[2025-05-21T14:23:43.301+0000][gc,cpu      ] GC(28) User=0.07s Sys=0.00s Real=0.02s
[2025-05-21T14:24:08.460+0000][gc,start    ] GC(29) Pause Young (Normal) (G1 Evacuation Pause)
[2025-05-21T14:24:08.462+0000][gc,task     ] GC(29) Using 10 workers of 10 for evacuation
[2025-05-21T14:24:08.484+0000][gc,phases   ] GC(29)   Pre Evacuate Collection Set: 1.0ms
[2025-05-21T14:24:08.486+0000][gc,phases   ] GC(29)   Merge Heap Roots: 0.6ms
[2025-05-21T14:24:08.488+0000][gc,phases   ] GC(29)   Evacuate Collection Set: 17.4ms
[2025-05-21T14:24:08.489+0000][gc,phases   ] GC(29)   Post Evacuate Collection Set: 1.6ms
[2025-05-21T14:24:08.490+0000][gc,phases   ] GC(29)   Other: 1.1ms
[2025-05-21T14:24:08.490+0000][gc,heap     ] GC(29) Eden regions: 599->0(596)
[2025-05-21T14:24:08.502+0000][gc,heap     ] GC(29) Survivor regions: 15->18(77)
[2025-05-21T14:24:08.503+0000][gc,heap     ] GC(29) Old regions: 26->26
[2025-05-21T14:24:08.506+0000][gc,heap     ] GC(29) Humongous regions: 131->131
[2025-05-21T14:24:08.507+0000][gc,metaspace] GC(29) Metaspace: 16693K(17088K)->16693K(17088K) NonClass: 14762K(14912K)->14762K(14912K) Class: 1930K(2176K)->1930K(2176K)
[2025-05-21T14:24:08.508+0000][gc          ] GC(29) Pause Young (Normal) (G1 Evacuation Pause) 770M->174M(1024M) 47.577ms
[2025-05-21T14:24:08.509+0000][gc,cpu      ] GC(29) User=0.09s Sys=0.01s Real=0.05s
[2025-05-21T14:24:29.408+0000][gc,start    ] GC(30) Pause Young (Normal) (G1 Evacuation Pause)
[2025-05-21T14:24:29.409+0000][gc,task     ] GC(30) Using 10 workers of 10 for evacuation
[2025-05-21T14:24:29.423+0000][gc,phases   ] GC(30)   Pre Evacuate Collection Set: 0.7ms
[2025-05-21T14:24:29.424+0000][gc,phases   ] GC(30)   Merge Heap Roots: 0.2ms
[2025-05-21T14:24:29.424+0000][gc,phases   ] GC(30)   Evacuate Collection Set: 9.8ms
[2025-05-21T14:24:29.425+0000][gc,phases   ] GC(30)   Post Evacuate Collection Set: 2.6ms
[2025-05-21T14:24:29.425+0000][gc,phases   ] GC(30)   Other: 0.6ms
[2025-05-21T14:24:29.426+0000][gc,heap     ] GC(30) Eden regions: 596->0(595)
[2025-05-21T14:24:29.426+0000][gc,heap     ] GC(30) Survivor regions: 18->19(77)
[2025-05-21T14:24:29.426+0000][gc,heap     ] GC(30) Old regions: 26->26
[2025-05-21T14:24:29.427+0000][gc,heap     ] GC(30) Humongous regions: 131->131
[2025-05-21T14:24:29.427+0000][gc,metaspace] GC(30) Metaspace: 16703K(17152K)->16703K(17152K) NonClass: 14772K(14976K)->14772K(14976K) Class: 1930K(2176K)->1930K(2176K)
[2025-05-21T14:24:29.427+0000][gc          ] GC(30) Pause Young (Normal) (G1 Evacuation Pause) 770M->175M(1024M) 19.031ms
[2025-05-21T14:24:29.428+0000][gc,cpu      ] GC(30) User=0.09s Sys=0.00s Real=0.02s
[2025-05-21T14:24:58.076+0000][gc,start    ] GC(31) Pause Young (Normal) (G1 Evacuation Pause)
[2025-05-21T14:24:58.078+0000][gc,task     ] GC(31) Using 10 workers of 10 for evacuation
[2025-05-21T14:24:58.134+0000][gc,phases   ] GC(31)   Pre Evacuate Collection Set: 1.0ms
[2025-05-21T14:24:58.135+0000][gc,phases   ] GC(31)   Merge Heap Roots: 5.5ms
[2025-05-21T14:24:58.137+0000][gc,phases   ] GC(31)   Evacuate Collection Set: 33.7ms
[2025-05-21T14:24:58.141+0000][gc,phases   ] GC(31)   Post Evacuate Collection Set: 1.4ms
[2025-05-21T14:24:58.143+0000][gc,phases   ] GC(31)   Other: 14.2ms
[2025-05-21T14:24:58.145+0000][gc,heap     ] GC(31) Eden regions: 595->0(596)
[2025-05-21T14:24:58.146+0000][gc,heap     ] GC(31) Survivor regions: 19->18(77)
[2025-05-21T14:24:58.146+0000][gc,heap     ] GC(31) Old regions: 26->26
[2025-05-21T14:24:58.147+0000][gc,heap     ] GC(31) Humongous regions: 131->131
[2025-05-21T14:24:58.147+0000][gc,metaspace] GC(31) Metaspace: 16716K(17152K)->16716K(17152K) NonClass: 14785K(14976K)->14785K(14976K) Class: 1930K(2176K)->1930K(2176K)
[2025-05-21T14:24:58.148+0000][gc          ] GC(31) Pause Young (Normal) (G1 Evacuation Pause) 770M->174M(1024M) 71.791ms
[2025-05-21T14:24:58.150+0000][gc,cpu      ] GC(31) User=0.11s Sys=0.05s Real=0.08s
[2025-05-21T14:25:18.877+0000][gc,start    ] GC(32) Pause Young (Normal) (G1 Evacuation Pause)
[2025-05-21T14:25:18.900+0000][gc,task     ] GC(32) Using 10 workers of 10 for evacuation
[2025-05-21T14:25:18.930+0000][gc,phases   ] GC(32)   Pre Evacuate Collection Set: 0.4ms
[2025-05-21T14:25:18.933+0000][gc,phases   ] GC(32)   Merge Heap Roots: 0.3ms
[2025-05-21T14:25:18.938+0000][gc,phases   ] GC(32)   Evacuate Collection Set: 11.9ms
[2025-05-21T14:25:18.939+0000][gc,phases   ] GC(32)   Post Evacuate Collection Set: 1.2ms
[2025-05-21T14:25:18.943+0000][gc,phases   ] GC(32)   Other: 15.5ms
[2025-05-21T14:25:18.944+0000][gc,heap     ] GC(32) Eden regions: 596->0(594)
[2025-05-21T14:25:18.948+0000][gc,heap     ] GC(32) Survivor regions: 18->20(77)
[2025-05-21T14:25:18.950+0000][gc,heap     ] GC(32) Old regions: 26->26
[2025-05-21T14:25:18.952+0000][gc,heap     ] GC(32) Humongous regions: 131->131
[2025-05-21T14:25:18.954+0000][gc,metaspace] GC(32) Metaspace: 16735K(17216K)->16735K(17216K) NonClass: 14804K(15040K)->14804K(15040K) Class: 1930K(2176K)->1930K(2176K)
[2025-05-21T14:25:18.957+0000][gc          ] GC(32) Pause Young (Normal) (G1 Evacuation Pause) 770M->176M(1024M) 80.063ms
[2025-05-21T14:25:18.959+0000][gc,cpu      ] GC(32) User=0.04s Sys=0.06s Real=0.10s
[2025-05-21T14:25:48.819+0000][gc,start    ] GC(33) Pause Young (Normal) (G1 Evacuation Pause)
[2025-05-21T14:25:48.819+0000][gc,task     ] GC(33) Using 10 workers of 10 for evacuation
[2025-05-21T14:25:48.832+0000][gc,phases   ] GC(33)   Pre Evacuate Collection Set: 0.4ms
[2025-05-21T14:25:48.832+0000][gc,phases   ] GC(33)   Merge Heap Roots: 0.3ms
[2025-05-21T14:25:48.832+0000][gc,phases   ] GC(33)   Evacuate Collection Set: 9.7ms
[2025-05-21T14:25:48.832+0000][gc,phases   ] GC(33)   Post Evacuate Collection Set: 1.8ms
[2025-05-21T14:25:48.833+0000][gc,phases   ] GC(33)   Other: 0.3ms
[2025-05-21T14:25:48.833+0000][gc,heap     ] GC(33) Eden regions: 594->0(588)
[2025-05-21T14:25:48.833+0000][gc,heap     ] GC(33) Survivor regions: 20->26(77)
[2025-05-21T14:25:48.833+0000][gc,heap     ] GC(33) Old regions: 26->26
[2025-05-21T14:25:48.833+0000][gc,heap     ] GC(33) Humongous regions: 131->131
[2025-05-21T14:25:48.834+0000][gc,metaspace] GC(33) Metaspace: 16815K(17280K)->16815K(17280K) NonClass: 14885K(15104K)->14885K(15104K) Class: 1930K(2176K)->1930K(2176K)
[2025-05-21T14:25:48.834+0000][gc          ] GC(33) Pause Young (Normal) (G1 Evacuation Pause) 770M->182M(1024M) 14.847ms
[2025-05-21T14:25:48.834+0000][gc,cpu      ] GC(33) User=0.09s Sys=0.00s Real=0.02s
[2025-05-21T14:26:27.937+0000][gc,start    ] GC(34) Pause Young (Normal) (G1 Evacuation Pause)
[2025-05-21T14:26:27.938+0000][gc,task     ] GC(34) Using 10 workers of 10 for evacuation
[2025-05-21T14:26:27.953+0000][gc,phases   ] GC(34)   Pre Evacuate Collection Set: 1.1ms
[2025-05-21T14:26:27.953+0000][gc,phases   ] GC(34)   Merge Heap Roots: 0.2ms
[2025-05-21T14:26:27.953+0000][gc,phases   ] GC(34)   Evacuate Collection Set: 12.1ms
[2025-05-21T14:26:27.953+0000][gc,phases   ] GC(34)   Post Evacuate Collection Set: 1.4ms
[2025-05-21T14:26:27.954+0000][gc,phases   ] GC(34)   Other: 0.5ms
[2025-05-21T14:26:27.954+0000][gc,heap     ] GC(34) Eden regions: 588->0(590)
[2025-05-21T14:26:27.954+0000][gc,heap     ] GC(34) Survivor regions: 26->24(77)
[2025-05-21T14:26:27.954+0000][gc,heap     ] GC(34) Old regions: 26->27
[2025-05-21T14:26:27.954+0000][gc,heap     ] GC(34) Humongous regions: 131->131
[2025-05-21T14:26:27.954+0000][gc,metaspace] GC(34) Metaspace: 16830K(17280K)->16830K(17280K) NonClass: 14899K(15104K)->14899K(15104K) Class: 1930K(2176K)->1930K(2176K)
[2025-05-21T14:26:27.955+0000][gc          ] GC(34) Pause Young (Normal) (G1 Evacuation Pause) 770M->181M(1024M) 17.505ms
[2025-05-21T14:26:27.955+0000][gc,cpu      ] GC(34) User=0.06s Sys=0.06s Real=0.02s
[2025-05-21T14:26:58.204+0000][gc,start    ] GC(35) Pause Young (Normal) (G1 Evacuation Pause)
[2025-05-21T14:26:58.204+0000][gc,task     ] GC(35) Using 10 workers of 10 for evacuation
[2025-05-21T14:26:58.216+0000][gc,phases   ] GC(35)   Pre Evacuate Collection Set: 0.4ms
[2025-05-21T14:26:58.216+0000][gc,phases   ] GC(35)   Merge Heap Roots: 0.2ms
[2025-05-21T14:26:58.217+0000][gc,phases   ] GC(35)   Evacuate Collection Set: 9.3ms
[2025-05-21T14:26:58.217+0000][gc,phases   ] GC(35)   Post Evacuate Collection Set: 1.5ms
[2025-05-21T14:26:58.217+0000][gc,phases   ] GC(35)   Other: 0.2ms
[2025-05-21T14:26:58.217+0000][gc,heap     ] GC(35) Eden regions: 590->0(587)
[2025-05-21T14:26:58.218+0000][gc,heap     ] GC(35) Survivor regions: 24->27(77)
[2025-05-21T14:26:58.218+0000][gc,heap     ] GC(35) Old regions: 27->27
[2025-05-21T14:26:58.219+0000][gc,heap     ] GC(35) Humongous regions: 131->131
[2025-05-21T14:26:58.219+0000][gc,metaspace] GC(35) Metaspace: 16841K(17280K)->16841K(17280K) NonClass: 14910K(15104K)->14910K(15104K) Class: 1930K(2176K)->1930K(2176K)
[2025-05-21T14:26:58.219+0000][gc          ] GC(35) Pause Young (Normal) (G1 Evacuation Pause) 771M->184M(1024M) 15.299ms
[2025-05-21T14:26:58.220+0000][gc,cpu      ] GC(35) User=0.09s Sys=0.00s Real=0.02s
[2025-05-21T14:27:28.452+0000][gc,start    ] GC(36) Pause Young (Normal) (G1 Evacuation Pause)
[2025-05-21T14:27:28.453+0000][gc,task     ] GC(36) Using 10 workers of 10 for evacuation
[2025-05-21T14:27:28.471+0000][gc,phases   ] GC(36)   Pre Evacuate Collection Set: 0.3ms
[2025-05-21T14:27:28.472+0000][gc,phases   ] GC(36)   Merge Heap Roots: 0.3ms
[2025-05-21T14:27:28.473+0000][gc,phases   ] GC(36)   Evacuate Collection Set: 10.7ms
[2025-05-21T14:27:28.474+0000][gc,phases   ] GC(36)   Post Evacuate Collection Set: 6.8ms
[2025-05-21T14:27:28.475+0000][gc,phases   ] GC(36)   Other: 0.4ms
[2025-05-21T14:27:28.478+0000][gc,heap     ] GC(36) Eden regions: 587->0(589)
[2025-05-21T14:27:28.479+0000][gc,heap     ] GC(36) Survivor regions: 27->25(77)
[2025-05-21T14:27:28.480+0000][gc,heap     ] GC(36) Old regions: 27->27
[2025-05-21T14:27:28.481+0000][gc,heap     ] GC(36) Humongous regions: 131->131
[2025-05-21T14:27:28.481+0000][gc,metaspace] GC(36) Metaspace: 16866K(17280K)->16866K(17280K) NonClass: 14935K(15104K)->14935K(15104K) Class: 1930K(2176K)->1930K(2176K)
[2025-05-21T14:27:28.482+0000][gc          ] GC(36) Pause Young (Normal) (G1 Evacuation Pause) 771M->182M(1024M) 29.481ms
[2025-05-21T14:27:28.484+0000][gc,cpu      ] GC(36) User=0.09s Sys=0.01s Real=0.03s
[2025-05-21T14:28:06.710+0000][gc,start    ] GC(37) Pause Young (Normal) (G1 Evacuation Pause)
[2025-05-21T14:28:06.711+0000][gc,task     ] GC(37) Using 10 workers of 10 for evacuation
[2025-05-21T14:28:06.723+0000][gc,phases   ] GC(37)   Pre Evacuate Collection Set: 0.5ms
[2025-05-21T14:28:06.723+0000][gc,phases   ] GC(37)   Merge Heap Roots: 0.2ms
[2025-05-21T14:28:06.723+0000][gc,phases   ] GC(37)   Evacuate Collection Set: 9.3ms
[2025-05-21T14:28:06.724+0000][gc,phases   ] GC(37)   Post Evacuate Collection Set: 1.7ms
[2025-05-21T14:28:06.724+0000][gc,phases   ] GC(37)   Other: 0.4ms
[2025-05-21T14:28:06.724+0000][gc,heap     ] GC(37) Eden regions: 589->0(589)
[2025-05-21T14:28:06.724+0000][gc,heap     ] GC(37) Survivor regions: 25->25(77)
[2025-05-21T14:28:06.724+0000][gc,heap     ] GC(37) Old regions: 27->27
[2025-05-21T14:28:06.724+0000][gc,heap     ] GC(37) Humongous regions: 131->131
[2025-05-21T14:28:06.724+0000][gc,metaspace] GC(37) Metaspace: 16896K(17344K)->16896K(17344K) NonClass: 14966K(15168K)->14966K(15168K) Class: 1930K(2176K)->1930K(2176K)
[2025-05-21T14:28:06.725+0000][gc          ] GC(37) Pause Young (Normal) (G1 Evacuation Pause) 771M->182M(1024M) 14.159ms
[2025-05-21T14:28:06.725+0000][gc,cpu      ] GC(37) User=0.08s Sys=0.00s Real=0.02s
[2025-05-21T14:28:38.188+0000][gc,start    ] GC(38) Pause Young (Normal) (G1 Evacuation Pause)
[2025-05-21T14:28:38.188+0000][gc,task     ] GC(38) Using 10 workers of 10 for evacuation
[2025-05-21T14:28:38.198+0000][gc,phases   ] GC(38)   Pre Evacuate Collection Set: 0.4ms
[2025-05-21T14:28:38.198+0000][gc,phases   ] GC(38)   Merge Heap Roots: 0.2ms
[2025-05-21T14:28:38.198+0000][gc,phases   ] GC(38)   Evacuate Collection Set: 7.2ms
[2025-05-21T14:28:38.199+0000][gc,phases   ] GC(38)   Post Evacuate Collection Set: 1.3ms
[2025-05-21T14:28:38.199+0000][gc,phases   ] GC(38)   Other: 0.4ms
[2025-05-21T14:28:38.199+0000][gc,heap     ] GC(38) Eden regions: 589->0(587)
[2025-05-21T14:28:38.199+0000][gc,heap     ] GC(38) Survivor regions: 25->27(77)
[2025-05-21T14:28:38.200+0000][gc,heap     ] GC(38) Old regions: 27->27
[2025-05-21T14:28:38.200+0000][gc,heap     ] GC(38) Humongous regions: 131->131
[2025-05-21T14:28:38.200+0000][gc,metaspace] GC(38) Metaspace: 16902K(17344K)->16902K(17344K) NonClass: 14972K(15168K)->14972K(15168K) Class: 1930K(2176K)->1930K(2176K)
[2025-05-21T14:28:38.200+0000][gc          ] GC(38) Pause Young (Normal) (G1 Evacuation Pause) 771M->184M(1024M) 12.400ms
[2025-05-21T14:28:38.201+0000][gc,cpu      ] GC(38) User=0.07s Sys=0.00s Real=0.01s
[2025-05-21T14:29:08.268+0000][gc,start    ] GC(39) Pause Young (Normal) (G1 Evacuation Pause)
[2025-05-21T14:29:08.268+0000][gc,task     ] GC(39) Using 10 workers of 10 for evacuation
[2025-05-21T14:29:08.280+0000][gc,phases   ] GC(39)   Pre Evacuate Collection Set: 0.4ms
[2025-05-21T14:29:08.280+0000][gc,phases   ] GC(39)   Merge Heap Roots: 0.2ms
[2025-05-21T14:29:08.280+0000][gc,phases   ] GC(39)   Evacuate Collection Set: 9.6ms
[2025-05-21T14:29:08.281+0000][gc,phases   ] GC(39)   Post Evacuate Collection Set: 1.2ms
[2025-05-21T14:29:08.281+0000][gc,phases   ] GC(39)   Other: 0.3ms
[2025-05-21T14:29:08.281+0000][gc,heap     ] GC(39) Eden regions: 587->0(584)
[2025-05-21T14:29:08.281+0000][gc,heap     ] GC(39) Survivor regions: 27->30(77)
[2025-05-21T14:29:08.281+0000][gc,heap     ] GC(39) Old regions: 27->28
[2025-05-21T14:29:08.281+0000][gc,heap     ] GC(39) Humongous regions: 131->131
[2025-05-21T14:29:08.282+0000][gc,metaspace] GC(39) Metaspace: 16932K(17408K)->16932K(17408K) NonClass: 15001K(15232K)->15001K(15232K) Class: 1930K(2176K)->1930K(2176K)
[2025-05-21T14:29:08.282+0000][gc          ] GC(39) Pause Young (Normal) (G1 Evacuation Pause) 771M->187M(1024M) 13.819ms
[2025-05-21T14:29:08.282+0000][gc,cpu      ] GC(39) User=0.09s Sys=0.00s Real=0.02s
[2025-05-21T14:29:39.178+0000][gc,start    ] GC(40) Pause Young (Normal) (G1 Evacuation Pause)
[2025-05-21T14:29:39.179+0000][gc,task     ] GC(40) Using 10 workers of 10 for evacuation
[2025-05-21T14:29:39.199+0000][gc,phases   ] GC(40)   Pre Evacuate Collection Set: 0.4ms
[2025-05-21T14:29:39.199+0000][gc,phases   ] GC(40)   Merge Heap Roots: 0.2ms
[2025-05-21T14:29:39.200+0000][gc,phases   ] GC(40)   Evacuate Collection Set: 15.6ms
[2025-05-21T14:29:39.200+0000][gc,phases   ] GC(40)   Post Evacuate Collection Set: 3.4ms
[2025-05-21T14:29:39.201+0000][gc,phases   ] GC(40)   Other: 0.4ms
[2025-05-21T14:29:39.201+0000][gc,heap     ] GC(40) Eden regions: 584->0(582)
[2025-05-21T14:29:39.202+0000][gc,heap     ] GC(40) Survivor regions: 30->32(77)
[2025-05-21T14:29:39.205+0000][gc,heap     ] GC(40) Old regions: 28->28
[2025-05-21T14:29:39.206+0000][gc,heap     ] GC(40) Humongous regions: 131->131
[2025-05-21T14:29:39.206+0000][gc,metaspace] GC(40) Metaspace: 16946K(17408K)->16946K(17408K) NonClass: 15016K(15232K)->15016K(15232K) Class: 1930K(2176K)->1930K(2176K)
[2025-05-21T14:29:39.207+0000][gc          ] GC(40) Pause Young (Normal) (G1 Evacuation Pause) 771M->189M(1024M) 28.450ms
[2025-05-21T14:29:39.208+0000][gc,cpu      ] GC(40) User=0.11s Sys=0.01s Real=0.03s
[2025-05-21T14:30:17.946+0000][gc,start    ] GC(41) Pause Young (Normal) (G1 Evacuation Pause)
[2025-05-21T14:30:17.947+0000][gc,task     ] GC(41) Using 10 workers of 10 for evacuation
[2025-05-21T14:30:17.957+0000][gc,phases   ] GC(41)   Pre Evacuate Collection Set: 0.3ms
[2025-05-21T14:30:17.958+0000][gc,phases   ] GC(41)   Merge Heap Roots: 0.2ms
[2025-05-21T14:30:17.958+0000][gc,phases   ] GC(41)   Evacuate Collection Set: 8.6ms
[2025-05-21T14:30:17.958+0000][gc,phases   ] GC(41)   Post Evacuate Collection Set: 1.3ms
[2025-05-21T14:30:17.958+0000][gc,phases   ] GC(41)   Other: 0.3ms
[2025-05-21T14:30:17.958+0000][gc,heap     ] GC(41) Eden regions: 582->0(587)
[2025-05-21T14:30:17.959+0000][gc,heap     ] GC(41) Survivor regions: 32->27(77)
[2025-05-21T14:30:17.959+0000][gc,heap     ] GC(41) Old regions: 28->32
[2025-05-21T14:30:17.959+0000][gc,heap     ] GC(41) Humongous regions: 131->131
[2025-05-21T14:30:17.959+0000][gc,metaspace] GC(41) Metaspace: 16964K(17408K)->16964K(17408K) NonClass: 15033K(15232K)->15033K(15232K) Class: 1930K(2176K)->1930K(2176K)
[2025-05-21T14:30:17.959+0000][gc          ] GC(41) Pause Young (Normal) (G1 Evacuation Pause) 771M->188M(1024M) 13.065ms
[2025-05-21T14:30:17.960+0000][gc,cpu      ] GC(41) User=0.09s Sys=0.00s Real=0.02s
[2025-05-21T14:30:48.122+0000][gc,start    ] GC(42) Pause Young (Normal) (G1 Evacuation Pause)
[2025-05-21T14:30:48.122+0000][gc,task     ] GC(42) Using 10 workers of 10 for evacuation
[2025-05-21T14:30:48.134+0000][gc,phases   ] GC(42)   Pre Evacuate Collection Set: 0.4ms
[2025-05-21T14:30:48.134+0000][gc,phases   ] GC(42)   Merge Heap Roots: 0.2ms
[2025-05-21T14:30:48.134+0000][gc,phases   ] GC(42)   Evacuate Collection Set: 9.3ms
[2025-05-21T14:30:48.134+0000][gc,phases   ] GC(42)   Post Evacuate Collection Set: 1.1ms
[2025-05-21T14:30:48.135+0000][gc,phases   ] GC(42)   Other: 0.3ms
[2025-05-21T14:30:48.135+0000][gc,heap     ] GC(42) Eden regions: 587->0(587)
[2025-05-21T14:30:48.135+0000][gc,heap     ] GC(42) Survivor regions: 27->27(77)
[2025-05-21T14:30:48.135+0000][gc,heap     ] GC(42) Old regions: 32->35
[2025-05-21T14:30:48.135+0000][gc,heap     ] GC(42) Humongous regions: 131->131
[2025-05-21T14:30:48.135+0000][gc,metaspace] GC(42) Metaspace: 16997K(17408K)->16997K(17408K) NonClass: 15066K(15232K)->15066K(15232K) Class: 1931K(2176K)->1931K(2176K)
[2025-05-21T14:30:48.136+0000][gc          ] GC(42) Pause Young (Normal) (G1 Evacuation Pause) 775M->192M(1024M) 13.336ms
[2025-05-21T14:30:48.136+0000][gc,cpu      ] GC(42) User=0.06s Sys=0.03s Real=0.02s
[2025-05-21T14:31:18.502+0000][gc,start    ] GC(43) Pause Young (Normal) (G1 Evacuation Pause)
[2025-05-21T14:31:18.504+0000][gc,task     ] GC(43) Using 10 workers of 10 for evacuation
[2025-05-21T14:31:18.520+0000][gc,phases   ] GC(43)   Pre Evacuate Collection Set: 0.8ms
[2025-05-21T14:31:18.520+0000][gc,phases   ] GC(43)   Merge Heap Roots: 0.3ms
[2025-05-21T14:31:18.520+0000][gc,phases   ] GC(43)   Evacuate Collection Set: 13.0ms
[2025-05-21T14:31:18.520+0000][gc,phases   ] GC(43)   Post Evacuate Collection Set: 1.5ms
[2025-05-21T14:31:18.521+0000][gc,phases   ] GC(43)   Other: 0.6ms
[2025-05-21T14:31:18.521+0000][gc,heap     ] GC(43) Eden regions: 587->0(592)
[2025-05-21T14:31:18.521+0000][gc,heap     ] GC(43) Survivor regions: 27->22(77)
[2025-05-21T14:31:18.522+0000][gc,heap     ] GC(43) Old regions: 35->37
[2025-05-21T14:31:18.522+0000][gc,heap     ] GC(43) Humongous regions: 131->131
[2025-05-21T14:31:18.522+0000][gc,metaspace] GC(43) Metaspace: 17021K(17408K)->17021K(17408K) NonClass: 15089K(15232K)->15089K(15232K) Class: 1931K(2176K)->1931K(2176K)
[2025-05-21T14:31:18.522+0000][gc          ] GC(43) Pause Young (Normal) (G1 Evacuation Pause) 779M->189M(1024M) 20.699ms
[2025-05-21T14:31:18.523+0000][gc,cpu      ] GC(43) User=0.10s Sys=0.02s Real=0.02s
[2025-05-21T14:31:57.868+0000][gc,start    ] GC(44) Pause Young (Normal) (G1 Evacuation Pause)
[2025-05-21T14:31:57.868+0000][gc,task     ] GC(44) Using 10 workers of 10 for evacuation
[2025-05-21T14:31:57.881+0000][gc,phases   ] GC(44)   Pre Evacuate Collection Set: 0.4ms
[2025-05-21T14:31:57.882+0000][gc,phases   ] GC(44)   Merge Heap Roots: 0.2ms
[2025-05-21T14:31:57.882+0000][gc,phases   ] GC(44)   Evacuate Collection Set: 10.0ms
[2025-05-21T14:31:57.882+0000][gc,phases   ] GC(44)   Post Evacuate Collection Set: 2.0ms
[2025-05-21T14:31:57.883+0000][gc,phases   ] GC(44)   Other: 0.5ms
[2025-05-21T14:31:57.884+0000][gc,heap     ] GC(44) Eden regions: 592->0(595)
[2025-05-21T14:31:57.884+0000][gc,heap     ] GC(44) Survivor regions: 22->19(77)
[2025-05-21T14:31:57.884+0000][gc,heap     ] GC(44) Old regions: 37->39
[2025-05-21T14:31:57.885+0000][gc,heap     ] GC(44) Humongous regions: 131->131
[2025-05-21T14:31:57.885+0000][gc,metaspace] GC(44) Metaspace: 17036K(17536K)->17036K(17536K) NonClass: 15104K(15360K)->15104K(15360K) Class: 1931K(2176K)->1931K(2176K)
[2025-05-21T14:31:57.885+0000][gc          ] GC(44) Pause Young (Normal) (G1 Evacuation Pause) 781M->188M(1024M) 17.346ms
[2025-05-21T14:31:57.885+0000][gc,cpu      ] GC(44) User=0.06s Sys=0.03s Real=0.02s
[2025-05-21T14:32:28.190+0000][gc,start    ] GC(45) Pause Young (Normal) (G1 Evacuation Pause)
[2025-05-21T14:32:28.191+0000][gc,task     ] GC(45) Using 10 workers of 10 for evacuation
[2025-05-21T14:32:28.200+0000][gc,phases   ] GC(45)   Pre Evacuate Collection Set: 0.3ms
[2025-05-21T14:32:28.200+0000][gc,phases   ] GC(45)   Merge Heap Roots: 0.2ms
[2025-05-21T14:32:28.200+0000][gc,phases   ] GC(45)   Evacuate Collection Set: 6.7ms
[2025-05-21T14:32:28.200+0000][gc,phases   ] GC(45)   Post Evacuate Collection Set: 1.1ms
[2025-05-21T14:32:28.201+0000][gc,phases   ] GC(45)   Other: 0.3ms
[2025-05-21T14:32:28.201+0000][gc,heap     ] GC(45) Eden regions: 595->0(593)
[2025-05-21T14:32:28.201+0000][gc,heap     ] GC(45) Survivor regions: 19->21(77)
[2025-05-21T14:32:28.201+0000][gc,heap     ] GC(45) Old regions: 39->40
[2025-05-21T14:32:28.201+0000][gc,heap     ] GC(45) Humongous regions: 131->131
[2025-05-21T14:32:28.202+0000][gc,metaspace] GC(45) Metaspace: 17040K(17536K)->17040K(17536K) NonClass: 15109K(15360K)->15109K(15360K) Class: 1931K(2176K)->1931K(2176K)
[2025-05-21T14:32:28.202+0000][gc          ] GC(45) Pause Young (Normal) (G1 Evacuation Pause) 783M->191M(1024M) 11.329ms
[2025-05-21T14:32:28.202+0000][gc,cpu      ] GC(45) User=0.05s Sys=0.01s Real=0.01s
[2025-05-21T14:32:58.378+0000][gc,start    ] GC(46) Pause Young (Normal) (G1 Evacuation Pause)
[2025-05-21T14:32:58.378+0000][gc,task     ] GC(46) Using 10 workers of 10 for evacuation
[2025-05-21T14:32:58.388+0000][gc,phases   ] GC(46)   Pre Evacuate Collection Set: 0.4ms
[2025-05-21T14:32:58.389+0000][gc,phases   ] GC(46)   Merge Heap Roots: 0.3ms
[2025-05-21T14:32:58.389+0000][gc,phases   ] GC(46)   Evacuate Collection Set: 8.0ms
[2025-05-21T14:32:58.389+0000][gc,phases   ] GC(46)   Post Evacuate Collection Set: 1.4ms
[2025-05-21T14:32:58.389+0000][gc,phases   ] GC(46)   Other: 0.4ms
[2025-05-21T14:32:58.389+0000][gc,heap     ] GC(46) Eden regions: 593->0(592)
[2025-05-21T14:32:58.390+0000][gc,heap     ] GC(46) Survivor regions: 21->22(77)
[2025-05-21T14:32:58.390+0000][gc,heap     ] GC(46) Old regions: 40->42
[2025-05-21T14:32:58.390+0000][gc,heap     ] GC(46) Humongous regions: 131->131
[2025-05-21T14:32:58.390+0000][gc,metaspace] GC(46) Metaspace: 17049K(17536K)->17049K(17536K) NonClass: 15117K(15360K)->15117K(15360K) Class: 1931K(2176K)->1931K(2176K)
[2025-05-21T14:32:58.390+0000][gc          ] GC(46) Pause Young (Normal) (G1 Evacuation Pause) 784M->193M(1024M) 12.645ms
[2025-05-21T14:32:58.390+0000][gc,cpu      ] GC(46) User=0.08s Sys=0.00s Real=0.01s
[2025-05-21T14:33:37.863+0000][gc,start    ] GC(47) Pause Young (Normal) (G1 Evacuation Pause)
[2025-05-21T14:33:37.863+0000][gc,task     ] GC(47) Using 10 workers of 10 for evacuation
[2025-05-21T14:33:37.874+0000][gc,phases   ] GC(47)   Pre Evacuate Collection Set: 0.4ms
[2025-05-21T14:33:37.874+0000][gc,phases   ] GC(47)   Merge Heap Roots: 0.3ms
[2025-05-21T14:33:37.874+0000][gc,phases   ] GC(47)   Evacuate Collection Set: 8.3ms
[2025-05-21T14:33:37.874+0000][gc,phases   ] GC(47)   Post Evacuate Collection Set: 1.4ms
[2025-05-21T14:33:37.875+0000][gc,phases   ] GC(47)   Other: 0.3ms
[2025-05-21T14:33:37.875+0000][gc,heap     ] GC(47) Eden regions: 592->0(594)
[2025-05-21T14:33:37.875+0000][gc,heap     ] GC(47) Survivor regions: 22->20(77)
[2025-05-21T14:33:37.876+0000][gc,heap     ] GC(47) Old regions: 42->43
[2025-05-21T14:33:37.876+0000][gc,heap     ] GC(47) Humongous regions: 131->131
[2025-05-21T14:33:37.876+0000][gc,metaspace] GC(47) Metaspace: 17050K(17536K)->17050K(17536K) NonClass: 15119K(15360K)->15119K(15360K) Class: 1931K(2176K)->1931K(2176K)
[2025-05-21T14:33:37.876+0000][gc          ] GC(47) Pause Young (Normal) (G1 Evacuation Pause) 785M->193M(1024M) 13.113ms
[2025-05-21T14:33:37.876+0000][gc,cpu      ] GC(47) User=0.08s Sys=0.00s Real=0.02s
[2025-05-21T14:34:07.996+0000][gc,start    ] GC(48) Pause Young (Normal) (G1 Evacuation Pause)
[2025-05-21T14:34:07.996+0000][gc,task     ] GC(48) Using 10 workers of 10 for evacuation
[2025-05-21T14:34:08.012+0000][gc,phases   ] GC(48)   Pre Evacuate Collection Set: 0.7ms
[2025-05-21T14:34:08.013+0000][gc,phases   ] GC(48)   Merge Heap Roots: 0.2ms
[2025-05-21T14:34:08.013+0000][gc,phases   ] GC(48)   Evacuate Collection Set: 10.2ms
[2025-05-21T14:34:08.013+0000][gc,phases   ] GC(48)   Post Evacuate Collection Set: 3.8ms
[2025-05-21T14:34:08.014+0000][gc,phases   ] GC(48)   Other: 0.4ms
[2025-05-21T14:34:08.014+0000][gc,heap     ] GC(48) Eden regions: 594->0(595)
[2025-05-21T14:34:08.014+0000][gc,heap     ] GC(48) Survivor regions: 20->19(77)
[2025-05-21T14:34:08.014+0000][gc,heap     ] GC(48) Old regions: 43->44
[2025-05-21T14:34:08.014+0000][gc,heap     ] GC(48) Humongous regions: 131->131
[2025-05-21T14:34:08.015+0000][gc,metaspace] GC(48) Metaspace: 17062K(17536K)->17062K(17536K) NonClass: 15130K(15360K)->15130K(15360K) Class: 1931K(2176K)->1931K(2176K)
[2025-05-21T14:34:08.015+0000][gc          ] GC(48) Pause Young (Normal) (G1 Evacuation Pause) 787M->193M(1024M) 18.843ms
[2025-05-21T14:34:08.015+0000][gc,cpu      ] GC(48) User=0.10s Sys=0.00s Real=0.02s
[2025-05-21T14:34:28.613+0000][gc,start    ] GC(49) Pause Young (Normal) (G1 Evacuation Pause)
[2025-05-21T14:34:28.613+0000][gc,task     ] GC(49) Using 10 workers of 10 for evacuation
[2025-05-21T14:34:28.646+0000][gc,phases   ] GC(49)   Pre Evacuate Collection Set: 0.5ms
[2025-05-21T14:34:28.646+0000][gc,phases   ] GC(49)   Merge Heap Roots: 0.3ms
[2025-05-21T14:34:28.646+0000][gc,phases   ] GC(49)   Evacuate Collection Set: 29.8ms
[2025-05-21T14:34:28.646+0000][gc,phases   ] GC(49)   Post Evacuate Collection Set: 1.3ms
[2025-05-21T14:34:28.646+0000][gc,phases   ] GC(49)   Other: 0.5ms
[2025-05-21T14:34:28.647+0000][gc,heap     ] GC(49) Eden regions: 595->0(588)
[2025-05-21T14:34:28.647+0000][gc,heap     ] GC(49) Survivor regions: 19->26(77)
[2025-05-21T14:34:28.647+0000][gc,heap     ] GC(49) Old regions: 44->46
[2025-05-21T14:34:28.647+0000][gc,heap     ] GC(49) Humongous regions: 131->131
[2025-05-21T14:34:28.648+0000][gc,metaspace] GC(49) Metaspace: 17227K(17728K)->17227K(17728K) NonClass: 15268K(15488K)->15268K(15488K) Class: 1958K(2240K)->1958K(2240K)
[2025-05-21T14:34:28.648+0000][gc          ] GC(49) Pause Young (Normal) (G1 Evacuation Pause) 788M->202M(1024M) 34.856ms
[2025-05-21T14:34:28.648+0000][gc,cpu      ] GC(49) User=0.11s Sys=0.03s Real=0.04s
[2025-05-21T14:34:49.847+0000][gc,start    ] GC(50) Pause Young (Normal) (G1 Evacuation Pause)
[2025-05-21T14:34:49.849+0000][gc,task     ] GC(50) Using 10 workers of 10 for evacuation
[2025-05-21T14:34:49.879+0000][gc,phases   ] GC(50)   Pre Evacuate Collection Set: 0.4ms
[2025-05-21T14:34:49.880+0000][gc,phases   ] GC(50)   Merge Heap Roots: 0.2ms
[2025-05-21T14:34:49.881+0000][gc,phases   ] GC(50)   Evacuate Collection Set: 26.7ms
[2025-05-21T14:34:49.882+0000][gc,phases   ] GC(50)   Post Evacuate Collection Set: 1.2ms
[2025-05-21T14:34:49.884+0000][gc,phases   ] GC(50)   Other: 1.6ms
[2025-05-21T14:34:49.884+0000][gc,heap     ] GC(50) Eden regions: 588->0(590)
[2025-05-21T14:34:49.885+0000][gc,heap     ] GC(50) Survivor regions: 26->24(77)
[2025-05-21T14:34:49.885+0000][gc,heap     ] GC(50) Old regions: 46->48
[2025-05-21T14:34:49.886+0000][gc,heap     ] GC(50) Humongous regions: 131->131
[2025-05-21T14:34:49.887+0000][gc,metaspace] GC(50) Metaspace: 17313K(17792K)->17313K(17792K) NonClass: 15346K(15552K)->15346K(15552K) Class: 1966K(2240K)->1966K(2240K)
[2025-05-21T14:34:49.888+0000][gc          ] GC(50) Pause Young (Normal) (G1 Evacuation Pause) 790M->201M(1024M) 40.576ms
[2025-05-21T14:34:49.889+0000][gc,cpu      ] GC(50) User=0.06s Sys=0.14s Real=0.04s
[2025-05-21T14:35:16.716+0000][gc,start    ] GC(51) Pause Young (Normal) (G1 Evacuation Pause)
[2025-05-21T14:35:16.717+0000][gc,task     ] GC(51) Using 10 workers of 10 for evacuation
[2025-05-21T14:35:16.733+0000][gc,phases   ] GC(51)   Pre Evacuate Collection Set: 0.6ms
[2025-05-21T14:35:16.733+0000][gc,phases   ] GC(51)   Merge Heap Roots: 0.3ms
[2025-05-21T14:35:16.733+0000][gc,phases   ] GC(51)   Evacuate Collection Set: 13.3ms
[2025-05-21T14:35:16.733+0000][gc,phases   ] GC(51)   Post Evacuate Collection Set: 1.4ms
[2025-05-21T14:35:16.734+0000][gc,phases   ] GC(51)   Other: 0.4ms
[2025-05-21T14:35:16.734+0000][gc,heap     ] GC(51) Eden regions: 590->0(592)
[2025-05-21T14:35:16.734+0000][gc,heap     ] GC(51) Survivor regions: 24->22(77)
[2025-05-21T14:35:16.734+0000][gc,heap     ] GC(51) Old regions: 48->49
[2025-05-21T14:35:16.735+0000][gc,heap     ] GC(51) Humongous regions: 131->131
[2025-05-21T14:35:16.735+0000][gc,metaspace] GC(51) Metaspace: 17322K(17792K)->17322K(17792K) NonClass: 15355K(15552K)->15355K(15552K) Class: 1966K(2240K)->1966K(2240K)
[2025-05-21T14:35:16.735+0000][gc          ] GC(51) Pause Young (Normal) (G1 Evacuation Pause) 791M->201M(1024M) 18.706ms
[2025-05-21T14:35:16.735+0000][gc,cpu      ] GC(51) User=0.10s Sys=0.01s Real=0.02s
[2025-05-21T14:35:38.313+0000][gc,start    ] GC(52) Pause Young (Normal) (G1 Evacuation Pause)
[2025-05-21T14:35:38.314+0000][gc,task     ] GC(52) Using 10 workers of 10 for evacuation
[2025-05-21T14:35:38.352+0000][gc,phases   ] GC(52)   Pre Evacuate Collection Set: 0.5ms
[2025-05-21T14:35:38.360+0000][gc,phases   ] GC(52)   Merge Heap Roots: 0.4ms
[2025-05-21T14:35:38.360+0000][gc,phases   ] GC(52)   Evacuate Collection Set: 33.5ms
[2025-05-21T14:35:38.361+0000][gc,phases   ] GC(52)   Post Evacuate Collection Set: 3.4ms
[2025-05-21T14:35:38.363+0000][gc,phases   ] GC(52)   Other: 0.6ms
[2025-05-21T14:35:38.363+0000][gc,heap     ] GC(52) Eden regions: 592->0(591)
[2025-05-21T14:35:38.364+0000][gc,heap     ] GC(52) Survivor regions: 22->23(77)
[2025-05-21T14:35:38.365+0000][gc,heap     ] GC(52) Old regions: 49->50
[2025-05-21T14:35:38.366+0000][gc,heap     ] GC(52) Humongous regions: 131->131
[2025-05-21T14:35:38.367+0000][gc,metaspace] GC(52) Metaspace: 17322K(17792K)->17322K(17792K) NonClass: 15355K(15552K)->15355K(15552K) Class: 1966K(2240K)->1966K(2240K)
[2025-05-21T14:35:38.368+0000][gc          ] GC(52) Pause Young (Normal) (G1 Evacuation Pause) 793M->203M(1024M) 54.430ms
[2025-05-21T14:35:38.368+0000][gc,cpu      ] GC(52) User=0.12s Sys=0.04s Real=0.05s
[2025-05-21T14:36:08.072+0000][gc,start    ] GC(53) Pause Young (Normal) (G1 Evacuation Pause)
[2025-05-21T14:36:08.074+0000][gc,task     ] GC(53) Using 10 workers of 10 for evacuation
[2025-05-21T14:36:08.094+0000][gc,phases   ] GC(53)   Pre Evacuate Collection Set: 0.6ms
[2025-05-21T14:36:08.094+0000][gc,phases   ] GC(53)   Merge Heap Roots: 0.3ms
[2025-05-21T14:36:08.094+0000][gc,phases   ] GC(53)   Evacuate Collection Set: 17.2ms
[2025-05-21T14:36:08.095+0000][gc,phases   ] GC(53)   Post Evacuate Collection Set: 1.8ms
[2025-05-21T14:36:08.095+0000][gc,phases   ] GC(53)   Other: 0.3ms
[2025-05-21T14:36:08.095+0000][gc,heap     ] GC(53) Eden regions: 591->0(586)
[2025-05-21T14:36:08.095+0000][gc,heap     ] GC(53) Survivor regions: 23->28(77)
[2025-05-21T14:36:08.095+0000][gc,heap     ] GC(53) Old regions: 50->51
[2025-05-21T14:36:08.095+0000][gc,heap     ] GC(53) Humongous regions: 131->131
[2025-05-21T14:36:08.096+0000][gc,metaspace] GC(53) Metaspace: 17326K(17856K)->17326K(17856K) NonClass: 15359K(15616K)->15359K(15616K) Class: 1966K(2240K)->1966K(2240K)
[2025-05-21T14:36:08.096+0000][gc          ] GC(53) Pause Young (Normal) (G1 Evacuation Pause) 794M->208M(1024M) 23.786ms
[2025-05-21T14:36:08.096+0000][gc,cpu      ] GC(53) User=0.11s Sys=0.00s Real=0.02s
[2025-05-21T14:36:38.242+0000][gc,start    ] GC(54) Pause Young (Normal) (G1 Evacuation Pause)
[2025-05-21T14:36:38.242+0000][gc,task     ] GC(54) Using 10 workers of 10 for evacuation
[2025-05-21T14:36:38.252+0000][gc,phases   ] GC(54)   Pre Evacuate Collection Set: 0.5ms
[2025-05-21T14:36:38.253+0000][gc,phases   ] GC(54)   Merge Heap Roots: 0.2ms
[2025-05-21T14:36:38.253+0000][gc,phases   ] GC(54)   Evacuate Collection Set: 7.7ms
[2025-05-21T14:36:38.253+0000][gc,phases   ] GC(54)   Post Evacuate Collection Set: 1.2ms
[2025-05-21T14:36:38.253+0000][gc,phases   ] GC(54)   Other: 0.5ms
[2025-05-21T14:36:38.253+0000][gc,heap     ] GC(54) Eden regions: 586->0(589)
[2025-05-21T14:36:38.254+0000][gc,heap     ] GC(54) Survivor regions: 28->25(77)
[2025-05-21T14:36:38.254+0000][gc,heap     ] GC(54) Old regions: 51->52
[2025-05-21T14:36:38.254+0000][gc,heap     ] GC(54) Humongous regions: 131->131
[2025-05-21T14:36:38.254+0000][gc,metaspace] GC(54) Metaspace: 17326K(17856K)->17326K(17856K) NonClass: 15359K(15616K)->15359K(15616K) Class: 1966K(2240K)->1966K(2240K)
[2025-05-21T14:36:38.254+0000][gc          ] GC(54) Pause Young (Normal) (G1 Evacuation Pause) 794M->207M(1024M) 12.230ms
[2025-05-21T14:36:38.255+0000][gc,cpu      ] GC(54) User=0.08s Sys=0.00s Real=0.01s
[2025-05-21T14:37:10.168+0000][gc,start    ] GC(55) Pause Young (Normal) (G1 Evacuation Pause)
[2025-05-21T14:37:10.168+0000][gc,task     ] GC(55) Using 10 workers of 10 for evacuation
[2025-05-21T14:37:10.179+0000][gc,phases   ] GC(55)   Pre Evacuate Collection Set: 0.4ms
[2025-05-21T14:37:10.180+0000][gc,phases   ] GC(55)   Merge Heap Roots: 0.3ms
[2025-05-21T14:37:10.180+0000][gc,phases   ] GC(55)   Evacuate Collection Set: 9.1ms
[2025-05-21T14:37:10.180+0000][gc,phases   ] GC(55)   Post Evacuate Collection Set: 1.0ms
[2025-05-21T14:37:10.180+0000][gc,phases   ] GC(55)   Other: 0.3ms
[2025-05-21T14:37:10.180+0000][gc,heap     ] GC(55) Eden regions: 589->0(591)
[2025-05-21T14:37:10.180+0000][gc,heap     ] GC(55) Survivor regions: 25->23(77)
[2025-05-21T14:37:10.181+0000][gc,heap     ] GC(55) Old regions: 52->53
[2025-05-21T14:37:10.181+0000][gc,heap     ] GC(55) Humongous regions: 131->131
[2025-05-21T14:37:10.181+0000][gc,metaspace] GC(55) Metaspace: 17326K(17856K)->17326K(17856K) NonClass: 15359K(15616K)->15359K(15616K) Class: 1966K(2240K)->1966K(2240K)
[2025-05-21T14:37:10.181+0000][gc          ] GC(55) Pause Young (Normal) (G1 Evacuation Pause) 796M->206M(1024M) 13.026ms
[2025-05-21T14:37:10.181+0000][gc,cpu      ] GC(55) User=0.08s Sys=0.00s Real=0.01s
[2025-05-21T14:37:47.965+0000][gc,start    ] GC(56) Pause Young (Normal) (G1 Evacuation Pause)
[2025-05-21T14:37:47.965+0000][gc,task     ] GC(56) Using 10 workers of 10 for evacuation
[2025-05-21T14:37:47.975+0000][gc,phases   ] GC(56)   Pre Evacuate Collection Set: 0.5ms
[2025-05-21T14:37:47.975+0000][gc,phases   ] GC(56)   Merge Heap Roots: 0.3ms
[2025-05-21T14:37:47.975+0000][gc,phases   ] GC(56)   Evacuate Collection Set: 7.4ms
[2025-05-21T14:37:47.976+0000][gc,phases   ] GC(56)   Post Evacuate Collection Set: 1.0ms
[2025-05-21T14:37:47.976+0000][gc,phases   ] GC(56)   Other: 0.4ms
[2025-05-21T14:37:47.976+0000][gc,heap     ] GC(56) Eden regions: 591->0(589)
[2025-05-21T14:37:47.976+0000][gc,heap     ] GC(56) Survivor regions: 23->25(77)
[2025-05-21T14:37:47.976+0000][gc,heap     ] GC(56) Old regions: 53->54
[2025-05-21T14:37:47.976+0000][gc,heap     ] GC(56) Humongous regions: 131->131
[2025-05-21T14:37:47.976+0000][gc,metaspace] GC(56) Metaspace: 17327K(17856K)->17327K(17856K) NonClass: 15360K(15616K)->15360K(15616K) Class: 1966K(2240K)->1966K(2240K)
[2025-05-21T14:37:47.976+0000][gc          ] GC(56) Pause Young (Normal) (G1 Evacuation Pause) 797M->208M(1024M) 11.191ms
[2025-05-21T14:37:47.976+0000][gc,cpu      ] GC(56) User=0.08s Sys=0.00s Real=0.01s
[2025-05-21T14:38:18.185+0000][gc,start    ] GC(57) Pause Young (Normal) (G1 Evacuation Pause)
[2025-05-21T14:38:18.185+0000][gc,task     ] GC(57) Using 10 workers of 10 for evacuation
[2025-05-21T14:38:18.198+0000][gc,phases   ] GC(57)   Pre Evacuate Collection Set: 0.5ms
[2025-05-21T14:38:18.199+0000][gc,phases   ] GC(57)   Merge Heap Roots: 0.2ms
[2025-05-21T14:38:18.199+0000][gc,phases   ] GC(57)   Evacuate Collection Set: 11.2ms
[2025-05-21T14:38:18.199+0000][gc,phases   ] GC(57)   Post Evacuate Collection Set: 1.1ms
[2025-05-21T14:38:18.199+0000][gc,phases   ] GC(57)   Other: 0.4ms
[2025-05-21T14:38:18.199+0000][gc,heap     ] GC(57) Eden regions: 589->0(588)
[2025-05-21T14:38:18.200+0000][gc,heap     ] GC(57) Survivor regions: 25->26(77)
[2025-05-21T14:38:18.200+0000][gc,heap     ] GC(57) Old regions: 54->55
[2025-05-21T14:38:18.200+0000][gc,heap     ] GC(57) Humongous regions: 131->131
[2025-05-21T14:38:18.200+0000][gc,metaspace] GC(57) Metaspace: 17327K(17856K)->17327K(17856K) NonClass: 15360K(15616K)->15360K(15616K) Class: 1966K(2240K)->1966K(2240K)
[2025-05-21T14:38:18.200+0000][gc          ] GC(57) Pause Young (Normal) (G1 Evacuation Pause) 797M->211M(1024M) 15.516ms
[2025-05-21T14:38:18.200+0000][gc,cpu      ] GC(57) User=0.09s Sys=0.00s Real=0.01s
[2025-05-21T14:38:48.355+0000][gc,start    ] GC(58) Pause Young (Normal) (G1 Evacuation Pause)
[2025-05-21T14:38:48.356+0000][gc,task     ] GC(58) Using 10 workers of 10 for evacuation
[2025-05-21T14:38:48.365+0000][gc,phases   ] GC(58)   Pre Evacuate Collection Set: 0.5ms
[2025-05-21T14:38:48.366+0000][gc,phases   ] GC(58)   Merge Heap Roots: 0.2ms
[2025-05-21T14:38:48.366+0000][gc,phases   ] GC(58)   Evacuate Collection Set: 7.8ms
[2025-05-21T14:38:48.366+0000][gc,phases   ] GC(58)   Post Evacuate Collection Set: 1.0ms
[2025-05-21T14:38:48.366+0000][gc,phases   ] GC(58)   Other: 0.3ms
[2025-05-21T14:38:48.366+0000][gc,heap     ] GC(58) Eden regions: 588->0(586)
[2025-05-21T14:38:48.366+0000][gc,heap     ] GC(58) Survivor regions: 26->28(77)
[2025-05-21T14:38:48.366+0000][gc,heap     ] GC(58) Old regions: 55->56
[2025-05-21T14:38:48.366+0000][gc,heap     ] GC(58) Humongous regions: 131->131
[2025-05-21T14:38:48.367+0000][gc,metaspace] GC(58) Metaspace: 17337K(17856K)->17337K(17856K) NonClass: 15370K(15616K)->15370K(15616K) Class: 1966K(2240K)->1966K(2240K)
[2025-05-21T14:38:48.367+0000][gc          ] GC(58) Pause Young (Normal) (G1 Evacuation Pause) 799M->213M(1024M) 12.268ms
[2025-05-21T14:38:48.367+0000][gc,cpu      ] GC(58) User=0.08s Sys=0.00s Real=0.01s
[2025-05-21T14:39:27.907+0000][gc,start    ] GC(59) Pause Young (Normal) (G1 Evacuation Pause)
[2025-05-21T14:39:27.907+0000][gc,task     ] GC(59) Using 10 workers of 10 for evacuation
[2025-05-21T14:39:27.918+0000][gc,phases   ] GC(59)   Pre Evacuate Collection Set: 0.4ms
[2025-05-21T14:39:27.918+0000][gc,phases   ] GC(59)   Merge Heap Roots: 0.2ms
[2025-05-21T14:39:27.918+0000][gc,phases   ] GC(59)   Evacuate Collection Set: 9.1ms
[2025-05-21T14:39:27.918+0000][gc,phases   ] GC(59)   Post Evacuate Collection Set: 1.0ms
[2025-05-21T14:39:27.919+0000][gc,phases   ] GC(59)   Other: 0.3ms
[2025-05-21T14:39:27.919+0000][gc,heap     ] GC(59) Eden regions: 586->0(587)
[2025-05-21T14:39:27.919+0000][gc,heap     ] GC(59) Survivor regions: 28->27(77)
[2025-05-21T14:39:27.919+0000][gc,heap     ] GC(59) Old regions: 56->57
[2025-05-21T14:39:27.919+0000][gc,heap     ] GC(59) Humongous regions: 131->131
[2025-05-21T14:39:27.920+0000][gc,metaspace] GC(59) Metaspace: 17338K(17856K)->17338K(17856K) NonClass: 15371K(15616K)->15371K(15616K) Class: 1966K(2240K)->1966K(2240K)
[2025-05-21T14:39:27.920+0000][gc          ] GC(59) Pause Young (Normal) (G1 Evacuation Pause) 799M->214M(1024M) 13.222ms
[2025-05-21T14:39:27.920+0000][gc,cpu      ] GC(59) User=0.07s Sys=0.02s Real=0.02s
[2025-05-21T14:39:58.065+0000][gc,start    ] GC(60) Pause Young (Normal) (G1 Evacuation Pause)
[2025-05-21T14:39:58.065+0000][gc,task     ] GC(60) Using 10 workers of 10 for evacuation
[2025-05-21T14:39:58.075+0000][gc,phases   ] GC(60)   Pre Evacuate Collection Set: 0.5ms
[2025-05-21T14:39:58.076+0000][gc,phases   ] GC(60)   Merge Heap Roots: 0.4ms
[2025-05-21T14:39:58.076+0000][gc,phases   ] GC(60)   Evacuate Collection Set: 8.0ms
[2025-05-21T14:39:58.076+0000][gc,phases   ] GC(60)   Post Evacuate Collection Set: 1.1ms
[2025-05-21T14:39:58.076+0000][gc,phases   ] GC(60)   Other: 0.3ms
[2025-05-21T14:39:58.076+0000][gc,heap     ] GC(60) Eden regions: 587->0(586)
[2025-05-21T14:39:58.076+0000][gc,heap     ] GC(60) Survivor regions: 27->28(77)
[2025-05-21T14:39:58.076+0000][gc,heap     ] GC(60) Old regions: 57->58
[2025-05-21T14:39:58.077+0000][gc,heap     ] GC(60) Humongous regions: 131->131
[2025-05-21T14:39:58.077+0000][gc,metaspace] GC(60) Metaspace: 17349K(17856K)->17349K(17856K) NonClass: 15382K(15616K)->15382K(15616K) Class: 1966K(2240K)->1966K(2240K)
[2025-05-21T14:39:58.077+0000][gc          ] GC(60) Pause Young (Normal) (G1 Evacuation Pause) 801M->215M(1024M) 11.991ms
[2025-05-21T14:39:58.077+0000][gc,cpu      ] GC(60) User=0.05s Sys=0.02s Real=0.02s
[2025-05-21T14:40:28.349+0000][gc,start    ] GC(61) Pause Young (Normal) (G1 Evacuation Pause)
[2025-05-21T14:40:28.349+0000][gc,task     ] GC(61) Using 10 workers of 10 for evacuation
[2025-05-21T14:40:28.361+0000][gc,phases   ] GC(61)   Pre Evacuate Collection Set: 0.5ms
[2025-05-21T14:40:28.362+0000][gc,phases   ] GC(61)   Merge Heap Roots: 0.2ms
[2025-05-21T14:40:28.362+0000][gc,phases   ] GC(61)   Evacuate Collection Set: 10.1ms
[2025-05-21T14:40:28.362+0000][gc,phases   ] GC(61)   Post Evacuate Collection Set: 1.2ms
[2025-05-21T14:40:28.362+0000][gc,phases   ] GC(61)   Other: 0.3ms
[2025-05-21T14:40:28.362+0000][gc,heap     ] GC(61) Eden regions: 586->0(584)
[2025-05-21T14:40:28.362+0000][gc,heap     ] GC(61) Survivor regions: 28->30(77)
[2025-05-21T14:40:28.363+0000][gc,heap     ] GC(61) Old regions: 58->59
[2025-05-21T14:40:28.363+0000][gc,heap     ] GC(61) Humongous regions: 131->131
[2025-05-21T14:40:28.363+0000][gc,metaspace] GC(61) Metaspace: 17349K(17856K)->17349K(17856K) NonClass: 15382K(15616K)->15382K(15616K) Class: 1966K(2240K)->1966K(2240K)
[2025-05-21T14:40:28.363+0000][gc          ] GC(61) Pause Young (Normal) (G1 Evacuation Pause) 801M->219M(1024M) 14.609ms
[2025-05-21T14:40:28.364+0000][gc,cpu      ] GC(61) User=0.10s Sys=0.00s Real=0.01s
[2025-05-21T14:41:08.022+0000][gc,start    ] GC(62) Pause Young (Normal) (G1 Evacuation Pause)
[2025-05-21T14:41:08.022+0000][gc,task     ] GC(62) Using 10 workers of 10 for evacuation
[2025-05-21T14:41:08.032+0000][gc,phases   ] GC(62)   Pre Evacuate Collection Set: 0.4ms
[2025-05-21T14:41:08.032+0000][gc,phases   ] GC(62)   Merge Heap Roots: 0.3ms
[2025-05-21T14:41:08.032+0000][gc,phases   ] GC(62)   Evacuate Collection Set: 7.7ms
[2025-05-21T14:41:08.032+0000][gc,phases   ] GC(62)   Post Evacuate Collection Set: 1.1ms
[2025-05-21T14:41:08.033+0000][gc,phases   ] GC(62)   Other: 0.3ms
[2025-05-21T14:41:08.033+0000][gc,heap     ] GC(62) Eden regions: 584->0(590)
[2025-05-21T14:41:08.033+0000][gc,heap     ] GC(62) Survivor regions: 30->24(77)
[2025-05-21T14:41:08.033+0000][gc,heap     ] GC(62) Old regions: 59->60
[2025-05-21T14:41:08.033+0000][gc,heap     ] GC(62) Humongous regions: 131->131
[2025-05-21T14:41:08.033+0000][gc,metaspace] GC(62) Metaspace: 17362K(17856K)->17362K(17856K) NonClass: 15395K(15616K)->15395K(15616K) Class: 1966K(2240K)->1966K(2240K)
[2025-05-21T14:41:08.034+0000][gc          ] GC(62) Pause Young (Normal) (G1 Evacuation Pause) 803M->214M(1024M) 11.941ms
[2025-05-21T14:41:08.034+0000][gc,cpu      ] GC(62) User=0.08s Sys=0.00s Real=0.02s
[2025-05-21T14:41:38.380+0000][gc,start    ] GC(63) Pause Young (Normal) (G1 Evacuation Pause)
[2025-05-21T14:41:38.380+0000][gc,task     ] GC(63) Using 10 workers of 10 for evacuation
[2025-05-21T14:41:38.390+0000][gc,phases   ] GC(63)   Pre Evacuate Collection Set: 0.4ms
[2025-05-21T14:41:38.390+0000][gc,phases   ] GC(63)   Merge Heap Roots: 0.3ms
[2025-05-21T14:41:38.390+0000][gc,phases   ] GC(63)   Evacuate Collection Set: 7.6ms
[2025-05-21T14:41:38.390+0000][gc,phases   ] GC(63)   Post Evacuate Collection Set: 1.2ms
[2025-05-21T14:41:38.391+0000][gc,phases   ] GC(63)   Other: 0.3ms
[2025-05-21T14:41:38.391+0000][gc,heap     ] GC(63) Eden regions: 590->0(589)
[2025-05-21T14:41:38.391+0000][gc,heap     ] GC(63) Survivor regions: 24->25(77)
[2025-05-21T14:41:38.391+0000][gc,heap     ] GC(63) Old regions: 60->62
[2025-05-21T14:41:38.391+0000][gc,heap     ] GC(63) Humongous regions: 131->131
[2025-05-21T14:41:38.391+0000][gc,metaspace] GC(63) Metaspace: 17379K(17856K)->17379K(17856K) NonClass: 15412K(15616K)->15412K(15616K) Class: 1967K(2240K)->1967K(2240K)
[2025-05-21T14:41:38.391+0000][gc          ] GC(63) Pause Young (Normal) (G1 Evacuation Pause) 804M->216M(1024M) 11.600ms
[2025-05-21T14:41:38.392+0000][gc,cpu      ] GC(63) User=0.08s Sys=0.00s Real=0.01s
[2025-05-21T14:42:18.133+0000][gc,start    ] GC(64) Pause Young (Normal) (G1 Evacuation Pause)
[2025-05-21T14:42:18.134+0000][gc,task     ] GC(64) Using 10 workers of 10 for evacuation
[2025-05-21T14:42:18.145+0000][gc,phases   ] GC(64)   Pre Evacuate Collection Set: 0.4ms
[2025-05-21T14:42:18.146+0000][gc,phases   ] GC(64)   Merge Heap Roots: 0.3ms
[2025-05-21T14:42:18.146+0000][gc,phases   ] GC(64)   Evacuate Collection Set: 9.6ms
[2025-05-21T14:42:18.146+0000][gc,phases   ] GC(64)   Post Evacuate Collection Set: 1.1ms
[2025-05-21T14:42:18.146+0000][gc,phases   ] GC(64)   Other: 0.4ms
[2025-05-21T14:42:18.146+0000][gc,heap     ] GC(64) Eden regions: 589->0(592)
[2025-05-21T14:42:18.147+0000][gc,heap     ] GC(64) Survivor regions: 25->22(77)
[2025-05-21T14:42:18.147+0000][gc,heap     ] GC(64) Old regions: 62->65
[2025-05-21T14:42:18.147+0000][gc,heap     ] GC(64) Humongous regions: 131->131
[2025-05-21T14:42:18.147+0000][gc,metaspace] GC(64) Metaspace: 17380K(17856K)->17380K(17856K) NonClass: 15413K(15616K)->15413K(15616K) Class: 1967K(2240K)->1967K(2240K)
[2025-05-21T14:42:18.147+0000][gc          ] GC(64) Pause Young (Normal) (G1 Evacuation Pause) 805M->217M(1024M) 13.667ms
[2025-05-21T14:42:18.147+0000][gc,cpu      ] GC(64) User=0.10s Sys=0.00s Real=0.01s
[2025-05-21T14:42:57.936+0000][gc,start    ] GC(65) Pause Young (Normal) (G1 Evacuation Pause)
[2025-05-21T14:42:57.936+0000][gc,task     ] GC(65) Using 10 workers of 10 for evacuation
[2025-05-21T14:42:57.948+0000][gc,phases   ] GC(65)   Pre Evacuate Collection Set: 0.7ms
[2025-05-21T14:42:57.948+0000][gc,phases   ] GC(65)   Merge Heap Roots: 0.3ms
[2025-05-21T14:42:57.948+0000][gc,phases   ] GC(65)   Evacuate Collection Set: 8.4ms
[2025-05-21T14:42:57.948+0000][gc,phases   ] GC(65)   Post Evacuate Collection Set: 1.6ms
[2025-05-21T14:42:57.948+0000][gc,phases   ] GC(65)   Other: 0.3ms
[2025-05-21T14:42:57.948+0000][gc,heap     ] GC(65) Eden regions: 592->0(595)
[2025-05-21T14:42:57.949+0000][gc,heap     ] GC(65) Survivor regions: 22->19(77)
[2025-05-21T14:42:57.949+0000][gc,heap     ] GC(65) Old regions: 65->67
[2025-05-21T14:42:57.949+0000][gc,heap     ] GC(65) Humongous regions: 131->131
[2025-05-21T14:42:57.949+0000][gc,metaspace] GC(65) Metaspace: 17381K(17856K)->17381K(17856K) NonClass: 15414K(15616K)->15414K(15616K) Class: 1967K(2240K)->1967K(2240K)
[2025-05-21T14:42:57.949+0000][gc          ] GC(65) Pause Young (Normal) (G1 Evacuation Pause) 809M->216M(1024M) 13.229ms
[2025-05-21T14:42:57.949+0000][gc,cpu      ] GC(65) User=0.10s Sys=0.00s Real=0.02s
[2025-05-21T14:43:28.590+0000][gc,start    ] GC(66) Pause Young (Normal) (G1 Evacuation Pause)
[2025-05-21T14:43:28.590+0000][gc,task     ] GC(66) Using 10 workers of 10 for evacuation
[2025-05-21T14:43:28.605+0000][gc,phases   ] GC(66)   Pre Evacuate Collection Set: 0.3ms
[2025-05-21T14:43:28.605+0000][gc,phases   ] GC(66)   Merge Heap Roots: 0.4ms
[2025-05-21T14:43:28.605+0000][gc,phases   ] GC(66)   Evacuate Collection Set: 12.2ms
[2025-05-21T14:43:28.605+0000][gc,phases   ] GC(66)   Post Evacuate Collection Set: 1.1ms
[2025-05-21T14:43:28.605+0000][gc,phases   ] GC(66)   Other: 0.3ms
[2025-05-21T14:43:28.606+0000][gc,heap     ] GC(66) Eden regions: 595->0(594)
[2025-05-21T14:43:28.606+0000][gc,heap     ] GC(66) Survivor regions: 19->20(77)
[2025-05-21T14:43:28.606+0000][gc,heap     ] GC(66) Old regions: 67->69
[2025-05-21T14:43:28.606+0000][gc,heap     ] GC(66) Humongous regions: 131->131
[2025-05-21T14:43:28.606+0000][gc,metaspace] GC(66) Metaspace: 17390K(17920K)->17390K(17920K) NonClass: 15422K(15680K)->15422K(15680K) Class: 1967K(2240K)->1967K(2240K)
[2025-05-21T14:43:28.607+0000][gc          ] GC(66) Pause Young (Normal) (G1 Evacuation Pause) 811M->219M(1024M) 16.710ms
[2025-05-21T14:43:28.607+0000][gc,cpu      ] GC(66) User=0.06s Sys=0.00s Real=0.01s
[2025-05-21T14:43:59.205+0000][gc,start    ] GC(67) Pause Young (Normal) (G1 Evacuation Pause)
[2025-05-21T14:43:59.205+0000][gc,task     ] GC(67) Using 10 workers of 10 for evacuation
[2025-05-21T14:43:59.252+0000][gc,phases   ] GC(67)   Pre Evacuate Collection Set: 0.4ms
[2025-05-21T14:43:59.253+0000][gc,phases   ] GC(67)   Merge Heap Roots: 0.4ms
[2025-05-21T14:43:59.253+0000][gc,phases   ] GC(67)   Evacuate Collection Set: 39.3ms
[2025-05-21T14:43:59.253+0000][gc,phases   ] GC(67)   Post Evacuate Collection Set: 6.6ms
[2025-05-21T14:43:59.253+0000][gc,phases   ] GC(67)   Other: 0.4ms
[2025-05-21T14:43:59.254+0000][gc,heap     ] GC(67) Eden regions: 594->0(592)
[2025-05-21T14:43:59.254+0000][gc,heap     ] GC(67) Survivor regions: 20->22(77)
[2025-05-21T14:43:59.254+0000][gc,heap     ] GC(67) Old regions: 69->71
[2025-05-21T14:43:59.254+0000][gc,heap     ] GC(67) Humongous regions: 131->131
[2025-05-21T14:43:59.254+0000][gc,metaspace] GC(67) Metaspace: 17391K(17920K)->17391K(17920K) NonClass: 15424K(15680K)->15424K(15680K) Class: 1967K(2240K)->1967K(2240K)
[2025-05-21T14:43:59.255+0000][gc          ] GC(67) Pause Young (Normal) (G1 Evacuation Pause) 813M->222M(1024M) 49.580ms
[2025-05-21T14:43:59.255+0000][gc,cpu      ] GC(67) User=0.11s Sys=0.01s Real=0.05s
[2025-05-21T14:44:25.327+0000][gc,start    ] GC(68) Pause Young (Normal) (G1 Evacuation Pause)
[2025-05-21T14:44:25.328+0000][gc,task     ] GC(68) Using 10 workers of 10 for evacuation
[2025-05-21T14:44:25.358+0000][gc,phases   ] GC(68)   Pre Evacuate Collection Set: 0.6ms
[2025-05-21T14:44:25.358+0000][gc,phases   ] GC(68)   Merge Heap Roots: 0.2ms
[2025-05-21T14:44:25.358+0000][gc,phases   ] GC(68)   Evacuate Collection Set: 27.4ms
[2025-05-21T14:44:25.359+0000][gc,phases   ] GC(68)   Post Evacuate Collection Set: 1.8ms
[2025-05-21T14:44:25.359+0000][gc,phases   ] GC(68)   Other: 0.3ms
[2025-05-21T14:44:25.359+0000][gc,heap     ] GC(68) Eden regions: 592->0(593)
[2025-05-21T14:44:25.359+0000][gc,heap     ] GC(68) Survivor regions: 22->21(77)
[2025-05-21T14:44:25.359+0000][gc,heap     ] GC(68) Old regions: 71->73
[2025-05-21T14:44:25.360+0000][gc,heap     ] GC(68) Humongous regions: 131->131
[2025-05-21T14:44:25.360+0000][gc,metaspace] GC(68) Metaspace: 17420K(17920K)->17420K(17920K) NonClass: 15453K(15680K)->15453K(15680K) Class: 1967K(2240K)->1967K(2240K)
[2025-05-21T14:44:25.361+0000][gc          ] GC(68) Pause Young (Normal) (G1 Evacuation Pause) 814M->223M(1024M) 34.140ms
[2025-05-21T14:44:25.362+0000][gc,cpu      ] GC(68) User=0.10s Sys=0.02s Real=0.03s
[2025-05-21T14:44:48.031+0000][gc,start    ] GC(69) Pause Young (Normal) (G1 Evacuation Pause)
[2025-05-21T14:44:48.031+0000][gc,task     ] GC(69) Using 10 workers of 10 for evacuation
[2025-05-21T14:44:48.040+0000][gc,phases   ] GC(69)   Pre Evacuate Collection Set: 0.3ms
[2025-05-21T14:44:48.040+0000][gc,phases   ] GC(69)   Merge Heap Roots: 0.3ms
[2025-05-21T14:44:48.040+0000][gc,phases   ] GC(69)   Evacuate Collection Set: 7.2ms
[2025-05-21T14:44:48.040+0000][gc,phases   ] GC(69)   Post Evacuate Collection Set: 1.0ms
[2025-05-21T14:44:48.041+0000][gc,phases   ] GC(69)   Other: 0.3ms
[2025-05-21T14:44:48.041+0000][gc,heap     ] GC(69) Eden regions: 593->0(592)
[2025-05-21T14:44:48.042+0000][gc,heap     ] GC(69) Survivor regions: 21->22(77)
[2025-05-21T14:44:48.042+0000][gc,heap     ] GC(69) Old regions: 73->74
[2025-05-21T14:44:48.042+0000][gc,heap     ] GC(69) Humongous regions: 131->131
[2025-05-21T14:44:48.042+0000][gc,metaspace] GC(69) Metaspace: 17426K(17920K)->17426K(17920K) NonClass: 15459K(15680K)->15459K(15680K) Class: 1967K(2240K)->1967K(2240K)
[2025-05-21T14:44:48.042+0000][gc          ] GC(69) Pause Young (Normal) (G1 Evacuation Pause) 816M->225M(1024M) 11.728ms
[2025-05-21T14:44:48.042+0000][gc,cpu      ] GC(69) User=0.08s Sys=0.00s Real=0.01s
[2025-05-21T14:45:08.848+0000][gc,start    ] GC(70) Pause Young (Normal) (G1 Evacuation Pause)
[2025-05-21T14:45:08.848+0000][gc,task     ] GC(70) Using 10 workers of 10 for evacuation
[2025-05-21T14:45:08.867+0000][gc,phases   ] GC(70)   Pre Evacuate Collection Set: 0.4ms
[2025-05-21T14:45:08.867+0000][gc,phases   ] GC(70)   Merge Heap Roots: 0.3ms
[2025-05-21T14:45:08.867+0000][gc,phases   ] GC(70)   Evacuate Collection Set: 15.5ms
[2025-05-21T14:45:08.868+0000][gc,phases   ] GC(70)   Post Evacuate Collection Set: 1.4ms
[2025-05-21T14:45:08.868+0000][gc,phases   ] GC(70)   Other: 0.7ms
[2025-05-21T14:45:08.869+0000][gc,heap     ] GC(70) Eden regions: 592->0(591)
[2025-05-21T14:45:08.869+0000][gc,heap     ] GC(70) Survivor regions: 22->23(77)
[2025-05-21T14:45:08.869+0000][gc,heap     ] GC(70) Old regions: 74->75
[2025-05-21T14:45:08.870+0000][gc,heap     ] GC(70) Humongous regions: 131->131
[2025-05-21T14:45:08.870+0000][gc,metaspace] GC(70) Metaspace: 17463K(17920K)->17463K(17920K) NonClass: 15496K(15680K)->15496K(15680K) Class: 1967K(2240K)->1967K(2240K)
[2025-05-21T14:45:08.870+0000][gc          ] GC(70) Pause Young (Normal) (G1 Evacuation Pause) 817M->228M(1024M) 22.275ms
[2025-05-21T14:45:08.871+0000][gc,cpu      ] GC(70) User=0.11s Sys=0.01s Real=0.02s
[2025-05-21T14:45:33.812+0000][gc,heap,exit] Heap
[2025-05-21T14:45:33.812+0000][gc,heap,exit]  garbage-first heap   total 1048576K, used 839162K [0x00000000c0000000, 0x0000000100000000)
[2025-05-21T14:45:33.813+0000][gc,heap,exit]   region size 1024K, 614 young (628736K), 23 survivors (23552K)
[2025-05-21T14:45:33.813+0000][gc,heap,exit]  Metaspace       used 18190K, committed 18624K, reserved 1114112K
[2025-05-21T14:45:33.813+0000][gc,heap,exit]   class space    used 2131K, committed 2368K, reserved 1048576K
