[2025-05-20T22:24:53.537+0000][gc,init] CardTable entry size: 512
[2025-05-20T22:24:53.539+0000][gc     ] Using G1
[2025-05-20T22:24:53.652+0000][gc,init] Version: 21.0.4+7-LTS (release)
[2025-05-20T22:24:53.653+0000][gc,init] CPUs: 12 total, 12 available
[2025-05-20T22:24:53.654+0000][gc,init] Memory: 15597M
[2025-05-20T22:24:53.654+0000][gc,init] Large Page Support: Disabled
[2025-05-20T22:24:53.655+0000][gc,init] NUMA Support: Disabled
[2025-05-20T22:24:53.659+0000][gc,init] Compressed Oops: Enabled (32-bit)
[2025-05-20T22:24:53.660+0000][gc,init] Heap Region Size: 1M
[2025-05-20T22:24:53.660+0000][gc,init] Heap Min Capacity: 1G
[2025-05-20T22:24:53.660+0000][gc,init] Heap Initial Capacity: 1G
[2025-05-20T22:24:53.672+0000][gc,init] Heap Max Capacity: 1G
[2025-05-20T22:24:53.673+0000][gc,init] Pre-touch: Disabled
[2025-05-20T22:24:53.674+0000][gc,init] Parallel Workers: 10
[2025-05-20T22:24:53.681+0000][gc,init] Concurrent Workers: 3
[2025-05-20T22:24:53.687+0000][gc,init] Concurrent Refinement Workers: 10
[2025-05-20T22:24:53.687+0000][gc,init] Periodic GC: Disabled
[2025-05-20T22:24:53.990+0000][gc,metaspace] CDS archive(s) mapped at: [0x00007f8dce000000-0x00007f8dcebbe000-0x00007f8dd1674000), size 57098240, SharedBaseAddress: 0x00007f8dce000000, ArchiveRelocationMode: 1.
[2025-05-20T22:24:53.995+0000][gc,metaspace] Compressed class space mapped at: 0x00007f8dd2000000-0x00007f8e12000000, reserved size: 1073741824
[2025-05-20T22:24:53.998+0000][gc,metaspace] Narrow klass base: 0x00007f8dce000000, Narrow klass shift: 0, Narrow klass range: 0x100000000
[2025-05-20T22:24:58.410+0000][gc,start    ] GC(0) Pause Young (Normal) (G1 Evacuation Pause)
[2025-05-20T22:24:58.435+0000][gc,task     ] GC(0) Using 10 workers of 10 for evacuation
[2025-05-20T22:24:58.470+0000][gc,phases   ] GC(0)   Pre Evacuate Collection Set: 0.5ms
[2025-05-20T22:24:58.470+0000][gc,phases   ] GC(0)   Merge Heap Roots: 0.1ms
[2025-05-20T22:24:58.470+0000][gc,phases   ] GC(0)   Evacuate Collection Set: 28.0ms
[2025-05-20T22:24:58.470+0000][gc,phases   ] GC(0)   Post Evacuate Collection Set: 4.0ms
[2025-05-20T22:24:58.471+0000][gc,phases   ] GC(0)   Other: 15.4ms
[2025-05-20T22:24:58.472+0000][gc,heap     ] GC(0) Eden regions: 51->0(44)
[2025-05-20T22:24:58.472+0000][gc,heap     ] GC(0) Survivor regions: 0->7(7)
[2025-05-20T22:24:58.472+0000][gc,heap     ] GC(0) Old regions: 1->6
[2025-05-20T22:24:58.472+0000][gc,heap     ] GC(0) Humongous regions: 1->1
[2025-05-20T22:24:58.472+0000][gc,metaspace] GC(0) Metaspace: 6068K(6336K)->6068K(6336K) NonClass: 5354K(5504K)->5354K(5504K) Class: 714K(832K)->714K(832K)
[2025-05-20T22:24:58.473+0000][gc          ] GC(0) Pause Young (Normal) (G1 Evacuation Pause) 52M->13M(1024M) 62.226ms
[2025-05-20T22:24:58.473+0000][gc,cpu      ] GC(0) User=0.06s Sys=0.04s Real=0.06s
[2025-05-20T22:25:00.545+0000][gc,start    ] GC(1) Pause Young (Normal) (G1 Evacuation Pause)
[2025-05-20T22:25:00.545+0000][gc,task     ] GC(1) Using 10 workers of 10 for evacuation
[2025-05-20T22:25:00.590+0000][gc,phases   ] GC(1)   Pre Evacuate Collection Set: 0.4ms
[2025-05-20T22:25:00.592+0000][gc,phases   ] GC(1)   Merge Heap Roots: 2.4ms
[2025-05-20T22:25:00.606+0000][gc,phases   ] GC(1)   Evacuate Collection Set: 36.2ms
[2025-05-20T22:25:00.609+0000][gc,phases   ] GC(1)   Post Evacuate Collection Set: 4.3ms
[2025-05-20T22:25:00.610+0000][gc,phases   ] GC(1)   Other: 1.3ms
[2025-05-20T22:25:00.611+0000][gc,heap     ] GC(1) Eden regions: 44->0(47)
[2025-05-20T22:25:00.612+0000][gc,heap     ] GC(1) Survivor regions: 7->6(7)
[2025-05-20T22:25:00.613+0000][gc,heap     ] GC(1) Old regions: 6->14
[2025-05-20T22:25:00.613+0000][gc,heap     ] GC(1) Humongous regions: 1->1
[2025-05-20T22:25:00.616+0000][gc,metaspace] GC(1) Metaspace: 8737K(9088K)->8737K(9088K) NonClass: 7699K(7872K)->7699K(7872K) Class: 1038K(1216K)->1038K(1216K)
[2025-05-20T22:25:00.620+0000][gc          ] GC(1) Pause Young (Normal) (G1 Evacuation Pause) 57M->19M(1024M) 75.017ms
[2025-05-20T22:25:00.620+0000][gc,cpu      ] GC(1) User=0.09s Sys=0.05s Real=0.08s
[2025-05-20T22:25:08.130+0000][gc,start    ] GC(2) Pause Young (Normal) (G1 Evacuation Pause)
[2025-05-20T22:25:08.130+0000][gc,task     ] GC(2) Using 10 workers of 10 for evacuation
[2025-05-20T22:25:08.158+0000][gc,phases   ] GC(2)   Pre Evacuate Collection Set: 0.3ms
[2025-05-20T22:25:08.158+0000][gc,phases   ] GC(2)   Merge Heap Roots: 0.1ms
[2025-05-20T22:25:08.158+0000][gc,phases   ] GC(2)   Evacuate Collection Set: 24.4ms
[2025-05-20T22:25:08.159+0000][gc,phases   ] GC(2)   Post Evacuate Collection Set: 2.2ms
[2025-05-20T22:25:08.159+0000][gc,phases   ] GC(2)   Other: 0.3ms
[2025-05-20T22:25:08.159+0000][gc,heap     ] GC(2) Eden regions: 55->0(255)
[2025-05-20T22:25:08.159+0000][gc,heap     ] GC(2) Survivor regions: 6->5(8)
[2025-05-20T22:25:08.159+0000][gc,heap     ] GC(2) Old regions: 14->19
[2025-05-20T22:25:08.159+0000][gc,heap     ] GC(2) Humongous regions: 130->130
[2025-05-20T22:25:08.160+0000][gc,metaspace] GC(2) Metaspace: 11556K(11904K)->11556K(11904K) NonClass: 10062K(10240K)->10062K(10240K) Class: 1494K(1664K)->1494K(1664K)
[2025-05-20T22:25:08.160+0000][gc          ] GC(2) Pause Young (Normal) (G1 Evacuation Pause) 203M->152M(1024M) 29.728ms
[2025-05-20T22:25:08.160+0000][gc,cpu      ] GC(2) User=0.04s Sys=0.06s Real=0.03s
[2025-05-20T22:25:18.506+0000][gc,start    ] GC(3) Pause Young (Normal) (G1 Evacuation Pause)
[2025-05-20T22:25:18.506+0000][gc,task     ] GC(3) Using 10 workers of 10 for evacuation
[2025-05-20T22:25:18.515+0000][gc,phases   ] GC(3)   Pre Evacuate Collection Set: 0.3ms
[2025-05-20T22:25:18.516+0000][gc,phases   ] GC(3)   Merge Heap Roots: 0.2ms
[2025-05-20T22:25:18.516+0000][gc,phases   ] GC(3)   Evacuate Collection Set: 6.4ms
[2025-05-20T22:25:18.516+0000][gc,phases   ] GC(3)   Post Evacuate Collection Set: 1.2ms
[2025-05-20T22:25:18.516+0000][gc,phases   ] GC(3)   Other: 0.8ms
[2025-05-20T22:25:18.516+0000][gc,heap     ] GC(3) Eden regions: 252->0(606)
[2025-05-20T22:25:18.516+0000][gc,heap     ] GC(3) Survivor regions: 5->8(33)
[2025-05-20T22:25:18.516+0000][gc,heap     ] GC(3) Old regions: 19->19
[2025-05-20T22:25:18.517+0000][gc,heap     ] GC(3) Humongous regions: 131->130
[2025-05-20T22:25:18.517+0000][gc,metaspace] GC(3) Metaspace: 12238K(12608K)->12238K(12608K) NonClass: 10668K(10880K)->10668K(10880K) Class: 1569K(1728K)->1569K(1728K)
[2025-05-20T22:25:18.517+0000][gc          ] GC(3) Pause Young (Normal) (G1 Evacuation Pause) 405M->156M(1024M) 10.605ms
[2025-05-20T22:25:18.517+0000][gc,cpu      ] GC(3) User=0.00s Sys=0.06s Real=0.01s
[2025-05-20T22:26:02.835+0000][gc,start    ] GC(4) Pause Young (Normal) (G1 Evacuation Pause)
[2025-05-20T22:26:02.835+0000][gc,task     ] GC(4) Using 10 workers of 10 for evacuation
[2025-05-20T22:26:02.846+0000][gc,phases   ] GC(4)   Pre Evacuate Collection Set: 0.7ms
[2025-05-20T22:26:02.847+0000][gc,phases   ] GC(4)   Merge Heap Roots: 0.2ms
[2025-05-20T22:26:02.847+0000][gc,phases   ] GC(4)   Evacuate Collection Set: 8.4ms
[2025-05-20T22:26:02.847+0000][gc,phases   ] GC(4)   Post Evacuate Collection Set: 1.7ms
[2025-05-20T22:26:02.847+0000][gc,phases   ] GC(4)   Other: 0.2ms
[2025-05-20T22:26:02.847+0000][gc,heap     ] GC(4) Eden regions: 606->0(608)
[2025-05-20T22:26:02.847+0000][gc,heap     ] GC(4) Survivor regions: 8->6(77)
[2025-05-20T22:26:02.848+0000][gc,heap     ] GC(4) Old regions: 19->19
[2025-05-20T22:26:02.848+0000][gc,heap     ] GC(4) Humongous regions: 136->130
[2025-05-20T22:26:02.848+0000][gc,metaspace] GC(4) Metaspace: 13682K(14080K)->13682K(14080K) NonClass: 11922K(12160K)->11922K(12160K) Class: 1759K(1920K)->1759K(1920K)
[2025-05-20T22:26:02.848+0000][gc          ] GC(4) Pause Young (Normal) (G1 Evacuation Pause) 768M->154M(1024M) 13.246ms
[2025-05-20T22:26:02.848+0000][gc,cpu      ] GC(4) User=0.02s Sys=0.04s Real=0.01s
[2025-05-20T22:26:03.284+0000][gc,heap,exit] Heap
[2025-05-20T22:26:03.284+0000][gc,heap,exit]  garbage-first heap   total 1048576K, used 173242K [0x00000000c0000000, 0x0000000100000000)
[2025-05-20T22:26:03.284+0000][gc,heap,exit]   region size 1024K, 21 young (21504K), 6 survivors (6144K)
[2025-05-20T22:26:03.284+0000][gc,heap,exit]  Metaspace       used 14014K, committed 14400K, reserved 1114112K
[2025-05-20T22:26:03.284+0000][gc,heap,exit]   class space    used 1846K, committed 2048K, reserved 1048576K
