[2025-05-24T01:04:54.295+0000][gc,init] CardTable entry size: 512
[2025-05-24T01:04:54.296+0000][gc     ] Using G1
[2025-05-24T01:04:54.317+0000][gc,init] Version: 21.0.4+7-LTS (release)
[2025-05-24T01:04:54.317+0000][gc,init] CPUs: 12 total, 12 available
[2025-05-24T01:04:54.317+0000][gc,init] Memory: 15597M
[2025-05-24T01:04:54.317+0000][gc,init] Large Page Support: Disabled
[2025-05-24T01:04:54.318+0000][gc,init] NUMA Support: Disabled
[2025-05-24T01:04:54.318+0000][gc,init] Compressed Oops: Enabled (32-bit)
[2025-05-24T01:04:54.318+0000][gc,init] Heap Region Size: 1M
[2025-05-24T01:04:54.318+0000][gc,init] Heap Min Capacity: 1G
[2025-05-24T01:04:54.319+0000][gc,init] Heap Initial Capacity: 1G
[2025-05-24T01:04:54.319+0000][gc,init] Heap Max Capacity: 1G
[2025-05-24T01:04:54.320+0000][gc,init] Pre-touch: Disabled
[2025-05-24T01:04:54.321+0000][gc,init] Parallel Workers: 10
[2025-05-24T01:04:54.321+0000][gc,init] Concurrent Workers: 3
[2025-05-24T01:04:54.321+0000][gc,init] Concurrent Refinement Workers: 10
[2025-05-24T01:04:54.322+0000][gc,init] Periodic GC: Disabled
[2025-05-24T01:04:54.408+0000][gc,metaspace] CDS archive(s) mapped at: [0x00007ff07c000000-0x00007ff07cbbe000-0x00007ff07f674000), size 57098240, SharedBaseAddress: 0x00007ff07c000000, ArchiveRelocationMode: 1.
[2025-05-24T01:04:54.416+0000][gc,metaspace] Compressed class space mapped at: 0x00007ff080000000-0x00007ff0c0000000, reserved size: 1073741824
[2025-05-24T01:04:54.418+0000][gc,metaspace] Narrow klass base: 0x00007ff07c000000, Narrow klass shift: 0, Narrow klass range: 0x100000000
[2025-05-24T01:04:58.673+0000][gc,start    ] GC(0) Pause Young (Normal) (G1 Evacuation Pause)
[2025-05-24T01:04:58.704+0000][gc,task     ] GC(0) Using 10 workers of 10 for evacuation
[2025-05-24T01:04:58.737+0000][gc,phases   ] GC(0)   Pre Evacuate Collection Set: 0.3ms
[2025-05-24T01:04:58.737+0000][gc,phases   ] GC(0)   Merge Heap Roots: 0.1ms
[2025-05-24T01:04:58.737+0000][gc,phases   ] GC(0)   Evacuate Collection Set: 27.0ms
[2025-05-24T01:04:58.737+0000][gc,phases   ] GC(0)   Post Evacuate Collection Set: 4.7ms
[2025-05-24T01:04:58.738+0000][gc,phases   ] GC(0)   Other: 28.9ms
[2025-05-24T01:04:58.738+0000][gc,heap     ] GC(0) Eden regions: 51->0(44)
[2025-05-24T01:04:58.738+0000][gc,heap     ] GC(0) Survivor regions: 0->7(7)
[2025-05-24T01:04:58.738+0000][gc,heap     ] GC(0) Old regions: 1->7
[2025-05-24T01:04:58.738+0000][gc,heap     ] GC(0) Humongous regions: 1->1
[2025-05-24T01:04:58.738+0000][gc,metaspace] GC(0) Metaspace: 5587K(5824K)->5587K(5824K) NonClass: 4928K(5056K)->4928K(5056K) Class: 658K(768K)->658K(768K)
[2025-05-24T01:04:58.739+0000][gc          ] GC(0) Pause Young (Normal) (G1 Evacuation Pause) 52M->14M(1024M) 65.717ms
[2025-05-24T01:04:58.739+0000][gc,cpu      ] GC(0) User=0.09s Sys=0.02s Real=0.06s
[2025-05-24T01:04:59.248+0000][gc,start    ] GC(1) Pause Young (Normal) (G1 Evacuation Pause)
[2025-05-24T01:04:59.252+0000][gc,task     ] GC(1) Using 10 workers of 10 for evacuation
[2025-05-24T01:04:59.280+0000][gc,phases   ] GC(1)   Pre Evacuate Collection Set: 0.7ms
[2025-05-24T01:04:59.281+0000][gc,phases   ] GC(1)   Merge Heap Roots: 0.2ms
[2025-05-24T01:04:59.281+0000][gc,phases   ] GC(1)   Evacuate Collection Set: 16.7ms
[2025-05-24T01:04:59.281+0000][gc,phases   ] GC(1)   Post Evacuate Collection Set: 0.9ms
[2025-05-24T01:04:59.282+0000][gc,phases   ] GC(1)   Other: 9.0ms
[2025-05-24T01:04:59.282+0000][gc,heap     ] GC(1) Eden regions: 44->0(54)
[2025-05-24T01:04:59.282+0000][gc,heap     ] GC(1) Survivor regions: 7->2(7)
[2025-05-24T01:04:59.282+0000][gc,heap     ] GC(1) Old regions: 7->15
[2025-05-24T01:04:59.285+0000][gc,heap     ] GC(1) Humongous regions: 1->1
[2025-05-24T01:04:59.285+0000][gc,metaspace] GC(1) Metaspace: 6094K(6336K)->6094K(6336K) NonClass: 5375K(5504K)->5375K(5504K) Class: 718K(832K)->718K(832K)
[2025-05-24T01:04:59.286+0000][gc          ] GC(1) Pause Young (Normal) (G1 Evacuation Pause) 58M->17M(1024M) 37.486ms
[2025-05-24T01:04:59.286+0000][gc,cpu      ] GC(1) User=0.06s Sys=0.03s Real=0.04s
[2025-05-24T01:05:06.009+0000][gc,start    ] GC(2) Pause Young (Normal) (G1 Evacuation Pause)
[2025-05-24T01:05:06.009+0000][gc,task     ] GC(2) Using 10 workers of 10 for evacuation
[2025-05-24T01:05:06.019+0000][gc,phases   ] GC(2)   Pre Evacuate Collection Set: 0.4ms
[2025-05-24T01:05:06.019+0000][gc,phases   ] GC(2)   Merge Heap Roots: 0.2ms
[2025-05-24T01:05:06.030+0000][gc,phases   ] GC(2)   Evacuate Collection Set: 7.0ms
[2025-05-24T01:05:06.030+0000][gc,phases   ] GC(2)   Post Evacuate Collection Set: 1.6ms
[2025-05-24T01:05:06.030+0000][gc,phases   ] GC(2)   Other: 0.3ms
[2025-05-24T01:05:06.031+0000][gc,heap     ] GC(2) Eden regions: 62->0(173)
[2025-05-24T01:05:06.031+0000][gc,heap     ] GC(2) Survivor regions: 2->5(8)
[2025-05-24T01:05:06.031+0000][gc,heap     ] GC(2) Old regions: 15->15
[2025-05-24T01:05:06.031+0000][gc,heap     ] GC(2) Humongous regions: 130->130
[2025-05-24T01:05:06.031+0000][gc,metaspace] GC(2) Metaspace: 8618K(8896K)->8618K(8896K) NonClass: 7472K(7616K)->7472K(7616K) Class: 1145K(1280K)->1145K(1280K)
[2025-05-24T01:05:06.031+0000][gc          ] GC(2) Pause Young (Normal) (G1 Evacuation Pause) 208M->148M(1024M) 22.348ms
[2025-05-24T01:05:06.031+0000][gc,cpu      ] GC(2) User=0.01s Sys=0.01s Real=0.03s
[2025-05-24T01:05:15.903+0000][gc,start    ] GC(3) Pause Young (Normal) (G1 Evacuation Pause)
[2025-05-24T01:05:15.903+0000][gc,task     ] GC(3) Using 10 workers of 10 for evacuation
[2025-05-24T01:05:15.920+0000][gc,phases   ] GC(3)   Pre Evacuate Collection Set: 0.5ms
[2025-05-24T01:05:15.921+0000][gc,phases   ] GC(3)   Merge Heap Roots: 0.2ms
[2025-05-24T01:05:15.921+0000][gc,phases   ] GC(3)   Evacuate Collection Set: 13.9ms
[2025-05-24T01:05:15.921+0000][gc,phases   ] GC(3)   Post Evacuate Collection Set: 2.1ms
[2025-05-24T01:05:15.921+0000][gc,phases   ] GC(3)   Other: 0.4ms
[2025-05-24T01:05:15.921+0000][gc,heap     ] GC(3) Eden regions: 184->0(605)
[2025-05-24T01:05:15.922+0000][gc,heap     ] GC(3) Survivor regions: 5->9(24)
[2025-05-24T01:05:15.922+0000][gc,heap     ] GC(3) Old regions: 15->15
[2025-05-24T01:05:15.922+0000][gc,heap     ] GC(3) Humongous regions: 131->130
[2025-05-24T01:05:15.922+0000][gc,metaspace] GC(3) Metaspace: 11699K(12096K)->11699K(12096K) NonClass: 10175K(10368K)->10175K(10368K) Class: 1523K(1728K)->1523K(1728K)
[2025-05-24T01:05:15.922+0000][gc          ] GC(3) Pause Young (Normal) (G1 Evacuation Pause) 333M->153M(1024M) 19.612ms
[2025-05-24T01:05:15.923+0000][gc,cpu      ] GC(3) User=0.04s Sys=0.02s Real=0.02s
[2025-05-24T01:05:55.910+0000][gc,start    ] GC(4) Pause Young (Normal) (G1 Evacuation Pause)
[2025-05-24T01:05:55.910+0000][gc,task     ] GC(4) Using 10 workers of 10 for evacuation
[2025-05-24T01:05:55.928+0000][gc,phases   ] GC(4)   Pre Evacuate Collection Set: 0.5ms
[2025-05-24T01:05:55.929+0000][gc,phases   ] GC(4)   Merge Heap Roots: 0.2ms
[2025-05-24T01:05:55.929+0000][gc,phases   ] GC(4)   Evacuate Collection Set: 14.4ms
[2025-05-24T01:05:55.929+0000][gc,phases   ] GC(4)   Post Evacuate Collection Set: 2.1ms
[2025-05-24T01:05:55.930+0000][gc,phases   ] GC(4)   Other: 0.7ms
[2025-05-24T01:05:55.930+0000][gc,heap     ] GC(4) Eden regions: 605->0(603)
[2025-05-24T01:05:55.930+0000][gc,heap     ] GC(4) Survivor regions: 9->11(77)
[2025-05-24T01:05:55.930+0000][gc,heap     ] GC(4) Old regions: 15->15
[2025-05-24T01:05:55.931+0000][gc,heap     ] GC(4) Humongous regions: 131->130
[2025-05-24T01:05:55.931+0000][gc,metaspace] GC(4) Metaspace: 12398K(12800K)->12398K(12800K) NonClass: 10847K(11072K)->10847K(11072K) Class: 1551K(1728K)->1551K(1728K)
[2025-05-24T01:05:55.931+0000][gc          ] GC(4) Pause Young (Normal) (G1 Evacuation Pause) 759M->154M(1024M) 21.496ms
[2025-05-24T01:05:55.932+0000][gc,cpu      ] GC(4) User=0.03s Sys=0.04s Real=0.02s
[2025-05-24T01:06:35.882+0000][gc,start    ] GC(5) Pause Young (Normal) (G1 Evacuation Pause)
[2025-05-24T01:06:35.882+0000][gc,task     ] GC(5) Using 10 workers of 10 for evacuation
[2025-05-24T01:06:35.896+0000][gc,phases   ] GC(5)   Pre Evacuate Collection Set: 0.5ms
[2025-05-24T01:06:35.897+0000][gc,phases   ] GC(5)   Merge Heap Roots: 0.1ms
[2025-05-24T01:06:35.900+0000][gc,phases   ] GC(5)   Evacuate Collection Set: 9.1ms
[2025-05-24T01:06:35.901+0000][gc,phases   ] GC(5)   Post Evacuate Collection Set: 3.9ms
[2025-05-24T01:06:35.901+0000][gc,phases   ] GC(5)   Other: 0.4ms
[2025-05-24T01:06:35.902+0000][gc,heap     ] GC(5) Eden regions: 603->0(603)
[2025-05-24T01:06:35.903+0000][gc,heap     ] GC(5) Survivor regions: 11->11(77)
[2025-05-24T01:06:35.904+0000][gc,heap     ] GC(5) Old regions: 15->15
[2025-05-24T01:06:35.906+0000][gc,heap     ] GC(5) Humongous regions: 130->130
[2025-05-24T01:06:35.908+0000][gc,metaspace] GC(5) Metaspace: 12860K(13248K)->12860K(13248K) NonClass: 11304K(11456K)->11304K(11456K) Class: 1555K(1792K)->1555K(1792K)
[2025-05-24T01:06:35.908+0000][gc          ] GC(5) Pause Young (Normal) (G1 Evacuation Pause) 757M->155M(1024M) 26.148ms
[2025-05-24T01:06:35.908+0000][gc,cpu      ] GC(5) User=0.05s Sys=0.00s Real=0.03s
[2025-05-24T01:07:15.909+0000][gc,start    ] GC(6) Pause Young (Normal) (G1 Evacuation Pause)
[2025-05-24T01:07:15.909+0000][gc,task     ] GC(6) Using 10 workers of 10 for evacuation
[2025-05-24T01:07:15.922+0000][gc,phases   ] GC(6)   Pre Evacuate Collection Set: 0.7ms
[2025-05-24T01:07:15.922+0000][gc,phases   ] GC(6)   Merge Heap Roots: 0.6ms
[2025-05-24T01:07:15.922+0000][gc,phases   ] GC(6)   Evacuate Collection Set: 8.4ms
[2025-05-24T01:07:15.923+0000][gc,phases   ] GC(6)   Post Evacuate Collection Set: 2.3ms
[2025-05-24T01:07:15.923+0000][gc,phases   ] GC(6)   Other: 0.4ms
[2025-05-24T01:07:15.923+0000][gc,heap     ] GC(6) Eden regions: 603->0(601)
[2025-05-24T01:07:15.924+0000][gc,heap     ] GC(6) Survivor regions: 11->13(77)
[2025-05-24T01:07:15.924+0000][gc,heap     ] GC(6) Old regions: 15->15
[2025-05-24T01:07:15.924+0000][gc,heap     ] GC(6) Humongous regions: 130->130
[2025-05-24T01:07:15.924+0000][gc,metaspace] GC(6) Metaspace: 13343K(13760K)->13343K(13760K) NonClass: 11783K(11968K)->11783K(11968K) Class: 1559K(1792K)->1559K(1792K)
[2025-05-24T01:07:15.925+0000][gc          ] GC(6) Pause Young (Normal) (G1 Evacuation Pause) 758M->157M(1024M) 15.597ms
[2025-05-24T01:07:15.925+0000][gc,cpu      ] GC(6) User=0.06s Sys=0.01s Real=0.02s
[2025-05-24T01:07:25.999+0000][gc,heap,exit] Heap
[2025-05-24T01:07:25.999+0000][gc,heap,exit]  garbage-first heap   total 1048576K, used 281307K [0x00000000c0000000, 0x0000000100000000)
[2025-05-24T01:07:25.999+0000][gc,heap,exit]   region size 1024K, 131 young (134144K), 13 survivors (13312K)
[2025-05-24T01:07:26.000+0000][gc,heap,exit]  Metaspace       used 14170K, committed 14528K, reserved 1114112K
[2025-05-24T01:07:26.000+0000][gc,heap,exit]   class space    used 1736K, committed 1920K, reserved 1048576K
