[2025-05-20T23:12:48.947+0000][gc,init] CardTable entry size: 512
[2025-05-20T23:12:48.948+0000][gc     ] Using G1
[2025-05-20T23:12:48.995+0000][gc,init] Version: 21.0.4+7-LTS (release)
[2025-05-20T23:12:48.995+0000][gc,init] CPUs: 12 total, 12 available
[2025-05-20T23:12:48.996+0000][gc,init] Memory: 15597M
[2025-05-20T23:12:48.998+0000][gc,init] Large Page Support: Disabled
[2025-05-20T23:12:49.002+0000][gc,init] NUMA Support: Disabled
[2025-05-20T23:12:49.007+0000][gc,init] Compressed Oops: Enabled (32-bit)
[2025-05-20T23:12:49.007+0000][gc,init] Heap Region Size: 1M
[2025-05-20T23:12:49.008+0000][gc,init] Heap Min Capacity: 1G
[2025-05-20T23:12:49.008+0000][gc,init] Heap Initial Capacity: 1G
[2025-05-20T23:12:49.008+0000][gc,init] Heap Max Capacity: 1G
[2025-05-20T23:12:49.008+0000][gc,init] Pre-touch: Disabled
[2025-05-20T23:12:49.008+0000][gc,init] Parallel Workers: 10
[2025-05-20T23:12:49.009+0000][gc,init] Concurrent Workers: 3
[2025-05-20T23:12:49.009+0000][gc,init] Concurrent Refinement Workers: 10
[2025-05-20T23:12:49.009+0000][gc,init] Periodic GC: Disabled
[2025-05-20T23:12:49.135+0000][gc,metaspace] CDS archive(s) mapped at: [0x00007fcd83000000-0x00007fcd83bbe000-0x00007fcd86674000), size 57098240, SharedBaseAddress: 0x00007fcd83000000, ArchiveRelocationMode: 1.
[2025-05-20T23:12:49.135+0000][gc,metaspace] Compressed class space mapped at: 0x00007fcd87000000-0x00007fcdc7000000, reserved size: 1073741824
[2025-05-20T23:12:49.135+0000][gc,metaspace] Narrow klass base: 0x00007fcd83000000, Narrow klass shift: 0, Narrow klass range: 0x100000000
[2025-05-20T23:12:55.682+0000][gc,start    ] GC(0) Pause Young (Normal) (G1 Evacuation Pause)
[2025-05-20T23:12:55.699+0000][gc,task     ] GC(0) Using 10 workers of 10 for evacuation
[2025-05-20T23:12:55.756+0000][gc,phases   ] GC(0)   Pre Evacuate Collection Set: 1.2ms
[2025-05-20T23:12:55.762+0000][gc,phases   ] GC(0)   Merge Heap Roots: 0.1ms
[2025-05-20T23:12:55.765+0000][gc,phases   ] GC(0)   Evacuate Collection Set: 44.6ms
[2025-05-20T23:12:55.766+0000][gc,phases   ] GC(0)   Post Evacuate Collection Set: 8.4ms
[2025-05-20T23:12:55.768+0000][gc,phases   ] GC(0)   Other: 17.4ms
[2025-05-20T23:12:55.768+0000][gc,heap     ] GC(0) Eden regions: 51->0(44)
[2025-05-20T23:12:55.768+0000][gc,heap     ] GC(0) Survivor regions: 0->7(7)
[2025-05-20T23:12:55.768+0000][gc,heap     ] GC(0) Old regions: 1->7
[2025-05-20T23:12:55.769+0000][gc,heap     ] GC(0) Humongous regions: 1->1
[2025-05-20T23:12:55.769+0000][gc,metaspace] GC(0) Metaspace: 5820K(6016K)->5820K(6016K) NonClass: 5153K(5248K)->5153K(5248K) Class: 667K(768K)->667K(768K)
[2025-05-20T23:12:55.769+0000][gc          ] GC(0) Pause Young (Normal) (G1 Evacuation Pause) 52M->14M(1024M) 87.235ms
[2025-05-20T23:12:55.769+0000][gc,cpu      ] GC(0) User=0.03s Sys=0.04s Real=0.09s
[2025-05-20T23:12:58.881+0000][gc,start    ] GC(1) Pause Young (Normal) (G1 Evacuation Pause)
[2025-05-20T23:12:58.881+0000][gc,task     ] GC(1) Using 10 workers of 10 for evacuation
[2025-05-20T23:12:58.912+0000][gc,phases   ] GC(1)   Pre Evacuate Collection Set: 0.4ms
[2025-05-20T23:12:58.913+0000][gc,phases   ] GC(1)   Merge Heap Roots: 0.1ms
[2025-05-20T23:12:58.913+0000][gc,phases   ] GC(1)   Evacuate Collection Set: 28.1ms
[2025-05-20T23:12:58.913+0000][gc,phases   ] GC(1)   Post Evacuate Collection Set: 2.3ms
[2025-05-20T23:12:58.914+0000][gc,phases   ] GC(1)   Other: 0.4ms
[2025-05-20T23:12:58.914+0000][gc,heap     ] GC(1) Eden regions: 44->0(52)
[2025-05-20T23:12:58.914+0000][gc,heap     ] GC(1) Survivor regions: 7->5(7)
[2025-05-20T23:12:58.914+0000][gc,heap     ] GC(1) Old regions: 7->14
[2025-05-20T23:12:58.914+0000][gc,heap     ] GC(1) Humongous regions: 1->1
[2025-05-20T23:12:58.915+0000][gc,metaspace] GC(1) Metaspace: 7955K(8256K)->7955K(8256K) NonClass: 7033K(7168K)->7033K(7168K) Class: 921K(1088K)->921K(1088K)
[2025-05-20T23:12:58.916+0000][gc          ] GC(1) Pause Young (Normal) (G1 Evacuation Pause) 58M->19M(1024M) 34.975ms
[2025-05-20T23:12:58.919+0000][gc,cpu      ] GC(1) User=0.02s Sys=0.03s Real=0.04s
[2025-05-20T23:12:59.925+0000][gc,start    ] GC(2) Pause Young (Normal) (G1 Evacuation Pause)
[2025-05-20T23:12:59.928+0000][gc,task     ] GC(2) Using 10 workers of 10 for evacuation
[2025-05-20T23:12:59.958+0000][gc,phases   ] GC(2)   Pre Evacuate Collection Set: 0.4ms
[2025-05-20T23:12:59.958+0000][gc,phases   ] GC(2)   Merge Heap Roots: 0.1ms
[2025-05-20T23:12:59.958+0000][gc,phases   ] GC(2)   Evacuate Collection Set: 23.7ms
[2025-05-20T23:12:59.958+0000][gc,phases   ] GC(2)   Post Evacuate Collection Set: 1.1ms
[2025-05-20T23:12:59.961+0000][gc,phases   ] GC(2)   Other: 3.9ms
[2025-05-20T23:12:59.962+0000][gc,heap     ] GC(2) Eden regions: 53->0(188)
[2025-05-20T23:12:59.962+0000][gc,heap     ] GC(2) Survivor regions: 5->7(8)
[2025-05-20T23:12:59.963+0000][gc,heap     ] GC(2) Old regions: 14->14
[2025-05-20T23:12:59.963+0000][gc,heap     ] GC(2) Humongous regions: 130->130
[2025-05-20T23:12:59.963+0000][gc,metaspace] GC(2) Metaspace: 8995K(9344K)->8995K(9344K) NonClass: 7869K(8064K)->7869K(8064K) Class: 1125K(1280K)->1125K(1280K)
[2025-05-20T23:12:59.963+0000][gc          ] GC(2) Pause Young (Normal) (G1 Evacuation Pause) 201M->150M(1024M) 38.458ms
[2025-05-20T23:12:59.964+0000][gc,cpu      ] GC(2) User=0.09s Sys=0.01s Real=0.03s
[2025-05-20T23:13:08.545+0000][gc,start    ] GC(3) Pause Young (Normal) (G1 Evacuation Pause)
[2025-05-20T23:13:08.545+0000][gc,task     ] GC(3) Using 10 workers of 10 for evacuation
[2025-05-20T23:13:08.557+0000][gc,phases   ] GC(3)   Pre Evacuate Collection Set: 0.3ms
[2025-05-20T23:13:08.557+0000][gc,phases   ] GC(3)   Merge Heap Roots: 0.2ms
[2025-05-20T23:13:08.557+0000][gc,phases   ] GC(3)   Evacuate Collection Set: 9.5ms
[2025-05-20T23:13:08.558+0000][gc,phases   ] GC(3)   Post Evacuate Collection Set: 1.5ms
[2025-05-20T23:13:08.558+0000][gc,phases   ] GC(3)   Other: 0.3ms
[2025-05-20T23:13:08.558+0000][gc,heap     ] GC(3) Eden regions: 190->0(602)
[2025-05-20T23:13:08.558+0000][gc,heap     ] GC(3) Survivor regions: 7->12(25)
[2025-05-20T23:13:08.558+0000][gc,heap     ] GC(3) Old regions: 14->14
[2025-05-20T23:13:08.558+0000][gc,heap     ] GC(3) Humongous regions: 137->130
[2025-05-20T23:13:08.559+0000][gc,metaspace] GC(3) Metaspace: 12503K(12864K)->12503K(12864K) NonClass: 10829K(11008K)->10829K(11008K) Class: 1674K(1856K)->1674K(1856K)
[2025-05-20T23:13:08.559+0000][gc          ] GC(3) Pause Young (Normal) (G1 Evacuation Pause) 347M->155M(1024M) 13.895ms
[2025-05-20T23:13:08.559+0000][gc,cpu      ] GC(3) User=0.04s Sys=0.04s Real=0.01s
[2025-05-20T23:13:48.417+0000][gc,start    ] GC(4) Pause Young (Normal) (G1 Evacuation Pause)
[2025-05-20T23:13:48.417+0000][gc,task     ] GC(4) Using 10 workers of 10 for evacuation
[2025-05-20T23:13:48.432+0000][gc,phases   ] GC(4)   Pre Evacuate Collection Set: 0.8ms
[2025-05-20T23:13:48.433+0000][gc,phases   ] GC(4)   Merge Heap Roots: 0.2ms
[2025-05-20T23:13:48.433+0000][gc,phases   ] GC(4)   Evacuate Collection Set: 12.5ms
[2025-05-20T23:13:48.433+0000][gc,phases   ] GC(4)   Post Evacuate Collection Set: 1.5ms
[2025-05-20T23:13:48.433+0000][gc,phases   ] GC(4)   Other: 0.5ms
[2025-05-20T23:13:48.433+0000][gc,heap     ] GC(4) Eden regions: 602->0(600)
[2025-05-20T23:13:48.433+0000][gc,heap     ] GC(4) Survivor regions: 12->14(77)
[2025-05-20T23:13:48.434+0000][gc,heap     ] GC(4) Old regions: 14->14
[2025-05-20T23:13:48.434+0000][gc,heap     ] GC(4) Humongous regions: 131->130
[2025-05-20T23:13:48.434+0000][gc,metaspace] GC(4) Metaspace: 13620K(13952K)->13620K(13952K) NonClass: 11866K(12032K)->11866K(12032K) Class: 1753K(1920K)->1753K(1920K)
[2025-05-20T23:13:48.434+0000][gc          ] GC(4) Pause Young (Normal) (G1 Evacuation Pause) 758M->157M(1024M) 17.404ms
[2025-05-20T23:13:48.434+0000][gc,cpu      ] GC(4) User=0.02s Sys=0.08s Real=0.02s
[2025-05-20T23:14:28.350+0000][gc,start    ] GC(5) Pause Young (Normal) (G1 Evacuation Pause)
[2025-05-20T23:14:28.350+0000][gc,task     ] GC(5) Using 10 workers of 10 for evacuation
[2025-05-20T23:14:28.359+0000][gc,phases   ] GC(5)   Pre Evacuate Collection Set: 0.4ms
[2025-05-20T23:14:28.359+0000][gc,phases   ] GC(5)   Merge Heap Roots: 0.2ms
[2025-05-20T23:14:28.360+0000][gc,phases   ] GC(5)   Evacuate Collection Set: 6.5ms
[2025-05-20T23:14:28.360+0000][gc,phases   ] GC(5)   Post Evacuate Collection Set: 1.4ms
[2025-05-20T23:14:28.360+0000][gc,phases   ] GC(5)   Other: 0.3ms
[2025-05-20T23:14:28.360+0000][gc,heap     ] GC(5) Eden regions: 600->0(597)
[2025-05-20T23:14:28.360+0000][gc,heap     ] GC(5) Survivor regions: 14->17(77)
[2025-05-20T23:14:28.360+0000][gc,heap     ] GC(5) Old regions: 14->14
[2025-05-20T23:14:28.360+0000][gc,heap     ] GC(5) Humongous regions: 130->130
[2025-05-20T23:14:28.361+0000][gc,metaspace] GC(5) Metaspace: 14005K(14336K)->14005K(14336K) NonClass: 12244K(12416K)->12244K(12416K) Class: 1761K(1920K)->1761K(1920K)
[2025-05-20T23:14:28.361+0000][gc          ] GC(5) Pause Young (Normal) (G1 Evacuation Pause) 757M->160M(1024M) 10.714ms
[2025-05-20T23:14:28.361+0000][gc,cpu      ] GC(5) User=0.05s Sys=0.01s Real=0.02s
[2025-05-20T23:15:08.330+0000][gc,start    ] GC(6) Pause Young (Normal) (G1 Evacuation Pause)
[2025-05-20T23:15:08.330+0000][gc,task     ] GC(6) Using 10 workers of 10 for evacuation
[2025-05-20T23:15:08.339+0000][gc,phases   ] GC(6)   Pre Evacuate Collection Set: 0.3ms
[2025-05-20T23:15:08.339+0000][gc,phases   ] GC(6)   Merge Heap Roots: 0.2ms
[2025-05-20T23:15:08.339+0000][gc,phases   ] GC(6)   Evacuate Collection Set: 6.0ms
[2025-05-20T23:15:08.339+0000][gc,phases   ] GC(6)   Post Evacuate Collection Set: 1.4ms
[2025-05-20T23:15:08.339+0000][gc,phases   ] GC(6)   Other: 0.3ms
[2025-05-20T23:15:08.339+0000][gc,heap     ] GC(6) Eden regions: 597->0(595)
[2025-05-20T23:15:08.339+0000][gc,heap     ] GC(6) Survivor regions: 17->19(77)
[2025-05-20T23:15:08.340+0000][gc,heap     ] GC(6) Old regions: 14->14
[2025-05-20T23:15:08.340+0000][gc,heap     ] GC(6) Humongous regions: 130->130
[2025-05-20T23:15:08.340+0000][gc,metaspace] GC(6) Metaspace: 14248K(14656K)->14248K(14656K) NonClass: 12485K(12736K)->12485K(12736K) Class: 1762K(1920K)->1762K(1920K)
[2025-05-20T23:15:08.340+0000][gc          ] GC(6) Pause Young (Normal) (G1 Evacuation Pause) 757M->162M(1024M) 10.087ms
[2025-05-20T23:15:08.340+0000][gc,cpu      ] GC(6) User=0.04s Sys=0.02s Real=0.01s
[2025-05-20T23:15:48.388+0000][gc,start    ] GC(7) Pause Young (Normal) (G1 Evacuation Pause)
[2025-05-20T23:15:48.388+0000][gc,task     ] GC(7) Using 10 workers of 10 for evacuation
[2025-05-20T23:15:48.397+0000][gc,phases   ] GC(7)   Pre Evacuate Collection Set: 0.4ms
[2025-05-20T23:15:48.397+0000][gc,phases   ] GC(7)   Merge Heap Roots: 0.2ms
[2025-05-20T23:15:48.397+0000][gc,phases   ] GC(7)   Evacuate Collection Set: 6.5ms
[2025-05-20T23:15:48.397+0000][gc,phases   ] GC(7)   Post Evacuate Collection Set: 1.8ms
[2025-05-20T23:15:48.398+0000][gc,phases   ] GC(7)   Other: 0.2ms
[2025-05-20T23:15:48.398+0000][gc,heap     ] GC(7) Eden regions: 595->0(593)
[2025-05-20T23:15:48.398+0000][gc,heap     ] GC(7) Survivor regions: 19->21(77)
[2025-05-20T23:15:48.398+0000][gc,heap     ] GC(7) Old regions: 14->14
[2025-05-20T23:15:48.398+0000][gc,heap     ] GC(7) Humongous regions: 130->130
[2025-05-20T23:15:48.398+0000][gc,metaspace] GC(7) Metaspace: 14396K(14784K)->14396K(14784K) NonClass: 12625K(12800K)->12625K(12800K) Class: 1770K(1984K)->1770K(1984K)
[2025-05-20T23:15:48.398+0000][gc          ] GC(7) Pause Young (Normal) (G1 Evacuation Pause) 757M->164M(1024M) 10.818ms
[2025-05-20T23:15:48.398+0000][gc,cpu      ] GC(7) User=0.05s Sys=0.01s Real=0.01s
[2025-05-20T23:16:28.327+0000][gc,start    ] GC(8) Pause Young (Normal) (G1 Evacuation Pause)
[2025-05-20T23:16:28.328+0000][gc,task     ] GC(8) Using 10 workers of 10 for evacuation
[2025-05-20T23:16:28.334+0000][gc,phases   ] GC(8)   Pre Evacuate Collection Set: 0.3ms
[2025-05-20T23:16:28.334+0000][gc,phases   ] GC(8)   Merge Heap Roots: 0.2ms
[2025-05-20T23:16:28.334+0000][gc,phases   ] GC(8)   Evacuate Collection Set: 3.9ms
[2025-05-20T23:16:28.334+0000][gc,phases   ] GC(8)   Post Evacuate Collection Set: 1.3ms
[2025-05-20T23:16:28.334+0000][gc,phases   ] GC(8)   Other: 0.3ms
[2025-05-20T23:16:28.334+0000][gc,heap     ] GC(8) Eden regions: 593->0(598)
[2025-05-20T23:16:28.334+0000][gc,heap     ] GC(8) Survivor regions: 21->16(77)
[2025-05-20T23:16:28.335+0000][gc,heap     ] GC(8) Old regions: 14->14
[2025-05-20T23:16:28.335+0000][gc,heap     ] GC(8) Humongous regions: 130->130
[2025-05-20T23:16:28.335+0000][gc,metaspace] GC(8) Metaspace: 14527K(14976K)->14527K(14976K) NonClass: 12753K(12992K)->12753K(12992K) Class: 1774K(1984K)->1774K(1984K)
[2025-05-20T23:16:28.335+0000][gc          ] GC(8) Pause Young (Normal) (G1 Evacuation Pause) 757M->159M(1024M) 7.851ms
[2025-05-20T23:16:28.335+0000][gc,cpu      ] GC(8) User=0.04s Sys=0.01s Real=0.00s
[2025-05-20T23:17:08.333+0000][gc,start    ] GC(9) Pause Young (Normal) (G1 Evacuation Pause)
[2025-05-20T23:17:08.333+0000][gc,task     ] GC(9) Using 10 workers of 10 for evacuation
[2025-05-20T23:17:08.340+0000][gc,phases   ] GC(9)   Pre Evacuate Collection Set: 0.5ms
[2025-05-20T23:17:08.340+0000][gc,phases   ] GC(9)   Merge Heap Roots: 0.3ms
[2025-05-20T23:17:08.340+0000][gc,phases   ] GC(9)   Evacuate Collection Set: 4.4ms
[2025-05-20T23:17:08.340+0000][gc,phases   ] GC(9)   Post Evacuate Collection Set: 1.4ms
[2025-05-20T23:17:08.341+0000][gc,phases   ] GC(9)   Other: 0.3ms
[2025-05-20T23:17:08.341+0000][gc,heap     ] GC(9) Eden regions: 598->0(596)
[2025-05-20T23:17:08.341+0000][gc,heap     ] GC(9) Survivor regions: 16->18(77)
[2025-05-20T23:17:08.341+0000][gc,heap     ] GC(9) Old regions: 14->14
[2025-05-20T23:17:08.341+0000][gc,heap     ] GC(9) Humongous regions: 130->130
[2025-05-20T23:17:08.341+0000][gc,metaspace] GC(9) Metaspace: 14594K(15040K)->14594K(15040K) NonClass: 12818K(13056K)->12818K(13056K) Class: 1775K(1984K)->1775K(1984K)
[2025-05-20T23:17:08.341+0000][gc          ] GC(9) Pause Young (Normal) (G1 Evacuation Pause) 757M->161M(1024M) 8.670ms
[2025-05-20T23:17:08.342+0000][gc,cpu      ] GC(9) User=0.04s Sys=0.01s Real=0.01s
[2025-05-20T23:17:48.351+0000][gc,start    ] GC(10) Pause Young (Normal) (G1 Evacuation Pause)
[2025-05-20T23:17:48.352+0000][gc,task     ] GC(10) Using 10 workers of 10 for evacuation
[2025-05-20T23:17:48.359+0000][gc,phases   ] GC(10)   Pre Evacuate Collection Set: 0.4ms
[2025-05-20T23:17:48.359+0000][gc,phases   ] GC(10)   Merge Heap Roots: 0.2ms
[2025-05-20T23:17:48.359+0000][gc,phases   ] GC(10)   Evacuate Collection Set: 4.8ms
[2025-05-20T23:17:48.359+0000][gc,phases   ] GC(10)   Post Evacuate Collection Set: 1.2ms
[2025-05-20T23:17:48.359+0000][gc,phases   ] GC(10)   Other: 0.4ms
[2025-05-20T23:17:48.359+0000][gc,heap     ] GC(10) Eden regions: 596->0(595)
[2025-05-20T23:17:48.360+0000][gc,heap     ] GC(10) Survivor regions: 18->19(77)
[2025-05-20T23:17:48.360+0000][gc,heap     ] GC(10) Old regions: 14->14
[2025-05-20T23:17:48.360+0000][gc,heap     ] GC(10) Humongous regions: 130->130
[2025-05-20T23:17:48.360+0000][gc,metaspace] GC(10) Metaspace: 14655K(15040K)->14655K(15040K) NonClass: 12879K(13056K)->12879K(13056K) Class: 1775K(1984K)->1775K(1984K)
[2025-05-20T23:17:48.360+0000][gc          ] GC(10) Pause Young (Normal) (G1 Evacuation Pause) 757M->162M(1024M) 8.945ms
[2025-05-20T23:17:48.360+0000][gc,cpu      ] GC(10) User=0.05s Sys=0.01s Real=0.00s
[2025-05-20T23:18:28.353+0000][gc,start    ] GC(11) Pause Young (Normal) (G1 Evacuation Pause)
[2025-05-20T23:18:28.354+0000][gc,task     ] GC(11) Using 10 workers of 10 for evacuation
[2025-05-20T23:18:28.361+0000][gc,phases   ] GC(11)   Pre Evacuate Collection Set: 0.4ms
[2025-05-20T23:18:28.361+0000][gc,phases   ] GC(11)   Merge Heap Roots: 0.3ms
[2025-05-20T23:18:28.361+0000][gc,phases   ] GC(11)   Evacuate Collection Set: 4.9ms
[2025-05-20T23:18:28.361+0000][gc,phases   ] GC(11)   Post Evacuate Collection Set: 1.3ms
[2025-05-20T23:18:28.361+0000][gc,phases   ] GC(11)   Other: 0.3ms
[2025-05-20T23:18:28.362+0000][gc,heap     ] GC(11) Eden regions: 595->0(595)
[2025-05-20T23:18:28.362+0000][gc,heap     ] GC(11) Survivor regions: 19->19(77)
[2025-05-20T23:18:28.362+0000][gc,heap     ] GC(11) Old regions: 14->14
[2025-05-20T23:18:28.362+0000][gc,heap     ] GC(11) Humongous regions: 132->130
[2025-05-20T23:18:28.362+0000][gc,metaspace] GC(11) Metaspace: 15187K(15616K)->15187K(15616K) NonClass: 13333K(13568K)->13333K(13568K) Class: 1854K(2048K)->1854K(2048K)
[2025-05-20T23:18:28.362+0000][gc          ] GC(11) Pause Young (Normal) (G1 Evacuation Pause) 759M->162M(1024M) 9.180ms
[2025-05-20T23:18:28.363+0000][gc,cpu      ] GC(11) User=0.05s Sys=0.00s Real=0.01s
[2025-05-20T23:19:08.318+0000][gc,start    ] GC(12) Pause Young (Normal) (G1 Evacuation Pause)
[2025-05-20T23:19:08.318+0000][gc,task     ] GC(12) Using 10 workers of 10 for evacuation
[2025-05-20T23:19:08.324+0000][gc,phases   ] GC(12)   Pre Evacuate Collection Set: 0.3ms
[2025-05-20T23:19:08.325+0000][gc,phases   ] GC(12)   Merge Heap Roots: 0.2ms
[2025-05-20T23:19:08.325+0000][gc,phases   ] GC(12)   Evacuate Collection Set: 3.7ms
[2025-05-20T23:19:08.325+0000][gc,phases   ] GC(12)   Post Evacuate Collection Set: 1.4ms
[2025-05-20T23:19:08.325+0000][gc,phases   ] GC(12)   Other: 0.3ms
[2025-05-20T23:19:08.325+0000][gc,heap     ] GC(12) Eden regions: 595->0(599)
[2025-05-20T23:19:08.325+0000][gc,heap     ] GC(12) Survivor regions: 19->15(77)
[2025-05-20T23:19:08.326+0000][gc,heap     ] GC(12) Old regions: 14->14
[2025-05-20T23:19:08.326+0000][gc,heap     ] GC(12) Humongous regions: 130->130
[2025-05-20T23:19:08.326+0000][gc,metaspace] GC(12) Metaspace: 15278K(15680K)->15278K(15680K) NonClass: 13423K(13632K)->13423K(13632K) Class: 1854K(2048K)->1854K(2048K)
[2025-05-20T23:19:08.326+0000][gc          ] GC(12) Pause Young (Normal) (G1 Evacuation Pause) 757M->158M(1024M) 7.939ms
[2025-05-20T23:19:08.326+0000][gc,cpu      ] GC(12) User=0.03s Sys=0.00s Real=0.00s
[2025-05-20T23:19:48.371+0000][gc,start    ] GC(13) Pause Young (Normal) (G1 Evacuation Pause)
[2025-05-20T23:19:48.371+0000][gc,task     ] GC(13) Using 10 workers of 10 for evacuation
[2025-05-20T23:19:48.377+0000][gc,phases   ] GC(13)   Pre Evacuate Collection Set: 0.4ms
[2025-05-20T23:19:48.377+0000][gc,phases   ] GC(13)   Merge Heap Roots: 0.2ms
[2025-05-20T23:19:48.378+0000][gc,phases   ] GC(13)   Evacuate Collection Set: 4.0ms
[2025-05-20T23:19:48.378+0000][gc,phases   ] GC(13)   Post Evacuate Collection Set: 1.2ms
[2025-05-20T23:19:48.378+0000][gc,phases   ] GC(13)   Other: 0.3ms
[2025-05-20T23:19:48.378+0000][gc,heap     ] GC(13) Eden regions: 599->0(599)
[2025-05-20T23:19:48.378+0000][gc,heap     ] GC(13) Survivor regions: 15->15(77)
[2025-05-20T23:19:48.378+0000][gc,heap     ] GC(13) Old regions: 14->14
[2025-05-20T23:19:48.378+0000][gc,heap     ] GC(13) Humongous regions: 130->130
[2025-05-20T23:19:48.378+0000][gc,metaspace] GC(13) Metaspace: 15313K(15680K)->15313K(15680K) NonClass: 13458K(13632K)->13458K(13632K) Class: 1854K(2048K)->1854K(2048K)
[2025-05-20T23:19:48.378+0000][gc          ] GC(13) Pause Young (Normal) (G1 Evacuation Pause) 757M->158M(1024M) 7.528ms
[2025-05-20T23:19:48.378+0000][gc,cpu      ] GC(13) User=0.04s Sys=0.00s Real=0.01s
[2025-05-20T23:20:28.377+0000][gc,start    ] GC(14) Pause Young (Normal) (G1 Evacuation Pause)
[2025-05-20T23:20:28.377+0000][gc,task     ] GC(14) Using 10 workers of 10 for evacuation
[2025-05-20T23:20:28.383+0000][gc,phases   ] GC(14)   Pre Evacuate Collection Set: 0.3ms
[2025-05-20T23:20:28.383+0000][gc,phases   ] GC(14)   Merge Heap Roots: 0.2ms
[2025-05-20T23:20:28.384+0000][gc,phases   ] GC(14)   Evacuate Collection Set: 4.4ms
[2025-05-20T23:20:28.384+0000][gc,phases   ] GC(14)   Post Evacuate Collection Set: 1.3ms
[2025-05-20T23:20:28.384+0000][gc,phases   ] GC(14)   Other: 0.3ms
[2025-05-20T23:20:28.384+0000][gc,heap     ] GC(14) Eden regions: 599->0(598)
[2025-05-20T23:20:28.384+0000][gc,heap     ] GC(14) Survivor regions: 15->16(77)
[2025-05-20T23:20:28.384+0000][gc,heap     ] GC(14) Old regions: 14->14
[2025-05-20T23:20:28.384+0000][gc,heap     ] GC(14) Humongous regions: 130->130
[2025-05-20T23:20:28.384+0000][gc,metaspace] GC(14) Metaspace: 15386K(15808K)->15386K(15808K) NonClass: 13528K(13760K)->13528K(13760K) Class: 1858K(2048K)->1858K(2048K)
[2025-05-20T23:20:28.385+0000][gc          ] GC(14) Pause Young (Normal) (G1 Evacuation Pause) 757M->158M(1024M) 8.109ms
[2025-05-20T23:20:28.385+0000][gc,cpu      ] GC(14) User=0.03s Sys=0.01s Real=0.01s
[2025-05-20T23:21:08.362+0000][gc,start    ] GC(15) Pause Young (Normal) (G1 Evacuation Pause)
[2025-05-20T23:21:08.362+0000][gc,task     ] GC(15) Using 10 workers of 10 for evacuation
[2025-05-20T23:21:08.369+0000][gc,phases   ] GC(15)   Pre Evacuate Collection Set: 0.3ms
[2025-05-20T23:21:08.369+0000][gc,phases   ] GC(15)   Merge Heap Roots: 0.2ms
[2025-05-20T23:21:08.369+0000][gc,phases   ] GC(15)   Evacuate Collection Set: 4.4ms
[2025-05-20T23:21:08.369+0000][gc,phases   ] GC(15)   Post Evacuate Collection Set: 1.4ms
[2025-05-20T23:21:08.370+0000][gc,phases   ] GC(15)   Other: 0.4ms
[2025-05-20T23:21:08.370+0000][gc,heap     ] GC(15) Eden regions: 598->0(597)
[2025-05-20T23:21:08.370+0000][gc,heap     ] GC(15) Survivor regions: 16->17(77)
[2025-05-20T23:21:08.370+0000][gc,heap     ] GC(15) Old regions: 14->14
[2025-05-20T23:21:08.370+0000][gc,heap     ] GC(15) Humongous regions: 130->130
[2025-05-20T23:21:08.370+0000][gc,metaspace] GC(15) Metaspace: 15415K(15808K)->15415K(15808K) NonClass: 13557K(13760K)->13557K(13760K) Class: 1858K(2048K)->1858K(2048K)
[2025-05-20T23:21:08.370+0000][gc          ] GC(15) Pause Young (Normal) (G1 Evacuation Pause) 756M->160M(1024M) 8.512ms
[2025-05-20T23:21:08.371+0000][gc,cpu      ] GC(15) User=0.04s Sys=0.01s Real=0.01s
[2025-05-20T23:21:48.400+0000][gc,start    ] GC(16) Pause Young (Normal) (G1 Evacuation Pause)
[2025-05-20T23:21:48.401+0000][gc,task     ] GC(16) Using 10 workers of 10 for evacuation
[2025-05-20T23:21:48.408+0000][gc,phases   ] GC(16)   Pre Evacuate Collection Set: 0.3ms
[2025-05-20T23:21:48.408+0000][gc,phases   ] GC(16)   Merge Heap Roots: 0.2ms
[2025-05-20T23:21:48.408+0000][gc,phases   ] GC(16)   Evacuate Collection Set: 4.7ms
[2025-05-20T23:21:48.408+0000][gc,phases   ] GC(16)   Post Evacuate Collection Set: 1.2ms
[2025-05-20T23:21:48.408+0000][gc,phases   ] GC(16)   Other: 0.4ms
[2025-05-20T23:21:48.408+0000][gc,heap     ] GC(16) Eden regions: 597->0(600)
[2025-05-20T23:21:48.408+0000][gc,heap     ] GC(16) Survivor regions: 17->14(77)
[2025-05-20T23:21:48.409+0000][gc,heap     ] GC(16) Old regions: 14->18
[2025-05-20T23:21:48.409+0000][gc,heap     ] GC(16) Humongous regions: 130->130
[2025-05-20T23:21:48.409+0000][gc,metaspace] GC(16) Metaspace: 15448K(15808K)->15448K(15808K) NonClass: 13589K(13760K)->13589K(13760K) Class: 1858K(2048K)->1858K(2048K)
[2025-05-20T23:21:48.409+0000][gc          ] GC(16) Pause Young (Normal) (G1 Evacuation Pause) 757M->160M(1024M) 8.668ms
[2025-05-20T23:21:48.409+0000][gc,cpu      ] GC(16) User=0.04s Sys=0.01s Real=0.01s
[2025-05-20T23:22:28.424+0000][gc,start    ] GC(17) Pause Young (Normal) (G1 Evacuation Pause)
[2025-05-20T23:22:28.424+0000][gc,task     ] GC(17) Using 10 workers of 10 for evacuation
[2025-05-20T23:22:28.430+0000][gc,phases   ] GC(17)   Pre Evacuate Collection Set: 0.3ms
[2025-05-20T23:22:28.430+0000][gc,phases   ] GC(17)   Merge Heap Roots: 0.2ms
[2025-05-20T23:22:28.431+0000][gc,phases   ] GC(17)   Evacuate Collection Set: 3.9ms
[2025-05-20T23:22:28.431+0000][gc,phases   ] GC(17)   Post Evacuate Collection Set: 1.3ms
[2025-05-20T23:22:28.431+0000][gc,phases   ] GC(17)   Other: 0.4ms
[2025-05-20T23:22:28.431+0000][gc,heap     ] GC(17) Eden regions: 600->0(601)
[2025-05-20T23:22:28.431+0000][gc,heap     ] GC(17) Survivor regions: 14->13(77)
[2025-05-20T23:22:28.431+0000][gc,heap     ] GC(17) Old regions: 18->19
[2025-05-20T23:22:28.431+0000][gc,heap     ] GC(17) Humongous regions: 130->130
[2025-05-20T23:22:28.431+0000][gc,metaspace] GC(17) Metaspace: 15453K(15808K)->15453K(15808K) NonClass: 13595K(13760K)->13595K(13760K) Class: 1858K(2048K)->1858K(2048K)
[2025-05-20T23:22:28.432+0000][gc          ] GC(17) Pause Young (Normal) (G1 Evacuation Pause) 760M->161M(1024M) 7.949ms
[2025-05-20T23:22:28.432+0000][gc,cpu      ] GC(17) User=0.03s Sys=0.01s Real=0.01s
[2025-05-20T23:23:08.420+0000][gc,start    ] GC(18) Pause Young (Normal) (G1 Evacuation Pause)
[2025-05-20T23:23:08.420+0000][gc,task     ] GC(18) Using 10 workers of 10 for evacuation
[2025-05-20T23:23:08.427+0000][gc,phases   ] GC(18)   Pre Evacuate Collection Set: 0.3ms
[2025-05-20T23:23:08.427+0000][gc,phases   ] GC(18)   Merge Heap Roots: 0.2ms
[2025-05-20T23:23:08.427+0000][gc,phases   ] GC(18)   Evacuate Collection Set: 4.7ms
[2025-05-20T23:23:08.427+0000][gc,phases   ] GC(18)   Post Evacuate Collection Set: 1.1ms
[2025-05-20T23:23:08.427+0000][gc,phases   ] GC(18)   Other: 0.3ms
[2025-05-20T23:23:08.428+0000][gc,heap     ] GC(18) Eden regions: 601->0(607)
[2025-05-20T23:23:08.428+0000][gc,heap     ] GC(18) Survivor regions: 13->7(77)
[2025-05-20T23:23:08.428+0000][gc,heap     ] GC(18) Old regions: 19->23
[2025-05-20T23:23:08.428+0000][gc,heap     ] GC(18) Humongous regions: 130->130
[2025-05-20T23:23:08.428+0000][gc,metaspace] GC(18) Metaspace: 15489K(15872K)->15489K(15872K) NonClass: 13630K(13824K)->13630K(13824K) Class: 1859K(2048K)->1859K(2048K)
[2025-05-20T23:23:08.428+0000][gc          ] GC(18) Pause Young (Normal) (G1 Evacuation Pause) 762M->158M(1024M) 8.777ms
[2025-05-20T23:23:08.429+0000][gc,cpu      ] GC(18) User=0.04s Sys=0.00s Real=0.01s
[2025-05-20T23:23:57.910+0000][gc,start    ] GC(19) Pause Young (Normal) (G1 Evacuation Pause)
[2025-05-20T23:23:57.910+0000][gc,task     ] GC(19) Using 10 workers of 10 for evacuation
[2025-05-20T23:23:57.914+0000][gc,phases   ] GC(19)   Pre Evacuate Collection Set: 0.3ms
[2025-05-20T23:23:57.915+0000][gc,phases   ] GC(19)   Merge Heap Roots: 0.2ms
[2025-05-20T23:23:57.915+0000][gc,phases   ] GC(19)   Evacuate Collection Set: 2.2ms
[2025-05-20T23:23:57.915+0000][gc,phases   ] GC(19)   Post Evacuate Collection Set: 1.1ms
[2025-05-20T23:23:57.915+0000][gc,phases   ] GC(19)   Other: 0.3ms
[2025-05-20T23:23:57.915+0000][gc,heap     ] GC(19) Eden regions: 607->0(610)
[2025-05-20T23:23:57.915+0000][gc,heap     ] GC(19) Survivor regions: 7->4(77)
[2025-05-20T23:23:57.916+0000][gc,heap     ] GC(19) Old regions: 23->23
[2025-05-20T23:23:57.916+0000][gc,heap     ] GC(19) Humongous regions: 130->130
[2025-05-20T23:23:57.916+0000][gc,metaspace] GC(19) Metaspace: 15585K(15936K)->15585K(15936K) NonClass: 13721K(13888K)->13721K(13888K) Class: 1863K(2048K)->1863K(2048K)
[2025-05-20T23:23:57.916+0000][gc          ] GC(19) Pause Young (Normal) (G1 Evacuation Pause) 765M->156M(1024M) 6.208ms
[2025-05-20T23:23:57.916+0000][gc,cpu      ] GC(19) User=0.02s Sys=0.00s Real=0.01s
[2025-05-20T23:24:37.972+0000][gc,start    ] GC(20) Pause Young (Normal) (G1 Evacuation Pause)
[2025-05-20T23:24:37.972+0000][gc,task     ] GC(20) Using 10 workers of 10 for evacuation
[2025-05-20T23:24:37.976+0000][gc,phases   ] GC(20)   Pre Evacuate Collection Set: 0.4ms
[2025-05-20T23:24:37.976+0000][gc,phases   ] GC(20)   Merge Heap Roots: 0.3ms
[2025-05-20T23:24:37.976+0000][gc,phases   ] GC(20)   Evacuate Collection Set: 1.9ms
[2025-05-20T23:24:37.976+0000][gc,phases   ] GC(20)   Post Evacuate Collection Set: 0.9ms
[2025-05-20T23:24:37.977+0000][gc,phases   ] GC(20)   Other: 0.3ms
[2025-05-20T23:24:37.977+0000][gc,heap     ] GC(20) Eden regions: 610->0(609)
[2025-05-20T23:24:37.977+0000][gc,heap     ] GC(20) Survivor regions: 4->5(77)
[2025-05-20T23:24:37.977+0000][gc,heap     ] GC(20) Old regions: 23->23
[2025-05-20T23:24:37.977+0000][gc,heap     ] GC(20) Humongous regions: 130->130
[2025-05-20T23:24:37.977+0000][gc,metaspace] GC(20) Metaspace: 15590K(15936K)->15590K(15936K) NonClass: 13726K(13888K)->13726K(13888K) Class: 1863K(2048K)->1863K(2048K)
[2025-05-20T23:24:37.977+0000][gc          ] GC(20) Pause Young (Normal) (G1 Evacuation Pause) 766M->157M(1024M) 5.670ms
[2025-05-20T23:24:37.978+0000][gc,cpu      ] GC(20) User=0.02s Sys=0.00s Real=0.01s
[2025-05-20T23:25:18.032+0000][gc,start    ] GC(21) Pause Young (Normal) (G1 Evacuation Pause)
[2025-05-20T23:25:18.033+0000][gc,task     ] GC(21) Using 10 workers of 10 for evacuation
[2025-05-20T23:25:18.036+0000][gc,phases   ] GC(21)   Pre Evacuate Collection Set: 0.3ms
[2025-05-20T23:25:18.037+0000][gc,phases   ] GC(21)   Merge Heap Roots: 0.2ms
[2025-05-20T23:25:18.037+0000][gc,phases   ] GC(21)   Evacuate Collection Set: 2.0ms
[2025-05-20T23:25:18.037+0000][gc,phases   ] GC(21)   Post Evacuate Collection Set: 1.0ms
[2025-05-20T23:25:18.037+0000][gc,phases   ] GC(21)   Other: 0.3ms
[2025-05-20T23:25:18.037+0000][gc,heap     ] GC(21) Eden regions: 609->0(608)
[2025-05-20T23:25:18.037+0000][gc,heap     ] GC(21) Survivor regions: 5->6(77)
[2025-05-20T23:25:18.038+0000][gc,heap     ] GC(21) Old regions: 23->23
[2025-05-20T23:25:18.038+0000][gc,heap     ] GC(21) Humongous regions: 130->130
[2025-05-20T23:25:18.038+0000][gc,metaspace] GC(21) Metaspace: 15599K(16000K)->15599K(16000K) NonClass: 13736K(13952K)->13736K(13952K) Class: 1863K(2048K)->1863K(2048K)
[2025-05-20T23:25:18.038+0000][gc          ] GC(21) Pause Young (Normal) (G1 Evacuation Pause) 766M->158M(1024M) 5.561ms
[2025-05-20T23:25:18.038+0000][gc,cpu      ] GC(21) User=0.02s Sys=0.00s Real=0.00s
[2025-05-20T23:25:58.088+0000][gc,start    ] GC(22) Pause Young (Normal) (G1 Evacuation Pause)
[2025-05-20T23:25:58.088+0000][gc,task     ] GC(22) Using 10 workers of 10 for evacuation
[2025-05-20T23:25:58.094+0000][gc,phases   ] GC(22)   Pre Evacuate Collection Set: 0.5ms
[2025-05-20T23:25:58.094+0000][gc,phases   ] GC(22)   Merge Heap Roots: 0.3ms
[2025-05-20T23:25:58.094+0000][gc,phases   ] GC(22)   Evacuate Collection Set: 3.2ms
[2025-05-20T23:25:58.094+0000][gc,phases   ] GC(22)   Post Evacuate Collection Set: 1.0ms
[2025-05-20T23:25:58.094+0000][gc,phases   ] GC(22)   Other: 0.4ms
[2025-05-20T23:25:58.095+0000][gc,heap     ] GC(22) Eden regions: 608->0(607)
[2025-05-20T23:25:58.095+0000][gc,heap     ] GC(22) Survivor regions: 6->7(77)
[2025-05-20T23:25:58.095+0000][gc,heap     ] GC(22) Old regions: 23->24
[2025-05-20T23:25:58.095+0000][gc,heap     ] GC(22) Humongous regions: 130->130
[2025-05-20T23:25:58.095+0000][gc,metaspace] GC(22) Metaspace: 15616K(16000K)->15616K(16000K) NonClass: 13752K(13952K)->13752K(13952K) Class: 1863K(2048K)->1863K(2048K)
[2025-05-20T23:25:58.095+0000][gc          ] GC(22) Pause Young (Normal) (G1 Evacuation Pause) 766M->159M(1024M) 7.166ms
[2025-05-20T23:25:58.095+0000][gc,cpu      ] GC(22) User=0.00s Sys=0.03s Real=0.01s
[2025-05-20T23:26:38.135+0000][gc,start    ] GC(23) Pause Young (Normal) (G1 Evacuation Pause)
[2025-05-20T23:26:38.135+0000][gc,task     ] GC(23) Using 10 workers of 10 for evacuation
[2025-05-20T23:26:38.139+0000][gc,phases   ] GC(23)   Pre Evacuate Collection Set: 0.3ms
[2025-05-20T23:26:38.140+0000][gc,phases   ] GC(23)   Merge Heap Roots: 0.2ms
[2025-05-20T23:26:38.140+0000][gc,phases   ] GC(23)   Evacuate Collection Set: 2.4ms
[2025-05-20T23:26:38.140+0000][gc,phases   ] GC(23)   Post Evacuate Collection Set: 1.0ms
[2025-05-20T23:26:38.140+0000][gc,phases   ] GC(23)   Other: 0.3ms
[2025-05-20T23:26:38.140+0000][gc,heap     ] GC(23) Eden regions: 607->0(606)
[2025-05-20T23:26:38.140+0000][gc,heap     ] GC(23) Survivor regions: 7->8(77)
[2025-05-20T23:26:38.141+0000][gc,heap     ] GC(23) Old regions: 24->24
[2025-05-20T23:26:38.141+0000][gc,heap     ] GC(23) Humongous regions: 130->130
[2025-05-20T23:26:38.141+0000][gc,metaspace] GC(23) Metaspace: 15642K(16064K)->15642K(16064K) NonClass: 13778K(14016K)->13778K(14016K) Class: 1863K(2048K)->1863K(2048K)
[2025-05-20T23:26:38.141+0000][gc          ] GC(23) Pause Young (Normal) (G1 Evacuation Pause) 766M->160M(1024M) 6.474ms
[2025-05-20T23:26:38.141+0000][gc,cpu      ] GC(23) User=0.01s Sys=0.01s Real=0.01s
[2025-05-20T23:27:18.216+0000][gc,start    ] GC(24) Pause Young (Normal) (G1 Evacuation Pause)
[2025-05-20T23:27:18.216+0000][gc,task     ] GC(24) Using 10 workers of 10 for evacuation
[2025-05-20T23:27:18.220+0000][gc,phases   ] GC(24)   Pre Evacuate Collection Set: 0.5ms
[2025-05-20T23:27:18.220+0000][gc,phases   ] GC(24)   Merge Heap Roots: 0.3ms
[2025-05-20T23:27:18.221+0000][gc,phases   ] GC(24)   Evacuate Collection Set: 1.8ms
[2025-05-20T23:27:18.221+0000][gc,phases   ] GC(24)   Post Evacuate Collection Set: 1.0ms
[2025-05-20T23:27:18.221+0000][gc,phases   ] GC(24)   Other: 0.3ms
[2025-05-20T23:27:18.221+0000][gc,heap     ] GC(24) Eden regions: 606->0(609)
[2025-05-20T23:27:18.221+0000][gc,heap     ] GC(24) Survivor regions: 8->5(77)
[2025-05-20T23:27:18.221+0000][gc,heap     ] GC(24) Old regions: 24->24
[2025-05-20T23:27:18.221+0000][gc,heap     ] GC(24) Humongous regions: 130->130
[2025-05-20T23:27:18.221+0000][gc,metaspace] GC(24) Metaspace: 15691K(16064K)->15691K(16064K) NonClass: 13827K(14016K)->13827K(14016K) Class: 1863K(2048K)->1863K(2048K)
[2025-05-20T23:27:18.222+0000][gc          ] GC(24) Pause Young (Normal) (G1 Evacuation Pause) 766M->157M(1024M) 5.729ms
[2025-05-20T23:27:18.222+0000][gc,cpu      ] GC(24) User=0.01s Sys=0.01s Real=0.01s
[2025-05-20T23:27:58.252+0000][gc,start    ] GC(25) Pause Young (Normal) (G1 Evacuation Pause)
[2025-05-20T23:27:58.252+0000][gc,task     ] GC(25) Using 10 workers of 10 for evacuation
[2025-05-20T23:27:58.256+0000][gc,phases   ] GC(25)   Pre Evacuate Collection Set: 0.4ms
[2025-05-20T23:27:58.257+0000][gc,phases   ] GC(25)   Merge Heap Roots: 0.2ms
[2025-05-20T23:27:58.257+0000][gc,phases   ] GC(25)   Evacuate Collection Set: 2.1ms
[2025-05-20T23:27:58.257+0000][gc,phases   ] GC(25)   Post Evacuate Collection Set: 1.0ms
[2025-05-20T23:27:58.257+0000][gc,phases   ] GC(25)   Other: 0.3ms
[2025-05-20T23:27:58.257+0000][gc,heap     ] GC(25) Eden regions: 609->0(608)
[2025-05-20T23:27:58.257+0000][gc,heap     ] GC(25) Survivor regions: 5->6(77)
[2025-05-20T23:27:58.258+0000][gc,heap     ] GC(25) Old regions: 24->24
[2025-05-20T23:27:58.258+0000][gc,heap     ] GC(25) Humongous regions: 130->130
[2025-05-20T23:27:58.258+0000][gc,metaspace] GC(25) Metaspace: 15699K(16064K)->15699K(16064K) NonClass: 13835K(14016K)->13835K(14016K) Class: 1863K(2048K)->1863K(2048K)
[2025-05-20T23:27:58.258+0000][gc          ] GC(25) Pause Young (Normal) (G1 Evacuation Pause) 766M->158M(1024M) 5.840ms
[2025-05-20T23:27:58.258+0000][gc,cpu      ] GC(25) User=0.02s Sys=0.00s Real=0.01s
[2025-05-20T23:28:38.307+0000][gc,start    ] GC(26) Pause Young (Normal) (G1 Evacuation Pause)
[2025-05-20T23:28:38.307+0000][gc,task     ] GC(26) Using 10 workers of 10 for evacuation
[2025-05-20T23:28:38.311+0000][gc,phases   ] GC(26)   Pre Evacuate Collection Set: 0.3ms
[2025-05-20T23:28:38.311+0000][gc,phases   ] GC(26)   Merge Heap Roots: 0.2ms
[2025-05-20T23:28:38.312+0000][gc,phases   ] GC(26)   Evacuate Collection Set: 2.0ms
[2025-05-20T23:28:38.312+0000][gc,phases   ] GC(26)   Post Evacuate Collection Set: 0.9ms
[2025-05-20T23:28:38.312+0000][gc,phases   ] GC(26)   Other: 0.3ms
[2025-05-20T23:28:38.312+0000][gc,heap     ] GC(26) Eden regions: 608->0(607)
[2025-05-20T23:28:38.312+0000][gc,heap     ] GC(26) Survivor regions: 6->7(77)
[2025-05-20T23:28:38.312+0000][gc,heap     ] GC(26) Old regions: 24->24
[2025-05-20T23:28:38.313+0000][gc,heap     ] GC(26) Humongous regions: 130->130
[2025-05-20T23:28:38.313+0000][gc,metaspace] GC(26) Metaspace: 15708K(16064K)->15708K(16064K) NonClass: 13845K(14016K)->13845K(14016K) Class: 1863K(2048K)->1863K(2048K)
[2025-05-20T23:28:38.313+0000][gc          ] GC(26) Pause Young (Normal) (G1 Evacuation Pause) 766M->159M(1024M) 5.940ms
[2025-05-20T23:28:38.313+0000][gc,cpu      ] GC(26) User=0.02s Sys=0.00s Real=0.00s
[2025-05-20T23:29:18.359+0000][gc,start    ] GC(27) Pause Young (Normal) (G1 Evacuation Pause)
[2025-05-20T23:29:18.359+0000][gc,task     ] GC(27) Using 10 workers of 10 for evacuation
[2025-05-20T23:29:18.364+0000][gc,phases   ] GC(27)   Pre Evacuate Collection Set: 0.4ms
[2025-05-20T23:29:18.364+0000][gc,phases   ] GC(27)   Merge Heap Roots: 0.3ms
[2025-05-20T23:29:18.364+0000][gc,phases   ] GC(27)   Evacuate Collection Set: 2.3ms
[2025-05-20T23:29:18.364+0000][gc,phases   ] GC(27)   Post Evacuate Collection Set: 0.9ms
[2025-05-20T23:29:18.364+0000][gc,phases   ] GC(27)   Other: 0.3ms
[2025-05-20T23:29:18.365+0000][gc,heap     ] GC(27) Eden regions: 607->0(606)
[2025-05-20T23:29:18.365+0000][gc,heap     ] GC(27) Survivor regions: 7->8(77)
[2025-05-20T23:29:18.365+0000][gc,heap     ] GC(27) Old regions: 24->24
[2025-05-20T23:29:18.365+0000][gc,heap     ] GC(27) Humongous regions: 130->130
[2025-05-20T23:29:18.365+0000][gc,metaspace] GC(27) Metaspace: 15720K(16128K)->15720K(16128K) NonClass: 13856K(14080K)->13856K(14080K) Class: 1863K(2048K)->1863K(2048K)
[2025-05-20T23:29:18.365+0000][gc          ] GC(27) Pause Young (Normal) (G1 Evacuation Pause) 766M->161M(1024M) 6.212ms
[2025-05-20T23:29:18.366+0000][gc,cpu      ] GC(27) User=0.03s Sys=0.00s Real=0.01s
[2025-05-20T23:29:58.437+0000][gc,start    ] GC(28) Pause Young (Normal) (G1 Evacuation Pause)
[2025-05-20T23:29:58.437+0000][gc,task     ] GC(28) Using 10 workers of 10 for evacuation
[2025-05-20T23:29:58.442+0000][gc,phases   ] GC(28)   Pre Evacuate Collection Set: 0.4ms
[2025-05-20T23:29:58.442+0000][gc,phases   ] GC(28)   Merge Heap Roots: 0.2ms
[2025-05-20T23:29:58.442+0000][gc,phases   ] GC(28)   Evacuate Collection Set: 2.8ms
[2025-05-20T23:29:58.442+0000][gc,phases   ] GC(28)   Post Evacuate Collection Set: 0.9ms
[2025-05-20T23:29:58.442+0000][gc,phases   ] GC(28)   Other: 0.3ms
[2025-05-20T23:29:58.442+0000][gc,heap     ] GC(28) Eden regions: 606->0(605)
[2025-05-20T23:29:58.443+0000][gc,heap     ] GC(28) Survivor regions: 8->9(77)
[2025-05-20T23:29:58.443+0000][gc,heap     ] GC(28) Old regions: 24->24
[2025-05-20T23:29:58.443+0000][gc,heap     ] GC(28) Humongous regions: 130->130
[2025-05-20T23:29:58.443+0000][gc,metaspace] GC(28) Metaspace: 15740K(16128K)->15740K(16128K) NonClass: 13877K(14080K)->13877K(14080K) Class: 1863K(2048K)->1863K(2048K)
[2025-05-20T23:29:58.443+0000][gc          ] GC(28) Pause Young (Normal) (G1 Evacuation Pause) 767M->162M(1024M) 6.514ms
[2025-05-20T23:29:58.443+0000][gc,cpu      ] GC(28) User=0.03s Sys=0.00s Real=0.01s
[2025-05-20T23:30:47.902+0000][gc,start    ] GC(29) Pause Young (Normal) (G1 Evacuation Pause)
[2025-05-20T23:30:47.902+0000][gc,task     ] GC(29) Using 10 workers of 10 for evacuation
[2025-05-20T23:30:47.907+0000][gc,phases   ] GC(29)   Pre Evacuate Collection Set: 0.4ms
[2025-05-20T23:30:47.907+0000][gc,phases   ] GC(29)   Merge Heap Roots: 0.3ms
[2025-05-20T23:30:47.907+0000][gc,phases   ] GC(29)   Evacuate Collection Set: 2.5ms
[2025-05-20T23:30:47.908+0000][gc,phases   ] GC(29)   Post Evacuate Collection Set: 1.0ms
[2025-05-20T23:30:47.908+0000][gc,phases   ] GC(29)   Other: 0.4ms
[2025-05-20T23:30:47.908+0000][gc,heap     ] GC(29) Eden regions: 605->0(607)
[2025-05-20T23:30:47.908+0000][gc,heap     ] GC(29) Survivor regions: 9->7(77)
[2025-05-20T23:30:47.908+0000][gc,heap     ] GC(29) Old regions: 24->24
[2025-05-20T23:30:47.908+0000][gc,heap     ] GC(29) Humongous regions: 130->130
[2025-05-20T23:30:47.909+0000][gc,metaspace] GC(29) Metaspace: 15772K(16128K)->15772K(16128K) NonClass: 13907K(14080K)->13907K(14080K) Class: 1864K(2048K)->1864K(2048K)
[2025-05-20T23:30:47.909+0000][gc          ] GC(29) Pause Young (Normal) (G1 Evacuation Pause) 767M->160M(1024M) 7.310ms
[2025-05-20T23:30:47.909+0000][gc,cpu      ] GC(29) User=0.03s Sys=0.00s Real=0.01s
[2025-05-20T23:31:27.963+0000][gc,start    ] GC(30) Pause Young (Normal) (G1 Evacuation Pause)
[2025-05-20T23:31:27.964+0000][gc,task     ] GC(30) Using 10 workers of 10 for evacuation
[2025-05-20T23:31:27.969+0000][gc,phases   ] GC(30)   Pre Evacuate Collection Set: 0.4ms
[2025-05-20T23:31:27.969+0000][gc,phases   ] GC(30)   Merge Heap Roots: 0.3ms
[2025-05-20T23:31:27.969+0000][gc,phases   ] GC(30)   Evacuate Collection Set: 2.9ms
[2025-05-20T23:31:27.970+0000][gc,phases   ] GC(30)   Post Evacuate Collection Set: 1.0ms
[2025-05-20T23:31:27.970+0000][gc,phases   ] GC(30)   Other: 0.4ms
[2025-05-20T23:31:27.970+0000][gc,heap     ] GC(30) Eden regions: 607->0(606)
[2025-05-20T23:31:27.970+0000][gc,heap     ] GC(30) Survivor regions: 7->8(77)
[2025-05-20T23:31:27.970+0000][gc,heap     ] GC(30) Old regions: 24->24
[2025-05-20T23:31:27.970+0000][gc,heap     ] GC(30) Humongous regions: 130->130
[2025-05-20T23:31:27.971+0000][gc,metaspace] GC(30) Metaspace: 15779K(16128K)->15779K(16128K) NonClass: 13914K(14080K)->13914K(14080K) Class: 1864K(2048K)->1864K(2048K)
[2025-05-20T23:31:27.971+0000][gc          ] GC(30) Pause Young (Normal) (G1 Evacuation Pause) 767M->161M(1024M) 7.455ms
[2025-05-20T23:31:27.971+0000][gc,cpu      ] GC(30) User=0.03s Sys=0.00s Real=0.01s
[2025-05-20T23:32:01.494+0000][gc,start    ] GC(31) Pause Young (Normal) (G1 Evacuation Pause)
[2025-05-20T23:32:01.495+0000][gc,task     ] GC(31) Using 10 workers of 10 for evacuation
[2025-05-20T23:32:01.500+0000][gc,phases   ] GC(31)   Pre Evacuate Collection Set: 0.4ms
[2025-05-20T23:32:01.501+0000][gc,phases   ] GC(31)   Merge Heap Roots: 0.2ms
[2025-05-20T23:32:01.501+0000][gc,phases   ] GC(31)   Evacuate Collection Set: 2.7ms
[2025-05-20T23:32:01.501+0000][gc,phases   ] GC(31)   Post Evacuate Collection Set: 1.2ms
[2025-05-20T23:32:01.502+0000][gc,phases   ] GC(31)   Other: 0.4ms
[2025-05-20T23:32:01.502+0000][gc,heap     ] GC(31) Eden regions: 606->0(607)
[2025-05-20T23:32:01.502+0000][gc,heap     ] GC(31) Survivor regions: 8->7(77)
[2025-05-20T23:32:01.502+0000][gc,heap     ] GC(31) Old regions: 24->24
[2025-05-20T23:32:01.502+0000][gc,heap     ] GC(31) Humongous regions: 130->130
[2025-05-20T23:32:01.503+0000][gc,metaspace] GC(31) Metaspace: 16201K(16640K)->16201K(16640K) NonClass: 14302K(14528K)->14302K(14528K) Class: 1898K(2112K)->1898K(2112K)
[2025-05-20T23:32:01.503+0000][gc          ] GC(31) Pause Young (Normal) (G1 Evacuation Pause) 767M->159M(1024M) 9.239ms
[2025-05-20T23:32:01.503+0000][gc,cpu      ] GC(31) User=0.02s Sys=0.01s Real=0.01s
[2025-05-20T23:32:27.947+0000][gc,start    ] GC(32) Pause Young (Normal) (G1 Evacuation Pause)
[2025-05-20T23:32:27.948+0000][gc,task     ] GC(32) Using 10 workers of 10 for evacuation
[2025-05-20T23:32:27.955+0000][gc,phases   ] GC(32)   Pre Evacuate Collection Set: 0.3ms
[2025-05-20T23:32:27.955+0000][gc,phases   ] GC(32)   Merge Heap Roots: 0.2ms
[2025-05-20T23:32:27.956+0000][gc,phases   ] GC(32)   Evacuate Collection Set: 5.5ms
[2025-05-20T23:32:27.956+0000][gc,phases   ] GC(32)   Post Evacuate Collection Set: 1.2ms
[2025-05-20T23:32:27.956+0000][gc,phases   ] GC(32)   Other: 0.3ms
[2025-05-20T23:32:27.956+0000][gc,heap     ] GC(32) Eden regions: 607->0(600)
[2025-05-20T23:32:27.956+0000][gc,heap     ] GC(32) Survivor regions: 7->14(77)
[2025-05-20T23:32:27.956+0000][gc,heap     ] GC(32) Old regions: 24->24
[2025-05-20T23:32:27.956+0000][gc,heap     ] GC(32) Humongous regions: 131->130
[2025-05-20T23:32:27.957+0000][gc,metaspace] GC(32) Metaspace: 16414K(16768K)->16414K(16768K) NonClass: 14514K(14656K)->14514K(14656K) Class: 1900K(2112K)->1900K(2112K)
[2025-05-20T23:32:27.957+0000][gc          ] GC(32) Pause Young (Normal) (G1 Evacuation Pause) 767M->167M(1024M) 9.458ms
[2025-05-20T23:32:27.957+0000][gc,cpu      ] GC(32) User=0.05s Sys=0.00s Real=0.01s
[2025-05-20T23:32:48.409+0000][gc,start    ] GC(33) Pause Young (Normal) (G1 Evacuation Pause)
[2025-05-20T23:32:48.409+0000][gc,task     ] GC(33) Using 10 workers of 10 for evacuation
[2025-05-20T23:32:48.416+0000][gc,phases   ] GC(33)   Pre Evacuate Collection Set: 0.4ms
[2025-05-20T23:32:48.416+0000][gc,phases   ] GC(33)   Merge Heap Roots: 0.2ms
[2025-05-20T23:32:48.417+0000][gc,phases   ] GC(33)   Evacuate Collection Set: 5.0ms
[2025-05-20T23:32:48.417+0000][gc,phases   ] GC(33)   Post Evacuate Collection Set: 1.3ms
[2025-05-20T23:32:48.417+0000][gc,phases   ] GC(33)   Other: 0.3ms
[2025-05-20T23:32:48.417+0000][gc,heap     ] GC(33) Eden regions: 600->0(596)
[2025-05-20T23:32:48.417+0000][gc,heap     ] GC(33) Survivor regions: 14->18(77)
[2025-05-20T23:32:48.418+0000][gc,heap     ] GC(33) Old regions: 24->25
[2025-05-20T23:32:48.418+0000][gc,heap     ] GC(33) Humongous regions: 130->130
[2025-05-20T23:32:48.418+0000][gc,metaspace] GC(33) Metaspace: 16420K(16832K)->16420K(16832K) NonClass: 14520K(14720K)->14520K(14720K) Class: 1900K(2112K)->1900K(2112K)
[2025-05-20T23:32:48.418+0000][gc          ] GC(33) Pause Young (Normal) (G1 Evacuation Pause) 767M->171M(1024M) 9.452ms
[2025-05-20T23:32:48.418+0000][gc,cpu      ] GC(33) User=0.05s Sys=0.00s Real=0.01s
[2025-05-20T23:33:12.255+0000][gc,start    ] GC(34) Pause Young (Normal) (G1 Evacuation Pause)
[2025-05-20T23:33:12.255+0000][gc,task     ] GC(34) Using 10 workers of 10 for evacuation
[2025-05-20T23:33:12.261+0000][gc,phases   ] GC(34)   Pre Evacuate Collection Set: 0.4ms
[2025-05-20T23:33:12.261+0000][gc,phases   ] GC(34)   Merge Heap Roots: 0.2ms
[2025-05-20T23:33:12.261+0000][gc,phases   ] GC(34)   Evacuate Collection Set: 3.6ms
[2025-05-20T23:33:12.261+0000][gc,phases   ] GC(34)   Post Evacuate Collection Set: 1.1ms
[2025-05-20T23:33:12.262+0000][gc,phases   ] GC(34)   Other: 0.3ms
[2025-05-20T23:33:12.262+0000][gc,heap     ] GC(34) Eden regions: 596->0(602)
[2025-05-20T23:33:12.262+0000][gc,heap     ] GC(34) Survivor regions: 18->12(77)
[2025-05-20T23:33:12.262+0000][gc,heap     ] GC(34) Old regions: 25->25
[2025-05-20T23:33:12.262+0000][gc,heap     ] GC(34) Humongous regions: 130->130
[2025-05-20T23:33:12.262+0000][gc,metaspace] GC(34) Metaspace: 16422K(16896K)->16422K(16896K) NonClass: 14521K(14784K)->14521K(14784K) Class: 1900K(2112K)->1900K(2112K)
[2025-05-20T23:33:12.263+0000][gc          ] GC(34) Pause Young (Normal) (G1 Evacuation Pause) 767M->166M(1024M) 7.966ms
[2025-05-20T23:33:12.263+0000][gc,cpu      ] GC(34) User=0.03s Sys=0.02s Real=0.01s
[2025-05-20T23:33:37.976+0000][gc,start    ] GC(35) Pause Young (Normal) (G1 Evacuation Pause)
[2025-05-20T23:33:37.976+0000][gc,task     ] GC(35) Using 10 workers of 10 for evacuation
[2025-05-20T23:33:37.983+0000][gc,phases   ] GC(35)   Pre Evacuate Collection Set: 0.4ms
[2025-05-20T23:33:37.984+0000][gc,phases   ] GC(35)   Merge Heap Roots: 0.2ms
[2025-05-20T23:33:37.984+0000][gc,phases   ] GC(35)   Evacuate Collection Set: 5.4ms
[2025-05-20T23:33:37.984+0000][gc,phases   ] GC(35)   Post Evacuate Collection Set: 1.0ms
[2025-05-20T23:33:37.984+0000][gc,phases   ] GC(35)   Other: 0.3ms
[2025-05-20T23:33:37.984+0000][gc,heap     ] GC(35) Eden regions: 602->0(595)
[2025-05-20T23:33:37.985+0000][gc,heap     ] GC(35) Survivor regions: 12->19(77)
[2025-05-20T23:33:37.985+0000][gc,heap     ] GC(35) Old regions: 25->25
[2025-05-20T23:33:37.985+0000][gc,heap     ] GC(35) Humongous regions: 130->130
[2025-05-20T23:33:37.985+0000][gc,metaspace] GC(35) Metaspace: 16607K(17024K)->16607K(17024K) NonClass: 14664K(14912K)->14664K(14912K) Class: 1942K(2112K)->1942K(2112K)
[2025-05-20T23:33:37.985+0000][gc          ] GC(35) Pause Young (Normal) (G1 Evacuation Pause) 768M->172M(1024M) 9.664ms
[2025-05-20T23:33:37.986+0000][gc,cpu      ] GC(35) User=0.05s Sys=0.00s Real=0.01s
[2025-05-20T23:34:08.034+0000][gc,start    ] GC(36) Pause Young (Normal) (G1 Evacuation Pause)
[2025-05-20T23:34:08.034+0000][gc,task     ] GC(36) Using 10 workers of 10 for evacuation
[2025-05-20T23:34:08.041+0000][gc,phases   ] GC(36)   Pre Evacuate Collection Set: 0.3ms
[2025-05-20T23:34:08.041+0000][gc,phases   ] GC(36)   Merge Heap Roots: 0.3ms
[2025-05-20T23:34:08.042+0000][gc,phases   ] GC(36)   Evacuate Collection Set: 4.9ms
[2025-05-20T23:34:08.042+0000][gc,phases   ] GC(36)   Post Evacuate Collection Set: 1.0ms
[2025-05-20T23:34:08.042+0000][gc,phases   ] GC(36)   Other: 0.3ms
[2025-05-20T23:34:08.042+0000][gc,heap     ] GC(36) Eden regions: 595->0(594)
[2025-05-20T23:34:08.042+0000][gc,heap     ] GC(36) Survivor regions: 19->20(77)
[2025-05-20T23:34:08.042+0000][gc,heap     ] GC(36) Old regions: 25->25
[2025-05-20T23:34:08.043+0000][gc,heap     ] GC(36) Humongous regions: 130->130
[2025-05-20T23:34:08.043+0000][gc,metaspace] GC(36) Metaspace: 16720K(17152K)->16720K(17152K) NonClass: 14760K(14976K)->14760K(14976K) Class: 1960K(2176K)->1960K(2176K)
[2025-05-20T23:34:08.043+0000][gc          ] GC(36) Pause Young (Normal) (G1 Evacuation Pause) 767M->174M(1024M) 9.101ms
[2025-05-20T23:34:08.043+0000][gc,cpu      ] GC(36) User=0.05s Sys=0.00s Real=0.01s
[2025-05-20T23:34:38.074+0000][gc,start    ] GC(37) Pause Young (Concurrent Start) (CodeCache GC Threshold)
[2025-05-20T23:34:38.074+0000][gc,task     ] GC(37) Using 10 workers of 10 for evacuation
[2025-05-20T23:34:38.080+0000][gc,phases   ] GC(37)   Pre Evacuate Collection Set: 0.5ms
[2025-05-20T23:34:38.080+0000][gc,phases   ] GC(37)   Merge Heap Roots: 0.2ms
[2025-05-20T23:34:38.080+0000][gc,phases   ] GC(37)   Evacuate Collection Set: 3.9ms
[2025-05-20T23:34:38.080+0000][gc,phases   ] GC(37)   Post Evacuate Collection Set: 1.0ms
[2025-05-20T23:34:38.081+0000][gc,phases   ] GC(37)   Other: 0.4ms
[2025-05-20T23:34:38.081+0000][gc,heap     ] GC(37) Eden regions: 479->0(599)
[2025-05-20T23:34:38.081+0000][gc,heap     ] GC(37) Survivor regions: 20->15(77)
[2025-05-20T23:34:38.081+0000][gc,heap     ] GC(37) Old regions: 25->25
[2025-05-20T23:34:38.081+0000][gc,heap     ] GC(37) Humongous regions: 130->130
[2025-05-20T23:34:38.081+0000][gc,metaspace] GC(37) Metaspace: 16844K(17408K)->16844K(17408K) NonClass: 14866K(15168K)->14866K(15168K) Class: 1978K(2240K)->1978K(2240K)
[2025-05-20T23:34:38.082+0000][gc          ] GC(37) Pause Young (Concurrent Start) (CodeCache GC Threshold) 652M->169M(1024M) 7.792ms
[2025-05-20T23:34:38.082+0000][gc,cpu      ] GC(37) User=0.04s Sys=0.00s Real=0.01s
[2025-05-20T23:34:38.082+0000][gc          ] GC(38) Concurrent Mark Cycle
[2025-05-20T23:34:38.082+0000][gc,marking  ] GC(38) Concurrent Scan Root Regions
[2025-05-20T23:34:38.086+0000][gc,marking  ] GC(38) Concurrent Scan Root Regions 3.668ms
[2025-05-20T23:34:38.086+0000][gc,marking  ] GC(38) Concurrent Mark
[2025-05-20T23:34:38.086+0000][gc,marking  ] GC(38) Concurrent Mark From Roots
[2025-05-20T23:34:38.086+0000][gc,task     ] GC(38) Using 3 workers of 3 for marking
[2025-05-20T23:34:38.096+0000][gc,marking  ] GC(38) Concurrent Mark From Roots 9.878ms
[2025-05-20T23:34:38.096+0000][gc,marking  ] GC(38) Concurrent Preclean
[2025-05-20T23:34:38.097+0000][gc,marking  ] GC(38) Concurrent Preclean 0.329ms
[2025-05-20T23:34:38.097+0000][gc,start    ] GC(38) Pause Remark
[2025-05-20T23:34:38.105+0000][gc          ] GC(38) Pause Remark 173M->173M(1024M) 7.629ms
[2025-05-20T23:34:38.105+0000][gc,cpu      ] GC(38) User=0.05s Sys=0.00s Real=0.01s
[2025-05-20T23:34:38.105+0000][gc,marking  ] GC(38) Concurrent Mark 19.287ms
[2025-05-20T23:34:38.106+0000][gc,marking  ] GC(38) Concurrent Rebuild Remembered Sets and Scrub Regions
[2025-05-20T23:34:38.110+0000][gc,marking  ] GC(38) Concurrent Rebuild Remembered Sets and Scrub Regions 4.623ms
[2025-05-20T23:34:38.111+0000][gc,start    ] GC(38) Pause Cleanup
[2025-05-20T23:34:38.111+0000][gc          ] GC(38) Pause Cleanup 173M->173M(1024M) 0.443ms
[2025-05-20T23:34:38.111+0000][gc,cpu      ] GC(38) User=0.00s Sys=0.00s Real=0.00s
[2025-05-20T23:34:38.111+0000][gc,marking  ] GC(38) Concurrent Clear Claimed Marks
[2025-05-20T23:34:38.112+0000][gc,marking  ] GC(38) Concurrent Clear Claimed Marks 0.197ms
[2025-05-20T23:34:38.112+0000][gc,marking  ] GC(38) Concurrent Cleanup for Next Mark
[2025-05-20T23:34:38.114+0000][gc,marking  ] GC(38) Concurrent Cleanup for Next Mark 2.377ms
[2025-05-20T23:34:38.115+0000][gc          ] GC(38) Concurrent Mark Cycle 32.818ms
[2025-05-20T23:35:17.950+0000][gc,start    ] GC(39) Pause Young (Prepare Mixed) (G1 Evacuation Pause)
[2025-05-20T23:35:17.951+0000][gc,task     ] GC(39) Using 10 workers of 10 for evacuation
[2025-05-20T23:35:17.957+0000][gc,phases   ] GC(39)   Pre Evacuate Collection Set: 0.3ms
[2025-05-20T23:35:17.957+0000][gc,phases   ] GC(39)   Merge Heap Roots: 0.3ms
[2025-05-20T23:35:17.957+0000][gc,phases   ] GC(39)   Evacuate Collection Set: 4.0ms
[2025-05-20T23:35:17.957+0000][gc,phases   ] GC(39)   Post Evacuate Collection Set: 1.0ms
[2025-05-20T23:35:17.957+0000][gc,phases   ] GC(39)   Other: 0.3ms
[2025-05-20T23:35:17.958+0000][gc,heap     ] GC(39) Eden regions: 599->0(600)
[2025-05-20T23:35:17.958+0000][gc,heap     ] GC(39) Survivor regions: 15->14(77)
[2025-05-20T23:35:17.958+0000][gc,heap     ] GC(39) Old regions: 25->25
[2025-05-20T23:35:17.958+0000][gc,heap     ] GC(39) Humongous regions: 130->130
[2025-05-20T23:35:17.958+0000][gc,metaspace] GC(39) Metaspace: 16807K(17408K)->16807K(17408K) NonClass: 14852K(15168K)->14852K(15168K) Class: 1954K(2240K)->1954K(2240K)
[2025-05-20T23:35:17.958+0000][gc          ] GC(39) Pause Young (Prepare Mixed) (G1 Evacuation Pause) 768M->168M(1024M) 7.922ms
[2025-05-20T23:35:17.959+0000][gc,cpu      ] GC(39) User=0.03s Sys=0.01s Real=0.01s
[2025-05-20T23:35:48.455+0000][gc,start    ] GC(40) Pause Young (Mixed) (G1 Evacuation Pause)
[2025-05-20T23:35:48.455+0000][gc,task     ] GC(40) Using 10 workers of 10 for evacuation
[2025-05-20T23:35:48.463+0000][gc,phases   ] GC(40)   Pre Evacuate Collection Set: 0.3ms
[2025-05-20T23:35:48.463+0000][gc,phases   ] GC(40)   Merge Heap Roots: 0.2ms
[2025-05-20T23:35:48.463+0000][gc,phases   ] GC(40)   Evacuate Collection Set: 6.1ms
[2025-05-20T23:35:48.464+0000][gc,phases   ] GC(40)   Post Evacuate Collection Set: 1.1ms
[2025-05-20T23:35:48.464+0000][gc,phases   ] GC(40)   Other: 0.3ms
[2025-05-20T23:35:48.464+0000][gc,heap     ] GC(40) Eden regions: 600->0(596)
[2025-05-20T23:35:48.464+0000][gc,heap     ] GC(40) Survivor regions: 14->18(77)
[2025-05-20T23:35:48.464+0000][gc,heap     ] GC(40) Old regions: 25->25
[2025-05-20T23:35:48.464+0000][gc,heap     ] GC(40) Humongous regions: 130->130
[2025-05-20T23:35:48.464+0000][gc,metaspace] GC(40) Metaspace: 16807K(17408K)->16807K(17408K) NonClass: 14852K(15168K)->14852K(15168K) Class: 1954K(2240K)->1954K(2240K)
[2025-05-20T23:35:48.464+0000][gc          ] GC(40) Pause Young (Mixed) (G1 Evacuation Pause) 768M->172M(1024M) 9.694ms
[2025-05-20T23:35:48.464+0000][gc,cpu      ] GC(40) User=0.00s Sys=0.06s Real=0.01s
[2025-05-20T23:36:28.309+0000][gc,start    ] GC(41) Pause Young (Normal) (G1 Evacuation Pause)
[2025-05-20T23:36:28.309+0000][gc,task     ] GC(41) Using 10 workers of 10 for evacuation
[2025-05-20T23:36:28.316+0000][gc,phases   ] GC(41)   Pre Evacuate Collection Set: 0.4ms
[2025-05-20T23:36:28.316+0000][gc,phases   ] GC(41)   Merge Heap Roots: 0.2ms
[2025-05-20T23:36:28.316+0000][gc,phases   ] GC(41)   Evacuate Collection Set: 4.7ms
[2025-05-20T23:36:28.316+0000][gc,phases   ] GC(41)   Post Evacuate Collection Set: 0.9ms
[2025-05-20T23:36:28.316+0000][gc,phases   ] GC(41)   Other: 0.3ms
[2025-05-20T23:36:28.316+0000][gc,heap     ] GC(41) Eden regions: 596->0(596)
[2025-05-20T23:36:28.316+0000][gc,heap     ] GC(41) Survivor regions: 18->18(77)
[2025-05-20T23:36:28.316+0000][gc,heap     ] GC(41) Old regions: 25->25
[2025-05-20T23:36:28.316+0000][gc,heap     ] GC(41) Humongous regions: 130->130
[2025-05-20T23:36:28.317+0000][gc,metaspace] GC(41) Metaspace: 16808K(17408K)->16808K(17408K) NonClass: 14853K(15168K)->14853K(15168K) Class: 1954K(2240K)->1954K(2240K)
[2025-05-20T23:36:28.317+0000][gc          ] GC(41) Pause Young (Normal) (G1 Evacuation Pause) 768M->172M(1024M) 8.117ms
[2025-05-20T23:36:28.317+0000][gc,cpu      ] GC(41) User=0.04s Sys=0.00s Real=0.01s
[2025-05-20T23:37:08.190+0000][gc,start    ] GC(42) Pause Young (Normal) (G1 Evacuation Pause)
[2025-05-20T23:37:08.190+0000][gc,task     ] GC(42) Using 10 workers of 10 for evacuation
[2025-05-20T23:37:08.197+0000][gc,phases   ] GC(42)   Pre Evacuate Collection Set: 0.3ms
[2025-05-20T23:37:08.197+0000][gc,phases   ] GC(42)   Merge Heap Roots: 0.2ms
[2025-05-20T23:37:08.197+0000][gc,phases   ] GC(42)   Evacuate Collection Set: 4.5ms
[2025-05-20T23:37:08.197+0000][gc,phases   ] GC(42)   Post Evacuate Collection Set: 0.9ms
[2025-05-20T23:37:08.197+0000][gc,phases   ] GC(42)   Other: 0.3ms
[2025-05-20T23:37:08.197+0000][gc,heap     ] GC(42) Eden regions: 596->0(596)
[2025-05-20T23:37:08.198+0000][gc,heap     ] GC(42) Survivor regions: 18->18(77)
[2025-05-20T23:37:08.198+0000][gc,heap     ] GC(42) Old regions: 25->25
[2025-05-20T23:37:08.198+0000][gc,heap     ] GC(42) Humongous regions: 130->130
[2025-05-20T23:37:08.198+0000][gc,metaspace] GC(42) Metaspace: 16810K(17408K)->16810K(17408K) NonClass: 14855K(15168K)->14855K(15168K) Class: 1954K(2240K)->1954K(2240K)
[2025-05-20T23:37:08.198+0000][gc          ] GC(42) Pause Young (Normal) (G1 Evacuation Pause) 768M->172M(1024M) 8.204ms
[2025-05-20T23:37:08.198+0000][gc,cpu      ] GC(42) User=0.05s Sys=0.00s Real=0.01s
[2025-05-20T23:37:47.945+0000][gc,start    ] GC(43) Pause Young (Normal) (G1 Evacuation Pause)
[2025-05-20T23:37:47.946+0000][gc,task     ] GC(43) Using 10 workers of 10 for evacuation
[2025-05-20T23:37:47.953+0000][gc,phases   ] GC(43)   Pre Evacuate Collection Set: 0.5ms
[2025-05-20T23:37:47.953+0000][gc,phases   ] GC(43)   Merge Heap Roots: 0.2ms
[2025-05-20T23:37:47.953+0000][gc,phases   ] GC(43)   Evacuate Collection Set: 4.9ms
[2025-05-20T23:37:47.953+0000][gc,phases   ] GC(43)   Post Evacuate Collection Set: 1.2ms
[2025-05-20T23:37:47.953+0000][gc,phases   ] GC(43)   Other: 0.3ms
[2025-05-20T23:37:47.953+0000][gc,heap     ] GC(43) Eden regions: 596->0(595)
[2025-05-20T23:37:47.954+0000][gc,heap     ] GC(43) Survivor regions: 18->19(77)
[2025-05-20T23:37:47.954+0000][gc,heap     ] GC(43) Old regions: 25->26
[2025-05-20T23:37:47.954+0000][gc,heap     ] GC(43) Humongous regions: 131->130
[2025-05-20T23:37:47.954+0000][gc,metaspace] GC(43) Metaspace: 17087K(17536K)->17087K(17536K) NonClass: 15114K(15296K)->15114K(15296K) Class: 1973K(2240K)->1973K(2240K)
[2025-05-20T23:37:47.954+0000][gc          ] GC(43) Pause Young (Normal) (G1 Evacuation Pause) 769M->173M(1024M) 8.870ms
[2025-05-20T23:37:47.954+0000][gc,cpu      ] GC(43) User=0.00s Sys=0.05s Real=0.01s
[2025-05-20T23:38:13.619+0000][gc,start    ] GC(44) Pause Young (Normal) (G1 Evacuation Pause)
[2025-05-20T23:38:13.620+0000][gc,task     ] GC(44) Using 10 workers of 10 for evacuation
[2025-05-20T23:38:13.666+0000][gc,phases   ] GC(44)   Pre Evacuate Collection Set: 0.4ms
[2025-05-20T23:38:13.669+0000][gc,phases   ] GC(44)   Merge Heap Roots: 0.2ms
[2025-05-20T23:38:13.671+0000][gc,phases   ] GC(44)   Evacuate Collection Set: 37.8ms
[2025-05-20T23:38:13.675+0000][gc,phases   ] GC(44)   Post Evacuate Collection Set: 7.1ms
[2025-05-20T23:38:13.675+0000][gc,phases   ] GC(44)   Other: 0.6ms
[2025-05-20T23:38:13.675+0000][gc,heap     ] GC(44) Eden regions: 595->0(592)
[2025-05-20T23:38:13.676+0000][gc,heap     ] GC(44) Survivor regions: 19->22(77)
[2025-05-20T23:38:13.676+0000][gc,heap     ] GC(44) Old regions: 26->26
[2025-05-20T23:38:13.677+0000][gc,heap     ] GC(44) Humongous regions: 130->130
[2025-05-20T23:38:13.677+0000][gc,metaspace] GC(44) Metaspace: 17103K(17600K)->17103K(17600K) NonClass: 15130K(15360K)->15130K(15360K) Class: 1973K(2240K)->1973K(2240K)
[2025-05-20T23:38:13.678+0000][gc          ] GC(44) Pause Young (Normal) (G1 Evacuation Pause) 768M->176M(1024M) 58.404ms
[2025-05-20T23:38:13.678+0000][gc,cpu      ] GC(44) User=0.18s Sys=0.02s Real=0.06s
[2025-05-20T23:38:38.285+0000][gc,start    ] GC(45) Pause Young (Normal) (G1 Evacuation Pause)
[2025-05-20T23:38:38.286+0000][gc,task     ] GC(45) Using 10 workers of 10 for evacuation
[2025-05-20T23:38:38.323+0000][gc,phases   ] GC(45)   Pre Evacuate Collection Set: 0.5ms
[2025-05-20T23:38:38.323+0000][gc,phases   ] GC(45)   Merge Heap Roots: 0.2ms
[2025-05-20T23:38:38.324+0000][gc,phases   ] GC(45)   Evacuate Collection Set: 33.8ms
[2025-05-20T23:38:38.324+0000][gc,phases   ] GC(45)   Post Evacuate Collection Set: 1.8ms
[2025-05-20T23:38:38.324+0000][gc,phases   ] GC(45)   Other: 0.6ms
[2025-05-20T23:38:38.324+0000][gc,heap     ] GC(45) Eden regions: 592->0(589)
[2025-05-20T23:38:38.325+0000][gc,heap     ] GC(45) Survivor regions: 22->25(77)
[2025-05-20T23:38:38.325+0000][gc,heap     ] GC(45) Old regions: 26->26
[2025-05-20T23:38:38.325+0000][gc,heap     ] GC(45) Humongous regions: 130->130
[2025-05-20T23:38:38.325+0000][gc,metaspace] GC(45) Metaspace: 17138K(17600K)->17138K(17600K) NonClass: 15165K(15360K)->15165K(15360K) Class: 1973K(2240K)->1973K(2240K)
[2025-05-20T23:38:38.326+0000][gc          ] GC(45) Pause Young (Normal) (G1 Evacuation Pause) 768M->180M(1024M) 40.595ms
[2025-05-20T23:38:38.326+0000][gc,cpu      ] GC(45) User=0.13s Sys=0.00s Real=0.04s
[2025-05-20T23:38:58.843+0000][gc,start    ] GC(46) Pause Young (Normal) (G1 Evacuation Pause)
[2025-05-20T23:38:58.844+0000][gc,task     ] GC(46) Using 10 workers of 10 for evacuation
[2025-05-20T23:38:58.863+0000][gc,phases   ] GC(46)   Pre Evacuate Collection Set: 0.3ms
[2025-05-20T23:38:58.863+0000][gc,phases   ] GC(46)   Merge Heap Roots: 0.2ms
[2025-05-20T23:38:58.864+0000][gc,phases   ] GC(46)   Evacuate Collection Set: 14.4ms
[2025-05-20T23:38:58.864+0000][gc,phases   ] GC(46)   Post Evacuate Collection Set: 3.8ms
[2025-05-20T23:38:58.865+0000][gc,phases   ] GC(46)   Other: 0.4ms
[2025-05-20T23:38:58.865+0000][gc,heap     ] GC(46) Eden regions: 589->0(587)
[2025-05-20T23:38:58.865+0000][gc,heap     ] GC(46) Survivor regions: 25->27(77)
[2025-05-20T23:38:58.866+0000][gc,heap     ] GC(46) Old regions: 26->26
[2025-05-20T23:38:58.866+0000][gc,heap     ] GC(46) Humongous regions: 130->130
[2025-05-20T23:38:58.866+0000][gc,metaspace] GC(46) Metaspace: 17193K(17600K)->17193K(17600K) NonClass: 15219K(15360K)->15219K(15360K) Class: 1974K(2240K)->1974K(2240K)
[2025-05-20T23:38:58.867+0000][gc          ] GC(46) Pause Young (Normal) (G1 Evacuation Pause) 769M->182M(1024M) 23.664ms
[2025-05-20T23:38:58.867+0000][gc,cpu      ] GC(46) User=0.08s Sys=0.01s Real=0.02s
[2025-05-20T23:39:22.902+0000][gc,start    ] GC(47) Pause Young (Normal) (G1 Evacuation Pause)
[2025-05-20T23:39:22.903+0000][gc,task     ] GC(47) Using 10 workers of 10 for evacuation
[2025-05-20T23:39:22.931+0000][gc,phases   ] GC(47)   Pre Evacuate Collection Set: 1.2ms
[2025-05-20T23:39:22.931+0000][gc,phases   ] GC(47)   Merge Heap Roots: 0.3ms
[2025-05-20T23:39:22.933+0000][gc,phases   ] GC(47)   Evacuate Collection Set: 20.7ms
[2025-05-20T23:39:22.934+0000][gc,phases   ] GC(47)   Post Evacuate Collection Set: 3.1ms
[2025-05-20T23:39:22.935+0000][gc,phases   ] GC(47)   Other: 1.9ms
[2025-05-20T23:39:22.936+0000][gc,heap     ] GC(47) Eden regions: 587->0(588)
[2025-05-20T23:39:22.937+0000][gc,heap     ] GC(47) Survivor regions: 27->26(77)
[2025-05-20T23:39:22.939+0000][gc,heap     ] GC(47) Old regions: 26->28
[2025-05-20T23:39:22.940+0000][gc,heap     ] GC(47) Humongous regions: 130->130
[2025-05-20T23:39:22.941+0000][gc,metaspace] GC(47) Metaspace: 17223K(17728K)->17223K(17728K) NonClass: 15249K(15488K)->15249K(15488K) Class: 1974K(2240K)->1974K(2240K)
[2025-05-20T23:39:22.941+0000][gc          ] GC(47) Pause Young (Normal) (G1 Evacuation Pause) 769M->182M(1024M) 38.702ms
[2025-05-20T23:39:22.942+0000][gc,cpu      ] GC(47) User=0.11s Sys=0.03s Real=0.04s
[2025-05-20T23:39:48.127+0000][gc,start    ] GC(48) Pause Young (Normal) (G1 Evacuation Pause)
[2025-05-20T23:39:48.129+0000][gc,task     ] GC(48) Using 10 workers of 10 for evacuation
[2025-05-20T23:39:48.157+0000][gc,phases   ] GC(48)   Pre Evacuate Collection Set: 1.0ms
[2025-05-20T23:39:48.162+0000][gc,phases   ] GC(48)   Merge Heap Roots: 1.5ms
[2025-05-20T23:39:48.165+0000][gc,phases   ] GC(48)   Evacuate Collection Set: 20.1ms
[2025-05-20T23:39:48.167+0000][gc,phases   ] GC(48)   Post Evacuate Collection Set: 4.8ms
[2025-05-20T23:39:48.167+0000][gc,phases   ] GC(48)   Other: 0.8ms
[2025-05-20T23:39:48.168+0000][gc,heap     ] GC(48) Eden regions: 588->0(594)
[2025-05-20T23:39:48.169+0000][gc,heap     ] GC(48) Survivor regions: 26->20(77)
[2025-05-20T23:39:48.173+0000][gc,heap     ] GC(48) Old regions: 28->31
[2025-05-20T23:39:48.174+0000][gc,heap     ] GC(48) Humongous regions: 130->130
[2025-05-20T23:39:48.176+0000][gc,metaspace] GC(48) Metaspace: 17239K(17728K)->17239K(17728K) NonClass: 15265K(15488K)->15265K(15488K) Class: 1974K(2240K)->1974K(2240K)
[2025-05-20T23:39:48.181+0000][gc          ] GC(48) Pause Young (Normal) (G1 Evacuation Pause) 770M->180M(1024M) 53.737ms
[2025-05-20T23:39:48.182+0000][gc,cpu      ] GC(48) User=0.13s Sys=0.02s Real=0.05s
[2025-05-20T23:40:08.608+0000][gc,start    ] GC(49) Pause Young (Normal) (G1 Evacuation Pause)
[2025-05-20T23:40:08.608+0000][gc,task     ] GC(49) Using 10 workers of 10 for evacuation
[2025-05-20T23:40:08.629+0000][gc,phases   ] GC(49)   Pre Evacuate Collection Set: 0.5ms
[2025-05-20T23:40:08.630+0000][gc,phases   ] GC(49)   Merge Heap Roots: 0.2ms
[2025-05-20T23:40:08.630+0000][gc,phases   ] GC(49)   Evacuate Collection Set: 17.6ms
[2025-05-20T23:40:08.631+0000][gc,phases   ] GC(49)   Post Evacuate Collection Set: 2.2ms
[2025-05-20T23:40:08.631+0000][gc,phases   ] GC(49)   Other: 0.6ms
[2025-05-20T23:40:08.631+0000][gc,heap     ] GC(49) Eden regions: 594->0(588)
[2025-05-20T23:40:08.632+0000][gc,heap     ] GC(49) Survivor regions: 20->26(77)
[2025-05-20T23:40:08.633+0000][gc,heap     ] GC(49) Old regions: 31->33
[2025-05-20T23:40:08.633+0000][gc,heap     ] GC(49) Humongous regions: 130->130
[2025-05-20T23:40:08.634+0000][gc,metaspace] GC(49) Metaspace: 17261K(17728K)->17261K(17728K) NonClass: 15287K(15488K)->15287K(15488K) Class: 1974K(2240K)->1974K(2240K)
[2025-05-20T23:40:08.635+0000][gc          ] GC(49) Pause Young (Normal) (G1 Evacuation Pause) 774M->188M(1024M) 27.071ms
[2025-05-20T23:40:08.635+0000][gc,cpu      ] GC(49) User=0.10s Sys=0.01s Real=0.03s
[2025-05-20T23:40:31.193+0000][gc,start    ] GC(50) Pause Young (Normal) (G1 Evacuation Pause)
[2025-05-20T23:40:31.193+0000][gc,task     ] GC(50) Using 10 workers of 10 for evacuation
[2025-05-20T23:40:31.220+0000][gc,phases   ] GC(50)   Pre Evacuate Collection Set: 0.5ms
[2025-05-20T23:40:31.221+0000][gc,phases   ] GC(50)   Merge Heap Roots: 0.5ms
[2025-05-20T23:40:31.221+0000][gc,phases   ] GC(50)   Evacuate Collection Set: 23.6ms
[2025-05-20T23:40:31.221+0000][gc,phases   ] GC(50)   Post Evacuate Collection Set: 1.5ms
[2025-05-20T23:40:31.221+0000][gc,phases   ] GC(50)   Other: 0.4ms
[2025-05-20T23:40:31.222+0000][gc,heap     ] GC(50) Eden regions: 588->0(590)
[2025-05-20T23:40:31.222+0000][gc,heap     ] GC(50) Survivor regions: 26->24(77)
[2025-05-20T23:40:31.222+0000][gc,heap     ] GC(50) Old regions: 33->35
[2025-05-20T23:40:31.223+0000][gc,heap     ] GC(50) Humongous regions: 130->130
[2025-05-20T23:40:31.224+0000][gc,metaspace] GC(50) Metaspace: 17265K(17728K)->17265K(17728K) NonClass: 15291K(15488K)->15291K(15488K) Class: 1974K(2240K)->1974K(2240K)
[2025-05-20T23:40:31.225+0000][gc          ] GC(50) Pause Young (Normal) (G1 Evacuation Pause) 776M->187M(1024M) 32.586ms
[2025-05-20T23:40:31.226+0000][gc,cpu      ] GC(50) User=0.08s Sys=0.03s Real=0.04s
[2025-05-20T23:40:57.932+0000][gc,start    ] GC(51) Pause Young (Normal) (G1 Evacuation Pause)
[2025-05-20T23:40:57.933+0000][gc,task     ] GC(51) Using 10 workers of 10 for evacuation
[2025-05-20T23:40:57.954+0000][gc,phases   ] GC(51)   Pre Evacuate Collection Set: 0.7ms
[2025-05-20T23:40:57.955+0000][gc,phases   ] GC(51)   Merge Heap Roots: 0.3ms
[2025-05-20T23:40:57.955+0000][gc,phases   ] GC(51)   Evacuate Collection Set: 18.4ms
[2025-05-20T23:40:57.956+0000][gc,phases   ] GC(51)   Post Evacuate Collection Set: 1.6ms
[2025-05-20T23:40:57.956+0000][gc,phases   ] GC(51)   Other: 0.5ms
[2025-05-20T23:40:57.956+0000][gc,heap     ] GC(51) Eden regions: 590->0(594)
[2025-05-20T23:40:57.957+0000][gc,heap     ] GC(51) Survivor regions: 24->20(77)
[2025-05-20T23:40:57.957+0000][gc,heap     ] GC(51) Old regions: 35->36
[2025-05-20T23:40:57.957+0000][gc,heap     ] GC(51) Humongous regions: 130->130
[2025-05-20T23:40:57.958+0000][gc,metaspace] GC(51) Metaspace: 17281K(17728K)->17281K(17728K) NonClass: 15307K(15488K)->15307K(15488K) Class: 1974K(2240K)->1974K(2240K)
[2025-05-20T23:40:57.959+0000][gc          ] GC(51) Pause Young (Normal) (G1 Evacuation Pause) 777M->185M(1024M) 26.188ms
[2025-05-20T23:40:57.959+0000][gc,cpu      ] GC(51) User=0.05s Sys=0.05s Real=0.03s
[2025-05-20T23:41:18.505+0000][gc,start    ] GC(52) Pause Young (Normal) (G1 Evacuation Pause)
[2025-05-20T23:41:18.506+0000][gc,task     ] GC(52) Using 10 workers of 10 for evacuation
[2025-05-20T23:41:18.515+0000][gc,phases   ] GC(52)   Pre Evacuate Collection Set: 0.3ms
[2025-05-20T23:41:18.515+0000][gc,phases   ] GC(52)   Merge Heap Roots: 0.2ms
[2025-05-20T23:41:18.515+0000][gc,phases   ] GC(52)   Evacuate Collection Set: 6.6ms
[2025-05-20T23:41:18.516+0000][gc,phases   ] GC(52)   Post Evacuate Collection Set: 1.7ms
[2025-05-20T23:41:18.516+0000][gc,phases   ] GC(52)   Other: 0.4ms
[2025-05-20T23:41:18.516+0000][gc,heap     ] GC(52) Eden regions: 594->0(592)
[2025-05-20T23:41:18.516+0000][gc,heap     ] GC(52) Survivor regions: 20->22(77)
[2025-05-20T23:41:18.516+0000][gc,heap     ] GC(52) Old regions: 36->36
[2025-05-20T23:41:18.516+0000][gc,heap     ] GC(52) Humongous regions: 130->130
[2025-05-20T23:41:18.517+0000][gc,metaspace] GC(52) Metaspace: 17302K(17728K)->17302K(17728K) NonClass: 15328K(15488K)->15328K(15488K) Class: 1974K(2240K)->1974K(2240K)
[2025-05-20T23:41:18.517+0000][gc          ] GC(52) Pause Young (Normal) (G1 Evacuation Pause) 779M->187M(1024M) 11.412ms
[2025-05-20T23:41:18.517+0000][gc,cpu      ] GC(52) User=0.06s Sys=0.00s Real=0.01s
[2025-05-20T23:41:39.118+0000][gc,start    ] GC(53) Pause Young (Normal) (G1 Evacuation Pause)
[2025-05-20T23:41:39.118+0000][gc,task     ] GC(53) Using 10 workers of 10 for evacuation
[2025-05-20T23:41:39.137+0000][gc,phases   ] GC(53)   Pre Evacuate Collection Set: 1.2ms
[2025-05-20T23:41:39.137+0000][gc,phases   ] GC(53)   Merge Heap Roots: 0.7ms
[2025-05-20T23:41:39.137+0000][gc,phases   ] GC(53)   Evacuate Collection Set: 14.1ms
[2025-05-20T23:41:39.138+0000][gc,phases   ] GC(53)   Post Evacuate Collection Set: 2.1ms
[2025-05-20T23:41:39.138+0000][gc,phases   ] GC(53)   Other: 0.5ms
[2025-05-20T23:41:39.138+0000][gc,heap     ] GC(53) Eden regions: 592->0(590)
[2025-05-20T23:41:39.138+0000][gc,heap     ] GC(53) Survivor regions: 22->24(77)
[2025-05-20T23:41:39.139+0000][gc,heap     ] GC(53) Old regions: 36->37
[2025-05-20T23:41:39.139+0000][gc,heap     ] GC(53) Humongous regions: 130->130
[2025-05-20T23:41:39.139+0000][gc,metaspace] GC(53) Metaspace: 17305K(17728K)->17305K(17728K) NonClass: 15331K(15488K)->15331K(15488K) Class: 1974K(2240K)->1974K(2240K)
[2025-05-20T23:41:39.139+0000][gc          ] GC(53) Pause Young (Normal) (G1 Evacuation Pause) 779M->189M(1024M) 21.581ms
[2025-05-20T23:41:39.140+0000][gc,cpu      ] GC(53) User=0.07s Sys=0.02s Real=0.02s
[2025-05-20T23:42:07.981+0000][gc,start    ] GC(54) Pause Young (Normal) (G1 Evacuation Pause)
[2025-05-20T23:42:07.982+0000][gc,task     ] GC(54) Using 10 workers of 10 for evacuation
[2025-05-20T23:42:08.000+0000][gc,phases   ] GC(54)   Pre Evacuate Collection Set: 0.9ms
[2025-05-20T23:42:08.000+0000][gc,phases   ] GC(54)   Merge Heap Roots: 0.4ms
[2025-05-20T23:42:08.000+0000][gc,phases   ] GC(54)   Evacuate Collection Set: 12.2ms
[2025-05-20T23:42:08.000+0000][gc,phases   ] GC(54)   Post Evacuate Collection Set: 4.5ms
[2025-05-20T23:42:08.001+0000][gc,phases   ] GC(54)   Other: 0.4ms
[2025-05-20T23:42:08.001+0000][gc,heap     ] GC(54) Eden regions: 590->0(591)
[2025-05-20T23:42:08.001+0000][gc,heap     ] GC(54) Survivor regions: 24->23(77)
[2025-05-20T23:42:08.001+0000][gc,heap     ] GC(54) Old regions: 37->37
[2025-05-20T23:42:08.002+0000][gc,heap     ] GC(54) Humongous regions: 130->130
[2025-05-20T23:42:08.002+0000][gc,metaspace] GC(54) Metaspace: 17318K(17792K)->17318K(17792K) NonClass: 15344K(15552K)->15344K(15552K) Class: 1974K(2240K)->1974K(2240K)
[2025-05-20T23:42:08.002+0000][gc          ] GC(54) Pause Young (Normal) (G1 Evacuation Pause) 779M->189M(1024M) 21.474ms
[2025-05-20T23:42:08.002+0000][gc,cpu      ] GC(54) User=0.08s Sys=0.01s Real=0.02s
[2025-05-20T23:42:28.617+0000][gc,start    ] GC(55) Pause Young (Normal) (G1 Evacuation Pause)
[2025-05-20T23:42:28.617+0000][gc,task     ] GC(55) Using 10 workers of 10 for evacuation
[2025-05-20T23:42:28.629+0000][gc,phases   ] GC(55)   Pre Evacuate Collection Set: 0.5ms
[2025-05-20T23:42:28.629+0000][gc,phases   ] GC(55)   Merge Heap Roots: 0.2ms
[2025-05-20T23:42:28.629+0000][gc,phases   ] GC(55)   Evacuate Collection Set: 9.0ms
[2025-05-20T23:42:28.630+0000][gc,phases   ] GC(55)   Post Evacuate Collection Set: 1.4ms
[2025-05-20T23:42:28.630+0000][gc,phases   ] GC(55)   Other: 0.5ms
[2025-05-20T23:42:28.630+0000][gc,heap     ] GC(55) Eden regions: 591->0(588)
[2025-05-20T23:42:28.630+0000][gc,heap     ] GC(55) Survivor regions: 23->26(77)
[2025-05-20T23:42:28.631+0000][gc,heap     ] GC(55) Old regions: 37->37
[2025-05-20T23:42:28.631+0000][gc,heap     ] GC(55) Humongous regions: 130->130
[2025-05-20T23:42:28.631+0000][gc,metaspace] GC(55) Metaspace: 17319K(17792K)->17319K(17792K) NonClass: 15345K(15552K)->15345K(15552K) Class: 1974K(2240K)->1974K(2240K)
[2025-05-20T23:42:28.631+0000][gc          ] GC(55) Pause Young (Normal) (G1 Evacuation Pause) 780M->191M(1024M) 14.540ms
[2025-05-20T23:42:28.632+0000][gc,cpu      ] GC(55) User=0.07s Sys=0.01s Real=0.02s
[2025-05-20T23:42:49.818+0000][gc,start    ] GC(56) Pause Young (Normal) (G1 Evacuation Pause)
[2025-05-20T23:42:49.823+0000][gc,task     ] GC(56) Using 10 workers of 10 for evacuation
[2025-05-20T23:42:49.842+0000][gc,phases   ] GC(56)   Pre Evacuate Collection Set: 0.6ms
[2025-05-20T23:42:49.843+0000][gc,phases   ] GC(56)   Merge Heap Roots: 1.3ms
[2025-05-20T23:42:49.843+0000][gc,phases   ] GC(56)   Evacuate Collection Set: 13.0ms
[2025-05-20T23:42:49.844+0000][gc,phases   ] GC(56)   Post Evacuate Collection Set: 1.4ms
[2025-05-20T23:42:49.845+0000][gc,phases   ] GC(56)   Other: 3.4ms
[2025-05-20T23:42:49.846+0000][gc,heap     ] GC(56) Eden regions: 588->0(591)
[2025-05-20T23:42:49.846+0000][gc,heap     ] GC(56) Survivor regions: 26->23(77)
[2025-05-20T23:42:49.847+0000][gc,heap     ] GC(56) Old regions: 37->37
[2025-05-20T23:42:49.847+0000][gc,heap     ] GC(56) Humongous regions: 130->130
[2025-05-20T23:42:49.847+0000][gc,metaspace] GC(56) Metaspace: 17338K(17792K)->17338K(17792K) NonClass: 15364K(15552K)->15364K(15552K) Class: 1974K(2240K)->1974K(2240K)
[2025-05-20T23:42:49.848+0000][gc          ] GC(56) Pause Young (Normal) (G1 Evacuation Pause) 779M->189M(1024M) 29.585ms
[2025-05-20T23:42:49.848+0000][gc,cpu      ] GC(56) User=0.09s Sys=0.01s Real=0.03s
[2025-05-20T23:43:17.875+0000][gc,start    ] GC(57) Pause Young (Normal) (G1 Evacuation Pause)
[2025-05-20T23:43:17.875+0000][gc,task     ] GC(57) Using 10 workers of 10 for evacuation
[2025-05-20T23:43:17.888+0000][gc,phases   ] GC(57)   Pre Evacuate Collection Set: 0.3ms
[2025-05-20T23:43:17.888+0000][gc,phases   ] GC(57)   Merge Heap Roots: 0.2ms
[2025-05-20T23:43:17.889+0000][gc,phases   ] GC(57)   Evacuate Collection Set: 10.1ms
[2025-05-20T23:43:17.889+0000][gc,phases   ] GC(57)   Post Evacuate Collection Set: 1.6ms
[2025-05-20T23:43:17.889+0000][gc,phases   ] GC(57)   Other: 0.4ms
[2025-05-20T23:43:17.890+0000][gc,heap     ] GC(57) Eden regions: 591->0(587)
[2025-05-20T23:43:17.890+0000][gc,heap     ] GC(57) Survivor regions: 23->27(77)
[2025-05-20T23:43:17.890+0000][gc,heap     ] GC(57) Old regions: 37->37
[2025-05-20T23:43:17.890+0000][gc,heap     ] GC(57) Humongous regions: 130->130
[2025-05-20T23:43:17.891+0000][gc,metaspace] GC(57) Metaspace: 17340K(17792K)->17340K(17792K) NonClass: 15366K(15552K)->15366K(15552K) Class: 1974K(2240K)->1974K(2240K)
[2025-05-20T23:43:17.891+0000][gc          ] GC(57) Pause Young (Normal) (G1 Evacuation Pause) 780M->193M(1024M) 16.006ms
[2025-05-20T23:43:17.892+0000][gc,cpu      ] GC(57) User=0.08s Sys=0.01s Real=0.02s
[2025-05-20T23:43:48.073+0000][gc,start    ] GC(58) Pause Young (Normal) (G1 Evacuation Pause)
[2025-05-20T23:43:48.073+0000][gc,task     ] GC(58) Using 10 workers of 10 for evacuation
[2025-05-20T23:43:48.089+0000][gc,phases   ] GC(58)   Pre Evacuate Collection Set: 0.3ms
[2025-05-20T23:43:48.090+0000][gc,phases   ] GC(58)   Merge Heap Roots: 0.2ms
[2025-05-20T23:43:48.090+0000][gc,phases   ] GC(58)   Evacuate Collection Set: 10.4ms
[2025-05-20T23:43:48.091+0000][gc,phases   ] GC(58)   Post Evacuate Collection Set: 4.9ms
[2025-05-20T23:43:48.091+0000][gc,phases   ] GC(58)   Other: 0.3ms
[2025-05-20T23:43:48.092+0000][gc,heap     ] GC(58) Eden regions: 587->0(589)
[2025-05-20T23:43:48.092+0000][gc,heap     ] GC(58) Survivor regions: 27->25(77)
[2025-05-20T23:43:48.092+0000][gc,heap     ] GC(58) Old regions: 37->39
[2025-05-20T23:43:48.093+0000][gc,heap     ] GC(58) Humongous regions: 130->130
[2025-05-20T23:43:48.093+0000][gc,metaspace] GC(58) Metaspace: 17341K(17792K)->17341K(17792K) NonClass: 15367K(15552K)->15367K(15552K) Class: 1974K(2240K)->1974K(2240K)
[2025-05-20T23:43:48.093+0000][gc          ] GC(58) Pause Young (Normal) (G1 Evacuation Pause) 780M->192M(1024M) 20.275ms
[2025-05-20T23:43:48.094+0000][gc,cpu      ] GC(58) User=0.09s Sys=0.01s Real=0.02s
[2025-05-20T23:44:18.250+0000][gc,start    ] GC(59) Pause Young (Normal) (G1 Evacuation Pause)
[2025-05-20T23:44:18.250+0000][gc,task     ] GC(59) Using 10 workers of 10 for evacuation
[2025-05-20T23:44:18.262+0000][gc,phases   ] GC(59)   Pre Evacuate Collection Set: 0.3ms
[2025-05-20T23:44:18.262+0000][gc,phases   ] GC(59)   Merge Heap Roots: 0.3ms
[2025-05-20T23:44:18.262+0000][gc,phases   ] GC(59)   Evacuate Collection Set: 10.0ms
[2025-05-20T23:44:18.262+0000][gc,phases   ] GC(59)   Post Evacuate Collection Set: 1.0ms
[2025-05-20T23:44:18.262+0000][gc,phases   ] GC(59)   Other: 0.3ms
[2025-05-20T23:44:18.263+0000][gc,heap     ] GC(59) Eden regions: 589->0(589)
[2025-05-20T23:44:18.263+0000][gc,heap     ] GC(59) Survivor regions: 25->25(77)
[2025-05-20T23:44:18.263+0000][gc,heap     ] GC(59) Old regions: 39->42
[2025-05-20T23:44:18.263+0000][gc,heap     ] GC(59) Humongous regions: 130->130
[2025-05-20T23:44:18.263+0000][gc,metaspace] GC(59) Metaspace: 17345K(17792K)->17345K(17792K) NonClass: 15371K(15552K)->15371K(15552K) Class: 1974K(2240K)->1974K(2240K)
[2025-05-20T23:44:18.263+0000][gc          ] GC(59) Pause Young (Normal) (G1 Evacuation Pause) 781M->196M(1024M) 13.650ms
[2025-05-20T23:44:18.264+0000][gc,cpu      ] GC(59) User=0.08s Sys=0.01s Real=0.02s
[2025-05-20T23:44:48.716+0000][gc,start    ] GC(60) Pause Young (Normal) (G1 Evacuation Pause)
[2025-05-20T23:44:48.717+0000][gc,task     ] GC(60) Using 10 workers of 10 for evacuation
[2025-05-20T23:44:48.731+0000][gc,phases   ] GC(60)   Pre Evacuate Collection Set: 0.4ms
[2025-05-20T23:44:48.731+0000][gc,phases   ] GC(60)   Merge Heap Roots: 0.3ms
[2025-05-20T23:44:48.732+0000][gc,phases   ] GC(60)   Evacuate Collection Set: 11.5ms
[2025-05-20T23:44:48.732+0000][gc,phases   ] GC(60)   Post Evacuate Collection Set: 1.9ms
[2025-05-20T23:44:48.732+0000][gc,phases   ] GC(60)   Other: 0.4ms
[2025-05-20T23:44:48.732+0000][gc,heap     ] GC(60) Eden regions: 589->0(589)
[2025-05-20T23:44:48.732+0000][gc,heap     ] GC(60) Survivor regions: 25->25(77)
[2025-05-20T23:44:48.733+0000][gc,heap     ] GC(60) Old regions: 42->45
[2025-05-20T23:44:48.733+0000][gc,heap     ] GC(60) Humongous regions: 130->130
[2025-05-20T23:44:48.733+0000][gc,metaspace] GC(60) Metaspace: 17394K(17856K)->17394K(17856K) NonClass: 15420K(15616K)->15420K(15616K) Class: 1974K(2240K)->1974K(2240K)
[2025-05-20T23:44:48.734+0000][gc          ] GC(60) Pause Young (Normal) (G1 Evacuation Pause) 785M->199M(1024M) 17.132ms
[2025-05-20T23:44:48.734+0000][gc,cpu      ] GC(60) User=0.10s Sys=0.00s Real=0.02s
[2025-05-20T23:45:27.973+0000][gc,start    ] GC(61) Pause Young (Normal) (G1 Evacuation Pause)
[2025-05-20T23:45:27.974+0000][gc,task     ] GC(61) Using 10 workers of 10 for evacuation
[2025-05-20T23:45:27.983+0000][gc,phases   ] GC(61)   Pre Evacuate Collection Set: 0.4ms
[2025-05-20T23:45:27.984+0000][gc,phases   ] GC(61)   Merge Heap Roots: 0.2ms
[2025-05-20T23:45:27.984+0000][gc,phases   ] GC(61)   Evacuate Collection Set: 8.0ms
[2025-05-20T23:45:27.984+0000][gc,phases   ] GC(61)   Post Evacuate Collection Set: 1.0ms
[2025-05-20T23:45:27.984+0000][gc,phases   ] GC(61)   Other: 0.2ms
[2025-05-20T23:45:27.984+0000][gc,heap     ] GC(61) Eden regions: 589->0(591)
[2025-05-20T23:45:27.985+0000][gc,heap     ] GC(61) Survivor regions: 25->23(77)
[2025-05-20T23:45:27.985+0000][gc,heap     ] GC(61) Old regions: 45->47
[2025-05-20T23:45:27.985+0000][gc,heap     ] GC(61) Humongous regions: 130->130
[2025-05-20T23:45:27.985+0000][gc,metaspace] GC(61) Metaspace: 17406K(17856K)->17406K(17856K) NonClass: 15432K(15616K)->15432K(15616K) Class: 1974K(2240K)->1974K(2240K)
[2025-05-20T23:45:27.985+0000][gc          ] GC(61) Pause Young (Normal) (G1 Evacuation Pause) 788M->198M(1024M) 12.080ms
[2025-05-20T23:45:27.986+0000][gc,cpu      ] GC(61) User=0.08s Sys=0.00s Real=0.01s
[2025-05-20T23:45:58.171+0000][gc,start    ] GC(62) Pause Young (Normal) (G1 Evacuation Pause)
[2025-05-20T23:45:58.171+0000][gc,task     ] GC(62) Using 10 workers of 10 for evacuation
[2025-05-20T23:45:58.181+0000][gc,phases   ] GC(62)   Pre Evacuate Collection Set: 0.4ms
[2025-05-20T23:45:58.181+0000][gc,phases   ] GC(62)   Merge Heap Roots: 0.3ms
[2025-05-20T23:45:58.182+0000][gc,phases   ] GC(62)   Evacuate Collection Set: 7.9ms
[2025-05-20T23:45:58.182+0000][gc,phases   ] GC(62)   Post Evacuate Collection Set: 1.0ms
[2025-05-20T23:45:58.182+0000][gc,phases   ] GC(62)   Other: 0.3ms
[2025-05-20T23:45:58.182+0000][gc,heap     ] GC(62) Eden regions: 591->0(590)
[2025-05-20T23:45:58.182+0000][gc,heap     ] GC(62) Survivor regions: 23->24(77)
[2025-05-20T23:45:58.182+0000][gc,heap     ] GC(62) Old regions: 47->48
[2025-05-20T23:45:58.182+0000][gc,heap     ] GC(62) Humongous regions: 130->130
[2025-05-20T23:45:58.183+0000][gc,metaspace] GC(62) Metaspace: 17406K(17856K)->17406K(17856K) NonClass: 15432K(15616K)->15432K(15616K) Class: 1974K(2240K)->1974K(2240K)
[2025-05-20T23:45:58.183+0000][gc          ] GC(62) Pause Young (Normal) (G1 Evacuation Pause) 789M->201M(1024M) 11.844ms
[2025-05-20T23:45:58.183+0000][gc,cpu      ] GC(62) User=0.08s Sys=0.00s Real=0.01s
[2025-05-20T23:46:28.485+0000][gc,start    ] GC(63) Pause Young (Normal) (G1 Evacuation Pause)
[2025-05-20T23:46:28.486+0000][gc,task     ] GC(63) Using 10 workers of 10 for evacuation
[2025-05-20T23:46:28.496+0000][gc,phases   ] GC(63)   Pre Evacuate Collection Set: 0.3ms
[2025-05-20T23:46:28.496+0000][gc,phases   ] GC(63)   Merge Heap Roots: 0.2ms
[2025-05-20T23:46:28.496+0000][gc,phases   ] GC(63)   Evacuate Collection Set: 8.4ms
[2025-05-20T23:46:28.496+0000][gc,phases   ] GC(63)   Post Evacuate Collection Set: 0.9ms
[2025-05-20T23:46:28.496+0000][gc,phases   ] GC(63)   Other: 0.3ms
[2025-05-20T23:46:28.497+0000][gc,heap     ] GC(63) Eden regions: 590->0(588)
[2025-05-20T23:46:28.497+0000][gc,heap     ] GC(63) Survivor regions: 24->26(77)
[2025-05-20T23:46:28.497+0000][gc,heap     ] GC(63) Old regions: 48->50
[2025-05-20T23:46:28.497+0000][gc,heap     ] GC(63) Humongous regions: 130->130
[2025-05-20T23:46:28.498+0000][gc,metaspace] GC(63) Metaspace: 17408K(17856K)->17408K(17856K) NonClass: 15433K(15616K)->15433K(15616K) Class: 1974K(2240K)->1974K(2240K)
[2025-05-20T23:46:28.498+0000][gc          ] GC(63) Pause Young (Normal) (G1 Evacuation Pause) 791M->204M(1024M) 12.627ms
[2025-05-20T23:46:28.498+0000][gc,cpu      ] GC(63) User=0.08s Sys=0.00s Real=0.02s
[2025-05-20T23:47:07.917+0000][gc,start    ] GC(64) Pause Young (Normal) (G1 Evacuation Pause)
[2025-05-20T23:47:07.917+0000][gc,task     ] GC(64) Using 10 workers of 10 for evacuation
[2025-05-20T23:47:07.925+0000][gc,phases   ] GC(64)   Pre Evacuate Collection Set: 0.4ms
[2025-05-20T23:47:07.925+0000][gc,phases   ] GC(64)   Merge Heap Roots: 0.2ms
[2025-05-20T23:47:07.925+0000][gc,phases   ] GC(64)   Evacuate Collection Set: 6.0ms
[2025-05-20T23:47:07.925+0000][gc,phases   ] GC(64)   Post Evacuate Collection Set: 0.9ms
[2025-05-20T23:47:07.926+0000][gc,phases   ] GC(64)   Other: 0.3ms
[2025-05-20T23:47:07.926+0000][gc,heap     ] GC(64) Eden regions: 588->0(590)
[2025-05-20T23:47:07.926+0000][gc,heap     ] GC(64) Survivor regions: 26->24(77)
[2025-05-20T23:47:07.926+0000][gc,heap     ] GC(64) Old regions: 50->51
[2025-05-20T23:47:07.926+0000][gc,heap     ] GC(64) Humongous regions: 130->130
[2025-05-20T23:47:07.926+0000][gc,metaspace] GC(64) Metaspace: 17434K(17920K)->17434K(17920K) NonClass: 15459K(15680K)->15459K(15680K) Class: 1974K(2240K)->1974K(2240K)
[2025-05-20T23:47:07.926+0000][gc          ] GC(64) Pause Young (Normal) (G1 Evacuation Pause) 792M->204M(1024M) 9.539ms
[2025-05-20T23:47:07.926+0000][gc,cpu      ] GC(64) User=0.05s Sys=0.01s Real=0.01s
[2025-05-20T23:47:38.263+0000][gc,start    ] GC(65) Pause Young (Normal) (G1 Evacuation Pause)
[2025-05-20T23:47:38.263+0000][gc,task     ] GC(65) Using 10 workers of 10 for evacuation
[2025-05-20T23:47:38.276+0000][gc,phases   ] GC(65)   Pre Evacuate Collection Set: 0.3ms
[2025-05-20T23:47:38.276+0000][gc,phases   ] GC(65)   Merge Heap Roots: 0.2ms
[2025-05-20T23:47:38.276+0000][gc,phases   ] GC(65)   Evacuate Collection Set: 10.0ms
[2025-05-20T23:47:38.277+0000][gc,phases   ] GC(65)   Post Evacuate Collection Set: 1.5ms
[2025-05-20T23:47:38.277+0000][gc,phases   ] GC(65)   Other: 0.4ms
[2025-05-20T23:47:38.277+0000][gc,heap     ] GC(65) Eden regions: 590->0(594)
[2025-05-20T23:47:38.277+0000][gc,heap     ] GC(65) Survivor regions: 24->20(77)
[2025-05-20T23:47:38.278+0000][gc,heap     ] GC(65) Old regions: 51->52
[2025-05-20T23:47:38.278+0000][gc,heap     ] GC(65) Humongous regions: 130->130
[2025-05-20T23:47:38.278+0000][gc,metaspace] GC(65) Metaspace: 17435K(17920K)->17435K(17920K) NonClass: 15461K(15680K)->15461K(15680K) Class: 1974K(2240K)->1974K(2240K)
[2025-05-20T23:47:38.278+0000][gc          ] GC(65) Pause Young (Normal) (G1 Evacuation Pause) 794M->201M(1024M) 15.325ms
[2025-05-20T23:47:38.279+0000][gc,cpu      ] GC(65) User=0.06s Sys=0.03s Real=0.02s
[2025-05-20T23:48:08.359+0000][gc,start    ] GC(66) Pause Young (Normal) (G1 Evacuation Pause)
[2025-05-20T23:48:08.360+0000][gc,task     ] GC(66) Using 10 workers of 10 for evacuation
[2025-05-20T23:48:08.368+0000][gc,phases   ] GC(66)   Pre Evacuate Collection Set: 0.5ms
[2025-05-20T23:48:08.368+0000][gc,phases   ] GC(66)   Merge Heap Roots: 0.4ms
[2025-05-20T23:48:08.369+0000][gc,phases   ] GC(66)   Evacuate Collection Set: 6.2ms
[2025-05-20T23:48:08.369+0000][gc,phases   ] GC(66)   Post Evacuate Collection Set: 1.1ms
[2025-05-20T23:48:08.369+0000][gc,phases   ] GC(66)   Other: 0.3ms
[2025-05-20T23:48:08.369+0000][gc,heap     ] GC(66) Eden regions: 594->0(592)
[2025-05-20T23:48:08.369+0000][gc,heap     ] GC(66) Survivor regions: 20->22(77)
[2025-05-20T23:48:08.369+0000][gc,heap     ] GC(66) Old regions: 52->53
[2025-05-20T23:48:08.370+0000][gc,heap     ] GC(66) Humongous regions: 130->130
[2025-05-20T23:48:08.370+0000][gc,metaspace] GC(66) Metaspace: 17435K(17920K)->17435K(17920K) NonClass: 15461K(15680K)->15461K(15680K) Class: 1974K(2240K)->1974K(2240K)
[2025-05-20T23:48:08.370+0000][gc          ] GC(66) Pause Young (Normal) (G1 Evacuation Pause) 795M->204M(1024M) 11.010ms
[2025-05-20T23:48:08.370+0000][gc,cpu      ] GC(66) User=0.07s Sys=0.00s Real=0.01s
[2025-05-20T23:48:47.963+0000][gc,start    ] GC(67) Pause Young (Normal) (G1 Evacuation Pause)
[2025-05-20T23:48:47.963+0000][gc,task     ] GC(67) Using 10 workers of 10 for evacuation
[2025-05-20T23:48:47.983+0000][gc,phases   ] GC(67)   Pre Evacuate Collection Set: 0.5ms
[2025-05-20T23:48:47.984+0000][gc,phases   ] GC(67)   Merge Heap Roots: 0.3ms
[2025-05-20T23:48:47.984+0000][gc,phases   ] GC(67)   Evacuate Collection Set: 17.2ms
[2025-05-20T23:48:47.985+0000][gc,phases   ] GC(67)   Post Evacuate Collection Set: 1.3ms
[2025-05-20T23:48:47.985+0000][gc,phases   ] GC(67)   Other: 0.4ms
[2025-05-20T23:48:47.986+0000][gc,heap     ] GC(67) Eden regions: 592->0(594)
[2025-05-20T23:48:47.986+0000][gc,heap     ] GC(67) Survivor regions: 22->20(77)
[2025-05-20T23:48:47.986+0000][gc,heap     ] GC(67) Old regions: 53->54
[2025-05-20T23:48:47.987+0000][gc,heap     ] GC(67) Humongous regions: 130->130
[2025-05-20T23:48:47.987+0000][gc,metaspace] GC(67) Metaspace: 17442K(17920K)->17442K(17920K) NonClass: 15468K(15680K)->15468K(15680K) Class: 1974K(2240K)->1974K(2240K)
[2025-05-20T23:48:47.988+0000][gc          ] GC(67) Pause Young (Normal) (G1 Evacuation Pause) 796M->203M(1024M) 25.042ms
[2025-05-20T23:48:47.988+0000][gc,cpu      ] GC(67) User=0.06s Sys=0.08s Real=0.02s
[2025-05-20T23:49:18.126+0000][gc,start    ] GC(68) Pause Young (Normal) (G1 Evacuation Pause)
[2025-05-20T23:49:18.127+0000][gc,task     ] GC(68) Using 10 workers of 10 for evacuation
[2025-05-20T23:49:18.134+0000][gc,phases   ] GC(68)   Pre Evacuate Collection Set: 0.3ms
[2025-05-20T23:49:18.135+0000][gc,phases   ] GC(68)   Merge Heap Roots: 0.2ms
[2025-05-20T23:49:18.135+0000][gc,phases   ] GC(68)   Evacuate Collection Set: 6.0ms
[2025-05-20T23:49:18.135+0000][gc,phases   ] GC(68)   Post Evacuate Collection Set: 0.9ms
[2025-05-20T23:49:18.135+0000][gc,phases   ] GC(68)   Other: 0.3ms
[2025-05-20T23:49:18.135+0000][gc,heap     ] GC(68) Eden regions: 594->0(593)
[2025-05-20T23:49:18.135+0000][gc,heap     ] GC(68) Survivor regions: 20->21(77)
[2025-05-20T23:49:18.135+0000][gc,heap     ] GC(68) Old regions: 54->55
[2025-05-20T23:49:18.135+0000][gc,heap     ] GC(68) Humongous regions: 130->130
[2025-05-20T23:49:18.135+0000][gc,metaspace] GC(68) Metaspace: 17442K(17920K)->17442K(17920K) NonClass: 15468K(15680K)->15468K(15680K) Class: 1974K(2240K)->1974K(2240K)
[2025-05-20T23:49:18.136+0000][gc          ] GC(68) Pause Young (Normal) (G1 Evacuation Pause) 797M->205M(1024M) 9.155ms
[2025-05-20T23:49:18.136+0000][gc,cpu      ] GC(68) User=0.06s Sys=0.00s Real=0.01s
[2025-05-20T23:49:48.391+0000][gc,start    ] GC(69) Pause Young (Normal) (G1 Evacuation Pause)
[2025-05-20T23:49:48.391+0000][gc,task     ] GC(69) Using 10 workers of 10 for evacuation
[2025-05-20T23:49:48.402+0000][gc,phases   ] GC(69)   Pre Evacuate Collection Set: 0.4ms
[2025-05-20T23:49:48.402+0000][gc,phases   ] GC(69)   Merge Heap Roots: 0.2ms
[2025-05-20T23:49:48.402+0000][gc,phases   ] GC(69)   Evacuate Collection Set: 8.5ms
[2025-05-20T23:49:48.402+0000][gc,phases   ] GC(69)   Post Evacuate Collection Set: 1.1ms
[2025-05-20T23:49:48.402+0000][gc,phases   ] GC(69)   Other: 0.4ms
[2025-05-20T23:49:48.403+0000][gc,heap     ] GC(69) Eden regions: 593->0(591)
[2025-05-20T23:49:48.403+0000][gc,heap     ] GC(69) Survivor regions: 21->23(77)
[2025-05-20T23:49:48.403+0000][gc,heap     ] GC(69) Old regions: 55->57
[2025-05-20T23:49:48.403+0000][gc,heap     ] GC(69) Humongous regions: 130->130
[2025-05-20T23:49:48.403+0000][gc,metaspace] GC(69) Metaspace: 17443K(17920K)->17443K(17920K) NonClass: 15469K(15680K)->15469K(15680K) Class: 1974K(2240K)->1974K(2240K)
[2025-05-20T23:49:48.404+0000][gc          ] GC(69) Pause Young (Normal) (G1 Evacuation Pause) 798M->209M(1024M) 12.761ms
[2025-05-20T23:49:48.404+0000][gc,cpu      ] GC(69) User=0.08s Sys=0.00s Real=0.01s
[2025-05-20T23:50:27.925+0000][gc,start    ] GC(70) Pause Young (Normal) (G1 Evacuation Pause)
[2025-05-20T23:50:27.925+0000][gc,task     ] GC(70) Using 10 workers of 10 for evacuation
[2025-05-20T23:50:27.935+0000][gc,phases   ] GC(70)   Pre Evacuate Collection Set: 0.3ms
[2025-05-20T23:50:27.935+0000][gc,phases   ] GC(70)   Merge Heap Roots: 0.2ms
[2025-05-20T23:50:27.936+0000][gc,phases   ] GC(70)   Evacuate Collection Set: 8.2ms
[2025-05-20T23:50:27.936+0000][gc,phases   ] GC(70)   Post Evacuate Collection Set: 1.1ms
[2025-05-20T23:50:27.936+0000][gc,phases   ] GC(70)   Other: 0.3ms
[2025-05-20T23:50:27.936+0000][gc,heap     ] GC(70) Eden regions: 591->0(593)
[2025-05-20T23:50:27.936+0000][gc,heap     ] GC(70) Survivor regions: 23->21(77)
[2025-05-20T23:50:27.937+0000][gc,heap     ] GC(70) Old regions: 57->58
[2025-05-20T23:50:27.937+0000][gc,heap     ] GC(70) Humongous regions: 130->130
[2025-05-20T23:50:27.937+0000][gc,metaspace] GC(70) Metaspace: 17443K(17920K)->17443K(17920K) NonClass: 15469K(15680K)->15469K(15680K) Class: 1974K(2240K)->1974K(2240K)
[2025-05-20T23:50:27.937+0000][gc          ] GC(70) Pause Young (Normal) (G1 Evacuation Pause) 800M->208M(1024M) 12.635ms
[2025-05-20T23:50:27.938+0000][gc,cpu      ] GC(70) User=0.08s Sys=0.00s Real=0.01s
[2025-05-20T23:50:58.120+0000][gc,start    ] GC(71) Pause Young (Normal) (G1 Evacuation Pause)
[2025-05-20T23:50:58.120+0000][gc,task     ] GC(71) Using 10 workers of 10 for evacuation
[2025-05-20T23:50:58.128+0000][gc,phases   ] GC(71)   Pre Evacuate Collection Set: 0.3ms
[2025-05-20T23:50:58.128+0000][gc,phases   ] GC(71)   Merge Heap Roots: 0.3ms
[2025-05-20T23:50:58.128+0000][gc,phases   ] GC(71)   Evacuate Collection Set: 6.1ms
[2025-05-20T23:50:58.128+0000][gc,phases   ] GC(71)   Post Evacuate Collection Set: 0.9ms
[2025-05-20T23:50:58.129+0000][gc,phases   ] GC(71)   Other: 0.3ms
[2025-05-20T23:50:58.129+0000][gc,heap     ] GC(71) Eden regions: 593->0(592)
[2025-05-20T23:50:58.129+0000][gc,heap     ] GC(71) Survivor regions: 21->22(77)
[2025-05-20T23:50:58.129+0000][gc,heap     ] GC(71) Old regions: 58->59
[2025-05-20T23:50:58.129+0000][gc,heap     ] GC(71) Humongous regions: 130->130
[2025-05-20T23:50:58.129+0000][gc,metaspace] GC(71) Metaspace: 17444K(17920K)->17444K(17920K) NonClass: 15470K(15680K)->15470K(15680K) Class: 1974K(2240K)->1974K(2240K)
[2025-05-20T23:50:58.129+0000][gc          ] GC(71) Pause Young (Normal) (G1 Evacuation Pause) 801M->210M(1024M) 9.633ms
[2025-05-20T23:50:58.129+0000][gc,cpu      ] GC(71) User=0.05s Sys=0.01s Real=0.01s
[2025-05-20T23:51:28.384+0000][gc,start    ] GC(72) Pause Young (Normal) (G1 Evacuation Pause)
[2025-05-20T23:51:28.384+0000][gc,task     ] GC(72) Using 10 workers of 10 for evacuation
[2025-05-20T23:51:28.394+0000][gc,phases   ] GC(72)   Pre Evacuate Collection Set: 0.4ms
[2025-05-20T23:51:28.395+0000][gc,phases   ] GC(72)   Merge Heap Roots: 0.2ms
[2025-05-20T23:51:28.395+0000][gc,phases   ] GC(72)   Evacuate Collection Set: 8.3ms
[2025-05-20T23:51:28.395+0000][gc,phases   ] GC(72)   Post Evacuate Collection Set: 1.2ms
[2025-05-20T23:51:28.395+0000][gc,phases   ] GC(72)   Other: 0.4ms
[2025-05-20T23:51:28.396+0000][gc,heap     ] GC(72) Eden regions: 592->0(589)
[2025-05-20T23:51:28.396+0000][gc,heap     ] GC(72) Survivor regions: 22->25(77)
[2025-05-20T23:51:28.396+0000][gc,heap     ] GC(72) Old regions: 59->60
[2025-05-20T23:51:28.396+0000][gc,heap     ] GC(72) Humongous regions: 130->130
[2025-05-20T23:51:28.396+0000][gc,metaspace] GC(72) Metaspace: 17454K(17920K)->17454K(17920K) NonClass: 15479K(15680K)->15479K(15680K) Class: 1974K(2240K)->1974K(2240K)
[2025-05-20T23:51:28.397+0000][gc          ] GC(72) Pause Young (Normal) (G1 Evacuation Pause) 802M->213M(1024M) 12.731ms
[2025-05-20T23:51:28.397+0000][gc,cpu      ] GC(72) User=0.09s Sys=0.00s Real=0.02s
[2025-05-20T23:52:07.906+0000][gc,start    ] GC(73) Pause Young (Normal) (G1 Evacuation Pause)
[2025-05-20T23:52:07.906+0000][gc,task     ] GC(73) Using 10 workers of 10 for evacuation
[2025-05-20T23:52:07.915+0000][gc,phases   ] GC(73)   Pre Evacuate Collection Set: 0.3ms
[2025-05-20T23:52:07.915+0000][gc,phases   ] GC(73)   Merge Heap Roots: 0.2ms
[2025-05-20T23:52:07.915+0000][gc,phases   ] GC(73)   Evacuate Collection Set: 7.0ms
[2025-05-20T23:52:07.916+0000][gc,phases   ] GC(73)   Post Evacuate Collection Set: 1.0ms
[2025-05-20T23:52:07.916+0000][gc,phases   ] GC(73)   Other: 0.3ms
[2025-05-20T23:52:07.916+0000][gc,heap     ] GC(73) Eden regions: 589->0(597)
[2025-05-20T23:52:07.916+0000][gc,heap     ] GC(73) Survivor regions: 25->17(77)
[2025-05-20T23:52:07.916+0000][gc,heap     ] GC(73) Old regions: 60->62
[2025-05-20T23:52:07.916+0000][gc,heap     ] GC(73) Humongous regions: 130->130
[2025-05-20T23:52:07.917+0000][gc,metaspace] GC(73) Metaspace: 17460K(17920K)->17460K(17920K) NonClass: 15485K(15680K)->15485K(15680K) Class: 1974K(2240K)->1974K(2240K)
[2025-05-20T23:52:07.917+0000][gc          ] GC(73) Pause Young (Normal) (G1 Evacuation Pause) 802M->207M(1024M) 10.885ms
[2025-05-20T23:52:07.917+0000][gc,cpu      ] GC(73) User=0.07s Sys=0.00s Real=0.01s
[2025-05-20T23:52:38.166+0000][gc,start    ] GC(74) Pause Young (Normal) (G1 Evacuation Pause)
[2025-05-20T23:52:38.166+0000][gc,task     ] GC(74) Using 10 workers of 10 for evacuation
[2025-05-20T23:52:38.174+0000][gc,phases   ] GC(74)   Pre Evacuate Collection Set: 0.3ms
[2025-05-20T23:52:38.174+0000][gc,phases   ] GC(74)   Merge Heap Roots: 0.2ms
[2025-05-20T23:52:38.174+0000][gc,phases   ] GC(74)   Evacuate Collection Set: 5.8ms
[2025-05-20T23:52:38.175+0000][gc,phases   ] GC(74)   Post Evacuate Collection Set: 1.1ms
[2025-05-20T23:52:38.175+0000][gc,phases   ] GC(74)   Other: 0.3ms
[2025-05-20T23:52:38.175+0000][gc,heap     ] GC(74) Eden regions: 597->0(596)
[2025-05-20T23:52:38.175+0000][gc,heap     ] GC(74) Survivor regions: 17->18(77)
[2025-05-20T23:52:38.175+0000][gc,heap     ] GC(74) Old regions: 62->63
[2025-05-20T23:52:38.176+0000][gc,heap     ] GC(74) Humongous regions: 130->130
[2025-05-20T23:52:38.176+0000][gc,metaspace] GC(74) Metaspace: 17461K(17920K)->17461K(17920K) NonClass: 15486K(15680K)->15486K(15680K) Class: 1974K(2240K)->1974K(2240K)
[2025-05-20T23:52:38.176+0000][gc          ] GC(74) Pause Young (Normal) (G1 Evacuation Pause) 804M->210M(1024M) 9.905ms
[2025-05-20T23:52:38.176+0000][gc,cpu      ] GC(74) User=0.06s Sys=0.00s Real=0.01s
[2025-05-20T23:53:08.401+0000][gc,start    ] GC(75) Pause Young (Normal) (G1 Evacuation Pause)
[2025-05-20T23:53:08.401+0000][gc,task     ] GC(75) Using 10 workers of 10 for evacuation
[2025-05-20T23:53:08.410+0000][gc,phases   ] GC(75)   Pre Evacuate Collection Set: 0.5ms
[2025-05-20T23:53:08.411+0000][gc,phases   ] GC(75)   Merge Heap Roots: 0.2ms
[2025-05-20T23:53:08.411+0000][gc,phases   ] GC(75)   Evacuate Collection Set: 7.1ms
[2025-05-20T23:53:08.411+0000][gc,phases   ] GC(75)   Post Evacuate Collection Set: 1.1ms
[2025-05-20T23:53:08.412+0000][gc,phases   ] GC(75)   Other: 0.4ms
[2025-05-20T23:53:08.412+0000][gc,heap     ] GC(75) Eden regions: 596->0(594)
[2025-05-20T23:53:08.412+0000][gc,heap     ] GC(75) Survivor regions: 18->20(77)
[2025-05-20T23:53:08.412+0000][gc,heap     ] GC(75) Old regions: 63->65
[2025-05-20T23:53:08.412+0000][gc,heap     ] GC(75) Humongous regions: 130->130
[2025-05-20T23:53:08.412+0000][gc,metaspace] GC(75) Metaspace: 17463K(17920K)->17463K(17920K) NonClass: 15488K(15680K)->15488K(15680K) Class: 1974K(2240K)->1974K(2240K)
[2025-05-20T23:53:08.413+0000][gc          ] GC(75) Pause Young (Normal) (G1 Evacuation Pause) 806M->213M(1024M) 11.581ms
[2025-05-20T23:53:08.413+0000][gc,cpu      ] GC(75) User=0.06s Sys=0.01s Real=0.02s
[2025-05-20T23:53:46.231+0000][gc,heap,exit] Heap
[2025-05-20T23:53:46.231+0000][gc,heap,exit]  garbage-first heap   total 1048576K, used 803185K [0x00000000c0000000, 0x0000000100000000)
[2025-05-20T23:53:46.231+0000][gc,heap,exit]   region size 1024K, 591 young (605184K), 20 survivors (20480K)
[2025-05-20T23:53:46.231+0000][gc,heap,exit]  Metaspace       used 18146K, committed 18560K, reserved 1114112K
[2025-05-20T23:53:46.232+0000][gc,heap,exit]   class space    used 2142K, committed 2368K, reserved 1048576K
