[2025-05-24T13:06:27.014+0000][gc,init] CardTable entry size: 512
[2025-05-24T13:06:27.016+0000][gc     ] Using G1
[2025-05-24T13:06:27.036+0000][gc,init] Version: 21.0.4+7-LTS (release)
[2025-05-24T13:06:27.037+0000][gc,init] CPUs: 12 total, 12 available
[2025-05-24T13:06:27.037+0000][gc,init] Memory: 15597M
[2025-05-24T13:06:27.037+0000][gc,init] Large Page Support: Disabled
[2025-05-24T13:06:27.038+0000][gc,init] NUMA Support: Disabled
[2025-05-24T13:06:27.038+0000][gc,init] Compressed Oops: Enabled (32-bit)
[2025-05-24T13:06:27.039+0000][gc,init] Heap Region Size: 1M
[2025-05-24T13:06:27.039+0000][gc,init] Heap Min Capacity: 1G
[2025-05-24T13:06:27.039+0000][gc,init] Heap Initial Capacity: 1G
[2025-05-24T13:06:27.039+0000][gc,init] Heap Max Capacity: 1G
[2025-05-24T13:06:27.040+0000][gc,init] Pre-touch: Disabled
[2025-05-24T13:06:27.040+0000][gc,init] Parallel Workers: 10
[2025-05-24T13:06:27.040+0000][gc,init] Concurrent Workers: 3
[2025-05-24T13:06:27.040+0000][gc,init] Concurrent Refinement Workers: 10
[2025-05-24T13:06:27.040+0000][gc,init] Periodic GC: Disabled
[2025-05-24T13:06:27.101+0000][gc,metaspace] CDS archive(s) mapped at: [0x00007f6472000000-0x00007f6472bbe000-0x00007f6475674000), size 57098240, SharedBaseAddress: 0x00007f6472000000, ArchiveRelocationMode: 1.
[2025-05-24T13:06:27.102+0000][gc,metaspace] Compressed class space mapped at: 0x00007f6476000000-0x00007f64b6000000, reserved size: 1073741824
[2025-05-24T13:06:27.102+0000][gc,metaspace] Narrow klass base: 0x00007f6472000000, Narrow klass shift: 0, Narrow klass range: 0x100000000
[2025-05-24T13:06:32.812+0000][gc,start    ] GC(0) Pause Young (Normal) (G1 Evacuation Pause)
[2025-05-24T13:06:32.871+0000][gc,task     ] GC(0) Using 10 workers of 10 for evacuation
[2025-05-24T13:06:32.915+0000][gc,phases   ] GC(0)   Pre Evacuate Collection Set: 0.3ms
[2025-05-24T13:06:32.915+0000][gc,phases   ] GC(0)   Merge Heap Roots: 0.1ms
[2025-05-24T13:06:32.915+0000][gc,phases   ] GC(0)   Evacuate Collection Set: 30.7ms
[2025-05-24T13:06:32.915+0000][gc,phases   ] GC(0)   Post Evacuate Collection Set: 11.8ms
[2025-05-24T13:06:32.916+0000][gc,phases   ] GC(0)   Other: 54.0ms
[2025-05-24T13:06:32.916+0000][gc,heap     ] GC(0) Eden regions: 51->0(44)
[2025-05-24T13:06:32.916+0000][gc,heap     ] GC(0) Survivor regions: 0->7(7)
[2025-05-24T13:06:32.916+0000][gc,heap     ] GC(0) Old regions: 1->6
[2025-05-24T13:06:32.916+0000][gc,heap     ] GC(0) Humongous regions: 1->1
[2025-05-24T13:06:32.916+0000][gc,metaspace] GC(0) Metaspace: 6065K(6400K)->6065K(6400K) NonClass: 5331K(5504K)->5331K(5504K) Class: 733K(896K)->733K(896K)
[2025-05-24T13:06:32.917+0000][gc          ] GC(0) Pause Young (Normal) (G1 Evacuation Pause) 52M->13M(1024M) 104.731ms
[2025-05-24T13:06:32.917+0000][gc,cpu      ] GC(0) User=0.08s Sys=0.00s Real=0.10s
[2025-05-24T13:06:35.539+0000][gc,start    ] GC(1) Pause Young (Normal) (G1 Evacuation Pause)
[2025-05-24T13:06:35.544+0000][gc,task     ] GC(1) Using 10 workers of 10 for evacuation
[2025-05-24T13:06:35.592+0000][gc,phases   ] GC(1)   Pre Evacuate Collection Set: 0.6ms
[2025-05-24T13:06:35.592+0000][gc,phases   ] GC(1)   Merge Heap Roots: 0.4ms
[2025-05-24T13:06:35.592+0000][gc,phases   ] GC(1)   Evacuate Collection Set: 44.6ms
[2025-05-24T13:06:35.592+0000][gc,phases   ] GC(1)   Post Evacuate Collection Set: 1.5ms
[2025-05-24T13:06:35.593+0000][gc,phases   ] GC(1)   Other: 0.4ms
[2025-05-24T13:06:35.593+0000][gc,heap     ] GC(1) Eden regions: 44->0(47)
[2025-05-24T13:06:35.593+0000][gc,heap     ] GC(1) Survivor regions: 7->7(7)
[2025-05-24T13:06:35.593+0000][gc,heap     ] GC(1) Old regions: 6->13
[2025-05-24T13:06:35.593+0000][gc,heap     ] GC(1) Humongous regions: 130->130
[2025-05-24T13:06:35.595+0000][gc,metaspace] GC(1) Metaspace: 9404K(9792K)->9404K(9792K) NonClass: 8292K(8512K)->8292K(8512K) Class: 1111K(1280K)->1111K(1280K)
[2025-05-24T13:06:35.595+0000][gc          ] GC(1) Pause Young (Normal) (G1 Evacuation Pause) 186M->148M(1024M) 56.580ms
[2025-05-24T13:06:35.595+0000][gc,cpu      ] GC(1) User=0.07s Sys=0.02s Real=0.06s
[2025-05-24T13:06:41.886+0000][gc,start    ] GC(2) Pause Young (Normal) (G1 Evacuation Pause)
[2025-05-24T13:06:41.887+0000][gc,task     ] GC(2) Using 10 workers of 10 for evacuation
[2025-05-24T13:06:41.896+0000][gc,phases   ] GC(2)   Pre Evacuate Collection Set: 0.4ms
[2025-05-24T13:06:41.896+0000][gc,phases   ] GC(2)   Merge Heap Roots: 0.2ms
[2025-05-24T13:06:41.897+0000][gc,phases   ] GC(2)   Evacuate Collection Set: 7.6ms
[2025-05-24T13:06:41.897+0000][gc,phases   ] GC(2)   Post Evacuate Collection Set: 1.0ms
[2025-05-24T13:06:41.897+0000][gc,phases   ] GC(2)   Other: 0.4ms
[2025-05-24T13:06:41.897+0000][gc,heap     ] GC(2) Eden regions: 55->0(67)
[2025-05-24T13:06:41.897+0000][gc,heap     ] GC(2) Survivor regions: 7->5(8)
[2025-05-24T13:06:41.898+0000][gc,heap     ] GC(2) Old regions: 13->19
[2025-05-24T13:06:41.898+0000][gc,heap     ] GC(2) Humongous regions: 130->130
[2025-05-24T13:06:41.898+0000][gc,metaspace] GC(2) Metaspace: 11268K(11648K)->11268K(11648K) NonClass: 9845K(10048K)->9845K(10048K) Class: 1423K(1600K)->1423K(1600K)
[2025-05-24T13:06:41.898+0000][gc          ] GC(2) Pause Young (Normal) (G1 Evacuation Pause) 203M->152M(1024M) 12.042ms
[2025-05-24T13:06:41.898+0000][gc,cpu      ] GC(2) User=0.05s Sys=0.00s Real=0.01s
[2025-05-24T13:06:42.362+0000][gc,start    ] GC(3) Pause Young (Normal) (G1 Evacuation Pause)
[2025-05-24T13:06:42.362+0000][gc,task     ] GC(3) Using 10 workers of 10 for evacuation
[2025-05-24T13:06:42.369+0000][gc,phases   ] GC(3)   Pre Evacuate Collection Set: 0.4ms
[2025-05-24T13:06:42.369+0000][gc,phases   ] GC(3)   Merge Heap Roots: 0.2ms
[2025-05-24T13:06:42.369+0000][gc,phases   ] GC(3)   Evacuate Collection Set: 4.9ms
[2025-05-24T13:06:42.370+0000][gc,phases   ] GC(3)   Post Evacuate Collection Set: 0.9ms
[2025-05-24T13:06:42.370+0000][gc,phases   ] GC(3)   Other: 0.4ms
[2025-05-24T13:06:42.370+0000][gc,heap     ] GC(3) Eden regions: 67->0(558)
[2025-05-24T13:06:42.370+0000][gc,heap     ] GC(3) Survivor regions: 5->6(9)
[2025-05-24T13:06:42.370+0000][gc,heap     ] GC(3) Old regions: 19->19
[2025-05-24T13:06:42.371+0000][gc,heap     ] GC(3) Humongous regions: 130->130
[2025-05-24T13:06:42.371+0000][gc,metaspace] GC(3) Metaspace: 11509K(11840K)->11509K(11840K) NonClass: 10050K(10176K)->10050K(10176K) Class: 1459K(1664K)->1459K(1664K)
[2025-05-24T13:06:42.371+0000][gc          ] GC(3) Pause Young (Normal) (G1 Evacuation Pause) 219M->154M(1024M) 9.185ms
[2025-05-24T13:06:42.371+0000][gc,cpu      ] GC(3) User=0.04s Sys=0.00s Real=0.01s
[2025-05-24T13:07:22.211+0000][gc,start    ] GC(4) Pause Young (Normal) (G1 Evacuation Pause)
[2025-05-24T13:07:22.211+0000][gc,task     ] GC(4) Using 10 workers of 10 for evacuation
[2025-05-24T13:07:22.224+0000][gc,phases   ] GC(4)   Pre Evacuate Collection Set: 0.5ms
[2025-05-24T13:07:22.224+0000][gc,phases   ] GC(4)   Merge Heap Roots: 0.4ms
[2025-05-24T13:07:22.225+0000][gc,phases   ] GC(4)   Evacuate Collection Set: 8.4ms
[2025-05-24T13:07:22.225+0000][gc,phases   ] GC(4)   Post Evacuate Collection Set: 2.8ms
[2025-05-24T13:07:22.225+0000][gc,phases   ] GC(4)   Other: 0.5ms
[2025-05-24T13:07:22.225+0000][gc,heap     ] GC(4) Eden regions: 563->0(608)
[2025-05-24T13:07:22.226+0000][gc,heap     ] GC(4) Survivor regions: 6->6(72)
[2025-05-24T13:07:22.226+0000][gc,heap     ] GC(4) Old regions: 19->19
[2025-05-24T13:07:22.226+0000][gc,heap     ] GC(4) Humongous regions: 131->130
[2025-05-24T13:07:22.226+0000][gc,metaspace] GC(4) Metaspace: 12271K(12608K)->12271K(12608K) NonClass: 10751K(10880K)->10751K(10880K) Class: 1520K(1728K)->1520K(1728K)
[2025-05-24T13:07:22.227+0000][gc          ] GC(4) Pause Young (Normal) (G1 Evacuation Pause) 718M->154M(1024M) 15.978ms
[2025-05-24T13:07:22.227+0000][gc,cpu      ] GC(4) User=0.04s Sys=0.02s Real=0.02s
[2025-05-24T13:08:02.341+0000][gc,start    ] GC(5) Pause Young (Normal) (G1 Evacuation Pause)
[2025-05-24T13:08:02.342+0000][gc,task     ] GC(5) Using 10 workers of 10 for evacuation
[2025-05-24T13:08:02.353+0000][gc,phases   ] GC(5)   Pre Evacuate Collection Set: 0.5ms
[2025-05-24T13:08:02.353+0000][gc,phases   ] GC(5)   Merge Heap Roots: 0.4ms
[2025-05-24T13:08:02.354+0000][gc,phases   ] GC(5)   Evacuate Collection Set: 7.2ms
[2025-05-24T13:08:02.354+0000][gc,phases   ] GC(5)   Post Evacuate Collection Set: 1.7ms
[2025-05-24T13:08:02.354+0000][gc,phases   ] GC(5)   Other: 0.9ms
[2025-05-24T13:08:02.354+0000][gc,heap     ] GC(5) Eden regions: 608->0(607)
[2025-05-24T13:08:02.355+0000][gc,heap     ] GC(5) Survivor regions: 6->7(77)
[2025-05-24T13:08:02.355+0000][gc,heap     ] GC(5) Old regions: 19->19
[2025-05-24T13:08:02.355+0000][gc,heap     ] GC(5) Humongous regions: 130->130
[2025-05-24T13:08:02.355+0000][gc,metaspace] GC(5) Metaspace: 12781K(13184K)->12781K(13184K) NonClass: 11195K(11392K)->11195K(11392K) Class: 1586K(1792K)->1586K(1792K)
[2025-05-24T13:08:02.356+0000][gc          ] GC(5) Pause Young (Normal) (G1 Evacuation Pause) 762M->155M(1024M) 14.071ms
[2025-05-24T13:08:02.356+0000][gc,cpu      ] GC(5) User=0.00s Sys=0.06s Real=0.01s
[2025-05-24T13:08:42.257+0000][gc,start    ] GC(6) Pause Young (Normal) (G1 Evacuation Pause)
[2025-05-24T13:08:42.257+0000][gc,task     ] GC(6) Using 10 workers of 10 for evacuation
[2025-05-24T13:08:42.262+0000][gc,phases   ] GC(6)   Pre Evacuate Collection Set: 0.5ms
[2025-05-24T13:08:42.263+0000][gc,phases   ] GC(6)   Merge Heap Roots: 0.3ms
[2025-05-24T13:08:42.263+0000][gc,phases   ] GC(6)   Evacuate Collection Set: 3.2ms
[2025-05-24T13:08:42.263+0000][gc,phases   ] GC(6)   Post Evacuate Collection Set: 1.2ms
[2025-05-24T13:08:42.263+0000][gc,phases   ] GC(6)   Other: 0.4ms
[2025-05-24T13:08:42.263+0000][gc,heap     ] GC(6) Eden regions: 607->0(607)
[2025-05-24T13:08:42.264+0000][gc,heap     ] GC(6) Survivor regions: 7->7(77)
[2025-05-24T13:08:42.264+0000][gc,heap     ] GC(6) Old regions: 19->19
[2025-05-24T13:08:42.264+0000][gc,heap     ] GC(6) Humongous regions: 130->130
[2025-05-24T13:08:42.264+0000][gc,metaspace] GC(6) Metaspace: 13033K(13440K)->13033K(13440K) NonClass: 11445K(11648K)->11445K(11648K) Class: 1587K(1792K)->1587K(1792K)
[2025-05-24T13:08:42.265+0000][gc          ] GC(6) Pause Young (Normal) (G1 Evacuation Pause) 762M->155M(1024M) 7.917ms
[2025-05-24T13:08:42.265+0000][gc,cpu      ] GC(6) User=0.03s Sys=0.00s Real=0.00s
[2025-05-24T13:09:22.593+0000][gc,start    ] GC(7) Pause Young (Normal) (G1 Evacuation Pause)
[2025-05-24T13:09:22.593+0000][gc,task     ] GC(7) Using 10 workers of 10 for evacuation
[2025-05-24T13:09:22.600+0000][gc,phases   ] GC(7)   Pre Evacuate Collection Set: 0.5ms
[2025-05-24T13:09:22.601+0000][gc,phases   ] GC(7)   Merge Heap Roots: 0.3ms
[2025-05-24T13:09:22.601+0000][gc,phases   ] GC(7)   Evacuate Collection Set: 4.2ms
[2025-05-24T13:09:22.601+0000][gc,phases   ] GC(7)   Post Evacuate Collection Set: 1.6ms
[2025-05-24T13:09:22.601+0000][gc,phases   ] GC(7)   Other: 0.5ms
[2025-05-24T13:09:22.601+0000][gc,heap     ] GC(7) Eden regions: 607->0(606)
[2025-05-24T13:09:22.602+0000][gc,heap     ] GC(7) Survivor regions: 7->8(77)
[2025-05-24T13:09:22.602+0000][gc,heap     ] GC(7) Old regions: 19->19
[2025-05-24T13:09:22.602+0000][gc,heap     ] GC(7) Humongous regions: 130->130
[2025-05-24T13:09:22.602+0000][gc,metaspace] GC(7) Metaspace: 13183K(13568K)->13183K(13568K) NonClass: 11588K(11776K)->11588K(11776K) Class: 1595K(1792K)->1595K(1792K)
[2025-05-24T13:09:22.603+0000][gc          ] GC(7) Pause Young (Normal) (G1 Evacuation Pause) 762M->156M(1024M) 10.218ms
[2025-05-24T13:09:22.603+0000][gc,cpu      ] GC(7) User=0.04s Sys=0.00s Real=0.01s
[2025-05-24T13:10:11.682+0000][gc,start    ] GC(8) Pause Young (Normal) (G1 Evacuation Pause)
[2025-05-24T13:10:11.683+0000][gc,task     ] GC(8) Using 10 workers of 10 for evacuation
[2025-05-24T13:10:11.687+0000][gc,phases   ] GC(8)   Pre Evacuate Collection Set: 0.4ms
[2025-05-24T13:10:11.688+0000][gc,phases   ] GC(8)   Merge Heap Roots: 0.3ms
[2025-05-24T13:10:11.688+0000][gc,phases   ] GC(8)   Evacuate Collection Set: 2.4ms
[2025-05-24T13:10:11.688+0000][gc,phases   ] GC(8)   Post Evacuate Collection Set: 1.2ms
[2025-05-24T13:10:11.688+0000][gc,phases   ] GC(8)   Other: 0.4ms
[2025-05-24T13:10:11.688+0000][gc,heap     ] GC(8) Eden regions: 606->0(609)
[2025-05-24T13:10:11.689+0000][gc,heap     ] GC(8) Survivor regions: 8->5(77)
[2025-05-24T13:10:11.689+0000][gc,heap     ] GC(8) Old regions: 19->19
[2025-05-24T13:10:11.689+0000][gc,heap     ] GC(8) Humongous regions: 130->130
[2025-05-24T13:10:11.689+0000][gc,metaspace] GC(8) Metaspace: 13427K(13824K)->13427K(13824K) NonClass: 11818K(12032K)->11818K(12032K) Class: 1608K(1792K)->1608K(1792K)
[2025-05-24T13:10:11.689+0000][gc          ] GC(8) Pause Young (Normal) (G1 Evacuation Pause) 762M->153M(1024M) 6.874ms
[2025-05-24T13:10:11.689+0000][gc,cpu      ] GC(8) User=0.02s Sys=0.01s Real=0.01s
[2025-05-24T13:10:51.876+0000][gc,start    ] GC(9) Pause Young (Normal) (G1 Evacuation Pause)
[2025-05-24T13:10:51.876+0000][gc,task     ] GC(9) Using 10 workers of 10 for evacuation
[2025-05-24T13:10:51.883+0000][gc,phases   ] GC(9)   Pre Evacuate Collection Set: 0.7ms
[2025-05-24T13:10:51.883+0000][gc,phases   ] GC(9)   Merge Heap Roots: 0.4ms
[2025-05-24T13:10:51.883+0000][gc,phases   ] GC(9)   Evacuate Collection Set: 3.4ms
[2025-05-24T13:10:51.884+0000][gc,phases   ] GC(9)   Post Evacuate Collection Set: 1.5ms
[2025-05-24T13:10:51.884+0000][gc,phases   ] GC(9)   Other: 0.8ms
[2025-05-24T13:10:51.884+0000][gc,heap     ] GC(9) Eden regions: 609->0(608)
[2025-05-24T13:10:51.884+0000][gc,heap     ] GC(9) Survivor regions: 5->6(77)
[2025-05-24T13:10:51.885+0000][gc,heap     ] GC(9) Old regions: 19->19
[2025-05-24T13:10:51.885+0000][gc,heap     ] GC(9) Humongous regions: 130->130
[2025-05-24T13:10:51.885+0000][gc,metaspace] GC(9) Metaspace: 13480K(13824K)->13480K(13824K) NonClass: 11870K(12032K)->11870K(12032K) Class: 1610K(1792K)->1610K(1792K)
[2025-05-24T13:10:51.885+0000][gc          ] GC(9) Pause Young (Normal) (G1 Evacuation Pause) 762M->153M(1024M) 9.764ms
[2025-05-24T13:10:51.886+0000][gc,cpu      ] GC(9) User=0.02s Sys=0.00s Real=0.01s
[2025-05-24T13:11:32.081+0000][gc,start    ] GC(10) Pause Young (Normal) (G1 Evacuation Pause)
[2025-05-24T13:11:32.081+0000][gc,task     ] GC(10) Using 10 workers of 10 for evacuation
[2025-05-24T13:11:32.088+0000][gc,phases   ] GC(10)   Pre Evacuate Collection Set: 0.4ms
[2025-05-24T13:11:32.088+0000][gc,phases   ] GC(10)   Merge Heap Roots: 0.2ms
[2025-05-24T13:11:32.088+0000][gc,phases   ] GC(10)   Evacuate Collection Set: 3.7ms
[2025-05-24T13:11:32.088+0000][gc,phases   ] GC(10)   Post Evacuate Collection Set: 1.6ms
[2025-05-24T13:11:32.089+0000][gc,phases   ] GC(10)   Other: 0.4ms
[2025-05-24T13:11:32.089+0000][gc,heap     ] GC(10) Eden regions: 608->0(608)
[2025-05-24T13:11:32.089+0000][gc,heap     ] GC(10) Survivor regions: 6->6(77)
[2025-05-24T13:11:32.089+0000][gc,heap     ] GC(10) Old regions: 19->19
[2025-05-24T13:11:32.089+0000][gc,heap     ] GC(10) Humongous regions: 130->130
[2025-05-24T13:11:32.090+0000][gc,metaspace] GC(10) Metaspace: 13613K(13952K)->13613K(13952K) NonClass: 12002K(12160K)->12002K(12160K) Class: 1610K(1792K)->1610K(1792K)
[2025-05-24T13:11:32.090+0000][gc          ] GC(10) Pause Young (Normal) (G1 Evacuation Pause) 761M->154M(1024M) 8.792ms
[2025-05-24T13:11:32.090+0000][gc,cpu      ] GC(10) User=0.00s Sys=0.03s Real=0.01s
[2025-05-24T13:12:11.742+0000][gc,start    ] GC(11) Pause Young (Normal) (G1 Evacuation Pause)
[2025-05-24T13:12:11.743+0000][gc,task     ] GC(11) Using 10 workers of 10 for evacuation
[2025-05-24T13:12:11.749+0000][gc,phases   ] GC(11)   Pre Evacuate Collection Set: 0.5ms
[2025-05-24T13:12:11.750+0000][gc,phases   ] GC(11)   Merge Heap Roots: 0.3ms
[2025-05-24T13:12:11.750+0000][gc,phases   ] GC(11)   Evacuate Collection Set: 4.2ms
[2025-05-24T13:12:11.750+0000][gc,phases   ] GC(11)   Post Evacuate Collection Set: 1.3ms
[2025-05-24T13:12:11.750+0000][gc,phases   ] GC(11)   Other: 0.5ms
[2025-05-24T13:12:11.751+0000][gc,heap     ] GC(11) Eden regions: 608->0(606)
[2025-05-24T13:12:11.751+0000][gc,heap     ] GC(11) Survivor regions: 6->8(77)
[2025-05-24T13:12:11.751+0000][gc,heap     ] GC(11) Old regions: 19->19
[2025-05-24T13:12:11.751+0000][gc,heap     ] GC(11) Humongous regions: 130->130
[2025-05-24T13:12:11.752+0000][gc,metaspace] GC(11) Metaspace: 14965K(15360K)->14965K(15360K) NonClass: 13201K(13376K)->13201K(13376K) Class: 1763K(1984K)->1763K(1984K)
[2025-05-24T13:12:11.752+0000][gc          ] GC(11) Pause Young (Normal) (G1 Evacuation Pause) 762M->156M(1024M) 9.834ms
[2025-05-24T13:12:11.752+0000][gc,cpu      ] GC(11) User=0.03s Sys=0.00s Real=0.01s
[2025-05-24T13:12:51.730+0000][gc,start    ] GC(12) Pause Young (Normal) (G1 Evacuation Pause)
[2025-05-24T13:12:51.731+0000][gc,task     ] GC(12) Using 10 workers of 10 for evacuation
[2025-05-24T13:12:51.740+0000][gc,phases   ] GC(12)   Pre Evacuate Collection Set: 0.6ms
[2025-05-24T13:12:51.741+0000][gc,phases   ] GC(12)   Merge Heap Roots: 0.3ms
[2025-05-24T13:12:51.741+0000][gc,phases   ] GC(12)   Evacuate Collection Set: 6.8ms
[2025-05-24T13:12:51.742+0000][gc,phases   ] GC(12)   Post Evacuate Collection Set: 1.6ms
[2025-05-24T13:12:51.742+0000][gc,phases   ] GC(12)   Other: 0.5ms
[2025-05-24T13:12:51.742+0000][gc,heap     ] GC(12) Eden regions: 606->0(605)
[2025-05-24T13:12:51.742+0000][gc,heap     ] GC(12) Survivor regions: 8->9(77)
[2025-05-24T13:12:51.743+0000][gc,heap     ] GC(12) Old regions: 19->19
[2025-05-24T13:12:51.743+0000][gc,heap     ] GC(12) Humongous regions: 130->130
[2025-05-24T13:12:51.743+0000][gc,metaspace] GC(12) Metaspace: 15183K(15616K)->15183K(15616K) NonClass: 13420K(13632K)->13420K(13632K) Class: 1763K(1984K)->1763K(1984K)
[2025-05-24T13:12:51.744+0000][gc          ] GC(12) Pause Young (Normal) (G1 Evacuation Pause) 762M->156M(1024M) 13.512ms
[2025-05-24T13:12:51.744+0000][gc,cpu      ] GC(12) User=0.04s Sys=0.00s Real=0.01s
[2025-05-24T13:13:31.669+0000][gc,start    ] GC(13) Pause Young (Normal) (G1 Evacuation Pause)
[2025-05-24T13:13:31.670+0000][gc,task     ] GC(13) Using 10 workers of 10 for evacuation
[2025-05-24T13:13:31.683+0000][gc,phases   ] GC(13)   Pre Evacuate Collection Set: 0.6ms
[2025-05-24T13:13:31.683+0000][gc,phases   ] GC(13)   Merge Heap Roots: 0.3ms
[2025-05-24T13:13:31.684+0000][gc,phases   ] GC(13)   Evacuate Collection Set: 10.0ms
[2025-05-24T13:13:31.684+0000][gc,phases   ] GC(13)   Post Evacuate Collection Set: 1.6ms
[2025-05-24T13:13:31.684+0000][gc,phases   ] GC(13)   Other: 0.7ms
[2025-05-24T13:13:31.685+0000][gc,heap     ] GC(13) Eden regions: 605->0(604)
[2025-05-24T13:13:31.685+0000][gc,heap     ] GC(13) Survivor regions: 9->10(77)
[2025-05-24T13:13:31.685+0000][gc,heap     ] GC(13) Old regions: 19->19
[2025-05-24T13:13:31.686+0000][gc,heap     ] GC(13) Humongous regions: 130->130
[2025-05-24T13:13:31.686+0000][gc,metaspace] GC(13) Metaspace: 15218K(15616K)->15218K(15616K) NonClass: 13454K(13632K)->13454K(13632K) Class: 1763K(1984K)->1763K(1984K)
[2025-05-24T13:13:31.686+0000][gc          ] GC(13) Pause Young (Normal) (G1 Evacuation Pause) 761M->158M(1024M) 17.289ms
[2025-05-24T13:13:31.687+0000][gc,cpu      ] GC(13) User=0.06s Sys=0.00s Real=0.02s
[2025-05-24T13:14:07.729+0000][gc,start    ] GC(14) Pause Young (Normal) (G1 Evacuation Pause)
[2025-05-24T13:14:07.730+0000][gc,task     ] GC(14) Using 10 workers of 10 for evacuation
[2025-05-24T13:14:07.738+0000][gc,phases   ] GC(14)   Pre Evacuate Collection Set: 0.4ms
[2025-05-24T13:14:07.738+0000][gc,phases   ] GC(14)   Merge Heap Roots: 0.3ms
[2025-05-24T13:14:07.738+0000][gc,phases   ] GC(14)   Evacuate Collection Set: 5.5ms
[2025-05-24T13:14:07.738+0000][gc,phases   ] GC(14)   Post Evacuate Collection Set: 1.3ms
[2025-05-24T13:14:07.738+0000][gc,phases   ] GC(14)   Other: 0.4ms
[2025-05-24T13:14:07.738+0000][gc,heap     ] GC(14) Eden regions: 604->0(604)
[2025-05-24T13:14:07.739+0000][gc,heap     ] GC(14) Survivor regions: 10->10(77)
[2025-05-24T13:14:07.739+0000][gc,heap     ] GC(14) Old regions: 19->19
[2025-05-24T13:14:07.739+0000][gc,heap     ] GC(14) Humongous regions: 130->130
[2025-05-24T13:14:07.739+0000][gc,metaspace] GC(14) Metaspace: 15540K(16000K)->15540K(16000K) NonClass: 13727K(13952K)->13727K(13952K) Class: 1813K(2048K)->1813K(2048K)
[2025-05-24T13:14:07.739+0000][gc          ] GC(14) Pause Young (Normal) (G1 Evacuation Pause) 762M->158M(1024M) 10.033ms
[2025-05-24T13:14:07.740+0000][gc,cpu      ] GC(14) User=0.04s Sys=0.00s Real=0.01s
[2025-05-24T13:14:41.734+0000][gc,start    ] GC(15) Pause Young (Normal) (G1 Evacuation Pause)
[2025-05-24T13:14:41.734+0000][gc,task     ] GC(15) Using 10 workers of 10 for evacuation
[2025-05-24T13:14:41.745+0000][gc,phases   ] GC(15)   Pre Evacuate Collection Set: 0.4ms
[2025-05-24T13:14:41.745+0000][gc,phases   ] GC(15)   Merge Heap Roots: 0.2ms
[2025-05-24T13:14:41.745+0000][gc,phases   ] GC(15)   Evacuate Collection Set: 7.6ms
[2025-05-24T13:14:41.745+0000][gc,phases   ] GC(15)   Post Evacuate Collection Set: 1.6ms
[2025-05-24T13:14:41.745+0000][gc,phases   ] GC(15)   Other: 0.3ms
[2025-05-24T13:14:41.746+0000][gc,heap     ] GC(15) Eden regions: 604->0(601)
[2025-05-24T13:14:41.746+0000][gc,heap     ] GC(15) Survivor regions: 10->13(77)
[2025-05-24T13:14:41.746+0000][gc,heap     ] GC(15) Old regions: 19->19
[2025-05-24T13:14:41.746+0000][gc,heap     ] GC(15) Humongous regions: 131->130
[2025-05-24T13:14:41.746+0000][gc,metaspace] GC(15) Metaspace: 15953K(16384K)->15953K(16384K) NonClass: 14112K(14336K)->14112K(14336K) Class: 1841K(2048K)->1841K(2048K)
[2025-05-24T13:14:41.746+0000][gc          ] GC(15) Pause Young (Normal) (G1 Evacuation Pause) 763M->161M(1024M) 12.188ms
[2025-05-24T13:14:41.747+0000][gc,cpu      ] GC(15) User=0.02s Sys=0.03s Real=0.01s
[2025-05-24T13:15:11.910+0000][gc,start    ] GC(16) Pause Young (Normal) (G1 Evacuation Pause)
[2025-05-24T13:15:11.910+0000][gc,task     ] GC(16) Using 10 workers of 10 for evacuation
[2025-05-24T13:15:11.920+0000][gc,phases   ] GC(16)   Pre Evacuate Collection Set: 0.5ms
[2025-05-24T13:15:11.920+0000][gc,phases   ] GC(16)   Merge Heap Roots: 0.3ms
[2025-05-24T13:15:11.921+0000][gc,phases   ] GC(16)   Evacuate Collection Set: 7.3ms
[2025-05-24T13:15:11.921+0000][gc,phases   ] GC(16)   Post Evacuate Collection Set: 1.3ms
[2025-05-24T13:15:11.921+0000][gc,phases   ] GC(16)   Other: 0.7ms
[2025-05-24T13:15:11.921+0000][gc,heap     ] GC(16) Eden regions: 601->0(600)
[2025-05-24T13:15:11.921+0000][gc,heap     ] GC(16) Survivor regions: 13->14(77)
[2025-05-24T13:15:11.921+0000][gc,heap     ] GC(16) Old regions: 19->19
[2025-05-24T13:15:11.922+0000][gc,heap     ] GC(16) Humongous regions: 130->130
[2025-05-24T13:15:11.922+0000][gc,metaspace] GC(16) Metaspace: 16070K(16448K)->16070K(16448K) NonClass: 14208K(14400K)->14208K(14400K) Class: 1861K(2048K)->1861K(2048K)
[2025-05-24T13:15:11.922+0000][gc          ] GC(16) Pause Young (Normal) (G1 Evacuation Pause) 762M->162M(1024M) 12.553ms
[2025-05-24T13:15:11.922+0000][gc,cpu      ] GC(16) User=0.04s Sys=0.01s Real=0.02s
[2025-05-24T13:15:42.127+0000][gc,start    ] GC(17) Pause Young (Normal) (G1 Evacuation Pause)
[2025-05-24T13:15:42.127+0000][gc,task     ] GC(17) Using 10 workers of 10 for evacuation
[2025-05-24T13:15:42.136+0000][gc,phases   ] GC(17)   Pre Evacuate Collection Set: 0.4ms
[2025-05-24T13:15:42.137+0000][gc,phases   ] GC(17)   Merge Heap Roots: 0.2ms
[2025-05-24T13:15:42.137+0000][gc,phases   ] GC(17)   Evacuate Collection Set: 6.5ms
[2025-05-24T13:15:42.137+0000][gc,phases   ] GC(17)   Post Evacuate Collection Set: 1.4ms
[2025-05-24T13:15:42.137+0000][gc,phases   ] GC(17)   Other: 0.4ms
[2025-05-24T13:15:42.137+0000][gc,heap     ] GC(17) Eden regions: 600->0(607)
[2025-05-24T13:15:42.137+0000][gc,heap     ] GC(17) Survivor regions: 14->7(77)
[2025-05-24T13:15:42.138+0000][gc,heap     ] GC(17) Old regions: 19->22
[2025-05-24T13:15:42.138+0000][gc,heap     ] GC(17) Humongous regions: 130->130
[2025-05-24T13:15:42.138+0000][gc,metaspace] GC(17) Metaspace: 16103K(16512K)->16103K(16512K) NonClass: 14241K(14464K)->14241K(14464K) Class: 1861K(2048K)->1861K(2048K)
[2025-05-24T13:15:42.138+0000][gc          ] GC(17) Pause Young (Normal) (G1 Evacuation Pause) 762M->158M(1024M) 11.531ms
[2025-05-24T13:15:42.138+0000][gc,cpu      ] GC(17) User=0.05s Sys=0.00s Real=0.01s
[2025-05-24T13:16:12.644+0000][gc,start    ] GC(18) Pause Young (Normal) (G1 Evacuation Pause)
[2025-05-24T13:16:12.645+0000][gc,task     ] GC(18) Using 10 workers of 10 for evacuation
[2025-05-24T13:16:12.651+0000][gc,phases   ] GC(18)   Pre Evacuate Collection Set: 0.4ms
[2025-05-24T13:16:12.653+0000][gc,phases   ] GC(18)   Merge Heap Roots: 0.2ms
[2025-05-24T13:16:12.653+0000][gc,phases   ] GC(18)   Evacuate Collection Set: 4.0ms
[2025-05-24T13:16:12.654+0000][gc,phases   ] GC(18)   Post Evacuate Collection Set: 1.5ms
[2025-05-24T13:16:12.654+0000][gc,phases   ] GC(18)   Other: 0.4ms
[2025-05-24T13:16:12.654+0000][gc,heap     ] GC(18) Eden regions: 607->0(605)
[2025-05-24T13:16:12.654+0000][gc,heap     ] GC(18) Survivor regions: 7->9(77)
[2025-05-24T13:16:12.655+0000][gc,heap     ] GC(18) Old regions: 22->22
[2025-05-24T13:16:12.655+0000][gc,heap     ] GC(18) Humongous regions: 130->130
[2025-05-24T13:16:12.655+0000][gc,metaspace] GC(18) Metaspace: 16109K(16512K)->16109K(16512K) NonClass: 14247K(14464K)->14247K(14464K) Class: 1862K(2048K)->1862K(2048K)
[2025-05-24T13:16:12.655+0000][gc          ] GC(18) Pause Young (Normal) (G1 Evacuation Pause) 765M->159M(1024M) 11.131ms
[2025-05-24T13:16:12.656+0000][gc,cpu      ] GC(18) User=0.04s Sys=0.00s Real=0.01s
[2025-05-24T13:16:44.713+0000][gc,start    ] GC(19) Pause Young (Normal) (G1 Evacuation Pause)
[2025-05-24T13:16:44.713+0000][gc,task     ] GC(19) Using 10 workers of 10 for evacuation
[2025-05-24T13:16:44.718+0000][gc,phases   ] GC(19)   Pre Evacuate Collection Set: 0.4ms
[2025-05-24T13:16:44.718+0000][gc,phases   ] GC(19)   Merge Heap Roots: 0.2ms
[2025-05-24T13:16:44.719+0000][gc,phases   ] GC(19)   Evacuate Collection Set: 2.8ms
[2025-05-24T13:16:44.719+0000][gc,phases   ] GC(19)   Post Evacuate Collection Set: 1.3ms
[2025-05-24T13:16:44.719+0000][gc,phases   ] GC(19)   Other: 0.4ms
[2025-05-24T13:16:44.719+0000][gc,heap     ] GC(19) Eden regions: 605->0(608)
[2025-05-24T13:16:44.719+0000][gc,heap     ] GC(19) Survivor regions: 9->6(77)
[2025-05-24T13:16:44.720+0000][gc,heap     ] GC(19) Old regions: 22->23
[2025-05-24T13:16:44.720+0000][gc,heap     ] GC(19) Humongous regions: 130->130
[2025-05-24T13:16:44.720+0000][gc,metaspace] GC(19) Metaspace: 16132K(16512K)->16132K(16512K) NonClass: 14268K(14464K)->14268K(14464K) Class: 1863K(2048K)->1863K(2048K)
[2025-05-24T13:16:44.720+0000][gc          ] GC(19) Pause Young (Normal) (G1 Evacuation Pause) 764M->158M(1024M) 7.313ms
[2025-05-24T13:16:44.720+0000][gc,cpu      ] GC(19) User=0.03s Sys=0.00s Real=0.01s
[2025-05-24T13:17:21.679+0000][gc,start    ] GC(20) Pause Young (Normal) (G1 Evacuation Pause)
[2025-05-24T13:17:21.679+0000][gc,task     ] GC(20) Using 10 workers of 10 for evacuation
[2025-05-24T13:17:21.686+0000][gc,phases   ] GC(20)   Pre Evacuate Collection Set: 0.5ms
[2025-05-24T13:17:21.686+0000][gc,phases   ] GC(20)   Merge Heap Roots: 0.4ms
[2025-05-24T13:17:21.686+0000][gc,phases   ] GC(20)   Evacuate Collection Set: 4.1ms
[2025-05-24T13:17:21.687+0000][gc,phases   ] GC(20)   Post Evacuate Collection Set: 1.4ms
[2025-05-24T13:17:21.687+0000][gc,phases   ] GC(20)   Other: 0.3ms
[2025-05-24T13:17:21.687+0000][gc,heap     ] GC(20) Eden regions: 608->0(606)
[2025-05-24T13:17:21.687+0000][gc,heap     ] GC(20) Survivor regions: 6->8(77)
[2025-05-24T13:17:21.688+0000][gc,heap     ] GC(20) Old regions: 23->23
[2025-05-24T13:17:21.688+0000][gc,heap     ] GC(20) Humongous regions: 130->130
[2025-05-24T13:17:21.688+0000][gc,metaspace] GC(20) Metaspace: 16275K(16704K)->16275K(16704K) NonClass: 14406K(14592K)->14406K(14592K) Class: 1868K(2112K)->1868K(2112K)
[2025-05-24T13:17:21.688+0000][gc          ] GC(20) Pause Young (Normal) (G1 Evacuation Pause) 766M->160M(1024M) 9.198ms
[2025-05-24T13:17:21.688+0000][gc,cpu      ] GC(20) User=0.03s Sys=0.01s Real=0.01s
[2025-05-24T13:17:52.273+0000][gc,start    ] GC(21) Pause Young (Normal) (G1 Evacuation Pause)
[2025-05-24T13:17:52.273+0000][gc,task     ] GC(21) Using 10 workers of 10 for evacuation
[2025-05-24T13:17:52.281+0000][gc,phases   ] GC(21)   Pre Evacuate Collection Set: 0.4ms
[2025-05-24T13:17:52.281+0000][gc,phases   ] GC(21)   Merge Heap Roots: 0.3ms
[2025-05-24T13:17:52.281+0000][gc,phases   ] GC(21)   Evacuate Collection Set: 5.1ms
[2025-05-24T13:17:52.281+0000][gc,phases   ] GC(21)   Post Evacuate Collection Set: 1.5ms
[2025-05-24T13:17:52.281+0000][gc,phases   ] GC(21)   Other: 0.3ms
[2025-05-24T13:17:52.282+0000][gc,heap     ] GC(21) Eden regions: 606->0(602)
[2025-05-24T13:17:52.282+0000][gc,heap     ] GC(21) Survivor regions: 8->12(77)
[2025-05-24T13:17:52.282+0000][gc,heap     ] GC(21) Old regions: 23->23
[2025-05-24T13:17:52.283+0000][gc,heap     ] GC(21) Humongous regions: 130->130
[2025-05-24T13:17:52.283+0000][gc,metaspace] GC(21) Metaspace: 16337K(16768K)->16337K(16768K) NonClass: 14469K(14656K)->14469K(14656K) Class: 1868K(2112K)->1868K(2112K)
[2025-05-24T13:17:52.283+0000][gc          ] GC(21) Pause Young (Normal) (G1 Evacuation Pause) 766M->164M(1024M) 10.456ms
[2025-05-24T13:17:52.283+0000][gc,cpu      ] GC(21) User=0.04s Sys=0.00s Real=0.01s
[2025-05-24T13:18:32.253+0000][gc,start    ] GC(22) Pause Young (Normal) (G1 Evacuation Pause)
[2025-05-24T13:18:32.254+0000][gc,task     ] GC(22) Using 10 workers of 10 for evacuation
[2025-05-24T13:18:32.261+0000][gc,phases   ] GC(22)   Pre Evacuate Collection Set: 0.5ms
[2025-05-24T13:18:32.261+0000][gc,phases   ] GC(22)   Merge Heap Roots: 0.3ms
[2025-05-24T13:18:32.261+0000][gc,phases   ] GC(22)   Evacuate Collection Set: 4.3ms
[2025-05-24T13:18:32.262+0000][gc,phases   ] GC(22)   Post Evacuate Collection Set: 1.7ms
[2025-05-24T13:18:32.262+0000][gc,phases   ] GC(22)   Other: 0.4ms
[2025-05-24T13:18:32.262+0000][gc,heap     ] GC(22) Eden regions: 602->0(607)
[2025-05-24T13:18:32.262+0000][gc,heap     ] GC(22) Survivor regions: 12->7(77)
[2025-05-24T13:18:32.263+0000][gc,heap     ] GC(22) Old regions: 23->23
[2025-05-24T13:18:32.263+0000][gc,heap     ] GC(22) Humongous regions: 130->130
[2025-05-24T13:18:32.263+0000][gc,metaspace] GC(22) Metaspace: 16341K(16832K)->16341K(16832K) NonClass: 14473K(14720K)->14473K(14720K) Class: 1868K(2112K)->1868K(2112K)
[2025-05-24T13:18:32.263+0000][gc          ] GC(22) Pause Young (Normal) (G1 Evacuation Pause) 766M->159M(1024M) 9.928ms
[2025-05-24T13:18:32.263+0000][gc,cpu      ] GC(22) User=0.02s Sys=0.01s Real=0.01s
[2025-05-24T13:18:53.997+0000][gc,heap,exit] Heap
[2025-05-24T13:18:53.997+0000][gc,heap,exit]  garbage-first heap   total 1048576K, used 562715K [0x00000000c0000000, 0x0000000100000000)
[2025-05-24T13:18:53.998+0000][gc,heap,exit]   region size 1024K, 397 young (406528K), 7 survivors (7168K)
[2025-05-24T13:18:53.998+0000][gc,heap,exit]  Metaspace       used 16985K, committed 17408K, reserved 1114112K
[2025-05-24T13:18:53.998+0000][gc,heap,exit]   class space    used 2024K, committed 2240K, reserved 1048576K
