[2025-05-20T22:15:28.528+0000][gc,init] CardTable entry size: 512
[2025-05-20T22:15:28.530+0000][gc     ] Using G1
[2025-05-20T22:15:28.561+0000][gc,init] Version: 21.0.4+7-LTS (release)
[2025-05-20T22:15:28.562+0000][gc,init] CPUs: 12 total, 12 available
[2025-05-20T22:15:28.563+0000][gc,init] Memory: 15597M
[2025-05-20T22:15:28.563+0000][gc,init] Large Page Support: Disabled
[2025-05-20T22:15:28.563+0000][gc,init] NUMA Support: Disabled
[2025-05-20T22:15:28.563+0000][gc,init] Compressed Oops: Enabled (32-bit)
[2025-05-20T22:15:28.565+0000][gc,init] Heap Region Size: 1M
[2025-05-20T22:15:28.565+0000][gc,init] Heap Min Capacity: 1G
[2025-05-20T22:15:28.566+0000][gc,init] Heap Initial Capacity: 1G
[2025-05-20T22:15:28.567+0000][gc,init] Heap Max Capacity: 1G
[2025-05-20T22:15:28.567+0000][gc,init] Pre-touch: Disabled
[2025-05-20T22:15:28.568+0000][gc,init] Parallel Workers: 10
[2025-05-20T22:15:28.568+0000][gc,init] Concurrent Workers: 3
[2025-05-20T22:15:28.568+0000][gc,init] Concurrent Refinement Workers: 10
[2025-05-20T22:15:28.569+0000][gc,init] Periodic GC: Disabled
[2025-05-20T22:15:28.670+0000][gc,metaspace] CDS archive(s) mapped at: [0x00007fe2e4000000-0x00007fe2e4bbe000-0x00007fe2e7674000), size 57098240, SharedBaseAddress: 0x00007fe2e4000000, ArchiveRelocationMode: 1.
[2025-05-20T22:15:28.671+0000][gc,metaspace] Compressed class space mapped at: 0x00007fe2e8000000-0x00007fe328000000, reserved size: 1073741824
[2025-05-20T22:15:28.673+0000][gc,metaspace] Narrow klass base: 0x00007fe2e4000000, Narrow klass shift: 0, Narrow klass range: 0x100000000
[2025-05-20T22:15:33.336+0000][gc,start    ] GC(0) Pause Young (Normal) (G1 Evacuation Pause)
[2025-05-20T22:15:33.384+0000][gc,task     ] GC(0) Using 10 workers of 10 for evacuation
[2025-05-20T22:15:33.462+0000][gc,phases   ] GC(0)   Pre Evacuate Collection Set: 0.5ms
[2025-05-20T22:15:33.462+0000][gc,phases   ] GC(0)   Merge Heap Roots: 0.1ms
[2025-05-20T22:15:33.463+0000][gc,phases   ] GC(0)   Evacuate Collection Set: 74.8ms
[2025-05-20T22:15:33.464+0000][gc,phases   ] GC(0)   Post Evacuate Collection Set: 1.6ms
[2025-05-20T22:15:33.464+0000][gc,phases   ] GC(0)   Other: 46.5ms
[2025-05-20T22:15:33.464+0000][gc,heap     ] GC(0) Eden regions: 51->0(44)
[2025-05-20T22:15:33.465+0000][gc,heap     ] GC(0) Survivor regions: 0->7(7)
[2025-05-20T22:15:33.465+0000][gc,heap     ] GC(0) Old regions: 1->7
[2025-05-20T22:15:33.465+0000][gc,heap     ] GC(0) Humongous regions: 1->1
[2025-05-20T22:15:33.465+0000][gc,metaspace] GC(0) Metaspace: 5580K(5824K)->5580K(5824K) NonClass: 4919K(5056K)->4919K(5056K) Class: 661K(768K)->661K(768K)
[2025-05-20T22:15:33.465+0000][gc          ] GC(0) Pause Young (Normal) (G1 Evacuation Pause) 52M->14M(1024M) 129.072ms
[2025-05-20T22:15:33.466+0000][gc,cpu      ] GC(0) User=0.11s Sys=0.03s Real=0.13s
[2025-05-20T22:15:38.493+0000][gc,start    ] GC(1) Pause Young (Normal) (G1 Evacuation Pause)
[2025-05-20T22:15:38.494+0000][gc,task     ] GC(1) Using 10 workers of 10 for evacuation
[2025-05-20T22:15:38.506+0000][gc,phases   ] GC(1)   Pre Evacuate Collection Set: 0.4ms
[2025-05-20T22:15:38.506+0000][gc,phases   ] GC(1)   Merge Heap Roots: 0.1ms
[2025-05-20T22:15:38.506+0000][gc,phases   ] GC(1)   Evacuate Collection Set: 10.4ms
[2025-05-20T22:15:38.506+0000][gc,phases   ] GC(1)   Post Evacuate Collection Set: 1.1ms
[2025-05-20T22:15:38.506+0000][gc,phases   ] GC(1)   Other: 0.3ms
[2025-05-20T22:15:38.507+0000][gc,heap     ] GC(1) Eden regions: 44->0(46)
[2025-05-20T22:15:38.507+0000][gc,heap     ] GC(1) Survivor regions: 7->5(7)
[2025-05-20T22:15:38.507+0000][gc,heap     ] GC(1) Old regions: 7->15
[2025-05-20T22:15:38.507+0000][gc,heap     ] GC(1) Humongous regions: 130->130
[2025-05-20T22:15:38.507+0000][gc,metaspace] GC(1) Metaspace: 7695K(8000K)->7695K(8000K) NonClass: 6754K(6912K)->6754K(6912K) Class: 940K(1088K)->940K(1088K)
[2025-05-20T22:15:38.507+0000][gc          ] GC(1) Pause Young (Normal) (G1 Evacuation Pause) 187M->148M(1024M) 13.970ms
[2025-05-20T22:15:38.507+0000][gc,cpu      ] GC(1) User=0.06s Sys=0.01s Real=0.01s
[2025-05-20T22:15:38.909+0000][gc,start    ] GC(2) Pause Young (Normal) (G1 Evacuation Pause)
[2025-05-20T22:15:38.910+0000][gc,task     ] GC(2) Using 10 workers of 10 for evacuation
[2025-05-20T22:15:38.918+0000][gc,phases   ] GC(2)   Pre Evacuate Collection Set: 0.3ms
[2025-05-20T22:15:38.919+0000][gc,phases   ] GC(2)   Merge Heap Roots: 0.2ms
[2025-05-20T22:15:38.919+0000][gc,phases   ] GC(2)   Evacuate Collection Set: 7.2ms
[2025-05-20T22:15:38.919+0000][gc,phases   ] GC(2)   Post Evacuate Collection Set: 0.9ms
[2025-05-20T22:15:38.919+0000][gc,phases   ] GC(2)   Other: 0.3ms
[2025-05-20T22:15:38.920+0000][gc,heap     ] GC(2) Eden regions: 53->0(372)
[2025-05-20T22:15:38.920+0000][gc,heap     ] GC(2) Survivor regions: 5->6(8)
[2025-05-20T22:15:38.920+0000][gc,heap     ] GC(2) Old regions: 15->15
[2025-05-20T22:15:38.920+0000][gc,heap     ] GC(2) Humongous regions: 130->130
[2025-05-20T22:15:38.920+0000][gc,metaspace] GC(2) Metaspace: 7996K(8320K)->7996K(8320K) NonClass: 7002K(7168K)->7002K(7168K) Class: 994K(1152K)->994K(1152K)
[2025-05-20T22:15:38.921+0000][gc          ] GC(2) Pause Young (Normal) (G1 Evacuation Pause) 201M->149M(1024M) 11.287ms
[2025-05-20T22:15:38.921+0000][gc,cpu      ] GC(2) User=0.06s Sys=0.00s Real=0.02s
[2025-05-20T22:16:08.166+0000][gc,start    ] GC(3) Pause Young (Normal) (G1 Evacuation Pause)
[2025-05-20T22:16:08.167+0000][gc,task     ] GC(3) Using 10 workers of 10 for evacuation
[2025-05-20T22:16:08.177+0000][gc,phases   ] GC(3)   Pre Evacuate Collection Set: 0.3ms
[2025-05-20T22:16:08.177+0000][gc,phases   ] GC(3)   Merge Heap Roots: 0.2ms
[2025-05-20T22:16:08.177+0000][gc,phases   ] GC(3)   Evacuate Collection Set: 7.9ms
[2025-05-20T22:16:08.177+0000][gc,phases   ] GC(3)   Post Evacuate Collection Set: 1.3ms
[2025-05-20T22:16:08.178+0000][gc,phases   ] GC(3)   Other: 0.4ms
[2025-05-20T22:16:08.178+0000][gc,heap     ] GC(3) Eden regions: 422->0(604)
[2025-05-20T22:16:08.178+0000][gc,heap     ] GC(3) Survivor regions: 6->10(54)
[2025-05-20T22:16:08.178+0000][gc,heap     ] GC(3) Old regions: 15->15
[2025-05-20T22:16:08.178+0000][gc,heap     ] GC(3) Humongous regions: 132->130
[2025-05-20T22:16:08.178+0000][gc,metaspace] GC(3) Metaspace: 11754K(12096K)->11754K(12096K) NonClass: 10261K(10432K)->10261K(10432K) Class: 1492K(1664K)->1492K(1664K)
[2025-05-20T22:16:08.178+0000][gc          ] GC(3) Pause Young (Normal) (G1 Evacuation Pause) 573M->153M(1024M) 11.890ms
[2025-05-20T22:16:08.179+0000][gc,cpu      ] GC(3) User=0.00s Sys=0.06s Real=0.02s
[2025-05-20T22:16:23.165+0000][gc,heap,exit] Heap
[2025-05-20T22:16:23.165+0000][gc,heap,exit]  garbage-first heap   total 1048576K, used 416091K [0x00000000c0000000, 0x0000000100000000)
[2025-05-20T22:16:23.165+0000][gc,heap,exit]   region size 1024K, 263 young (269312K), 10 survivors (10240K)
[2025-05-20T22:16:23.165+0000][gc,heap,exit]  Metaspace       used 12826K, committed 13120K, reserved 1114112K
[2025-05-20T22:16:23.166+0000][gc,heap,exit]   class space    used 1692K, committed 1856K, reserved 1048576K
